

==================== AJAX REQUEST START - 2025-12-18 08:47:17 ====================
Action: get_employees
POST keys: ["action","search"]
FILES keys: []
Content-Type: application/x-www-form-urlencoded; charset=UTF-8
CONTENT_LENGTH: 28
==================== AJAX REQUEST END ====================


==================== AJAX REQUEST START - 2025-12-18 08:47:20 ====================
Action: get_employees
POST keys: ["action","search"]
FILES keys: []
Content-Type: application/x-www-form-urlencoded; charset=UTF-8
CONTENT_LENGTH: 32
==================== AJAX REQUEST END ====================


==================== AJAX REQUEST START - 2025-12-18 08:47:26 ====================
Action: mark_delivery
POST keys: ["action","inv_no","received_by","items"]
FILES keys: ["attachments"]
Content-Type: multipart/form-data; boundary=----geckoformboundary34ab4e525783793de26dcb54b07714c1
CONTENT_LENGTH: 208465
FILES dump: {
    "attachments": {
        "name": {
            "13": "\u062a\u062c\u0627\u0631\u0629.png"
        },
        "full_path": {
            "13": "\u062a\u062c\u0627\u0631\u0629.png"
        },
        "type": {
            "13": "image\/png"
        },
        "tmp_name": {
            "13": "D:\\xampp\\tmp\\php9959.tmp"
        },
        "error": {
            "13": 0
        },
        "size": {
            "13": 207755
        }
    }
}
==================== AJAX REQUEST END ====================

--- MARK_DELIVERY START ---
content-length=208465, post_max_size=40M, upload_max_filesize=40M
Attachments received:
{
    "names": {
        "13": "\u062a\u062c\u0627\u0631\u0629.png"
    },
    "sizes": {
        "13": 207755
    },
    "errors": {
        "13": 0
    }
}
Processing file for item 13: name=تجارة.png, size=207755, error=0
Attempting to move to: D:\xampp\htdocs\almutlak\system\includes\ajaxFile/../../assets/delivery_attachments/GR54302512173311_item13_20251218084726_6943956e95e65.png
SUCCESS: File moved to D:\xampp\htdocs\almutlak\system\includes\ajaxFile/../../assets/delivery_attachments/GR54302512173311_item13_20251218084726_6943956e95e65.png
VERIFIED: File exists on disk, size=207755 bytes
Total item_attachments collected: 1


==================== AJAX REQUEST START - 2025-12-18 12:13:44 ====================
Action: create_general_request
POST keys: ["inv_no","emp_id","emp_name","user_dept","request_title","department_to","priority","request_category","description","items","action"]
FILES keys: ["attachments"]
Content-Type: multipart/form-data; boundary=----geckoformboundarye2c440c661d90f8b589790974d898eb9
CONTENT_LENGTH: 2483
FILES dump: {
    "attachments": {
        "name": [
            ""
        ],
        "full_path": [
            ""
        ],
        "type": [
            ""
        ],
        "tmp_name": [
            ""
        ],
        "error": [
            4
        ],
        "size": [
            0
        ]
    }
}
==================== AJAX REQUEST END ====================


==================== AJAX REQUEST START - 2025-12-18 15:04:42 ====================
Action: get_employees
POST keys: ["action","search"]
FILES keys: []
Content-Type: application/x-www-form-urlencoded; charset=UTF-8
CONTENT_LENGTH: 28
==================== AJAX REQUEST END ====================


==================== AJAX REQUEST START - 2025-12-18 15:04:43 ====================
Action: get_employees
POST keys: ["action","search"]
FILES keys: []
Content-Type: application/x-www-form-urlencoded; charset=UTF-8
CONTENT_LENGTH: 28
==================== AJAX REQUEST END ====================


==================== AJAX REQUEST START - 2025-12-18 15:05:10 ====================
Action: get_employees
POST keys: ["action","search"]
FILES keys: []
Content-Type: application/x-www-form-urlencoded; charset=UTF-8
CONTENT_LENGTH: 28
==================== AJAX REQUEST END ====================


==================== AJAX REQUEST START - 2025-12-18 15:05:12 ====================
Action: get_employees
POST keys: ["action","search"]
FILES keys: []
Content-Type: application/x-www-form-urlencoded; charset=UTF-8
CONTENT_LENGTH: 31
==================== AJAX REQUEST END ====================


==================== AJAX REQUEST START - 2025-12-18 15:05:13 ====================
Action: get_employees
POST keys: ["action","search"]
FILES keys: []
Content-Type: application/x-www-form-urlencoded; charset=UTF-8
CONTENT_LENGTH: 32
==================== AJAX REQUEST END ====================


==================== AJAX REQUEST START - 2025-12-18 15:05:33 ====================
Action: get_employees
POST keys: ["action","search"]
FILES keys: []
Content-Type: application/x-www-form-urlencoded; charset=UTF-8
CONTENT_LENGTH: 28
==================== AJAX REQUEST END ====================


==================== AJAX REQUEST START - 2025-12-18 15:05:35 ====================
Action: get_employees
POST keys: ["action","search"]
FILES keys: []
Content-Type: application/x-www-form-urlencoded; charset=UTF-8
CONTENT_LENGTH: 32
==================== AJAX REQUEST END ====================


==================== AJAX REQUEST START - 2025-12-18 15:06:01 ====================
Action: mark_delivery
POST keys: ["action","inv_no","received_by","items"]
FILES keys: ["attachments"]
Content-Type: multipart/form-data; boundary=----geckoformboundary2f8809a9ed6566cc84935352691a6e96
CONTENT_LENGTH: 239775
FILES dump: {
    "attachments": {
        "name": {
            "14": "IMG_20230304_135405.jpg",
            "15": "IMG_20240703_192535.jpg"
        },
        "full_path": {
            "14": "IMG_20230304_135405.jpg",
            "15": "IMG_20240703_192535.jpg"
        },
        "type": {
            "14": "image\/jpeg",
            "15": "image\/jpeg"
        },
        "tmp_name": {
            "14": "D:\\xampp\\tmp\\php3B16.tmp",
            "15": "D:\\xampp\\tmp\\php3B17.tmp"
        },
        "error": {
            "14": 0,
            "15": 0
        },
        "size": {
            "14": 124429,
            "15": 114327
        }
    }
}
==================== AJAX REQUEST END ====================

--- MARK_DELIVERY START ---
content-length=239775, post_max_size=40M, upload_max_filesize=40M
Attachments received:
{
    "names": {
        "14": "IMG_20230304_135405.jpg",
        "15": "IMG_20240703_192535.jpg"
    },
    "sizes": {
        "14": 124429,
        "15": 114327
    },
    "errors": {
        "14": 0,
        "15": 0
    }
}
Processing file for item 14: name=IMG_20230304_135405.jpg, size=124429, error=0
Attempting to move to: D:\xampp\htdocs\almutlak\system\includes\ajaxFile/../../assets/delivery_attachments/GR54302512181233_item14_20251218150601_6943ee29c9c58.jpg
SUCCESS: File moved to D:\xampp\htdocs\almutlak\system\includes\ajaxFile/../../assets/delivery_attachments/GR54302512181233_item14_20251218150601_6943ee29c9c58.jpg
Processing file for item 15: name=IMG_20240703_192535.jpg, size=114327, error=0
Attempting to move to: D:\xampp\htdocs\almutlak\system\includes\ajaxFile/../../assets/delivery_attachments/GR54302512181233_item15_20251218150601_6943ee29ca122.jpg
SUCCESS: File moved to D:\xampp\htdocs\almutlak\system\includes\ajaxFile/../../assets/delivery_attachments/GR54302512181233_item15_20251218150601_6943ee29ca122.jpg
Total item_attachments collected: 2
