[2025-11-28 00:30:01] ========== CRON: Vacation Balance Update Started ==========
[2025-11-28 00:30:01] Database connection established
[2025-11-28 00:30:01] Found 445 active employees with balance records to update
[2025-11-28 00:30:01] (Only employees with status=1 will be processed)
[2025-11-28 00:30:01]   [emp_id: 1061] ✓ Updated: 30.4 → 30.48 (CHANGED)
[2025-11-28 00:30:01]   [emp_id: 1496] ✓ Updated: 13.57 → 13.65 (CHANGED)
[2025-11-28 00:30:02]   [emp_id: 1500] ✓ Updated: 22.82 → 22.9 (CHANGED)
[2025-11-28 00:30:02]   [emp_id: 1574] ✓ Updated: 30.48 → 30.56 (CHANGED)
[2025-11-28 00:30:02]   [emp_id: 1673] ✓ Updated: 41.98 → 42.06 (CHANGED)
[2025-11-28 00:30:02]   [emp_id: 1685] ✓ Updated: 11.9 → 11.98 (CHANGED)
[2025-11-28 00:30:02]   [emp_id: 1764] ✓ Updated: 66.57 → 66.65 (CHANGED)
[2025-11-28 00:30:02]   [emp_id: 1805] ✓ Updated: 60.9 → 60.98 (CHANGED)
[2025-11-28 00:30:02]   [emp_id: 1822] ✓ Updated: 65.65 → 65.73 (CHANGED)
[2025-11-28 00:30:02]   [emp_id: 1837] ✓ Updated: 21.82 → 21.9 (CHANGED)
[2025-11-28 00:30:02]   [emp_id: 1857] ✓ Updated: 17.15 → 17.23 (CHANGED)
[2025-11-28 00:30:02]   [emp_id: 1861] ✓ Updated: 67.98 → 68.06 (CHANGED)
[2025-11-28 00:30:02]   [emp_id: 1872] ✓ Updated: 6.82 → 6.9 (CHANGED)
[2025-11-28 00:30:02]   [emp_id: 1897] ✓ Updated: 29.15 → 29.23 (CHANGED)
[2025-11-28 00:30:02]   [emp_id: 1916] ✓ Updated: 71.48 → 71.56 (CHANGED)
[2025-11-28 00:30:02]   [emp_id: 1928] ✓ Updated: 61.4 → 61.48 (CHANGED)
[2025-11-28 00:30:02]   [emp_id: 1931] ✓ Updated: 81.32 → 81.4 (CHANGED)
[2025-11-28 00:30:02]   [emp_id: 1944] ✓ Updated: 39.48 → 39.56 (CHANGED)
[2025-11-28 00:30:02]   [emp_id: 1996] ✓ Updated: 67.98 → 68.06 (CHANGED)
[2025-11-28 00:30:02]   [emp_id: 1997] ✓ Updated: 33.15 → 33.23 (CHANGED)
[2025-11-28 00:30:02]   [emp_id: 1998] ✓ Updated: 84.48 → 84.56 (CHANGED)
[2025-11-28 00:30:02]   [emp_id: 1999] ✓ Updated: 85.48 → 85.56 (CHANGED)
[2025-11-28 00:30:02]   [emp_id: 2009] ✓ Updated: 31.9 → 31.98 (CHANGED)
[2025-11-28 00:30:02]   [emp_id: 2048] ✓ Updated: 21.73 → 21.81 (CHANGED)
[2025-11-28 00:30:02]   [emp_id: 2057] ✓ Updated: 62.57 → 62.65 (CHANGED)
[2025-11-28 00:30:02]   [emp_id: 2079] ✓ Updated: 44.9 → 44.98 (CHANGED)
[2025-11-28 00:30:02]   [emp_id: 2181] ✓ Updated: 33.9 → 33.98 (CHANGED)
[2025-11-28 00:30:02]   [emp_id: 2190] ✓ Updated: 3.23 → 3.31 (CHANGED)
[2025-11-28 00:30:02]   [emp_id: 2212] ✓ Updated: 21.23 → 21.31 (CHANGED)
[2025-11-28 00:30:02]   [emp_id: 2226] ✓ Updated: 65.98 → 66.06 (CHANGED)
[2025-11-28 00:30:02]   [emp_id: 2238] ✓ Updated: 64.23 → 64.31 (CHANGED)
[2025-11-28 00:30:02]   [emp_id: 2285] ✓ Updated: 32.9 → 32.98 (CHANGED)
[2025-11-28 00:30:02]   [emp_id: 2287] ✓ Updated: 44.57 → 44.65 (CHANGED)
[2025-11-28 00:30:02]   [emp_id: 2288] ✓ Updated: 59.48 → 59.56 (CHANGED)
[2025-11-28 00:30:02]   [emp_id: 2290] ✓ Updated: 76.4 → 76.48 (CHANGED)
[2025-11-28 00:30:02]   [emp_id: 2316] ✓ Updated: 13.4 → 13.48 (CHANGED)
[2025-11-28 00:30:02]   [emp_id: 2337] ✓ Updated: 34.48 → 34.56 (CHANGED)
[2025-11-28 00:30:02]   [emp_id: 2352] ✓ Updated: 65.98 → 66.06 (CHANGED)
[2025-11-28 00:30:02]   [emp_id: 2358] ✓ Updated: 2.48 → 2.56 (CHANGED)
[2025-11-28 00:30:02]   [emp_id: 2361] ✓ Updated: 68.15 → 68.23 (CHANGED)
[2025-11-28 00:30:02]   [emp_id: 2363] ✓ Updated: 70.73 → 70.81 (CHANGED)
[2025-11-28 00:30:02]   [emp_id: 2364] ✓ Updated: 70.15 → 70.23 (CHANGED)
[2025-11-28 00:30:02]   [emp_id: 2367] ✓ Updated: 97.82 → 97.9 (CHANGED)
[2025-11-28 00:30:02]   [emp_id: 2368] ✓ Updated: 28.23 → 28.31 (CHANGED)
[2025-11-28 00:30:02]   [emp_id: 2372] ✓ Updated: 65.48 → 65.56 (CHANGED)
[2025-11-28 00:30:02]   [emp_id: 2376] ✓ Updated: 115.48 → 115.56 (CHANGED)
[2025-11-28 00:30:02]   [emp_id: 2423] ✓ Updated: 16.23 → 16.31 (CHANGED)
[2025-11-28 00:30:02]   [emp_id: 2519] ✓ Updated: 169.9 → 169.98 (CHANGED)
[2025-11-28 00:30:02]   [emp_id: 2522] ✓ Updated: 53.48 → 53.56 (CHANGED)
[2025-11-28 00:30:02]   [emp_id: 2530] ✓ Updated: 48.73 → 48.81 (CHANGED)
[2025-11-28 00:30:02]   [emp_id: 2539] ✓ Updated: 45.48 → 45.56 (CHANGED)
[2025-11-28 00:30:02]   [emp_id: 2541] ✓ Updated: 26.07 → 26.15 (CHANGED)
[2025-11-28 00:30:02]   [emp_id: 2550] ✓ Updated: 92.23 → 92.31 (CHANGED)
[2025-11-28 00:30:02]   [emp_id: 2553] ✓ Updated: 59.23 → 59.31 (CHANGED)
[2025-11-28 00:30:02]   [emp_id: 2554] ✓ Updated: 35.82 → 35.9 (CHANGED)
[2025-11-28 00:30:02]   [emp_id: 2565] ✓ Updated: 90.4 → 90.48 (CHANGED)
[2025-11-28 00:30:02]   [emp_id: 2572] ✓ Updated: 40.4 → 40.48 (CHANGED)
[2025-11-28 00:30:02]   [emp_id: 2637] ✓ Updated: 60.98 → 61.06 (CHANGED)
[2025-11-28 00:30:02]   [emp_id: 2642] ✓ Updated: 73.73 → 73.81 (CHANGED)
[2025-11-28 00:30:02]   [emp_id: 2645] ✓ Updated: 89.73 → 89.81 (CHANGED)
[2025-11-28 00:30:02]   [emp_id: 2648] ✓ Updated: 41.4 → 41.48 (CHANGED)
[2025-11-28 00:30:02]   [emp_id: 2654] ✓ Updated: 84.07 → 84.15 (CHANGED)
[2025-11-28 00:30:02]   [emp_id: 2688] ✓ Updated: 22.15 → 22.23 (CHANGED)
[2025-11-28 00:30:02]   [emp_id: 2690] ✓ Updated: 10.9 → 10.98 (CHANGED)
[2025-11-28 00:30:02]   [emp_id: 2709] ✓ Updated: 33.15 → 33.23 (CHANGED)
[2025-11-28 00:30:02]   [emp_id: 2745] ✓ Updated: 29.73 → 29.81 (CHANGED)
[2025-11-28 00:30:02]   [emp_id: 2843] ✓ Updated: 76.32 → 76.4 (CHANGED)
[2025-11-28 00:30:02]   [emp_id: 2854] ✓ Updated: 56.23 → 56.31 (CHANGED)
[2025-11-28 00:30:02]   [emp_id: 2869] ✓ Updated: 61.15 → 61.23 (CHANGED)
[2025-11-28 00:30:02]   [emp_id: 2876] ✓ Updated: 30.98 → 31.06 (CHANGED)
[2025-11-28 00:30:02]   [emp_id: 2924] ✓ Updated: 12.15 → 12.23 (CHANGED)
[2025-11-28 00:30:02]   [emp_id: 2953] ✓ Updated: 97.9 → 97.98 (CHANGED)
[2025-11-28 00:30:02]   [emp_id: 2961] ✓ Updated: 7.9 → 7.98 (CHANGED)
[2025-11-28 00:30:02]   [emp_id: 2975] ✓ Updated: 9.9 → 9.98 (CHANGED)
[2025-11-28 00:30:02]   [emp_id: 3013] ✓ Updated: 6.9 → 6.98 (CHANGED)
[2025-11-28 00:30:02]   [emp_id: 3014] ✓ Updated: 86.15 → 86.23 (CHANGED)
[2025-11-28 00:30:02]   [emp_id: 3015] ✓ Updated: 37.4 → 37.48 (CHANGED)
[2025-11-28 00:30:02]   [emp_id: 3018] ✓ Updated: 56.15 → 56.23 (CHANGED)
[2025-11-28 00:30:02]   [emp_id: 3025] ✓ Updated: 79.82 → 79.9 (CHANGED)
[2025-11-28 00:30:02]   [emp_id: 3037] ✓ Updated: 79.65 → 79.73 (CHANGED)
[2025-11-28 00:30:02]   [emp_id: 3047] ✓ Updated: 67.9 → 67.98 (CHANGED)
[2025-11-28 00:30:02]   [emp_id: 3061] ✓ Updated: 14.82 → 14.9 (CHANGED)
[2025-11-28 00:30:02]   [emp_id: 3062] ✓ Updated: 47.98 → 48.06 (CHANGED)
[2025-11-28 00:30:02]   [emp_id: 3074] ✓ Updated: 104.4 → 104.48 (CHANGED)
[2025-11-28 00:30:02]   [emp_id: 3089] ✓ Updated: 3.32 → 3.4 (CHANGED)
[2025-11-28 00:30:02]   [emp_id: 3090] ✓ Updated: 29.9 → 29.98 (CHANGED)
[2025-11-28 00:30:02]   [emp_id: 3091] ✓ Updated: 41.9 → 41.98 (CHANGED)
[2025-11-28 00:30:02]   [emp_id: 3092] ✓ Updated: 24.57 → 24.65 (CHANGED)
[2025-11-28 00:30:02]   [emp_id: 3105] ✓ Updated: 44.9 → 44.98 (CHANGED)
[2025-11-28 00:30:02]   [emp_id: 3134] ✓ Updated: 40.65 → 40.73 (CHANGED)
[2025-11-28 00:30:02]   [emp_id: 3140] ✓ Updated: 37.73 → 37.81 (CHANGED)
[2025-11-28 00:30:02]   [emp_id: 3144] ✓ Updated: 10.57 → 10.65 (CHANGED)
[2025-11-28 00:30:02]   [emp_id: 3156] ✓ Updated: 13.9 → 13.98 (CHANGED)
[2025-11-28 00:30:02]   [emp_id: 3162] ✓ Updated: 28.9 → 28.98 (CHANGED)
[2025-11-28 00:30:02]   [emp_id: 3163] ✓ Updated: 2.15 → 2.23 (CHANGED)
[2025-11-28 00:30:02]   [emp_id: 3198] ✓ Updated: 37.15 → 37.23 (CHANGED)
[2025-11-28 00:30:02]   [emp_id: 3205] ✓ Updated: 13.82 → 13.9 (CHANGED)
[2025-11-28 00:30:02]   [emp_id: 3209] ✓ Updated: 37.98 → 38.06 (CHANGED)
[2025-11-28 00:30:02]   [emp_id: 3223] ✓ Updated: 86.9 → 86.98 (CHANGED)
[2025-11-28 00:30:02]   [emp_id: 3224] ✓ Updated: 61.65 → 61.73 (CHANGED)
[2025-11-28 00:30:02]   [emp_id: 3230] ✓ Updated: 85.07 → 85.15 (CHANGED)
[2025-11-28 00:30:02]   [emp_id: 3231] ✓ Updated: 86.32 → 86.4 (CHANGED)
[2025-11-28 00:30:02]   [emp_id: 3233] ✓ Updated: 77.9 → 77.98 (CHANGED)
[2025-11-28 00:30:02]   [emp_id: 3249] ✓ Updated: 33.73 → 33.81 (CHANGED)
[2025-11-28 00:30:02]   [emp_id: 3250] ✓ Updated: 6.73 → 6.81 (CHANGED)
[2025-11-28 00:30:02]   [emp_id: 3252] ✓ Updated: 7.65 → 7.73 (CHANGED)
[2025-11-28 00:30:02]   [emp_id: 3254] ✓ Updated: 18.15 → 18.23 (CHANGED)
[2025-11-28 00:30:02]   [emp_id: 3255] ✓ Updated: 14.57 → 14.65 (CHANGED)
[2025-11-28 00:30:02]   [emp_id: 3256] ✓ Updated: 10.82 → 10.9 (CHANGED)
[2025-11-28 00:30:02]   [emp_id: 3263] ✓ Updated: 26.9 → 26.98 (CHANGED)
[2025-11-28 00:30:02]   [emp_id: 3265] ✓ Updated: 22.48 → 22.56 (CHANGED)
[2025-11-28 00:30:02]   [emp_id: 3280] ✓ Updated: 69.4 → 69.48 (CHANGED)
[2025-11-28 00:30:02]   [emp_id: 3286] ✓ Updated: 12.57 → 12.65 (CHANGED)
[2025-11-28 00:30:02]   [emp_id: 3294] ✓ Updated: 12.23 → 12.31 (CHANGED)
[2025-11-28 00:30:02]   [emp_id: 3321] ✓ Updated: 69.4 → 69.48 (CHANGED)
[2025-11-28 00:30:02]   [emp_id: 3325] ✓ Updated: 57.15 → 57.23 (CHANGED)
[2025-11-28 00:30:02]   [emp_id: 3329] ✓ Updated: 59.48 → 59.56 (CHANGED)
[2025-11-28 00:30:02]   [emp_id: 3330] ✓ Updated: 59.48 → 59.56 (CHANGED)
[2025-11-28 00:30:02]   [emp_id: 3332] ✓ Updated: 59.48 → 59.56 (CHANGED)
[2025-11-28 00:30:02]   [emp_id: 3370] ✓ Updated: 51.15 → 51.23 (CHANGED)
[2025-11-28 00:30:02]   [emp_id: 3384] ✓ Updated: 11.65 → 11.73 (CHANGED)
[2025-11-28 00:30:02]   [emp_id: 3386] ✓ Updated: 41.65 → 41.73 (CHANGED)
[2025-11-28 00:30:02]   [emp_id: 3431] ✓ Updated: 17.07 → 17.15 (CHANGED)
[2025-11-28 00:30:02]   [emp_id: 3497] ✓ Updated: 6.23 → 6.31 (CHANGED)
[2025-11-28 00:30:02]   [emp_id: 3532] ✓ Updated: 43.07 → 43.15 (CHANGED)
[2025-11-28 00:30:02]   [emp_id: 3586] ✓ Updated: 7.15 → 7.23 (CHANGED)
[2025-11-28 00:30:02]   [emp_id: 3602] ✓ Updated: 50.15 → 50.23 (CHANGED)
[2025-11-28 00:30:02]   [emp_id: 3618] ✓ Updated: 54.65 → 54.73 (CHANGED)
[2025-11-28 00:30:02]   [emp_id: 3622] ✓ Updated: 32.65 → 32.7 (CHANGED)
[2025-11-28 00:30:02]   [emp_id: 3627] ✓ Updated: 6.57 → 6.65 (CHANGED)
[2025-11-28 00:30:02]   [emp_id: 3665] ✓ Updated: 48.15 → 48.23 (CHANGED)
[2025-11-28 00:30:02]   [emp_id: 3705] ✓ Updated: 25.98 → 26.03 (CHANGED)
[2025-11-28 00:30:02]   [emp_id: 3724] ✓ Updated: 41.15 → 41.23 (CHANGED)
[2025-11-28 00:30:02]   [emp_id: 3726] ✓ Updated: 57.57 → 57.65 (CHANGED)
[2025-11-28 00:30:02]   [emp_id: 3727] ✓ Updated: 62.65 → 62.73 (CHANGED)
[2025-11-28 00:30:02]   [emp_id: 3728] ✓ Updated: 6.98 → 7.06 (CHANGED)
[2025-11-28 00:30:02]   [emp_id: 3742] ✓ Updated: 30.15 → 30.23 (CHANGED)
[2025-11-28 00:30:02]   [emp_id: 3767] ✓ Updated: 57.73 → 57.81 (CHANGED)
[2025-11-28 00:30:02]   [emp_id: 3768] ✓ Updated: 53.98 → 54.06 (CHANGED)
[2025-11-28 00:30:02]   [emp_id: 3787] ✓ Updated: 54.57 → 54.65 (CHANGED)
[2025-11-28 00:30:02]   [emp_id: 3790] ✓ Updated: 58.73 → 58.81 (CHANGED)
[2025-11-28 00:30:02]   [emp_id: 3795] ✓ Updated: 12.07 → 12.15 (CHANGED)
[2025-11-28 00:30:02]   [emp_id: 3798] ✓ Updated: 90.48 → 90.56 (CHANGED)
[2025-11-28 00:30:02]   [emp_id: 3801] ✓ Updated: 28.65 → 28.73 (CHANGED)
[2025-11-28 00:30:02]   [emp_id: 3802] ✓ Updated: 27.73 → 27.81 (CHANGED)
[2025-11-28 00:30:02]   [emp_id: 3803] ✓ Updated: 112.15 → 112.23 (CHANGED)
[2025-11-28 00:30:02]   [emp_id: 3810] ✓ Updated: 58.15 → 58.23 (CHANGED)
[2025-11-28 00:30:02]   [emp_id: 3812] ✓ Updated: 87.15 → 87.23 (CHANGED)
[2025-11-28 00:30:02]   [emp_id: 3815] ✓ Updated: 87.15 → 87.23 (CHANGED)
[2025-11-28 00:30:02]   [emp_id: 3836] ✓ Updated: 54.82 → 54.9 (CHANGED)
[2025-11-28 00:30:02]   [emp_id: 3855] ✓ Updated: 47.98 → 48.06 (CHANGED)
[2025-11-28 00:30:02]   [emp_id: 3857] ✓ Updated: 51.65 → 51.73 (CHANGED)
[2025-11-28 00:30:02]   [emp_id: 3862] ✓ Updated: 99.73 → 99.81 (CHANGED)
[2025-11-28 00:30:03]   [emp_id: 3866] ✓ Updated: 24.98 → 25.06 (CHANGED)
[2025-11-28 00:30:03]   [emp_id: 3876] ✓ Updated: 45.15 → 45.23 (CHANGED)
[2025-11-28 00:30:03]   [emp_id: 3877] ✓ Updated: 46.65 → 46.73 (CHANGED)
[2025-11-28 00:30:03]   [emp_id: 3897] ✓ Updated: 34.9 → 34.98 (CHANGED)
[2025-11-28 00:30:03]   [emp_id: 3899] ✓ Updated: 50.07 → 50.15 (CHANGED)
[2025-11-28 00:30:03]   [emp_id: 3928] ✓ Updated: 10.98 → 11.06 (CHANGED)
[2025-11-28 00:30:03]   [emp_id: 3929] ✓ Updated: 5.98 → 6.06 (CHANGED)
[2025-11-28 00:30:03]   [emp_id: 3935] ✓ Updated: 90.98 → 91.06 (CHANGED)
[2025-11-28 00:30:03]   [emp_id: 3952] ✓ Updated: 73.32 → 73.4 (CHANGED)
[2025-11-28 00:30:03]   [emp_id: 3987] ✓ Updated: 11.23 → 11.31 (CHANGED)
[2025-11-28 00:30:03]   [emp_id: 4059] ✓ Updated: 13.98 → 14.06 (CHANGED)
[2025-11-28 00:30:03]   [emp_id: 4119] ✓ Updated: 53.9 → 53.98 (CHANGED)
[2025-11-28 00:30:03]   [emp_id: 4120] ✓ Updated: 23.48 → 23.56 (CHANGED)
[2025-11-28 00:30:03]   [emp_id: 4124] ✓ Updated: 53.9 → 53.98 (CHANGED)
[2025-11-28 00:30:03]   [emp_id: 4133] ✓ Updated: 102.48 → 102.56 (CHANGED)
[2025-11-28 00:30:03]   [emp_id: 4134] ✓ Updated: 23.48 → 23.56 (CHANGED)
[2025-11-28 00:30:03]   [emp_id: 4136] ✓ Updated: 23.48 → 23.56 (CHANGED)
[2025-11-28 00:30:03]   [emp_id: 4150] ✓ Updated: 22.15 → 22.23 (CHANGED)
[2025-11-28 00:30:03]   [emp_id: 4157] ✓ Updated: 15.65 → 15.73 (CHANGED)
[2025-11-28 00:30:03]   [emp_id: 4172] ✓ Updated: 10.56 → 10.61 (CHANGED)
[2025-11-28 00:30:03]   [emp_id: 4195] ✓ Updated: 59.23 → 59.31 (CHANGED)
[2025-11-28 00:30:03]   [emp_id: 4215] ✓ Updated: 41.9 → 41.98 (CHANGED)
[2025-11-28 00:30:03]   [emp_id: 4220] ✓ Updated: 37.48 → 37.56 (CHANGED)
[2025-11-28 00:30:03]   [emp_id: 4273] ✓ Updated: 6.15 → 6.23 (CHANGED)
[2025-11-28 00:30:03]   [emp_id: 4283] ✓ Updated: 11.65 → 11.7 (CHANGED)
[2025-11-28 00:30:03]   [emp_id: 4288] ✓ Updated: 40.98 → 41.06 (CHANGED)
[2025-11-28 00:30:03]   [emp_id: 4315] ✓ Updated: 12.4 → 12.48 (CHANGED)
[2025-11-28 00:30:03]   [emp_id: 4328] ✓ Updated: 40.48 → 40.53 (CHANGED)
[2025-11-28 00:30:03]   [emp_id: 4329] ✓ Updated: 2.57 → 2.65 (CHANGED)
[2025-11-28 00:30:03]   [emp_id: 4338] ✓ Updated: 44.15 → 44.23 (CHANGED)
[2025-11-28 00:30:03]   [emp_id: 4340] ✓ Updated: 123.15 → 123.23 (CHANGED)
[2025-11-28 00:30:03]   [emp_id: 4365] ✓ Updated: 57.57 → 57.65 (CHANGED)
[2025-11-28 00:30:03]   [emp_id: 4366] ✓ Updated: 56.65 → 56.73 (CHANGED)
[2025-11-28 00:30:03]   [emp_id: 4385] ✓ Updated: 47.32 → 47.4 (CHANGED)
[2025-11-28 00:30:03]   [emp_id: 4403] ✓ Updated: 82.48 → 82.56 (CHANGED)
[2025-11-28 00:30:03]   [emp_id: 4438] ✓ Updated: 18.15 → 18.23 (CHANGED)
[2025-11-28 00:30:03]   [emp_id: 4465] ✓ Updated: 10.81 → 10.86 (CHANGED)
[2025-11-28 00:30:03]   [emp_id: 4473] ✓ Updated: 41.73 → 41.81 (CHANGED)
[2025-11-28 00:30:03]   [emp_id: 4474] ✓ Updated: 57.56 → 57.61 (CHANGED)
[2025-11-28 00:30:03]   [emp_id: 4493] ✓ Updated: 160.57 → 160.65 (CHANGED)
[2025-11-28 00:30:03]   [emp_id: 4526] ✓ Updated: 32.82 → 32.9 (CHANGED)
[2025-11-28 00:30:03]   [emp_id: 4528] ✓ Updated: 104.57 → 104.65 (CHANGED)
[2025-11-28 00:30:03]   [emp_id: 4528] ✓ Updated: 104.57 → 104.65 (CHANGED)
[2025-11-28 00:30:03]   [emp_id: 4532] ✓ Updated: 68.31 → 68.36 (CHANGED)
[2025-11-28 00:30:03]   [emp_id: 4533] ✓ Updated: 32.98 → 33.06 (CHANGED)
[2025-11-28 00:30:03]   [emp_id: 4564] ✓ Updated: 23.56 → 23.61 (CHANGED)
[2025-11-28 00:30:03]   [emp_id: 4565] ✓ Updated: 13.31 → 13.36 (CHANGED)
[2025-11-28 00:30:03]   [emp_id: 4567] ✓ Updated: 17.56 → 17.61 (CHANGED)
[2025-11-28 00:30:03]   [emp_id: 4572] ✓ Updated: 57.06 → 57.11 (CHANGED)
[2025-11-28 00:30:03]   [emp_id: 4631] ✓ Updated: 13.31 → 13.36 (CHANGED)
[2025-11-28 00:30:03]   [emp_id: 4655] ✓ Updated: 21.9 → 21.98 (CHANGED)
[2025-11-28 00:30:03]   [emp_id: 4689] ✓ Updated: 19.57 → 19.65 (CHANGED)
[2025-11-28 00:30:03]   [emp_id: 4709] ✓ Updated: 37.15 → 37.23 (CHANGED)
[2025-11-28 00:30:03]   [emp_id: 4717] ✓ Updated: 63.15 → 63.23 (CHANGED)
[2025-11-28 00:30:03]   [emp_id: 4736] ✓ Updated: 24.98 → 25.06 (CHANGED)
[2025-11-28 00:30:03]   [emp_id: 4756] ✓ Updated: 59.2 → 59.25 (CHANGED)
[2025-11-28 00:30:03]   [emp_id: 4768] ✓ Updated: 9.65 → 9.73 (CHANGED)
[2025-11-28 00:30:03]   [emp_id: 4780] ✓ Updated: 63.48 → 63.53 (CHANGED)
[2025-11-28 00:30:03]   [emp_id: 4820] ✓ Updated: 95.98 → 96.06 (CHANGED)
[2025-11-28 00:30:03]   [emp_id: 4825] ✓ Updated: 27.73 → 27.81 (CHANGED)
[2025-11-28 00:30:03]   [emp_id: 4835] ✓ Updated: 46.23 → 46.28 (CHANGED)
[2025-11-28 00:30:03]   [emp_id: 4837] ✓ Updated: 43.47 → 43.52 (CHANGED)
[2025-11-28 00:30:03]   [emp_id: 4838] ✓ Updated: 42.49 → 42.54 (CHANGED)
[2025-11-28 00:30:03]   [emp_id: 4840] ✓ Updated: 43.47 → 43.52 (CHANGED)
[2025-11-28 00:30:03]   [emp_id: 4842] ✓ Updated: 42.71 → 42.76 (CHANGED)
[2025-11-28 00:30:03]   [emp_id: 4843] ✓ Updated: 43.24 → 43.29 (CHANGED)
[2025-11-28 00:30:03]   [emp_id: 4853] ✓ Updated: 87.06 → 87.11 (CHANGED)
[2025-11-28 00:30:03]   [emp_id: 4856] ✓ Updated: 40.38 → 40.43 (CHANGED)
[2025-11-28 00:30:03]   [emp_id: 4857] ✓ Updated: 23.2 → 23.25 (CHANGED)
[2025-11-28 00:30:03]   [emp_id: 4858] ✓ Updated: 20.08 → 20.13 (CHANGED)
[2025-11-28 00:30:03]   [emp_id: 4859] ✓ Updated: 41.55 → 41.6 (CHANGED)
[2025-11-28 00:30:03]   [emp_id: 4860] ✓ Updated: 6.05 → 6.1 (CHANGED)
[2025-11-28 00:30:03]   [emp_id: 4861] ✓ Updated: 39.51 → 39.56 (CHANGED)
[2025-11-28 00:30:03]   [emp_id: 4869] ✓ Updated: 82.39 → 82.44 (CHANGED)
[2025-11-28 00:30:03]   [emp_id: 4894] ✓ Updated: 4.65 → 4.73 (CHANGED)
[2025-11-28 00:30:03]   [emp_id: 4897] ✓ Updated: 21.29 → 21.34 (CHANGED)
[2025-11-28 00:30:03]   [emp_id: 4899] ✓ Updated: 17.46 → 17.51 (CHANGED)
[2025-11-28 00:30:03]   [emp_id: 4902] ✓ Updated: 16.88 → 16.93 (CHANGED)
[2025-11-28 00:30:03]   [emp_id: 4903] ✓ Updated: 19.1 → 19.15 (CHANGED)
[2025-11-28 00:30:03]   [emp_id: 4905] ✓ Updated: 17.76 → 17.81 (CHANGED)
[2025-11-28 00:30:03]   [emp_id: 4907] ✓ Updated: 44.73 → 44.81 (CHANGED)
[2025-11-28 00:30:03]   [emp_id: 4917] ✓ Updated: 14.72 → 14.77 (CHANGED)
[2025-11-28 00:30:03]   [emp_id: 4918] ✓ Updated: 4.49 → 4.54 (CHANGED)
[2025-11-28 00:30:03]   [emp_id: 4919] ✓ Updated: 56.78 → 56.83 (CHANGED)
[2025-11-28 00:30:03]   [emp_id: 4920] ✓ Updated: 56.61 → 56.66 (CHANGED)
[2025-11-28 00:30:03]   [emp_id: 4921] ✓ Updated: 15.95 → 16 (CHANGED)
[2025-11-28 00:30:03]   [emp_id: 4927] ✓ Updated: 14.78 → 14.83 (CHANGED)
[2025-11-28 00:30:03]   [emp_id: 4929] ✓ Updated: 16.3 → 16.35 (CHANGED)
[2025-11-28 00:30:03]   [emp_id: 4930] ✓ Updated: 57.07 → 57.12 (CHANGED)
[2025-11-28 00:30:03]   [emp_id: 4932] ✓ Updated: 15.07 → 15.12 (CHANGED)
[2025-11-28 00:30:03]   [emp_id: 4933] ✓ Updated: 18.48 → 18.53 (CHANGED)
[2025-11-28 00:30:03]   [emp_id: 4949] ✓ Updated: 33.91 → 33.96 (CHANGED)
[2025-11-28 00:30:03]   [emp_id: 4956] ✓ Updated: 31.23 → 31.28 (CHANGED)
[2025-11-28 00:30:03]   [emp_id: 4957] ✓ Updated: 28.17 → 28.22 (CHANGED)
[2025-11-28 00:30:03]   [emp_id: 4962] ✓ Updated: 50.98 → 51.06 (CHANGED)
[2025-11-28 00:30:03]   [emp_id: 4969] ✓ Updated: 43.4 → 43.48 (CHANGED)
[2025-11-28 00:30:03]   [emp_id: 4976] ✓ Updated: 8.19 → 8.24 (CHANGED)
[2025-11-28 00:30:03]   [emp_id: 4984] ✓ Updated: 34.65 → 34.73 (CHANGED)
[2025-11-28 00:30:03]   [emp_id: 4995] ✓ Updated: 46.72 → 46.8 (CHANGED)
[2025-11-28 00:30:03]   [emp_id: 5004] ✓ Updated: 43.87 → 43.92 (CHANGED)
[2025-11-28 00:30:03]   [emp_id: 5006] ✓ Updated: 24.87 → 24.92 (CHANGED)
[2025-11-28 00:30:03]   [emp_id: 5011] ✓ Updated: 10.32 → 10.4 (CHANGED)
[2025-11-28 00:30:03]   [emp_id: 5013] ✓ Updated: 65.24 → 65.29 (CHANGED)
[2025-11-28 00:30:03]   [emp_id: 5018] ✓ Updated: 19.48 → 19.53 (CHANGED)
[2025-11-28 00:30:03]   [emp_id: 5021] ✓ Updated: 61.98 → 62.03 (CHANGED)
[2025-11-28 00:30:03]   [emp_id: 5021] ✓ Updated: 61.98 → 62.03 (CHANGED)
[2025-11-28 00:30:03]   [emp_id: 5024] ✓ Updated: 12.13 → 12.18 (CHANGED)
[2025-11-28 00:30:03]   [emp_id: 5029] ✓ Updated: 21.73 → 21.78 (CHANGED)
[2025-11-28 00:30:03]   [emp_id: 5030] ✓ Updated: 36.73 → 36.78 (CHANGED)
[2025-11-28 00:30:03]   [emp_id: 5033] ✓ Updated: 20.5 → 20.55 (CHANGED)
[2025-11-28 00:30:03]   [emp_id: 5043] ✓ Updated: 27.32 → 27.4 (CHANGED)
[2025-11-28 00:30:03]   [emp_id: 5045] ✓ Updated: 23.82 → 23.9 (CHANGED)
[2025-11-28 00:30:03]   [emp_id: 5046] ✓ Updated: 19.01 → 19.09 (CHANGED)
[2025-11-28 00:30:03]   [emp_id: 5049] ✓ Updated: 37.18 → 37.23 (CHANGED)
[2025-11-28 00:30:03]   [emp_id: 5052] ✓ Updated: 28.46 → 28.51 (CHANGED)
[2025-11-28 00:30:03]   [emp_id: 5055] ✓ Updated: 35.65 → 35.7 (CHANGED)
[2025-11-28 00:30:03]   [emp_id: 5058] ✓ Updated: 25.88 → 25.93 (CHANGED)
[2025-11-28 00:30:03]   [emp_id: 5062] ✓ Updated: 37.71 → 37.76 (CHANGED)
[2025-11-28 00:30:03]   [emp_id: 5064] ✓ Updated: 114.65 → 114.73 (CHANGED)
[2025-11-28 00:30:03]   [emp_id: 5065] ✓ Updated: 37.12 → 37.17 (CHANGED)
[2025-11-28 00:30:03]   [emp_id: 5071] ✓ Updated: 20.15 → 20.23 (CHANGED)
[2025-11-28 00:30:03]   [emp_id: 5073] ✓ Updated: 11.72 → 11.77 (CHANGED)
[2025-11-28 00:30:03]   [emp_id: 5079] ✓ Updated: 32.28 → 32.33 (CHANGED)
[2025-11-28 00:30:03]   [emp_id: 5080] ✓ Updated: 29.61 → 29.66 (CHANGED)
[2025-11-28 00:30:03]   [emp_id: 5081] ✓ Updated: 34.61 → 34.66 (CHANGED)
[2025-11-28 00:30:03]   [emp_id: 5087] ✓ Updated: 33.91 → 33.96 (CHANGED)
[2025-11-28 00:30:03]   [emp_id: 5091] ✓ Updated: 73.76 → 73.81 (CHANGED)
[2025-11-28 00:30:03]   [emp_id: 5093] ✓ Updated: 11.32 → 11.4 (CHANGED)
[2025-11-28 00:30:03]   [emp_id: 5095] ✓ Updated: 31.23 → 31.28 (CHANGED)
[2025-11-28 00:30:03]   [emp_id: 5101] ✓ Updated: 13.4 → 13.48 (CHANGED)
[2025-11-28 00:30:03]   [emp_id: 5107] ✓ Updated: 11.73 → 11.81 (CHANGED)
[2025-11-28 00:30:03]   [emp_id: 5109] ✓ Updated: 8.98 → 9.06 (CHANGED)
[2025-11-28 00:30:03]   [emp_id: 5119] ✓ Updated: 7.15 → 7.23 (CHANGED)
[2025-11-28 00:30:03]   [emp_id: 5122] ✓ Updated: 4.32 → 4.4 (CHANGED)
[2025-11-28 00:30:03]   [emp_id: 5126] ✓ Updated: 24.64 → 24.69 (CHANGED)
[2025-11-28 00:30:03]   [emp_id: 5127] ✓ Updated: 21.43 → 21.48 (CHANGED)
[2025-11-28 00:30:03]   [emp_id: 5128] ✓ Updated: 24.58 → 24.63 (CHANGED)
[2025-11-28 00:30:03]   [emp_id: 5138] ✓ Updated: 62.98 → 63.06 (CHANGED)
[2025-11-28 00:30:03]   [emp_id: 5138] ✓ Updated: 62.98 → 63.06 (CHANGED)
[2025-11-28 00:30:03]   [emp_id: 5141] ✓ Updated: 32.95 → 33 (CHANGED)
[2025-11-28 00:30:03]   [emp_id: 5142] ✓ Updated: 11.95 → 12 (CHANGED)
[2025-11-28 00:30:03]   [emp_id: 5146] ✓ Updated: 18.95 → 19 (CHANGED)
[2025-11-28 00:30:03]   [emp_id: 5147] ✓ Updated: 17.95 → 18 (CHANGED)
[2025-11-28 00:30:03]   [emp_id: 5148] ✓ Updated: 23.3 → 23.35 (CHANGED)
[2025-11-28 00:30:03]   [emp_id: 5149] ✓ Updated: 22.19 → 22.24 (CHANGED)
[2025-11-28 00:30:03]   [emp_id: 5150] ✓ Updated: 21.55 → 21.6 (CHANGED)
[2025-11-28 00:30:03]   [emp_id: 5151] ✓ Updated: 21.37 → 21.42 (CHANGED)
[2025-11-28 00:30:03]   [emp_id: 5152] ✓ Updated: 1.79 → 1.84 (CHANGED)
[2025-11-28 00:30:03]   [emp_id: 5157] ✓ Updated: 21.37 → 21.42 (CHANGED)
[2025-11-28 00:30:03]   [emp_id: 5160] ✓ Updated: 21.37 → 21.42 (CHANGED)
[2025-11-28 00:30:03]   [emp_id: 5163] ✓ Updated: 19.16 → 19.21 (CHANGED)
[2025-11-28 00:30:03]   [emp_id: 5165] ✓ Updated: 27.32 → 27.4 (CHANGED)
[2025-11-28 00:30:03]   [emp_id: 5167] ✓ Updated: 28.31 → 28.36 (CHANGED)
[2025-11-28 00:30:03]   [emp_id: 5168] ✓ Updated: 20.85 → 20.9 (CHANGED)
[2025-11-28 00:30:03]   [emp_id: 5173] ✓ Updated: 22.07 → 22.15 (CHANGED)
[2025-11-28 00:30:04]   [emp_id: 5174] ✓ Updated: 21.31 → 21.36 (CHANGED)
[2025-11-28 00:30:04]   [emp_id: 5181] ✓ Updated: 17.7 → 17.75 (CHANGED)
[2025-11-28 00:30:04]   [emp_id: 5186] ✓ Updated: 23.23 → 23.28 (CHANGED)
[2025-11-28 00:30:04]   [emp_id: 5187] ✓ Updated: 34.23 → 34.28 (CHANGED)
[2025-11-28 00:30:04]   [emp_id: 5204] ✓ Updated: 19.57 → 19.65 (CHANGED)
[2025-11-28 00:30:04]   [emp_id: 5205] ✓ Updated: 10.44 → 10.49 (CHANGED)
[2025-11-28 00:30:04]   [emp_id: 5209] ✓ Updated: 13.44 → 13.49 (CHANGED)
[2025-11-28 00:30:04]   [emp_id: 5211] ✓ Updated: 5.44 → 5.49 (CHANGED)
[2025-11-28 00:30:04]   [emp_id: 5213] ✓ Updated: 5.44 → 5.49 (CHANGED)
[2025-11-28 00:30:04]   [emp_id: 5214] ✓ Updated: 13.44 → 13.49 (CHANGED)
[2025-11-28 00:30:04]   [emp_id: 5215] ✓ Updated: 8.44 → 8.49 (CHANGED)
[2025-11-28 00:30:04]   [emp_id: 5217] ✓ Updated: 7.44 → 7.49 (CHANGED)
[2025-11-28 00:30:04]   [emp_id: 5218] ✓ Updated: 13.44 → 13.49 (CHANGED)
[2025-11-28 00:30:04]   [emp_id: 5219] ✓ Updated: 11.44 → 11.49 (CHANGED)
[2025-11-28 00:30:04]   [emp_id: 5221] ✓ Updated: 7.44 → 7.49 (CHANGED)
[2025-11-28 00:30:04]   [emp_id: 5224] ✓ Updated: 12.44 → 12.49 (CHANGED)
[2025-11-28 00:30:04]   [emp_id: 5225] ✓ Updated: 7.11 → 7.16 (CHANGED)
[2025-11-28 00:30:04]   [emp_id: 5228] ✓ Updated: 7.44 → 7.49 (CHANGED)
[2025-11-28 00:30:04]   [emp_id: 5229] ✓ Updated: 3.44 → 3.49 (CHANGED)
[2025-11-28 00:30:04]   [emp_id: 5230] ✓ Updated: 13.44 → 13.49 (CHANGED)
[2025-11-28 00:30:04]   [emp_id: 5231] ✓ Updated: 4.44 → 4.49 (CHANGED)
[2025-11-28 00:30:04]   [emp_id: 5232] ✓ Updated: 9.44 → 9.49 (CHANGED)
[2025-11-28 00:30:04]   [emp_id: 5233] ✓ Updated: 2.44 → 2.49 (CHANGED)
[2025-11-28 00:30:04]   [emp_id: 5234] ✓ Updated: 2.44 → 2.49 (CHANGED)
[2025-11-28 00:30:04]   [emp_id: 5235] ✓ Updated: 13.44 → 13.49 (CHANGED)
[2025-11-28 00:30:04]   [emp_id: 5237] ✓ Updated: 13.44 → 13.49 (CHANGED)
[2025-11-28 00:30:04]   [emp_id: 5238] ✓ Updated: 6.06 → 6.11 (CHANGED)
[2025-11-28 00:30:04]   [emp_id: 5239] ✓ Updated: 5.44 → 5.49 (CHANGED)
[2025-11-28 00:30:04]   [emp_id: 5241] ✓ Updated: 3.44 → 3.49 (CHANGED)
[2025-11-28 00:30:04]   [emp_id: 5242] ✓ Updated: 13.44 → 13.49 (CHANGED)
[2025-11-28 00:30:04]   [emp_id: 5243] ✓ Updated: 5.44 → 5.49 (CHANGED)
[2025-11-28 00:30:04]   [emp_id: 5244] ✓ Updated: 9.44 → 9.49 (CHANGED)
[2025-11-28 00:30:04]   [emp_id: 5246] ✓ Updated: 9.44 → 9.49 (CHANGED)
[2025-11-28 00:30:04]   [emp_id: 5253] ✓ Updated: 28.06 → 28.11 (CHANGED)
[2025-11-28 00:30:04]   [emp_id: 5254] ✓ Updated: 10.29 → 10.34 (CHANGED)
[2025-11-28 00:30:04]   [emp_id: 5257] ✓ Updated: 10 → 10.05 (CHANGED)
[2025-11-28 00:30:04]   [emp_id: 5259] ✓ Updated: 46.53 → 46.58 (CHANGED)
[2025-11-28 00:30:04]   [emp_id: 5261] ✓ Updated: 47.07 → 47.15 (CHANGED)
[2025-11-28 00:30:04]   [emp_id: 5264] ✓ Updated: 24.01 → 24.06 (CHANGED)
[2025-11-28 00:30:04]   [emp_id: 5266] ✓ Updated: 23.96 → 24.01 (CHANGED)
[2025-11-28 00:30:04]   [emp_id: 5268] ✓ Updated: 7.2 → 7.25 (CHANGED)
[2025-11-28 00:30:04]   [emp_id: 5271] ✓ Updated: 5.86 → 5.91 (CHANGED)
[2025-11-28 00:30:04]   [emp_id: 5272] ✓ Updated: 6.73 → 6.78 (CHANGED)
[2025-11-28 00:30:04]   [emp_id: 5273] ✓ Updated: 28.55 → 28.6 (CHANGED)
[2025-11-28 00:30:04]   [emp_id: 5275] ✓ Updated: 7.55 → 7.6 (CHANGED)
[2025-11-28 00:30:04]   [emp_id: 5276] ✓ Updated: 28.55 → 28.6 (CHANGED)
[2025-11-28 00:30:04]   [emp_id: 5278] ✓ Updated: 6.21 → 6.26 (CHANGED)
[2025-11-28 00:30:04]   [emp_id: 5280] ✓ Updated: 16.61 → 16.66 (CHANGED)
[2025-11-28 00:30:04]   [emp_id: 5282] ✓ Updated: 8.65 → 8.73 (CHANGED)
[2025-11-28 00:30:04]   [emp_id: 5285] ✓ Updated: 26.61 → 26.66 (CHANGED)
[2025-11-28 00:30:04]   [emp_id: 5286] ✓ Updated: 13.61 → 13.66 (CHANGED)
[2025-11-28 00:30:04]   [emp_id: 5287] ✓ Updated: 47.91 → 47.96 (CHANGED)
[2025-11-28 00:30:04]   [emp_id: 5288] ✓ Updated: 36.92 → 36.97 (CHANGED)
[2025-11-28 00:30:04]   [emp_id: 5289] ✓ Updated: 46.46 → 46.51 (CHANGED)
[2025-11-28 00:30:04]   [emp_id: 5290] ✓ Updated: 45.23 → 45.28 (CHANGED)
[2025-11-28 00:30:04]   [emp_id: 5291] ✓ Updated: 3.23 → 3.28 (CHANGED)
[2025-11-28 00:30:04]   [emp_id: 5292] ✓ Updated: 3.17 → 3.22 (CHANGED)
[2025-11-28 00:30:04]   [emp_id: 5293] ✓ Updated: 34.82 → 34.9 (CHANGED)
[2025-11-28 00:30:04]   [emp_id: 5294] ✓ Updated: 4.57 → 4.65 (CHANGED)
[2025-11-28 00:30:04]   [emp_id: 5295] ✓ Updated: 19.41 → 19.46 (CHANGED)
[2025-11-28 00:30:04]   [emp_id: 5296] ✓ Updated: 37.48 → 37.56 (CHANGED)
[2025-11-28 00:30:04]   [emp_id: 5297] ✓ Updated: 43.83 → 43.88 (CHANGED)
[2025-11-28 00:30:04]   [emp_id: 5298] ✓ Updated: 43.83 → 43.88 (CHANGED)
[2025-11-28 00:30:04]   [emp_id: 5299] ✓ Updated: 43.83 → 43.88 (CHANGED)
[2025-11-28 00:30:04]   [emp_id: 5300] ✓ Updated: 43.83 → 43.88 (CHANGED)
[2025-11-28 00:30:04]   [emp_id: 5301] ✓ Updated: 43.83 → 43.88 (CHANGED)
[2025-11-28 00:30:04]   [emp_id: 5303] ✓ Updated: 43.83 → 43.88 (CHANGED)
[2025-11-28 00:30:04]   [emp_id: 5304] ✓ Updated: 43.83 → 43.88 (CHANGED)
[2025-11-28 00:30:04]   [emp_id: 5305] ✓ Updated: 1.83 → 1.88 (CHANGED)
[2025-11-28 00:30:04]   [emp_id: 5306] ✓ Updated: 43.54 → 43.59 (CHANGED)
[2025-11-28 00:30:04]   [emp_id: 5307] ✓ Updated: 43.54 → 43.59 (CHANGED)
[2025-11-28 00:30:04]   [emp_id: 5312] ✓ Updated: 41.21 → 41.26 (CHANGED)
[2025-11-28 00:30:04]   [emp_id: 5318] ✓ Updated: 24.25 → 24.3 (CHANGED)
[2025-11-28 00:30:04]   [emp_id: 5325] ✓ Updated: 20.21 → 20.26 (CHANGED)
[2025-11-28 00:30:04]   [emp_id: 5326] ✓ Updated: 41.03 → 41.08 (CHANGED)
[2025-11-28 00:30:04]   [emp_id: 5327] ✓ Updated: 40.21 → 40.26 (CHANGED)
[2025-11-28 00:30:04]   [emp_id: 5328] ✓ Updated: 40.21 → 40.26 (CHANGED)
[2025-11-28 00:30:04]   [emp_id: 5329] ✓ Updated: 40.21 → 40.26 (CHANGED)
[2025-11-28 00:30:04]   [emp_id: 5331] ✓ Updated: 19.62 → 19.67 (CHANGED)
[2025-11-28 00:30:04]   [emp_id: 5337] ✓ Updated: 32.48 → 32.56 (CHANGED)
[2025-11-28 00:30:04]   [emp_id: 5339] ✓ Updated: 8.4 → 8.45 (CHANGED)
[2025-11-28 00:30:04]   [emp_id: 5343] ✓ Updated: 42.4 → 42.48 (CHANGED)
[2025-11-28 00:30:04]   [emp_id: 5343] ✓ Updated: 42.4 → 42.48 (CHANGED)
[2025-11-28 00:30:04]   [emp_id: 5345] ✓ Updated: 12.23 → 12.31 (CHANGED)
[2025-11-28 00:30:04]   [emp_id: 5346] ✓ Updated: 37.12 → 37.17 (CHANGED)
[2025-11-28 00:30:04]   [emp_id: 5351] ✓ Updated: 16.06 → 16.11 (CHANGED)
[2025-11-28 00:30:04]   [emp_id: 5352] ✓ Updated: 22.65 → 22.73 (CHANGED)
[2025-11-28 00:30:04]   [emp_id: 5370] ✓ Updated: 13.71 → 13.76 (CHANGED)
[2025-11-28 00:30:04]   [emp_id: 5371] ✓ Updated: 6.23 → 6.31 (CHANGED)
[2025-11-28 00:30:04]   [emp_id: 5376] ✓ Updated: 8.31 → 8.36 (CHANGED)
[2025-11-28 00:30:04]   [emp_id: 5378] ✓ Updated: 20.4 → 20.48 (CHANGED)
[2025-11-28 00:30:04]   [emp_id: 5380] ✓ Updated: 14.72 → 14.77 (CHANGED)
[2025-11-28 00:30:04]   [emp_id: 5381] ✓ Updated: 14.82 → 14.9 (CHANGED)
[2025-11-28 00:30:04]   [emp_id: 5383] ✓ Updated: 13.23 → 13.31 (CHANGED)
[2025-11-28 00:30:04]   [emp_id: 5388] ✓ Updated: 25.5 → 25.55 (CHANGED)
[2025-11-28 00:30:04]   [emp_id: 5392] ✓ Updated: 11.15 → 11.23 (CHANGED)
[2025-11-28 00:30:04]   [emp_id: 5396] ✓ Updated: 26.74 → 26.79 (CHANGED)
[2025-11-28 00:30:04]   [emp_id: 5397] ✓ Updated: 22.95 → 23 (CHANGED)
[2025-11-28 00:30:04]   [emp_id: 5401] ✓ Updated: 21.31 → 21.36 (CHANGED)
[2025-11-28 00:30:04]   [emp_id: 5402] ✓ Updated: 21.43 → 21.48 (CHANGED)
[2025-11-28 00:30:04]   [emp_id: 5406] ✓ Updated: 20.15 → 20.2 (CHANGED)
[2025-11-28 00:30:04]   [emp_id: 5407] ✓ Updated: 21.9 → 21.98 (CHANGED)
[2025-11-28 00:30:04]   [emp_id: 5408] ✓ Updated: 19.65 → 19.73 (CHANGED)
[2025-11-28 00:30:04]   [emp_id: 5409] ✓ Updated: 18.22 → 18.27 (CHANGED)
[2025-11-28 00:30:04]   [emp_id: 5413] ✓ Updated: 25.4 → 25.48 (CHANGED)
[2025-11-28 00:30:04]   [emp_id: 5414] ✓ Updated: 25.07 → 25.15 (CHANGED)
[2025-11-28 00:30:04]   [emp_id: 5415] ✓ Updated: 15.9 → 15.98 (CHANGED)
[2025-11-28 00:30:04]   [emp_id: 5418] ✓ Updated: 16.3 → 16.35 (CHANGED)
[2025-11-28 00:30:04]   [emp_id: 5422] ✓ Updated: 17.73 → 17.81 (CHANGED)
[2025-11-28 00:30:04]   [emp_id: 5423] ✓ Updated: 14.32 → 14.4 (CHANGED)
[2025-11-28 00:30:04]   [emp_id: 5423] ✓ Updated: 14.32 → 14.4 (CHANGED)
[2025-11-28 00:30:04]   [emp_id: 5423] ✓ Updated: 14.32 → 14.4 (CHANGED)
[2025-11-28 00:30:04]   [emp_id: 5424] ✓ Updated: 12.1 → 12.15 (CHANGED)
[2025-11-28 00:30:04]   [emp_id: 5425] ✓ Updated: 12.1 → 12.15 (CHANGED)
[2025-11-28 00:30:04]   [emp_id: 5426] ✓ Updated: 3.49 → 3.57 (CHANGED)
[2025-11-28 00:30:04]   [emp_id: 5426] ✓ Updated: 3.49 → 3.57 (CHANGED)
[2025-11-28 00:30:04]   [emp_id: 5427] ✓ Updated: 12.21 → 12.26 (CHANGED)
[2025-11-28 00:30:04]   [emp_id: 5428] ✓ Updated: 12.1 → 12.15 (CHANGED)
[2025-11-28 00:30:04]   [emp_id: 5430] ✓ Updated: 14.73 → 14.81 (CHANGED)
[2025-11-28 00:30:04]   [emp_id: 5431] ✓ Updated: 11.22 → 11.27 (CHANGED)
[2025-11-28 00:30:04]   [emp_id: 5434] ✓ Updated: 10.99 → 11.04 (CHANGED)
[2025-11-28 00:30:04]   [emp_id: 5435] ✓ Updated: 10.93 → 10.98 (CHANGED)
[2025-11-28 00:30:04]   [emp_id: 5436] ✓ Updated: 10.93 → 10.98 (CHANGED)
[2025-11-28 00:30:04]   [emp_id: 5438] ✓ Updated: 12.65 → 12.73 (CHANGED)
[2025-11-28 00:30:04]   [emp_id: 5439] ✓ Updated: 22.15 → 22.23 (CHANGED)
[2025-11-28 00:30:04]   [emp_id: 5442] ✓ Updated: 11.15 → 11.23 (CHANGED)
[2025-11-28 00:30:04]   [emp_id: 5443] ✓ Updated: 6.61 → 6.66 (CHANGED)
[2025-11-28 00:30:04]   [emp_id: 5445] ✓ Updated: 5.39 → 5.44 (CHANGED)
[2025-11-28 00:30:04]   [emp_id: 5446] ✓ Updated: 5.39 → 5.44 (CHANGED)
[2025-11-28 00:30:04]   [emp_id: 5447] ✓ Updated: 5.33 → 5.38 (CHANGED)
[2025-11-28 00:30:04]   [emp_id: 5448] ✓ Updated: 6.07 → 6.15 (CHANGED)
[2025-11-28 00:30:04]   [emp_id: 5449] ✓ Updated: 3.41 → 3.46 (CHANGED)
[2025-11-28 00:30:04]   [emp_id: 5450] ✓ Updated: 3.35 → 3.4 (CHANGED)
[2025-11-28 00:30:04]   [emp_id: 5451] ✓ Updated: 3.35 → 3.4 (CHANGED)
[2025-11-28 00:30:04]   [emp_id: 5454] ✓ Updated: 4.23 → 4.31 (CHANGED)
[2025-11-28 00:30:04]   [emp_id: 5455] ✓ Updated: 2.48 → 2.56 (CHANGED)
[2025-11-28 00:30:04]   [emp_id: 5456] ✓ Updated: 3.48 → 3.56 (CHANGED)
[2025-11-28 00:30:04] 
[2025-11-28 00:30:04] ========== SUMMARY ==========
[2025-11-28 00:30:04] Total employees processed: 445
[2025-11-28 00:30:04] Records updated: 445
[2025-11-28 00:30:04] Balances changed: 445
[2025-11-28 00:30:04] Errors: 0
[2025-11-28 00:30:04] ========== CRON: Vacation Balance Update Completed ==========
[2025-11-28 00:30:04] 
