[2025-12-29 00:30:02] ========== CRON: Vacation Balance Update Started ==========
[2025-12-29 00:30:02] Database connection established
[2025-12-29 00:30:02] Found 428 active employees with balance records to update
[2025-12-29 00:30:02] (Only employees with status=1 will be processed)
[2025-12-29 00:30:02]   [emp_id: 1061] ✓ Updated: 32.88 → 32.96 (CHANGED)
[2025-12-29 00:30:02]   [emp_id: 1496] ✓ Updated: 16.05 → 16.13 (CHANGED)
[2025-12-29 00:30:02]   [emp_id: 1500] ✓ Updated: 3.73 → 3.81 (CHANGED)
[2025-12-29 00:30:02]   [emp_id: 1574] ✓ Updated: 32.96 → 33.04 (CHANGED)
[2025-12-29 00:30:02]   [emp_id: 1673] ✓ Updated: 44.46 → 44.54 (CHANGED)
[2025-12-29 00:30:02]   [emp_id: 1685] ✓ Updated: 14.38 → 14.46 (CHANGED)
[2025-12-29 00:30:02]   [emp_id: 1764] ✓ Updated: 69.05 → 69.13 (CHANGED)
[2025-12-29 00:30:02]   [emp_id: 1805] ✓ Updated: 63.38 → 63.46 (CHANGED)
[2025-12-29 00:30:02]   [emp_id: 1822] ✓ Updated: 68.13 → 68.21 (CHANGED)
[2025-12-29 00:30:02]   [emp_id: 1837] ✓ Updated: 24.3 → 24.38 (CHANGED)
[2025-12-29 00:30:02]   [emp_id: 1857] ✓ Updated: 19.63 → 19.71 (CHANGED)
[2025-12-29 00:30:02]   [emp_id: 1861] ✓ Updated: 70.46 → 70.54 (CHANGED)
[2025-12-29 00:30:02]   [emp_id: 1872] ✓ Updated: 9.3 → 9.38 (CHANGED)
[2025-12-29 00:30:02]   [emp_id: 1897] ✓ Updated: 4.63 → 4.71 (CHANGED)
[2025-12-29 00:30:02]   [emp_id: 1916] ✓ Updated: 10.93 → 11.01 (CHANGED)
[2025-12-29 00:30:02]   [emp_id: 1928] ✓ Updated: 63.88 → 63.96 (CHANGED)
[2025-12-29 00:30:02]   [emp_id: 1931] ✓ Updated: 83.8 → 83.88 (CHANGED)
[2025-12-29 00:30:02]   [emp_id: 1944] ✓ Updated: 41.96 → 42.04 (CHANGED)
[2025-12-29 00:30:02]   [emp_id: 1996] ✓ Updated: 70.46 → 70.54 (CHANGED)
[2025-12-29 00:30:02]   [emp_id: 1997] ✓ Updated: 35.63 → 35.71 (CHANGED)
[2025-12-29 00:30:02]   [emp_id: 1998] ✓ Updated: 27.07 → 27.15 (CHANGED)
[2025-12-29 00:30:02]   [emp_id: 1999] ✓ Updated: 28.07 → 28.15 (CHANGED)
[2025-12-29 00:30:02]   [emp_id: 2009] ✓ Updated: 34.38 → 34.46 (CHANGED)
[2025-12-29 00:30:02]   [emp_id: 2048] ✓ Updated: 24.21 → 24.29 (CHANGED)
[2025-12-29 00:30:02]   [emp_id: 2057] ✓ Updated: 65.05 → 65.13 (CHANGED)
[2025-12-29 00:30:02]   [emp_id: 2079] ✓ Updated: 47.38 → 47.46 (CHANGED)
[2025-12-29 00:30:02]   [emp_id: 2181] ✓ Updated: 36.38 → 36.46 (CHANGED)
[2025-12-29 00:30:02]   [emp_id: 2190] ✓ Updated: 5.71 → 5.79 (CHANGED)
[2025-12-29 00:30:02]   [emp_id: 2212] ✓ Updated: 23.71 → 23.79 (CHANGED)
[2025-12-29 00:30:02]   [emp_id: 2226] ✓ Updated: 68.46 → 68.54 (CHANGED)
[2025-12-29 00:30:02]   [emp_id: 2238] ✓ Updated: 66.71 → 66.79 (CHANGED)
[2025-12-29 00:30:02]   [emp_id: 2285] ✓ Updated: 35.38 → 35.46 (CHANGED)
[2025-12-29 00:30:02]   [emp_id: 2287] ✓ Updated: 47.05 → 47.13 (CHANGED)
[2025-12-29 00:30:02]   [emp_id: 2288] ✓ Updated: 2.07 → 2.15 (CHANGED)
[2025-12-29 00:30:02]   [emp_id: 2316] ✓ Updated: 15.88 → 15.96 (CHANGED)
[2025-12-29 00:30:02]   [emp_id: 2337] ✓ Updated: 36.96 → 37.04 (CHANGED)
[2025-12-29 00:30:02]   [emp_id: 2352] ✓ Updated: 68.46 → 68.54 (CHANGED)
[2025-12-29 00:30:02]   [emp_id: 2358] ✓ Updated: 4.96 → 5.04 (CHANGED)
[2025-12-29 00:30:02]   [emp_id: 2361] ✓ Updated: 70.63 → 70.71 (CHANGED)
[2025-12-29 00:30:02]   [emp_id: 2363] ✓ Updated: 73.21 → 73.29 (CHANGED)
[2025-12-29 00:30:02]   [emp_id: 2364] ✓ Updated: 72.63 → 72.71 (CHANGED)
[2025-12-29 00:30:02]   [emp_id: 2367] ✓ Updated: 100.3 → 100.38 (CHANGED)
[2025-12-29 00:30:02]   [emp_id: 2368] ✓ Updated: 30.71 → 30.79 (CHANGED)
[2025-12-29 00:30:02]   [emp_id: 2372] ✓ Updated: 67.96 → 68.04 (CHANGED)
[2025-12-29 00:30:02]   [emp_id: 2376] ✓ Updated: 117.96 → 118.04 (CHANGED)
[2025-12-29 00:30:02]   [emp_id: 2423] ✓ Updated: 18.71 → 18.79 (CHANGED)
[2025-12-29 00:30:02]   [emp_id: 2519] ✓ Updated: 172.38 → 172.46 (CHANGED)
[2025-12-29 00:30:02]   [emp_id: 2522] ✓ Updated: 55.96 → 56.04 (CHANGED)
[2025-12-29 00:30:02]   [emp_id: 2530] ✓ Updated: 51.21 → 51.29 (CHANGED)
[2025-12-29 00:30:02]   [emp_id: 2539] ✓ Updated: 47.96 → 48.04 (CHANGED)
[2025-12-29 00:30:02]   [emp_id: 2541] ✓ Updated: 28.55 → 28.63 (CHANGED)
[2025-12-29 00:30:02]   [emp_id: 2550] ✓ Updated: 94.71 → 94.79 (CHANGED)
[2025-12-29 00:30:02]   [emp_id: 2553] ✓ Updated: 31.82 → 31.9 (CHANGED)
[2025-12-29 00:30:02]   [emp_id: 2554] ✓ Updated: 38.3 → 38.38 (CHANGED)
[2025-12-29 00:30:02]   [emp_id: 2565] ✓ Updated: 92.88 → 92.96 (CHANGED)
[2025-12-29 00:30:02]   [emp_id: 2572] ✓ Updated: 42.88 → 42.96 (CHANGED)
[2025-12-29 00:30:02]   [emp_id: 2637] ✓ Updated: 63.46 → 63.54 (CHANGED)
[2025-12-29 00:30:02]   [emp_id: 2642] ✓ Updated: 76.21 → 76.29 (CHANGED)
[2025-12-29 00:30:02]   [emp_id: 2645] ✓ Updated: 92.21 → 92.29 (CHANGED)
[2025-12-29 00:30:02]   [emp_id: 2648] ✓ Updated: 43.88 → 43.96 (CHANGED)
[2025-12-29 00:30:02]   [emp_id: 2654] ✓ Updated: 86.55 → 86.63 (CHANGED)
[2025-12-29 00:30:02]   [emp_id: 2688] ✓ Updated: 24.63 → 24.71 (CHANGED)
[2025-12-29 00:30:02]   [emp_id: 2690] ✓ Updated: 13.38 → 13.46 (CHANGED)
[2025-12-29 00:30:02]   [emp_id: 2709] ✓ Updated: 35.63 → 35.71 (CHANGED)
[2025-12-29 00:30:02]   [emp_id: 2745] ✓ Updated: 32.21 → 32.29 (CHANGED)
[2025-12-29 00:30:02]   [emp_id: 2843] ✓ Updated: 78.8 → 78.88 (CHANGED)
[2025-12-29 00:30:02]   [emp_id: 2854] ✓ Updated: 58.71 → 58.79 (CHANGED)
[2025-12-29 00:30:02]   [emp_id: 2869] ✓ Updated: 63.63 → 63.71 (CHANGED)
[2025-12-29 00:30:02]   [emp_id: 2876] ✓ Updated: 33.46 → 33.54 (CHANGED)
[2025-12-29 00:30:02]   [emp_id: 2924] ✓ Updated: 14.63 → 14.71 (CHANGED)
[2025-12-29 00:30:02]   [emp_id: 2953] ✓ Updated: 100.38 → 100.46 (CHANGED)
[2025-12-29 00:30:02]   [emp_id: 2961] ✓ Updated: 10.38 → 10.46 (CHANGED)
[2025-12-29 00:30:02]   [emp_id: 2975] ✓ Updated: 3.48 → 3.56 (CHANGED)
[2025-12-29 00:30:02]   [emp_id: 3013] ✓ Updated: 9.38 → 9.46 (CHANGED)
[2025-12-29 00:30:02]   [emp_id: 3014] ✓ Updated: 88.63 → 88.71 (CHANGED)
[2025-12-29 00:30:02]   [emp_id: 3015] ✓ Updated: 39.88 → 39.96 (CHANGED)
[2025-12-29 00:30:02]   [emp_id: 3018] ✓ Updated: 58.63 → 58.71 (CHANGED)
[2025-12-29 00:30:02]   [emp_id: 3025] ✓ Updated: 22.4 → 22.48 (CHANGED)
[2025-12-29 00:30:02]   [emp_id: 3037] ✓ Updated: 82.13 → 82.21 (CHANGED)
[2025-12-29 00:30:02]   [emp_id: 3047] ✓ Updated: 70.38 → 70.46 (CHANGED)
[2025-12-29 00:30:02]   [emp_id: 3061] ✓ Updated: 17.3 → 17.38 (CHANGED)
[2025-12-29 00:30:02]   [emp_id: 3062] ✓ Updated: 50.46 → 50.54 (CHANGED)
[2025-12-29 00:30:02]   [emp_id: 3074] ✓ Updated: 106.88 → 106.96 (CHANGED)
[2025-12-29 00:30:02]   [emp_id: 3089] ✓ Updated: 5.8 → 5.88 (CHANGED)
[2025-12-29 00:30:02]   [emp_id: 3090] ✓ Updated: 32.38 → 32.46 (CHANGED)
[2025-12-29 00:30:02]   [emp_id: 3091] ✓ Updated: 44.38 → 44.46 (CHANGED)
[2025-12-29 00:30:02]   [emp_id: 3092] ✓ Updated: 27.05 → 27.13 (CHANGED)
[2025-12-29 00:30:02]   [emp_id: 3105] ✓ Updated: 47.38 → 47.46 (CHANGED)
[2025-12-29 00:30:02]   [emp_id: 3134] ✓ Updated: 43.13 → 43.21 (CHANGED)
[2025-12-29 00:30:02]   [emp_id: 3140] ✓ Updated: 40.21 → 40.29 (CHANGED)
[2025-12-29 00:30:02]   [emp_id: 3144] ✓ Updated: 13.05 → 13.13 (CHANGED)
[2025-12-29 00:30:02]   [emp_id: 3156] ✓ Updated: 16.38 → 16.46 (CHANGED)
[2025-12-29 00:30:02]   [emp_id: 3162] ✓ Updated: 1.36 → 1.44 (CHANGED)
[2025-12-29 00:30:02]   [emp_id: 3163] ✓ Updated: 4.63 → 4.71 (CHANGED)
[2025-12-29 00:30:02]   [emp_id: 3198] ✓ Updated: 39.63 → 39.71 (CHANGED)
[2025-12-29 00:30:02]   [emp_id: 3205] ✓ Updated: 16.3 → 16.38 (CHANGED)
[2025-12-29 00:30:02]   [emp_id: 3209] ✓ Updated: 40.46 → 40.54 (CHANGED)
[2025-12-29 00:30:03]   [emp_id: 3223] ✓ Updated: 89.38 → 89.46 (CHANGED)
[2025-12-29 00:30:03]   [emp_id: 3224] ✓ Updated: 64.13 → 64.21 (CHANGED)
[2025-12-29 00:30:03]   [emp_id: 3230] ✓ Updated: 87.55 → 87.63 (CHANGED)
[2025-12-29 00:30:03]   [emp_id: 3231] ✓ Updated: 21.8 → 21.88 (CHANGED)
[2025-12-29 00:30:03]   [emp_id: 3233] ✓ Updated: 80.38 → 80.46 (CHANGED)
[2025-12-29 00:30:03]   [emp_id: 3249] ✓ Updated: 36.21 → 36.29 (CHANGED)
[2025-12-29 00:30:03]   [emp_id: 3250] ✓ Updated: 9.21 → 9.29 (CHANGED)
[2025-12-29 00:30:03]   [emp_id: 3252] ✓ Updated: 10.13 → 10.21 (CHANGED)
[2025-12-29 00:30:03]   [emp_id: 3254] ✓ Updated: 20.63 → 20.71 (CHANGED)
[2025-12-29 00:30:03]   [emp_id: 3255] ✓ Updated: 17.05 → 17.13 (CHANGED)
[2025-12-29 00:30:03]   [emp_id: 3256] ✓ Updated: 13.3 → 13.38 (CHANGED)
[2025-12-29 00:30:03]   [emp_id: 3263] ✓ Updated: 29.38 → 29.46 (CHANGED)
[2025-12-29 00:30:03]   [emp_id: 3265] ✓ Updated: 24.96 → 25.04 (CHANGED)
[2025-12-29 00:30:03]   [emp_id: 3280] ✓ Updated: 71.88 → 71.96 (CHANGED)
[2025-12-29 00:30:03]   [emp_id: 3286] ✓ Updated: 15.05 → 15.13 (CHANGED)
[2025-12-29 00:30:03]   [emp_id: 3294] ✓ Updated: 14.71 → 14.79 (CHANGED)
[2025-12-29 00:30:03]   [emp_id: 3321] ✓ Updated: 71.88 → 71.96 (CHANGED)
[2025-12-29 00:30:03]   [emp_id: 3325] ✓ Updated: 59.63 → 59.71 (CHANGED)
[2025-12-29 00:30:03]   [emp_id: 3329] ✓ Updated: 61.96 → 62.04 (CHANGED)
[2025-12-29 00:30:03]   [emp_id: 3330] ✓ Updated: 61.96 → 62.04 (CHANGED)
[2025-12-29 00:30:03]   [emp_id: 3332] ✓ Updated: 61.96 → 62.04 (CHANGED)
[2025-12-29 00:30:03]   [emp_id: 3370] ✓ Updated: 53.63 → 53.71 (CHANGED)
[2025-12-29 00:30:03]   [emp_id: 3384] ✓ Updated: 14.13 → 14.21 (CHANGED)
[2025-12-29 00:30:03]   [emp_id: 3386] ✓ Updated: 44.13 → 44.21 (CHANGED)
[2025-12-29 00:30:03]   [emp_id: 3431] ✓ Updated: 18.55 → 18.63 (CHANGED)
[2025-12-29 00:30:03]   [emp_id: 3497] ✓ Updated: 8.71 → 8.79 (CHANGED)
[2025-12-29 00:30:03]   [emp_id: 3532] ✓ Updated: 45.55 → 45.63 (CHANGED)
[2025-12-29 00:30:03]   [emp_id: 3586] ✓ Updated: 9.63 → 9.71 (CHANGED)
[2025-12-29 00:30:03]   [emp_id: 3602] ✓ Updated: 1.12 → 1.2 (CHANGED)
[2025-12-29 00:30:03]   [emp_id: 3618] ✓ Updated: 23.1 → 23.18 (CHANGED)
[2025-12-29 00:30:03]   [emp_id: 3622] ✓ Updated: 34.2 → 34.25 (CHANGED)
[2025-12-29 00:30:03]   [emp_id: 3627] ✓ Updated: 9.05 → 9.13 (CHANGED)
[2025-12-29 00:30:03]   [emp_id: 3665] ✓ Updated: 50.63 → 50.71 (CHANGED)
[2025-12-29 00:30:03]   [emp_id: 3705] ✓ Updated: 27.53 → 27.58 (CHANGED)
[2025-12-29 00:30:03]   [emp_id: 3724] ✓ Updated: 43.63 → 43.71 (CHANGED)
[2025-12-29 00:30:03]   [emp_id: 3726] ✓ Updated: 60.05 → 60.13 (CHANGED)
[2025-12-29 00:30:03]   [emp_id: 3727] ✓ Updated: 65.13 → 65.21 (CHANGED)
[2025-12-29 00:30:03]   [emp_id: 3728] ✓ Updated: 9.46 → 9.54 (CHANGED)
[2025-12-29 00:30:03]   [emp_id: 3742] ✓ Updated: 32.63 → 32.71 (CHANGED)
[2025-12-29 00:30:03]   [emp_id: 3767] ✓ Updated: 60.21 → 60.29 (CHANGED)
[2025-12-29 00:30:03]   [emp_id: 3768] ✓ Updated: 56.46 → 56.54 (CHANGED)
[2025-12-29 00:30:03]   [emp_id: 3787] ✓ Updated: 57.05 → 57.13 (CHANGED)
[2025-12-29 00:30:03]   [emp_id: 3790] ✓ Updated: 1.6 → 1.68 (CHANGED)
[2025-12-29 00:30:03]   [emp_id: 3795] ✓ Updated: 14.55 → 14.63 (CHANGED)
[2025-12-29 00:30:03]   [emp_id: 3798] ✓ Updated: 92.96 → 93.04 (CHANGED)
[2025-12-29 00:30:03]   [emp_id: 3801] ✓ Updated: 1.23 → 1.31 (CHANGED)
[2025-12-29 00:30:03]   [emp_id: 3802] ✓ Updated: 30.21 → 30.29 (CHANGED)
[2025-12-29 00:30:03]   [emp_id: 3803] ✓ Updated: 114.63 → 114.71 (CHANGED)
[2025-12-29 00:30:03]   [emp_id: 3810] ✓ Updated: 60.63 → 60.71 (CHANGED)
[2025-12-29 00:30:03]   [emp_id: 3812] ✓ Updated: 89.63 → 89.71 (CHANGED)
[2025-12-29 00:30:03]   [emp_id: 3815] ✓ Updated: 89.63 → 89.71 (CHANGED)
[2025-12-29 00:30:03]   [emp_id: 3836] ✓ Updated: 57.3 → 57.38 (CHANGED)
[2025-12-29 00:30:03]   [emp_id: 3855] ✓ Updated: 50.46 → 50.54 (CHANGED)
[2025-12-29 00:30:03]   [emp_id: 3857] ✓ Updated: 54.13 → 54.21 (CHANGED)
[2025-12-29 00:30:03]   [emp_id: 3862] ✓ Updated: 102.21 → 102.29 (CHANGED)
[2025-12-29 00:30:03]   [emp_id: 3866] ✓ Updated: 27.46 → 27.54 (CHANGED)
[2025-12-29 00:30:03]   [emp_id: 3876] ✓ Updated: 47.63 → 47.71 (CHANGED)
[2025-12-29 00:30:03]   [emp_id: 3877] ✓ Updated: 49.13 → 49.21 (CHANGED)
[2025-12-29 00:30:03]   [emp_id: 3897] ✓ Updated: 37.38 → 37.46 (CHANGED)
[2025-12-29 00:30:03]   [emp_id: 3899] ✓ Updated: 0.56 → 0.64 (CHANGED)
[2025-12-29 00:30:03]   [emp_id: 3928] ✓ Updated: 13.46 → 13.54 (CHANGED)
[2025-12-29 00:30:03]   [emp_id: 3929] ✓ Updated: 8.46 → 8.54 (CHANGED)
[2025-12-29 00:30:03]   [emp_id: 3935] ✓ Updated: 93.46 → 93.54 (CHANGED)
[2025-12-29 00:30:03]   [emp_id: 3952] ✓ Updated: 75.8 → 75.88 (CHANGED)
[2025-12-29 00:30:03]   [emp_id: 3987] ✓ Updated: 13.71 → 13.79 (CHANGED)
[2025-12-29 00:30:03]   [emp_id: 4059] ✓ Updated: 2.91 → 2.99 (CHANGED)
[2025-12-29 00:30:03]   [emp_id: 4119] ✓ Updated: 56.38 → 56.46 (CHANGED)
[2025-12-29 00:30:03]   [emp_id: 4120] ✓ Updated: 25.96 → 26.04 (CHANGED)
[2025-12-29 00:30:03]   [emp_id: 4124] ✓ Updated: 26.48 → 26.56 (CHANGED)
[2025-12-29 00:30:03]   [emp_id: 4133] ✓ Updated: 104.96 → 105.04 (CHANGED)
[2025-12-29 00:30:03]   [emp_id: 4134] ✓ Updated: 25.96 → 26.04 (CHANGED)
[2025-12-29 00:30:03]   [emp_id: 4136] ✓ Updated: 25.96 → 26.04 (CHANGED)
[2025-12-29 00:30:03]   [emp_id: 4150] ✓ Updated: 24.63 → 24.71 (CHANGED)
[2025-12-29 00:30:03]   [emp_id: 4157] ✓ Updated: 18.13 → 18.21 (CHANGED)
[2025-12-29 00:30:03]   [emp_id: 4172] ✓ Updated: 12.11 → 12.16 (CHANGED)
[2025-12-29 00:30:03]   [emp_id: 4195] ✓ Updated: 61.71 → 61.79 (CHANGED)
[2025-12-29 00:30:03]   [emp_id: 4215] ✓ Updated: 44.38 → 44.46 (CHANGED)
[2025-12-29 00:30:03]   [emp_id: 4220] ✓ Updated: 39.96 → 40.04 (CHANGED)
[2025-12-29 00:30:03]   [emp_id: 4273] ✓ Updated: 8.63 → 8.71 (CHANGED)
[2025-12-29 00:30:03]   [emp_id: 4283] ✓ Updated: 13.2 → 13.25 (CHANGED)
[2025-12-29 00:30:03]   [emp_id: 4288] ✓ Updated: 0.88 → 0.96 (CHANGED)
[2025-12-29 00:30:03]   [emp_id: 4315] ✓ Updated: 14.88 → 14.96 (CHANGED)
[2025-12-29 00:30:03]   [emp_id: 4328] ✓ Updated: 42.03 → 42.08 (CHANGED)
[2025-12-29 00:30:03]   [emp_id: 4329] ✓ Updated: 5.05 → 5.13 (CHANGED)
[2025-12-29 00:30:03]   [emp_id: 4338] ✓ Updated: 46.63 → 46.71 (CHANGED)
[2025-12-29 00:30:03]   [emp_id: 4340] ✓ Updated: 125.63 → 125.71 (CHANGED)
[2025-12-29 00:30:03]   [emp_id: 4365] ✓ Updated: 60.05 → 60.13 (CHANGED)
[2025-12-29 00:30:03]   [emp_id: 4366] ✓ Updated: 59.13 → 59.21 (CHANGED)
[2025-12-29 00:30:03]   [emp_id: 4403] ✓ Updated: 84.96 → 85.04 (CHANGED)
[2025-12-29 00:30:03]   [emp_id: 4438] ✓ Updated: 20.63 → 20.71 (CHANGED)
[2025-12-29 00:30:03]   [emp_id: 4465] ✓ Updated: 12.36 → 12.41 (CHANGED)
[2025-12-29 00:30:03]   [emp_id: 4473] ✓ Updated: 44.21 → 44.29 (CHANGED)
[2025-12-29 00:30:03]   [emp_id: 4474] ✓ Updated: 59.11 → 59.16 (CHANGED)
[2025-12-29 00:30:03]   [emp_id: 4493] ✓ Updated: 163.05 → 163.13 (CHANGED)
[2025-12-29 00:30:03]   [emp_id: 4526] ✓ Updated: 35.3 → 35.38 (CHANGED)
[2025-12-29 00:30:03]   [emp_id: 4528] ✓ Updated: 107.05 → 107.13 (CHANGED)
[2025-12-29 00:30:03]   [emp_id: 4528] ✓ Updated: 107.05 → 107.13 (CHANGED)
[2025-12-29 00:30:03]   [emp_id: 4532] ✓ Updated: 7.48 → 7.53 (CHANGED)
[2025-12-29 00:30:03]   [emp_id: 4533] ✓ Updated: 35.46 → 35.54 (CHANGED)
[2025-12-29 00:30:03]   [emp_id: 4564] ✓ Updated: 25.11 → 25.16 (CHANGED)
[2025-12-29 00:30:03]   [emp_id: 4565] ✓ Updated: 14.86 → 14.91 (CHANGED)
[2025-12-29 00:30:03]   [emp_id: 4567] ✓ Updated: 19.11 → 19.16 (CHANGED)
[2025-12-29 00:30:03]   [emp_id: 4572] ✓ Updated: 58.61 → 58.66 (CHANGED)
[2025-12-29 00:30:03]   [emp_id: 4631] ✓ Updated: 14.86 → 14.91 (CHANGED)
[2025-12-29 00:30:03]   [emp_id: 4655] ✓ Updated: 24.38 → 24.46 (CHANGED)
[2025-12-29 00:30:03]   [emp_id: 4689] ✓ Updated: 2.15 → 2.23 (CHANGED)
[2025-12-29 00:30:03]   [emp_id: 4709] ✓ Updated: 39.63 → 39.71 (CHANGED)
[2025-12-29 00:30:03]   [emp_id: 4717] ✓ Updated: 65.63 → 65.71 (CHANGED)
[2025-12-29 00:30:03]   [emp_id: 4736] ✓ Updated: 27.46 → 27.54 (CHANGED)
[2025-12-29 00:30:03]   [emp_id: 4756] ✓ Updated: 11.3 → 11.35 (CHANGED)
[2025-12-29 00:30:03]   [emp_id: 4768] ✓ Updated: 12.13 → 12.21 (CHANGED)
[2025-12-29 00:30:03]   [emp_id: 4780] ✓ Updated: 65.03 → 65.08 (CHANGED)
[2025-12-29 00:30:03]   [emp_id: 4820] ✓ Updated: 98.46 → 98.54 (CHANGED)
[2025-12-29 00:30:03]   [emp_id: 4825] ✓ Updated: 30.21 → 30.29 (CHANGED)
[2025-12-29 00:30:03]   [emp_id: 4835] ✓ Updated: 47.78 → 47.83 (CHANGED)
[2025-12-29 00:30:03]   [emp_id: 4837] ✓ Updated: 45.02 → 45.07 (CHANGED)
[2025-12-29 00:30:03]   [emp_id: 4838] ✓ Updated: 44.04 → 44.09 (CHANGED)
[2025-12-29 00:30:03]   [emp_id: 4840] ✓ Updated: 45.02 → 45.07 (CHANGED)
[2025-12-29 00:30:03]   [emp_id: 4842] ✓ Updated: 44.26 → 44.31 (CHANGED)
[2025-12-29 00:30:03]   [emp_id: 4843] ✓ Updated: 44.79 → 44.84 (CHANGED)
[2025-12-29 00:30:03]   [emp_id: 4853] ✓ Updated: 88.61 → 88.66 (CHANGED)
[2025-12-29 00:30:03]   [emp_id: 4856] ✓ Updated: 41.93 → 41.98 (CHANGED)
[2025-12-29 00:30:03]   [emp_id: 4857] ✓ Updated: 24.75 → 24.8 (CHANGED)
[2025-12-29 00:30:03]   [emp_id: 4858] ✓ Updated: 21.63 → 21.68 (CHANGED)
[2025-12-29 00:30:03]   [emp_id: 4859] ✓ Updated: 43.1 → 43.15 (CHANGED)
[2025-12-29 00:30:03]   [emp_id: 4860] ✓ Updated: 7.6 → 7.65 (CHANGED)
[2025-12-29 00:30:03]   [emp_id: 4861] ✓ Updated: 41.06 → 41.11 (CHANGED)
[2025-12-29 00:30:03]   [emp_id: 4869] ✓ Updated: 83.94 → 83.99 (CHANGED)
[2025-12-29 00:30:03]   [emp_id: 4894] ✓ Updated: 7.13 → 7.21 (CHANGED)
[2025-12-29 00:30:03]   [emp_id: 4897] ✓ Updated: 22.84 → 22.89 (CHANGED)
[2025-12-29 00:30:03]   [emp_id: 4899] ✓ Updated: 19.01 → 19.06 (CHANGED)
[2025-12-29 00:30:03]   [emp_id: 4902] ✓ Updated: 18.43 → 18.48 (CHANGED)
[2025-12-29 00:30:03]   [emp_id: 4903] ✓ Updated: 20.65 → 20.7 (CHANGED)
[2025-12-29 00:30:03]   [emp_id: 4905] ✓ Updated: 19.31 → 19.36 (CHANGED)
[2025-12-29 00:30:03]   [emp_id: 4907] ✓ Updated: 47.21 → 47.29 (CHANGED)
[2025-12-29 00:30:03]   [emp_id: 4917] ✓ Updated: 16.27 → 16.32 (CHANGED)
[2025-12-29 00:30:03]   [emp_id: 4918] ✓ Updated: 6.04 → 6.09 (CHANGED)
[2025-12-29 00:30:03]   [emp_id: 4919] ✓ Updated: 58.33 → 58.38 (CHANGED)
[2025-12-29 00:30:03]   [emp_id: 4920] ✓ Updated: 5.41 → 5.46 (CHANGED)
[2025-12-29 00:30:03]   [emp_id: 4921] ✓ Updated: 17.5 → 17.55 (CHANGED)
[2025-12-29 00:30:03]   [emp_id: 4927] ✓ Updated: 16.33 → 16.38 (CHANGED)
[2025-12-29 00:30:03]   [emp_id: 4929] ✓ Updated: 17.85 → 17.9 (CHANGED)
[2025-12-29 00:30:03]   [emp_id: 4930] ✓ Updated: 58.62 → 58.67 (CHANGED)
[2025-12-29 00:30:03]   [emp_id: 4932] ✓ Updated: 16.62 → 16.67 (CHANGED)
[2025-12-29 00:30:03]   [emp_id: 4933] ✓ Updated: 20.03 → 20.08 (CHANGED)
[2025-12-29 00:30:03]   [emp_id: 4949] ✓ Updated: 35.46 → 35.51 (CHANGED)
[2025-12-29 00:30:03]   [emp_id: 4956] ✓ Updated: 29.05 → 29.1 (CHANGED)
[2025-12-29 00:30:03]   [emp_id: 4957] ✓ Updated: 29.72 → 29.77 (CHANGED)
[2025-12-29 00:30:03]   [emp_id: 4962] ✓ Updated: 46.57 → 46.65 (CHANGED)
[2025-12-29 00:30:03]   [emp_id: 4969] ✓ Updated: 45.88 → 45.96 (CHANGED)
[2025-12-29 00:30:03]   [emp_id: 4976] ✓ Updated: 9.74 → 9.79 (CHANGED)
[2025-12-29 00:30:04]   [emp_id: 4984] ✓ Updated: 37.13 → 37.21 (CHANGED)
[2025-12-29 00:30:04]   [emp_id: 4995] ✓ Updated: 49.2 → 49.28 (CHANGED)
[2025-12-29 00:30:04]   [emp_id: 5004] ✓ Updated: 26.68 → 26.73 (CHANGED)
[2025-12-29 00:30:04]   [emp_id: 5006] ✓ Updated: 26.42 → 26.47 (CHANGED)
[2025-12-29 00:30:04]   [emp_id: 5011] ✓ Updated: 12.8 → 12.88 (CHANGED)
[2025-12-29 00:30:04]   [emp_id: 5013] ✓ Updated: 66.79 → 66.84 (CHANGED)
[2025-12-29 00:30:04]   [emp_id: 5018] ✓ Updated: 3.28 → 3.33 (CHANGED)
[2025-12-29 00:30:04]   [emp_id: 5021] ✓ Updated: 60.23 → 60.31 (CHANGED)
[2025-12-29 00:30:04]   [emp_id: 5024] ✓ Updated: 1.3 → 1.35 (CHANGED)
[2025-12-29 00:30:04]   [emp_id: 5030] ✓ Updated: 31.25 → 31.3 (CHANGED)
[2025-12-29 00:30:04]   [emp_id: 5033] ✓ Updated: 22.05 → 22.1 (CHANGED)
[2025-12-29 00:30:04]   [emp_id: 5043] ✓ Updated: 29.8 → 29.88 (CHANGED)
[2025-12-29 00:30:04]   [emp_id: 5045] ✓ Updated: 26.3 → 26.38 (CHANGED)
[2025-12-29 00:30:04]   [emp_id: 5046] ✓ Updated: 21.49 → 21.57 (CHANGED)
[2025-12-29 00:30:04]   [emp_id: 5049] ✓ Updated: 38.73 → 38.78 (CHANGED)
[2025-12-29 00:30:04]   [emp_id: 5052] ✓ Updated: 30.01 → 30.06 (CHANGED)
[2025-12-29 00:30:04]   [emp_id: 5055] ✓ Updated: 18.45 → 18.5 (CHANGED)
[2025-12-29 00:30:04]   [emp_id: 5058] ✓ Updated: 27.43 → 27.48 (CHANGED)
[2025-12-29 00:30:04]   [emp_id: 5062] ✓ Updated: 39.26 → 39.31 (CHANGED)
[2025-12-29 00:30:04]   [emp_id: 5064] ✓ Updated: 117.13 → 117.21 (CHANGED)
[2025-12-29 00:30:04]   [emp_id: 5065] ✓ Updated: 38.67 → 38.72 (CHANGED)
[2025-12-29 00:30:04]   [emp_id: 5071] ✓ Updated: 22.63 → 22.71 (CHANGED)
[2025-12-29 00:30:04]   [emp_id: 5073] ✓ Updated: 13.27 → 13.32 (CHANGED)
[2025-12-29 00:30:04]   [emp_id: 5079] ✓ Updated: 33.83 → 33.88 (CHANGED)
[2025-12-29 00:30:04]   [emp_id: 5080] ✓ Updated: 29.16 → 29.21 (CHANGED)
[2025-12-29 00:30:04]   [emp_id: 5081] ✓ Updated: 15.42 → 15.47 (CHANGED)
[2025-12-29 00:30:04]   [emp_id: 5087] ✓ Updated: 35.46 → 35.51 (CHANGED)
[2025-12-29 00:30:04]   [emp_id: 5091] ✓ Updated: 75.31 → 75.36 (CHANGED)
[2025-12-29 00:30:04]   [emp_id: 5093] ✓ Updated: 13.8 → 13.88 (CHANGED)
[2025-12-29 00:30:04]   [emp_id: 5095] ✓ Updated: 0.85 → 0.9 (CHANGED)
[2025-12-29 00:30:04]   [emp_id: 5101] ✓ Updated: 15.88 → 15.96 (CHANGED)
[2025-12-29 00:30:04]   [emp_id: 5107] ✓ Updated: 14.21 → 14.29 (CHANGED)
[2025-12-29 00:30:04]   [emp_id: 5109] ✓ Updated: 11.46 → 11.54 (CHANGED)
[2025-12-29 00:30:04]   [emp_id: 5119] ✓ Updated: 9.63 → 9.71 (CHANGED)
[2025-12-29 00:30:04]   [emp_id: 5122] ✓ Updated: 6.8 → 6.88 (CHANGED)
[2025-12-29 00:30:04]   [emp_id: 5126] ✓ Updated: 26.19 → 26.24 (CHANGED)
[2025-12-29 00:30:04]   [emp_id: 5127] ✓ Updated: 22.98 → 23.03 (CHANGED)
[2025-12-29 00:30:04]   [emp_id: 5128] ✓ Updated: 26.13 → 26.18 (CHANGED)
[2025-12-29 00:30:04]   [emp_id: 5138] ✓ Updated: 65.46 → 65.54 (CHANGED)
[2025-12-29 00:30:04]   [emp_id: 5138] ✓ Updated: 65.46 → 65.54 (CHANGED)
[2025-12-29 00:30:04]   [emp_id: 5141] ✓ Updated: 34.5 → 34.55 (CHANGED)
[2025-12-29 00:30:04]   [emp_id: 5142] ✓ Updated: 13.5 → 13.55 (CHANGED)
[2025-12-29 00:30:04]   [emp_id: 5146] ✓ Updated: 20.5 → 20.55 (CHANGED)
[2025-12-29 00:30:04]   [emp_id: 5147] ✓ Updated: 19.5 → 19.55 (CHANGED)
[2025-12-29 00:30:04]   [emp_id: 5148] ✓ Updated: 24.85 → 24.9 (CHANGED)
[2025-12-29 00:30:04]   [emp_id: 5149] ✓ Updated: 23.74 → 23.79 (CHANGED)
[2025-12-29 00:30:04]   [emp_id: 5150] ✓ Updated: 23.1 → 23.15 (CHANGED)
[2025-12-29 00:30:04]   [emp_id: 5151] ✓ Updated: 22.92 → 22.97 (CHANGED)
[2025-12-29 00:30:04]   [emp_id: 5152] ✓ Updated: 3.34 → 3.39 (CHANGED)
[2025-12-29 00:30:04]   [emp_id: 5157] ✓ Updated: 22.92 → 22.97 (CHANGED)
[2025-12-29 00:30:04]   [emp_id: 5160] ✓ Updated: 22.92 → 22.97 (CHANGED)
[2025-12-29 00:30:04]   [emp_id: 5163] ✓ Updated: 20.71 → 20.76 (CHANGED)
[2025-12-29 00:30:04]   [emp_id: 5165] ✓ Updated: 0.9 → 0.98 (CHANGED)
[2025-12-29 00:30:04]   [emp_id: 5167] ✓ Updated: 29.86 → 29.91 (CHANGED)
[2025-12-29 00:30:04]   [emp_id: 5168] ✓ Updated: 22.4 → 22.45 (CHANGED)
[2025-12-29 00:30:04]   [emp_id: 5173] ✓ Updated: 24.55 → 24.63 (CHANGED)
[2025-12-29 00:30:04]   [emp_id: 5174] ✓ Updated: 22.86 → 22.91 (CHANGED)
[2025-12-29 00:30:04]   [emp_id: 5181] ✓ Updated: 19.25 → 19.3 (CHANGED)
[2025-12-29 00:30:04]   [emp_id: 5186] ✓ Updated: 24.78 → 24.83 (CHANGED)
[2025-12-29 00:30:04]   [emp_id: 5187] ✓ Updated: 35.78 → 35.83 (CHANGED)
[2025-12-29 00:30:04]   [emp_id: 5204] ✓ Updated: 22.05 → 22.13 (CHANGED)
[2025-12-29 00:30:04]   [emp_id: 5205] ✓ Updated: 11.99 → 12.04 (CHANGED)
[2025-12-29 00:30:04]   [emp_id: 5209] ✓ Updated: 14.99 → 15.04 (CHANGED)
[2025-12-29 00:30:04]   [emp_id: 5213] ✓ Updated: 1.4 → 1.45 (CHANGED)
[2025-12-29 00:30:04]   [emp_id: 5214] ✓ Updated: 3.24 → 3.29 (CHANGED)
[2025-12-29 00:30:04]   [emp_id: 5215] ✓ Updated: 9.99 → 10.04 (CHANGED)
[2025-12-29 00:30:04]   [emp_id: 5217] ✓ Updated: 8.99 → 9.04 (CHANGED)
[2025-12-29 00:30:04]   [emp_id: 5219] ✓ Updated: 12.99 → 13.04 (CHANGED)
[2025-12-29 00:30:04]   [emp_id: 5221] ✓ Updated: 4.36 → 4.41 (CHANGED)
[2025-12-29 00:30:04]   [emp_id: 5224] ✓ Updated: 13.99 → 14.04 (CHANGED)
[2025-12-29 00:30:04]   [emp_id: 5225] ✓ Updated: 8.66 → 8.71 (CHANGED)
[2025-12-29 00:30:04]   [emp_id: 5228] ✓ Updated: 8.99 → 9.04 (CHANGED)
[2025-12-29 00:30:04]   [emp_id: 5229] ✓ Updated: 4.99 → 5.04 (CHANGED)
[2025-12-29 00:30:04]   [emp_id: 5230] ✓ Updated: 11.66 → 11.71 (CHANGED)
[2025-12-29 00:30:04]   [emp_id: 5231] ✓ Updated: 5.99 → 6.04 (CHANGED)
[2025-12-29 00:30:04]   [emp_id: 5232] ✓ Updated: 10.99 → 11.04 (CHANGED)
[2025-12-29 00:30:04]   [emp_id: 5233] ✓ Updated: 3.99 → 4.04 (CHANGED)
[2025-12-29 00:30:04]   [emp_id: 5234] ✓ Updated: 3.99 → 4.04 (CHANGED)
[2025-12-29 00:30:04]   [emp_id: 5235] ✓ Updated: 4.66 → 4.71 (CHANGED)
[2025-12-29 00:30:04]   [emp_id: 5237] ✓ Updated: 10.24 → 10.29 (CHANGED)
[2025-12-29 00:30:04]   [emp_id: 5239] ✓ Updated: 6.99 → 7.04 (CHANGED)
[2025-12-29 00:30:04]   [emp_id: 5241] ✓ Updated: 4.99 → 5.04 (CHANGED)
[2025-12-29 00:30:04]   [emp_id: 5242] ✓ Updated: 14.99 → 15.04 (CHANGED)
[2025-12-29 00:30:04]   [emp_id: 5243] ✓ Updated: 1.4 → 1.45 (CHANGED)
[2025-12-29 00:30:04]   [emp_id: 5244] ✓ Updated: 0.7 → 0.75 (CHANGED)
[2025-12-29 00:30:04]   [emp_id: 5246] ✓ Updated: 10.99 → 11.04 (CHANGED)
[2025-12-29 00:30:04]   [emp_id: 5253] ✓ Updated: 23.86 → 23.91 (CHANGED)
[2025-12-29 00:30:04]   [emp_id: 5254] ✓ Updated: 11.84 → 11.89 (CHANGED)
[2025-12-29 00:30:04]   [emp_id: 5257] ✓ Updated: 11.55 → 11.6 (CHANGED)
[2025-12-29 00:30:04]   [emp_id: 5259] ✓ Updated: 48.08 → 48.13 (CHANGED)
[2025-12-29 00:30:04]   [emp_id: 5261] ✓ Updated: 15.65 → 15.73 (CHANGED)
[2025-12-29 00:30:04]   [emp_id: 5264] ✓ Updated: 25.56 → 25.61 (CHANGED)
[2025-12-29 00:30:04]   [emp_id: 5266] ✓ Updated: 20.18 → 20.23 (CHANGED)
[2025-12-29 00:30:04]   [emp_id: 5268] ✓ Updated: 8.75 → 8.8 (CHANGED)
[2025-12-29 00:30:04]   [emp_id: 5271] ✓ Updated: 7.41 → 7.46 (CHANGED)
[2025-12-29 00:30:04]   [emp_id: 5272] ✓ Updated: 8.28 → 8.33 (CHANGED)
[2025-12-29 00:30:04]   [emp_id: 5273] ✓ Updated: 23.35 → 23.4 (CHANGED)
[2025-12-29 00:30:04]   [emp_id: 5275] ✓ Updated: 9.1 → 9.15 (CHANGED)
[2025-12-29 00:30:04]   [emp_id: 5276] ✓ Updated: 23.37 → 23.42 (CHANGED)
[2025-12-29 00:30:04]   [emp_id: 5278] ✓ Updated: 7.76 → 7.81 (CHANGED)
[2025-12-29 00:30:04]   [emp_id: 5280] ✓ Updated: 18.16 → 18.21 (CHANGED)
[2025-12-29 00:30:04]   [emp_id: 5282] ✓ Updated: 11.13 → 11.21 (CHANGED)
[2025-12-29 00:30:04]   [emp_id: 5285] ✓ Updated: 28.16 → 28.21 (CHANGED)
[2025-12-29 00:30:04]   [emp_id: 5286] ✓ Updated: 15.16 → 15.21 (CHANGED)
[2025-12-29 00:30:04]   [emp_id: 5287] ✓ Updated: 49.46 → 49.51 (CHANGED)
[2025-12-29 00:30:04]   [emp_id: 5288] ✓ Updated: 6.73 → 6.78 (CHANGED)
[2025-12-29 00:30:04]   [emp_id: 5289] ✓ Updated: 48.01 → 48.06 (CHANGED)
[2025-12-29 00:30:04]   [emp_id: 5290] ✓ Updated: 46.78 → 46.83 (CHANGED)
[2025-12-29 00:30:04]   [emp_id: 5291] ✓ Updated: 4.78 → 4.83 (CHANGED)
[2025-12-29 00:30:04]   [emp_id: 5292] ✓ Updated: 4.72 → 4.77 (CHANGED)
[2025-12-29 00:30:04]   [emp_id: 5293] ✓ Updated: 37.3 → 37.38 (CHANGED)
[2025-12-29 00:30:04]   [emp_id: 5294] ✓ Updated: 7.05 → 7.13 (CHANGED)
[2025-12-29 00:30:04]   [emp_id: 5295] ✓ Updated: 20.96 → 21.01 (CHANGED)
[2025-12-29 00:30:04]   [emp_id: 5296] ✓ Updated: 34.07 → 34.15 (CHANGED)
[2025-12-29 00:30:04]   [emp_id: 5297] ✓ Updated: 45.38 → 45.43 (CHANGED)
[2025-12-29 00:30:04]   [emp_id: 5298] ✓ Updated: 45.38 → 45.43 (CHANGED)
[2025-12-29 00:30:04]   [emp_id: 5299] ✓ Updated: 45.38 → 45.43 (CHANGED)
[2025-12-29 00:30:04]   [emp_id: 5300] ✓ Updated: 45.38 → 45.43 (CHANGED)
[2025-12-29 00:30:04]   [emp_id: 5301] ✓ Updated: 3.2 → 3.25 (CHANGED)
[2025-12-29 00:30:04]   [emp_id: 5303] ✓ Updated: 3.63 → 3.68 (CHANGED)
[2025-12-29 00:30:04]   [emp_id: 5304] ✓ Updated: 45.38 → 45.43 (CHANGED)
[2025-12-29 00:30:04]   [emp_id: 5305] ✓ Updated: 3.38 → 3.43 (CHANGED)
[2025-12-29 00:30:04]   [emp_id: 5306] ✓ Updated: 45.09 → 45.14 (CHANGED)
[2025-12-29 00:30:04]   [emp_id: 5307] ✓ Updated: 45.09 → 45.14 (CHANGED)
[2025-12-29 00:30:04]   [emp_id: 5312] ✓ Updated: 0.7 → 0.75 (CHANGED)
[2025-12-29 00:30:04]   [emp_id: 5318] ✓ Updated: 25.8 → 25.85 (CHANGED)
[2025-12-29 00:30:04]   [emp_id: 5325] ✓ Updated: 21.76 → 21.81 (CHANGED)
[2025-12-29 00:30:04]   [emp_id: 5327] ✓ Updated: 0.85 → 0.9 (CHANGED)
[2025-12-29 00:30:04]   [emp_id: 5337] ✓ Updated: 34.96 → 35.04 (CHANGED)
[2025-12-29 00:30:04]   [emp_id: 5339] ✓ Updated: 9.95 → 10 (CHANGED)
[2025-12-29 00:30:04]   [emp_id: 5343] ✓ Updated: 44.88 → 44.96 (CHANGED)
[2025-12-29 00:30:04]   [emp_id: 5343] ✓ Updated: 44.88 → 44.96 (CHANGED)
[2025-12-29 00:30:04]   [emp_id: 5345] ✓ Updated: 14.71 → 14.79 (CHANGED)
[2025-12-29 00:30:04]   [emp_id: 5346] ✓ Updated: 1.67 → 1.72 (CHANGED)
[2025-12-29 00:30:04]   [emp_id: 5351] ✓ Updated: 16.61 → 16.66 (CHANGED)
[2025-12-29 00:30:04]   [emp_id: 5352] ✓ Updated: 25.13 → 25.21 (CHANGED)
[2025-12-29 00:30:04]   [emp_id: 5370] ✓ Updated: 15.26 → 15.31 (CHANGED)
[2025-12-29 00:30:04]   [emp_id: 5371] ✓ Updated: 1.04 → 1.12 (CHANGED)
[2025-12-29 00:30:04]   [emp_id: 5376] ✓ Updated: 9.86 → 9.91 (CHANGED)
[2025-12-29 00:30:04]   [emp_id: 5378] ✓ Updated: 16.96 → 17.04 (CHANGED)
[2025-12-29 00:30:04]   [emp_id: 5380] ✓ Updated: 16.27 → 16.32 (CHANGED)
[2025-12-29 00:30:04]   [emp_id: 5381] ✓ Updated: 11.4 → 11.48 (CHANGED)
[2025-12-29 00:30:04]   [emp_id: 5383] ✓ Updated: 15.71 → 15.79 (CHANGED)
[2025-12-29 00:30:04]   [emp_id: 5388] ✓ Updated: 27.05 → 27.1 (CHANGED)
[2025-12-29 00:30:04]   [emp_id: 5396] ✓ Updated: 28.29 → 28.34 (CHANGED)
[2025-12-29 00:30:04]   [emp_id: 5397] ✓ Updated: 19.75 → 19.8 (CHANGED)
[2025-12-29 00:30:04]   [emp_id: 5401] ✓ Updated: 22.86 → 22.91 (CHANGED)
[2025-12-29 00:30:04]   [emp_id: 5402] ✓ Updated: 22.98 → 23.03 (CHANGED)
[2025-12-29 00:30:04]   [emp_id: 5406] ✓ Updated: 21.7 → 21.75 (CHANGED)
[2025-12-29 00:30:04]   [emp_id: 5407] ✓ Updated: 15.48 → 15.56 (CHANGED)
[2025-12-29 00:30:04]   [emp_id: 5409] ✓ Updated: 16.04 → 16.09 (CHANGED)
[2025-12-29 00:30:04]   [emp_id: 5413] ✓ Updated: 27.88 → 27.96 (CHANGED)
[2025-12-29 00:30:04]   [emp_id: 5414] ✓ Updated: 27.55 → 27.63 (CHANGED)
[2025-12-29 00:30:04]   [emp_id: 5415] ✓ Updated: 3.48 → 3.56 (CHANGED)
[2025-12-29 00:30:05]   [emp_id: 5418] ✓ Updated: 15.1 → 15.15 (CHANGED)
[2025-12-29 00:30:05]   [emp_id: 5422] ✓ Updated: 20.21 → 20.29 (CHANGED)
[2025-12-29 00:30:05]   [emp_id: 5423] ✓ Updated: 4.9 → 4.98 (CHANGED)
[2025-12-29 00:30:05]   [emp_id: 5425] ✓ Updated: 13.65 → 13.7 (CHANGED)
[2025-12-29 00:30:05]   [emp_id: 5426] ✓ Updated: 3.45 → 3.53 (CHANGED)
[2025-12-29 00:30:05]   [emp_id: 5426] ✓ Updated: 3.45 → 3.53 (CHANGED)
[2025-12-29 00:30:05]   [emp_id: 5427] ✓ Updated: 13.76 → 13.81 (CHANGED)
[2025-12-29 00:30:05]   [emp_id: 5428] ✓ Updated: 13.65 → 13.7 (CHANGED)
[2025-12-29 00:30:05]   [emp_id: 5430] ✓ Updated: 17.21 → 17.29 (CHANGED)
[2025-12-29 00:30:05]   [emp_id: 5431] ✓ Updated: 12.77 → 12.82 (CHANGED)
[2025-12-29 00:30:05]   [emp_id: 5434] ✓ Updated: 12.54 → 12.59 (CHANGED)
[2025-12-29 00:30:05]   [emp_id: 5435] ✓ Updated: 12.48 → 12.53 (CHANGED)
[2025-12-29 00:30:05]   [emp_id: 5436] ✓ Updated: 12.48 → 12.53 (CHANGED)
[2025-12-29 00:30:05]   [emp_id: 5438] ✓ Updated: 15.13 → 15.21 (CHANGED)
[2025-12-29 00:30:05]   [emp_id: 5439] ✓ Updated: 24.63 → 24.71 (CHANGED)
[2025-12-29 00:30:05]   [emp_id: 5442] ✓ Updated: 13.63 → 13.71 (CHANGED)
[2025-12-29 00:30:05]   [emp_id: 5445] ✓ Updated: 6.94 → 6.99 (CHANGED)
[2025-12-29 00:30:05]   [emp_id: 5446] ✓ Updated: 6.94 → 6.99 (CHANGED)
[2025-12-29 00:30:05]   [emp_id: 5447] ✓ Updated: 6.88 → 6.93 (CHANGED)
[2025-12-29 00:30:05]   [emp_id: 5448] ✓ Updated: 6.65 → 6.73 (CHANGED)
[2025-12-29 00:30:05]   [emp_id: 5449] ✓ Updated: 4.96 → 5.01 (CHANGED)
[2025-12-29 00:30:05]   [emp_id: 5450] ✓ Updated: 4.9 → 4.95 (CHANGED)
[2025-12-29 00:30:05]   [emp_id: 5451] ✓ Updated: 4.9 → 4.95 (CHANGED)
[2025-12-29 00:30:05]   [emp_id: 5454] ✓ Updated: 6.71 → 6.79 (CHANGED)
[2025-12-29 00:30:05]   [emp_id: 5455] ✓ Updated: 4.96 → 5.04 (CHANGED)
[2025-12-29 00:30:05]   [emp_id: 5456] ✓ Updated: 5.96 → 6.04 (CHANGED)
[2025-12-29 00:30:05] Report saved to: /home/almutlak/public_html/hr/cron_logs/last_vacation_update_report.json
[2025-12-29 09:16:25] ========== CRON: Vacation Balance Update Started ==========
[2025-12-29 09:43:09] ========== CRON: Vacation Balance Update Started ==========
[2025-12-29 11:31:37] ========== CRON: Vacation Balance Update Started ==========
[2025-12-29 11:37:21] ========== CRON: Vacation Balance Update Started ==========
[2025-12-29 11:37:33] ========== CRON: Vacation Balance Update Started ==========
[2025-12-29 13:46:53] ========== CRON: Vacation Balance Update Started ==========
