[2025-12-05 00:30:02] ========== CRON: Vacation Balance Update Started ==========
[2025-12-05 00:30:02] Database connection established
[2025-12-05 00:30:02] Found 445 active employees with balance records to update
[2025-12-05 00:30:02] (Only employees with status=1 will be processed)
[2025-12-05 00:30:02]   [emp_id: 1061] ✓ Updated: 30.96 → 31.04 (CHANGED)
[2025-12-05 00:30:02]   [emp_id: 1496] ✓ Updated: 14.13 → 14.21 (CHANGED)
[2025-12-05 00:30:02]   [emp_id: 1500] ✓ Updated: 23.38 → 23.46 (CHANGED)
[2025-12-05 00:30:02]   [emp_id: 1574] ✓ Updated: 31.04 → 31.12 (CHANGED)
[2025-12-05 00:30:02]   [emp_id: 1673] ✓ Updated: 42.54 → 42.62 (CHANGED)
[2025-12-05 00:30:02]   [emp_id: 1685] ✓ Updated: 12.46 → 12.54 (CHANGED)
[2025-12-05 00:30:02]   [emp_id: 1764] ✓ Updated: 67.13 → 67.21 (CHANGED)
[2025-12-05 00:30:02]   [emp_id: 1805] ✓ Updated: 61.46 → 61.54 (CHANGED)
[2025-12-05 00:30:02]   [emp_id: 1822] ✓ Updated: 66.21 → 66.29 (CHANGED)
[2025-12-05 00:30:02]   [emp_id: 1837] ✓ Updated: 22.38 → 22.46 (CHANGED)
[2025-12-05 00:30:02]   [emp_id: 1857] ✓ Updated: 17.71 → 17.79 (CHANGED)
[2025-12-05 00:30:02]   [emp_id: 1861] ✓ Updated: 68.54 → 68.62 (CHANGED)
[2025-12-05 00:30:02]   [emp_id: 1872] ✓ Updated: 7.38 → 7.46 (CHANGED)
[2025-12-05 00:30:02]   [emp_id: 1897] ✓ Updated: 29.71 → 29.79 (CHANGED)
[2025-12-05 00:30:02]   [emp_id: 1916] ✓ Updated: 72.04 → 72.12 (CHANGED)
[2025-12-05 00:30:02]   [emp_id: 1928] ✓ Updated: 61.96 → 62.04 (CHANGED)
[2025-12-05 00:30:02]   [emp_id: 1931] ✓ Updated: 81.88 → 81.96 (CHANGED)
[2025-12-05 00:30:02]   [emp_id: 1944] ✓ Updated: 40.04 → 40.12 (CHANGED)
[2025-12-05 00:30:02]   [emp_id: 1996] ✓ Updated: 68.54 → 68.62 (CHANGED)
[2025-12-05 00:30:02]   [emp_id: 1997] ✓ Updated: 33.71 → 33.79 (CHANGED)
[2025-12-05 00:30:02]   [emp_id: 1998] ✓ Updated: 85.04 → 85.12 (CHANGED)
[2025-12-05 00:30:02]   [emp_id: 1999] ✓ Updated: 86.04 → 86.12 (CHANGED)
[2025-12-05 00:30:02]   [emp_id: 2009] ✓ Updated: 32.46 → 32.54 (CHANGED)
[2025-12-05 00:30:02]   [emp_id: 2048] ✓ Updated: 22.29 → 22.37 (CHANGED)
[2025-12-05 00:30:02]   [emp_id: 2057] ✓ Updated: 63.13 → 63.21 (CHANGED)
[2025-12-05 00:30:02]   [emp_id: 2079] ✓ Updated: 45.46 → 45.54 (CHANGED)
[2025-12-05 00:30:02]   [emp_id: 2181] ✓ Updated: 34.46 → 34.54 (CHANGED)
[2025-12-05 00:30:02]   [emp_id: 2190] ✓ Updated: 3.79 → 3.87 (CHANGED)
[2025-12-05 00:30:02]   [emp_id: 2212] ✓ Updated: 21.79 → 21.87 (CHANGED)
[2025-12-05 00:30:02]   [emp_id: 2226] ✓ Updated: 66.54 → 66.62 (CHANGED)
[2025-12-05 00:30:02]   [emp_id: 2238] ✓ Updated: 64.79 → 64.87 (CHANGED)
[2025-12-05 00:30:02]   [emp_id: 2285] ✓ Updated: 33.46 → 33.54 (CHANGED)
[2025-12-05 00:30:02]   [emp_id: 2287] ✓ Updated: 45.13 → 45.21 (CHANGED)
[2025-12-05 00:30:02]   [emp_id: 2288] ✓ Updated: 60.04 → 60.12 (CHANGED)
[2025-12-05 00:30:02]   [emp_id: 2290] ✓ Updated: 76.96 → 77.04 (CHANGED)
[2025-12-05 00:30:02]   [emp_id: 2316] ✓ Updated: 13.96 → 14.04 (CHANGED)
[2025-12-05 00:30:02]   [emp_id: 2337] ✓ Updated: 35.04 → 35.12 (CHANGED)
[2025-12-05 00:30:02]   [emp_id: 2352] ✓ Updated: 66.54 → 66.62 (CHANGED)
[2025-12-05 00:30:02]   [emp_id: 2358] ✓ Updated: 3.04 → 3.12 (CHANGED)
[2025-12-05 00:30:02]   [emp_id: 2361] ✓ Updated: 68.71 → 68.79 (CHANGED)
[2025-12-05 00:30:02]   [emp_id: 2363] ✓ Updated: 71.29 → 71.37 (CHANGED)
[2025-12-05 00:30:02]   [emp_id: 2364] ✓ Updated: 70.71 → 70.79 (CHANGED)
[2025-12-05 00:30:02]   [emp_id: 2367] ✓ Updated: 98.38 → 98.46 (CHANGED)
[2025-12-05 00:30:02]   [emp_id: 2368] ✓ Updated: 28.79 → 28.87 (CHANGED)
[2025-12-05 00:30:02]   [emp_id: 2372] ✓ Updated: 66.04 → 66.12 (CHANGED)
[2025-12-05 00:30:02]   [emp_id: 2376] ✓ Updated: 116.04 → 116.12 (CHANGED)
[2025-12-05 00:30:02]   [emp_id: 2423] ✓ Updated: 16.79 → 16.87 (CHANGED)
[2025-12-05 00:30:02]   [emp_id: 2519] ✓ Updated: 170.46 → 170.54 (CHANGED)
[2025-12-05 00:30:02]   [emp_id: 2522] ✓ Updated: 54.04 → 54.12 (CHANGED)
[2025-12-05 00:30:02]   [emp_id: 2530] ✓ Updated: 49.29 → 49.37 (CHANGED)
[2025-12-05 00:30:02]   [emp_id: 2539] ✓ Updated: 46.04 → 46.12 (CHANGED)
[2025-12-05 00:30:02]   [emp_id: 2541] ✓ Updated: 26.63 → 26.71 (CHANGED)
[2025-12-05 00:30:02]   [emp_id: 2550] ✓ Updated: 92.79 → 92.87 (CHANGED)
[2025-12-05 00:30:02]   [emp_id: 2553] ✓ Updated: 59.79 → 59.87 (CHANGED)
[2025-12-05 00:30:02]   [emp_id: 2554] ✓ Updated: 36.38 → 36.46 (CHANGED)
[2025-12-05 00:30:02]   [emp_id: 2565] ✓ Updated: 90.96 → 91.04 (CHANGED)
[2025-12-05 00:30:02]   [emp_id: 2572] ✓ Updated: 40.96 → 41.04 (CHANGED)
[2025-12-05 00:30:02]   [emp_id: 2637] ✓ Updated: 61.54 → 61.62 (CHANGED)
[2025-12-05 00:30:02]   [emp_id: 2642] ✓ Updated: 74.29 → 74.37 (CHANGED)
[2025-12-05 00:30:02]   [emp_id: 2645] ✓ Updated: 90.29 → 90.37 (CHANGED)
[2025-12-05 00:30:02]   [emp_id: 2648] ✓ Updated: 41.96 → 42.04 (CHANGED)
[2025-12-05 00:30:02]   [emp_id: 2654] ✓ Updated: 84.63 → 84.71 (CHANGED)
[2025-12-05 00:30:02]   [emp_id: 2688] ✓ Updated: 22.71 → 22.79 (CHANGED)
[2025-12-05 00:30:02]   [emp_id: 2690] ✓ Updated: 11.46 → 11.54 (CHANGED)
[2025-12-05 00:30:02]   [emp_id: 2709] ✓ Updated: 33.71 → 33.79 (CHANGED)
[2025-12-05 00:30:02]   [emp_id: 2745] ✓ Updated: 30.29 → 30.37 (CHANGED)
[2025-12-05 00:30:02]   [emp_id: 2843] ✓ Updated: 76.88 → 76.96 (CHANGED)
[2025-12-05 00:30:02]   [emp_id: 2854] ✓ Updated: 56.79 → 56.87 (CHANGED)
[2025-12-05 00:30:02]   [emp_id: 2869] ✓ Updated: 61.71 → 61.79 (CHANGED)
[2025-12-05 00:30:02]   [emp_id: 2876] ✓ Updated: 31.54 → 31.62 (CHANGED)
[2025-12-05 00:30:02]   [emp_id: 2924] ✓ Updated: 12.71 → 12.79 (CHANGED)
[2025-12-05 00:30:02]   [emp_id: 2953] ✓ Updated: 98.46 → 98.54 (CHANGED)
[2025-12-05 00:30:02]   [emp_id: 2961] ✓ Updated: 8.46 → 8.54 (CHANGED)
[2025-12-05 00:30:02]   [emp_id: 2975] ✓ Updated: 10.46 → 10.54 (CHANGED)
[2025-12-05 00:30:02]   [emp_id: 3013] ✓ Updated: 7.46 → 7.54 (CHANGED)
[2025-12-05 00:30:02]   [emp_id: 3014] ✓ Updated: 86.71 → 86.79 (CHANGED)
[2025-12-05 00:30:02]   [emp_id: 3015] ✓ Updated: 37.96 → 38.04 (CHANGED)
[2025-12-05 00:30:02]   [emp_id: 3018] ✓ Updated: 56.71 → 56.79 (CHANGED)
[2025-12-05 00:30:02]   [emp_id: 3025] ✓ Updated: 80.38 → 80.46 (CHANGED)
[2025-12-05 00:30:02]   [emp_id: 3037] ✓ Updated: 80.21 → 80.29 (CHANGED)
[2025-12-05 00:30:02]   [emp_id: 3047] ✓ Updated: 68.46 → 68.54 (CHANGED)
[2025-12-05 00:30:02]   [emp_id: 3061] ✓ Updated: 15.38 → 15.46 (CHANGED)
[2025-12-05 00:30:02]   [emp_id: 3062] ✓ Updated: 48.54 → 48.62 (CHANGED)
[2025-12-05 00:30:02]   [emp_id: 3074] ✓ Updated: 104.96 → 105.04 (CHANGED)
[2025-12-05 00:30:02]   [emp_id: 3089] ✓ Updated: 3.88 → 3.96 (CHANGED)
[2025-12-05 00:30:02]   [emp_id: 3090] ✓ Updated: 30.46 → 30.54 (CHANGED)
[2025-12-05 00:30:02]   [emp_id: 3091] ✓ Updated: 42.46 → 42.54 (CHANGED)
[2025-12-05 00:30:02]   [emp_id: 3092] ✓ Updated: 25.13 → 25.21 (CHANGED)
[2025-12-05 00:30:02]   [emp_id: 3105] ✓ Updated: 45.46 → 45.54 (CHANGED)
[2025-12-05 00:30:03]   [emp_id: 3134] ✓ Updated: 41.21 → 41.29 (CHANGED)
[2025-12-05 00:30:03]   [emp_id: 3140] ✓ Updated: 38.29 → 38.37 (CHANGED)
[2025-12-05 00:30:03]   [emp_id: 3144] ✓ Updated: 11.13 → 11.21 (CHANGED)
[2025-12-05 00:30:03]   [emp_id: 3156] ✓ Updated: 14.46 → 14.54 (CHANGED)
[2025-12-05 00:30:03]   [emp_id: 3162] ✓ Updated: 29.46 → 29.54 (CHANGED)
[2025-12-05 00:30:03]   [emp_id: 3163] ✓ Updated: 2.71 → 2.79 (CHANGED)
[2025-12-05 00:30:03]   [emp_id: 3198] ✓ Updated: 37.71 → 37.79 (CHANGED)
[2025-12-05 00:30:03]   [emp_id: 3205] ✓ Updated: 14.38 → 14.46 (CHANGED)
[2025-12-05 00:30:03]   [emp_id: 3209] ✓ Updated: 38.54 → 38.62 (CHANGED)
[2025-12-05 00:30:03]   [emp_id: 3223] ✓ Updated: 87.46 → 87.54 (CHANGED)
[2025-12-05 00:30:03]   [emp_id: 3224] ✓ Updated: 62.21 → 62.29 (CHANGED)
[2025-12-05 00:30:03]   [emp_id: 3230] ✓ Updated: 85.63 → 85.71 (CHANGED)
[2025-12-05 00:30:03]   [emp_id: 3231] ✓ Updated: 86.88 → 86.96 (CHANGED)
[2025-12-05 00:30:03]   [emp_id: 3233] ✓ Updated: 78.46 → 78.54 (CHANGED)
[2025-12-05 00:30:03]   [emp_id: 3249] ✓ Updated: 34.29 → 34.37 (CHANGED)
[2025-12-05 00:30:03]   [emp_id: 3250] ✓ Updated: 7.29 → 7.37 (CHANGED)
[2025-12-05 00:30:03]   [emp_id: 3252] ✓ Updated: 8.21 → 8.29 (CHANGED)
[2025-12-05 00:30:03]   [emp_id: 3254] ✓ Updated: 18.71 → 18.79 (CHANGED)
[2025-12-05 00:30:03]   [emp_id: 3255] ✓ Updated: 15.13 → 15.21 (CHANGED)
[2025-12-05 00:30:03]   [emp_id: 3256] ✓ Updated: 11.38 → 11.46 (CHANGED)
[2025-12-05 00:30:03]   [emp_id: 3263] ✓ Updated: 27.46 → 27.54 (CHANGED)
[2025-12-05 00:30:03]   [emp_id: 3265] ✓ Updated: 23.04 → 23.12 (CHANGED)
[2025-12-05 00:30:03]   [emp_id: 3280] ✓ Updated: 69.96 → 70.04 (CHANGED)
[2025-12-05 00:30:03]   [emp_id: 3286] ✓ Updated: 13.13 → 13.21 (CHANGED)
[2025-12-05 00:30:03]   [emp_id: 3294] ✓ Updated: 12.79 → 12.87 (CHANGED)
[2025-12-05 00:30:03]   [emp_id: 3321] ✓ Updated: 69.96 → 70.04 (CHANGED)
[2025-12-05 00:30:03]   [emp_id: 3325] ✓ Updated: 57.71 → 57.79 (CHANGED)
[2025-12-05 00:30:03]   [emp_id: 3329] ✓ Updated: 60.04 → 60.12 (CHANGED)
[2025-12-05 00:30:03]   [emp_id: 3330] ✓ Updated: 60.04 → 60.12 (CHANGED)
[2025-12-05 00:30:03]   [emp_id: 3332] ✓ Updated: 60.04 → 60.12 (CHANGED)
[2025-12-05 00:30:03]   [emp_id: 3370] ✓ Updated: 51.71 → 51.79 (CHANGED)
[2025-12-05 00:30:03]   [emp_id: 3384] ✓ Updated: 12.21 → 12.29 (CHANGED)
[2025-12-05 00:30:03]   [emp_id: 3386] ✓ Updated: 42.21 → 42.29 (CHANGED)
[2025-12-05 00:30:03]   [emp_id: 3431] ✓ Updated: 17.63 → 17.71 (CHANGED)
[2025-12-05 00:30:03]   [emp_id: 3497] ✓ Updated: 6.79 → 6.87 (CHANGED)
[2025-12-05 00:30:03]   [emp_id: 3532] ✓ Updated: 43.63 → 43.71 (CHANGED)
[2025-12-05 00:30:03]   [emp_id: 3586] ✓ Updated: 7.71 → 7.79 (CHANGED)
[2025-12-05 00:30:03]   [emp_id: 3602] ✓ Updated: 50.71 → 50.79 (CHANGED)
[2025-12-05 00:30:03]   [emp_id: 3618] ✓ Updated: 55.21 → 55.29 (CHANGED)
[2025-12-05 00:30:03]   [emp_id: 3622] ✓ Updated: 33 → 33.05 (CHANGED)
[2025-12-05 00:30:03]   [emp_id: 3627] ✓ Updated: 7.13 → 7.21 (CHANGED)
[2025-12-05 00:30:03]   [emp_id: 3665] ✓ Updated: 48.71 → 48.79 (CHANGED)
[2025-12-05 00:30:03]   [emp_id: 3705] ✓ Updated: 26.33 → 26.38 (CHANGED)
[2025-12-05 00:30:03]   [emp_id: 3724] ✓ Updated: 41.71 → 41.79 (CHANGED)
[2025-12-05 00:30:03]   [emp_id: 3726] ✓ Updated: 58.13 → 58.21 (CHANGED)
[2025-12-05 00:30:03]   [emp_id: 3727] ✓ Updated: 63.21 → 63.29 (CHANGED)
[2025-12-05 00:30:03]   [emp_id: 3728] ✓ Updated: 7.54 → 7.62 (CHANGED)
[2025-12-05 00:30:03]   [emp_id: 3742] ✓ Updated: 30.71 → 30.79 (CHANGED)
[2025-12-05 00:30:03]   [emp_id: 3767] ✓ Updated: 58.29 → 58.37 (CHANGED)
[2025-12-05 00:30:03]   [emp_id: 3768] ✓ Updated: 54.54 → 54.62 (CHANGED)
[2025-12-05 00:30:03]   [emp_id: 3787] ✓ Updated: 55.13 → 55.21 (CHANGED)
[2025-12-05 00:30:03]   [emp_id: 3790] ✓ Updated: 59.29 → 59.37 (CHANGED)
[2025-12-05 00:30:03]   [emp_id: 3795] ✓ Updated: 12.63 → 12.71 (CHANGED)
[2025-12-05 00:30:03]   [emp_id: 3798] ✓ Updated: 91.04 → 91.12 (CHANGED)
[2025-12-05 00:30:03]   [emp_id: 3801] ✓ Updated: 29.21 → 29.29 (CHANGED)
[2025-12-05 00:30:03]   [emp_id: 3802] ✓ Updated: 28.29 → 28.37 (CHANGED)
[2025-12-05 00:30:03]   [emp_id: 3803] ✓ Updated: 112.71 → 112.79 (CHANGED)
[2025-12-05 00:30:03]   [emp_id: 3810] ✓ Updated: 58.71 → 58.79 (CHANGED)
[2025-12-05 00:30:03]   [emp_id: 3812] ✓ Updated: 87.71 → 87.79 (CHANGED)
[2025-12-05 00:30:03]   [emp_id: 3815] ✓ Updated: 87.71 → 87.79 (CHANGED)
[2025-12-05 00:30:03]   [emp_id: 3836] ✓ Updated: 55.38 → 55.46 (CHANGED)
[2025-12-05 00:30:03]   [emp_id: 3855] ✓ Updated: 48.54 → 48.62 (CHANGED)
[2025-12-05 00:30:03]   [emp_id: 3857] ✓ Updated: 52.21 → 52.29 (CHANGED)
[2025-12-05 00:30:03]   [emp_id: 3862] ✓ Updated: 100.29 → 100.37 (CHANGED)
[2025-12-05 00:30:03]   [emp_id: 3866] ✓ Updated: 25.54 → 25.62 (CHANGED)
[2025-12-05 00:30:03]   [emp_id: 3876] ✓ Updated: 45.71 → 45.79 (CHANGED)
[2025-12-05 00:30:03]   [emp_id: 3877] ✓ Updated: 47.21 → 47.29 (CHANGED)
[2025-12-05 00:30:03]   [emp_id: 3897] ✓ Updated: 35.46 → 35.54 (CHANGED)
[2025-12-05 00:30:03]   [emp_id: 3899] ✓ Updated: 50.63 → 50.71 (CHANGED)
[2025-12-05 00:30:03]   [emp_id: 3928] ✓ Updated: 11.54 → 11.62 (CHANGED)
[2025-12-05 00:30:03]   [emp_id: 3929] ✓ Updated: 6.54 → 6.62 (CHANGED)
[2025-12-05 00:30:03]   [emp_id: 3935] ✓ Updated: 91.54 → 91.62 (CHANGED)
[2025-12-05 00:30:03]   [emp_id: 3952] ✓ Updated: 73.88 → 73.96 (CHANGED)
[2025-12-05 00:30:03]   [emp_id: 3987] ✓ Updated: 11.79 → 11.87 (CHANGED)
[2025-12-05 00:30:03]   [emp_id: 4059] ✓ Updated: 0.99 → 1.07 (CHANGED)
[2025-12-05 00:30:03]   [emp_id: 4119] ✓ Updated: 54.46 → 54.54 (CHANGED)
[2025-12-05 00:30:03]   [emp_id: 4120] ✓ Updated: 24.04 → 24.12 (CHANGED)
[2025-12-05 00:30:03]   [emp_id: 4124] ✓ Updated: 54.46 → 54.54 (CHANGED)
[2025-12-05 00:30:03]   [emp_id: 4133] ✓ Updated: 103.04 → 103.12 (CHANGED)
[2025-12-05 00:30:03]   [emp_id: 4134] ✓ Updated: 24.04 → 24.12 (CHANGED)
[2025-12-05 00:30:03]   [emp_id: 4136] ✓ Updated: 24.04 → 24.12 (CHANGED)
[2025-12-05 00:30:03]   [emp_id: 4150] ✓ Updated: 22.71 → 22.79 (CHANGED)
[2025-12-05 00:30:03]   [emp_id: 4157] ✓ Updated: 16.21 → 16.29 (CHANGED)
[2025-12-05 00:30:03]   [emp_id: 4172] ✓ Updated: 10.91 → 10.96 (CHANGED)
[2025-12-05 00:30:03]   [emp_id: 4195] ✓ Updated: 59.79 → 59.87 (CHANGED)
[2025-12-05 00:30:03]   [emp_id: 4215] ✓ Updated: 42.46 → 42.54 (CHANGED)
[2025-12-05 00:30:03]   [emp_id: 4220] ✓ Updated: 38.04 → 38.12 (CHANGED)
[2025-12-05 00:30:03]   [emp_id: 4273] ✓ Updated: 6.71 → 6.79 (CHANGED)
[2025-12-05 00:30:03]   [emp_id: 4283] ✓ Updated: 12 → 12.05 (CHANGED)
[2025-12-05 00:30:03]   [emp_id: 4288] ✓ Updated: 41.54 → 41.62 (CHANGED)
[2025-12-05 00:30:03]   [emp_id: 4315] ✓ Updated: 12.96 → 13.04 (CHANGED)
[2025-12-05 00:30:03]   [emp_id: 4328] ✓ Updated: 40.83 → 40.88 (CHANGED)
[2025-12-05 00:30:03]   [emp_id: 4329] ✓ Updated: 3.13 → 3.21 (CHANGED)
[2025-12-05 00:30:03]   [emp_id: 4338] ✓ Updated: 44.71 → 44.79 (CHANGED)
[2025-12-05 00:30:03]   [emp_id: 4340] ✓ Updated: 123.71 → 123.79 (CHANGED)
[2025-12-05 00:30:03]   [emp_id: 4365] ✓ Updated: 58.13 → 58.21 (CHANGED)
[2025-12-05 00:30:03]   [emp_id: 4366] ✓ Updated: 57.21 → 57.29 (CHANGED)
[2025-12-05 00:30:03]   [emp_id: 4385] ✓ Updated: 47.88 → 47.96 (CHANGED)
[2025-12-05 00:30:03]   [emp_id: 4403] ✓ Updated: 83.04 → 83.12 (CHANGED)
[2025-12-05 00:30:03]   [emp_id: 4438] ✓ Updated: 18.71 → 18.79 (CHANGED)
[2025-12-05 00:30:03]   [emp_id: 4465] ✓ Updated: 11.16 → 11.21 (CHANGED)
[2025-12-05 00:30:03]   [emp_id: 4473] ✓ Updated: 42.29 → 42.37 (CHANGED)
[2025-12-05 00:30:03]   [emp_id: 4474] ✓ Updated: 57.91 → 57.96 (CHANGED)
[2025-12-05 00:30:03]   [emp_id: 4493] ✓ Updated: 161.13 → 161.21 (CHANGED)
[2025-12-05 00:30:03]   [emp_id: 4526] ✓ Updated: 33.38 → 33.46 (CHANGED)
[2025-12-05 00:30:03]   [emp_id: 4528] ✓ Updated: 105.13 → 105.21 (CHANGED)
[2025-12-05 00:30:03]   [emp_id: 4528] ✓ Updated: 105.13 → 105.21 (CHANGED)
[2025-12-05 00:30:03]   [emp_id: 4532] ✓ Updated: 68.66 → 68.71 (CHANGED)
[2025-12-05 00:30:03]   [emp_id: 4533] ✓ Updated: 33.54 → 33.62 (CHANGED)
[2025-12-05 00:30:03]   [emp_id: 4564] ✓ Updated: 23.91 → 23.96 (CHANGED)
[2025-12-05 00:30:03]   [emp_id: 4565] ✓ Updated: 13.66 → 13.71 (CHANGED)
[2025-12-05 00:30:03]   [emp_id: 4567] ✓ Updated: 17.91 → 17.96 (CHANGED)
[2025-12-05 00:30:03]   [emp_id: 4572] ✓ Updated: 57.41 → 57.46 (CHANGED)
[2025-12-05 00:30:03]   [emp_id: 4631] ✓ Updated: 13.66 → 13.71 (CHANGED)
[2025-12-05 00:30:03]   [emp_id: 4655] ✓ Updated: 22.46 → 22.54 (CHANGED)
[2025-12-05 00:30:03]   [emp_id: 4689] ✓ Updated: 20.13 → 20.21 (CHANGED)
[2025-12-05 00:30:03]   [emp_id: 4709] ✓ Updated: 37.71 → 37.79 (CHANGED)
[2025-12-05 00:30:03]   [emp_id: 4717] ✓ Updated: 63.71 → 63.79 (CHANGED)
[2025-12-05 00:30:03]   [emp_id: 4736] ✓ Updated: 25.54 → 25.62 (CHANGED)
[2025-12-05 00:30:03]   [emp_id: 4756] ✓ Updated: 59.55 → 59.6 (CHANGED)
[2025-12-05 00:30:03]   [emp_id: 4768] ✓ Updated: 10.21 → 10.29 (CHANGED)
[2025-12-05 00:30:03]   [emp_id: 4780] ✓ Updated: 63.83 → 63.88 (CHANGED)
[2025-12-05 00:30:03]   [emp_id: 4820] ✓ Updated: 96.54 → 96.62 (CHANGED)
[2025-12-05 00:30:03]   [emp_id: 4825] ✓ Updated: 28.29 → 28.37 (CHANGED)
[2025-12-05 00:30:03]   [emp_id: 4835] ✓ Updated: 46.58 → 46.63 (CHANGED)
[2025-12-05 00:30:03]   [emp_id: 4837] ✓ Updated: 43.82 → 43.87 (CHANGED)
[2025-12-05 00:30:03]   [emp_id: 4838] ✓ Updated: 42.84 → 42.89 (CHANGED)
[2025-12-05 00:30:03]   [emp_id: 4840] ✓ Updated: 43.82 → 43.87 (CHANGED)
[2025-12-05 00:30:03]   [emp_id: 4842] ✓ Updated: 43.06 → 43.11 (CHANGED)
[2025-12-05 00:30:03]   [emp_id: 4843] ✓ Updated: 43.59 → 43.64 (CHANGED)
[2025-12-05 00:30:03]   [emp_id: 4853] ✓ Updated: 87.41 → 87.46 (CHANGED)
[2025-12-05 00:30:03]   [emp_id: 4856] ✓ Updated: 40.73 → 40.78 (CHANGED)
[2025-12-05 00:30:03]   [emp_id: 4857] ✓ Updated: 23.55 → 23.6 (CHANGED)
[2025-12-05 00:30:03]   [emp_id: 4858] ✓ Updated: 20.43 → 20.48 (CHANGED)
[2025-12-05 00:30:03]   [emp_id: 4859] ✓ Updated: 41.9 → 41.95 (CHANGED)
[2025-12-05 00:30:03]   [emp_id: 4860] ✓ Updated: 6.4 → 6.45 (CHANGED)
[2025-12-05 00:30:03]   [emp_id: 4861] ✓ Updated: 39.86 → 39.91 (CHANGED)
[2025-12-05 00:30:03]   [emp_id: 4869] ✓ Updated: 82.74 → 82.79 (CHANGED)
[2025-12-05 00:30:03]   [emp_id: 4894] ✓ Updated: 5.21 → 5.29 (CHANGED)
[2025-12-05 00:30:03]   [emp_id: 4897] ✓ Updated: 21.64 → 21.69 (CHANGED)
[2025-12-05 00:30:03]   [emp_id: 4899] ✓ Updated: 17.81 → 17.86 (CHANGED)
[2025-12-05 00:30:03]   [emp_id: 4902] ✓ Updated: 17.23 → 17.28 (CHANGED)
[2025-12-05 00:30:03]   [emp_id: 4903] ✓ Updated: 19.45 → 19.5 (CHANGED)
[2025-12-05 00:30:03]   [emp_id: 4905] ✓ Updated: 18.11 → 18.16 (CHANGED)
[2025-12-05 00:30:03]   [emp_id: 4907] ✓ Updated: 45.29 → 45.37 (CHANGED)
[2025-12-05 00:30:03]   [emp_id: 4917] ✓ Updated: 15.07 → 15.12 (CHANGED)
[2025-12-05 00:30:03]   [emp_id: 4918] ✓ Updated: 4.84 → 4.89 (CHANGED)
[2025-12-05 00:30:03]   [emp_id: 4919] ✓ Updated: 57.13 → 57.18 (CHANGED)
[2025-12-05 00:30:03]   [emp_id: 4920] ✓ Updated: 56.96 → 57.01 (CHANGED)
[2025-12-05 00:30:03]   [emp_id: 4921] ✓ Updated: 16.3 → 16.35 (CHANGED)
[2025-12-05 00:30:03]   [emp_id: 4927] ✓ Updated: 15.13 → 15.18 (CHANGED)
[2025-12-05 00:30:03]   [emp_id: 4929] ✓ Updated: 16.65 → 16.7 (CHANGED)
[2025-12-05 00:30:03]   [emp_id: 4930] ✓ Updated: 57.42 → 57.47 (CHANGED)
[2025-12-05 00:30:03]   [emp_id: 4932] ✓ Updated: 15.42 → 15.47 (CHANGED)
[2025-12-05 00:30:03]   [emp_id: 4933] ✓ Updated: 18.83 → 18.88 (CHANGED)
[2025-12-05 00:30:03]   [emp_id: 4949] ✓ Updated: 34.26 → 34.31 (CHANGED)
[2025-12-05 00:30:03]   [emp_id: 4956] ✓ Updated: 27.85 → 27.9 (CHANGED)
[2025-12-05 00:30:03]   [emp_id: 4957] ✓ Updated: 28.52 → 28.57 (CHANGED)
[2025-12-05 00:30:03]   [emp_id: 4962] ✓ Updated: 51.54 → 51.62 (CHANGED)
[2025-12-05 00:30:03]   [emp_id: 4969] ✓ Updated: 43.96 → 44.04 (CHANGED)
[2025-12-05 00:30:03]   [emp_id: 4976] ✓ Updated: 8.54 → 8.59 (CHANGED)
[2025-12-05 00:30:03]   [emp_id: 4984] ✓ Updated: 35.21 → 35.29 (CHANGED)
[2025-12-05 00:30:03]   [emp_id: 4995] ✓ Updated: 47.28 → 47.36 (CHANGED)
[2025-12-05 00:30:03]   [emp_id: 5004] ✓ Updated: 44.22 → 44.27 (CHANGED)
[2025-12-05 00:30:03]   [emp_id: 5006] ✓ Updated: 25.22 → 25.27 (CHANGED)
[2025-12-05 00:30:03]   [emp_id: 5011] ✓ Updated: 10.88 → 10.96 (CHANGED)
[2025-12-05 00:30:03]   [emp_id: 5013] ✓ Updated: 65.59 → 65.64 (CHANGED)
[2025-12-05 00:30:03]   [emp_id: 5018] ✓ Updated: 19.83 → 19.88 (CHANGED)
[2025-12-05 00:30:03]   [emp_id: 5021] ✓ Updated: 62.39 → 62.47 (CHANGED)
[2025-12-05 00:30:03]   [emp_id: 5021] ✓ Updated: 62.39 → 62.47 (CHANGED)
[2025-12-05 00:30:03]   [emp_id: 5024] ✓ Updated: 0.1 → 0.15 (CHANGED)
[2025-12-05 00:30:03]   [emp_id: 5029] ✓ Updated: 22.08 → 22.13 (CHANGED)
[2025-12-05 00:30:03]   [emp_id: 5030] ✓ Updated: 37.08 → 37.13 (CHANGED)
[2025-12-05 00:30:04]   [emp_id: 5033] ✓ Updated: 20.85 → 20.9 (CHANGED)
[2025-12-05 00:30:04]   [emp_id: 5043] ✓ Updated: 27.88 → 27.96 (CHANGED)
[2025-12-05 00:30:04]   [emp_id: 5045] ✓ Updated: 24.38 → 24.46 (CHANGED)
[2025-12-05 00:30:04]   [emp_id: 5046] ✓ Updated: 19.57 → 19.65 (CHANGED)
[2025-12-05 00:30:04]   [emp_id: 5049] ✓ Updated: 37.53 → 37.58 (CHANGED)
[2025-12-05 00:30:04]   [emp_id: 5052] ✓ Updated: 28.81 → 28.86 (CHANGED)
[2025-12-05 00:30:04]   [emp_id: 5055] ✓ Updated: 36 → 36.05 (CHANGED)
[2025-12-05 00:30:04]   [emp_id: 5058] ✓ Updated: 26.23 → 26.28 (CHANGED)
[2025-12-05 00:30:04]   [emp_id: 5062] ✓ Updated: 38.06 → 38.11 (CHANGED)
[2025-12-05 00:30:04]   [emp_id: 5064] ✓ Updated: 115.21 → 115.29 (CHANGED)
[2025-12-05 00:30:04]   [emp_id: 5065] ✓ Updated: 37.47 → 37.52 (CHANGED)
[2025-12-05 00:30:04]   [emp_id: 5071] ✓ Updated: 20.71 → 20.79 (CHANGED)
[2025-12-05 00:30:04]   [emp_id: 5073] ✓ Updated: 12.07 → 12.12 (CHANGED)
[2025-12-05 00:30:04]   [emp_id: 5079] ✓ Updated: 32.63 → 32.68 (CHANGED)
[2025-12-05 00:30:04]   [emp_id: 5080] ✓ Updated: 29.96 → 30.01 (CHANGED)
[2025-12-05 00:30:04]   [emp_id: 5081] ✓ Updated: 34.96 → 35.01 (CHANGED)
[2025-12-05 00:30:04]   [emp_id: 5087] ✓ Updated: 34.26 → 34.31 (CHANGED)
[2025-12-05 00:30:04]   [emp_id: 5091] ✓ Updated: 74.11 → 74.16 (CHANGED)
[2025-12-05 00:30:04]   [emp_id: 5093] ✓ Updated: 11.88 → 11.96 (CHANGED)
[2025-12-05 00:30:04]   [emp_id: 5095] ✓ Updated: 31.58 → 31.63 (CHANGED)
[2025-12-05 00:30:04]   [emp_id: 5101] ✓ Updated: 13.96 → 14.04 (CHANGED)
[2025-12-05 00:30:04]   [emp_id: 5107] ✓ Updated: 12.29 → 12.37 (CHANGED)
[2025-12-05 00:30:04]   [emp_id: 5109] ✓ Updated: 9.54 → 9.62 (CHANGED)
[2025-12-05 00:30:04]   [emp_id: 5119] ✓ Updated: 7.71 → 7.79 (CHANGED)
[2025-12-05 00:30:04]   [emp_id: 5122] ✓ Updated: 4.88 → 4.96 (CHANGED)
[2025-12-05 00:30:04]   [emp_id: 5126] ✓ Updated: 24.99 → 25.04 (CHANGED)
[2025-12-05 00:30:04]   [emp_id: 5127] ✓ Updated: 21.78 → 21.83 (CHANGED)
[2025-12-05 00:30:04]   [emp_id: 5128] ✓ Updated: 24.93 → 24.98 (CHANGED)
[2025-12-05 00:30:04]   [emp_id: 5138] ✓ Updated: 63.54 → 63.62 (CHANGED)
[2025-12-05 00:30:04]   [emp_id: 5138] ✓ Updated: 63.54 → 63.62 (CHANGED)
[2025-12-05 00:30:04]   [emp_id: 5141] ✓ Updated: 33.3 → 33.35 (CHANGED)
[2025-12-05 00:30:04]   [emp_id: 5142] ✓ Updated: 12.3 → 12.35 (CHANGED)
[2025-12-05 00:30:04]   [emp_id: 5146] ✓ Updated: 19.3 → 19.35 (CHANGED)
[2025-12-05 00:30:04]   [emp_id: 5147] ✓ Updated: 18.3 → 18.35 (CHANGED)
[2025-12-05 00:30:04]   [emp_id: 5148] ✓ Updated: 23.65 → 23.7 (CHANGED)
[2025-12-05 00:30:04]   [emp_id: 5149] ✓ Updated: 22.54 → 22.59 (CHANGED)
[2025-12-05 00:30:04]   [emp_id: 5150] ✓ Updated: 21.9 → 21.95 (CHANGED)
[2025-12-05 00:30:04]   [emp_id: 5151] ✓ Updated: 21.72 → 21.77 (CHANGED)
[2025-12-05 00:30:04]   [emp_id: 5152] ✓ Updated: 2.14 → 2.19 (CHANGED)
[2025-12-05 00:30:04]   [emp_id: 5157] ✓ Updated: 21.72 → 21.77 (CHANGED)
[2025-12-05 00:30:04]   [emp_id: 5160] ✓ Updated: 21.72 → 21.77 (CHANGED)
[2025-12-05 00:30:04]   [emp_id: 5163] ✓ Updated: 19.51 → 19.56 (CHANGED)
[2025-12-05 00:30:04]   [emp_id: 5165] ✓ Updated: 27.88 → 27.96 (CHANGED)
[2025-12-05 00:30:04]   [emp_id: 5167] ✓ Updated: 28.66 → 28.71 (CHANGED)
[2025-12-05 00:30:04]   [emp_id: 5168] ✓ Updated: 21.2 → 21.25 (CHANGED)
[2025-12-05 00:30:04]   [emp_id: 5173] ✓ Updated: 22.63 → 22.71 (CHANGED)
[2025-12-05 00:30:04]   [emp_id: 5174] ✓ Updated: 21.66 → 21.71 (CHANGED)
[2025-12-05 00:30:04]   [emp_id: 5181] ✓ Updated: 18.05 → 18.1 (CHANGED)
[2025-12-05 00:30:04]   [emp_id: 5186] ✓ Updated: 23.58 → 23.63 (CHANGED)
[2025-12-05 00:30:04]   [emp_id: 5187] ✓ Updated: 34.58 → 34.63 (CHANGED)
[2025-12-05 00:30:04]   [emp_id: 5204] ✓ Updated: 20.13 → 20.21 (CHANGED)
[2025-12-05 00:30:04]   [emp_id: 5205] ✓ Updated: 10.79 → 10.84 (CHANGED)
[2025-12-05 00:30:04]   [emp_id: 5209] ✓ Updated: 13.79 → 13.84 (CHANGED)
[2025-12-05 00:30:04]   [emp_id: 5211] ✓ Updated: 5.79 → 5.84 (CHANGED)
[2025-12-05 00:30:04]   [emp_id: 5213] ✓ Updated: 0.2 → 0.25 (CHANGED)
[2025-12-05 00:30:04]   [emp_id: 5214] ✓ Updated: 13.79 → 13.84 (CHANGED)
[2025-12-05 00:30:04]   [emp_id: 5215] ✓ Updated: 8.79 → 8.84 (CHANGED)
[2025-12-05 00:30:04]   [emp_id: 5217] ✓ Updated: 7.79 → 7.84 (CHANGED)
[2025-12-05 00:30:04]   [emp_id: 5218] ✓ Updated: 13.79 → 13.84 (CHANGED)
[2025-12-05 00:30:04]   [emp_id: 5219] ✓ Updated: 11.79 → 11.84 (CHANGED)
[2025-12-05 00:30:04]   [emp_id: 5221] ✓ Updated: 3.16 → 3.21 (CHANGED)
[2025-12-05 00:30:04]   [emp_id: 5224] ✓ Updated: 12.79 → 12.84 (CHANGED)
[2025-12-05 00:30:04]   [emp_id: 5225] ✓ Updated: 7.46 → 7.51 (CHANGED)
[2025-12-05 00:30:04]   [emp_id: 5228] ✓ Updated: 7.79 → 7.84 (CHANGED)
[2025-12-05 00:30:04]   [emp_id: 5229] ✓ Updated: 3.79 → 3.84 (CHANGED)
[2025-12-05 00:30:04]   [emp_id: 5230] ✓ Updated: 13.79 → 13.84 (CHANGED)
[2025-12-05 00:30:04]   [emp_id: 5231] ✓ Updated: 4.79 → 4.84 (CHANGED)
[2025-12-05 00:30:04]   [emp_id: 5232] ✓ Updated: 9.79 → 9.84 (CHANGED)
[2025-12-05 00:30:04]   [emp_id: 5233] ✓ Updated: 2.79 → 2.84 (CHANGED)
[2025-12-05 00:30:04]   [emp_id: 5234] ✓ Updated: 2.79 → 2.84 (CHANGED)
[2025-12-05 00:30:04]   [emp_id: 5235] ✓ Updated: 13.79 → 13.84 (CHANGED)
[2025-12-05 00:30:04]   [emp_id: 5237] ✓ Updated: 13.79 → 13.84 (CHANGED)
[2025-12-05 00:30:04]   [emp_id: 5238] ✓ Updated: 6.41 → 6.46 (CHANGED)
[2025-12-05 00:30:04]   [emp_id: 5239] ✓ Updated: 5.79 → 5.84 (CHANGED)
[2025-12-05 00:30:04]   [emp_id: 5241] ✓ Updated: 3.79 → 3.84 (CHANGED)
[2025-12-05 00:30:04]   [emp_id: 5242] ✓ Updated: 13.79 → 13.84 (CHANGED)
[2025-12-05 00:30:04]   [emp_id: 5243] ✓ Updated: 0.2 → 0.25 (CHANGED)
[2025-12-05 00:30:04]   [emp_id: 5244] ✓ Updated: 3.06 → 3.11 (CHANGED)
[2025-12-05 00:30:04]   [emp_id: 5246] ✓ Updated: 9.79 → 9.84 (CHANGED)
[2025-12-05 00:30:04]   [emp_id: 5253] ✓ Updated: 28.41 → 28.46 (CHANGED)
[2025-12-05 00:30:04]   [emp_id: 5254] ✓ Updated: 10.64 → 10.69 (CHANGED)
[2025-12-05 00:30:04]   [emp_id: 5257] ✓ Updated: 10.35 → 10.4 (CHANGED)
[2025-12-05 00:30:04]   [emp_id: 5259] ✓ Updated: 46.88 → 46.93 (CHANGED)
[2025-12-05 00:30:04]   [emp_id: 5261] ✓ Updated: 47.63 → 47.71 (CHANGED)
[2025-12-05 00:30:04]   [emp_id: 5264] ✓ Updated: 24.36 → 24.41 (CHANGED)
[2025-12-05 00:30:04]   [emp_id: 5266] ✓ Updated: 24.31 → 24.36 (CHANGED)
[2025-12-05 00:30:04]   [emp_id: 5268] ✓ Updated: 7.55 → 7.6 (CHANGED)
[2025-12-05 00:30:04]   [emp_id: 5271] ✓ Updated: 6.21 → 6.26 (CHANGED)
[2025-12-05 00:30:04]   [emp_id: 5272] ✓ Updated: 7.08 → 7.13 (CHANGED)
[2025-12-05 00:30:04]   [emp_id: 5273] ✓ Updated: 28.9 → 28.95 (CHANGED)
[2025-12-05 00:30:04]   [emp_id: 5275] ✓ Updated: 7.9 → 7.95 (CHANGED)
[2025-12-05 00:30:04]   [emp_id: 5276] ✓ Updated: 22.17 → 22.22 (CHANGED)
[2025-12-05 00:30:04]   [emp_id: 5278] ✓ Updated: 6.56 → 6.61 (CHANGED)
[2025-12-05 00:30:04]   [emp_id: 5280] ✓ Updated: 16.96 → 17.01 (CHANGED)
[2025-12-05 00:30:04]   [emp_id: 5282] ✓ Updated: 9.21 → 9.29 (CHANGED)
[2025-12-05 00:30:04]   [emp_id: 5285] ✓ Updated: 26.96 → 27.01 (CHANGED)
[2025-12-05 00:30:04]   [emp_id: 5286] ✓ Updated: 13.96 → 14.01 (CHANGED)
[2025-12-05 00:30:04]   [emp_id: 5287] ✓ Updated: 48.26 → 48.31 (CHANGED)
[2025-12-05 00:30:04]   [emp_id: 5288] ✓ Updated: 37.27 → 37.32 (CHANGED)
[2025-12-05 00:30:04]   [emp_id: 5289] ✓ Updated: 46.81 → 46.86 (CHANGED)
[2025-12-05 00:30:04]   [emp_id: 5290] ✓ Updated: 45.58 → 45.63 (CHANGED)
[2025-12-05 00:30:04]   [emp_id: 5291] ✓ Updated: 3.58 → 3.63 (CHANGED)
[2025-12-05 00:30:04]   [emp_id: 5292] ✓ Updated: 3.52 → 3.57 (CHANGED)
[2025-12-05 00:30:04]   [emp_id: 5293] ✓ Updated: 35.38 → 35.46 (CHANGED)
[2025-12-05 00:30:04]   [emp_id: 5294] ✓ Updated: 5.13 → 5.21 (CHANGED)
[2025-12-05 00:30:04]   [emp_id: 5295] ✓ Updated: 19.76 → 19.81 (CHANGED)
[2025-12-05 00:30:04]   [emp_id: 5296] ✓ Updated: 38.04 → 38.12 (CHANGED)
[2025-12-05 00:30:04]   [emp_id: 5297] ✓ Updated: 44.18 → 44.23 (CHANGED)
[2025-12-05 00:30:04]   [emp_id: 5298] ✓ Updated: 44.18 → 44.23 (CHANGED)
[2025-12-05 00:30:04]   [emp_id: 5299] ✓ Updated: 44.18 → 44.23 (CHANGED)
[2025-12-05 00:30:04]   [emp_id: 5300] ✓ Updated: 44.18 → 44.23 (CHANGED)
[2025-12-05 00:30:04]   [emp_id: 5301] ✓ Updated: 44.18 → 44.23 (CHANGED)
[2025-12-05 00:30:04]   [emp_id: 5303] ✓ Updated: 44.18 → 44.23 (CHANGED)
[2025-12-05 00:30:04]   [emp_id: 5304] ✓ Updated: 44.18 → 44.23 (CHANGED)
[2025-12-05 00:30:04]   [emp_id: 5305] ✓ Updated: 2.18 → 2.23 (CHANGED)
[2025-12-05 00:30:04]   [emp_id: 5306] ✓ Updated: 43.89 → 43.94 (CHANGED)
[2025-12-05 00:30:04]   [emp_id: 5307] ✓ Updated: 43.89 → 43.94 (CHANGED)
[2025-12-05 00:30:04]   [emp_id: 5312] ✓ Updated: 41.56 → 41.61 (CHANGED)
[2025-12-05 00:30:04]   [emp_id: 5318] ✓ Updated: 24.6 → 24.65 (CHANGED)
[2025-12-05 00:30:04]   [emp_id: 5325] ✓ Updated: 20.56 → 20.61 (CHANGED)
[2025-12-05 00:30:04]   [emp_id: 5326] ✓ Updated: 41.38 → 41.43 (CHANGED)
[2025-12-05 00:30:04]   [emp_id: 5327] ✓ Updated: 40.56 → 40.61 (CHANGED)
[2025-12-05 00:30:04]   [emp_id: 5328] ✓ Updated: 40.56 → 40.61 (CHANGED)
[2025-12-05 00:30:04]   [emp_id: 5329] ✓ Updated: 40.56 → 40.61 (CHANGED)
[2025-12-05 00:30:04]   [emp_id: 5331] ✓ Updated: 19.97 → 20.02 (CHANGED)
[2025-12-05 00:30:04]   [emp_id: 5337] ✓ Updated: 33.04 → 33.12 (CHANGED)
[2025-12-05 00:30:04]   [emp_id: 5339] ✓ Updated: 8.75 → 8.8 (CHANGED)
[2025-12-05 00:30:04]   [emp_id: 5343] ✓ Updated: 42.96 → 43.04 (CHANGED)
[2025-12-05 00:30:04]   [emp_id: 5343] ✓ Updated: 42.96 → 43.04 (CHANGED)
[2025-12-05 00:30:04]   [emp_id: 5345] ✓ Updated: 12.79 → 12.87 (CHANGED)
[2025-12-05 00:30:04]   [emp_id: 5346] ✓ Updated: 37.47 → 37.52 (CHANGED)
[2025-12-05 00:30:04]   [emp_id: 5351] ✓ Updated: 16.41 → 16.46 (CHANGED)
[2025-12-05 00:30:04]   [emp_id: 5352] ✓ Updated: 23.21 → 23.29 (CHANGED)
[2025-12-05 00:30:04]   [emp_id: 5370] ✓ Updated: 14.06 → 14.11 (CHANGED)
[2025-12-05 00:30:04]   [emp_id: 5371] ✓ Updated: 6.79 → 6.87 (CHANGED)
[2025-12-05 00:30:04]   [emp_id: 5376] ✓ Updated: 8.66 → 8.71 (CHANGED)
[2025-12-05 00:30:04]   [emp_id: 5378] ✓ Updated: 20.96 → 21.04 (CHANGED)
[2025-12-05 00:30:04]   [emp_id: 5380] ✓ Updated: 15.07 → 15.12 (CHANGED)
[2025-12-05 00:30:04]   [emp_id: 5381] ✓ Updated: 15.38 → 15.46 (CHANGED)
[2025-12-05 00:30:04]   [emp_id: 5383] ✓ Updated: 13.79 → 13.87 (CHANGED)
[2025-12-05 00:30:04]   [emp_id: 5388] ✓ Updated: 25.85 → 25.9 (CHANGED)
[2025-12-05 00:30:04]   [emp_id: 5392] ✓ Updated: 11.71 → 11.79 (CHANGED)
[2025-12-05 00:30:04]   [emp_id: 5396] ✓ Updated: 27.09 → 27.14 (CHANGED)
[2025-12-05 00:30:04]   [emp_id: 5397] ✓ Updated: 23.3 → 23.35 (CHANGED)
[2025-12-05 00:30:04]   [emp_id: 5401] ✓ Updated: 21.66 → 21.71 (CHANGED)
[2025-12-05 00:30:04]   [emp_id: 5402] ✓ Updated: 21.78 → 21.83 (CHANGED)
[2025-12-05 00:30:04]   [emp_id: 5406] ✓ Updated: 20.5 → 20.55 (CHANGED)
[2025-12-05 00:30:04]   [emp_id: 5407] ✓ Updated: 22.46 → 22.54 (CHANGED)
[2025-12-05 00:30:04]   [emp_id: 5408] ✓ Updated: 20.21 → 20.29 (CHANGED)
[2025-12-05 00:30:04]   [emp_id: 5409] ✓ Updated: 14.84 → 14.89 (CHANGED)
[2025-12-05 00:30:04]   [emp_id: 5413] ✓ Updated: 25.96 → 26.04 (CHANGED)
[2025-12-05 00:30:04]   [emp_id: 5414] ✓ Updated: 25.63 → 25.71 (CHANGED)
[2025-12-05 00:30:04]   [emp_id: 5415] ✓ Updated: 16.46 → 16.54 (CHANGED)
[2025-12-05 00:30:04]   [emp_id: 5418] ✓ Updated: 16.65 → 16.7 (CHANGED)
[2025-12-05 00:30:04]   [emp_id: 5422] ✓ Updated: 18.29 → 18.37 (CHANGED)
[2025-12-05 00:30:04]   [emp_id: 5423] ✓ Updated: 14.88 → 14.96 (CHANGED)
[2025-12-05 00:30:04]   [emp_id: 5423] ✓ Updated: 14.88 → 14.96 (CHANGED)
[2025-12-05 00:30:04]   [emp_id: 5423] ✓ Updated: 14.88 → 14.96 (CHANGED)
[2025-12-05 00:30:04]   [emp_id: 5424] ✓ Updated: 12.45 → 12.5 (CHANGED)
[2025-12-05 00:30:04]   [emp_id: 5425] ✓ Updated: 12.45 → 12.5 (CHANGED)
[2025-12-05 00:30:04]   [emp_id: 5426] ✓ Updated: 4.05 → 4.13 (CHANGED)
[2025-12-05 00:30:04]   [emp_id: 5426] ✓ Updated: 4.05 → 4.13 (CHANGED)
[2025-12-05 00:30:04]   [emp_id: 5427] ✓ Updated: 12.56 → 12.61 (CHANGED)
[2025-12-05 00:30:04]   [emp_id: 5428] ✓ Updated: 12.45 → 12.5 (CHANGED)
[2025-12-05 00:30:04]   [emp_id: 5430] ✓ Updated: 15.29 → 15.37 (CHANGED)
[2025-12-05 00:30:04]   [emp_id: 5431] ✓ Updated: 11.57 → 11.62 (CHANGED)
[2025-12-05 00:30:04]   [emp_id: 5434] ✓ Updated: 11.34 → 11.39 (CHANGED)
[2025-12-05 00:30:04]   [emp_id: 5435] ✓ Updated: 11.28 → 11.33 (CHANGED)
[2025-12-05 00:30:04]   [emp_id: 5436] ✓ Updated: 11.28 → 11.33 (CHANGED)
[2025-12-05 00:30:04]   [emp_id: 5438] ✓ Updated: 13.21 → 13.29 (CHANGED)
[2025-12-05 00:30:04]   [emp_id: 5439] ✓ Updated: 22.71 → 22.79 (CHANGED)
[2025-12-05 00:30:05]   [emp_id: 5442] ✓ Updated: 11.71 → 11.79 (CHANGED)
[2025-12-05 00:30:05]   [emp_id: 5443] ✓ Updated: 6.96 → 7.01 (CHANGED)
[2025-12-05 00:30:05]   [emp_id: 5445] ✓ Updated: 5.74 → 5.79 (CHANGED)
[2025-12-05 00:30:05]   [emp_id: 5446] ✓ Updated: 5.74 → 5.79 (CHANGED)
[2025-12-05 00:30:05]   [emp_id: 5447] ✓ Updated: 5.68 → 5.73 (CHANGED)
[2025-12-05 00:30:05]   [emp_id: 5448] ✓ Updated: 3.24 → 3.32 (CHANGED)
[2025-12-05 00:30:05]   [emp_id: 5449] ✓ Updated: 3.76 → 3.81 (CHANGED)
[2025-12-05 00:30:05]   [emp_id: 5450] ✓ Updated: 3.7 → 3.75 (CHANGED)
[2025-12-05 00:30:05]   [emp_id: 5451] ✓ Updated: 3.7 → 3.75 (CHANGED)
[2025-12-05 00:30:05]   [emp_id: 5454] ✓ Updated: 4.79 → 4.87 (CHANGED)
[2025-12-05 00:30:05]   [emp_id: 5455] ✓ Updated: 3.04 → 3.12 (CHANGED)
[2025-12-05 00:30:05]   [emp_id: 5456] ✓ Updated: 4.04 → 4.12 (CHANGED)
[2025-12-05 00:30:05] 
[2025-12-05 00:30:05] ========== SUMMARY ==========
[2025-12-05 00:30:05] Total employees processed: 445
[2025-12-05 00:30:05] Records updated: 445
[2025-12-05 00:30:05] Balances changed: 445
[2025-12-05 00:30:05] Errors: 0
[2025-12-05 00:30:05] ========== CRON: Vacation Balance Update Completed ==========
[2025-12-05 00:30:05] 
