[2026-01-03 00:30:02] ========== CRON: Vacation Balance Update Started ==========
[2026-01-03 00:30:02] Database connection established
[2026-01-03 00:30:02] Found 427 active employees with balance records to update
[2026-01-03 00:30:02] (Only employees with status=1 will be processed)
[2026-01-03 00:30:02]   [emp_id: 1061] ✓ Updated: 0.32 → 0.4 (CHANGED)
[2026-01-03 00:30:02]   [emp_id: 1496] ✓ Updated: 16.45 → 16.53 (CHANGED)
[2026-01-03 00:30:03]   [emp_id: 1500] ✓ Updated: 4.13 → 4.21 (CHANGED)
[2026-01-03 00:30:03]   [emp_id: 1574] ✓ Updated: 33.36 → 33.44 (CHANGED)
[2026-01-03 00:30:03]   [emp_id: 1673] ✓ Updated: 44.86 → 44.94 (CHANGED)
[2026-01-03 00:30:03]   [emp_id: 1685] ✓ Updated: 14.78 → 14.86 (CHANGED)
[2026-01-03 00:30:03]   [emp_id: 1764] ✓ Updated: 69.45 → 69.53 (CHANGED)
[2026-01-03 00:30:03]   [emp_id: 1805] ✓ Updated: 63.78 → 63.86 (CHANGED)
[2026-01-03 00:30:03]   [emp_id: 1822] ✓ Updated: 68.53 → 68.61 (CHANGED)
[2026-01-03 00:30:03]   [emp_id: 1837] ✓ Updated: 24.7 → 24.78 (CHANGED)
[2026-01-03 00:30:03]   [emp_id: 1857] ✓ Updated: 20.03 → 20.11 (CHANGED)
[2026-01-03 00:30:03]   [emp_id: 1861] ✓ Updated: 70.86 → 70.94 (CHANGED)
[2026-01-03 00:30:03]   [emp_id: 1872] ✓ Updated: 9.7 → 9.78 (CHANGED)
[2026-01-03 00:30:03]   [emp_id: 1897] ✓ Updated: 5.03 → 5.11 (CHANGED)
[2026-01-03 00:30:03]   [emp_id: 1916] ✓ Updated: 11.33 → 11.41 (CHANGED)
[2026-01-03 00:30:03]   [emp_id: 1928] ✓ Updated: 64.28 → 64.36 (CHANGED)
[2026-01-03 00:30:03]   [emp_id: 1931] ✓ Updated: 84.2 → 84.28 (CHANGED)
[2026-01-03 00:30:03]   [emp_id: 1944] ✓ Updated: 42.36 → 42.44 (CHANGED)
[2026-01-03 00:30:03]   [emp_id: 1996] ✓ Updated: 70.86 → 70.94 (CHANGED)
[2026-01-03 00:30:03]   [emp_id: 1997] ✓ Updated: 36.03 → 36.11 (CHANGED)
[2026-01-03 00:30:03]   [emp_id: 1998] ✓ Updated: 27.47 → 27.55 (CHANGED)
[2026-01-03 00:30:03]   [emp_id: 1999] ✓ Updated: 28.47 → 28.55 (CHANGED)
[2026-01-03 00:30:03]   [emp_id: 2009] ✓ Updated: 34.78 → 34.86 (CHANGED)
[2026-01-03 00:30:03]   [emp_id: 2048] ✓ Updated: 24.61 → 24.69 (CHANGED)
[2026-01-03 00:30:03]   [emp_id: 2057] ✓ Updated: 65.45 → 65.53 (CHANGED)
[2026-01-03 00:30:03]   [emp_id: 2079] ✓ Updated: 47.78 → 47.86 (CHANGED)
[2026-01-03 00:30:03]   [emp_id: 2181] ✓ Updated: 36.78 → 36.86 (CHANGED)
[2026-01-03 00:30:03]   [emp_id: 2190] ✓ Updated: 6.11 → 6.19 (CHANGED)
[2026-01-03 00:30:03]   [emp_id: 2212] ✓ Updated: 24.11 → 24.19 (CHANGED)
[2026-01-03 00:30:03]   [emp_id: 2226] ✓ Updated: 68.86 → 68.94 (CHANGED)
[2026-01-03 00:30:03]   [emp_id: 2238] ✓ Updated: 67.11 → 67.19 (CHANGED)
[2026-01-03 00:30:03]   [emp_id: 2285] ✓ Updated: 35.78 → 35.86 (CHANGED)
[2026-01-03 00:30:03]   [emp_id: 2287] ✓ Updated: 47.45 → 47.53 (CHANGED)
[2026-01-03 00:30:03]   [emp_id: 2288] ✓ Updated: 2.47 → 2.55 (CHANGED)
[2026-01-03 00:30:03]   [emp_id: 2316] ✓ Updated: 16.28 → 16.36 (CHANGED)
[2026-01-03 00:30:03]   [emp_id: 2337] ✓ Updated: 37.36 → 37.44 (CHANGED)
[2026-01-03 00:30:03]   [emp_id: 2352] ✓ Updated: 68.86 → 68.94 (CHANGED)
[2026-01-03 00:30:03]   [emp_id: 2358] ✓ Updated: 5.36 → 5.44 (CHANGED)
[2026-01-03 00:30:03]   [emp_id: 2361] ✓ Updated: 71.03 → 71.11 (CHANGED)
[2026-01-03 00:30:03]   [emp_id: 2363] ✓ Updated: 73.61 → 73.69 (CHANGED)
[2026-01-03 00:30:03]   [emp_id: 2364] ✓ Updated: 73.03 → 73.11 (CHANGED)
[2026-01-03 00:30:03]   [emp_id: 2367] ✓ Updated: 100.7 → 100.78 (CHANGED)
[2026-01-03 00:30:03]   [emp_id: 2368] ✓ Updated: 31.11 → 31.19 (CHANGED)
[2026-01-03 00:30:03]   [emp_id: 2372] ✓ Updated: 68.36 → 68.44 (CHANGED)
[2026-01-03 00:30:03]   [emp_id: 2376] ✓ Updated: 118.36 → 118.44 (CHANGED)
[2026-01-03 00:30:03]   [emp_id: 2423] ✓ Updated: 19.11 → 19.19 (CHANGED)
[2026-01-03 00:30:03]   [emp_id: 2519] ✓ Updated: 172.78 → 172.86 (CHANGED)
[2026-01-03 00:30:03]   [emp_id: 2522] ✓ Updated: 56.36 → 56.44 (CHANGED)
[2026-01-03 00:30:03]   [emp_id: 2530] ✓ Updated: 51.61 → 51.69 (CHANGED)
[2026-01-03 00:30:03]   [emp_id: 2539] ✓ Updated: 48.36 → 48.44 (CHANGED)
[2026-01-03 00:30:04]   [emp_id: 2541] ✓ Updated: 28.95 → 29.03 (CHANGED)
[2026-01-03 00:30:04]   [emp_id: 2550] ✓ Updated: 95.11 → 95.19 (CHANGED)
[2026-01-03 00:30:04]   [emp_id: 2553] ✓ Updated: 32.22 → 32.3 (CHANGED)
[2026-01-03 00:30:04]   [emp_id: 2554] ✓ Updated: 38.7 → 38.78 (CHANGED)
[2026-01-03 00:30:04]   [emp_id: 2565] ✓ Updated: 93.28 → 93.36 (CHANGED)
[2026-01-03 00:30:04]   [emp_id: 2572] ✓ Updated: 43.28 → 43.36 (CHANGED)
[2026-01-03 00:30:04]   [emp_id: 2637] ✓ Updated: 63.86 → 63.94 (CHANGED)
[2026-01-03 00:30:04]   [emp_id: 2642] ✓ Updated: 76.61 → 76.69 (CHANGED)
[2026-01-03 00:30:04]   [emp_id: 2645] ✓ Updated: 92.61 → 92.69 (CHANGED)
[2026-01-03 00:30:04]   [emp_id: 2648] ✓ Updated: 44.28 → 44.36 (CHANGED)
[2026-01-03 00:30:04]   [emp_id: 2654] ✓ Updated: 86.95 → 87.03 (CHANGED)
[2026-01-03 00:30:04]   [emp_id: 2688] ✓ Updated: 25.03 → 25.11 (CHANGED)
[2026-01-03 00:30:04]   [emp_id: 2690] ✓ Updated: 13.78 → 13.86 (CHANGED)
[2026-01-03 00:30:04]   [emp_id: 2709] ✓ Updated: 36.03 → 36.11 (CHANGED)
[2026-01-03 00:30:04]   [emp_id: 2745] ✓ Updated: 32.61 → 32.69 (CHANGED)
[2026-01-03 00:30:04]   [emp_id: 2843] ✓ Updated: 79.2 → 79.28 (CHANGED)
[2026-01-03 00:30:04]   [emp_id: 2854] ✓ Updated: 59.11 → 59.19 (CHANGED)
[2026-01-03 00:30:04]   [emp_id: 2869] ✓ Updated: 64.03 → 64.11 (CHANGED)
[2026-01-03 00:30:04]   [emp_id: 2876] ✓ Updated: 33.86 → 33.94 (CHANGED)
[2026-01-03 00:30:04]   [emp_id: 2924] ✓ Updated: 15.03 → 15.11 (CHANGED)
[2026-01-03 00:30:04]   [emp_id: 2953] ✓ Updated: 100.78 → 100.86 (CHANGED)
[2026-01-03 00:30:04]   [emp_id: 2961] ✓ Updated: 10.78 → 10.86 (CHANGED)
[2026-01-03 00:30:04]   [emp_id: 2975] ✓ Updated: 0.46 → 0.54 (CHANGED)
[2026-01-03 00:30:04]   [emp_id: 3013] ✓ Updated: 9.78 → 9.86 (CHANGED)
[2026-01-03 00:30:04]   [emp_id: 3014] ✓ Updated: 89.03 → 89.11 (CHANGED)
[2026-01-03 00:30:04]   [emp_id: 3015] ✓ Updated: 40.28 → 40.36 (CHANGED)
[2026-01-03 00:30:04]   [emp_id: 3018] ✓ Updated: 59.03 → 59.11 (CHANGED)
[2026-01-03 00:30:04]   [emp_id: 3025] ✓ Updated: 22.8 → 22.88 (CHANGED)
[2026-01-03 00:30:04]   [emp_id: 3037] ✓ Updated: 82.53 → 82.61 (CHANGED)
[2026-01-03 00:30:04]   [emp_id: 3047] ✓ Updated: 70.78 → 70.86 (CHANGED)
[2026-01-03 00:30:04]   [emp_id: 3061] ✓ Updated: 17.7 → 17.78 (CHANGED)
[2026-01-03 00:30:04]   [emp_id: 3062] ✓ Updated: 50.86 → 50.94 (CHANGED)
[2026-01-03 00:30:04]   [emp_id: 3074] ✓ Updated: 107.28 → 107.36 (CHANGED)
[2026-01-03 00:30:04]   [emp_id: 3089] ✓ Updated: 6.2 → 6.28 (CHANGED)
[2026-01-03 00:30:04]   [emp_id: 3090] ✓ Updated: 32.78 → 32.86 (CHANGED)
[2026-01-03 00:30:04]   [emp_id: 3091] ✓ Updated: 44.78 → 44.86 (CHANGED)
[2026-01-03 00:30:04]   [emp_id: 3092] ✓ Updated: 27.45 → 27.53 (CHANGED)
[2026-01-03 00:30:04]   [emp_id: 3105] ✓ Updated: 47.78 → 47.86 (CHANGED)
[2026-01-03 00:30:04]   [emp_id: 3134] ✓ Updated: 43.53 → 43.61 (CHANGED)
[2026-01-03 00:30:04]   [emp_id: 3140] ✓ Updated: 40.61 → 40.69 (CHANGED)
[2026-01-03 00:30:04]   [emp_id: 3144] ✓ Updated: 13.45 → 13.53 (CHANGED)
[2026-01-03 00:30:04]   [emp_id: 3156] ✓ Updated: 16.78 → 16.86 (CHANGED)
[2026-01-03 00:30:04]   [emp_id: 3162] ✓ Updated: 1.76 → 1.84 (CHANGED)
[2026-01-03 00:30:04]   [emp_id: 3163] ✓ Updated: 5.03 → 5.11 (CHANGED)
[2026-01-03 00:30:04]   [emp_id: 3198] ✓ Updated: 40.03 → 40.11 (CHANGED)
[2026-01-03 00:30:04]   [emp_id: 3205] ✓ Updated: 16.7 → 16.78 (CHANGED)
[2026-01-03 00:30:04]   [emp_id: 3209] ✓ Updated: 40.86 → 40.94 (CHANGED)
[2026-01-03 00:30:04]   [emp_id: 3223] ✓ Updated: 89.78 → 89.86 (CHANGED)
[2026-01-03 00:30:04]   [emp_id: 3224] ✓ Updated: 64.53 → 64.61 (CHANGED)
[2026-01-03 00:30:04]   [emp_id: 3230] ✓ Updated: 87.95 → 88.03 (CHANGED)
[2026-01-03 00:30:04]   [emp_id: 3231] ✓ Updated: 0.32 → 0.4 (CHANGED)
[2026-01-03 00:30:04]   [emp_id: 3233] ✓ Updated: 80.78 → 80.86 (CHANGED)
[2026-01-03 00:30:04]   [emp_id: 3249] ✓ Updated: 36.61 → 36.69 (CHANGED)
[2026-01-03 00:30:04]   [emp_id: 3250] ✓ Updated: 9.61 → 9.69 (CHANGED)
[2026-01-03 00:30:04]   [emp_id: 3252] ✓ Updated: 10.53 → 10.61 (CHANGED)
[2026-01-03 00:30:04]   [emp_id: 3254] ✓ Updated: 21.03 → 21.11 (CHANGED)
[2026-01-03 00:30:04]   [emp_id: 3255] ✓ Updated: 17.45 → 17.53 (CHANGED)
[2026-01-03 00:30:04]   [emp_id: 3256] ✓ Updated: 13.7 → 13.78 (CHANGED)
[2026-01-03 00:30:04]   [emp_id: 3263] ✓ Updated: 29.78 → 29.86 (CHANGED)
[2026-01-03 00:30:04]   [emp_id: 3265] ✓ Updated: 25.36 → 25.44 (CHANGED)
[2026-01-03 00:30:04]   [emp_id: 3280] ✓ Updated: 72.28 → 72.36 (CHANGED)
[2026-01-03 00:30:04]   [emp_id: 3286] ✓ Updated: 15.45 → 15.53 (CHANGED)
[2026-01-03 00:30:04]   [emp_id: 3294] ✓ Updated: 15.11 → 15.19 (CHANGED)
[2026-01-03 00:30:04]   [emp_id: 3321] ✓ Updated: 72.28 → 72.36 (CHANGED)
[2026-01-03 00:30:04]   [emp_id: 3325] ✓ Updated: 60.03 → 60.11 (CHANGED)
[2026-01-03 00:30:04]   [emp_id: 3329] ✓ Updated: 62.36 → 62.44 (CHANGED)
[2026-01-03 00:30:04]   [emp_id: 3330] ✓ Updated: 62.36 → 62.44 (CHANGED)
[2026-01-03 00:30:04]   [emp_id: 3332] ✓ Updated: 62.36 → 62.44 (CHANGED)
[2026-01-03 00:30:04]   [emp_id: 3370] ✓ Updated: 54.03 → 54.11 (CHANGED)
[2026-01-03 00:30:04]   [emp_id: 3384] ✓ Updated: 14.53 → 14.61 (CHANGED)
[2026-01-03 00:30:04]   [emp_id: 3386] ✓ Updated: 44.53 → 44.61 (CHANGED)
[2026-01-03 00:30:04]   [emp_id: 3431] ✓ Updated: 18.95 → 19.03 (CHANGED)
[2026-01-03 00:30:04]   [emp_id: 3497] ✓ Updated: 9.11 → 9.19 (CHANGED)
[2026-01-03 00:30:04]   [emp_id: 3532] ✓ Updated: 45.95 → 46.03 (CHANGED)
[2026-01-03 00:30:04]   [emp_id: 3586] ✓ Updated: 10.03 → 10.11 (CHANGED)
[2026-01-03 00:30:04]   [emp_id: 3602] ✓ Updated: 1.52 → 1.6 (CHANGED)
[2026-01-03 00:30:04]   [emp_id: 3618] ✓ Updated: 23.5 → 23.58 (CHANGED)
[2026-01-03 00:30:04]   [emp_id: 3622] ✓ Updated: 34.47 → 34.53 (CHANGED)
[2026-01-03 00:30:04]   [emp_id: 3627] ✓ Updated: 9.45 → 9.53 (CHANGED)
[2026-01-03 00:30:04]   [emp_id: 3665] ✓ Updated: 51.03 → 51.11 (CHANGED)
[2026-01-03 00:30:04]   [emp_id: 3705] ✓ Updated: 27.8 → 27.86 (CHANGED)
[2026-01-03 00:30:04]   [emp_id: 3724] ✓ Updated: 44.03 → 44.11 (CHANGED)
[2026-01-03 00:30:04]   [emp_id: 3726] ✓ Updated: 60.45 → 60.53 (CHANGED)
[2026-01-03 00:30:04]   [emp_id: 3727] ✓ Updated: 65.53 → 65.61 (CHANGED)
[2026-01-03 00:30:04]   [emp_id: 3728] ✓ Updated: 9.86 → 9.94 (CHANGED)
[2026-01-03 00:30:04]   [emp_id: 3767] ✓ Updated: 60.61 → 60.69 (CHANGED)
[2026-01-03 00:30:04]   [emp_id: 3768] ✓ Updated: 56.86 → 56.94 (CHANGED)
[2026-01-03 00:30:04]   [emp_id: 3787] ✓ Updated: 57.45 → 57.53 (CHANGED)
[2026-01-03 00:30:04]   [emp_id: 3790] ✓ Updated: 2 → 2.08 (CHANGED)
[2026-01-03 00:30:04]   [emp_id: 3795] ✓ Updated: 14.95 → 15.03 (CHANGED)
[2026-01-03 00:30:04]   [emp_id: 3798] ✓ Updated: 93.36 → 93.44 (CHANGED)
[2026-01-03 00:30:04]   [emp_id: 3801] ✓ Updated: 1.63 → 1.71 (CHANGED)
[2026-01-03 00:30:04]   [emp_id: 3802] ✓ Updated: 30.61 → 30.69 (CHANGED)
[2026-01-03 00:30:04]   [emp_id: 3803] ✓ Updated: 115.03 → 115.11 (CHANGED)
[2026-01-03 00:30:04]   [emp_id: 3810] ✓ Updated: 61.03 → 61.11 (CHANGED)
[2026-01-03 00:30:04]   [emp_id: 3812] ✓ Updated: 90.03 → 90.11 (CHANGED)
[2026-01-03 00:30:04]   [emp_id: 3815] ✓ Updated: 90.03 → 90.11 (CHANGED)
[2026-01-03 00:30:04]   [emp_id: 3836] ✓ Updated: 57.7 → 57.78 (CHANGED)
[2026-01-03 00:30:04]   [emp_id: 3855] ✓ Updated: 50.86 → 50.94 (CHANGED)
[2026-01-03 00:30:04]   [emp_id: 3857] ✓ Updated: 54.53 → 54.61 (CHANGED)
[2026-01-03 00:30:04]   [emp_id: 3862] ✓ Updated: 102.61 → 102.69 (CHANGED)
[2026-01-03 00:30:04]   [emp_id: 3866] ✓ Updated: 27.86 → 27.94 (CHANGED)
[2026-01-03 00:30:04]   [emp_id: 3876] ✓ Updated: 36.03 → 36.11 (CHANGED)
[2026-01-03 00:30:04]   [emp_id: 3877] ✓ Updated: 49.53 → 49.61 (CHANGED)
[2026-01-03 00:30:04]   [emp_id: 3897] ✓ Updated: 37.78 → 37.86 (CHANGED)
[2026-01-03 00:30:04]   [emp_id: 3899] ✓ Updated: 21.05 → 21.13 (CHANGED)
[2026-01-03 00:30:04]   [emp_id: 3928] ✓ Updated: 13.86 → 13.94 (CHANGED)
[2026-01-03 00:30:04]   [emp_id: 3929] ✓ Updated: 8.86 → 8.94 (CHANGED)
[2026-01-03 00:30:04]   [emp_id: 3935] ✓ Updated: 93.86 → 93.94 (CHANGED)
[2026-01-03 00:30:04]   [emp_id: 3952] ✓ Updated: 76.2 → 76.28 (CHANGED)
[2026-01-03 00:30:04]   [emp_id: 3987] ✓ Updated: 14.11 → 14.19 (CHANGED)
[2026-01-03 00:30:04]   [emp_id: 4059] ✓ Updated: 3.31 → 3.39 (CHANGED)
[2026-01-03 00:30:04]   [emp_id: 4119] ✓ Updated: 56.78 → 56.86 (CHANGED)
[2026-01-03 00:30:04]   [emp_id: 4120] ✓ Updated: 26.36 → 26.44 (CHANGED)
[2026-01-03 00:30:04]   [emp_id: 4124] ✓ Updated: 26.88 → 26.96 (CHANGED)
[2026-01-03 00:30:04]   [emp_id: 4133] ✓ Updated: 105.36 → 105.44 (CHANGED)
[2026-01-03 00:30:04]   [emp_id: 4134] ✓ Updated: 26.36 → 26.44 (CHANGED)
[2026-01-03 00:30:04]   [emp_id: 4136] ✓ Updated: 26.36 → 26.44 (CHANGED)
[2026-01-03 00:30:04]   [emp_id: 4150] ✓ Updated: 25.03 → 25.11 (CHANGED)
[2026-01-03 00:30:04]   [emp_id: 4157] ✓ Updated: 18.53 → 18.61 (CHANGED)
[2026-01-03 00:30:04]   [emp_id: 4172] ✓ Updated: 12.38 → 12.44 (CHANGED)
[2026-01-03 00:30:04]   [emp_id: 4195] ✓ Updated: 62.11 → 62.19 (CHANGED)
[2026-01-03 00:30:04]   [emp_id: 4215] ✓ Updated: 44.78 → 44.86 (CHANGED)
[2026-01-03 00:30:04]   [emp_id: 4220] ✓ Updated: 40.36 → 40.44 (CHANGED)
[2026-01-03 00:30:04]   [emp_id: 4273] ✓ Updated: 9.03 → 9.11 (CHANGED)
[2026-01-03 00:30:04]   [emp_id: 4283] ✓ Updated: 13.47 → 13.53 (CHANGED)
[2026-01-03 00:30:04]   [emp_id: 4288] ✓ Updated: 1.28 → 1.36 (CHANGED)
[2026-01-03 00:30:04]   [emp_id: 4315] ✓ Updated: 12.28 → 12.36 (CHANGED)
[2026-01-03 00:30:04]   [emp_id: 4328] ✓ Updated: 42.3 → 42.36 (CHANGED)
[2026-01-03 00:30:04]   [emp_id: 4329] ✓ Updated: 5.45 → 5.53 (CHANGED)
[2026-01-03 00:30:04]   [emp_id: 4338] ✓ Updated: 47.03 → 47.11 (CHANGED)
[2026-01-03 00:30:04]   [emp_id: 4340] ✓ Updated: 126.03 → 126.11 (CHANGED)
[2026-01-03 00:30:04]   [emp_id: 4365] ✓ Updated: 60.45 → 60.53 (CHANGED)
[2026-01-03 00:30:04]   [emp_id: 4366] ✓ Updated: 59.53 → 59.61 (CHANGED)
[2026-01-03 00:30:04]   [emp_id: 4403] ✓ Updated: 85.36 → 85.44 (CHANGED)
[2026-01-03 00:30:04]   [emp_id: 4438] ✓ Updated: 21.03 → 21.11 (CHANGED)
[2026-01-03 00:30:04]   [emp_id: 4465] ✓ Updated: 12.63 → 12.69 (CHANGED)
[2026-01-03 00:30:04]   [emp_id: 4473] ✓ Updated: 44.61 → 44.69 (CHANGED)
[2026-01-03 00:30:04]   [emp_id: 4474] ✓ Updated: 3.14 → 3.2 (CHANGED)
[2026-01-03 00:30:04]   [emp_id: 4493] ✓ Updated: 163.45 → 163.53 (CHANGED)
[2026-01-03 00:30:04]   [emp_id: 4526] ✓ Updated: 35.7 → 35.78 (CHANGED)
[2026-01-03 00:30:05]   [emp_id: 4528] ✓ Updated: 107.45 → 107.53 (CHANGED)
[2026-01-03 00:30:05]   [emp_id: 4528] ✓ Updated: 107.45 → 107.53 (CHANGED)
[2026-01-03 00:30:05]   [emp_id: 4532] ✓ Updated: 7.75 → 7.81 (CHANGED)
[2026-01-03 00:30:05]   [emp_id: 4533] ✓ Updated: 35.86 → 35.94 (CHANGED)
[2026-01-03 00:30:05]   [emp_id: 4564] ✓ Updated: 25.38 → 25.44 (CHANGED)
[2026-01-03 00:30:05]   [emp_id: 4565] ✓ Updated: 15.13 → 15.19 (CHANGED)
[2026-01-03 00:30:05]   [emp_id: 4567] ✓ Updated: 19.38 → 19.44 (CHANGED)
[2026-01-03 00:30:05]   [emp_id: 4572] ✓ Updated: 58.88 → 58.94 (CHANGED)
[2026-01-03 00:30:05]   [emp_id: 4631] ✓ Updated: 15.13 → 15.19 (CHANGED)
[2026-01-03 00:30:05]   [emp_id: 4655] ✓ Updated: 24.78 → 24.86 (CHANGED)
[2026-01-03 00:30:05]   [emp_id: 4689] ✓ Updated: 2.55 → 2.63 (CHANGED)
[2026-01-03 00:30:05]   [emp_id: 4709] ✓ Updated: 40.03 → 40.11 (CHANGED)
[2026-01-03 00:30:05]   [emp_id: 4717] ✓ Updated: 66.03 → 66.11 (CHANGED)
[2026-01-03 00:30:05]   [emp_id: 4736] ✓ Updated: 27.86 → 27.94 (CHANGED)
[2026-01-03 00:30:05]   [emp_id: 4756] ✓ Updated: 11.57 → 11.63 (CHANGED)
[2026-01-03 00:30:05]   [emp_id: 4768] ✓ Updated: 12.53 → 12.61 (CHANGED)
[2026-01-03 00:30:05]   [emp_id: 4780] ✓ Updated: 65.3 → 65.36 (CHANGED)
[2026-01-03 00:30:05]   [emp_id: 4820] ✓ Updated: 98.86 → 98.94 (CHANGED)
[2026-01-03 00:30:05]   [emp_id: 4825] ✓ Updated: 30.61 → 30.69 (CHANGED)
[2026-01-03 00:30:05]   [emp_id: 4835] ✓ Updated: 48.05 → 48.11 (CHANGED)
[2026-01-03 00:30:05]   [emp_id: 4837] ✓ Updated: 45.29 → 45.35 (CHANGED)
[2026-01-03 00:30:05]   [emp_id: 4838] ✓ Updated: 44.31 → 44.37 (CHANGED)
[2026-01-03 00:30:05]   [emp_id: 4840] ✓ Updated: 45.29 → 45.35 (CHANGED)
[2026-01-03 00:30:05]   [emp_id: 4842] ✓ Updated: 44.53 → 44.59 (CHANGED)
[2026-01-03 00:30:05]   [emp_id: 4843] ✓ Updated: 45.06 → 45.12 (CHANGED)
[2026-01-03 00:30:05]   [emp_id: 4853] ✓ Updated: 88.88 → 88.94 (CHANGED)
[2026-01-03 00:30:05]   [emp_id: 4856] ✓ Updated: 42.2 → 42.26 (CHANGED)
[2026-01-03 00:30:05]   [emp_id: 4857] ✓ Updated: 25.02 → 25.08 (CHANGED)
[2026-01-03 00:30:05]   [emp_id: 4858] ✓ Updated: 21.9 → 21.96 (CHANGED)
[2026-01-03 00:30:05]   [emp_id: 4859] ✓ Updated: 43.37 → 43.43 (CHANGED)
[2026-01-03 00:30:05]   [emp_id: 4860] ✓ Updated: 7.87 → 7.93 (CHANGED)
[2026-01-03 00:30:05]   [emp_id: 4861] ✓ Updated: 41.33 → 41.39 (CHANGED)
[2026-01-03 00:30:05]   [emp_id: 4869] ✓ Updated: 84.21 → 84.27 (CHANGED)
[2026-01-03 00:30:05]   [emp_id: 4894] ✓ Updated: 7.53 → 7.61 (CHANGED)
[2026-01-03 00:30:05]   [emp_id: 4897] ✓ Updated: 23.11 → 23.17 (CHANGED)
[2026-01-03 00:30:05]   [emp_id: 4899] ✓ Updated: 19.28 → 19.34 (CHANGED)
[2026-01-03 00:30:05]   [emp_id: 4902] ✓ Updated: 18.7 → 18.76 (CHANGED)
[2026-01-03 00:30:05]   [emp_id: 4903] ✓ Updated: 20.92 → 20.98 (CHANGED)
[2026-01-03 00:30:05]   [emp_id: 4905] ✓ Updated: 19.58 → 19.64 (CHANGED)
[2026-01-03 00:30:05]   [emp_id: 4907] ✓ Updated: 47.61 → 47.69 (CHANGED)
[2026-01-03 00:30:05]   [emp_id: 4917] ✓ Updated: 16.54 → 16.6 (CHANGED)
[2026-01-03 00:30:05]   [emp_id: 4918] ✓ Updated: 6.31 → 6.37 (CHANGED)
[2026-01-03 00:30:05]   [emp_id: 4919] ✓ Updated: 58.6 → 58.66 (CHANGED)
[2026-01-03 00:30:05]   [emp_id: 4920] ✓ Updated: 5.68 → 5.74 (CHANGED)
[2026-01-03 00:30:05]   [emp_id: 4921] ✓ Updated: 17.77 → 17.83 (CHANGED)
[2026-01-03 00:30:05]   [emp_id: 4927] ✓ Updated: 16.6 → 16.66 (CHANGED)
[2026-01-03 00:30:05]   [emp_id: 4929] ✓ Updated: 18.12 → 18.18 (CHANGED)
[2026-01-03 00:30:05]   [emp_id: 4930] ✓ Updated: 58.89 → 58.95 (CHANGED)
[2026-01-03 00:30:05]   [emp_id: 4932] ✓ Updated: 16.89 → 16.95 (CHANGED)
[2026-01-03 00:30:05]   [emp_id: 4933] ✓ Updated: 20.3 → 20.36 (CHANGED)
[2026-01-03 00:30:05]   [emp_id: 4949] ✓ Updated: 35.73 → 35.79 (CHANGED)
[2026-01-03 00:30:05]   [emp_id: 4956] ✓ Updated: 29.32 → 29.38 (CHANGED)
[2026-01-03 00:30:05]   [emp_id: 4957] ✓ Updated: 29.99 → 30.05 (CHANGED)
[2026-01-03 00:30:05]   [emp_id: 4962] ✓ Updated: 46.97 → 47.05 (CHANGED)
[2026-01-03 00:30:05]   [emp_id: 4969] ✓ Updated: 46.28 → 46.36 (CHANGED)
[2026-01-03 00:30:05]   [emp_id: 4976] ✓ Updated: 10.01 → 10.07 (CHANGED)
[2026-01-03 00:30:05]   [emp_id: 4984] ✓ Updated: 37.53 → 37.61 (CHANGED)
[2026-01-03 00:30:05]   [emp_id: 4995] ✓ Updated: 49.6 → 49.68 (CHANGED)
[2026-01-03 00:30:05]   [emp_id: 5004] ✓ Updated: 26.95 → 27.01 (CHANGED)
[2026-01-03 00:30:05]   [emp_id: 5006] ✓ Updated: 26.69 → 26.75 (CHANGED)
[2026-01-03 00:30:05]   [emp_id: 5011] ✓ Updated: 5.38 → 5.46 (CHANGED)
[2026-01-03 00:30:05]   [emp_id: 5013] ✓ Updated: 67.06 → 67.12 (CHANGED)
[2026-01-03 00:30:05]   [emp_id: 5018] ✓ Updated: 3.55 → 3.61 (CHANGED)
[2026-01-03 00:30:05]   [emp_id: 5021] ✓ Updated: 60.63 → 60.71 (CHANGED)
[2026-01-03 00:30:05]   [emp_id: 5024] ✓ Updated: 1.57 → 1.63 (CHANGED)
[2026-01-03 00:30:05]   [emp_id: 5030] ✓ Updated: 31.52 → 31.58 (CHANGED)
[2026-01-03 00:30:05]   [emp_id: 5033] ✓ Updated: 22.32 → 22.38 (CHANGED)
[2026-01-03 00:30:05]   [emp_id: 5043] ✓ Updated: 30.2 → 30.28 (CHANGED)
[2026-01-03 00:30:05]   [emp_id: 5045] ✓ Updated: 26.7 → 26.78 (CHANGED)
[2026-01-03 00:30:05]   [emp_id: 5046] ✓ Updated: 21.89 → 21.97 (CHANGED)
[2026-01-03 00:30:05]   [emp_id: 5049] ✓ Updated: 39 → 39.06 (CHANGED)
[2026-01-03 00:30:05]   [emp_id: 5052] ✓ Updated: 30.28 → 30.34 (CHANGED)
[2026-01-03 00:30:05]   [emp_id: 5055] ✓ Updated: 18.72 → 18.78 (CHANGED)
[2026-01-03 00:30:05]   [emp_id: 5058] ✓ Updated: 27.7 → 27.76 (CHANGED)
[2026-01-03 00:30:05]   [emp_id: 5062] ✓ Updated: 39.53 → 39.59 (CHANGED)
[2026-01-03 00:30:05]   [emp_id: 5064] ✓ Updated: 117.53 → 117.61 (CHANGED)
[2026-01-03 00:30:05]   [emp_id: 5065] ✓ Updated: 38.94 → 39 (CHANGED)
[2026-01-03 00:30:05]   [emp_id: 5071] ✓ Updated: 23.03 → 23.11 (CHANGED)
[2026-01-03 00:30:05]   [emp_id: 5073] ✓ Updated: 13.54 → 13.6 (CHANGED)
[2026-01-03 00:30:05]   [emp_id: 5079] ✓ Updated: 34.1 → 34.16 (CHANGED)
[2026-01-03 00:30:05]   [emp_id: 5080] ✓ Updated: 28.43 → 28.49 (CHANGED)
[2026-01-03 00:30:05]   [emp_id: 5081] ✓ Updated: 15.69 → 15.75 (CHANGED)
[2026-01-03 00:30:05]   [emp_id: 5087] ✓ Updated: 35.73 → 35.79 (CHANGED)
[2026-01-03 00:30:05]   [emp_id: 5091] ✓ Updated: 75.58 → 75.64 (CHANGED)
[2026-01-03 00:30:05]   [emp_id: 5093] ✓ Updated: 14.2 → 14.28 (CHANGED)
[2026-01-03 00:30:05]   [emp_id: 5095] ✓ Updated: 1.12 → 1.18 (CHANGED)
[2026-01-03 00:30:05]   [emp_id: 5101] ✓ Updated: 16.28 → 16.36 (CHANGED)
[2026-01-03 00:30:05]   [emp_id: 5107] ✓ Updated: 14.61 → 14.69 (CHANGED)
[2026-01-03 00:30:05]   [emp_id: 5109] ✓ Updated: 11.86 → 11.94 (CHANGED)
[2026-01-03 00:30:05]   [emp_id: 5119] ✓ Updated: 10.03 → 10.11 (CHANGED)
[2026-01-03 00:30:05]   [emp_id: 5122] ✓ Updated: 7.2 → 7.28 (CHANGED)
[2026-01-03 00:30:05]   [emp_id: 5126] ✓ Updated: 26.46 → 26.52 (CHANGED)
[2026-01-03 00:30:05]   [emp_id: 5127] ✓ Updated: 23.25 → 23.31 (CHANGED)
[2026-01-03 00:30:05]   [emp_id: 5128] ✓ Updated: 26.4 → 26.46 (CHANGED)
[2026-01-03 00:30:05]   [emp_id: 5138] ✓ Updated: 65.86 → 65.94 (CHANGED)
[2026-01-03 00:30:05]   [emp_id: 5138] ✓ Updated: 65.86 → 65.94 (CHANGED)
[2026-01-03 00:30:05]   [emp_id: 5141] ✓ Updated: 34.77 → 34.83 (CHANGED)
[2026-01-03 00:30:05]   [emp_id: 5142] ✓ Updated: 13.77 → 13.83 (CHANGED)
[2026-01-03 00:30:05]   [emp_id: 5146] ✓ Updated: 20.77 → 20.83 (CHANGED)
[2026-01-03 00:30:05]   [emp_id: 5147] ✓ Updated: 19.77 → 19.83 (CHANGED)
[2026-01-03 00:30:05]   [emp_id: 5148] ✓ Updated: 25.12 → 25.18 (CHANGED)
[2026-01-03 00:30:05]   [emp_id: 5149] ✓ Updated: 24.01 → 24.07 (CHANGED)
[2026-01-03 00:30:05]   [emp_id: 5150] ✓ Updated: 23.37 → 23.43 (CHANGED)
[2026-01-03 00:30:05]   [emp_id: 5151] ✓ Updated: 23.19 → 23.25 (CHANGED)
[2026-01-03 00:30:05]   [emp_id: 5152] ✓ Updated: 3.61 → 3.67 (CHANGED)
[2026-01-03 00:30:05]   [emp_id: 5157] ✓ Updated: 23.19 → 23.25 (CHANGED)
[2026-01-03 00:30:05]   [emp_id: 5160] ✓ Updated: 23.19 → 23.25 (CHANGED)
[2026-01-03 00:30:05]   [emp_id: 5163] ✓ Updated: 20.98 → 21.04 (CHANGED)
[2026-01-03 00:30:05]   [emp_id: 5165] ✓ Updated: 1.3 → 1.38 (CHANGED)
[2026-01-03 00:30:05]   [emp_id: 5167] ✓ Updated: 30.13 → 30.19 (CHANGED)
[2026-01-03 00:30:05]   [emp_id: 5168] ✓ Updated: 22.67 → 22.73 (CHANGED)
[2026-01-03 00:30:05]   [emp_id: 5173] ✓ Updated: 24.95 → 25.03 (CHANGED)
[2026-01-03 00:30:05]   [emp_id: 5174] ✓ Updated: 23.13 → 23.19 (CHANGED)
[2026-01-03 00:30:05]   [emp_id: 5181] ✓ Updated: 19.52 → 19.58 (CHANGED)
[2026-01-03 00:30:05]   [emp_id: 5186] ✓ Updated: 25.05 → 25.11 (CHANGED)
[2026-01-03 00:30:05]   [emp_id: 5187] ✓ Updated: 36.05 → 36.11 (CHANGED)
[2026-01-03 00:30:05]   [emp_id: 5204] ✓ Updated: 22.45 → 22.53 (CHANGED)
[2026-01-03 00:30:05]   [emp_id: 5205] ✓ Updated: 12.26 → 12.32 (CHANGED)
[2026-01-03 00:30:05]   [emp_id: 5209] ✓ Updated: 15.26 → 15.32 (CHANGED)
[2026-01-03 00:30:05]   [emp_id: 5213] ✓ Updated: 1.67 → 1.73 (CHANGED)
[2026-01-03 00:30:05]   [emp_id: 5214] ✓ Updated: 3.51 → 3.57 (CHANGED)
[2026-01-03 00:30:05]   [emp_id: 5215] ✓ Updated: 10.26 → 10.32 (CHANGED)
[2026-01-03 00:30:05]   [emp_id: 5217] ✓ Updated: 9.26 → 9.32 (CHANGED)
[2026-01-03 00:30:05]   [emp_id: 5219] ✓ Updated: 13.26 → 13.32 (CHANGED)
[2026-01-03 00:30:05]   [emp_id: 5221] ✓ Updated: 4.63 → 4.69 (CHANGED)
[2026-01-03 00:30:05]   [emp_id: 5224] ✓ Updated: 14.26 → 14.32 (CHANGED)
[2026-01-03 00:30:05]   [emp_id: 5225] ✓ Updated: 6.57 → 6.63 (CHANGED)
[2026-01-03 00:30:05]   [emp_id: 5228] ✓ Updated: 9.26 → 9.32 (CHANGED)
[2026-01-03 00:30:05]   [emp_id: 5229] ✓ Updated: 5.26 → 5.32 (CHANGED)
[2026-01-03 00:30:05]   [emp_id: 5230] ✓ Updated: 11.93 → 11.99 (CHANGED)
[2026-01-03 00:30:05]   [emp_id: 5231] ✓ Updated: 6.26 → 6.32 (CHANGED)
[2026-01-03 00:30:05]   [emp_id: 5232] ✓ Updated: 11.26 → 11.32 (CHANGED)
[2026-01-03 00:30:05]   [emp_id: 5233] ✓ Updated: 4.26 → 4.32 (CHANGED)
[2026-01-03 00:30:05]   [emp_id: 5234] ✓ Updated: 4.26 → 4.32 (CHANGED)
[2026-01-03 00:30:05]   [emp_id: 5235] ✓ Updated: 4.93 → 4.99 (CHANGED)
[2026-01-03 00:30:05]   [emp_id: 5237] ✓ Updated: 10.51 → 10.57 (CHANGED)
[2026-01-03 00:30:05]   [emp_id: 5239] ✓ Updated: 7.26 → 7.32 (CHANGED)
[2026-01-03 00:30:05]   [emp_id: 5241] ✓ Updated: 5.26 → 5.32 (CHANGED)
[2026-01-03 00:30:05]   [emp_id: 5242] ✓ Updated: 15.26 → 15.32 (CHANGED)
[2026-01-03 00:30:05]   [emp_id: 5243] ✓ Updated: 1.67 → 1.73 (CHANGED)
[2026-01-03 00:30:05]   [emp_id: 5244] ✓ Updated: 3.57 → 3.63 (CHANGED)
[2026-01-03 00:30:05]   [emp_id: 5246] ✓ Updated: 11.26 → 11.32 (CHANGED)
[2026-01-03 00:30:05]   [emp_id: 5253] ✓ Updated: 24.13 → 24.19 (CHANGED)
[2026-01-03 00:30:05]   [emp_id: 5254] ✓ Updated: 12.11 → 12.17 (CHANGED)
[2026-01-03 00:30:05]   [emp_id: 5257] ✓ Updated: 11.82 → 11.88 (CHANGED)
[2026-01-03 00:30:05]   [emp_id: 5259] ✓ Updated: 48.35 → 48.41 (CHANGED)
[2026-01-03 00:30:05]   [emp_id: 5261] ✓ Updated: 16.05 → 16.13 (CHANGED)
[2026-01-03 00:30:05]   [emp_id: 5264] ✓ Updated: 25.83 → 25.89 (CHANGED)
[2026-01-03 00:30:06]   [emp_id: 5266] ✓ Updated: 20.45 → 20.51 (CHANGED)
[2026-01-03 00:30:06]   [emp_id: 5268] ✓ Updated: 9.02 → 9.08 (CHANGED)
[2026-01-03 00:30:06]   [emp_id: 5271] ✓ Updated: 7.68 → 7.74 (CHANGED)
[2026-01-03 00:30:06]   [emp_id: 5272] ✓ Updated: 8.55 → 8.61 (CHANGED)
[2026-01-03 00:30:06]   [emp_id: 5273] ✓ Updated: 23.62 → 23.68 (CHANGED)
[2026-01-03 00:30:06]   [emp_id: 5275] ✓ Updated: 9.37 → 9.43 (CHANGED)
[2026-01-03 00:30:06]   [emp_id: 5276] ✓ Updated: 23.64 → 23.7 (CHANGED)
[2026-01-03 00:30:06]   [emp_id: 5278] ✓ Updated: 8.03 → 8.09 (CHANGED)
[2026-01-03 00:30:06]   [emp_id: 5280] ✓ Updated: 18.43 → 18.49 (CHANGED)
[2026-01-03 00:30:06]   [emp_id: 5282] ✓ Updated: 11.53 → 11.61 (CHANGED)
[2026-01-03 00:30:06]   [emp_id: 5285] ✓ Updated: 28.43 → 28.49 (CHANGED)
[2026-01-03 00:30:06]   [emp_id: 5286] ✓ Updated: 15.43 → 15.49 (CHANGED)
[2026-01-03 00:30:06]   [emp_id: 5287] ✓ Updated: 49.73 → 49.79 (CHANGED)
[2026-01-03 00:30:06]   [emp_id: 5288] ✓ Updated: 7 → 7.06 (CHANGED)
[2026-01-03 00:30:06]   [emp_id: 5289] ✓ Updated: 48.28 → 48.34 (CHANGED)
[2026-01-03 00:30:06]   [emp_id: 5290] ✓ Updated: 47.05 → 47.11 (CHANGED)
[2026-01-03 00:30:06]   [emp_id: 5291] ✓ Updated: 5.05 → 5.11 (CHANGED)
[2026-01-03 00:30:06]   [emp_id: 5292] ✓ Updated: 4.99 → 5.05 (CHANGED)
[2026-01-03 00:30:06]   [emp_id: 5293] ✓ Updated: 37.7 → 37.78 (CHANGED)
[2026-01-03 00:30:06]   [emp_id: 5294] ✓ Updated: 7.45 → 7.53 (CHANGED)
[2026-01-03 00:30:06]   [emp_id: 5295] ✓ Updated: 21.23 → 21.29 (CHANGED)
[2026-01-03 00:30:06]   [emp_id: 5296] ✓ Updated: 34.47 → 34.55 (CHANGED)
[2026-01-03 00:30:06]   [emp_id: 5297] ✓ Updated: 45.65 → 45.71 (CHANGED)
[2026-01-03 00:30:06]   [emp_id: 5298] ✓ Updated: 45.65 → 45.71 (CHANGED)
[2026-01-03 00:30:06]   [emp_id: 5299] ✓ Updated: 45.65 → 45.71 (CHANGED)
[2026-01-03 00:30:06]   [emp_id: 5300] ✓ Updated: 45.65 → 45.71 (CHANGED)
[2026-01-03 00:30:06]   [emp_id: 5301] ✓ Updated: 3.47 → 3.53 (CHANGED)
[2026-01-03 00:30:06]   [emp_id: 5303] ✓ Updated: 3.9 → 3.96 (CHANGED)
[2026-01-03 00:30:06]   [emp_id: 5304] ✓ Updated: 45.65 → 45.71 (CHANGED)
[2026-01-03 00:30:06]   [emp_id: 5305] ✓ Updated: 3.65 → 3.71 (CHANGED)
[2026-01-03 00:30:06]   [emp_id: 5306] ✓ Updated: 45.36 → 45.42 (CHANGED)
[2026-01-03 00:30:06]   [emp_id: 5307] ✓ Updated: 45.36 → 45.42 (CHANGED)
[2026-01-03 00:30:06]   [emp_id: 5312] ✓ Updated: 1.34 → 1.4 (CHANGED)
[2026-01-03 00:30:06]   [emp_id: 5318] ✓ Updated: 26.07 → 26.13 (CHANGED)
[2026-01-03 00:30:06]   [emp_id: 5325] ✓ Updated: 22.03 → 22.09 (CHANGED)
[2026-01-03 00:30:06]   [emp_id: 5327] ✓ Updated: 1.12 → 1.18 (CHANGED)
[2026-01-03 00:30:06]   [emp_id: 5337] ✓ Updated: 35.36 → 35.44 (CHANGED)
[2026-01-03 00:30:06]   [emp_id: 5339] ✓ Updated: 10.22 → 10.28 (CHANGED)
[2026-01-03 00:30:06]   [emp_id: 5343] ✓ Updated: 45.28 → 45.36 (CHANGED)
[2026-01-03 00:30:06]   [emp_id: 5343] ✓ Updated: 45.28 → 45.36 (CHANGED)
[2026-01-03 00:30:06]   [emp_id: 5345] ✓ Updated: 15.11 → 15.19 (CHANGED)
[2026-01-03 00:30:06]   [emp_id: 5346] ✓ Updated: 1.94 → 2 (CHANGED)
[2026-01-03 00:30:06]   [emp_id: 5351] ✓ Updated: 16.88 → 16.94 (CHANGED)
[2026-01-03 00:30:06]   [emp_id: 5352] ✓ Updated: 25.53 → 25.61 (CHANGED)
[2026-01-03 00:30:06]   [emp_id: 5370] ✓ Updated: 15.53 → 15.59 (CHANGED)
[2026-01-03 00:30:06]   [emp_id: 5371] ✓ Updated: 1.44 → 1.52 (CHANGED)
[2026-01-03 00:30:06]   [emp_id: 5376] ✓ Updated: 10.13 → 10.19 (CHANGED)
[2026-01-03 00:30:06]   [emp_id: 5378] ✓ Updated: 17.36 → 17.44 (CHANGED)
[2026-01-03 00:30:06]   [emp_id: 5380] ✓ Updated: 16.54 → 16.6 (CHANGED)
[2026-01-03 00:30:06]   [emp_id: 5381] ✓ Updated: 11.8 → 11.88 (CHANGED)
[2026-01-03 00:30:06]   [emp_id: 5383] ✓ Updated: 16.11 → 16.19 (CHANGED)
[2026-01-03 00:30:06]   [emp_id: 5388] ✓ Updated: 27.32 → 27.38 (CHANGED)
[2026-01-03 00:30:06]   [emp_id: 5396] ✓ Updated: 28.56 → 28.62 (CHANGED)
[2026-01-03 00:30:06]   [emp_id: 5397] ✓ Updated: 20.02 → 20.08 (CHANGED)
[2026-01-03 00:30:06]   [emp_id: 5401] ✓ Updated: 23.13 → 23.19 (CHANGED)
[2026-01-03 00:30:06]   [emp_id: 5402] ✓ Updated: 23.25 → 23.31 (CHANGED)
[2026-01-03 00:30:06]   [emp_id: 5406] ✓ Updated: 21.97 → 22.03 (CHANGED)
[2026-01-03 00:30:06]   [emp_id: 5407] ✓ Updated: 15.88 → 15.96 (CHANGED)
[2026-01-03 00:30:06]   [emp_id: 5409] ✓ Updated: 16.31 → 16.37 (CHANGED)
[2026-01-03 00:30:06]   [emp_id: 5413] ✓ Updated: 28.28 → 28.36 (CHANGED)
[2026-01-03 00:30:06]   [emp_id: 5414] ✓ Updated: 27.95 → 28.03 (CHANGED)
[2026-01-03 00:30:06]   [emp_id: 5415] ✓ Updated: 3.88 → 3.96 (CHANGED)
[2026-01-03 00:30:06]   [emp_id: 5418] ✓ Updated: 15.37 → 15.43 (CHANGED)
[2026-01-03 00:30:06]   [emp_id: 5422] ✓ Updated: 20.61 → 20.69 (CHANGED)
[2026-01-03 00:30:06]   [emp_id: 5423] ✓ Updated: 5.3 → 5.38 (CHANGED)
[2026-01-03 00:30:06]   [emp_id: 5425] ✓ Updated: 13.92 → 13.98 (CHANGED)
[2026-01-03 00:30:06]   [emp_id: 5426] ✓ Updated: 2.85 → 2.93 (CHANGED)
[2026-01-03 00:30:06]   [emp_id: 5426] ✓ Updated: 2.85 → 2.93 (CHANGED)
[2026-01-03 00:30:06]   [emp_id: 5427] ✓ Updated: 14.03 → 14.09 (CHANGED)
[2026-01-03 00:30:06]   [emp_id: 5428] ✓ Updated: 13.92 → 13.98 (CHANGED)
[2026-01-03 00:30:06]   [emp_id: 5430] ✓ Updated: 17.61 → 17.69 (CHANGED)
[2026-01-03 00:30:06]   [emp_id: 5431] ✓ Updated: 13.04 → 13.1 (CHANGED)
[2026-01-03 00:30:06]   [emp_id: 5434] ✓ Updated: 12.81 → 12.87 (CHANGED)
[2026-01-03 00:30:06]   [emp_id: 5435] ✓ Updated: 12.75 → 12.81 (CHANGED)
[2026-01-03 00:30:06]   [emp_id: 5436] ✓ Updated: 12.75 → 12.81 (CHANGED)
[2026-01-03 00:30:06]   [emp_id: 5438] ✓ Updated: 15.53 → 15.61 (CHANGED)
[2026-01-03 00:30:06]   [emp_id: 5439] ✓ Updated: 25.03 → 25.11 (CHANGED)
[2026-01-03 00:30:06]   [emp_id: 5442] ✓ Updated: 14.03 → 14.11 (CHANGED)
[2026-01-03 00:30:06]   [emp_id: 5445] ✓ Updated: 7.21 → 7.27 (CHANGED)
[2026-01-03 00:30:06]   [emp_id: 5446] ✓ Updated: 7.21 → 7.27 (CHANGED)
[2026-01-03 00:30:06]   [emp_id: 5447] ✓ Updated: 7.15 → 7.21 (CHANGED)
[2026-01-03 00:30:06]   [emp_id: 5448] ✓ Updated: 7.05 → 7.13 (CHANGED)
[2026-01-03 00:30:06]   [emp_id: 5449] ✓ Updated: 5.23 → 5.29 (CHANGED)
[2026-01-03 00:30:06]   [emp_id: 5450] ✓ Updated: 5.17 → 5.23 (CHANGED)
[2026-01-03 00:30:06]   [emp_id: 5451] ✓ Updated: 5.17 → 5.23 (CHANGED)
[2026-01-03 00:30:06]   [emp_id: 5454] ✓ Updated: 7.11 → 7.19 (CHANGED)
[2026-01-03 00:30:06]   [emp_id: 5455] ✓ Updated: 5.36 → 5.44 (CHANGED)
[2026-01-03 00:30:06]   [emp_id: 5456] ✓ Updated: 6.36 → 6.44 (CHANGED)
[2026-01-03 00:30:06] Report saved to: /home/almutlak/public_html/hr/cron_logs/last_vacation_update_report.json
