[2026-04-06 10:01:02] ========== CRON: Vacation Balance Update Started ==========
[2026-04-06 10:01:02] Force level: 2 (0=normal, 1=check missing, 2=full bypass)
[2026-04-06 10:01:02] Source: Browser (?force=2)
[2026-04-06 10:01:02] FORCE LEVEL 2: Full bypass - updating all balances AND last_updated
[2026-04-06 10:01:02] Database connection established
[2026-04-06 10:01:02] Running FORCE LEVEL 2: Force update mode
[2026-04-06 10:01:02]   [emp_id: 1061] ✅ Updated: 6.73 → 7.31 (VALUE CHANGED)
[2026-04-06 10:01:02]   [emp_id: 1496] ✅ Updated: 23.58 → 24.16 (VALUE CHANGED)
[2026-04-06 10:01:02]   [emp_id: 1500] ✅ Updated: 11.26 → 11.84 (VALUE CHANGED)
[2026-04-06 10:01:02]   [emp_id: 1673] ✅ Updated: 51.99 → 52.57 (VALUE CHANGED)
[2026-04-06 10:01:02]   [emp_id: 1685] ✅ Updated: 21.91 → 22.49 (VALUE CHANGED)
[2026-04-06 10:01:02]   [emp_id: 1764] ✅ Updated: 76.58 → 77.16 (VALUE CHANGED)
[2026-04-06 10:01:02]   [emp_id: 1805] ✅ Updated: 70.91 → 71.49 (VALUE CHANGED)
[2026-04-06 10:01:02]   [emp_id: 1822] ✅ Updated: 75.66 → 76.24 (VALUE CHANGED)
[2026-04-06 10:01:02]   [emp_id: 1837] ✅ Updated: 31.83 → 32.41 (VALUE CHANGED)
[2026-04-06 10:01:02]   [emp_id: 1857] ✅ Updated: 27.16 → 27.74 (VALUE CHANGED)
[2026-04-06 10:01:02]   [emp_id: 1861] ✅ Updated: 2.99 → 3.57 (VALUE CHANGED)
[2026-04-06 10:01:02]   [emp_id: 1872] ✅ Updated: 16.83 → 17.41 (VALUE CHANGED)
[2026-04-06 10:01:02]   [emp_id: 1897] ✅ Updated: 12.16 → 12.74 (VALUE CHANGED)
[2026-04-06 10:01:02]   [emp_id: 1916] ✅ Updated: 18.46 → 19.04 (VALUE CHANGED)
[2026-04-06 10:01:02]   [emp_id: 1928] ✅ Updated: 71.41 → 71.99 (VALUE CHANGED)
[2026-04-06 10:01:02]   [emp_id: 1931] ✅ Updated: 31.33 → 31.91 (VALUE CHANGED)
[2026-04-06 10:01:02]   [emp_id: 1944] ✅ Updated: 49.49 → 50.07 (VALUE CHANGED)
[2026-04-06 10:01:02]   [emp_id: 1996] ✅ Updated: 10.99 → 11.49 (VALUE CHANGED)
[2026-04-06 10:01:02]   [emp_id: 1997] ✅ Updated: 43.16 → 43.74 (VALUE CHANGED)
[2026-04-06 10:01:02]   [emp_id: 1998] ✅ Updated: 34.6 → 35.18 (VALUE CHANGED)
[2026-04-06 10:01:02]   [emp_id: 1999] ✅ Updated: 35.6 → 36.18 (VALUE CHANGED)
[2026-04-06 10:01:02]   [emp_id: 2009] ✅ Updated: 13.91 → 14.41 (VALUE CHANGED)
[2026-04-06 10:01:02]   [emp_id: 2048] ✅ Updated: 31.74 → 32.32 (VALUE CHANGED)
[2026-04-06 10:01:02]   [emp_id: 2057] ✅ Updated: 72.58 → 73.16 (VALUE CHANGED)
[2026-04-06 10:01:02]   [emp_id: 2079] ✅ Updated: 54.91 → 55.49 (VALUE CHANGED)
[2026-04-06 10:01:03]   [emp_id: 2181] ✅ Updated: 3.91 → 4.49 (VALUE CHANGED)
[2026-04-06 10:01:03]   [emp_id: 2190] ✅ Updated: 8.24 → 8.82 (VALUE CHANGED)
[2026-04-06 10:01:03]   [emp_id: 2212] ✅ Updated: 31.24 → 31.82 (VALUE CHANGED)
[2026-04-06 10:01:03]   [emp_id: 2226] ✅ Updated: 20.99 → 21.49 (VALUE CHANGED)
[2026-04-06 10:01:03]   [emp_id: 2238] ✅ Updated: 74.24 → 74.82 (VALUE CHANGED)
[2026-04-06 10:01:03]   [emp_id: 2285] ✅ Updated: 42.91 → 43.49 (VALUE CHANGED)
[2026-04-06 10:01:03]   [emp_id: 2287] ✅ Updated: 54.58 → 55.16 (VALUE CHANGED)
[2026-04-06 10:01:03]   [emp_id: 2288] ✅ Updated: 9.6 → 10.18 (VALUE CHANGED)
[2026-04-06 10:01:03]   [emp_id: 2316] ✅ Updated: 23.41 → 23.99 (VALUE CHANGED)
[2026-04-06 10:01:03]   [emp_id: 2337] ✅ Updated: 44.49 → 45.07 (VALUE CHANGED)
[2026-04-06 10:01:03]   [emp_id: 2352] ✅ Updated: 75.99 → 76.57 (VALUE CHANGED)
[2026-04-06 10:01:03]   [emp_id: 2358] ✅ Updated: 12.49 → 13.07 (VALUE CHANGED)
[2026-04-06 10:01:03]   [emp_id: 2361] ✅ Updated: 78.16 → 78.74 (VALUE CHANGED)
[2026-04-06 10:01:03]   [emp_id: 2363] ✅ Updated: 80.74 → 81.32 (VALUE CHANGED)
[2026-04-06 10:01:03]   [emp_id: 2364] ✅ Updated: 80.16 → 80.74 (VALUE CHANGED)
[2026-04-06 10:01:03]   [emp_id: 2367] ✅ Updated: 17.83 → 18.41 (VALUE CHANGED)
[2026-04-06 10:01:03]   [emp_id: 2368] ✅ Updated: 38.24 → 38.82 (VALUE CHANGED)
[2026-04-06 10:01:03]   [emp_id: 2372] ✅ Updated: 75.49 → 76.07 (VALUE CHANGED)
[2026-04-06 10:01:03]   [emp_id: 2376] ✅ Updated: 70.49 → 70.99 (VALUE CHANGED)
[2026-04-06 10:01:03]   [emp_id: 2423] ✅ Updated: 26.24 → 26.82 (VALUE CHANGED)
[2026-04-06 10:01:03]   [emp_id: 2519] ✅ Updated: 119.91 → 120.49 (VALUE CHANGED)
[2026-04-06 10:01:03]   [emp_id: 2522] ✅ Updated: 8.49 → 8.99 (VALUE CHANGED)
[2026-04-06 10:01:03]   [emp_id: 2530] ✅ Updated: 9.74 → 10.24 (VALUE CHANGED)
[2026-04-06 10:01:03]   [emp_id: 2539] ✅ Updated: 55.49 → 56.07 (VALUE CHANGED)
[2026-04-06 10:01:03]   [emp_id: 2541] ✅ Updated: 36.08 → 36.66 (VALUE CHANGED)
[2026-04-06 10:01:03]   [emp_id: 2550] ✅ Updated: 102.24 → 102.82 (VALUE CHANGED)
[2026-04-06 10:01:03]   [emp_id: 2553] ✅ Updated: 36.35 → 36.93 (VALUE CHANGED)
[2026-04-06 10:01:03]   [emp_id: 2554] ✅ Updated: 45.83 → 46.41 (VALUE CHANGED)
[2026-04-06 10:01:03]   [emp_id: 2565] ✅ Updated: 15.41 → 15.91 (VALUE CHANGED)
[2026-04-06 10:01:03]   [emp_id: 2572] ✅ Updated: 50.41 → 50.99 (VALUE CHANGED)
[2026-04-06 10:01:03]   [emp_id: 2637] ✅ Updated: 15.99 → 16.49 (VALUE CHANGED)
[2026-04-06 10:01:03]   [emp_id: 2642] ✅ Updated: 83.74 → 84.32 (VALUE CHANGED)
[2026-04-06 10:01:03]   [emp_id: 2645] ✅ Updated: 39.74 → 40.32 (VALUE CHANGED)
[2026-04-06 10:01:03]   [emp_id: 2648] ✅ Updated: 51.41 → 51.99 (VALUE CHANGED)
[2026-04-06 10:01:03]   [emp_id: 2654] ✅ Updated: 94.08 → 94.66 (VALUE CHANGED)
[2026-04-06 10:01:03]   [emp_id: 2688] ✅ Updated: 32.16 → 32.74 (VALUE CHANGED)
[2026-04-06 10:01:04]   [emp_id: 2690] ✅ Updated: 20.91 → 21.49 (VALUE CHANGED)
[2026-04-06 10:01:04]   [emp_id: 2709] ✅ Updated: 43.16 → 43.74 (VALUE CHANGED)
[2026-04-06 10:01:04]   [emp_id: 2745] ✅ Updated: 39.74 → 40.32 (VALUE CHANGED)
[2026-04-06 10:01:04]   [emp_id: 2843] ✅ Updated: 86.33 → 86.91 (VALUE CHANGED)
[2026-04-06 10:01:04]   [emp_id: 2854] ✅ Updated: 66.24 → 66.82 (VALUE CHANGED)
[2026-04-06 10:01:04]   [emp_id: 2869] ✅ Updated: 15.16 → 15.66 (VALUE CHANGED)
[2026-04-06 10:01:04]   [emp_id: 2876] ✅ Updated: 40.99 → 41.57 (VALUE CHANGED)
[2026-04-06 10:01:04]   [emp_id: 2924] ✅ Updated: 22.16 → 22.74 (VALUE CHANGED)
[2026-04-06 10:01:04]   [emp_id: 2953] ✅ Updated: 107.91 → 108.49 (VALUE CHANGED)
[2026-04-06 10:01:04]   [emp_id: 2961] ✅ Updated: 17.91 → 18.49 (VALUE CHANGED)
[2026-04-06 10:01:04]   [emp_id: 2975] ✅ Updated: 7.59 → 8.17 (VALUE CHANGED)
[2026-04-06 10:01:04]   [emp_id: 3013] ✅ Updated: 16.91 → 17.49 (VALUE CHANGED)
[2026-04-06 10:01:04]   [emp_id: 3014] ✅ Updated: 11.16 → 11.74 (VALUE CHANGED)
[2026-04-06 10:01:04]   [emp_id: 3015] ✅ Updated: 12.41 → 12.91 (VALUE CHANGED)
[2026-04-06 10:01:04]   [emp_id: 3018] ✅ Updated: 7.16 → 7.66 (VALUE CHANGED)
[2026-04-06 10:01:04]   [emp_id: 3025] ✅ Updated: 29.93 → 30.51 (VALUE CHANGED)
[2026-04-06 10:01:04]   [emp_id: 3037] ✅ Updated: 14.66 → 15.16 (VALUE CHANGED)
[2026-04-06 10:01:04]   [emp_id: 3047] ✅ Updated: 77.91 → 78.49 (VALUE CHANGED)
[2026-04-06 10:01:04]   [emp_id: 3061] ✅ Updated: 24.83 → 25.41 (VALUE CHANGED)
[2026-04-06 10:01:04]   [emp_id: 3062] ✅ Updated: 57.99 → 58.57 (VALUE CHANGED)
[2026-04-06 10:01:04]   [emp_id: 3074] ✅ Updated: 114.41 → 114.99 (VALUE CHANGED)
[2026-04-06 10:01:04]   [emp_id: 3089] ✅ Updated: 13.33 → 13.91 (VALUE CHANGED)
[2026-04-06 10:01:04]   [emp_id: 3090] ✅ Updated: 39.91 → 40.49 (VALUE CHANGED)
[2026-04-06 10:01:04]   [emp_id: 3091] ✅ Updated: 51.91 → 52.49 (VALUE CHANGED)
[2026-04-06 10:01:04]   [emp_id: 3092] ✅ Updated: 34.58 → 35.16 (VALUE CHANGED)
[2026-04-06 10:01:04]   [emp_id: 3105] ✅ Updated: 54.91 → 55.49 (VALUE CHANGED)
[2026-04-06 10:01:04]   [emp_id: 3134] ✅ Updated: 50.66 → 51.24 (VALUE CHANGED)
[2026-04-06 10:01:04]   [emp_id: 3140] ✅ Updated: 47.74 → 48.32 (VALUE CHANGED)
[2026-04-06 10:01:04]   [emp_id: 3144] ✅ Updated: 20.58 → 21.16 (VALUE CHANGED)
[2026-04-06 10:01:04]   [emp_id: 3156] ✅ Updated: 23.91 → 24.49 (VALUE CHANGED)
[2026-04-06 10:01:04]   [emp_id: 3162] ✅ Updated: 8.89 → 9.47 (VALUE CHANGED)
[2026-04-06 10:01:04]   [emp_id: 3163] ✅ Updated: 12.16 → 12.74 (VALUE CHANGED)
[2026-04-06 10:01:04]   [emp_id: 3198] ✅ Updated: 47.16 → 47.74 (VALUE CHANGED)
[2026-04-06 10:01:04]   [emp_id: 3205] ✅ Updated: 23.83 → 24.41 (VALUE CHANGED)
[2026-04-06 10:01:04]   [emp_id: 3209] ✅ Updated: 47.99 → 48.57 (VALUE CHANGED)
[2026-04-06 10:01:04]   [emp_id: 3223] ✅ Updated: 6.91 → 7.49 (VALUE CHANGED)
[2026-04-06 10:01:04]   [emp_id: 3224] ✅ Updated: 71.66 → 72.24 (VALUE CHANGED)
[2026-04-06 10:01:04]   [emp_id: 3230] ✅ Updated: 95.08 → 95.66 (VALUE CHANGED)
[2026-04-06 10:01:04]   [emp_id: 3231] ✅ Updated: 7.45 → 8.03 (VALUE CHANGED)
[2026-04-06 10:01:04]   [emp_id: 3233] ✅ Updated: 83.91 → 84.49 (VALUE CHANGED)
[2026-04-06 10:01:04]   [emp_id: 3249] ✅ Updated: 43.74 → 44.32 (VALUE CHANGED)
[2026-04-06 10:01:04]   [emp_id: 3250] ✅ Updated: 16.74 → 17.32 (VALUE CHANGED)
[2026-04-06 10:01:05]   [emp_id: 3252] ✅ Updated: 17.66 → 18.24 (VALUE CHANGED)
[2026-04-06 10:01:05]   [emp_id: 3254] ✅ Updated: 28.16 → 28.74 (VALUE CHANGED)
[2026-04-06 10:01:05]   [emp_id: 3255] ✅ Updated: 24.58 → 25.16 (VALUE CHANGED)
[2026-04-06 10:01:05]   [emp_id: 3256] ✅ Updated: 20.83 → 21.41 (VALUE CHANGED)
[2026-04-06 10:01:05]   [emp_id: 3263] ✅ Updated: 36.91 → 37.49 (VALUE CHANGED)
[2026-04-06 10:01:05]   [emp_id: 3265] ✅ Updated: 13.49 → 13.99 (VALUE CHANGED)
[2026-04-06 10:01:05]   [emp_id: 3280] ✅ Updated: 25.41 → 25.91 (VALUE CHANGED)
[2026-04-06 10:01:05]   [emp_id: 3286] ✅ Updated: 22.58 → 23.16 (VALUE CHANGED)
[2026-04-06 10:01:05]   [emp_id: 3294] ✅ Updated: 20.24 → 20.82 (VALUE CHANGED)
[2026-04-06 10:01:05]   [emp_id: 3321] ✅ Updated: 79.41 → 79.99 (VALUE CHANGED)
[2026-04-06 10:01:05]   [emp_id: 3325] ✅ Updated: 67.16 → 67.74 (VALUE CHANGED)
[2026-04-06 10:01:05]   [emp_id: 3329] ✅ Updated: 69.49 → 70.07 (VALUE CHANGED)
[2026-04-06 10:01:05]   [emp_id: 3330] ✅ Updated: 69.49 → 70.07 (VALUE CHANGED)
[2026-04-06 10:01:05]   [emp_id: 3332] ✅ Updated: 9.49 → 10.07 (VALUE CHANGED)
[2026-04-06 10:01:05]   [emp_id: 3384] ✅ Updated: 21.66 → 22.24 (VALUE CHANGED)
[2026-04-06 10:01:05]   [emp_id: 3386] ✅ Updated: 51.66 → 52.24 (VALUE CHANGED)
[2026-04-06 10:01:05]   [emp_id: 3431] ✅ Updated: 26.08 → 26.66 (VALUE CHANGED)
[2026-04-06 10:01:05]   [emp_id: 3497] ✅ Updated: 16.24 → 16.82 (VALUE CHANGED)
[2026-04-06 10:01:05]   [emp_id: 3532] ✅ Updated: 12.08 → 12.58 (VALUE CHANGED)
[2026-04-06 10:01:05]   [emp_id: 3602] ✅ Updated: 8.65 → 9.23 (VALUE CHANGED)
[2026-04-06 10:01:05]   [emp_id: 3618] ✅ Updated: 30.63 → 31.21 (VALUE CHANGED)
[2026-04-06 10:01:05]   [emp_id: 3622] ✅ Updated: 39.81 → 40.22 (VALUE CHANGED)
[2026-04-06 10:01:05]   [emp_id: 3627] ✅ Updated: 15.58 → 16.08 (VALUE CHANGED)
[2026-04-06 10:01:05]   [emp_id: 3665] ✅ Updated: 58.16 → 58.74 (VALUE CHANGED)
[2026-04-06 10:01:05]   [emp_id: 3705] ✅ Updated: 33.14 → 33.55 (VALUE CHANGED)
[2026-04-06 10:01:05]   [emp_id: 3724] ✅ Updated: 51.16 → 51.74 (VALUE CHANGED)
[2026-04-06 10:01:05]   [emp_id: 3726] ✅ Updated: 67.58 → 68.16 (VALUE CHANGED)
[2026-04-06 10:01:05]   [emp_id: 3727] ✅ Updated: 72.66 → 73.24 (VALUE CHANGED)
[2026-04-06 10:01:05]   [emp_id: 3728] ✅ Updated: 16.99 → 17.57 (VALUE CHANGED)
[2026-04-06 10:01:05]   [emp_id: 3767] ✅ Updated: 7.74 → 8.32 (VALUE CHANGED)
[2026-04-06 10:01:05]   [emp_id: 3768] ✅ Updated: 63.99 → 64.57 (VALUE CHANGED)
[2026-04-06 10:01:05]   [emp_id: 3787] ✅ Updated: 64.58 → 65.16 (VALUE CHANGED)
[2026-04-06 10:01:05]   [emp_id: 3790] ✅ Updated: 10.13 → 10.63 (VALUE CHANGED)
[2026-04-06 10:01:05]   [emp_id: 3795] ✅ Updated: 22.08 → 22.66 (VALUE CHANGED)
[2026-04-06 10:01:05]   [emp_id: 3798] ✅ Updated: 100.49 → 101.07 (VALUE CHANGED)
[2026-04-06 10:01:05]   [emp_id: 3801] ✅ Updated: 8.76 → 9.34 (VALUE CHANGED)
[2026-04-06 10:01:05]   [emp_id: 3802] ✅ Updated: 37.74 → 38.32 (VALUE CHANGED)
[2026-04-06 10:01:06]   [emp_id: 3803] ✅ Updated: 37.16 → 37.66 (VALUE CHANGED)
[2026-04-06 10:01:06]   [emp_id: 3810] ✅ Updated: 73.16 → 73.66 (VALUE CHANGED)
[2026-04-06 10:01:06]   [emp_id: 3812] ✅ Updated: 38.16 → 38.74 (VALUE CHANGED)
[2026-04-06 10:01:06]   [emp_id: 3815] ✅ Updated: 97.16 → 97.74 (VALUE CHANGED)
[2026-04-06 10:01:06]   [emp_id: 3836] ✅ Updated: 64.83 → 65.41 (VALUE CHANGED)
[2026-04-06 10:01:06]   [emp_id: 3855] ✅ Updated: 57.99 → 58.57 (VALUE CHANGED)
[2026-04-06 10:01:06]   [emp_id: 3857] ✅ Updated: 61.66 → 62.24 (VALUE CHANGED)
[2026-04-06 10:01:06]   [emp_id: 3866] ✅ Updated: 34.99 → 35.57 (VALUE CHANGED)
[2026-04-06 10:01:06]   [emp_id: 3876] ✅ Updated: 31.16 → 31.74 (VALUE CHANGED)
[2026-04-06 10:01:06]   [emp_id: 3877] ✅ Updated: 56.66 → 57.24 (VALUE CHANGED)
[2026-04-06 10:01:06]   [emp_id: 3897] ✅ Updated: 10.91 → 11.41 (VALUE CHANGED)
[2026-04-06 10:01:06]   [emp_id: 3899] ✅ Updated: 6.73 → 7.31 (VALUE CHANGED)
[2026-04-06 10:01:06]   [emp_id: 3928] ✅ Updated: 15.99 → 16.57 (VALUE CHANGED)
[2026-04-06 10:01:06]   [emp_id: 3929] ✅ Updated: 15.99 → 16.57 (VALUE CHANGED)
[2026-04-06 10:01:06]   [emp_id: 3935] ✅ Updated: 100.99 → 101.57 (VALUE CHANGED)
[2026-04-06 10:01:06]   [emp_id: 3952] ✅ Updated: 82.33 → 82.91 (VALUE CHANGED)
[2026-04-06 10:01:06]   [emp_id: 3987] ✅ Updated: 21.24 → 21.82 (VALUE CHANGED)
[2026-04-06 10:01:06]   [emp_id: 4059] ✅ Updated: 10.44 → 11.02 (VALUE CHANGED)
[2026-04-06 10:01:06]   [emp_id: 4119] ✅ Updated: 63.91 → 64.49 (VALUE CHANGED)
[2026-04-06 10:01:06]   [emp_id: 4120] ✅ Updated: 33.49 → 34.07 (VALUE CHANGED)
[2026-04-06 10:01:06]   [emp_id: 4124] ✅ Updated: 34.01 → 34.59 (VALUE CHANGED)
[2026-04-06 10:01:06]   [emp_id: 4133] ✅ Updated: 112.49 → 113.07 (VALUE CHANGED)
[2026-04-06 10:01:06]   [emp_id: 4134] ✅ Updated: 33.49 → 34.07 (VALUE CHANGED)
[2026-04-06 10:01:06]   [emp_id: 4136] ✅ Updated: 4.49 → 5.07 (VALUE CHANGED)
[2026-04-06 10:01:06]   [emp_id: 4150] ✅ Updated: 2.16 → 2.74 (VALUE CHANGED)
[2026-04-06 10:01:06]   [emp_id: 4157] ✅ Updated: 25.66 → 26.24 (VALUE CHANGED)
[2026-04-06 10:01:06]   [emp_id: 4172] ✅ Updated: 17.72 → 18.13 (VALUE CHANGED)
[2026-04-06 10:01:06]   [emp_id: 4195] ✅ Updated: 69.24 → 69.82 (VALUE CHANGED)
[2026-04-06 10:01:06]   [emp_id: 4220] ✅ Updated: 47.49 → 48.07 (VALUE CHANGED)
[2026-04-06 10:01:06]   [emp_id: 4273] ✅ Updated: 16.16 → 16.74 (VALUE CHANGED)
[2026-04-06 10:01:06]   [emp_id: 4283] ✅ Updated: 8.21 → 8.79 (VALUE CHANGED)
[2026-04-06 10:01:06]   [emp_id: 4288] ✅ Updated: 19.31 → 19.89 (VALUE CHANGED)
[2026-04-06 10:01:06]   [emp_id: 4315] ✅ Updated: 19.41 → 19.99 (VALUE CHANGED)
[2026-04-06 10:01:06]   [emp_id: 4328] ✅ Updated: 47.64 → 48.05 (VALUE CHANGED)
[2026-04-06 10:01:06]   [emp_id: 4329] ✅ Updated: 12.58 → 13.16 (VALUE CHANGED)
[2026-04-06 10:01:06]   [emp_id: 4338] ✅ Updated: 54.16 → 54.74 (VALUE CHANGED)
[2026-04-06 10:01:06]   [emp_id: 4340] ✅ Updated: 121.16 → 121.66 (VALUE CHANGED)
[2026-04-06 10:01:06]   [emp_id: 4365] ✅ Updated: 4.58 → 5.16 (VALUE CHANGED)
[2026-04-06 10:01:06]   [emp_id: 4366] ✅ Updated: 66.66 → 67.24 (VALUE CHANGED)
[2026-04-06 10:01:07]   [emp_id: 4403] ✅ Updated: 92.49 → 93.07 (VALUE CHANGED)
[2026-04-06 10:01:07]   [emp_id: 4438] ✅ Updated: 28.16 → 28.74 (VALUE CHANGED)
[2026-04-06 10:01:07]   [emp_id: 4473] ✅ Updated: 51.74 → 52.32 (VALUE CHANGED)
[2026-04-06 10:01:07]   [emp_id: 4474] ✅ Updated: 13.48 → 13.83 (VALUE CHANGED)
[2026-04-06 10:01:07]   [emp_id: 4493] ✅ Updated: 170.58 → 171.16 (VALUE CHANGED)
[2026-04-06 10:01:07]   [emp_id: 4526] ✅ Updated: 42.83 → 43.41 (VALUE CHANGED)
[2026-04-06 10:01:07]   [emp_id: 4528] ✅ Updated: 114.58 → 115.16 (VALUE CHANGED)
[2026-04-06 10:01:07]   [emp_id: 4532] ✅ Updated: 8.96 → 9.31 (VALUE CHANGED)
[2026-04-06 10:01:07]   [emp_id: 4533] ✅ Updated: 25.99 → 26.49 (VALUE CHANGED)
[2026-04-06 10:01:07]   [emp_id: 4565] ✅ Updated: 20.47 → 20.88 (VALUE CHANGED)
[2026-04-06 10:01:07]   [emp_id: 4567] ✅ Updated: 24.72 → 25.13 (VALUE CHANGED)
[2026-04-06 10:01:07]   [emp_id: 4572] ✅ Updated: 64.22 → 64.63 (VALUE CHANGED)
[2026-04-06 10:01:07]   [emp_id: 4631] ✅ Updated: 20.47 → 20.88 (VALUE CHANGED)
[2026-04-06 10:01:07]   [emp_id: 4655] ✅ Updated: 31.91 → 32.49 (VALUE CHANGED)
[2026-04-06 10:01:07]   [emp_id: 4709] ✅ Updated: 47.16 → 47.74 (VALUE CHANGED)
[2026-04-06 10:01:07]   [emp_id: 4717] ✅ Updated: 73.16 → 73.74 (VALUE CHANGED)
[2026-04-06 10:01:07]   [emp_id: 4736] ✅ Updated: 0.08 → 0.66 (VALUE CHANGED)
[2026-04-06 10:01:07]   [emp_id: 4756] ✅ Updated: 16.91 → 17.32 (VALUE CHANGED)
[2026-04-06 10:01:07]   [emp_id: 4768] ✅ Updated: 20.66 → 21.24 (VALUE CHANGED)
[2026-04-06 10:01:07]   [emp_id: 4780] ✅ Updated: 70.64 → 71.05 (VALUE CHANGED)
[2026-04-06 10:01:07]   [emp_id: 4820] ✅ Updated: 105.99 → 106.57 (VALUE CHANGED)
[2026-04-06 10:01:07]   [emp_id: 4824] ✅ Updated: 9.17 → 9.75 (VALUE CHANGED)
[2026-04-06 10:01:07]   [emp_id: 4825] ✅ Updated: 37.74 → 38.32 (VALUE CHANGED)
[2026-04-06 10:01:07]   [emp_id: 4837] ✅ Updated: 50.63 → 51.04 (VALUE CHANGED)
[2026-04-06 10:01:07]   [emp_id: 4840] ✅ Updated: 50.63 → 51.04 (VALUE CHANGED)
[2026-04-06 10:01:07]   [emp_id: 4842] ✅ Updated: 3.87 → 4.28 (VALUE CHANGED)
[2026-04-06 10:01:07]   [emp_id: 4843] ✅ Updated: 50.4 → 50.81 (VALUE CHANGED)
[2026-04-06 10:01:07]   [emp_id: 4856] ✅ Updated: 47.54 → 47.95 (VALUE CHANGED)
[2026-04-06 10:01:07]   [emp_id: 4858] ✅ Updated: 27.24 → 27.65 (VALUE CHANGED)
[2026-04-06 10:01:07]   [emp_id: 4859] ✅ Updated: 48.71 → 49.12 (VALUE CHANGED)
[2026-04-06 10:01:07]   [emp_id: 4861] ✅ Updated: 46.67 → 47.08 (VALUE CHANGED)
[2026-04-06 10:01:07]   [emp_id: 4869] ✅ Updated: 89.55 → 89.96 (VALUE CHANGED)
[2026-04-06 10:01:07]   [emp_id: 4897] ✅ Updated: 28.45 → 28.86 (VALUE CHANGED)
[2026-04-06 10:01:07]   [emp_id: 4899] ✅ Updated: 24.62 → 25.03 (VALUE CHANGED)
[2026-04-06 10:01:07]   [emp_id: 4902] ✅ Updated: 24.04 → 24.45 (VALUE CHANGED)
[2026-04-06 10:01:07]   [emp_id: 4903] ✅ Updated: 26.26 → 26.67 (VALUE CHANGED)
[2026-04-06 10:01:07]   [emp_id: 4905] ✅ Updated: 24.92 → 25.33 (VALUE CHANGED)
[2026-04-06 10:01:07]   [emp_id: 4907] ✅ Updated: 54.74 → 55.32 (VALUE CHANGED)
[2026-04-06 10:01:07]   [emp_id: 4917] ✅ Updated: 21.88 → 22.29 (VALUE CHANGED)
[2026-04-06 10:01:08]   [emp_id: 4918] ✅ Updated: 11.65 → 12.06 (VALUE CHANGED)
[2026-04-06 10:01:08]   [emp_id: 4919] ✅ Updated: 63.94 → 64.35 (VALUE CHANGED)
[2026-04-06 10:01:08]   [emp_id: 4920] ✅ Updated: 11.02 → 11.43 (VALUE CHANGED)
[2026-04-06 10:01:08]   [emp_id: 4921] ✅ Updated: 23.11 → 23.52 (VALUE CHANGED)
[2026-04-06 10:01:08]   [emp_id: 4927] ✅ Updated: 21.94 → 22.35 (VALUE CHANGED)
[2026-04-06 10:01:08]   [emp_id: 4929] ✅ Updated: 23.46 → 23.87 (VALUE CHANGED)
[2026-04-06 10:01:08]   [emp_id: 4930] ✅ Updated: 64.23 → 64.64 (VALUE CHANGED)
[2026-04-06 10:01:08]   [emp_id: 4932] ✅ Updated: 22.23 → 22.64 (VALUE CHANGED)
[2026-04-06 10:01:08]   [emp_id: 4933] ✅ Updated: 25.64 → 26.05 (VALUE CHANGED)
[2026-04-06 10:01:08]   [emp_id: 4949] ✅ Updated: 29.07 → 29.48 (VALUE CHANGED)
[2026-04-06 10:01:08]   [emp_id: 4956] ✅ Updated: 34.66 → 35.07 (VALUE CHANGED)
[2026-04-06 10:01:08]   [emp_id: 4957] ✅ Updated: 27.33 → 27.74 (VALUE CHANGED)
[2026-04-06 10:01:08]   [emp_id: 4962] ✅ Updated: 50.1 → 50.68 (VALUE CHANGED)
[2026-04-06 10:01:08]   [emp_id: 4969] ✅ Updated: 53.41 → 53.99 (VALUE CHANGED)
[2026-04-06 10:01:08]   [emp_id: 4976] ✅ Updated: 15.35 → 15.76 (VALUE CHANGED)
[2026-04-06 10:01:08]   [emp_id: 4984] ✅ Updated: 44.66 → 45.24 (VALUE CHANGED)
[2026-04-06 10:01:08]   [emp_id: 4995] ✅ Updated: 56.73 → 57.31 (VALUE CHANGED)
[2026-04-06 10:01:08]   [emp_id: 5004] ✅ Updated: 32.29 → 32.7 (VALUE CHANGED)
[2026-04-06 10:01:08]   [emp_id: 5006] ✅ Updated: 32.03 → 32.44 (VALUE CHANGED)
[2026-04-06 10:01:08]   [emp_id: 5011] ✅ Updated: 12.51 → 13.09 (VALUE CHANGED)
[2026-04-06 10:01:08]   [emp_id: 5013] ✅ Updated: 72.4 → 72.81 (VALUE CHANGED)
[2026-04-06 10:01:08]   [emp_id: 5018] ✅ Updated: 8.89 → 9.3 (VALUE CHANGED)
[2026-04-06 10:01:08]   [emp_id: 5021] ✅ Updated: 66.76 → 67.34 (VALUE CHANGED)
[2026-04-06 10:01:08]   [emp_id: 5024] ✅ Updated: 6.91 → 7.32 (VALUE CHANGED)
[2026-04-06 10:01:08]   [emp_id: 5030] ✅ Updated: 36.86 → 37.27 (VALUE CHANGED)
[2026-04-06 10:01:08]   [emp_id: 5033] ✅ Updated: 15.66 → 16.07 (VALUE CHANGED)
[2026-04-06 10:01:08]   [emp_id: 5043] ✅ Updated: 37.33 → 37.91 (VALUE CHANGED)
[2026-04-06 10:01:08]   [emp_id: 5045] ✅ Updated: 3.83 → 4.41 (VALUE CHANGED)
[2026-04-06 10:01:08]   [emp_id: 5046] ✅ Updated: 29.02 → 29.6 (VALUE CHANGED)
[2026-04-06 10:01:08]   [emp_id: 5049] ✅ Updated: 3.84 → 4.25 (VALUE CHANGED)
[2026-04-06 10:01:08]   [emp_id: 5055] ✅ Updated: 24.06 → 24.47 (VALUE CHANGED)
[2026-04-06 10:01:08]   [emp_id: 5058] ✅ Updated: 29.04 → 29.39 (VALUE CHANGED)
[2026-04-06 10:01:08]   [emp_id: 5062] ✅ Updated: 44.87 → 45.28 (VALUE CHANGED)
[2026-04-06 10:01:08]   [emp_id: 5064] ✅ Updated: 124.66 → 125.24 (VALUE CHANGED)
[2026-04-06 10:01:08]   [emp_id: 5065] ✅ Updated: 44.28 → 44.69 (VALUE CHANGED)
[2026-04-06 10:01:08]   [emp_id: 5071] ✅ Updated: 30.16 → 30.74 (VALUE CHANGED)
[2026-04-06 10:01:08]   [emp_id: 5079] ✅ Updated: 39.44 → 39.85 (VALUE CHANGED)
[2026-04-06 10:01:09]   [emp_id: 5080] ✅ Updated: 20.77 → 21.12 (VALUE CHANGED)
[2026-04-06 10:01:09]   [emp_id: 5081] ✅ Updated: 21.03 → 21.44 (VALUE CHANGED)
[2026-04-06 10:01:09]   [emp_id: 5087] ✅ Updated: 41.07 → 41.48 (VALUE CHANGED)
[2026-04-06 10:01:09]   [emp_id: 5091] ✅ Updated: 80.92 → 81.33 (VALUE CHANGED)
[2026-04-06 10:01:09]   [emp_id: 5093] ✅ Updated: 21.33 → 21.91 (VALUE CHANGED)
[2026-04-06 10:01:09]   [emp_id: 5095] ✅ Updated: 6.46 → 6.87 (VALUE CHANGED)
[2026-04-06 10:01:09]   [emp_id: 5101] ✅ Updated: 23.41 → 23.99 (VALUE CHANGED)
[2026-04-06 10:01:09]   [emp_id: 5107] ✅ Updated: 21.74 → 22.32 (VALUE CHANGED)
[2026-04-06 10:01:09]   [emp_id: 5109] ✅ Updated: 18.99 → 19.57 (VALUE CHANGED)
[2026-04-06 10:01:09]   [emp_id: 5119] ✅ Updated: 17.16 → 17.74 (VALUE CHANGED)
[2026-04-06 10:01:09]   [emp_id: 5122] ✅ Updated: 13.33 → 13.91 (VALUE CHANGED)
[2026-04-06 10:01:09]   [emp_id: 5126] ✅ Updated: 31.8 → 32.21 (VALUE CHANGED)
[2026-04-06 10:01:09]   [emp_id: 5127] ✅ Updated: 28.59 → 29 (VALUE CHANGED)
[2026-04-06 10:01:09]   [emp_id: 5128] ✅ Updated: 31.74 → 32.15 (VALUE CHANGED)
[2026-04-06 10:01:09]   [emp_id: 5138] ✅ Updated: 56.99 → 57.57 (VALUE CHANGED)
[2026-04-06 10:01:09]   [emp_id: 5141] ✅ Updated: 40.11 → 40.52 (VALUE CHANGED)
[2026-04-06 10:01:09]   [emp_id: 5142] ✅ Updated: 9.11 → 9.52 (VALUE CHANGED)
[2026-04-06 10:01:09]   [emp_id: 5146] ✅ Updated: 26.11 → 26.52 (VALUE CHANGED)
[2026-04-06 10:01:09]   [emp_id: 5147] ✅ Updated: 25.11 → 25.52 (VALUE CHANGED)
[2026-04-06 10:01:09]   [emp_id: 5148] ✅ Updated: 30.46 → 30.87 (VALUE CHANGED)
[2026-04-06 10:01:09]   [emp_id: 5149] ✅ Updated: 29.35 → 29.76 (VALUE CHANGED)
[2026-04-06 10:01:09]   [emp_id: 5150] ✅ Updated: 28.71 → 29.12 (VALUE CHANGED)
[2026-04-06 10:01:09]   [emp_id: 5151] ✅ Updated: 28.53 → 28.94 (VALUE CHANGED)
[2026-04-06 10:01:09]   [emp_id: 5152] ✅ Updated: 8.95 → 9.36 (VALUE CHANGED)
[2026-04-06 10:01:09]   [emp_id: 5157] ✅ Updated: 28.53 → 28.94 (VALUE CHANGED)
[2026-04-06 10:01:09]   [emp_id: 5160] ✅ Updated: 28.53 → 28.94 (VALUE CHANGED)
[2026-04-06 10:01:09]   [emp_id: 5163] ✅ Updated: 26.32 → 26.73 (VALUE CHANGED)
[2026-04-06 10:01:09]   [emp_id: 5165] ✅ Updated: 8.43 → 9.01 (VALUE CHANGED)
[2026-04-06 10:01:09]   [emp_id: 5167] ✅ Updated: 35.47 → 35.88 (VALUE CHANGED)
[2026-04-06 10:01:09]   [emp_id: 5168] ✅ Updated: 28.01 → 28.42 (VALUE CHANGED)
[2026-04-06 10:01:09]   [emp_id: 5173] ✅ Updated: 32.08 → 32.66 (VALUE CHANGED)
[2026-04-06 10:01:09]   [emp_id: 5174] ✅ Updated: 28.47 → 28.88 (VALUE CHANGED)
[2026-04-06 10:01:09]   [emp_id: 5181] ✅ Updated: 24.86 → 25.27 (VALUE CHANGED)
[2026-04-06 10:01:09]   [emp_id: 5187] ✅ Updated: 41.39 → 41.8 (VALUE CHANGED)
[2026-04-06 10:01:09]   [emp_id: 5204] ✅ Updated: 21.58 → 22.16 (VALUE CHANGED)
[2026-04-06 10:01:09]   [emp_id: 5205] ✅ Updated: 13.6 → 14.01 (VALUE CHANGED)
[2026-04-06 10:01:09]   [emp_id: 5209] ✅ Updated: 9.6 → 10.01 (VALUE CHANGED)
[2026-04-06 10:01:09]   [emp_id: 5214] ✅ Updated: 3.85 → 4.26 (VALUE CHANGED)
[2026-04-06 10:01:09]   [emp_id: 5215] ✅ Updated: 15.6 → 16.01 (VALUE CHANGED)
[2026-04-06 10:01:09]   [emp_id: 5217] ✅ Updated: 4.6 → 5.01 (VALUE CHANGED)
[2026-04-06 10:01:10]   [emp_id: 5219] ✅ Updated: 15.6 → 15.95 (VALUE CHANGED)
[2026-04-06 10:01:10]   [emp_id: 5221] ✅ Updated: 4.91 → 5.32 (VALUE CHANGED)
[2026-04-06 10:01:10]   [emp_id: 5224] ✅ Updated: 16.6 → 17.01 (VALUE CHANGED)
[2026-04-06 10:01:10]   [emp_id: 5229] ✅ Updated: 3.6 → 3.95 (VALUE CHANGED)
[2026-04-06 10:01:10]   [emp_id: 5230] ✅ Updated: 14.27 → 14.68 (VALUE CHANGED)
[2026-04-06 10:01:10]   [emp_id: 5231] ✅ Updated: 6.6 → 6.95 (VALUE CHANGED)
[2026-04-06 10:01:10]   [emp_id: 5232] ✅ Updated: 5.6 → 6.01 (VALUE CHANGED)
[2026-04-06 10:01:10]   [emp_id: 5233] ✅ Updated: 9.6 → 10.01 (VALUE CHANGED)
[2026-04-06 10:01:10]   [emp_id: 5235] ✅ Updated: 1.04 → 1.45 (VALUE CHANGED)
[2026-04-06 10:01:10]   [emp_id: 5237] ✅ Updated: 7.85 → 8.2 (VALUE CHANGED)
[2026-04-06 10:01:10]   [emp_id: 5239] ✅ Updated: 7.6 → 8.01 (VALUE CHANGED)
[2026-04-06 10:01:10]   [emp_id: 5241] ✅ Updated: 10.6 → 11.01 (VALUE CHANGED)
[2026-04-06 10:01:10]   [emp_id: 5242] ✅ Updated: 20.6 → 21.01 (VALUE CHANGED)
[2026-04-06 10:01:10]   [emp_id: 5243] ✅ Updated: 3.01 → 3.42 (VALUE CHANGED)
[2026-04-06 10:01:10]   [emp_id: 5244] ✅ Updated: 2.04 → 2.45 (VALUE CHANGED)
[2026-04-06 10:01:10]   [emp_id: 5246] ✅ Updated: 14.6 → 15.01 (VALUE CHANGED)
[2026-04-06 10:01:10]   [emp_id: 5253] ✅ Updated: 26.47 → 26.88 (VALUE CHANGED)
[2026-04-06 10:01:10]   [emp_id: 5254] ✅ Updated: 6.45 → 6.86 (VALUE CHANGED)
[2026-04-06 10:01:10]   [emp_id: 5257] ✅ Updated: 17.16 → 17.57 (VALUE CHANGED)
[2026-04-06 10:01:10]   [emp_id: 5259] ✅ Updated: 53.69 → 54.1 (VALUE CHANGED)
[2026-04-06 10:01:10]   [emp_id: 5261] ✅ Updated: 22.18 → 22.68 (VALUE CHANGED)
[2026-04-06 10:01:10]   [emp_id: 5264] ✅ Updated: 19.17 → 19.58 (VALUE CHANGED)
[2026-04-06 10:01:10]   [emp_id: 5266] ✅ Updated: 20.79 → 21.2 (VALUE CHANGED)
[2026-04-06 10:01:10]   [emp_id: 5268] ✅ Updated: 14.36 → 14.77 (VALUE CHANGED)
[2026-04-06 10:01:10]   [emp_id: 5271] ✅ Updated: 13.02 → 13.43 (VALUE CHANGED)
[2026-04-06 10:01:10]   [emp_id: 5272] ✅ Updated: 13.89 → 14.3 (VALUE CHANGED)
[2026-04-06 10:01:10]   [emp_id: 5273] ✅ Updated: 28.96 → 29.37 (VALUE CHANGED)
[2026-04-06 10:01:10]   [emp_id: 5275] ✅ Updated: 14.71 → 15.12 (VALUE CHANGED)
[2026-04-06 10:01:10]   [emp_id: 5276] ✅ Updated: 16.98 → 17.39 (VALUE CHANGED)
[2026-04-06 10:01:10]   [emp_id: 5278] ✅ Updated: 13.37 → 13.78 (VALUE CHANGED)
[2026-04-06 10:01:10]   [emp_id: 5280] ✅ Updated: 12.77 → 13.12 (VALUE CHANGED)
[2026-04-06 10:01:10]   [emp_id: 5282] ✅ Updated: 15.66 → 16.16 (VALUE CHANGED)
[2026-04-06 10:01:10]   [emp_id: 5285] ✅ Updated: 33.77 → 34.18 (VALUE CHANGED)
[2026-04-06 10:01:10]   [emp_id: 5286] ✅ Updated: 20.77 → 21.18 (VALUE CHANGED)
[2026-04-06 10:01:10]   [emp_id: 5287] ✅ Updated: 55.07 → 55.48 (VALUE CHANGED)
[2026-04-06 10:01:11]   [emp_id: 5288] ✅ Updated: 12.34 → 12.75 (VALUE CHANGED)
[2026-04-06 10:01:11]   [emp_id: 5289] ✅ Updated: 53.62 → 54.03 (VALUE CHANGED)
[2026-04-06 10:01:11]   [emp_id: 5290] ✅ Updated: 52.39 → 52.8 (VALUE CHANGED)
[2026-04-06 10:01:11]   [emp_id: 5291] ✅ Updated: 10.39 → 10.8 (VALUE CHANGED)
[2026-04-06 10:01:11]   [emp_id: 5292] ✅ Updated: 10.33 → 10.74 (VALUE CHANGED)
[2026-04-06 10:01:11]   [emp_id: 5293] ✅ Updated: 14.92 → 15.5 (VALUE CHANGED)
[2026-04-06 10:01:11]   [emp_id: 5294] ✅ Updated: 14.58 → 15.16 (VALUE CHANGED)
[2026-04-06 10:01:11]   [emp_id: 5295] ✅ Updated: 24.57 → 24.98 (VALUE CHANGED)
[2026-04-06 10:01:11]   [emp_id: 5296] ✅ Updated: 21.19 → 21.77 (VALUE CHANGED)
[2026-04-06 10:01:11]   [emp_id: 5297] ✅ Updated: 49.99 → 50.4 (VALUE CHANGED)
[2026-04-06 10:01:11]   [emp_id: 5298] ✅ Updated: 5.99 → 6.4 (VALUE CHANGED)
[2026-04-06 10:01:11]   [emp_id: 5299] ✅ Updated: 50.99 → 51.4 (VALUE CHANGED)
[2026-04-06 10:01:11]   [emp_id: 5300] ✅ Updated: 50.99 → 51.4 (VALUE CHANGED)
[2026-04-06 10:01:11]   [emp_id: 5301] ✅ Updated: 8.81 → 9.22 (VALUE CHANGED)
[2026-04-06 10:01:11]   [emp_id: 5303] ✅ Updated: 9.24 → 9.65 (VALUE CHANGED)
[2026-04-06 10:01:11]   [emp_id: 5304] ✅ Updated: 5.99 → 6.4 (VALUE CHANGED)
[2026-04-06 10:01:11]   [emp_id: 5305] ✅ Updated: 8.99 → 9.4 (VALUE CHANGED)
[2026-04-06 10:01:11]   [emp_id: 5306] ✅ Updated: 50.7 → 51.11 (VALUE CHANGED)
[2026-04-06 10:01:11]   [emp_id: 5307] ✅ Updated: 50.7 → 51.11 (VALUE CHANGED)
[2026-04-06 10:01:11]   [emp_id: 5312] ✅ Updated: 5.04 → 5.45 (VALUE CHANGED)
[2026-04-06 10:01:11]   [emp_id: 5318] ✅ Updated: 26.41 → 26.82 (VALUE CHANGED)
[2026-04-06 10:01:11]   [emp_id: 5325] ✅ Updated: 6.5 → 6.85 (VALUE CHANGED)
[2026-04-06 10:01:11]   [emp_id: 5327] ✅ Updated: 6.46 → 6.87 (VALUE CHANGED)
[2026-04-06 10:01:11]   [emp_id: 5337] ✅ Updated: 37.49 → 38.07 (VALUE CHANGED)
[2026-04-06 10:01:11]   [emp_id: 5339] ✅ Updated: 15.56 → 15.97 (VALUE CHANGED)
[2026-04-06 10:01:11]   [emp_id: 5343] ✅ Updated: 52.41 → 52.99 (VALUE CHANGED)
[2026-04-06 10:01:11]   [emp_id: 5345] ✅ Updated: 22.24 → 22.82 (VALUE CHANGED)
[2026-04-06 10:01:11]   [emp_id: 5346] ✅ Updated: 7.28 → 7.69 (VALUE CHANGED)
[2026-04-06 10:01:11]   [emp_id: 5351] ✅ Updated: 22.22 → 22.63 (VALUE CHANGED)
[2026-04-06 10:01:11]   [emp_id: 5370] ✅ Updated: 15.87 → 16.28 (VALUE CHANGED)
[2026-04-06 10:01:11]   [emp_id: 5371] ✅ Updated: 14.41 → 14.99 (VALUE CHANGED)
[2026-04-06 10:01:11]   [emp_id: 5376] ✅ Updated: 5.47 → 5.82 (VALUE CHANGED)
[2026-04-06 10:01:11]   [emp_id: 5380] ✅ Updated: 21.88 → 22.29 (VALUE CHANGED)
[2026-04-06 10:01:11]   [emp_id: 5381] ✅ Updated: 14.93 → 15.43 (VALUE CHANGED)
[2026-04-06 10:01:11]   [emp_id: 5383] ✅ Updated: 22.24 → 22.82 (VALUE CHANGED)
[2026-04-06 10:01:11]   [emp_id: 5388] ✅ Updated: 32.66 → 33.07 (VALUE CHANGED)
[2026-04-06 10:01:11]   [emp_id: 5396] ✅ Updated: 8.9 → 9.25 (VALUE CHANGED)
[2026-04-06 10:01:11]   [emp_id: 5397] ✅ Updated: 25.36 → 25.77 (VALUE CHANGED)
[2026-04-06 10:01:11]   [emp_id: 5401] ✅ Updated: 28.47 → 28.88 (VALUE CHANGED)
[2026-04-06 10:01:11]   [emp_id: 5402] ✅ Updated: 28.59 → 29 (VALUE CHANGED)
[2026-04-06 10:01:11]   [emp_id: 5406] ✅ Updated: 22.31 → 22.72 (VALUE CHANGED)
[2026-04-06 10:01:11]   [emp_id: 5407] ✅ Updated: 19.01 → 19.59 (VALUE CHANGED)
[2026-04-06 10:01:12]   [emp_id: 5409] ✅ Updated: 21.65 → 22.06 (VALUE CHANGED)
[2026-04-06 10:01:12]   [emp_id: 5413] ✅ Updated: 35.41 → 35.99 (VALUE CHANGED)
[2026-04-06 10:01:12]   [emp_id: 5415] ✅ Updated: 11.01 → 11.59 (VALUE CHANGED)
[2026-04-06 10:01:12]   [emp_id: 5418] ✅ Updated: 2.71 → 3.12 (VALUE CHANGED)
[2026-04-06 10:01:12]   [emp_id: 5422] ✅ Updated: 27.74 → 28.32 (VALUE CHANGED)
[2026-04-06 10:01:12]   [emp_id: 5423] ✅ Updated: 7.43 → 8.01 (VALUE CHANGED)
[2026-04-06 10:01:12]   [emp_id: 5425] ✅ Updated: 19.26 → 19.67 (VALUE CHANGED)
[2026-04-06 10:01:12]   [emp_id: 5426] ✅ Updated: 8.98 → 9.56 (VALUE CHANGED)
[2026-04-06 10:01:12]   [emp_id: 5427] ✅ Updated: 19.37 → 19.78 (VALUE CHANGED)
[2026-04-06 10:01:12]   [emp_id: 5428] ✅ Updated: 19.26 → 19.67 (VALUE CHANGED)
[2026-04-06 10:01:12]   [emp_id: 5430] ✅ Updated: 24.8 → 25.38 (VALUE CHANGED)
[2026-04-06 10:01:12]   [emp_id: 5431] ✅ Updated: 18.38 → 18.79 (VALUE CHANGED)
[2026-04-06 10:01:12]   [emp_id: 5433] ✅ Updated: 18.4 → 18.81 (VALUE CHANGED)
[2026-04-06 10:01:12]   [emp_id: 5434] ✅ Updated: 18.15 → 18.56 (VALUE CHANGED)
[2026-04-06 10:01:12]   [emp_id: 5435] ✅ Updated: 18.09 → 18.5 (VALUE CHANGED)
[2026-04-06 10:01:12]   [emp_id: 5438] ✅ Updated: 22.66 → 23.24 (VALUE CHANGED)
[2026-04-06 10:01:12]   [emp_id: 5439] ✅ Updated: 32.16 → 32.74 (VALUE CHANGED)
[2026-04-06 10:01:12]   [emp_id: 5442] ✅ Updated: 20.16 → 20.74 (VALUE CHANGED)
[2026-04-06 10:01:12]   [emp_id: 5445] ✅ Updated: 12.55 → 12.96 (VALUE CHANGED)
[2026-04-06 10:01:12]   [emp_id: 5446] ✅ Updated: 12.55 → 12.96 (VALUE CHANGED)
[2026-04-06 10:01:12]   [emp_id: 5447] ✅ Updated: 12.49 → 12.9 (VALUE CHANGED)
[2026-04-06 10:01:12]   [emp_id: 5448] ✅ Updated: 9.29 → 9.87 (VALUE CHANGED)
[2026-04-06 10:01:12]   [emp_id: 5449] ✅ Updated: 8.57 → 8.98 (VALUE CHANGED)
[2026-04-06 10:01:12]   [emp_id: 5450] ✅ Updated: 10.51 → 10.92 (VALUE CHANGED)
[2026-04-06 10:01:12]   [emp_id: 5451] ✅ Updated: 10.51 → 10.92 (VALUE CHANGED)
[2026-04-06 10:01:12]   [emp_id: 5453] ✅ Updated: 10.35 → 10.76 (VALUE CHANGED)
[2026-04-06 10:01:12]   [emp_id: 5454] ✅ Updated: 11.24 → 11.82 (VALUE CHANGED)
[2026-04-06 10:01:12]   [emp_id: 5455] ✅ Updated: 3.49 → 4.07 (VALUE CHANGED)
[2026-04-06 10:01:12]   [emp_id: 5456] ✅ Updated: 2.49 → 3.07 (VALUE CHANGED)
[2026-04-06 10:01:12]   [emp_id: 5457] ✅ Updated: 9.6 → 10.01 (VALUE CHANGED)
[2026-04-06 10:01:12]   [emp_id: 5463] ✅ Updated: 11.47 → 12.05 (VALUE CHANGED)
[2026-04-06 10:01:12]   [emp_id: 5464] ✅ Updated: 11.47 → 12.05 (VALUE CHANGED)
[2026-04-06 10:01:12]   [emp_id: 5468] ✅ Updated: 7.09 → 7.67 (VALUE CHANGED)
[2026-04-06 10:01:12]   [emp_id: 5469] ✅ Updated: 7 → 7.58 (VALUE CHANGED)
[2026-04-06 10:01:12]   [emp_id: 5472] ✅ Updated: 4.81 → 5.39 (VALUE CHANGED)
[2026-04-06 10:01:12]   [emp_id: 5473] ✅ Updated: 3.72 → 4.3 (VALUE CHANGED)
[2026-04-06 10:01:12]   [emp_id: 5475] ✅ Updated: 2.97 → 3.55 (VALUE CHANGED)
[2026-04-06 10:01:12] Report saved to: D:\xampp\htdocs\almutlak\system/cron_logs/last_vacation_update_report.json
