[2025-12-01 00:30:02] ========== CRON: Vacation Balance Update Started ==========
[2025-12-01 00:30:02] Database connection established
[2025-12-01 00:30:02] Found 445 active employees with balance records to update
[2025-12-01 00:30:02] (Only employees with status=1 will be processed)
[2025-12-01 00:30:02]   [emp_id: 1061] ✓ Updated: 30.64 → 30.72 (CHANGED)
[2025-12-01 00:30:02]   [emp_id: 1496] ✓ Updated: 13.81 → 13.89 (CHANGED)
[2025-12-01 00:30:02]   [emp_id: 1500] ✓ Updated: 23.06 → 23.14 (CHANGED)
[2025-12-01 00:30:02]   [emp_id: 1574] ✓ Updated: 30.72 → 30.8 (CHANGED)
[2025-12-01 00:30:02]   [emp_id: 1673] ✓ Updated: 42.22 → 42.3 (CHANGED)
[2025-12-01 00:30:02]   [emp_id: 1685] ✓ Updated: 12.14 → 12.22 (CHANGED)
[2025-12-01 00:30:02]   [emp_id: 1764] ✓ Updated: 66.81 → 66.89 (CHANGED)
[2025-12-01 00:30:02]   [emp_id: 1805] ✓ Updated: 61.14 → 61.22 (CHANGED)
[2025-12-01 00:30:02]   [emp_id: 1822] ✓ Updated: 65.89 → 65.97 (CHANGED)
[2025-12-01 00:30:02]   [emp_id: 1837] ✓ Updated: 22.06 → 22.14 (CHANGED)
[2025-12-01 00:30:02]   [emp_id: 1857] ✓ Updated: 17.39 → 17.47 (CHANGED)
[2025-12-01 00:30:02]   [emp_id: 1861] ✓ Updated: 68.22 → 68.3 (CHANGED)
[2025-12-01 00:30:02]   [emp_id: 1872] ✓ Updated: 7.06 → 7.14 (CHANGED)
[2025-12-01 00:30:02]   [emp_id: 1897] ✓ Updated: 29.39 → 29.47 (CHANGED)
[2025-12-01 00:30:02]   [emp_id: 1916] ✓ Updated: 71.72 → 71.8 (CHANGED)
[2025-12-01 00:30:02]   [emp_id: 1928] ✓ Updated: 61.64 → 61.72 (CHANGED)
[2025-12-01 00:30:02]   [emp_id: 1931] ✓ Updated: 81.56 → 81.64 (CHANGED)
[2025-12-01 00:30:02]   [emp_id: 1944] ✓ Updated: 39.72 → 39.8 (CHANGED)
[2025-12-01 00:30:02]   [emp_id: 1996] ✓ Updated: 68.22 → 68.3 (CHANGED)
[2025-12-01 00:30:02]   [emp_id: 1997] ✓ Updated: 33.39 → 33.47 (CHANGED)
[2025-12-01 00:30:02]   [emp_id: 1998] ✓ Updated: 84.72 → 84.8 (CHANGED)
[2025-12-01 00:30:02]   [emp_id: 1999] ✓ Updated: 85.72 → 85.8 (CHANGED)
[2025-12-01 00:30:02]   [emp_id: 2009] ✓ Updated: 32.14 → 32.22 (CHANGED)
[2025-12-01 00:30:02]   [emp_id: 2048] ✓ Updated: 21.97 → 22.05 (CHANGED)
[2025-12-01 00:30:02]   [emp_id: 2057] ✓ Updated: 62.81 → 62.89 (CHANGED)
[2025-12-01 00:30:02]   [emp_id: 2079] ✓ Updated: 45.14 → 45.22 (CHANGED)
[2025-12-01 00:30:02]   [emp_id: 2181] ✓ Updated: 34.14 → 34.22 (CHANGED)
[2025-12-01 00:30:02]   [emp_id: 2190] ✓ Updated: 3.47 → 3.55 (CHANGED)
[2025-12-01 00:30:02]   [emp_id: 2212] ✓ Updated: 21.47 → 21.55 (CHANGED)
[2025-12-01 00:30:02]   [emp_id: 2226] ✓ Updated: 66.22 → 66.3 (CHANGED)
[2025-12-01 00:30:02]   [emp_id: 2238] ✓ Updated: 64.47 → 64.55 (CHANGED)
[2025-12-01 00:30:02]   [emp_id: 2285] ✓ Updated: 33.14 → 33.22 (CHANGED)
[2025-12-01 00:30:02]   [emp_id: 2287] ✓ Updated: 44.81 → 44.89 (CHANGED)
[2025-12-01 00:30:02]   [emp_id: 2288] ✓ Updated: 59.72 → 59.8 (CHANGED)
[2025-12-01 00:30:02]   [emp_id: 2290] ✓ Updated: 76.64 → 76.72 (CHANGED)
[2025-12-01 00:30:02]   [emp_id: 2316] ✓ Updated: 13.64 → 13.72 (CHANGED)
[2025-12-01 00:30:02]   [emp_id: 2337] ✓ Updated: 34.72 → 34.8 (CHANGED)
[2025-12-01 00:30:02]   [emp_id: 2352] ✓ Updated: 66.22 → 66.3 (CHANGED)
[2025-12-01 00:30:02]   [emp_id: 2358] ✓ Updated: 2.72 → 2.8 (CHANGED)
[2025-12-01 00:30:02]   [emp_id: 2361] ✓ Updated: 68.39 → 68.47 (CHANGED)
[2025-12-01 00:30:02]   [emp_id: 2363] ✓ Updated: 70.97 → 71.05 (CHANGED)
[2025-12-01 00:30:02]   [emp_id: 2364] ✓ Updated: 70.39 → 70.47 (CHANGED)
[2025-12-01 00:30:02]   [emp_id: 2367] ✓ Updated: 98.06 → 98.14 (CHANGED)
[2025-12-01 00:30:02]   [emp_id: 2368] ✓ Updated: 28.47 → 28.55 (CHANGED)
[2025-12-01 00:30:02]   [emp_id: 2372] ✓ Updated: 65.72 → 65.8 (CHANGED)
[2025-12-01 00:30:02]   [emp_id: 2376] ✓ Updated: 115.72 → 115.8 (CHANGED)
[2025-12-01 00:30:02]   [emp_id: 2423] ✓ Updated: 16.47 → 16.55 (CHANGED)
[2025-12-01 00:30:02]   [emp_id: 2519] ✓ Updated: 170.14 → 170.22 (CHANGED)
[2025-12-01 00:30:02]   [emp_id: 2522] ✓ Updated: 53.72 → 53.8 (CHANGED)
[2025-12-01 00:30:02]   [emp_id: 2530] ✓ Updated: 48.97 → 49.05 (CHANGED)
[2025-12-01 00:30:02]   [emp_id: 2539] ✓ Updated: 45.72 → 45.8 (CHANGED)
[2025-12-01 00:30:02]   [emp_id: 2541] ✓ Updated: 26.31 → 26.39 (CHANGED)
[2025-12-01 00:30:02]   [emp_id: 2550] ✓ Updated: 92.47 → 92.55 (CHANGED)
[2025-12-01 00:30:02]   [emp_id: 2553] ✓ Updated: 59.47 → 59.55 (CHANGED)
[2025-12-01 00:30:02]   [emp_id: 2554] ✓ Updated: 36.06 → 36.14 (CHANGED)
[2025-12-01 00:30:02]   [emp_id: 2565] ✓ Updated: 90.64 → 90.72 (CHANGED)
[2025-12-01 00:30:02]   [emp_id: 2572] ✓ Updated: 40.64 → 40.72 (CHANGED)
[2025-12-01 00:30:02]   [emp_id: 2637] ✓ Updated: 61.22 → 61.3 (CHANGED)
[2025-12-01 00:30:02]   [emp_id: 2642] ✓ Updated: 73.97 → 74.05 (CHANGED)
[2025-12-01 00:30:02]   [emp_id: 2645] ✓ Updated: 89.97 → 90.05 (CHANGED)
[2025-12-01 00:30:02]   [emp_id: 2648] ✓ Updated: 41.64 → 41.72 (CHANGED)
[2025-12-01 00:30:02]   [emp_id: 2654] ✓ Updated: 84.31 → 84.39 (CHANGED)
[2025-12-01 00:30:02]   [emp_id: 2688] ✓ Updated: 22.39 → 22.47 (CHANGED)
[2025-12-01 00:30:02]   [emp_id: 2690] ✓ Updated: 11.14 → 11.22 (CHANGED)
[2025-12-01 00:30:02]   [emp_id: 2709] ✓ Updated: 33.39 → 33.47 (CHANGED)
[2025-12-01 00:30:02]   [emp_id: 2745] ✓ Updated: 29.97 → 30.05 (CHANGED)
[2025-12-01 00:30:02]   [emp_id: 2843] ✓ Updated: 76.56 → 76.64 (CHANGED)
[2025-12-01 00:30:02]   [emp_id: 2854] ✓ Updated: 56.47 → 56.55 (CHANGED)
[2025-12-01 00:30:02]   [emp_id: 2869] ✓ Updated: 61.39 → 61.47 (CHANGED)
[2025-12-01 00:30:02]   [emp_id: 2876] ✓ Updated: 31.22 → 31.3 (CHANGED)
[2025-12-01 00:30:02]   [emp_id: 2924] ✓ Updated: 12.39 → 12.47 (CHANGED)
[2025-12-01 00:30:02]   [emp_id: 2953] ✓ Updated: 98.14 → 98.22 (CHANGED)
[2025-12-01 00:30:03]   [emp_id: 2961] ✓ Updated: 8.14 → 8.22 (CHANGED)
[2025-12-01 00:30:03]   [emp_id: 2975] ✓ Updated: 10.14 → 10.22 (CHANGED)
[2025-12-01 00:30:03]   [emp_id: 3013] ✓ Updated: 7.14 → 7.22 (CHANGED)
[2025-12-01 00:30:03]   [emp_id: 3014] ✓ Updated: 86.39 → 86.47 (CHANGED)
[2025-12-01 00:30:03]   [emp_id: 3015] ✓ Updated: 37.64 → 37.72 (CHANGED)
[2025-12-01 00:30:03]   [emp_id: 3018] ✓ Updated: 56.39 → 56.47 (CHANGED)
[2025-12-01 00:30:03]   [emp_id: 3025] ✓ Updated: 80.06 → 80.14 (CHANGED)
[2025-12-01 00:30:03]   [emp_id: 3037] ✓ Updated: 79.89 → 79.97 (CHANGED)
[2025-12-01 00:30:03]   [emp_id: 3047] ✓ Updated: 68.14 → 68.22 (CHANGED)
[2025-12-01 00:30:03]   [emp_id: 3061] ✓ Updated: 15.06 → 15.14 (CHANGED)
[2025-12-01 00:30:03]   [emp_id: 3062] ✓ Updated: 48.22 → 48.3 (CHANGED)
[2025-12-01 00:30:03]   [emp_id: 3074] ✓ Updated: 104.64 → 104.72 (CHANGED)
[2025-12-01 00:30:03]   [emp_id: 3089] ✓ Updated: 3.56 → 3.64 (CHANGED)
[2025-12-01 00:30:03]   [emp_id: 3090] ✓ Updated: 30.14 → 30.22 (CHANGED)
[2025-12-01 00:30:03]   [emp_id: 3091] ✓ Updated: 42.14 → 42.22 (CHANGED)
[2025-12-01 00:30:03]   [emp_id: 3092] ✓ Updated: 24.81 → 24.89 (CHANGED)
[2025-12-01 00:30:03]   [emp_id: 3105] ✓ Updated: 45.14 → 45.22 (CHANGED)
[2025-12-01 00:30:03]   [emp_id: 3134] ✓ Updated: 40.89 → 40.97 (CHANGED)
[2025-12-01 00:30:03]   [emp_id: 3140] ✓ Updated: 37.97 → 38.05 (CHANGED)
[2025-12-01 00:30:03]   [emp_id: 3144] ✓ Updated: 10.81 → 10.89 (CHANGED)
[2025-12-01 00:30:03]   [emp_id: 3156] ✓ Updated: 14.14 → 14.22 (CHANGED)
[2025-12-01 00:30:03]   [emp_id: 3162] ✓ Updated: 29.14 → 29.22 (CHANGED)
[2025-12-01 00:30:03]   [emp_id: 3163] ✓ Updated: 2.39 → 2.47 (CHANGED)
[2025-12-01 00:30:03]   [emp_id: 3198] ✓ Updated: 37.39 → 37.47 (CHANGED)
[2025-12-01 00:30:03]   [emp_id: 3205] ✓ Updated: 14.06 → 14.14 (CHANGED)
[2025-12-01 00:30:03]   [emp_id: 3209] ✓ Updated: 38.22 → 38.3 (CHANGED)
[2025-12-01 00:30:03]   [emp_id: 3223] ✓ Updated: 87.14 → 87.22 (CHANGED)
[2025-12-01 00:30:03]   [emp_id: 3224] ✓ Updated: 61.89 → 61.97 (CHANGED)
[2025-12-01 00:30:03]   [emp_id: 3230] ✓ Updated: 85.31 → 85.39 (CHANGED)
[2025-12-01 00:30:03]   [emp_id: 3231] ✓ Updated: 86.56 → 86.64 (CHANGED)
[2025-12-01 00:30:03]   [emp_id: 3233] ✓ Updated: 78.14 → 78.22 (CHANGED)
[2025-12-01 00:30:03]   [emp_id: 3249] ✓ Updated: 33.97 → 34.05 (CHANGED)
[2025-12-01 00:30:03]   [emp_id: 3250] ✓ Updated: 6.97 → 7.05 (CHANGED)
[2025-12-01 00:30:03]   [emp_id: 3252] ✓ Updated: 7.89 → 7.97 (CHANGED)
[2025-12-01 00:30:03]   [emp_id: 3254] ✓ Updated: 18.39 → 18.47 (CHANGED)
[2025-12-01 00:30:03]   [emp_id: 3255] ✓ Updated: 14.81 → 14.89 (CHANGED)
[2025-12-01 00:30:03]   [emp_id: 3256] ✓ Updated: 11.06 → 11.14 (CHANGED)
[2025-12-01 00:30:03]   [emp_id: 3263] ✓ Updated: 27.14 → 27.22 (CHANGED)
[2025-12-01 00:30:03]   [emp_id: 3265] ✓ Updated: 22.72 → 22.8 (CHANGED)
[2025-12-01 00:30:03]   [emp_id: 3280] ✓ Updated: 69.64 → 69.72 (CHANGED)
[2025-12-01 00:30:03]   [emp_id: 3286] ✓ Updated: 12.81 → 12.89 (CHANGED)
[2025-12-01 00:30:03]   [emp_id: 3294] ✓ Updated: 12.47 → 12.55 (CHANGED)
[2025-12-01 00:30:03]   [emp_id: 3321] ✓ Updated: 69.64 → 69.72 (CHANGED)
[2025-12-01 00:30:03]   [emp_id: 3325] ✓ Updated: 57.39 → 57.47 (CHANGED)
[2025-12-01 00:30:03]   [emp_id: 3329] ✓ Updated: 59.72 → 59.8 (CHANGED)
[2025-12-01 00:30:03]   [emp_id: 3330] ✓ Updated: 59.72 → 59.8 (CHANGED)
[2025-12-01 00:30:03]   [emp_id: 3332] ✓ Updated: 59.72 → 59.8 (CHANGED)
[2025-12-01 00:30:03]   [emp_id: 3370] ✓ Updated: 51.39 → 51.47 (CHANGED)
[2025-12-01 00:30:03]   [emp_id: 3384] ✓ Updated: 11.89 → 11.97 (CHANGED)
[2025-12-01 00:30:03]   [emp_id: 3386] ✓ Updated: 41.89 → 41.97 (CHANGED)
[2025-12-01 00:30:03]   [emp_id: 3431] ✓ Updated: 17.31 → 17.39 (CHANGED)
[2025-12-01 00:30:03]   [emp_id: 3497] ✓ Updated: 6.47 → 6.55 (CHANGED)
[2025-12-01 00:30:03]   [emp_id: 3532] ✓ Updated: 43.31 → 43.39 (CHANGED)
[2025-12-01 00:30:03]   [emp_id: 3586] ✓ Updated: 7.39 → 7.47 (CHANGED)
[2025-12-01 00:30:03]   [emp_id: 3602] ✓ Updated: 50.39 → 50.47 (CHANGED)
[2025-12-01 00:30:03]   [emp_id: 3618] ✓ Updated: 54.89 → 54.97 (CHANGED)
[2025-12-01 00:30:03]   [emp_id: 3622] ✓ Updated: 32.8 → 32.85 (CHANGED)
[2025-12-01 00:30:03]   [emp_id: 3627] ✓ Updated: 6.81 → 6.89 (CHANGED)
[2025-12-01 00:30:03]   [emp_id: 3665] ✓ Updated: 48.39 → 48.47 (CHANGED)
[2025-12-01 00:30:03]   [emp_id: 3705] ✓ Updated: 26.13 → 26.18 (CHANGED)
[2025-12-01 00:30:03]   [emp_id: 3724] ✓ Updated: 41.39 → 41.47 (CHANGED)
[2025-12-01 00:30:03]   [emp_id: 3726] ✓ Updated: 57.81 → 57.89 (CHANGED)
[2025-12-01 00:30:03]   [emp_id: 3727] ✓ Updated: 62.89 → 62.97 (CHANGED)
[2025-12-01 00:30:03]   [emp_id: 3728] ✓ Updated: 7.22 → 7.3 (CHANGED)
[2025-12-01 00:30:03]   [emp_id: 3742] ✓ Updated: 30.39 → 30.47 (CHANGED)
[2025-12-01 00:30:03]   [emp_id: 3767] ✓ Updated: 57.97 → 58.05 (CHANGED)
[2025-12-01 00:30:03]   [emp_id: 3768] ✓ Updated: 54.22 → 54.3 (CHANGED)
[2025-12-01 00:30:03]   [emp_id: 3787] ✓ Updated: 54.81 → 54.89 (CHANGED)
[2025-12-01 00:30:03]   [emp_id: 3790] ✓ Updated: 58.97 → 59.05 (CHANGED)
[2025-12-01 00:30:03]   [emp_id: 3795] ✓ Updated: 12.31 → 12.39 (CHANGED)
[2025-12-01 00:30:03]   [emp_id: 3798] ✓ Updated: 90.72 → 90.8 (CHANGED)
[2025-12-01 00:30:03]   [emp_id: 3801] ✓ Updated: 28.89 → 28.97 (CHANGED)
[2025-12-01 00:30:03]   [emp_id: 3802] ✓ Updated: 27.97 → 28.05 (CHANGED)
[2025-12-01 00:30:03]   [emp_id: 3803] ✓ Updated: 112.39 → 112.47 (CHANGED)
[2025-12-01 00:30:03]   [emp_id: 3810] ✓ Updated: 58.39 → 58.47 (CHANGED)
[2025-12-01 00:30:03]   [emp_id: 3812] ✓ Updated: 87.39 → 87.47 (CHANGED)
[2025-12-01 00:30:03]   [emp_id: 3815] ✓ Updated: 87.39 → 87.47 (CHANGED)
[2025-12-01 00:30:03]   [emp_id: 3836] ✓ Updated: 55.06 → 55.14 (CHANGED)
[2025-12-01 00:30:03]   [emp_id: 3855] ✓ Updated: 48.22 → 48.3 (CHANGED)
[2025-12-01 00:30:03]   [emp_id: 3857] ✓ Updated: 51.89 → 51.97 (CHANGED)
[2025-12-01 00:30:03]   [emp_id: 3862] ✓ Updated: 99.97 → 100.05 (CHANGED)
[2025-12-01 00:30:03]   [emp_id: 3866] ✓ Updated: 25.22 → 25.3 (CHANGED)
[2025-12-01 00:30:03]   [emp_id: 3876] ✓ Updated: 45.39 → 45.47 (CHANGED)
[2025-12-01 00:30:03]   [emp_id: 3877] ✓ Updated: 46.89 → 46.97 (CHANGED)
[2025-12-01 00:30:03]   [emp_id: 3897] ✓ Updated: 35.14 → 35.22 (CHANGED)
[2025-12-01 00:30:03]   [emp_id: 3899] ✓ Updated: 50.31 → 50.39 (CHANGED)
[2025-12-01 00:30:03]   [emp_id: 3928] ✓ Updated: 11.22 → 11.3 (CHANGED)
[2025-12-01 00:30:03]   [emp_id: 3929] ✓ Updated: 6.22 → 6.3 (CHANGED)
[2025-12-01 00:30:03]   [emp_id: 3935] ✓ Updated: 91.22 → 91.3 (CHANGED)
[2025-12-01 00:30:03]   [emp_id: 3952] ✓ Updated: 73.56 → 73.64 (CHANGED)
[2025-12-01 00:30:03]   [emp_id: 3987] ✓ Updated: 11.47 → 11.55 (CHANGED)
[2025-12-01 00:30:03]   [emp_id: 4059] ✓ Updated: 14.22 → 14.3 (CHANGED)
[2025-12-01 00:30:03]   [emp_id: 4119] ✓ Updated: 54.14 → 54.22 (CHANGED)
[2025-12-01 00:30:03]   [emp_id: 4120] ✓ Updated: 23.72 → 23.8 (CHANGED)
[2025-12-01 00:30:03]   [emp_id: 4124] ✓ Updated: 54.14 → 54.22 (CHANGED)
[2025-12-01 00:30:03]   [emp_id: 4133] ✓ Updated: 102.72 → 102.8 (CHANGED)
[2025-12-01 00:30:03]   [emp_id: 4134] ✓ Updated: 23.72 → 23.8 (CHANGED)
[2025-12-01 00:30:03]   [emp_id: 4136] ✓ Updated: 23.72 → 23.8 (CHANGED)
[2025-12-01 00:30:03]   [emp_id: 4150] ✓ Updated: 22.39 → 22.47 (CHANGED)
[2025-12-01 00:30:03]   [emp_id: 4157] ✓ Updated: 15.89 → 15.97 (CHANGED)
[2025-12-01 00:30:03]   [emp_id: 4172] ✓ Updated: 10.71 → 10.76 (CHANGED)
[2025-12-01 00:30:03]   [emp_id: 4195] ✓ Updated: 59.47 → 59.55 (CHANGED)
[2025-12-01 00:30:03]   [emp_id: 4215] ✓ Updated: 42.14 → 42.22 (CHANGED)
[2025-12-01 00:30:03]   [emp_id: 4220] ✓ Updated: 37.72 → 37.8 (CHANGED)
[2025-12-01 00:30:03]   [emp_id: 4273] ✓ Updated: 6.39 → 6.47 (CHANGED)
[2025-12-01 00:30:03]   [emp_id: 4283] ✓ Updated: 11.8 → 11.85 (CHANGED)
[2025-12-01 00:30:03]   [emp_id: 4288] ✓ Updated: 41.22 → 41.3 (CHANGED)
[2025-12-01 00:30:03]   [emp_id: 4315] ✓ Updated: 12.64 → 12.72 (CHANGED)
[2025-12-01 00:30:03]   [emp_id: 4328] ✓ Updated: 40.63 → 40.68 (CHANGED)
[2025-12-01 00:30:03]   [emp_id: 4329] ✓ Updated: 2.81 → 2.89 (CHANGED)
[2025-12-01 00:30:03]   [emp_id: 4338] ✓ Updated: 44.39 → 44.47 (CHANGED)
[2025-12-01 00:30:03]   [emp_id: 4340] ✓ Updated: 123.39 → 123.47 (CHANGED)
[2025-12-01 00:30:03]   [emp_id: 4365] ✓ Updated: 57.81 → 57.89 (CHANGED)
[2025-12-01 00:30:03]   [emp_id: 4366] ✓ Updated: 56.89 → 56.97 (CHANGED)
[2025-12-01 00:30:03]   [emp_id: 4385] ✓ Updated: 47.56 → 47.64 (CHANGED)
[2025-12-01 00:30:03]   [emp_id: 4403] ✓ Updated: 82.72 → 82.8 (CHANGED)
[2025-12-01 00:30:03]   [emp_id: 4438] ✓ Updated: 18.39 → 18.47 (CHANGED)
[2025-12-01 00:30:03]   [emp_id: 4465] ✓ Updated: 10.96 → 11.01 (CHANGED)
[2025-12-01 00:30:03]   [emp_id: 4473] ✓ Updated: 41.97 → 42.05 (CHANGED)
[2025-12-01 00:30:03]   [emp_id: 4474] ✓ Updated: 57.71 → 57.76 (CHANGED)
[2025-12-01 00:30:03]   [emp_id: 4493] ✓ Updated: 160.81 → 160.89 (CHANGED)
[2025-12-01 00:30:03]   [emp_id: 4526] ✓ Updated: 33.06 → 33.14 (CHANGED)
[2025-12-01 00:30:03]   [emp_id: 4528] ✓ Updated: 104.81 → 104.89 (CHANGED)
[2025-12-01 00:30:03]   [emp_id: 4528] ✓ Updated: 104.81 → 104.89 (CHANGED)
[2025-12-01 00:30:03]   [emp_id: 4532] ✓ Updated: 68.46 → 68.51 (CHANGED)
[2025-12-01 00:30:03]   [emp_id: 4533] ✓ Updated: 33.22 → 33.3 (CHANGED)
[2025-12-01 00:30:03]   [emp_id: 4564] ✓ Updated: 23.71 → 23.76 (CHANGED)
[2025-12-01 00:30:03]   [emp_id: 4565] ✓ Updated: 13.46 → 13.51 (CHANGED)
[2025-12-01 00:30:03]   [emp_id: 4567] ✓ Updated: 17.71 → 17.76 (CHANGED)
[2025-12-01 00:30:03]   [emp_id: 4572] ✓ Updated: 57.21 → 57.26 (CHANGED)
[2025-12-01 00:30:03]   [emp_id: 4631] ✓ Updated: 13.46 → 13.51 (CHANGED)
[2025-12-01 00:30:03]   [emp_id: 4655] ✓ Updated: 22.14 → 22.22 (CHANGED)
[2025-12-01 00:30:03]   [emp_id: 4689] ✓ Updated: 19.81 → 19.89 (CHANGED)
[2025-12-01 00:30:03]   [emp_id: 4709] ✓ Updated: 37.39 → 37.47 (CHANGED)
[2025-12-01 00:30:03]   [emp_id: 4717] ✓ Updated: 63.39 → 63.47 (CHANGED)
[2025-12-01 00:30:03]   [emp_id: 4736] ✓ Updated: 25.22 → 25.3 (CHANGED)
[2025-12-01 00:30:03]   [emp_id: 4756] ✓ Updated: 59.35 → 59.4 (CHANGED)
[2025-12-01 00:30:03]   [emp_id: 4768] ✓ Updated: 9.89 → 9.97 (CHANGED)
[2025-12-01 00:30:03]   [emp_id: 4780] ✓ Updated: 63.63 → 63.68 (CHANGED)
[2025-12-01 00:30:03]   [emp_id: 4820] ✓ Updated: 96.22 → 96.3 (CHANGED)
[2025-12-01 00:30:03]   [emp_id: 4825] ✓ Updated: 27.97 → 28.05 (CHANGED)
[2025-12-01 00:30:03]   [emp_id: 4835] ✓ Updated: 46.38 → 46.43 (CHANGED)
[2025-12-01 00:30:03]   [emp_id: 4837] ✓ Updated: 43.62 → 43.67 (CHANGED)
[2025-12-01 00:30:03]   [emp_id: 4838] ✓ Updated: 42.64 → 42.69 (CHANGED)
[2025-12-01 00:30:04]   [emp_id: 4840] ✓ Updated: 43.62 → 43.67 (CHANGED)
[2025-12-01 00:30:04]   [emp_id: 4842] ✓ Updated: 42.86 → 42.91 (CHANGED)
[2025-12-01 00:30:04]   [emp_id: 4843] ✓ Updated: 43.39 → 43.44 (CHANGED)
[2025-12-01 00:30:04]   [emp_id: 4853] ✓ Updated: 87.21 → 87.26 (CHANGED)
[2025-12-01 00:30:04]   [emp_id: 4856] ✓ Updated: 40.53 → 40.58 (CHANGED)
[2025-12-01 00:30:04]   [emp_id: 4857] ✓ Updated: 23.35 → 23.4 (CHANGED)
[2025-12-01 00:30:04]   [emp_id: 4858] ✓ Updated: 20.23 → 20.28 (CHANGED)
[2025-12-01 00:30:04]   [emp_id: 4859] ✓ Updated: 41.7 → 41.75 (CHANGED)
[2025-12-01 00:30:04]   [emp_id: 4860] ✓ Updated: 6.2 → 6.25 (CHANGED)
[2025-12-01 00:30:04]   [emp_id: 4861] ✓ Updated: 39.66 → 39.71 (CHANGED)
[2025-12-01 00:30:04]   [emp_id: 4869] ✓ Updated: 82.54 → 82.59 (CHANGED)
[2025-12-01 00:30:04]   [emp_id: 4894] ✓ Updated: 4.89 → 4.97 (CHANGED)
[2025-12-01 00:30:04]   [emp_id: 4897] ✓ Updated: 21.44 → 21.49 (CHANGED)
[2025-12-01 00:30:04]   [emp_id: 4899] ✓ Updated: 17.61 → 17.66 (CHANGED)
[2025-12-01 00:30:04]   [emp_id: 4902] ✓ Updated: 17.03 → 17.08 (CHANGED)
[2025-12-01 00:30:04]   [emp_id: 4903] ✓ Updated: 19.25 → 19.3 (CHANGED)
[2025-12-01 00:30:04]   [emp_id: 4905] ✓ Updated: 17.91 → 17.96 (CHANGED)
[2025-12-01 00:30:04]   [emp_id: 4907] ✓ Updated: 44.97 → 45.05 (CHANGED)
[2025-12-01 00:30:04]   [emp_id: 4917] ✓ Updated: 14.87 → 14.92 (CHANGED)
[2025-12-01 00:30:04]   [emp_id: 4918] ✓ Updated: 4.64 → 4.69 (CHANGED)
[2025-12-01 00:30:04]   [emp_id: 4919] ✓ Updated: 56.93 → 56.98 (CHANGED)
[2025-12-01 00:30:04]   [emp_id: 4920] ✓ Updated: 56.76 → 56.81 (CHANGED)
[2025-12-01 00:30:04]   [emp_id: 4921] ✓ Updated: 16.1 → 16.15 (CHANGED)
[2025-12-01 00:30:04]   [emp_id: 4927] ✓ Updated: 14.93 → 14.98 (CHANGED)
[2025-12-01 00:30:04]   [emp_id: 4929] ✓ Updated: 16.45 → 16.5 (CHANGED)
[2025-12-01 00:30:04]   [emp_id: 4930] ✓ Updated: 57.22 → 57.27 (CHANGED)
[2025-12-01 00:30:04]   [emp_id: 4932] ✓ Updated: 15.22 → 15.27 (CHANGED)
[2025-12-01 00:30:04]   [emp_id: 4933] ✓ Updated: 18.63 → 18.68 (CHANGED)
[2025-12-01 00:30:04]   [emp_id: 4949] ✓ Updated: 34.06 → 34.11 (CHANGED)
[2025-12-01 00:30:04]   [emp_id: 4956] ✓ Updated: 31.38 → 31.43 (CHANGED)
[2025-12-01 00:30:04]   [emp_id: 4957] ✓ Updated: 28.32 → 28.37 (CHANGED)
[2025-12-01 00:30:04]   [emp_id: 4962] ✓ Updated: 51.22 → 51.3 (CHANGED)
[2025-12-01 00:30:04]   [emp_id: 4969] ✓ Updated: 43.64 → 43.72 (CHANGED)
[2025-12-01 00:30:04]   [emp_id: 4976] ✓ Updated: 8.34 → 8.39 (CHANGED)
[2025-12-01 00:30:04]   [emp_id: 4984] ✓ Updated: 34.89 → 34.97 (CHANGED)
[2025-12-01 00:30:04]   [emp_id: 4995] ✓ Updated: 46.96 → 47.04 (CHANGED)
[2025-12-01 00:30:04]   [emp_id: 5004] ✓ Updated: 44.02 → 44.07 (CHANGED)
[2025-12-01 00:30:04]   [emp_id: 5006] ✓ Updated: 25.02 → 25.07 (CHANGED)
[2025-12-01 00:30:04]   [emp_id: 5011] ✓ Updated: 10.56 → 10.64 (CHANGED)
[2025-12-01 00:30:04]   [emp_id: 5013] ✓ Updated: 65.39 → 65.44 (CHANGED)
[2025-12-01 00:30:04]   [emp_id: 5018] ✓ Updated: 19.63 → 19.68 (CHANGED)
[2025-12-01 00:30:04]   [emp_id: 5021] ✓ Updated: 62.13 → 62.18 (CHANGED)
[2025-12-01 00:30:04]   [emp_id: 5021] ✓ Updated: 62.13 → 62.18 (CHANGED)
[2025-12-01 00:30:04]   [emp_id: 5024] ✓ Updated: 12.28 → 12.33 (CHANGED)
[2025-12-01 00:30:04]   [emp_id: 5029] ✓ Updated: 21.88 → 21.93 (CHANGED)
[2025-12-01 00:30:04]   [emp_id: 5030] ✓ Updated: 36.88 → 36.93 (CHANGED)
[2025-12-01 00:30:04]   [emp_id: 5033] ✓ Updated: 20.65 → 20.7 (CHANGED)
[2025-12-01 00:30:04]   [emp_id: 5043] ✓ Updated: 27.56 → 27.64 (CHANGED)
[2025-12-01 00:30:04]   [emp_id: 5045] ✓ Updated: 24.06 → 24.14 (CHANGED)
[2025-12-01 00:30:04]   [emp_id: 5046] ✓ Updated: 19.25 → 19.33 (CHANGED)
[2025-12-01 00:30:04]   [emp_id: 5049] ✓ Updated: 37.33 → 37.38 (CHANGED)
[2025-12-01 00:30:04]   [emp_id: 5052] ✓ Updated: 28.61 → 28.66 (CHANGED)
[2025-12-01 00:30:04]   [emp_id: 5055] ✓ Updated: 35.8 → 35.85 (CHANGED)
[2025-12-01 00:30:04]   [emp_id: 5058] ✓ Updated: 26.03 → 26.08 (CHANGED)
[2025-12-01 00:30:04]   [emp_id: 5062] ✓ Updated: 37.86 → 37.91 (CHANGED)
[2025-12-01 00:30:04]   [emp_id: 5064] ✓ Updated: 114.89 → 114.97 (CHANGED)
[2025-12-01 00:30:04]   [emp_id: 5065] ✓ Updated: 37.27 → 37.32 (CHANGED)
[2025-12-01 00:30:04]   [emp_id: 5071] ✓ Updated: 20.39 → 20.47 (CHANGED)
[2025-12-01 00:30:04]   [emp_id: 5073] ✓ Updated: 11.87 → 11.92 (CHANGED)
[2025-12-01 00:30:04]   [emp_id: 5079] ✓ Updated: 32.43 → 32.48 (CHANGED)
[2025-12-01 00:30:04]   [emp_id: 5080] ✓ Updated: 29.76 → 29.81 (CHANGED)
[2025-12-01 00:30:04]   [emp_id: 5081] ✓ Updated: 34.76 → 34.81 (CHANGED)
[2025-12-01 00:30:04]   [emp_id: 5087] ✓ Updated: 34.06 → 34.11 (CHANGED)
[2025-12-01 00:30:04]   [emp_id: 5091] ✓ Updated: 73.91 → 73.96 (CHANGED)
[2025-12-01 00:30:04]   [emp_id: 5093] ✓ Updated: 11.56 → 11.64 (CHANGED)
[2025-12-01 00:30:04]   [emp_id: 5095] ✓ Updated: 31.38 → 31.43 (CHANGED)
[2025-12-01 00:30:04]   [emp_id: 5101] ✓ Updated: 13.64 → 13.72 (CHANGED)
[2025-12-01 00:30:04]   [emp_id: 5107] ✓ Updated: 11.97 → 12.05 (CHANGED)
[2025-12-01 00:30:04]   [emp_id: 5109] ✓ Updated: 9.22 → 9.3 (CHANGED)
[2025-12-01 00:30:04]   [emp_id: 5119] ✓ Updated: 7.39 → 7.47 (CHANGED)
[2025-12-01 00:30:04]   [emp_id: 5122] ✓ Updated: 4.56 → 4.64 (CHANGED)
[2025-12-01 00:30:04]   [emp_id: 5126] ✓ Updated: 24.79 → 24.84 (CHANGED)
[2025-12-01 00:30:04]   [emp_id: 5127] ✓ Updated: 21.58 → 21.63 (CHANGED)
[2025-12-01 00:30:04]   [emp_id: 5128] ✓ Updated: 24.73 → 24.78 (CHANGED)
[2025-12-01 00:30:04]   [emp_id: 5138] ✓ Updated: 63.22 → 63.3 (CHANGED)
[2025-12-01 00:30:04]   [emp_id: 5138] ✓ Updated: 63.22 → 63.3 (CHANGED)
[2025-12-01 00:30:04]   [emp_id: 5141] ✓ Updated: 33.1 → 33.15 (CHANGED)
[2025-12-01 00:30:04]   [emp_id: 5142] ✓ Updated: 12.1 → 12.15 (CHANGED)
[2025-12-01 00:30:04]   [emp_id: 5146] ✓ Updated: 19.1 → 19.15 (CHANGED)
[2025-12-01 00:30:04]   [emp_id: 5147] ✓ Updated: 18.1 → 18.15 (CHANGED)
[2025-12-01 00:30:04]   [emp_id: 5148] ✓ Updated: 23.45 → 23.5 (CHANGED)
[2025-12-01 00:30:04]   [emp_id: 5149] ✓ Updated: 22.34 → 22.39 (CHANGED)
[2025-12-01 00:30:04]   [emp_id: 5150] ✓ Updated: 21.7 → 21.75 (CHANGED)
[2025-12-01 00:30:04]   [emp_id: 5151] ✓ Updated: 21.52 → 21.57 (CHANGED)
[2025-12-01 00:30:04]   [emp_id: 5152] ✓ Updated: 1.94 → 1.99 (CHANGED)
[2025-12-01 00:30:04]   [emp_id: 5157] ✓ Updated: 21.52 → 21.57 (CHANGED)
[2025-12-01 00:30:04]   [emp_id: 5160] ✓ Updated: 21.52 → 21.57 (CHANGED)
[2025-12-01 00:30:04]   [emp_id: 5163] ✓ Updated: 19.31 → 19.36 (CHANGED)
[2025-12-01 00:30:04]   [emp_id: 5165] ✓ Updated: 27.56 → 27.64 (CHANGED)
[2025-12-01 00:30:04]   [emp_id: 5167] ✓ Updated: 28.46 → 28.51 (CHANGED)
[2025-12-01 00:30:04]   [emp_id: 5168] ✓ Updated: 21 → 21.05 (CHANGED)
[2025-12-01 00:30:04]   [emp_id: 5173] ✓ Updated: 22.31 → 22.39 (CHANGED)
[2025-12-01 00:30:04]   [emp_id: 5174] ✓ Updated: 21.46 → 21.51 (CHANGED)
[2025-12-01 00:30:04]   [emp_id: 5181] ✓ Updated: 17.85 → 17.9 (CHANGED)
[2025-12-01 00:30:04]   [emp_id: 5186] ✓ Updated: 23.38 → 23.43 (CHANGED)
[2025-12-01 00:30:04]   [emp_id: 5187] ✓ Updated: 34.38 → 34.43 (CHANGED)
[2025-12-01 00:30:04]   [emp_id: 5204] ✓ Updated: 19.81 → 19.89 (CHANGED)
[2025-12-01 00:30:04]   [emp_id: 5205] ✓ Updated: 10.59 → 10.64 (CHANGED)
[2025-12-01 00:30:04]   [emp_id: 5209] ✓ Updated: 13.59 → 13.64 (CHANGED)
[2025-12-01 00:30:04]   [emp_id: 5211] ✓ Updated: 5.59 → 5.64 (CHANGED)
[2025-12-01 00:30:04]   [emp_id: 5213] ✓ Updated: 0 → 0.05 (CHANGED)
[2025-12-01 00:30:04]   [emp_id: 5214] ✓ Updated: 13.59 → 13.64 (CHANGED)
[2025-12-01 00:30:04]   [emp_id: 5215] ✓ Updated: 8.59 → 8.64 (CHANGED)
[2025-12-01 00:30:04]   [emp_id: 5217] ✓ Updated: 7.59 → 7.64 (CHANGED)
[2025-12-01 00:30:04]   [emp_id: 5218] ✓ Updated: 13.59 → 13.64 (CHANGED)
[2025-12-01 00:30:04]   [emp_id: 5219] ✓ Updated: 11.59 → 11.64 (CHANGED)
[2025-12-01 00:30:04]   [emp_id: 5221] ✓ Updated: 2.96 → 3.01 (CHANGED)
[2025-12-01 00:30:04]   [emp_id: 5224] ✓ Updated: 12.59 → 12.64 (CHANGED)
[2025-12-01 00:30:04]   [emp_id: 5225] ✓ Updated: 7.26 → 7.31 (CHANGED)
[2025-12-01 00:30:04]   [emp_id: 5228] ✓ Updated: 7.59 → 7.64 (CHANGED)
[2025-12-01 00:30:04]   [emp_id: 5229] ✓ Updated: 3.59 → 3.64 (CHANGED)
[2025-12-01 00:30:04]   [emp_id: 5230] ✓ Updated: 13.59 → 13.64 (CHANGED)
[2025-12-01 00:30:04]   [emp_id: 5231] ✓ Updated: 4.59 → 4.64 (CHANGED)
[2025-12-01 00:30:04]   [emp_id: 5232] ✓ Updated: 9.59 → 9.64 (CHANGED)
[2025-12-01 00:30:04]   [emp_id: 5233] ✓ Updated: 2.59 → 2.64 (CHANGED)
[2025-12-01 00:30:04]   [emp_id: 5234] ✓ Updated: 2.59 → 2.64 (CHANGED)
[2025-12-01 00:30:04]   [emp_id: 5235] ✓ Updated: 13.59 → 13.64 (CHANGED)
[2025-12-01 00:30:04]   [emp_id: 5237] ✓ Updated: 13.59 → 13.64 (CHANGED)
[2025-12-01 00:30:04]   [emp_id: 5238] ✓ Updated: 6.21 → 6.26 (CHANGED)
[2025-12-01 00:30:04]   [emp_id: 5239] ✓ Updated: 5.59 → 5.64 (CHANGED)
[2025-12-01 00:30:04]   [emp_id: 5241] ✓ Updated: 3.59 → 3.64 (CHANGED)
[2025-12-01 00:30:04]   [emp_id: 5242] ✓ Updated: 13.59 → 13.64 (CHANGED)
[2025-12-01 00:30:04]   [emp_id: 5243] ✓ Updated: 0 → 0.05 (CHANGED)
[2025-12-01 00:30:04]   [emp_id: 5244] ✓ Updated: 3.96 → 4.01 (CHANGED)
[2025-12-01 00:30:04]   [emp_id: 5246] ✓ Updated: 9.59 → 9.64 (CHANGED)
[2025-12-01 00:30:04]   [emp_id: 5253] ✓ Updated: 28.21 → 28.26 (CHANGED)
[2025-12-01 00:30:04]   [emp_id: 5254] ✓ Updated: 10.44 → 10.49 (CHANGED)
[2025-12-01 00:30:04]   [emp_id: 5257] ✓ Updated: 10.15 → 10.2 (CHANGED)
[2025-12-01 00:30:04]   [emp_id: 5259] ✓ Updated: 46.68 → 46.73 (CHANGED)
[2025-12-01 00:30:04]   [emp_id: 5261] ✓ Updated: 47.31 → 47.39 (CHANGED)
[2025-12-01 00:30:04]   [emp_id: 5264] ✓ Updated: 24.16 → 24.21 (CHANGED)
[2025-12-01 00:30:04]   [emp_id: 5266] ✓ Updated: 24.11 → 24.16 (CHANGED)
[2025-12-01 00:30:04]   [emp_id: 5268] ✓ Updated: 7.35 → 7.4 (CHANGED)
[2025-12-01 00:30:04]   [emp_id: 5271] ✓ Updated: 6.01 → 6.06 (CHANGED)
[2025-12-01 00:30:04]   [emp_id: 5272] ✓ Updated: 6.88 → 6.93 (CHANGED)
[2025-12-01 00:30:04]   [emp_id: 5273] ✓ Updated: 28.7 → 28.75 (CHANGED)
[2025-12-01 00:30:04]   [emp_id: 5275] ✓ Updated: 7.7 → 7.75 (CHANGED)
[2025-12-01 00:30:04]   [emp_id: 5276] ✓ Updated: 28.7 → 28.75 (CHANGED)
[2025-12-01 00:30:05]   [emp_id: 5278] ✓ Updated: 6.36 → 6.41 (CHANGED)
[2025-12-01 00:30:05]   [emp_id: 5280] ✓ Updated: 16.76 → 16.81 (CHANGED)
[2025-12-01 00:30:05]   [emp_id: 5282] ✓ Updated: 8.89 → 8.97 (CHANGED)
[2025-12-01 00:30:05]   [emp_id: 5285] ✓ Updated: 26.76 → 26.81 (CHANGED)
[2025-12-01 00:30:05]   [emp_id: 5286] ✓ Updated: 13.76 → 13.81 (CHANGED)
[2025-12-01 00:30:05]   [emp_id: 5287] ✓ Updated: 48.06 → 48.11 (CHANGED)
[2025-12-01 00:30:05]   [emp_id: 5288] ✓ Updated: 37.07 → 37.12 (CHANGED)
[2025-12-01 00:30:05]   [emp_id: 5289] ✓ Updated: 46.61 → 46.66 (CHANGED)
[2025-12-01 00:30:05]   [emp_id: 5290] ✓ Updated: 45.38 → 45.43 (CHANGED)
[2025-12-01 00:30:05]   [emp_id: 5291] ✓ Updated: 3.38 → 3.43 (CHANGED)
[2025-12-01 00:30:05]   [emp_id: 5292] ✓ Updated: 3.32 → 3.37 (CHANGED)
[2025-12-01 00:30:05]   [emp_id: 5293] ✓ Updated: 35.06 → 35.14 (CHANGED)
[2025-12-01 00:30:05]   [emp_id: 5294] ✓ Updated: 4.81 → 4.89 (CHANGED)
[2025-12-01 00:30:05]   [emp_id: 5295] ✓ Updated: 19.56 → 19.61 (CHANGED)
[2025-12-01 00:30:05]   [emp_id: 5296] ✓ Updated: 37.72 → 37.8 (CHANGED)
[2025-12-01 00:30:05]   [emp_id: 5297] ✓ Updated: 43.98 → 44.03 (CHANGED)
[2025-12-01 00:30:05]   [emp_id: 5298] ✓ Updated: 43.98 → 44.03 (CHANGED)
[2025-12-01 00:30:05]   [emp_id: 5299] ✓ Updated: 43.98 → 44.03 (CHANGED)
[2025-12-01 00:30:05]   [emp_id: 5300] ✓ Updated: 43.98 → 44.03 (CHANGED)
[2025-12-01 00:30:05]   [emp_id: 5301] ✓ Updated: 43.98 → 44.03 (CHANGED)
[2025-12-01 00:30:05]   [emp_id: 5303] ✓ Updated: 43.98 → 44.03 (CHANGED)
[2025-12-01 00:30:05]   [emp_id: 5304] ✓ Updated: 43.98 → 44.03 (CHANGED)
[2025-12-01 00:30:05]   [emp_id: 5305] ✓ Updated: 1.98 → 2.03 (CHANGED)
[2025-12-01 00:30:05]   [emp_id: 5306] ✓ Updated: 43.69 → 43.74 (CHANGED)
[2025-12-01 00:30:05]   [emp_id: 5307] ✓ Updated: 43.69 → 43.74 (CHANGED)
[2025-12-01 00:30:05]   [emp_id: 5312] ✓ Updated: 41.36 → 41.41 (CHANGED)
[2025-12-01 00:30:05]   [emp_id: 5318] ✓ Updated: 24.4 → 24.45 (CHANGED)
[2025-12-01 00:30:05]   [emp_id: 5325] ✓ Updated: 20.36 → 20.41 (CHANGED)
[2025-12-01 00:30:05]   [emp_id: 5326] ✓ Updated: 41.18 → 41.23 (CHANGED)
[2025-12-01 00:30:05]   [emp_id: 5327] ✓ Updated: 40.36 → 40.41 (CHANGED)
[2025-12-01 00:30:05]   [emp_id: 5328] ✓ Updated: 40.36 → 40.41 (CHANGED)
[2025-12-01 00:30:05]   [emp_id: 5329] ✓ Updated: 40.36 → 40.41 (CHANGED)
[2025-12-01 00:30:05]   [emp_id: 5331] ✓ Updated: 19.77 → 19.82 (CHANGED)
[2025-12-01 00:30:05]   [emp_id: 5337] ✓ Updated: 32.72 → 32.8 (CHANGED)
[2025-12-01 00:30:05]   [emp_id: 5339] ✓ Updated: 8.55 → 8.6 (CHANGED)
[2025-12-01 00:30:05]   [emp_id: 5343] ✓ Updated: 42.64 → 42.72 (CHANGED)
[2025-12-01 00:30:05]   [emp_id: 5343] ✓ Updated: 42.64 → 42.72 (CHANGED)
[2025-12-01 00:30:05]   [emp_id: 5345] ✓ Updated: 12.47 → 12.55 (CHANGED)
[2025-12-01 00:30:05]   [emp_id: 5346] ✓ Updated: 37.27 → 37.32 (CHANGED)
[2025-12-01 00:30:05]   [emp_id: 5351] ✓ Updated: 16.21 → 16.26 (CHANGED)
[2025-12-01 00:30:05]   [emp_id: 5352] ✓ Updated: 22.89 → 22.97 (CHANGED)
[2025-12-01 00:30:05]   [emp_id: 5370] ✓ Updated: 13.86 → 13.91 (CHANGED)
[2025-12-01 00:30:05]   [emp_id: 5371] ✓ Updated: 6.47 → 6.55 (CHANGED)
[2025-12-01 00:30:05]   [emp_id: 5376] ✓ Updated: 8.46 → 8.51 (CHANGED)
[2025-12-01 00:30:05]   [emp_id: 5378] ✓ Updated: 20.64 → 20.72 (CHANGED)
[2025-12-01 00:30:05]   [emp_id: 5380] ✓ Updated: 14.87 → 14.92 (CHANGED)
[2025-12-01 00:30:05]   [emp_id: 5381] ✓ Updated: 15.06 → 15.14 (CHANGED)
[2025-12-01 00:30:05]   [emp_id: 5383] ✓ Updated: 13.47 → 13.55 (CHANGED)
[2025-12-01 00:30:05]   [emp_id: 5388] ✓ Updated: 25.65 → 25.7 (CHANGED)
[2025-12-01 00:30:05]   [emp_id: 5392] ✓ Updated: 11.39 → 11.47 (CHANGED)
[2025-12-01 00:30:05]   [emp_id: 5396] ✓ Updated: 26.89 → 26.94 (CHANGED)
[2025-12-01 00:30:05]   [emp_id: 5397] ✓ Updated: 23.1 → 23.15 (CHANGED)
[2025-12-01 00:30:05]   [emp_id: 5401] ✓ Updated: 21.46 → 21.51 (CHANGED)
[2025-12-01 00:30:05]   [emp_id: 5402] ✓ Updated: 21.58 → 21.63 (CHANGED)
[2025-12-01 00:30:05]   [emp_id: 5406] ✓ Updated: 20.3 → 20.35 (CHANGED)
[2025-12-01 00:30:05]   [emp_id: 5407] ✓ Updated: 22.14 → 22.22 (CHANGED)
[2025-12-01 00:30:05]   [emp_id: 5408] ✓ Updated: 19.89 → 19.97 (CHANGED)
[2025-12-01 00:30:05]   [emp_id: 5409] ✓ Updated: 18.37 → 18.42 (CHANGED)
[2025-12-01 00:30:05]   [emp_id: 5413] ✓ Updated: 25.64 → 25.72 (CHANGED)
[2025-12-01 00:30:05]   [emp_id: 5414] ✓ Updated: 25.31 → 25.39 (CHANGED)
[2025-12-01 00:30:05]   [emp_id: 5415] ✓ Updated: 16.14 → 16.22 (CHANGED)
[2025-12-01 00:30:05]   [emp_id: 5418] ✓ Updated: 16.45 → 16.5 (CHANGED)
[2025-12-01 00:30:05]   [emp_id: 5422] ✓ Updated: 17.97 → 18.05 (CHANGED)
[2025-12-01 00:30:05]   [emp_id: 5423] ✓ Updated: 14.56 → 14.64 (CHANGED)
[2025-12-01 00:30:05]   [emp_id: 5423] ✓ Updated: 14.56 → 14.64 (CHANGED)
[2025-12-01 00:30:05]   [emp_id: 5423] ✓ Updated: 14.56 → 14.64 (CHANGED)
[2025-12-01 00:30:05]   [emp_id: 5424] ✓ Updated: 12.25 → 12.3 (CHANGED)
[2025-12-01 00:30:05]   [emp_id: 5425] ✓ Updated: 12.25 → 12.3 (CHANGED)
[2025-12-01 00:30:05]   [emp_id: 5426] ✓ Updated: 3.73 → 3.81 (CHANGED)
[2025-12-01 00:30:05]   [emp_id: 5426] ✓ Updated: 3.73 → 3.81 (CHANGED)
[2025-12-01 00:30:05]   [emp_id: 5427] ✓ Updated: 12.36 → 12.41 (CHANGED)
[2025-12-01 00:30:05]   [emp_id: 5428] ✓ Updated: 12.25 → 12.3 (CHANGED)
[2025-12-01 00:30:05]   [emp_id: 5430] ✓ Updated: 14.97 → 15.05 (CHANGED)
[2025-12-01 00:30:05]   [emp_id: 5431] ✓ Updated: 11.37 → 11.42 (CHANGED)
[2025-12-01 00:30:05]   [emp_id: 5434] ✓ Updated: 11.14 → 11.19 (CHANGED)
[2025-12-01 00:30:05]   [emp_id: 5435] ✓ Updated: 11.08 → 11.13 (CHANGED)
[2025-12-01 00:30:05]   [emp_id: 5436] ✓ Updated: 11.08 → 11.13 (CHANGED)
[2025-12-01 00:30:05]   [emp_id: 5438] ✓ Updated: 12.89 → 12.97 (CHANGED)
[2025-12-01 00:30:05]   [emp_id: 5439] ✓ Updated: 22.39 → 22.47 (CHANGED)
[2025-12-01 00:30:05]   [emp_id: 5442] ✓ Updated: 11.39 → 11.47 (CHANGED)
[2025-12-01 00:30:05]   [emp_id: 5443] ✓ Updated: 6.76 → 6.81 (CHANGED)
[2025-12-01 00:30:05]   [emp_id: 5445] ✓ Updated: 5.54 → 5.59 (CHANGED)
[2025-12-01 00:30:05]   [emp_id: 5446] ✓ Updated: 5.54 → 5.59 (CHANGED)
[2025-12-01 00:30:05]   [emp_id: 5447] ✓ Updated: 5.48 → 5.53 (CHANGED)
[2025-12-01 00:30:05]   [emp_id: 5448] ✓ Updated: 2.92 → 3 (CHANGED)
[2025-12-01 00:30:05]   [emp_id: 5449] ✓ Updated: 3.56 → 3.61 (CHANGED)
[2025-12-01 00:30:05]   [emp_id: 5450] ✓ Updated: 3.5 → 3.55 (CHANGED)
[2025-12-01 00:30:05]   [emp_id: 5451] ✓ Updated: 3.5 → 3.55 (CHANGED)
[2025-12-01 00:30:05]   [emp_id: 5454] ✓ Updated: 4.47 → 4.55 (CHANGED)
[2025-12-01 00:30:05]   [emp_id: 5455] ✓ Updated: 2.72 → 2.8 (CHANGED)
[2025-12-01 00:30:05]   [emp_id: 5456] ✓ Updated: 3.72 → 3.8 (CHANGED)
[2025-12-01 00:30:05] 
[2025-12-01 00:30:05] ========== SUMMARY ==========
[2025-12-01 00:30:05] Total employees processed: 445
[2025-12-01 00:30:05] Records updated: 445
[2025-12-01 00:30:05] Balances changed: 445
[2025-12-01 00:30:05] Errors: 0
[2025-12-01 00:30:05] ========== CRON: Vacation Balance Update Completed ==========
[2025-12-01 00:30:05] 
