[2025-12-06 00:30:01] ========== CRON: Vacation Balance Update Started ==========
[2025-12-06 00:30:01] Database connection established
[2025-12-06 00:30:01] Found 445 active employees with balance records to update
[2025-12-06 00:30:01] (Only employees with status=1 will be processed)
[2025-12-06 00:30:01]   [emp_id: 1061] ✓ Updated: 31.04 → 31.12 (CHANGED)
[2025-12-06 00:30:01]   [emp_id: 1496] ✓ Updated: 14.21 → 14.29 (CHANGED)
[2025-12-06 00:30:01]   [emp_id: 1500] ✓ Updated: 23.46 → 23.54 (CHANGED)
[2025-12-06 00:30:02]   [emp_id: 1574] ✓ Updated: 31.12 → 31.2 (CHANGED)
[2025-12-06 00:30:02]   [emp_id: 1673] ✓ Updated: 42.62 → 42.7 (CHANGED)
[2025-12-06 00:30:02]   [emp_id: 1685] ✓ Updated: 12.54 → 12.62 (CHANGED)
[2025-12-06 00:30:02]   [emp_id: 1764] ✓ Updated: 67.21 → 67.29 (CHANGED)
[2025-12-06 00:30:02]   [emp_id: 1805] ✓ Updated: 61.54 → 61.62 (CHANGED)
[2025-12-06 00:30:02]   [emp_id: 1822] ✓ Updated: 66.29 → 66.37 (CHANGED)
[2025-12-06 00:30:02]   [emp_id: 1837] ✓ Updated: 22.46 → 22.54 (CHANGED)
[2025-12-06 00:30:02]   [emp_id: 1857] ✓ Updated: 17.79 → 17.87 (CHANGED)
[2025-12-06 00:30:02]   [emp_id: 1861] ✓ Updated: 68.62 → 68.7 (CHANGED)
[2025-12-06 00:30:02]   [emp_id: 1872] ✓ Updated: 7.46 → 7.54 (CHANGED)
[2025-12-06 00:30:02]   [emp_id: 1897] ✓ Updated: 29.79 → 29.87 (CHANGED)
[2025-12-06 00:30:02]   [emp_id: 1916] ✓ Updated: 72.12 → 72.2 (CHANGED)
[2025-12-06 00:30:02]   [emp_id: 1928] ✓ Updated: 62.04 → 62.12 (CHANGED)
[2025-12-06 00:30:02]   [emp_id: 1931] ✓ Updated: 81.96 → 82.04 (CHANGED)
[2025-12-06 00:30:02]   [emp_id: 1944] ✓ Updated: 40.12 → 40.2 (CHANGED)
[2025-12-06 00:30:02]   [emp_id: 1996] ✓ Updated: 68.62 → 68.7 (CHANGED)
[2025-12-06 00:30:02]   [emp_id: 1997] ✓ Updated: 33.79 → 33.87 (CHANGED)
[2025-12-06 00:30:02]   [emp_id: 1998] ✓ Updated: 85.12 → 85.2 (CHANGED)
[2025-12-06 00:30:02]   [emp_id: 1999] ✓ Updated: 86.12 → 86.2 (CHANGED)
[2025-12-06 00:30:02]   [emp_id: 2009] ✓ Updated: 32.54 → 32.62 (CHANGED)
[2025-12-06 00:30:02]   [emp_id: 2048] ✓ Updated: 22.37 → 22.45 (CHANGED)
[2025-12-06 00:30:02]   [emp_id: 2057] ✓ Updated: 63.21 → 63.29 (CHANGED)
[2025-12-06 00:30:02]   [emp_id: 2079] ✓ Updated: 45.54 → 45.62 (CHANGED)
[2025-12-06 00:30:02]   [emp_id: 2181] ✓ Updated: 34.54 → 34.62 (CHANGED)
[2025-12-06 00:30:02]   [emp_id: 2190] ✓ Updated: 3.87 → 3.95 (CHANGED)
[2025-12-06 00:30:02]   [emp_id: 2212] ✓ Updated: 21.87 → 21.95 (CHANGED)
[2025-12-06 00:30:02]   [emp_id: 2226] ✓ Updated: 66.62 → 66.7 (CHANGED)
[2025-12-06 00:30:02]   [emp_id: 2238] ✓ Updated: 64.87 → 64.95 (CHANGED)
[2025-12-06 00:30:02]   [emp_id: 2285] ✓ Updated: 33.54 → 33.62 (CHANGED)
[2025-12-06 00:30:02]   [emp_id: 2287] ✓ Updated: 45.21 → 45.29 (CHANGED)
[2025-12-06 00:30:02]   [emp_id: 2288] ✓ Updated: 60.12 → 60.2 (CHANGED)
[2025-12-06 00:30:02]   [emp_id: 2290] ✓ Updated: 77.04 → 77.12 (CHANGED)
[2025-12-06 00:30:02]   [emp_id: 2316] ✓ Updated: 14.04 → 14.12 (CHANGED)
[2025-12-06 00:30:02]   [emp_id: 2337] ✓ Updated: 35.12 → 35.2 (CHANGED)
[2025-12-06 00:30:02]   [emp_id: 2352] ✓ Updated: 66.62 → 66.7 (CHANGED)
[2025-12-06 00:30:02]   [emp_id: 2358] ✓ Updated: 3.12 → 3.2 (CHANGED)
[2025-12-06 00:30:02]   [emp_id: 2361] ✓ Updated: 68.79 → 68.87 (CHANGED)
[2025-12-06 00:30:02]   [emp_id: 2363] ✓ Updated: 71.37 → 71.45 (CHANGED)
[2025-12-06 00:30:02]   [emp_id: 2364] ✓ Updated: 70.79 → 70.87 (CHANGED)
[2025-12-06 00:30:02]   [emp_id: 2367] ✓ Updated: 98.46 → 98.54 (CHANGED)
[2025-12-06 00:30:02]   [emp_id: 2368] ✓ Updated: 28.87 → 28.95 (CHANGED)
[2025-12-06 00:30:02]   [emp_id: 2372] ✓ Updated: 66.12 → 66.2 (CHANGED)
[2025-12-06 00:30:02]   [emp_id: 2376] ✓ Updated: 116.12 → 116.2 (CHANGED)
[2025-12-06 00:30:02]   [emp_id: 2423] ✓ Updated: 16.87 → 16.95 (CHANGED)
[2025-12-06 00:30:02]   [emp_id: 2519] ✓ Updated: 170.54 → 170.62 (CHANGED)
[2025-12-06 00:30:02]   [emp_id: 2522] ✓ Updated: 54.12 → 54.2 (CHANGED)
[2025-12-06 00:30:02]   [emp_id: 2530] ✓ Updated: 49.37 → 49.45 (CHANGED)
[2025-12-06 00:30:02]   [emp_id: 2539] ✓ Updated: 46.12 → 46.2 (CHANGED)
[2025-12-06 00:30:02]   [emp_id: 2541] ✓ Updated: 26.71 → 26.79 (CHANGED)
[2025-12-06 00:30:02]   [emp_id: 2550] ✓ Updated: 92.87 → 92.95 (CHANGED)
[2025-12-06 00:30:02]   [emp_id: 2553] ✓ Updated: 59.87 → 59.95 (CHANGED)
[2025-12-06 00:30:02]   [emp_id: 2554] ✓ Updated: 36.46 → 36.54 (CHANGED)
[2025-12-06 00:30:02]   [emp_id: 2565] ✓ Updated: 91.04 → 91.12 (CHANGED)
[2025-12-06 00:30:02]   [emp_id: 2572] ✓ Updated: 41.04 → 41.12 (CHANGED)
[2025-12-06 00:30:02]   [emp_id: 2637] ✓ Updated: 61.62 → 61.7 (CHANGED)
[2025-12-06 00:30:02]   [emp_id: 2642] ✓ Updated: 74.37 → 74.45 (CHANGED)
[2025-12-06 00:30:02]   [emp_id: 2645] ✓ Updated: 90.37 → 90.45 (CHANGED)
[2025-12-06 00:30:02]   [emp_id: 2648] ✓ Updated: 42.04 → 42.12 (CHANGED)
[2025-12-06 00:30:02]   [emp_id: 2654] ✓ Updated: 84.71 → 84.79 (CHANGED)
[2025-12-06 00:30:02]   [emp_id: 2688] ✓ Updated: 22.79 → 22.87 (CHANGED)
[2025-12-06 00:30:02]   [emp_id: 2690] ✓ Updated: 11.54 → 11.62 (CHANGED)
[2025-12-06 00:30:02]   [emp_id: 2709] ✓ Updated: 33.79 → 33.87 (CHANGED)
[2025-12-06 00:30:02]   [emp_id: 2745] ✓ Updated: 30.37 → 30.45 (CHANGED)
[2025-12-06 00:30:02]   [emp_id: 2843] ✓ Updated: 76.96 → 77.04 (CHANGED)
[2025-12-06 00:30:02]   [emp_id: 2854] ✓ Updated: 56.87 → 56.95 (CHANGED)
[2025-12-06 00:30:02]   [emp_id: 2869] ✓ Updated: 61.79 → 61.87 (CHANGED)
[2025-12-06 00:30:02]   [emp_id: 2876] ✓ Updated: 31.62 → 31.7 (CHANGED)
[2025-12-06 00:30:02]   [emp_id: 2924] ✓ Updated: 12.79 → 12.87 (CHANGED)
[2025-12-06 00:30:02]   [emp_id: 2953] ✓ Updated: 98.54 → 98.62 (CHANGED)
[2025-12-06 00:30:02]   [emp_id: 2961] ✓ Updated: 8.54 → 8.62 (CHANGED)
[2025-12-06 00:30:02]   [emp_id: 2975] ✓ Updated: 10.54 → 10.62 (CHANGED)
[2025-12-06 00:30:02]   [emp_id: 3013] ✓ Updated: 7.54 → 7.62 (CHANGED)
[2025-12-06 00:30:02]   [emp_id: 3014] ✓ Updated: 86.79 → 86.87 (CHANGED)
[2025-12-06 00:30:02]   [emp_id: 3015] ✓ Updated: 38.04 → 38.12 (CHANGED)
[2025-12-06 00:30:02]   [emp_id: 3018] ✓ Updated: 56.79 → 56.87 (CHANGED)
[2025-12-06 00:30:02]   [emp_id: 3025] ✓ Updated: 80.46 → 80.54 (CHANGED)
[2025-12-06 00:30:02]   [emp_id: 3037] ✓ Updated: 80.29 → 80.37 (CHANGED)
[2025-12-06 00:30:02]   [emp_id: 3047] ✓ Updated: 68.54 → 68.62 (CHANGED)
[2025-12-06 00:30:02]   [emp_id: 3061] ✓ Updated: 15.46 → 15.54 (CHANGED)
[2025-12-06 00:30:02]   [emp_id: 3062] ✓ Updated: 48.62 → 48.7 (CHANGED)
[2025-12-06 00:30:02]   [emp_id: 3074] ✓ Updated: 105.04 → 105.12 (CHANGED)
[2025-12-06 00:30:02]   [emp_id: 3089] ✓ Updated: 3.96 → 4.04 (CHANGED)
[2025-12-06 00:30:02]   [emp_id: 3090] ✓ Updated: 30.54 → 30.62 (CHANGED)
[2025-12-06 00:30:02]   [emp_id: 3091] ✓ Updated: 42.54 → 42.62 (CHANGED)
[2025-12-06 00:30:02]   [emp_id: 3092] ✓ Updated: 25.21 → 25.29 (CHANGED)
[2025-12-06 00:30:02]   [emp_id: 3105] ✓ Updated: 45.54 → 45.62 (CHANGED)
[2025-12-06 00:30:02]   [emp_id: 3134] ✓ Updated: 41.29 → 41.37 (CHANGED)
[2025-12-06 00:30:02]   [emp_id: 3140] ✓ Updated: 38.37 → 38.45 (CHANGED)
[2025-12-06 00:30:02]   [emp_id: 3144] ✓ Updated: 11.21 → 11.29 (CHANGED)
[2025-12-06 00:30:02]   [emp_id: 3156] ✓ Updated: 14.54 → 14.62 (CHANGED)
[2025-12-06 00:30:02]   [emp_id: 3162] ✓ Updated: 29.54 → 29.62 (CHANGED)
[2025-12-06 00:30:02]   [emp_id: 3163] ✓ Updated: 2.79 → 2.87 (CHANGED)
[2025-12-06 00:30:02]   [emp_id: 3198] ✓ Updated: 37.79 → 37.87 (CHANGED)
[2025-12-06 00:30:02]   [emp_id: 3205] ✓ Updated: 14.46 → 14.54 (CHANGED)
[2025-12-06 00:30:02]   [emp_id: 3209] ✓ Updated: 38.62 → 38.7 (CHANGED)
[2025-12-06 00:30:02]   [emp_id: 3223] ✓ Updated: 87.54 → 87.62 (CHANGED)
[2025-12-06 00:30:02]   [emp_id: 3224] ✓ Updated: 62.29 → 62.37 (CHANGED)
[2025-12-06 00:30:02]   [emp_id: 3230] ✓ Updated: 85.71 → 85.79 (CHANGED)
[2025-12-06 00:30:02]   [emp_id: 3231] ✓ Updated: 86.96 → 87.04 (CHANGED)
[2025-12-06 00:30:02]   [emp_id: 3233] ✓ Updated: 78.54 → 78.62 (CHANGED)
[2025-12-06 00:30:02]   [emp_id: 3249] ✓ Updated: 34.37 → 34.45 (CHANGED)
[2025-12-06 00:30:02]   [emp_id: 3250] ✓ Updated: 7.37 → 7.45 (CHANGED)
[2025-12-06 00:30:02]   [emp_id: 3252] ✓ Updated: 8.29 → 8.37 (CHANGED)
[2025-12-06 00:30:02]   [emp_id: 3254] ✓ Updated: 18.79 → 18.87 (CHANGED)
[2025-12-06 00:30:02]   [emp_id: 3255] ✓ Updated: 15.21 → 15.29 (CHANGED)
[2025-12-06 00:30:02]   [emp_id: 3256] ✓ Updated: 11.46 → 11.54 (CHANGED)
[2025-12-06 00:30:02]   [emp_id: 3263] ✓ Updated: 27.54 → 27.62 (CHANGED)
[2025-12-06 00:30:02]   [emp_id: 3265] ✓ Updated: 23.12 → 23.2 (CHANGED)
[2025-12-06 00:30:02]   [emp_id: 3280] ✓ Updated: 70.04 → 70.12 (CHANGED)
[2025-12-06 00:30:02]   [emp_id: 3286] ✓ Updated: 13.21 → 13.29 (CHANGED)
[2025-12-06 00:30:02]   [emp_id: 3294] ✓ Updated: 12.87 → 12.95 (CHANGED)
[2025-12-06 00:30:02]   [emp_id: 3321] ✓ Updated: 70.04 → 70.12 (CHANGED)
[2025-12-06 00:30:02]   [emp_id: 3325] ✓ Updated: 57.79 → 57.87 (CHANGED)
[2025-12-06 00:30:02]   [emp_id: 3329] ✓ Updated: 60.12 → 60.2 (CHANGED)
[2025-12-06 00:30:02]   [emp_id: 3330] ✓ Updated: 60.12 → 60.2 (CHANGED)
[2025-12-06 00:30:02]   [emp_id: 3332] ✓ Updated: 60.12 → 60.2 (CHANGED)
[2025-12-06 00:30:02]   [emp_id: 3370] ✓ Updated: 51.79 → 51.87 (CHANGED)
[2025-12-06 00:30:02]   [emp_id: 3384] ✓ Updated: 12.29 → 12.37 (CHANGED)
[2025-12-06 00:30:02]   [emp_id: 3386] ✓ Updated: 42.29 → 42.37 (CHANGED)
[2025-12-06 00:30:02]   [emp_id: 3431] ✓ Updated: 17.71 → 17.79 (CHANGED)
[2025-12-06 00:30:02]   [emp_id: 3497] ✓ Updated: 6.87 → 6.95 (CHANGED)
[2025-12-06 00:30:02]   [emp_id: 3532] ✓ Updated: 43.71 → 43.79 (CHANGED)
[2025-12-06 00:30:02]   [emp_id: 3586] ✓ Updated: 7.79 → 7.87 (CHANGED)
[2025-12-06 00:30:02]   [emp_id: 3602] ✓ Updated: 50.79 → 50.87 (CHANGED)
[2025-12-06 00:30:02]   [emp_id: 3618] ✓ Updated: 55.29 → 55.37 (CHANGED)
[2025-12-06 00:30:02]   [emp_id: 3622] ✓ Updated: 33.05 → 33.1 (CHANGED)
[2025-12-06 00:30:02]   [emp_id: 3627] ✓ Updated: 7.21 → 7.29 (CHANGED)
[2025-12-06 00:30:02]   [emp_id: 3665] ✓ Updated: 48.79 → 48.87 (CHANGED)
[2025-12-06 00:30:02]   [emp_id: 3705] ✓ Updated: 26.38 → 26.43 (CHANGED)
[2025-12-06 00:30:02]   [emp_id: 3724] ✓ Updated: 41.79 → 41.87 (CHANGED)
[2025-12-06 00:30:02]   [emp_id: 3726] ✓ Updated: 58.21 → 58.29 (CHANGED)
[2025-12-06 00:30:02]   [emp_id: 3727] ✓ Updated: 63.29 → 63.37 (CHANGED)
[2025-12-06 00:30:02]   [emp_id: 3728] ✓ Updated: 7.62 → 7.7 (CHANGED)
[2025-12-06 00:30:02]   [emp_id: 3742] ✓ Updated: 30.79 → 30.87 (CHANGED)
[2025-12-06 00:30:02]   [emp_id: 3767] ✓ Updated: 58.37 → 58.45 (CHANGED)
[2025-12-06 00:30:02]   [emp_id: 3768] ✓ Updated: 54.62 → 54.7 (CHANGED)
[2025-12-06 00:30:02]   [emp_id: 3787] ✓ Updated: 55.21 → 55.29 (CHANGED)
[2025-12-06 00:30:02]   [emp_id: 3790] ✓ Updated: 59.37 → 59.45 (CHANGED)
[2025-12-06 00:30:02]   [emp_id: 3795] ✓ Updated: 12.71 → 12.79 (CHANGED)
[2025-12-06 00:30:02]   [emp_id: 3798] ✓ Updated: 91.12 → 91.2 (CHANGED)
[2025-12-06 00:30:02]   [emp_id: 3801] ✓ Updated: 29.29 → 29.37 (CHANGED)
[2025-12-06 00:30:02]   [emp_id: 3802] ✓ Updated: 28.37 → 28.45 (CHANGED)
[2025-12-06 00:30:02]   [emp_id: 3803] ✓ Updated: 112.79 → 112.87 (CHANGED)
[2025-12-06 00:30:02]   [emp_id: 3810] ✓ Updated: 58.79 → 58.87 (CHANGED)
[2025-12-06 00:30:02]   [emp_id: 3812] ✓ Updated: 87.79 → 87.87 (CHANGED)
[2025-12-06 00:30:02]   [emp_id: 3815] ✓ Updated: 87.79 → 87.87 (CHANGED)
[2025-12-06 00:30:02]   [emp_id: 3836] ✓ Updated: 55.46 → 55.54 (CHANGED)
[2025-12-06 00:30:02]   [emp_id: 3855] ✓ Updated: 48.62 → 48.7 (CHANGED)
[2025-12-06 00:30:02]   [emp_id: 3857] ✓ Updated: 52.29 → 52.37 (CHANGED)
[2025-12-06 00:30:02]   [emp_id: 3862] ✓ Updated: 100.37 → 100.45 (CHANGED)
[2025-12-06 00:30:03]   [emp_id: 3866] ✓ Updated: 25.62 → 25.7 (CHANGED)
[2025-12-06 00:30:03]   [emp_id: 3876] ✓ Updated: 45.79 → 45.87 (CHANGED)
[2025-12-06 00:30:03]   [emp_id: 3877] ✓ Updated: 47.29 → 47.37 (CHANGED)
[2025-12-06 00:30:03]   [emp_id: 3897] ✓ Updated: 35.54 → 35.62 (CHANGED)
[2025-12-06 00:30:03]   [emp_id: 3899] ✓ Updated: 50.71 → 50.79 (CHANGED)
[2025-12-06 00:30:03]   [emp_id: 3928] ✓ Updated: 11.62 → 11.7 (CHANGED)
[2025-12-06 00:30:03]   [emp_id: 3929] ✓ Updated: 6.62 → 6.7 (CHANGED)
[2025-12-06 00:30:03]   [emp_id: 3935] ✓ Updated: 91.62 → 91.7 (CHANGED)
[2025-12-06 00:30:03]   [emp_id: 3952] ✓ Updated: 73.96 → 74.04 (CHANGED)
[2025-12-06 00:30:03]   [emp_id: 3987] ✓ Updated: 11.87 → 11.95 (CHANGED)
[2025-12-06 00:30:03]   [emp_id: 4059] ✓ Updated: 1.07 → 1.15 (CHANGED)
[2025-12-06 00:30:03]   [emp_id: 4119] ✓ Updated: 54.54 → 54.62 (CHANGED)
[2025-12-06 00:30:03]   [emp_id: 4120] ✓ Updated: 24.12 → 24.2 (CHANGED)
[2025-12-06 00:30:03]   [emp_id: 4124] ✓ Updated: 54.54 → 54.62 (CHANGED)
[2025-12-06 00:30:03]   [emp_id: 4133] ✓ Updated: 103.12 → 103.2 (CHANGED)
[2025-12-06 00:30:03]   [emp_id: 4134] ✓ Updated: 24.12 → 24.2 (CHANGED)
[2025-12-06 00:30:03]   [emp_id: 4136] ✓ Updated: 24.12 → 24.2 (CHANGED)
[2025-12-06 00:30:03]   [emp_id: 4150] ✓ Updated: 22.79 → 22.87 (CHANGED)
[2025-12-06 00:30:03]   [emp_id: 4157] ✓ Updated: 16.29 → 16.37 (CHANGED)
[2025-12-06 00:30:03]   [emp_id: 4172] ✓ Updated: 10.96 → 11.01 (CHANGED)
[2025-12-06 00:30:03]   [emp_id: 4195] ✓ Updated: 59.87 → 59.95 (CHANGED)
[2025-12-06 00:30:03]   [emp_id: 4215] ✓ Updated: 42.54 → 42.62 (CHANGED)
[2025-12-06 00:30:03]   [emp_id: 4220] ✓ Updated: 38.12 → 38.2 (CHANGED)
[2025-12-06 00:30:03]   [emp_id: 4273] ✓ Updated: 6.79 → 6.87 (CHANGED)
[2025-12-06 00:30:03]   [emp_id: 4283] ✓ Updated: 12.05 → 12.1 (CHANGED)
[2025-12-06 00:30:03]   [emp_id: 4288] ✓ Updated: 41.62 → 41.7 (CHANGED)
[2025-12-06 00:30:03]   [emp_id: 4315] ✓ Updated: 13.04 → 13.12 (CHANGED)
[2025-12-06 00:30:03]   [emp_id: 4328] ✓ Updated: 40.88 → 40.93 (CHANGED)
[2025-12-06 00:30:03]   [emp_id: 4329] ✓ Updated: 3.21 → 3.29 (CHANGED)
[2025-12-06 00:30:03]   [emp_id: 4338] ✓ Updated: 44.79 → 44.87 (CHANGED)
[2025-12-06 00:30:03]   [emp_id: 4340] ✓ Updated: 123.79 → 123.87 (CHANGED)
[2025-12-06 00:30:03]   [emp_id: 4365] ✓ Updated: 58.21 → 58.29 (CHANGED)
[2025-12-06 00:30:03]   [emp_id: 4366] ✓ Updated: 57.29 → 57.37 (CHANGED)
[2025-12-06 00:30:03]   [emp_id: 4385] ✓ Updated: 47.96 → 48.04 (CHANGED)
[2025-12-06 00:30:03]   [emp_id: 4403] ✓ Updated: 83.12 → 83.2 (CHANGED)
[2025-12-06 00:30:03]   [emp_id: 4438] ✓ Updated: 18.79 → 18.87 (CHANGED)
[2025-12-06 00:30:03]   [emp_id: 4465] ✓ Updated: 11.21 → 11.26 (CHANGED)
[2025-12-06 00:30:03]   [emp_id: 4473] ✓ Updated: 42.37 → 42.45 (CHANGED)
[2025-12-06 00:30:03]   [emp_id: 4474] ✓ Updated: 57.96 → 58.01 (CHANGED)
[2025-12-06 00:30:03]   [emp_id: 4493] ✓ Updated: 161.21 → 161.29 (CHANGED)
[2025-12-06 00:30:03]   [emp_id: 4526] ✓ Updated: 33.46 → 33.54 (CHANGED)
[2025-12-06 00:30:03]   [emp_id: 4528] ✓ Updated: 105.21 → 105.29 (CHANGED)
[2025-12-06 00:30:03]   [emp_id: 4528] ✓ Updated: 105.21 → 105.29 (CHANGED)
[2025-12-06 00:30:03]   [emp_id: 4532] ✓ Updated: 68.71 → 68.76 (CHANGED)
[2025-12-06 00:30:03]   [emp_id: 4533] ✓ Updated: 33.62 → 33.7 (CHANGED)
[2025-12-06 00:30:03]   [emp_id: 4564] ✓ Updated: 23.96 → 24.01 (CHANGED)
[2025-12-06 00:30:03]   [emp_id: 4565] ✓ Updated: 13.71 → 13.76 (CHANGED)
[2025-12-06 00:30:03]   [emp_id: 4567] ✓ Updated: 17.96 → 18.01 (CHANGED)
[2025-12-06 00:30:03]   [emp_id: 4572] ✓ Updated: 57.46 → 57.51 (CHANGED)
[2025-12-06 00:30:03]   [emp_id: 4631] ✓ Updated: 13.71 → 13.76 (CHANGED)
[2025-12-06 00:30:03]   [emp_id: 4655] ✓ Updated: 22.54 → 22.62 (CHANGED)
[2025-12-06 00:30:03]   [emp_id: 4689] ✓ Updated: 20.21 → 20.29 (CHANGED)
[2025-12-06 00:30:03]   [emp_id: 4709] ✓ Updated: 37.79 → 37.87 (CHANGED)
[2025-12-06 00:30:03]   [emp_id: 4717] ✓ Updated: 63.79 → 63.87 (CHANGED)
[2025-12-06 00:30:03]   [emp_id: 4736] ✓ Updated: 25.62 → 25.7 (CHANGED)
[2025-12-06 00:30:03]   [emp_id: 4756] ✓ Updated: 59.6 → 59.65 (CHANGED)
[2025-12-06 00:30:03]   [emp_id: 4768] ✓ Updated: 10.29 → 10.37 (CHANGED)
[2025-12-06 00:30:03]   [emp_id: 4780] ✓ Updated: 63.88 → 63.93 (CHANGED)
[2025-12-06 00:30:03]   [emp_id: 4820] ✓ Updated: 96.62 → 96.7 (CHANGED)
[2025-12-06 00:30:03]   [emp_id: 4825] ✓ Updated: 28.37 → 28.45 (CHANGED)
[2025-12-06 00:30:03]   [emp_id: 4835] ✓ Updated: 46.63 → 46.68 (CHANGED)
[2025-12-06 00:30:03]   [emp_id: 4837] ✓ Updated: 43.87 → 43.92 (CHANGED)
[2025-12-06 00:30:03]   [emp_id: 4838] ✓ Updated: 42.89 → 42.94 (CHANGED)
[2025-12-06 00:30:03]   [emp_id: 4840] ✓ Updated: 43.87 → 43.92 (CHANGED)
[2025-12-06 00:30:03]   [emp_id: 4842] ✓ Updated: 43.11 → 43.16 (CHANGED)
[2025-12-06 00:30:03]   [emp_id: 4843] ✓ Updated: 43.64 → 43.69 (CHANGED)
[2025-12-06 00:30:03]   [emp_id: 4853] ✓ Updated: 87.46 → 87.51 (CHANGED)
[2025-12-06 00:30:03]   [emp_id: 4856] ✓ Updated: 40.78 → 40.83 (CHANGED)
[2025-12-06 00:30:03]   [emp_id: 4857] ✓ Updated: 23.6 → 23.65 (CHANGED)
[2025-12-06 00:30:03]   [emp_id: 4858] ✓ Updated: 20.48 → 20.53 (CHANGED)
[2025-12-06 00:30:03]   [emp_id: 4859] ✓ Updated: 41.95 → 42 (CHANGED)
[2025-12-06 00:30:03]   [emp_id: 4860] ✓ Updated: 6.45 → 6.5 (CHANGED)
[2025-12-06 00:30:03]   [emp_id: 4861] ✓ Updated: 39.91 → 39.96 (CHANGED)
[2025-12-06 00:30:03]   [emp_id: 4869] ✓ Updated: 82.79 → 82.84 (CHANGED)
[2025-12-06 00:30:03]   [emp_id: 4894] ✓ Updated: 5.29 → 5.37 (CHANGED)
[2025-12-06 00:30:03]   [emp_id: 4897] ✓ Updated: 21.69 → 21.74 (CHANGED)
[2025-12-06 00:30:03]   [emp_id: 4899] ✓ Updated: 17.86 → 17.91 (CHANGED)
[2025-12-06 00:30:03]   [emp_id: 4902] ✓ Updated: 17.28 → 17.33 (CHANGED)
[2025-12-06 00:30:03]   [emp_id: 4903] ✓ Updated: 19.5 → 19.55 (CHANGED)
[2025-12-06 00:30:03]   [emp_id: 4905] ✓ Updated: 18.16 → 18.21 (CHANGED)
[2025-12-06 00:30:03]   [emp_id: 4907] ✓ Updated: 45.37 → 45.45 (CHANGED)
[2025-12-06 00:30:03]   [emp_id: 4917] ✓ Updated: 15.12 → 15.17 (CHANGED)
[2025-12-06 00:30:03]   [emp_id: 4918] ✓ Updated: 4.89 → 4.94 (CHANGED)
[2025-12-06 00:30:03]   [emp_id: 4919] ✓ Updated: 57.18 → 57.23 (CHANGED)
[2025-12-06 00:30:03]   [emp_id: 4920] ✓ Updated: 57.01 → 57.06 (CHANGED)
[2025-12-06 00:30:03]   [emp_id: 4921] ✓ Updated: 16.35 → 16.4 (CHANGED)
[2025-12-06 00:30:03]   [emp_id: 4927] ✓ Updated: 15.18 → 15.23 (CHANGED)
[2025-12-06 00:30:03]   [emp_id: 4929] ✓ Updated: 16.7 → 16.75 (CHANGED)
[2025-12-06 00:30:03]   [emp_id: 4930] ✓ Updated: 57.47 → 57.52 (CHANGED)
[2025-12-06 00:30:03]   [emp_id: 4932] ✓ Updated: 15.47 → 15.52 (CHANGED)
[2025-12-06 00:30:03]   [emp_id: 4933] ✓ Updated: 18.88 → 18.93 (CHANGED)
[2025-12-06 00:30:03]   [emp_id: 4949] ✓ Updated: 34.31 → 34.36 (CHANGED)
[2025-12-06 00:30:03]   [emp_id: 4956] ✓ Updated: 27.9 → 27.95 (CHANGED)
[2025-12-06 00:30:03]   [emp_id: 4957] ✓ Updated: 28.57 → 28.62 (CHANGED)
[2025-12-06 00:30:03]   [emp_id: 4962] ✓ Updated: 51.62 → 51.7 (CHANGED)
[2025-12-06 00:30:03]   [emp_id: 4969] ✓ Updated: 44.04 → 44.12 (CHANGED)
[2025-12-06 00:30:03]   [emp_id: 4976] ✓ Updated: 8.59 → 8.64 (CHANGED)
[2025-12-06 00:30:03]   [emp_id: 4984] ✓ Updated: 35.29 → 35.37 (CHANGED)
[2025-12-06 00:30:03]   [emp_id: 4995] ✓ Updated: 47.36 → 47.44 (CHANGED)
[2025-12-06 00:30:03]   [emp_id: 5004] ✓ Updated: 44.27 → 44.32 (CHANGED)
[2025-12-06 00:30:03]   [emp_id: 5006] ✓ Updated: 25.27 → 25.32 (CHANGED)
[2025-12-06 00:30:03]   [emp_id: 5011] ✓ Updated: 10.96 → 11.04 (CHANGED)
[2025-12-06 00:30:03]   [emp_id: 5013] ✓ Updated: 65.64 → 65.69 (CHANGED)
[2025-12-06 00:30:03]   [emp_id: 5018] ✓ Updated: 19.88 → 19.93 (CHANGED)
[2025-12-06 00:30:03]   [emp_id: 5021] ✓ Updated: 62.47 → 62.55 (CHANGED)
[2025-12-06 00:30:03]   [emp_id: 5021] ✓ Updated: 62.47 → 62.55 (CHANGED)
[2025-12-06 00:30:03]   [emp_id: 5024] ✓ Updated: 0.15 → 0.2 (CHANGED)
[2025-12-06 00:30:03]   [emp_id: 5029] ✓ Updated: 22.13 → 22.18 (CHANGED)
[2025-12-06 00:30:03]   [emp_id: 5030] ✓ Updated: 37.13 → 37.18 (CHANGED)
[2025-12-06 00:30:03]   [emp_id: 5033] ✓ Updated: 20.9 → 20.95 (CHANGED)
[2025-12-06 00:30:03]   [emp_id: 5043] ✓ Updated: 27.96 → 28.04 (CHANGED)
[2025-12-06 00:30:03]   [emp_id: 5045] ✓ Updated: 24.46 → 24.54 (CHANGED)
[2025-12-06 00:30:03]   [emp_id: 5046] ✓ Updated: 19.65 → 19.73 (CHANGED)
[2025-12-06 00:30:03]   [emp_id: 5049] ✓ Updated: 37.58 → 37.63 (CHANGED)
[2025-12-06 00:30:03]   [emp_id: 5052] ✓ Updated: 28.86 → 28.91 (CHANGED)
[2025-12-06 00:30:03]   [emp_id: 5055] ✓ Updated: 36.05 → 36.1 (CHANGED)
[2025-12-06 00:30:03]   [emp_id: 5058] ✓ Updated: 26.28 → 26.33 (CHANGED)
[2025-12-06 00:30:03]   [emp_id: 5062] ✓ Updated: 38.11 → 38.16 (CHANGED)
[2025-12-06 00:30:03]   [emp_id: 5064] ✓ Updated: 115.29 → 115.37 (CHANGED)
[2025-12-06 00:30:03]   [emp_id: 5065] ✓ Updated: 37.52 → 37.57 (CHANGED)
[2025-12-06 00:30:03]   [emp_id: 5071] ✓ Updated: 20.79 → 20.87 (CHANGED)
[2025-12-06 00:30:03]   [emp_id: 5073] ✓ Updated: 12.12 → 12.17 (CHANGED)
[2025-12-06 00:30:03]   [emp_id: 5079] ✓ Updated: 32.68 → 32.73 (CHANGED)
[2025-12-06 00:30:03]   [emp_id: 5080] ✓ Updated: 30.01 → 30.06 (CHANGED)
[2025-12-06 00:30:03]   [emp_id: 5081] ✓ Updated: 35.01 → 35.06 (CHANGED)
[2025-12-06 00:30:03]   [emp_id: 5087] ✓ Updated: 34.31 → 34.36 (CHANGED)
[2025-12-06 00:30:03]   [emp_id: 5091] ✓ Updated: 74.16 → 74.21 (CHANGED)
[2025-12-06 00:30:03]   [emp_id: 5093] ✓ Updated: 11.96 → 12.04 (CHANGED)
[2025-12-06 00:30:03]   [emp_id: 5095] ✓ Updated: 31.63 → 31.68 (CHANGED)
[2025-12-06 00:30:03]   [emp_id: 5101] ✓ Updated: 14.04 → 14.12 (CHANGED)
[2025-12-06 00:30:03]   [emp_id: 5107] ✓ Updated: 12.37 → 12.45 (CHANGED)
[2025-12-06 00:30:03]   [emp_id: 5109] ✓ Updated: 9.62 → 9.7 (CHANGED)
[2025-12-06 00:30:03]   [emp_id: 5119] ✓ Updated: 7.79 → 7.87 (CHANGED)
[2025-12-06 00:30:03]   [emp_id: 5122] ✓ Updated: 4.96 → 5.04 (CHANGED)
[2025-12-06 00:30:03]   [emp_id: 5126] ✓ Updated: 25.04 → 25.09 (CHANGED)
[2025-12-06 00:30:03]   [emp_id: 5127] ✓ Updated: 21.83 → 21.88 (CHANGED)
[2025-12-06 00:30:03]   [emp_id: 5128] ✓ Updated: 24.98 → 25.03 (CHANGED)
[2025-12-06 00:30:03]   [emp_id: 5138] ✓ Updated: 63.62 → 63.7 (CHANGED)
[2025-12-06 00:30:03]   [emp_id: 5138] ✓ Updated: 63.62 → 63.7 (CHANGED)
[2025-12-06 00:30:03]   [emp_id: 5141] ✓ Updated: 33.35 → 33.4 (CHANGED)
[2025-12-06 00:30:03]   [emp_id: 5142] ✓ Updated: 12.35 → 12.4 (CHANGED)
[2025-12-06 00:30:03]   [emp_id: 5146] ✓ Updated: 19.35 → 19.4 (CHANGED)
[2025-12-06 00:30:03]   [emp_id: 5147] ✓ Updated: 18.35 → 18.4 (CHANGED)
[2025-12-06 00:30:03]   [emp_id: 5148] ✓ Updated: 23.7 → 23.75 (CHANGED)
[2025-12-06 00:30:03]   [emp_id: 5149] ✓ Updated: 22.59 → 22.64 (CHANGED)
[2025-12-06 00:30:03]   [emp_id: 5150] ✓ Updated: 21.95 → 22 (CHANGED)
[2025-12-06 00:30:03]   [emp_id: 5151] ✓ Updated: 21.77 → 21.82 (CHANGED)
[2025-12-06 00:30:03]   [emp_id: 5152] ✓ Updated: 2.19 → 2.24 (CHANGED)
[2025-12-06 00:30:03]   [emp_id: 5157] ✓ Updated: 21.77 → 21.82 (CHANGED)
[2025-12-06 00:30:03]   [emp_id: 5160] ✓ Updated: 21.77 → 21.82 (CHANGED)
[2025-12-06 00:30:03]   [emp_id: 5163] ✓ Updated: 19.56 → 19.61 (CHANGED)
[2025-12-06 00:30:03]   [emp_id: 5165] ✓ Updated: 27.96 → 28.04 (CHANGED)
[2025-12-06 00:30:03]   [emp_id: 5167] ✓ Updated: 28.71 → 28.76 (CHANGED)
[2025-12-06 00:30:03]   [emp_id: 5168] ✓ Updated: 21.25 → 21.3 (CHANGED)
[2025-12-06 00:30:03]   [emp_id: 5173] ✓ Updated: 22.71 → 22.79 (CHANGED)
[2025-12-06 00:30:03]   [emp_id: 5174] ✓ Updated: 21.71 → 21.76 (CHANGED)
[2025-12-06 00:30:03]   [emp_id: 5181] ✓ Updated: 18.1 → 18.15 (CHANGED)
[2025-12-06 00:30:03]   [emp_id: 5186] ✓ Updated: 23.63 → 23.68 (CHANGED)
[2025-12-06 00:30:03]   [emp_id: 5187] ✓ Updated: 34.63 → 34.68 (CHANGED)
[2025-12-06 00:30:03]   [emp_id: 5204] ✓ Updated: 20.21 → 20.29 (CHANGED)
[2025-12-06 00:30:03]   [emp_id: 5205] ✓ Updated: 10.84 → 10.89 (CHANGED)
[2025-12-06 00:30:03]   [emp_id: 5209] ✓ Updated: 13.84 → 13.89 (CHANGED)
[2025-12-06 00:30:03]   [emp_id: 5211] ✓ Updated: 5.84 → 5.89 (CHANGED)
[2025-12-06 00:30:03]   [emp_id: 5213] ✓ Updated: 0.25 → 0.3 (CHANGED)
[2025-12-06 00:30:03]   [emp_id: 5214] ✓ Updated: 13.84 → 13.89 (CHANGED)
[2025-12-06 00:30:03]   [emp_id: 5215] ✓ Updated: 8.84 → 8.89 (CHANGED)
[2025-12-06 00:30:03]   [emp_id: 5217] ✓ Updated: 7.84 → 7.89 (CHANGED)
[2025-12-06 00:30:03]   [emp_id: 5218] ✓ Updated: 13.84 → 13.89 (CHANGED)
[2025-12-06 00:30:03]   [emp_id: 5219] ✓ Updated: 11.84 → 11.89 (CHANGED)
[2025-12-06 00:30:03]   [emp_id: 5221] ✓ Updated: 3.21 → 3.26 (CHANGED)
[2025-12-06 00:30:03]   [emp_id: 5224] ✓ Updated: 12.84 → 12.89 (CHANGED)
[2025-12-06 00:30:03]   [emp_id: 5225] ✓ Updated: 7.51 → 7.56 (CHANGED)
[2025-12-06 00:30:04]   [emp_id: 5228] ✓ Updated: 7.84 → 7.89 (CHANGED)
[2025-12-06 00:30:04]   [emp_id: 5229] ✓ Updated: 3.84 → 3.89 (CHANGED)
[2025-12-06 00:30:04]   [emp_id: 5230] ✓ Updated: 13.84 → 13.89 (CHANGED)
[2025-12-06 00:30:04]   [emp_id: 5231] ✓ Updated: 4.84 → 4.89 (CHANGED)
[2025-12-06 00:30:04]   [emp_id: 5232] ✓ Updated: 9.84 → 9.89 (CHANGED)
[2025-12-06 00:30:04]   [emp_id: 5233] ✓ Updated: 2.84 → 2.89 (CHANGED)
[2025-12-06 00:30:04]   [emp_id: 5234] ✓ Updated: 2.84 → 2.89 (CHANGED)
[2025-12-06 00:30:04]   [emp_id: 5235] ✓ Updated: 13.84 → 13.89 (CHANGED)
[2025-12-06 00:30:04]   [emp_id: 5237] ✓ Updated: 13.84 → 13.89 (CHANGED)
[2025-12-06 00:30:04]   [emp_id: 5238] ✓ Updated: 6.46 → 6.51 (CHANGED)
[2025-12-06 00:30:04]   [emp_id: 5239] ✓ Updated: 5.84 → 5.89 (CHANGED)
[2025-12-06 00:30:04]   [emp_id: 5241] ✓ Updated: 3.84 → 3.89 (CHANGED)
[2025-12-06 00:30:04]   [emp_id: 5242] ✓ Updated: 13.84 → 13.89 (CHANGED)
[2025-12-06 00:30:04]   [emp_id: 5243] ✓ Updated: 0.25 → 0.3 (CHANGED)
[2025-12-06 00:30:04]   [emp_id: 5244] ✓ Updated: 3.11 → 3.16 (CHANGED)
[2025-12-06 00:30:04]   [emp_id: 5246] ✓ Updated: 9.84 → 9.89 (CHANGED)
[2025-12-06 00:30:04]   [emp_id: 5253] ✓ Updated: 28.46 → 28.51 (CHANGED)
[2025-12-06 00:30:04]   [emp_id: 5254] ✓ Updated: 10.69 → 10.74 (CHANGED)
[2025-12-06 00:30:04]   [emp_id: 5257] ✓ Updated: 10.4 → 10.45 (CHANGED)
[2025-12-06 00:30:04]   [emp_id: 5259] ✓ Updated: 46.93 → 46.98 (CHANGED)
[2025-12-06 00:30:04]   [emp_id: 5261] ✓ Updated: 47.71 → 47.79 (CHANGED)
[2025-12-06 00:30:04]   [emp_id: 5264] ✓ Updated: 24.41 → 24.46 (CHANGED)
[2025-12-06 00:30:04]   [emp_id: 5266] ✓ Updated: 24.36 → 24.41 (CHANGED)
[2025-12-06 00:30:04]   [emp_id: 5268] ✓ Updated: 7.6 → 7.65 (CHANGED)
[2025-12-06 00:30:04]   [emp_id: 5271] ✓ Updated: 6.26 → 6.31 (CHANGED)
[2025-12-06 00:30:04]   [emp_id: 5272] ✓ Updated: 7.13 → 7.18 (CHANGED)
[2025-12-06 00:30:04]   [emp_id: 5273] ✓ Updated: 28.95 → 29 (CHANGED)
[2025-12-06 00:30:04]   [emp_id: 5275] ✓ Updated: 7.95 → 8 (CHANGED)
[2025-12-06 00:30:04]   [emp_id: 5276] ✓ Updated: 22.22 → 22.27 (CHANGED)
[2025-12-06 00:30:04]   [emp_id: 5278] ✓ Updated: 6.61 → 6.66 (CHANGED)
[2025-12-06 00:30:04]   [emp_id: 5280] ✓ Updated: 17.01 → 17.06 (CHANGED)
[2025-12-06 00:30:04]   [emp_id: 5282] ✓ Updated: 9.29 → 9.37 (CHANGED)
[2025-12-06 00:30:04]   [emp_id: 5285] ✓ Updated: 27.01 → 27.06 (CHANGED)
[2025-12-06 00:30:04]   [emp_id: 5286] ✓ Updated: 14.01 → 14.06 (CHANGED)
[2025-12-06 00:30:04]   [emp_id: 5287] ✓ Updated: 48.31 → 48.36 (CHANGED)
[2025-12-06 00:30:04]   [emp_id: 5288] ✓ Updated: 37.32 → 37.37 (CHANGED)
[2025-12-06 00:30:04]   [emp_id: 5289] ✓ Updated: 46.86 → 46.91 (CHANGED)
[2025-12-06 00:30:04]   [emp_id: 5290] ✓ Updated: 45.63 → 45.68 (CHANGED)
[2025-12-06 00:30:04]   [emp_id: 5291] ✓ Updated: 3.63 → 3.68 (CHANGED)
[2025-12-06 00:30:04]   [emp_id: 5292] ✓ Updated: 3.57 → 3.62 (CHANGED)
[2025-12-06 00:30:04]   [emp_id: 5293] ✓ Updated: 35.46 → 35.54 (CHANGED)
[2025-12-06 00:30:04]   [emp_id: 5294] ✓ Updated: 5.21 → 5.29 (CHANGED)
[2025-12-06 00:30:04]   [emp_id: 5295] ✓ Updated: 19.81 → 19.86 (CHANGED)
[2025-12-06 00:30:04]   [emp_id: 5296] ✓ Updated: 38.12 → 38.2 (CHANGED)
[2025-12-06 00:30:04]   [emp_id: 5297] ✓ Updated: 44.23 → 44.28 (CHANGED)
[2025-12-06 00:30:04]   [emp_id: 5298] ✓ Updated: 44.23 → 44.28 (CHANGED)
[2025-12-06 00:30:04]   [emp_id: 5299] ✓ Updated: 44.23 → 44.28 (CHANGED)
[2025-12-06 00:30:04]   [emp_id: 5300] ✓ Updated: 44.23 → 44.28 (CHANGED)
[2025-12-06 00:30:04]   [emp_id: 5301] ✓ Updated: 44.23 → 44.28 (CHANGED)
[2025-12-06 00:30:04]   [emp_id: 5303] ✓ Updated: 44.23 → 44.28 (CHANGED)
[2025-12-06 00:30:04]   [emp_id: 5304] ✓ Updated: 44.23 → 44.28 (CHANGED)
[2025-12-06 00:30:04]   [emp_id: 5305] ✓ Updated: 2.23 → 2.28 (CHANGED)
[2025-12-06 00:30:04]   [emp_id: 5306] ✓ Updated: 43.94 → 43.99 (CHANGED)
[2025-12-06 00:30:04]   [emp_id: 5307] ✓ Updated: 43.94 → 43.99 (CHANGED)
[2025-12-06 00:30:04]   [emp_id: 5312] ✓ Updated: 41.61 → 41.66 (CHANGED)
[2025-12-06 00:30:04]   [emp_id: 5318] ✓ Updated: 24.65 → 24.7 (CHANGED)
[2025-12-06 00:30:04]   [emp_id: 5325] ✓ Updated: 20.61 → 20.66 (CHANGED)
[2025-12-06 00:30:04]   [emp_id: 5326] ✓ Updated: 41.43 → 41.48 (CHANGED)
[2025-12-06 00:30:04]   [emp_id: 5327] ✓ Updated: 40.61 → 40.66 (CHANGED)
[2025-12-06 00:30:04]   [emp_id: 5328] ✓ Updated: 40.61 → 40.66 (CHANGED)
[2025-12-06 00:30:04]   [emp_id: 5329] ✓ Updated: 40.61 → 40.66 (CHANGED)
[2025-12-06 00:30:04]   [emp_id: 5331] ✓ Updated: 20.02 → 20.07 (CHANGED)
[2025-12-06 00:30:04]   [emp_id: 5337] ✓ Updated: 33.12 → 33.2 (CHANGED)
[2025-12-06 00:30:04]   [emp_id: 5339] ✓ Updated: 8.8 → 8.85 (CHANGED)
[2025-12-06 00:30:04]   [emp_id: 5343] ✓ Updated: 43.04 → 43.12 (CHANGED)
[2025-12-06 00:30:04]   [emp_id: 5343] ✓ Updated: 43.04 → 43.12 (CHANGED)
[2025-12-06 00:30:04]   [emp_id: 5345] ✓ Updated: 12.87 → 12.95 (CHANGED)
[2025-12-06 00:30:04]   [emp_id: 5346] ✓ Updated: 37.52 → 37.57 (CHANGED)
[2025-12-06 00:30:04]   [emp_id: 5351] ✓ Updated: 16.46 → 16.51 (CHANGED)
[2025-12-06 00:30:04]   [emp_id: 5352] ✓ Updated: 23.29 → 23.37 (CHANGED)
[2025-12-06 00:30:04]   [emp_id: 5370] ✓ Updated: 14.11 → 14.16 (CHANGED)
[2025-12-06 00:30:04]   [emp_id: 5371] ✓ Updated: 6.87 → 6.95 (CHANGED)
[2025-12-06 00:30:04]   [emp_id: 5376] ✓ Updated: 8.71 → 8.76 (CHANGED)
[2025-12-06 00:30:04]   [emp_id: 5378] ✓ Updated: 21.04 → 21.12 (CHANGED)
[2025-12-06 00:30:04]   [emp_id: 5380] ✓ Updated: 15.12 → 15.17 (CHANGED)
[2025-12-06 00:30:04]   [emp_id: 5381] ✓ Updated: 15.46 → 15.54 (CHANGED)
[2025-12-06 00:30:04]   [emp_id: 5383] ✓ Updated: 13.87 → 13.95 (CHANGED)
[2025-12-06 00:30:04]   [emp_id: 5388] ✓ Updated: 25.9 → 25.95 (CHANGED)
[2025-12-06 00:30:04]   [emp_id: 5392] ✓ Updated: 11.79 → 11.87 (CHANGED)
[2025-12-06 00:30:04]   [emp_id: 5396] ✓ Updated: 27.14 → 27.19 (CHANGED)
[2025-12-06 00:30:04]   [emp_id: 5397] ✓ Updated: 23.35 → 23.4 (CHANGED)
[2025-12-06 00:30:04]   [emp_id: 5401] ✓ Updated: 21.71 → 21.76 (CHANGED)
[2025-12-06 00:30:04]   [emp_id: 5402] ✓ Updated: 21.83 → 21.88 (CHANGED)
[2025-12-06 00:30:04]   [emp_id: 5406] ✓ Updated: 20.55 → 20.6 (CHANGED)
[2025-12-06 00:30:04]   [emp_id: 5407] ✓ Updated: 22.54 → 22.62 (CHANGED)
[2025-12-06 00:30:04]   [emp_id: 5408] ✓ Updated: 20.29 → 20.37 (CHANGED)
[2025-12-06 00:30:04]   [emp_id: 5409] ✓ Updated: 14.89 → 14.94 (CHANGED)
[2025-12-06 00:30:04]   [emp_id: 5413] ✓ Updated: 26.04 → 26.12 (CHANGED)
[2025-12-06 00:30:04]   [emp_id: 5414] ✓ Updated: 25.71 → 25.79 (CHANGED)
[2025-12-06 00:30:04]   [emp_id: 5415] ✓ Updated: 16.54 → 16.62 (CHANGED)
[2025-12-06 00:30:04]   [emp_id: 5418] ✓ Updated: 16.7 → 16.75 (CHANGED)
[2025-12-06 00:30:04]   [emp_id: 5422] ✓ Updated: 18.37 → 18.45 (CHANGED)
[2025-12-06 00:30:04]   [emp_id: 5423] ✓ Updated: 14.96 → 15.04 (CHANGED)
[2025-12-06 00:30:04]   [emp_id: 5423] ✓ Updated: 14.96 → 15.04 (CHANGED)
[2025-12-06 00:30:04]   [emp_id: 5423] ✓ Updated: 14.96 → 15.04 (CHANGED)
[2025-12-06 00:30:04]   [emp_id: 5424] ✓ Updated: 12.5 → 12.55 (CHANGED)
[2025-12-06 00:30:04]   [emp_id: 5425] ✓ Updated: 12.5 → 12.55 (CHANGED)
[2025-12-06 00:30:04]   [emp_id: 5426] ✓ Updated: 4.13 → 4.21 (CHANGED)
[2025-12-06 00:30:04]   [emp_id: 5426] ✓ Updated: 4.13 → 4.21 (CHANGED)
[2025-12-06 00:30:04]   [emp_id: 5427] ✓ Updated: 12.61 → 12.66 (CHANGED)
[2025-12-06 00:30:04]   [emp_id: 5428] ✓ Updated: 12.5 → 12.55 (CHANGED)
[2025-12-06 00:30:04]   [emp_id: 5430] ✓ Updated: 15.37 → 15.45 (CHANGED)
[2025-12-06 00:30:04]   [emp_id: 5431] ✓ Updated: 11.62 → 11.67 (CHANGED)
[2025-12-06 00:30:04]   [emp_id: 5434] ✓ Updated: 11.39 → 11.44 (CHANGED)
[2025-12-06 00:30:04]   [emp_id: 5435] ✓ Updated: 11.33 → 11.38 (CHANGED)
[2025-12-06 00:30:04]   [emp_id: 5436] ✓ Updated: 11.33 → 11.38 (CHANGED)
[2025-12-06 00:30:04]   [emp_id: 5438] ✓ Updated: 13.29 → 13.37 (CHANGED)
[2025-12-06 00:30:04]   [emp_id: 5439] ✓ Updated: 22.79 → 22.87 (CHANGED)
[2025-12-06 00:30:04]   [emp_id: 5442] ✓ Updated: 11.79 → 11.87 (CHANGED)
[2025-12-06 00:30:04]   [emp_id: 5443] ✓ Updated: 7.01 → 7.06 (CHANGED)
[2025-12-06 00:30:04]   [emp_id: 5445] ✓ Updated: 5.79 → 5.84 (CHANGED)
[2025-12-06 00:30:04]   [emp_id: 5446] ✓ Updated: 5.79 → 5.84 (CHANGED)
[2025-12-06 00:30:04]   [emp_id: 5447] ✓ Updated: 5.73 → 5.78 (CHANGED)
[2025-12-06 00:30:04]   [emp_id: 5448] ✓ Updated: 3.32 → 3.4 (CHANGED)
[2025-12-06 00:30:04]   [emp_id: 5449] ✓ Updated: 3.81 → 3.86 (CHANGED)
[2025-12-06 00:30:04]   [emp_id: 5450] ✓ Updated: 3.75 → 3.8 (CHANGED)
[2025-12-06 00:30:04]   [emp_id: 5451] ✓ Updated: 3.75 → 3.8 (CHANGED)
[2025-12-06 00:30:04]   [emp_id: 5454] ✓ Updated: 4.87 → 4.95 (CHANGED)
[2025-12-06 00:30:04]   [emp_id: 5455] ✓ Updated: 3.12 → 3.2 (CHANGED)
[2025-12-06 00:30:04]   [emp_id: 5456] ✓ Updated: 4.12 → 4.2 (CHANGED)
[2025-12-06 00:30:04] 
[2025-12-06 00:30:04] ========== SUMMARY ==========
[2025-12-06 00:30:04] Total employees processed: 445
[2025-12-06 00:30:04] Records updated: 445
[2025-12-06 00:30:04] Balances changed: 445
[2025-12-06 00:30:04] Errors: 0
[2025-12-06 00:30:04] ========== CRON: Vacation Balance Update Completed ==========
[2025-12-06 00:30:04] 
