[2026-01-20 09:28:18] ========== CRON: Vacation Balance Update Started ==========
[2026-01-20 09:28:19] Database connection established
[2026-01-20 09:28:19] Found 434 active employees with balance records to update
[2026-01-20 09:28:19] (Only employees with status=1 will be processed)
[2026-01-20 09:28:19]   [emp_id: 1061] ✓ Updated: 0.97 → 1.05 (CHANGED)
[2026-01-20 09:28:19]   [emp_id: 1496] ✓ Updated: 17.82 → 17.9 (CHANGED)
[2026-01-20 09:28:19]   [emp_id: 1500] ✓ Updated: 5.5 → 5.58 (CHANGED)
[2026-01-20 09:28:19]   [emp_id: 1574] ✓ Updated: 34.73 → 34.81 (CHANGED)
[2026-01-20 09:28:19]   [emp_id: 1673] ✓ Updated: 46.23 → 46.31 (CHANGED)
[2026-01-20 09:28:19]   [emp_id: 1685] ✓ Updated: 16.15 → 16.23 (CHANGED)
[2026-01-20 09:28:19]   [emp_id: 1764] ✓ Updated: 70.82 → 70.9 (CHANGED)
[2026-01-20 09:28:19]   [emp_id: 1805] ✓ Updated: 65.15 → 65.23 (CHANGED)
[2026-01-20 09:28:19]   [emp_id: 1822] ✓ Updated: 69.9 → 69.98 (CHANGED)
[2026-01-20 09:28:19]   [emp_id: 1837] ✓ Updated: 26.07 → 26.15 (CHANGED)
[2026-01-20 09:28:19]   [emp_id: 1857] ✓ Updated: 21.4 → 21.48 (CHANGED)
[2026-01-20 09:28:19]   [emp_id: 1861] ✓ Updated: 72.23 → 72.31 (CHANGED)
[2026-01-20 09:28:19]   [emp_id: 1872] ✓ Updated: 11.07 → 11.15 (CHANGED)
[2026-01-20 09:28:19]   [emp_id: 1897] ✓ Updated: 6.4 → 6.48 (CHANGED)
[2026-01-20 09:28:19]   [emp_id: 1916] ✓ Updated: 12.7 → 12.78 (CHANGED)
[2026-01-20 09:28:19]   [emp_id: 1928] ✓ Updated: 65.65 → 65.73 (CHANGED)
[2026-01-20 09:28:19]   [emp_id: 1931] ✓ Updated: 85.57 → 85.65 (CHANGED)
[2026-01-20 09:28:19]   [emp_id: 1944] ✓ Updated: 43.73 → 43.81 (CHANGED)
[2026-01-20 09:28:19]   [emp_id: 1996] ✓ Updated: 72.23 → 72.31 (CHANGED)
[2026-01-20 09:28:19]   [emp_id: 1997] ✓ Updated: 37.4 → 37.48 (CHANGED)
[2026-01-20 09:28:19]   [emp_id: 1998] ✓ Updated: 28.84 → 28.92 (CHANGED)
[2026-01-20 09:28:19]   [emp_id: 1999] ✓ Updated: 29.84 → 29.92 (CHANGED)
[2026-01-20 09:28:19]   [emp_id: 2009] ✓ Updated: 36.15 → 36.23 (CHANGED)
[2026-01-20 09:28:19]   [emp_id: 2048] ✓ Updated: 25.98 → 26.06 (CHANGED)
[2026-01-20 09:28:19]   [emp_id: 2057] ✓ Updated: 66.82 → 66.9 (CHANGED)
[2026-01-20 09:28:19]   [emp_id: 2079] ✓ Updated: 49.15 → 49.23 (CHANGED)
[2026-01-20 09:28:19]   [emp_id: 2181] ✓ Updated: 38.15 → 38.23 (CHANGED)
[2026-01-20 09:28:19]   [emp_id: 2190] ✓ Updated: 7.48 → 7.56 (CHANGED)
[2026-01-20 09:28:19]   [emp_id: 2212] ✓ Updated: 25.48 → 25.56 (CHANGED)
[2026-01-20 09:28:19]   [emp_id: 2226] ✓ Updated: 70.23 → 70.31 (CHANGED)
[2026-01-20 09:28:19]   [emp_id: 2238] ✓ Updated: 68.48 → 68.56 (CHANGED)
[2026-01-20 09:28:19]   [emp_id: 2285] ✓ Updated: 37.15 → 37.23 (CHANGED)
[2026-01-20 09:28:19]   [emp_id: 2287] ✓ Updated: 48.82 → 48.9 (CHANGED)
[2026-01-20 09:28:19]   [emp_id: 2288] ✓ Updated: 3.84 → 3.92 (CHANGED)
[2026-01-20 09:28:19]   [emp_id: 2316] ✓ Updated: 17.65 → 17.73 (CHANGED)
[2026-01-20 09:28:19]   [emp_id: 2337] ✓ Updated: 38.73 → 38.81 (CHANGED)
[2026-01-20 09:28:19]   [emp_id: 2352] ✓ Updated: 70.23 → 70.31 (CHANGED)
[2026-01-20 09:28:19]   [emp_id: 2358] ✓ Updated: 6.73 → 6.81 (CHANGED)
[2026-01-20 09:28:19]   [emp_id: 2361] ✓ Updated: 72.4 → 72.48 (CHANGED)
[2026-01-20 09:28:20]   [emp_id: 2363] ✓ Updated: 74.98 → 75.06 (CHANGED)
[2026-01-20 09:28:20]   [emp_id: 2364] ✓ Updated: 74.4 → 74.48 (CHANGED)
[2026-01-20 09:28:20]   [emp_id: 2367] ✓ Updated: 102.07 → 102.15 (CHANGED)
[2026-01-20 09:28:20]   [emp_id: 2368] ✓ Updated: 32.48 → 32.56 (CHANGED)
[2026-01-20 09:28:20]   [emp_id: 2372] ✓ Updated: 69.73 → 69.81 (CHANGED)
[2026-01-20 09:28:20]   [emp_id: 2376] ✓ Updated: 119.73 → 119.81 (CHANGED)
[2026-01-20 09:28:20]   [emp_id: 2423] ✓ Updated: 20.48 → 20.56 (CHANGED)
[2026-01-20 09:28:20]   [emp_id: 2519] ✓ Updated: 114.15 → 114.23 (CHANGED)
[2026-01-20 09:28:20]   [emp_id: 2522] ✓ Updated: 57.73 → 57.81 (CHANGED)
[2026-01-20 09:28:20]   [emp_id: 2530] ✓ Updated: 52.98 → 53.06 (CHANGED)
[2026-01-20 09:28:20]   [emp_id: 2539] ✓ Updated: 49.73 → 49.81 (CHANGED)
[2026-01-20 09:28:20]   [emp_id: 2541] ✓ Updated: 30.32 → 30.4 (CHANGED)
[2026-01-20 09:28:20]   [emp_id: 2550] ✓ Updated: 96.48 → 96.56 (CHANGED)
[2026-01-20 09:28:20]   [emp_id: 2553] ✓ Updated: 33.59 → 33.67 (CHANGED)
[2026-01-20 09:28:20]   [emp_id: 2554] ✓ Updated: 40.07 → 40.15 (CHANGED)
[2026-01-20 09:28:20]   [emp_id: 2565] ✓ Updated: 94.65 → 94.73 (CHANGED)
[2026-01-20 09:28:20]   [emp_id: 2572] ✓ Updated: 44.65 → 44.73 (CHANGED)
[2026-01-20 09:28:20]   [emp_id: 2637] ✓ Updated: 65.23 → 65.31 (CHANGED)
[2026-01-20 09:28:20]   [emp_id: 2642] ✓ Updated: 77.98 → 78.06 (CHANGED)
[2026-01-20 09:28:20]   [emp_id: 2645] ✓ Updated: 93.98 → 94.06 (CHANGED)
[2026-01-20 09:28:20]   [emp_id: 2648] ✓ Updated: 45.65 → 45.73 (CHANGED)
[2026-01-20 09:28:20]   [emp_id: 2654] ✓ Updated: 88.32 → 88.4 (CHANGED)
[2026-01-20 09:28:20]   [emp_id: 2688] ✓ Updated: 26.4 → 26.48 (CHANGED)
[2026-01-20 09:28:20]   [emp_id: 2690] ✓ Updated: 15.15 → 15.23 (CHANGED)
[2026-01-20 09:28:20]   [emp_id: 2709] ✓ Updated: 37.4 → 37.48 (CHANGED)
[2026-01-20 09:28:20]   [emp_id: 2745] ✓ Updated: 33.98 → 34.06 (CHANGED)
[2026-01-20 09:28:20]   [emp_id: 2843] ✓ Updated: 80.57 → 80.65 (CHANGED)
[2026-01-20 09:28:20]   [emp_id: 2854] ✓ Updated: 60.48 → 60.56 (CHANGED)
[2026-01-20 09:28:20]   [emp_id: 2869] ✓ Updated: 4.4 → 4.48 (CHANGED)
[2026-01-20 09:28:20]   [emp_id: 2876] ✓ Updated: 35.23 → 35.31 (CHANGED)
[2026-01-20 09:28:20]   [emp_id: 2924] ✓ Updated: 16.4 → 16.48 (CHANGED)
[2026-01-20 09:28:20]   [emp_id: 2953] ✓ Updated: 102.15 → 102.23 (CHANGED)
[2026-01-20 09:28:20]   [emp_id: 2961] ✓ Updated: 12.15 → 12.23 (CHANGED)
[2026-01-20 09:28:20]   [emp_id: 2975] ✓ Updated: 1.83 → 1.91 (CHANGED)
[2026-01-20 09:28:20]   [emp_id: 3013] ✓ Updated: 11.15 → 11.23 (CHANGED)
[2026-01-20 09:28:20]   [emp_id: 3014] ✓ Updated: 90.4 → 90.48 (CHANGED)
[2026-01-20 09:28:20]   [emp_id: 3015] ✓ Updated: 1.65 → 1.73 (CHANGED)
[2026-01-20 09:28:20]   [emp_id: 3018] ✓ Updated: 60.4 → 60.48 (CHANGED)
[2026-01-20 09:28:20]   [emp_id: 3025] ✓ Updated: 24.17 → 24.25 (CHANGED)
[2026-01-20 09:28:20]   [emp_id: 3037] ✓ Updated: 83.9 → 83.98 (CHANGED)
[2026-01-20 09:28:20]   [emp_id: 3047] ✓ Updated: 72.15 → 72.23 (CHANGED)
[2026-01-20 09:28:20]   [emp_id: 3061] ✓ Updated: 19.07 → 19.15 (CHANGED)
[2026-01-20 09:28:20]   [emp_id: 3062] ✓ Updated: 52.23 → 52.31 (CHANGED)
[2026-01-20 09:28:20]   [emp_id: 3074] ✓ Updated: 108.65 → 108.73 (CHANGED)
[2026-01-20 09:28:20]   [emp_id: 3089] ✓ Updated: 7.57 → 7.65 (CHANGED)
[2026-01-20 09:28:20]   [emp_id: 3090] ✓ Updated: 34.15 → 34.23 (CHANGED)
[2026-01-20 09:28:20]   [emp_id: 3091] ✓ Updated: 46.15 → 46.23 (CHANGED)
[2026-01-20 09:28:20]   [emp_id: 3092] ✓ Updated: 28.82 → 28.9 (CHANGED)
[2026-01-20 09:28:21]   [emp_id: 3105] ✓ Updated: 49.15 → 49.23 (CHANGED)
[2026-01-20 09:28:21]   [emp_id: 3134] ✓ Updated: 44.9 → 44.98 (CHANGED)
[2026-01-20 09:28:21]   [emp_id: 3140] ✓ Updated: 41.98 → 42.06 (CHANGED)
[2026-01-20 09:28:21]   [emp_id: 3144] ✓ Updated: 14.82 → 14.9 (CHANGED)
[2026-01-20 09:28:21]   [emp_id: 3156] ✓ Updated: 18.15 → 18.23 (CHANGED)
[2026-01-20 09:28:21]   [emp_id: 3162] ✓ Updated: 3.13 → 3.21 (CHANGED)
[2026-01-20 09:28:21]   [emp_id: 3163] ✓ Updated: 6.4 → 6.48 (CHANGED)
[2026-01-20 09:28:21]   [emp_id: 3198] ✓ Updated: 41.4 → 41.48 (CHANGED)
[2026-01-20 09:28:21]   [emp_id: 3205] ✓ Updated: 18.07 → 18.15 (CHANGED)
[2026-01-20 09:28:21]   [emp_id: 3209] ✓ Updated: 42.23 → 42.31 (CHANGED)
[2026-01-20 09:28:21]   [emp_id: 3223] ✓ Updated: 91.15 → 91.23 (CHANGED)
[2026-01-20 09:28:21]   [emp_id: 3224] ✓ Updated: 65.9 → 65.98 (CHANGED)
[2026-01-20 09:28:21]   [emp_id: 3230] ✓ Updated: 89.32 → 89.4 (CHANGED)
[2026-01-20 09:28:21]   [emp_id: 3231] ✓ Updated: 1.69 → 1.77 (CHANGED)
[2026-01-20 09:28:21]   [emp_id: 3233] ✓ Updated: 82.15 → 82.23 (CHANGED)
[2026-01-20 09:28:21]   [emp_id: 3249] ✓ Updated: 37.98 → 38.06 (CHANGED)
[2026-01-20 09:28:21]   [emp_id: 3250] ✓ Updated: 10.98 → 11.06 (CHANGED)
[2026-01-20 09:28:21]   [emp_id: 3252] ✓ Updated: 11.9 → 11.98 (CHANGED)
[2026-01-20 09:28:21]   [emp_id: 3254] ✓ Updated: 22.4 → 22.48 (CHANGED)
[2026-01-20 09:28:21]   [emp_id: 3255] ✓ Updated: 18.82 → 18.9 (CHANGED)
[2026-01-20 09:28:21]   [emp_id: 3256] ✓ Updated: 15.07 → 15.15 (CHANGED)
[2026-01-20 09:28:21]   [emp_id: 3263] ✓ Updated: 31.15 → 31.23 (CHANGED)
[2026-01-20 09:28:21]   [emp_id: 3265] ✓ Updated: 26.73 → 26.81 (CHANGED)
[2026-01-20 09:28:21]   [emp_id: 3280] ✓ Updated: 73.65 → 73.73 (CHANGED)
[2026-01-20 09:28:21]   [emp_id: 3286] ✓ Updated: 16.82 → 16.9 (CHANGED)
[2026-01-20 09:28:21]   [emp_id: 3294] ✓ Updated: 16.48 → 16.56 (CHANGED)
[2026-01-20 09:28:21]   [emp_id: 3321] ✓ Updated: 73.65 → 73.73 (CHANGED)
[2026-01-20 09:28:21]   [emp_id: 3325] ✓ Updated: 61.4 → 61.48 (CHANGED)
[2026-01-20 09:28:21]   [emp_id: 3329] ✓ Updated: 63.73 → 63.81 (CHANGED)
[2026-01-20 09:28:21]   [emp_id: 3330] ✓ Updated: 63.73 → 63.81 (CHANGED)
[2026-01-20 09:28:21]   [emp_id: 3332] ✓ Updated: 63.73 → 63.81 (CHANGED)
[2026-01-20 09:28:21]   [emp_id: 3370] ✓ Updated: 55.4 → 55.48 (CHANGED)
[2026-01-20 09:28:21]   [emp_id: 3384] ✓ Updated: 15.9 → 15.98 (CHANGED)
[2026-01-20 09:28:21]   [emp_id: 3386] ✓ Updated: 45.9 → 45.98 (CHANGED)
[2026-01-20 09:28:21]   [emp_id: 3431] ✓ Updated: 20.32 → 20.4 (CHANGED)
[2026-01-20 09:28:21]   [emp_id: 3497] ✓ Updated: 10.48 → 10.56 (CHANGED)
[2026-01-20 09:28:21]   [emp_id: 3532] ✓ Updated: 1.32 → 1.4 (CHANGED)
[2026-01-20 09:28:21]   [emp_id: 3602] ✓ Updated: 2.89 → 2.97 (CHANGED)
[2026-01-20 09:28:21]   [emp_id: 3618] ✓ Updated: 24.87 → 24.95 (CHANGED)
[2026-01-20 09:28:21]   [emp_id: 3622] ✓ Updated: 35.49 → 35.55 (CHANGED)
[2026-01-20 09:28:21]   [emp_id: 3627] ✓ Updated: 10.82 → 10.9 (CHANGED)
[2026-01-20 09:28:21]   [emp_id: 3665] ✓ Updated: 52.4 → 52.48 (CHANGED)
[2026-01-20 09:28:21]   [emp_id: 3705] ✓ Updated: 28.82 → 28.88 (CHANGED)
[2026-01-20 09:28:21]   [emp_id: 3724] ✓ Updated: 45.4 → 45.48 (CHANGED)
[2026-01-20 09:28:21]   [emp_id: 3726] ✓ Updated: 61.82 → 61.9 (CHANGED)
[2026-01-20 09:28:21]   [emp_id: 3727] ✓ Updated: 66.9 → 66.98 (CHANGED)
[2026-01-20 09:28:21]   [emp_id: 3728] ✓ Updated: 11.23 → 11.31 (CHANGED)
[2026-01-20 09:28:21]   [emp_id: 3767] ✓ Updated: 1.98 → 2.06 (CHANGED)
[2026-01-20 09:28:21]   [emp_id: 3768] ✓ Updated: 58.23 → 58.31 (CHANGED)
[2026-01-20 09:28:21]   [emp_id: 3787] ✓ Updated: 58.82 → 58.9 (CHANGED)
[2026-01-20 09:28:22]   [emp_id: 3790] ✓ Updated: 3.37 → 3.45 (CHANGED)
[2026-01-20 09:28:22]   [emp_id: 3795] ✓ Updated: 16.32 → 16.4 (CHANGED)
[2026-01-20 09:28:22]   [emp_id: 3798] ✓ Updated: 94.73 → 94.81 (CHANGED)
[2026-01-20 09:28:22]   [emp_id: 3801] ✓ Updated: 3 → 3.08 (CHANGED)
[2026-01-20 09:28:22]   [emp_id: 3802] ✓ Updated: 31.98 → 32.06 (CHANGED)
[2026-01-20 09:28:22]   [emp_id: 3803] ✓ Updated: 116.4 → 116.48 (CHANGED)
[2026-01-20 09:28:22]   [emp_id: 3810] ✓ Updated: 122.4 → 122.48 (CHANGED)
[2026-01-20 09:28:22]   [emp_id: 3812] ✓ Updated: 91.4 → 91.48 (CHANGED)
[2026-01-20 09:28:22]   [emp_id: 3815] ✓ Updated: 91.4 → 91.48 (CHANGED)
[2026-01-20 09:28:22]   [emp_id: 3836] ✓ Updated: 59.07 → 59.15 (CHANGED)
[2026-01-20 09:28:22]   [emp_id: 3855] ✓ Updated: 52.23 → 52.31 (CHANGED)
[2026-01-20 09:28:22]   [emp_id: 3857] ✓ Updated: 55.9 → 55.98 (CHANGED)
[2026-01-20 09:28:22]   [emp_id: 3862] ✓ Updated: 103.98 → 104.06 (CHANGED)
[2026-01-20 09:28:22]   [emp_id: 3866] ✓ Updated: 29.23 → 29.31 (CHANGED)
[2026-01-20 09:28:22]   [emp_id: 3876] ✓ Updated: 25.4 → 25.48 (CHANGED)
[2026-01-20 09:28:22]   [emp_id: 3877] ✓ Updated: 50.9 → 50.98 (CHANGED)
[2026-01-20 09:28:22]   [emp_id: 3897] ✓ Updated: 39.15 → 39.23 (CHANGED)
[2026-01-20 09:28:22]   [emp_id: 3899] ✓ Updated: 0.97 → 1.05 (CHANGED)
[2026-01-20 09:28:22]   [emp_id: 3928] ✓ Updated: 15.23 → 15.31 (CHANGED)
[2026-01-20 09:28:22]   [emp_id: 3929] ✓ Updated: 10.23 → 10.31 (CHANGED)
[2026-01-20 09:28:22]   [emp_id: 3935] ✓ Updated: 95.23 → 95.31 (CHANGED)
[2026-01-20 09:28:22]   [emp_id: 3952] ✓ Updated: 76.57 → 76.65 (CHANGED)
[2026-01-20 09:28:22]   [emp_id: 3987] ✓ Updated: 15.48 → 15.56 (CHANGED)
[2026-01-20 09:28:22]   [emp_id: 4059] ✓ Updated: 4.68 → 4.76 (CHANGED)
[2026-01-20 09:28:22]   [emp_id: 4119] ✓ Updated: 58.15 → 58.23 (CHANGED)
[2026-01-20 09:28:22]   [emp_id: 4120] ✓ Updated: 27.73 → 27.81 (CHANGED)
[2026-01-20 09:28:22]   [emp_id: 4124] ✓ Updated: 28.25 → 28.33 (CHANGED)
[2026-01-20 09:28:22]   [emp_id: 4133] ✓ Updated: 106.73 → 106.81 (CHANGED)
[2026-01-20 09:28:22]   [emp_id: 4134] ✓ Updated: 27.73 → 27.81 (CHANGED)
[2026-01-20 09:28:22]   [emp_id: 4136] ✓ Updated: 27.73 → 27.81 (CHANGED)
[2026-01-20 09:28:22]   [emp_id: 4150] ✓ Updated: 26.4 → 26.48 (CHANGED)
[2026-01-20 09:28:22]   [emp_id: 4157] ✓ Updated: 19.9 → 19.98 (CHANGED)
[2026-01-20 09:28:22]   [emp_id: 4172] ✓ Updated: 13.4 → 13.46 (CHANGED)
[2026-01-20 09:28:22]   [emp_id: 4195] ✓ Updated: 63.48 → 63.56 (CHANGED)
[2026-01-20 09:28:22]   [emp_id: 4215] ✓ Updated: 46.15 → 46.23 (CHANGED)
[2026-01-20 09:28:22]   [emp_id: 4220] ✓ Updated: 41.73 → 41.81 (CHANGED)
[2026-01-20 09:28:22]   [emp_id: 4273] ✓ Updated: 10.4 → 10.48 (CHANGED)
[2026-01-20 09:28:22]   [emp_id: 4283] ✓ Updated: 14.49 → 14.55 (CHANGED)
[2026-01-20 09:28:22]   [emp_id: 4288] ✓ Updated: 0.97 → 1.05 (CHANGED)
[2026-01-20 09:28:22]   [emp_id: 4315] ✓ Updated: 13.65 → 13.73 (CHANGED)
[2026-01-20 09:28:22]   [emp_id: 4328] ✓ Updated: 43.32 → 43.38 (CHANGED)
[2026-01-20 09:28:22]   [emp_id: 4329] ✓ Updated: 6.82 → 6.9 (CHANGED)
[2026-01-20 09:28:22]   [emp_id: 4338] ✓ Updated: 48.4 → 48.48 (CHANGED)
[2026-01-20 09:28:22]   [emp_id: 4340] ✓ Updated: 110.4 → 110.48 (CHANGED)
[2026-01-20 09:28:22]   [emp_id: 4365] ✓ Updated: 61.82 → 61.9 (CHANGED)
[2026-01-20 09:28:22]   [emp_id: 4366] ✓ Updated: 60.9 → 60.98 (CHANGED)
[2026-01-20 09:28:22]   [emp_id: 4403] ✓ Updated: 86.73 → 86.81 (CHANGED)
[2026-01-20 09:28:22]   [emp_id: 4438] ✓ Updated: 22.4 → 22.48 (CHANGED)
[2026-01-20 09:28:23]   [emp_id: 4465] ✓ Updated: 13.65 → 13.71 (CHANGED)
[2026-01-20 09:28:23]   [emp_id: 4473] ✓ Updated: 45.98 → 46.06 (CHANGED)
[2026-01-20 09:28:23]   [emp_id: 4474] ✓ Updated: 4.16 → 4.22 (CHANGED)
[2026-01-20 09:28:23]   [emp_id: 4493] ✓ Updated: 164.82 → 164.9 (CHANGED)
[2026-01-20 09:28:23]   [emp_id: 4526] ✓ Updated: 37.07 → 37.15 (CHANGED)
[2026-01-20 09:28:23]   [emp_id: 4528] ✓ Updated: 108.82 → 108.9 (CHANGED)
[2026-01-20 09:28:23]   [emp_id: 4528] ✓ Updated: 108.82 → 108.9 (CHANGED)
[2026-01-20 09:28:23]   [emp_id: 4532] ✓ Updated: 8.77 → 8.83 (CHANGED)
[2026-01-20 09:28:23]   [emp_id: 4533] ✓ Updated: 37.23 → 37.31 (CHANGED)
[2026-01-20 09:28:23]   [emp_id: 4565] ✓ Updated: 16.15 → 16.21 (CHANGED)
[2026-01-20 09:28:23]   [emp_id: 4567] ✓ Updated: 20.4 → 20.46 (CHANGED)
[2026-01-20 09:28:23]   [emp_id: 4572] ✓ Updated: 59.9 → 59.96 (CHANGED)
[2026-01-20 09:28:23]   [emp_id: 4631] ✓ Updated: 16.15 → 16.21 (CHANGED)
[2026-01-20 09:28:23]   [emp_id: 4655] ✓ Updated: 26.15 → 26.23 (CHANGED)
[2026-01-20 09:28:23]   [emp_id: 4709] ✓ Updated: 41.4 → 41.48 (CHANGED)
[2026-01-20 09:28:23]   [emp_id: 4717] ✓ Updated: 67.4 → 67.48 (CHANGED)
[2026-01-20 09:28:23]   [emp_id: 4736] ✓ Updated: 29.23 → 29.31 (CHANGED)
[2026-01-20 09:28:23]   [emp_id: 4756] ✓ Updated: 12.59 → 12.65 (CHANGED)
[2026-01-20 09:28:23]   [emp_id: 4768] ✓ Updated: 14.9 → 14.98 (CHANGED)
[2026-01-20 09:28:23]   [emp_id: 4780] ✓ Updated: 66.32 → 66.38 (CHANGED)
[2026-01-20 09:28:23]   [emp_id: 4820] ✓ Updated: 100.23 → 100.31 (CHANGED)
[2026-01-20 09:28:23]   [emp_id: 4824] ✓ Updated: 3.41 → 3.49 (CHANGED)
[2026-01-20 09:28:23]   [emp_id: 4825] ✓ Updated: 31.98 → 32.06 (CHANGED)
[2026-01-20 09:28:23]   [emp_id: 4837] ✓ Updated: 46.31 → 46.37 (CHANGED)
[2026-01-20 09:28:23]   [emp_id: 4840] ✓ Updated: 46.31 → 46.37 (CHANGED)
[2026-01-20 09:28:23]   [emp_id: 4842] ✓ Updated: 45.55 → 45.61 (CHANGED)
[2026-01-20 09:28:23]   [emp_id: 4843] ✓ Updated: 46.08 → 46.14 (CHANGED)
[2026-01-20 09:28:23]   [emp_id: 4853] ✓ Updated: 89.9 → 89.96 (CHANGED)
[2026-01-20 09:28:23]   [emp_id: 4856] ✓ Updated: 43.22 → 43.28 (CHANGED)
[2026-01-20 09:28:23]   [emp_id: 4857] ✓ Updated: 26.04 → 26.1 (CHANGED)
[2026-01-20 09:28:23]   [emp_id: 4858] ✓ Updated: 22.92 → 22.98 (CHANGED)
[2026-01-20 09:28:23]   [emp_id: 4859] ✓ Updated: 44.39 → 44.45 (CHANGED)
[2026-01-20 09:28:23]   [emp_id: 4860] ✓ Updated: 8.89 → 8.95 (CHANGED)
[2026-01-20 09:28:23]   [emp_id: 4861] ✓ Updated: 42.35 → 42.41 (CHANGED)
[2026-01-20 09:28:23]   [emp_id: 4869] ✓ Updated: 85.23 → 85.29 (CHANGED)
[2026-01-20 09:28:23]   [emp_id: 4894] ✓ Updated: 8.9 → 8.98 (CHANGED)
[2026-01-20 09:28:23]   [emp_id: 4897] ✓ Updated: 24.13 → 24.19 (CHANGED)
[2026-01-20 09:28:23]   [emp_id: 4899] ✓ Updated: 20.3 → 20.36 (CHANGED)
[2026-01-20 09:28:23]   [emp_id: 4902] ✓ Updated: 19.72 → 19.78 (CHANGED)
[2026-01-20 09:28:23]   [emp_id: 4903] ✓ Updated: 21.94 → 22 (CHANGED)
[2026-01-20 09:28:23]   [emp_id: 4905] ✓ Updated: 20.6 → 20.66 (CHANGED)
[2026-01-20 09:28:23]   [emp_id: 4907] ✓ Updated: 48.98 → 49.06 (CHANGED)
[2026-01-20 09:28:23]   [emp_id: 4917] ✓ Updated: 17.56 → 17.62 (CHANGED)
[2026-01-20 09:28:23]   [emp_id: 4918] ✓ Updated: 7.33 → 7.39 (CHANGED)
[2026-01-20 09:28:23]   [emp_id: 4919] ✓ Updated: 59.62 → 59.68 (CHANGED)
[2026-01-20 09:28:23]   [emp_id: 4920] ✓ Updated: 6.7 → 6.76 (CHANGED)
[2026-01-20 09:28:24]   [emp_id: 4921] ✓ Updated: 18.79 → 18.85 (CHANGED)
[2026-01-20 09:28:24]   [emp_id: 4927] ✓ Updated: 17.62 → 17.68 (CHANGED)
[2026-01-20 09:28:24]   [emp_id: 4929] ✓ Updated: 19.14 → 19.2 (CHANGED)
[2026-01-20 09:28:24]   [emp_id: 4930] ✓ Updated: 59.91 → 59.97 (CHANGED)
[2026-01-20 09:28:24]   [emp_id: 4932] ✓ Updated: 17.91 → 17.97 (CHANGED)
[2026-01-20 09:28:24]   [emp_id: 4933] ✓ Updated: 21.32 → 21.38 (CHANGED)
[2026-01-20 09:28:24]   [emp_id: 4949] ✓ Updated: 24.75 → 24.81 (CHANGED)
[2026-01-20 09:28:24]   [emp_id: 4956] ✓ Updated: 30.34 → 30.4 (CHANGED)
[2026-01-20 09:28:24]   [emp_id: 4957] ✓ Updated: 26.01 → 26.07 (CHANGED)
[2026-01-20 09:28:24]   [emp_id: 4962] ✓ Updated: 48.34 → 48.42 (CHANGED)
[2026-01-20 09:28:24]   [emp_id: 4969] ✓ Updated: 47.65 → 47.73 (CHANGED)
[2026-01-20 09:28:24]   [emp_id: 4976] ✓ Updated: 11.03 → 11.09 (CHANGED)
[2026-01-20 09:28:24]   [emp_id: 4984] ✓ Updated: 38.9 → 38.98 (CHANGED)
[2026-01-20 09:28:24]   [emp_id: 4995] ✓ Updated: 50.97 → 51.05 (CHANGED)
[2026-01-20 09:28:24]   [emp_id: 5004] ✓ Updated: 27.97 → 28.03 (CHANGED)
[2026-01-20 09:28:24]   [emp_id: 5006] ✓ Updated: 27.71 → 27.77 (CHANGED)
[2026-01-20 09:28:24]   [emp_id: 5011] ✓ Updated: 6.75 → 6.83 (CHANGED)
[2026-01-20 09:28:24]   [emp_id: 5013] ✓ Updated: 68.08 → 68.14 (CHANGED)
[2026-01-20 09:28:24]   [emp_id: 5018] ✓ Updated: 4.57 → 4.63 (CHANGED)
[2026-01-20 09:28:24]   [emp_id: 5021] ✓ Updated: 62 → 62.08 (CHANGED)
[2026-01-20 09:28:24]   [emp_id: 5024] ✓ Updated: 2.59 → 2.65 (CHANGED)
[2026-01-20 09:28:24]   [emp_id: 5030] ✓ Updated: 32.54 → 32.6 (CHANGED)
[2026-01-20 09:28:24]   [emp_id: 5033] ✓ Updated: 11.34 → 11.4 (CHANGED)
[2026-01-20 09:28:24]   [emp_id: 5043] ✓ Updated: 31.57 → 31.65 (CHANGED)
[2026-01-20 09:28:24]   [emp_id: 5045] ✓ Updated: 28.07 → 28.15 (CHANGED)
[2026-01-20 09:28:24]   [emp_id: 5046] ✓ Updated: 23.26 → 23.34 (CHANGED)
[2026-01-20 09:28:24]   [emp_id: 5049] ✓ Updated: 40.02 → 40.08 (CHANGED)
[2026-01-20 09:28:24]   [emp_id: 5052] ✓ Updated: 31.3 → 31.36 (CHANGED)
[2026-01-20 09:28:24]   [emp_id: 5055] ✓ Updated: 19.74 → 19.8 (CHANGED)
[2026-01-20 09:28:24]   [emp_id: 5058] ✓ Updated: 28.72 → 28.78 (CHANGED)
[2026-01-20 09:28:24]   [emp_id: 5062] ✓ Updated: 40.55 → 40.61 (CHANGED)
[2026-01-20 09:28:24]   [emp_id: 5064] ✓ Updated: 118.9 → 118.98 (CHANGED)
[2026-01-20 09:28:24]   [emp_id: 5065] ✓ Updated: 39.96 → 40.02 (CHANGED)
[2026-01-20 09:28:24]   [emp_id: 5071] ✓ Updated: 24.4 → 24.48 (CHANGED)
[2026-01-20 09:28:24]   [emp_id: 5073] ✓ Updated: 14.56 → 14.62 (CHANGED)
[2026-01-20 09:28:24]   [emp_id: 5079] ✓ Updated: 35.12 → 35.18 (CHANGED)
[2026-01-20 09:28:24]   [emp_id: 5080] ✓ Updated: 28.45 → 28.51 (CHANGED)
[2026-01-20 09:28:24]   [emp_id: 5081] ✓ Updated: 16.71 → 16.77 (CHANGED)
[2026-01-20 09:28:24]   [emp_id: 5087] ✓ Updated: 36.75 → 36.81 (CHANGED)
[2026-01-20 09:28:24]   [emp_id: 5091] ✓ Updated: 76.6 → 76.66 (CHANGED)
[2026-01-20 09:28:24]   [emp_id: 5093] ✓ Updated: 15.57 → 15.65 (CHANGED)
[2026-01-20 09:28:24]   [emp_id: 5095] ✓ Updated: 2.14 → 2.2 (CHANGED)
[2026-01-20 09:28:24]   [emp_id: 5101] ✓ Updated: 17.65 → 17.73 (CHANGED)
[2026-01-20 09:28:24]   [emp_id: 5107] ✓ Updated: 15.98 → 16.06 (CHANGED)
[2026-01-20 09:28:25]   [emp_id: 5109] ✓ Updated: 13.23 → 13.31 (CHANGED)
[2026-01-20 09:28:25]   [emp_id: 5119] ✓ Updated: 11.4 → 11.48 (CHANGED)
[2026-01-20 09:28:25]   [emp_id: 5122] ✓ Updated: 8.57 → 8.65 (CHANGED)
[2026-01-20 09:28:25]   [emp_id: 5126] ✓ Updated: 27.48 → 27.54 (CHANGED)
[2026-01-20 09:28:25]   [emp_id: 5127] ✓ Updated: 24.27 → 24.33 (CHANGED)
[2026-01-20 09:28:25]   [emp_id: 5128] ✓ Updated: 27.42 → 27.48 (CHANGED)
[2026-01-20 09:28:25]   [emp_id: 5138] ✓ Updated: 51.23 → 51.31 (CHANGED)
[2026-01-20 09:28:25]   [emp_id: 5138] ✓ Updated: 51.23 → 51.31 (CHANGED)
[2026-01-20 09:28:25]   [emp_id: 5141] ✓ Updated: 35.79 → 35.85 (CHANGED)
[2026-01-20 09:28:25]   [emp_id: 5142] ✓ Updated: 14.79 → 14.85 (CHANGED)
[2026-01-20 09:28:25]   [emp_id: 5146] ✓ Updated: 21.79 → 21.85 (CHANGED)
[2026-01-20 09:28:25]   [emp_id: 5147] ✓ Updated: 20.79 → 20.85 (CHANGED)
[2026-01-20 09:28:25]   [emp_id: 5148] ✓ Updated: 26.14 → 26.2 (CHANGED)
[2026-01-20 09:28:25]   [emp_id: 5149] ✓ Updated: 25.03 → 25.09 (CHANGED)
[2026-01-20 09:28:25]   [emp_id: 5150] ✓ Updated: 24.39 → 24.45 (CHANGED)
[2026-01-20 09:28:25]   [emp_id: 5151] ✓ Updated: 24.21 → 24.27 (CHANGED)
[2026-01-20 09:28:25]   [emp_id: 5152] ✓ Updated: 4.63 → 4.69 (CHANGED)
[2026-01-20 09:28:25]   [emp_id: 5157] ✓ Updated: 24.21 → 24.27 (CHANGED)
[2026-01-20 09:28:25]   [emp_id: 5160] ✓ Updated: 24.21 → 24.27 (CHANGED)
[2026-01-20 09:28:25]   [emp_id: 5163] ✓ Updated: 22 → 22.06 (CHANGED)
[2026-01-20 09:28:25]   [emp_id: 5165] ✓ Updated: 2.67 → 2.75 (CHANGED)
[2026-01-20 09:28:25]   [emp_id: 5167] ✓ Updated: 31.15 → 31.21 (CHANGED)
[2026-01-20 09:28:25]   [emp_id: 5168] ✓ Updated: 23.69 → 23.75 (CHANGED)
[2026-01-20 09:28:25]   [emp_id: 5173] ✓ Updated: 26.32 → 26.4 (CHANGED)
[2026-01-20 09:28:25]   [emp_id: 5174] ✓ Updated: 24.15 → 24.21 (CHANGED)
[2026-01-20 09:28:25]   [emp_id: 5181] ✓ Updated: 20.54 → 20.6 (CHANGED)
[2026-01-20 09:28:25]   [emp_id: 5186] ✓ Updated: 26.07 → 26.13 (CHANGED)
[2026-01-20 09:28:25]   [emp_id: 5187] ✓ Updated: 37.07 → 37.13 (CHANGED)
[2026-01-20 09:28:25]   [emp_id: 5204] ✓ Updated: 23.82 → 23.9 (CHANGED)
[2026-01-20 09:28:25]   [emp_id: 5205] ✓ Updated: 13.28 → 13.34 (CHANGED)
[2026-01-20 09:28:25]   [emp_id: 5209] ✓ Updated: 16.28 → 16.34 (CHANGED)
[2026-01-20 09:28:25]   [emp_id: 5213] ✓ Updated: 3.69 → 3.75 (CHANGED)
[2026-01-20 09:28:25]   [emp_id: 5214] ✓ Updated: 2.53 → 2.59 (CHANGED)
[2026-01-20 09:28:25]   [emp_id: 5215] ✓ Updated: 11.28 → 11.34 (CHANGED)
[2026-01-20 09:28:25]   [emp_id: 5217] ✓ Updated: 10.28 → 10.34 (CHANGED)
[2026-01-20 09:28:25]   [emp_id: 5219] ✓ Updated: 14.28 → 14.34 (CHANGED)
[2026-01-20 09:28:25]   [emp_id: 5221] ✓ Updated: 3.59 → 3.65 (CHANGED)
[2026-01-20 09:28:25]   [emp_id: 5224] ✓ Updated: 15.28 → 15.34 (CHANGED)
[2026-01-20 09:28:25]   [emp_id: 5225] ✓ Updated: 7.59 → 7.65 (CHANGED)
[2026-01-20 09:28:25]   [emp_id: 5228] ✓ Updated: 10.28 → 10.34 (CHANGED)
[2026-01-20 09:28:25]   [emp_id: 5229] ✓ Updated: 6.28 → 6.34 (CHANGED)
[2026-01-20 09:28:25]   [emp_id: 5230] ✓ Updated: 14.95 → 15.01 (CHANGED)
[2026-01-20 09:28:25]   [emp_id: 5231] ✓ Updated: 7.28 → 7.34 (CHANGED)
[2026-01-20 09:28:25]   [emp_id: 5232] ✓ Updated: 1.28 → 1.34 (CHANGED)
[2026-01-20 09:28:25]   [emp_id: 5233] ✓ Updated: 5.28 → 5.34 (CHANGED)
[2026-01-20 09:28:26]   [emp_id: 5234] ✓ Updated: 5.28 → 5.34 (CHANGED)
[2026-01-20 09:28:26]   [emp_id: 5235] ✓ Updated: 0.72 → 0.78 (CHANGED)
[2026-01-20 09:28:26]   [emp_id: 5237] ✓ Updated: 11.53 → 11.59 (CHANGED)
[2026-01-20 09:28:26]   [emp_id: 5239] ✓ Updated: 8.28 → 8.34 (CHANGED)
[2026-01-20 09:28:26]   [emp_id: 5241] ✓ Updated: 6.28 → 6.34 (CHANGED)
[2026-01-20 09:28:26]   [emp_id: 5242] ✓ Updated: 16.28 → 16.34 (CHANGED)
[2026-01-20 09:28:26]   [emp_id: 5243] ✓ Updated: 2.69 → 2.75 (CHANGED)
[2026-01-20 09:28:26]   [emp_id: 5244] ✓ Updated: 0.72 → 0.78 (CHANGED)
[2026-01-20 09:28:26]   [emp_id: 5246] ✓ Updated: 12.28 → 12.34 (CHANGED)
[2026-01-20 09:28:26]   [emp_id: 5253] ✓ Updated: 25.15 → 25.21 (CHANGED)
[2026-01-20 09:28:26]   [emp_id: 5254] ✓ Updated: 13.13 → 13.19 (CHANGED)
[2026-01-20 09:28:26]   [emp_id: 5257] ✓ Updated: 12.84 → 12.9 (CHANGED)
[2026-01-20 09:28:26]   [emp_id: 5259] ✓ Updated: 49.37 → 49.43 (CHANGED)
[2026-01-20 09:28:26]   [emp_id: 5261] ✓ Updated: 17.42 → 17.5 (CHANGED)
[2026-01-20 09:28:26]   [emp_id: 5264] ✓ Updated: 14.85 → 14.91 (CHANGED)
[2026-01-20 09:28:26]   [emp_id: 5266] ✓ Updated: 21.47 → 21.53 (CHANGED)
[2026-01-20 09:28:26]   [emp_id: 5268] ✓ Updated: 10.04 → 10.1 (CHANGED)
[2026-01-20 09:28:26]   [emp_id: 5271] ✓ Updated: 8.7 → 8.76 (CHANGED)
[2026-01-20 09:28:26]   [emp_id: 5272] ✓ Updated: 9.57 → 9.63 (CHANGED)
[2026-01-20 09:28:26]   [emp_id: 5273] ✓ Updated: 24.64 → 24.7 (CHANGED)
[2026-01-20 09:28:26]   [emp_id: 5275] ✓ Updated: 10.39 → 10.45 (CHANGED)
[2026-01-20 09:28:26]   [emp_id: 5276] ✓ Updated: 24.66 → 24.72 (CHANGED)
[2026-01-20 09:28:26]   [emp_id: 5278] ✓ Updated: 9.05 → 9.11 (CHANGED)
[2026-01-20 09:28:26]   [emp_id: 5280] ✓ Updated: 19.45 → 19.51 (CHANGED)
[2026-01-20 09:28:26]   [emp_id: 5282] ✓ Updated: 12.9 → 12.98 (CHANGED)
[2026-01-20 09:28:26]   [emp_id: 5285] ✓ Updated: 29.45 → 29.51 (CHANGED)
[2026-01-20 09:28:26]   [emp_id: 5286] ✓ Updated: 16.45 → 16.51 (CHANGED)
[2026-01-20 09:28:26]   [emp_id: 5287] ✓ Updated: 50.75 → 50.81 (CHANGED)
[2026-01-20 09:28:26]   [emp_id: 5288] ✓ Updated: 8.02 → 8.08 (CHANGED)
[2026-01-20 09:28:26]   [emp_id: 5289] ✓ Updated: 49.3 → 49.36 (CHANGED)
[2026-01-20 09:28:26]   [emp_id: 5290] ✓ Updated: 48.07 → 48.13 (CHANGED)
[2026-01-20 09:28:26]   [emp_id: 5291] ✓ Updated: 6.07 → 6.13 (CHANGED)
[2026-01-20 09:28:26]   [emp_id: 5292] ✓ Updated: 6.01 → 6.07 (CHANGED)
[2026-01-20 09:28:26]   [emp_id: 5293] ✓ Updated: 9.16 → 9.24 (CHANGED)
[2026-01-20 09:28:26]   [emp_id: 5294] ✓ Updated: 8.82 → 8.9 (CHANGED)
[2026-01-20 09:28:26]   [emp_id: 5295] ✓ Updated: 22.25 → 22.31 (CHANGED)
[2026-01-20 09:28:26]   [emp_id: 5296] ✓ Updated: 35.84 → 35.92 (CHANGED)
[2026-01-20 09:28:26]   [emp_id: 5297] ✓ Updated: 46.67 → 46.73 (CHANGED)
[2026-01-20 09:28:26]   [emp_id: 5298] ✓ Updated: 46.67 → 46.73 (CHANGED)
[2026-01-20 09:28:26]   [emp_id: 5299] ✓ Updated: 46.67 → 46.73 (CHANGED)
[2026-01-20 09:28:26]   [emp_id: 5300] ✓ Updated: 46.67 → 46.73 (CHANGED)
[2026-01-20 09:28:26]   [emp_id: 5301] ✓ Updated: 4.49 → 4.55 (CHANGED)
[2026-01-20 09:28:26]   [emp_id: 5303] ✓ Updated: 4.92 → 4.98 (CHANGED)
[2026-01-20 09:28:26]   [emp_id: 5304] ✓ Updated: 46.67 → 46.73 (CHANGED)
[2026-01-20 09:28:27]   [emp_id: 5305] ✓ Updated: 4.67 → 4.73 (CHANGED)
[2026-01-20 09:28:27]   [emp_id: 5306] ✓ Updated: 46.38 → 46.44 (CHANGED)
[2026-01-20 09:28:27]   [emp_id: 5307] ✓ Updated: 46.38 → 46.44 (CHANGED)
[2026-01-20 09:28:27]   [emp_id: 5312] ✓ Updated: 0.72 → 0.78 (CHANGED)
[2026-01-20 09:28:27]   [emp_id: 5318] ✓ Updated: 27.09 → 27.15 (CHANGED)
[2026-01-20 09:28:27]   [emp_id: 5325] ✓ Updated: 1.05 → 1.11 (CHANGED)
[2026-01-20 09:28:27]   [emp_id: 5327] ✓ Updated: 2.14 → 2.2 (CHANGED)
[2026-01-20 09:28:27]   [emp_id: 5337] ✓ Updated: 36.73 → 36.81 (CHANGED)
[2026-01-20 09:28:27]   [emp_id: 5339] ✓ Updated: 11.24 → 11.3 (CHANGED)
[2026-01-20 09:28:27]   [emp_id: 5343] ✓ Updated: 46.65 → 46.73 (CHANGED)
[2026-01-20 09:28:27]   [emp_id: 5343] ✓ Updated: 46.65 → 46.73 (CHANGED)
[2026-01-20 09:28:27]   [emp_id: 5345] ✓ Updated: 16.48 → 16.56 (CHANGED)
[2026-01-20 09:28:27]   [emp_id: 5346] ✓ Updated: 2.96 → 3.02 (CHANGED)
[2026-01-20 09:28:27]   [emp_id: 5351] ✓ Updated: 17.9 → 17.96 (CHANGED)
[2026-01-20 09:28:27]   [emp_id: 5352] ✓ Updated: 26.9 → 26.98 (CHANGED)
[2026-01-20 09:28:27]   [emp_id: 5370] ✓ Updated: 16.55 → 16.61 (CHANGED)
[2026-01-20 09:28:27]   [emp_id: 5371] ✓ Updated: 8.65 → 8.73 (CHANGED)
[2026-01-20 09:28:27]   [emp_id: 5376] ✓ Updated: 11.15 → 11.21 (CHANGED)
[2026-01-20 09:28:27]   [emp_id: 5378] ✓ Updated: 18.73 → 18.81 (CHANGED)
[2026-01-20 09:28:27]   [emp_id: 5380] ✓ Updated: 17.56 → 17.62 (CHANGED)
[2026-01-20 09:28:27]   [emp_id: 5381] ✓ Updated: 13.17 → 13.25 (CHANGED)
[2026-01-20 09:28:27]   [emp_id: 5383] ✓ Updated: 17.48 → 17.56 (CHANGED)
[2026-01-20 09:28:27]   [emp_id: 5388] ✓ Updated: 28.34 → 28.4 (CHANGED)
[2026-01-20 09:28:27]   [emp_id: 5396] ✓ Updated: 29.58 → 29.64 (CHANGED)
[2026-01-20 09:28:27]   [emp_id: 5397] ✓ Updated: 21.04 → 21.1 (CHANGED)
[2026-01-20 09:28:27]   [emp_id: 5401] ✓ Updated: 24.15 → 24.21 (CHANGED)
[2026-01-20 09:28:27]   [emp_id: 5402] ✓ Updated: 24.27 → 24.33 (CHANGED)
[2026-01-20 09:28:27]   [emp_id: 5406] ✓ Updated: 17.99 → 18.05 (CHANGED)
[2026-01-20 09:28:27]   [emp_id: 5407] ✓ Updated: 17.25 → 17.33 (CHANGED)
[2026-01-20 09:28:27]   [emp_id: 5409] ✓ Updated: 17.33 → 17.39 (CHANGED)
[2026-01-20 09:28:27]   [emp_id: 5413] ✓ Updated: 29.65 → 29.73 (CHANGED)
[2026-01-20 09:28:27]   [emp_id: 5414] ✓ Updated: 29.32 → 29.4 (CHANGED)
[2026-01-20 09:28:27]   [emp_id: 5415] ✓ Updated: 5.25 → 5.33 (CHANGED)
[2026-01-20 09:28:27]   [emp_id: 5418] ✓ Updated: 16.39 → 16.45 (CHANGED)
[2026-01-20 09:28:27]   [emp_id: 5422] ✓ Updated: 21.98 → 22.06 (CHANGED)
[2026-01-20 09:28:27]   [emp_id: 5423] ✓ Updated: 6.67 → 6.75 (CHANGED)
[2026-01-20 09:28:27]   [emp_id: 5425] ✓ Updated: 14.94 → 15 (CHANGED)
[2026-01-20 09:28:27]   [emp_id: 5426] ✓ Updated: 3.22 → 3.3 (CHANGED)
[2026-01-20 09:28:27]   [emp_id: 5426] ✓ Updated: 3.22 → 3.3 (CHANGED)
[2026-01-20 09:28:27]   [emp_id: 5427] ✓ Updated: 15.05 → 15.11 (CHANGED)
[2026-01-20 09:28:27]   [emp_id: 5428] ✓ Updated: 14.94 → 15 (CHANGED)
[2026-01-20 09:28:27]   [emp_id: 5430] ✓ Updated: 19.04 → 19.12 (CHANGED)
[2026-01-20 09:28:27]   [emp_id: 5431] ✓ Updated: 14.06 → 14.12 (CHANGED)
[2026-01-20 09:28:27]   [emp_id: 5433] ✓ Updated: 14.08 → 14.14 (CHANGED)
[2026-01-20 09:28:27]   [emp_id: 5434] ✓ Updated: 13.83 → 13.89 (CHANGED)
[2026-01-20 09:28:28]   [emp_id: 5435] ✓ Updated: 13.77 → 13.83 (CHANGED)
[2026-01-20 09:28:28]   [emp_id: 5436] ✓ Updated: 13.77 → 13.83 (CHANGED)
[2026-01-20 09:28:28]   [emp_id: 5438] ✓ Updated: 16.9 → 16.98 (CHANGED)
[2026-01-20 09:28:28]   [emp_id: 5439] ✓ Updated: 26.4 → 26.48 (CHANGED)
[2026-01-20 09:28:28]   [emp_id: 5442] ✓ Updated: 15.4 → 15.48 (CHANGED)
[2026-01-20 09:28:28]   [emp_id: 5445] ✓ Updated: 8.23 → 8.29 (CHANGED)
[2026-01-20 09:28:28]   [emp_id: 5446] ✓ Updated: 8.23 → 8.29 (CHANGED)
[2026-01-20 09:28:28]   [emp_id: 5447] ✓ Updated: 8.17 → 8.23 (CHANGED)
[2026-01-20 09:28:28]   [emp_id: 5448] ✓ Updated: 2.42 → 2.5 (CHANGED)
[2026-01-20 09:28:28]   [emp_id: 5449] ✓ Updated: 6.25 → 6.31 (CHANGED)
[2026-01-20 09:28:28]   [emp_id: 5450] ✓ Updated: 6.19 → 6.25 (CHANGED)
[2026-01-20 09:28:28]   [emp_id: 5451] ✓ Updated: 6.19 → 6.25 (CHANGED)
[2026-01-20 09:28:28]   [emp_id: 5453] ✓ Updated: 6.03 → 6.09 (CHANGED)
[2026-01-20 09:28:28]   [emp_id: 5454] ✓ Updated: 8.48 → 8.56 (CHANGED)
[2026-01-20 09:28:28]   [emp_id: 5455] ✓ Updated: 2.73 → 2.81 (CHANGED)
[2026-01-20 09:28:28]   [emp_id: 5456] ✓ Updated: 7.73 → 7.81 (CHANGED)
[2026-01-20 09:28:28]   [emp_id: 5457] ✓ Updated: 5.28 → 5.34 (CHANGED)
[2026-01-20 09:28:28]   [emp_id: 5460] ✓ Updated: 6.38 → 6.46 (CHANGED)
[2026-01-20 09:28:28]   [emp_id: 5463] ✓ Updated: 5.71 → 5.79 (CHANGED)
[2026-01-20 09:28:28]   [emp_id: 5464] ✓ Updated: 5.71 → 5.79 (CHANGED)
[2026-01-20 09:28:28]   [emp_id: 5466] ✓ Updated: 3.46 → 3.54 (CHANGED)
[2026-01-20 09:28:28]   [emp_id: 5467] ✓ Updated: 2.38 → 2.46 (CHANGED)
[2026-01-20 09:28:28]   [emp_id: 5468] ✓ Updated: 1.33 → 1.41 (CHANGED)
[2026-01-20 09:28:28]   [emp_id: 5469] ✓ Updated: 1.24 → 1.32 (CHANGED)
[2026-01-20 09:28:28]   [emp_id: 5470] ✓ Updated: 0.91 → 0.99 (CHANGED)
[2026-01-20 09:28:28] Report saved to: D:\xampp\htdocs\almutlak\system/cron_logs/last_vacation_update_report.json
[2026-01-20 10:07:01] ========== CRON: Vacation Balance Update Started ==========
