[2026-01-15 08:07:26] ========== CRON: Vacation Balance Update Started ==========
[2026-01-15 08:07:26] Database connection established
[2026-01-15 08:07:26] Found 434 active employees with balance records to update
[2026-01-15 08:07:26] (Only employees with status=1 will be processed)
[2026-01-15 08:07:26]   [emp_id: 1061] ✓ Updated: 0.56 → 0.64 (CHANGED)
[2026-01-15 08:07:26]   [emp_id: 1496] ✓ Updated: 17.41 → 17.49 (CHANGED)
[2026-01-15 08:07:26]   [emp_id: 1500] ✓ Updated: 5.09 → 5.17 (CHANGED)
[2026-01-15 08:07:26]   [emp_id: 1574] ✓ Updated: 34.32 → 34.4 (CHANGED)
[2026-01-15 08:07:26]   [emp_id: 1673] ✓ Updated: 45.82 → 45.9 (CHANGED)
[2026-01-15 08:07:26]   [emp_id: 1685] ✓ Updated: 15.74 → 15.82 (CHANGED)
[2026-01-15 08:07:26]   [emp_id: 1764] ✓ Updated: 70.41 → 70.49 (CHANGED)
[2026-01-15 08:07:26]   [emp_id: 1805] ✓ Updated: 64.74 → 64.82 (CHANGED)
[2026-01-15 08:07:26]   [emp_id: 1822] ✓ Updated: 69.49 → 69.57 (CHANGED)
[2026-01-15 08:07:26]   [emp_id: 1837] ✓ Updated: 25.66 → 25.74 (CHANGED)
[2026-01-15 08:07:26]   [emp_id: 1857] ✓ Updated: 20.99 → 21.07 (CHANGED)
[2026-01-15 08:07:26]   [emp_id: 1861] ✓ Updated: 71.82 → 71.9 (CHANGED)
[2026-01-15 08:07:26]   [emp_id: 1872] ✓ Updated: 10.66 → 10.74 (CHANGED)
[2026-01-15 08:07:26]   [emp_id: 1897] ✓ Updated: 5.99 → 6.07 (CHANGED)
[2026-01-15 08:07:26]   [emp_id: 1916] ✓ Updated: 12.29 → 12.37 (CHANGED)
[2026-01-15 08:07:26]   [emp_id: 1928] ✓ Updated: 65.24 → 65.32 (CHANGED)
[2026-01-15 08:07:26]   [emp_id: 1931] ✓ Updated: 85.16 → 85.24 (CHANGED)
[2026-01-15 08:07:26]   [emp_id: 1944] ✓ Updated: 43.32 → 43.4 (CHANGED)
[2026-01-15 08:07:26]   [emp_id: 1996] ✓ Updated: 71.82 → 71.9 (CHANGED)
[2026-01-15 08:07:26]   [emp_id: 1997] ✓ Updated: 36.99 → 37.07 (CHANGED)
[2026-01-15 08:07:26]   [emp_id: 1998] ✓ Updated: 28.43 → 28.51 (CHANGED)
[2026-01-15 08:07:26]   [emp_id: 1999] ✓ Updated: 29.43 → 29.51 (CHANGED)
[2026-01-15 08:07:26]   [emp_id: 2009] ✓ Updated: 35.74 → 35.82 (CHANGED)
[2026-01-15 08:07:26]   [emp_id: 2048] ✓ Updated: 25.57 → 25.65 (CHANGED)
[2026-01-15 08:07:26]   [emp_id: 2057] ✓ Updated: 66.41 → 66.49 (CHANGED)
[2026-01-15 08:07:26]   [emp_id: 2079] ✓ Updated: 48.74 → 48.82 (CHANGED)
[2026-01-15 08:07:26]   [emp_id: 2181] ✓ Updated: 37.74 → 37.82 (CHANGED)
[2026-01-15 08:07:26]   [emp_id: 2190] ✓ Updated: 7.07 → 7.15 (CHANGED)
[2026-01-15 08:07:26]   [emp_id: 2212] ✓ Updated: 25.07 → 25.15 (CHANGED)
[2026-01-15 08:07:26]   [emp_id: 2226] ✓ Updated: 69.82 → 69.9 (CHANGED)
[2026-01-15 08:07:26]   [emp_id: 2238] ✓ Updated: 68.07 → 68.15 (CHANGED)
[2026-01-15 08:07:26]   [emp_id: 2285] ✓ Updated: 36.74 → 36.82 (CHANGED)
[2026-01-15 08:07:27]   [emp_id: 2287] ✓ Updated: 48.41 → 48.49 (CHANGED)
[2026-01-15 08:07:27]   [emp_id: 2288] ✓ Updated: 3.43 → 3.51 (CHANGED)
[2026-01-15 08:07:27]   [emp_id: 2316] ✓ Updated: 17.24 → 17.32 (CHANGED)
[2026-01-15 08:07:27]   [emp_id: 2337] ✓ Updated: 38.32 → 38.4 (CHANGED)
[2026-01-15 08:07:27]   [emp_id: 2352] ✓ Updated: 69.82 → 69.9 (CHANGED)
[2026-01-15 08:07:27]   [emp_id: 2358] ✓ Updated: 6.32 → 6.4 (CHANGED)
[2026-01-15 08:07:27]   [emp_id: 2361] ✓ Updated: 71.99 → 72.07 (CHANGED)
[2026-01-15 08:07:27]   [emp_id: 2363] ✓ Updated: 74.57 → 74.65 (CHANGED)
[2026-01-15 08:07:27]   [emp_id: 2364] ✓ Updated: 73.99 → 74.07 (CHANGED)
[2026-01-15 08:07:27]   [emp_id: 2367] ✓ Updated: 101.66 → 101.74 (CHANGED)
[2026-01-15 08:07:27]   [emp_id: 2368] ✓ Updated: 32.07 → 32.15 (CHANGED)
[2026-01-15 08:07:27]   [emp_id: 2372] ✓ Updated: 69.32 → 69.4 (CHANGED)
[2026-01-15 08:07:27]   [emp_id: 2376] ✓ Updated: 119.32 → 119.4 (CHANGED)
[2026-01-15 08:07:27]   [emp_id: 2423] ✓ Updated: 20.07 → 20.15 (CHANGED)
[2026-01-15 08:07:27]   [emp_id: 2519] ✓ Updated: 113.74 → 113.82 (CHANGED)
[2026-01-15 08:07:27]   [emp_id: 2522] ✓ Updated: 57.32 → 57.4 (CHANGED)
[2026-01-15 08:07:27]   [emp_id: 2530] ✓ Updated: 52.57 → 52.65 (CHANGED)
[2026-01-15 08:07:27]   [emp_id: 2539] ✓ Updated: 49.32 → 49.4 (CHANGED)
[2026-01-15 08:07:27]   [emp_id: 2541] ✓ Updated: 29.91 → 29.99 (CHANGED)
[2026-01-15 08:07:27]   [emp_id: 2550] ✓ Updated: 96.07 → 96.15 (CHANGED)
[2026-01-15 08:07:27]   [emp_id: 2553] ✓ Updated: 33.18 → 33.26 (CHANGED)
[2026-01-15 08:07:27]   [emp_id: 2554] ✓ Updated: 39.66 → 39.74 (CHANGED)
[2026-01-15 08:07:27]   [emp_id: 2565] ✓ Updated: 94.24 → 94.32 (CHANGED)
[2026-01-15 08:07:27]   [emp_id: 2572] ✓ Updated: 44.24 → 44.32 (CHANGED)
[2026-01-15 08:07:27]   [emp_id: 2637] ✓ Updated: 64.82 → 64.9 (CHANGED)
[2026-01-15 08:07:27]   [emp_id: 2642] ✓ Updated: 77.57 → 77.65 (CHANGED)
[2026-01-15 08:07:27]   [emp_id: 2645] ✓ Updated: 93.57 → 93.65 (CHANGED)
[2026-01-15 08:07:27]   [emp_id: 2648] ✓ Updated: 45.24 → 45.32 (CHANGED)
[2026-01-15 08:07:27]   [emp_id: 2654] ✓ Updated: 87.91 → 87.99 (CHANGED)
[2026-01-15 08:07:27]   [emp_id: 2688] ✓ Updated: 25.99 → 26.07 (CHANGED)
[2026-01-15 08:07:27]   [emp_id: 2690] ✓ Updated: 14.74 → 14.82 (CHANGED)
[2026-01-15 08:07:27]   [emp_id: 2709] ✓ Updated: 36.99 → 37.07 (CHANGED)
[2026-01-15 08:07:27]   [emp_id: 2745] ✓ Updated: 33.57 → 33.65 (CHANGED)
[2026-01-15 08:07:27]   [emp_id: 2843] ✓ Updated: 80.16 → 80.24 (CHANGED)
[2026-01-15 08:07:27]   [emp_id: 2854] ✓ Updated: 60.07 → 60.15 (CHANGED)
[2026-01-15 08:07:27]   [emp_id: 2869] ✓ Updated: 3.99 → 4.07 (CHANGED)
[2026-01-15 08:07:27]   [emp_id: 2876] ✓ Updated: 34.82 → 34.9 (CHANGED)
[2026-01-15 08:07:27]   [emp_id: 2924] ✓ Updated: 15.99 → 16.07 (CHANGED)
[2026-01-15 08:07:27]   [emp_id: 2953] ✓ Updated: 101.74 → 101.82 (CHANGED)
[2026-01-15 08:07:27]   [emp_id: 2961] ✓ Updated: 11.74 → 11.82 (CHANGED)
[2026-01-15 08:07:28]   [emp_id: 2975] ✓ Updated: 1.42 → 1.5 (CHANGED)
[2026-01-15 08:07:28]   [emp_id: 3013] ✓ Updated: 10.74 → 10.82 (CHANGED)
[2026-01-15 08:07:28]   [emp_id: 3014] ✓ Updated: 89.99 → 90.07 (CHANGED)
[2026-01-15 08:07:28]   [emp_id: 3015] ✓ Updated: 1.24 → 1.32 (CHANGED)
[2026-01-15 08:07:28]   [emp_id: 3018] ✓ Updated: 59.99 → 60.07 (CHANGED)
[2026-01-15 08:07:28]   [emp_id: 3025] ✓ Updated: 23.76 → 23.84 (CHANGED)
[2026-01-15 08:07:28]   [emp_id: 3037] ✓ Updated: 83.49 → 83.57 (CHANGED)
[2026-01-15 08:07:28]   [emp_id: 3047] ✓ Updated: 71.74 → 71.82 (CHANGED)
[2026-01-15 08:07:28]   [emp_id: 3061] ✓ Updated: 18.66 → 18.74 (CHANGED)
[2026-01-15 08:07:28]   [emp_id: 3062] ✓ Updated: 51.82 → 51.9 (CHANGED)
[2026-01-15 08:07:28]   [emp_id: 3074] ✓ Updated: 108.24 → 108.32 (CHANGED)
[2026-01-15 08:07:28]   [emp_id: 3089] ✓ Updated: 7.16 → 7.24 (CHANGED)
[2026-01-15 08:07:28]   [emp_id: 3090] ✓ Updated: 33.74 → 33.82 (CHANGED)
[2026-01-15 08:07:28]   [emp_id: 3091] ✓ Updated: 45.74 → 45.82 (CHANGED)
[2026-01-15 08:07:28]   [emp_id: 3092] ✓ Updated: 28.41 → 28.49 (CHANGED)
[2026-01-15 08:07:28]   [emp_id: 3105] ✓ Updated: 48.74 → 48.82 (CHANGED)
[2026-01-15 08:07:28]   [emp_id: 3134] ✓ Updated: 44.49 → 44.57 (CHANGED)
[2026-01-15 08:07:28]   [emp_id: 3140] ✓ Updated: 41.57 → 41.65 (CHANGED)
[2026-01-15 08:07:28]   [emp_id: 3144] ✓ Updated: 14.41 → 14.49 (CHANGED)
[2026-01-15 08:07:28]   [emp_id: 3156] ✓ Updated: 17.74 → 17.82 (CHANGED)
[2026-01-15 08:07:28]   [emp_id: 3162] ✓ Updated: 2.72 → 2.8 (CHANGED)
[2026-01-15 08:07:28]   [emp_id: 3163] ✓ Updated: 5.99 → 6.07 (CHANGED)
[2026-01-15 08:07:28]   [emp_id: 3198] ✓ Updated: 40.99 → 41.07 (CHANGED)
[2026-01-15 08:07:28]   [emp_id: 3205] ✓ Updated: 17.66 → 17.74 (CHANGED)
[2026-01-15 08:07:28]   [emp_id: 3209] ✓ Updated: 41.82 → 41.9 (CHANGED)
[2026-01-15 08:07:28]   [emp_id: 3223] ✓ Updated: 90.74 → 90.82 (CHANGED)
[2026-01-15 08:07:28]   [emp_id: 3224] ✓ Updated: 65.49 → 65.57 (CHANGED)
[2026-01-15 08:07:28]   [emp_id: 3230] ✓ Updated: 88.91 → 88.99 (CHANGED)
[2026-01-15 08:07:28]   [emp_id: 3231] ✓ Updated: 1.28 → 1.36 (CHANGED)
[2026-01-15 08:07:28]   [emp_id: 3233] ✓ Updated: 81.74 → 81.82 (CHANGED)
[2026-01-15 08:07:28]   [emp_id: 3249] ✓ Updated: 37.57 → 37.65 (CHANGED)
[2026-01-15 08:07:28]   [emp_id: 3250] ✓ Updated: 10.57 → 10.65 (CHANGED)
[2026-01-15 08:07:28]   [emp_id: 3252] ✓ Updated: 11.49 → 11.57 (CHANGED)
[2026-01-15 08:07:28]   [emp_id: 3254] ✓ Updated: 21.99 → 22.07 (CHANGED)
[2026-01-15 08:07:28]   [emp_id: 3255] ✓ Updated: 18.41 → 18.49 (CHANGED)
[2026-01-15 08:07:28]   [emp_id: 3256] ✓ Updated: 14.66 → 14.74 (CHANGED)
[2026-01-15 08:07:28]   [emp_id: 3263] ✓ Updated: 30.74 → 30.82 (CHANGED)
[2026-01-15 08:07:28]   [emp_id: 3265] ✓ Updated: 26.32 → 26.4 (CHANGED)
[2026-01-15 08:07:28]   [emp_id: 3280] ✓ Updated: 73.24 → 73.32 (CHANGED)
[2026-01-15 08:07:29]   [emp_id: 3286] ✓ Updated: 16.41 → 16.49 (CHANGED)
[2026-01-15 08:07:29]   [emp_id: 3294] ✓ Updated: 16.07 → 16.15 (CHANGED)
[2026-01-15 08:07:29]   [emp_id: 3321] ✓ Updated: 73.24 → 73.32 (CHANGED)
[2026-01-15 08:07:29]   [emp_id: 3325] ✓ Updated: 60.99 → 61.07 (CHANGED)
[2026-01-15 08:07:29]   [emp_id: 3329] ✓ Updated: 63.32 → 63.4 (CHANGED)
[2026-01-15 08:07:29]   [emp_id: 3330] ✓ Updated: 63.32 → 63.4 (CHANGED)
[2026-01-15 08:07:29]   [emp_id: 3332] ✓ Updated: 63.32 → 63.4 (CHANGED)
[2026-01-15 08:07:29]   [emp_id: 3370] ✓ Updated: 54.99 → 55.07 (CHANGED)
[2026-01-15 08:07:29]   [emp_id: 3384] ✓ Updated: 15.49 → 15.57 (CHANGED)
[2026-01-15 08:07:29]   [emp_id: 3386] ✓ Updated: 45.49 → 45.57 (CHANGED)
[2026-01-15 08:07:29]   [emp_id: 3431] ✓ Updated: 19.91 → 19.99 (CHANGED)
[2026-01-15 08:07:29]   [emp_id: 3497] ✓ Updated: 10.07 → 10.15 (CHANGED)
[2026-01-15 08:07:29]   [emp_id: 3532] ✓ Updated: 0.91 → 0.99 (CHANGED)
[2026-01-15 08:07:29]   [emp_id: 3602] ✓ Updated: 2.48 → 2.56 (CHANGED)
[2026-01-15 08:07:29]   [emp_id: 3618] ✓ Updated: 24.46 → 24.54 (CHANGED)
[2026-01-15 08:07:29]   [emp_id: 3622] ✓ Updated: 35.19 → 35.25 (CHANGED)
[2026-01-15 08:07:29]   [emp_id: 3627] ✓ Updated: 10.41 → 10.49 (CHANGED)
[2026-01-15 08:07:29]   [emp_id: 3665] ✓ Updated: 51.99 → 52.07 (CHANGED)
[2026-01-15 08:07:29]   [emp_id: 3705] ✓ Updated: 28.52 → 28.58 (CHANGED)
[2026-01-15 08:07:29]   [emp_id: 3724] ✓ Updated: 44.99 → 45.07 (CHANGED)
[2026-01-15 08:07:29]   [emp_id: 3726] ✓ Updated: 61.41 → 61.49 (CHANGED)
[2026-01-15 08:07:29]   [emp_id: 3727] ✓ Updated: 66.49 → 66.57 (CHANGED)
[2026-01-15 08:07:29]   [emp_id: 3728] ✓ Updated: 10.82 → 10.9 (CHANGED)
[2026-01-15 08:07:29]   [emp_id: 3767] ✓ Updated: 1.57 → 1.65 (CHANGED)
[2026-01-15 08:07:29]   [emp_id: 3768] ✓ Updated: 57.82 → 57.9 (CHANGED)
[2026-01-15 08:07:29]   [emp_id: 3787] ✓ Updated: 58.41 → 58.49 (CHANGED)
[2026-01-15 08:07:29]   [emp_id: 3790] ✓ Updated: 2.96 → 3.04 (CHANGED)
[2026-01-15 08:07:29]   [emp_id: 3795] ✓ Updated: 15.91 → 15.99 (CHANGED)
[2026-01-15 08:07:29]   [emp_id: 3798] ✓ Updated: 94.32 → 94.4 (CHANGED)
[2026-01-15 08:07:29]   [emp_id: 3801] ✓ Updated: 2.59 → 2.67 (CHANGED)
[2026-01-15 08:07:29]   [emp_id: 3802] ✓ Updated: 31.57 → 31.65 (CHANGED)
[2026-01-15 08:07:29]   [emp_id: 3803] ✓ Updated: 115.99 → 116.07 (CHANGED)
[2026-01-15 08:07:29]   [emp_id: 3810] ✓ Updated: 121.99 → 122.07 (CHANGED)
[2026-01-15 08:07:29]   [emp_id: 3812] ✓ Updated: 90.99 → 91.07 (CHANGED)
[2026-01-15 08:07:29]   [emp_id: 3815] ✓ Updated: 90.99 → 91.07 (CHANGED)
[2026-01-15 08:07:29]   [emp_id: 3836] ✓ Updated: 58.66 → 58.74 (CHANGED)
[2026-01-15 08:07:29]   [emp_id: 3855] ✓ Updated: 51.82 → 51.9 (CHANGED)
[2026-01-15 08:07:30]   [emp_id: 3857] ✓ Updated: 55.49 → 55.57 (CHANGED)
[2026-01-15 08:07:30]   [emp_id: 3862] ✓ Updated: 103.57 → 103.65 (CHANGED)
[2026-01-15 08:07:30]   [emp_id: 3866] ✓ Updated: 28.82 → 28.9 (CHANGED)
[2026-01-15 08:07:30]   [emp_id: 3876] ✓ Updated: 24.99 → 25.07 (CHANGED)
[2026-01-15 08:07:30]   [emp_id: 3877] ✓ Updated: 50.49 → 50.57 (CHANGED)
[2026-01-15 08:07:30]   [emp_id: 3897] ✓ Updated: 38.74 → 38.82 (CHANGED)
[2026-01-15 08:07:30]   [emp_id: 3899] ✓ Updated: 0.56 → 0.64 (CHANGED)
[2026-01-15 08:07:30]   [emp_id: 3928] ✓ Updated: 14.82 → 14.9 (CHANGED)
[2026-01-15 08:07:30]   [emp_id: 3929] ✓ Updated: 9.82 → 9.9 (CHANGED)
[2026-01-15 08:07:30]   [emp_id: 3935] ✓ Updated: 94.82 → 94.9 (CHANGED)
[2026-01-15 08:07:30]   [emp_id: 3952] ✓ Updated: 76.16 → 76.24 (CHANGED)
[2026-01-15 08:07:30]   [emp_id: 3987] ✓ Updated: 15.07 → 15.15 (CHANGED)
[2026-01-15 08:07:30]   [emp_id: 4059] ✓ Updated: 4.27 → 4.35 (CHANGED)
[2026-01-15 08:07:30]   [emp_id: 4119] ✓ Updated: 57.74 → 57.82 (CHANGED)
[2026-01-15 08:07:30]   [emp_id: 4120] ✓ Updated: 27.32 → 27.4 (CHANGED)
[2026-01-15 08:07:30]   [emp_id: 4124] ✓ Updated: 27.84 → 27.92 (CHANGED)
[2026-01-15 08:07:30]   [emp_id: 4133] ✓ Updated: 106.32 → 106.4 (CHANGED)
[2026-01-15 08:07:30]   [emp_id: 4134] ✓ Updated: 27.32 → 27.4 (CHANGED)
[2026-01-15 08:07:30]   [emp_id: 4136] ✓ Updated: 27.32 → 27.4 (CHANGED)
[2026-01-15 08:07:30]   [emp_id: 4150] ✓ Updated: 25.99 → 26.07 (CHANGED)
[2026-01-15 08:07:30]   [emp_id: 4157] ✓ Updated: 19.49 → 19.57 (CHANGED)
[2026-01-15 08:07:30]   [emp_id: 4172] ✓ Updated: 13.1 → 13.16 (CHANGED)
[2026-01-15 08:07:30]   [emp_id: 4195] ✓ Updated: 63.07 → 63.15 (CHANGED)
[2026-01-15 08:07:30]   [emp_id: 4215] ✓ Updated: 45.74 → 45.82 (CHANGED)
[2026-01-15 08:07:30]   [emp_id: 4220] ✓ Updated: 41.32 → 41.4 (CHANGED)
[2026-01-15 08:07:30]   [emp_id: 4273] ✓ Updated: 9.99 → 10.07 (CHANGED)
[2026-01-15 08:07:30]   [emp_id: 4283] ✓ Updated: 14.19 → 14.25 (CHANGED)
[2026-01-15 08:07:30]   [emp_id: 4288] ✓ Updated: 0.56 → 0.64 (CHANGED)
[2026-01-15 08:07:30]   [emp_id: 4315] ✓ Updated: 13.24 → 13.32 (CHANGED)
[2026-01-15 08:07:30]   [emp_id: 4328] ✓ Updated: 43.02 → 43.08 (CHANGED)
[2026-01-15 08:07:30]   [emp_id: 4329] ✓ Updated: 6.41 → 6.49 (CHANGED)
[2026-01-15 08:07:30]   [emp_id: 4338] ✓ Updated: 47.99 → 48.07 (CHANGED)
[2026-01-15 08:07:30]   [emp_id: 4340] ✓ Updated: 109.99 → 110.07 (CHANGED)
[2026-01-15 08:07:30]   [emp_id: 4365] ✓ Updated: 61.41 → 61.49 (CHANGED)
[2026-01-15 08:07:30]   [emp_id: 4366] ✓ Updated: 60.49 → 60.57 (CHANGED)
[2026-01-15 08:07:30]   [emp_id: 4403] ✓ Updated: 86.32 → 86.4 (CHANGED)
[2026-01-15 08:07:30]   [emp_id: 4438] ✓ Updated: 21.99 → 22.07 (CHANGED)
[2026-01-15 08:07:30]   [emp_id: 4465] ✓ Updated: 13.35 → 13.41 (CHANGED)
[2026-01-15 08:07:30]   [emp_id: 4473] ✓ Updated: 45.57 → 45.65 (CHANGED)
[2026-01-15 08:07:30]   [emp_id: 4474] ✓ Updated: 3.86 → 3.92 (CHANGED)
[2026-01-15 08:07:31]   [emp_id: 4493] ✓ Updated: 164.41 → 164.49 (CHANGED)
[2026-01-15 08:07:31]   [emp_id: 4526] ✓ Updated: 36.66 → 36.74 (CHANGED)
[2026-01-15 08:07:31]   [emp_id: 4528] ✓ Updated: 108.41 → 108.49 (CHANGED)
[2026-01-15 08:07:31]   [emp_id: 4528] ✓ Updated: 108.41 → 108.49 (CHANGED)
[2026-01-15 08:07:31]   [emp_id: 4532] ✓ Updated: 8.47 → 8.53 (CHANGED)
[2026-01-15 08:07:31]   [emp_id: 4533] ✓ Updated: 36.82 → 36.9 (CHANGED)
[2026-01-15 08:07:31]   [emp_id: 4565] ✓ Updated: 15.85 → 15.91 (CHANGED)
[2026-01-15 08:07:31]   [emp_id: 4567] ✓ Updated: 20.1 → 20.16 (CHANGED)
[2026-01-15 08:07:31]   [emp_id: 4572] ✓ Updated: 59.6 → 59.66 (CHANGED)
[2026-01-15 08:07:31]   [emp_id: 4631] ✓ Updated: 15.85 → 15.91 (CHANGED)
[2026-01-15 08:07:31]   [emp_id: 4655] ✓ Updated: 25.74 → 25.82 (CHANGED)
[2026-01-15 08:07:31]   [emp_id: 4709] ✓ Updated: 40.99 → 41.07 (CHANGED)
[2026-01-15 08:07:31]   [emp_id: 4717] ✓ Updated: 66.99 → 67.07 (CHANGED)
[2026-01-15 08:07:31]   [emp_id: 4736] ✓ Updated: 28.82 → 28.9 (CHANGED)
[2026-01-15 08:07:31]   [emp_id: 4756] ✓ Updated: 12.29 → 12.35 (CHANGED)
[2026-01-15 08:07:31]   [emp_id: 4768] ✓ Updated: 14.49 → 14.57 (CHANGED)
[2026-01-15 08:07:31]   [emp_id: 4780] ✓ Updated: 66.02 → 66.08 (CHANGED)
[2026-01-15 08:07:31]   [emp_id: 4820] ✓ Updated: 99.82 → 99.9 (CHANGED)
[2026-01-15 08:07:31]   [emp_id: 4824] ✓ Updated: 3 → 3.08 (CHANGED)
[2026-01-15 08:07:31]   [emp_id: 4825] ✓ Updated: 31.57 → 31.65 (CHANGED)
[2026-01-15 08:07:31]   [emp_id: 4837] ✓ Updated: 46.01 → 46.07 (CHANGED)
[2026-01-15 08:07:31]   [emp_id: 4840] ✓ Updated: 46.01 → 46.07 (CHANGED)
[2026-01-15 08:07:31]   [emp_id: 4842] ✓ Updated: 45.25 → 45.31 (CHANGED)
[2026-01-15 08:07:31]   [emp_id: 4843] ✓ Updated: 45.78 → 45.84 (CHANGED)
[2026-01-15 08:07:31]   [emp_id: 4853] ✓ Updated: 89.6 → 89.66 (CHANGED)
[2026-01-15 08:07:31]   [emp_id: 4856] ✓ Updated: 42.92 → 42.98 (CHANGED)
[2026-01-15 08:07:31]   [emp_id: 4857] ✓ Updated: 25.74 → 25.8 (CHANGED)
[2026-01-15 08:07:31]   [emp_id: 4858] ✓ Updated: 22.62 → 22.68 (CHANGED)
[2026-01-15 08:07:31]   [emp_id: 4859] ✓ Updated: 44.09 → 44.15 (CHANGED)
[2026-01-15 08:07:31]   [emp_id: 4860] ✓ Updated: 8.59 → 8.65 (CHANGED)
[2026-01-15 08:07:31]   [emp_id: 4861] ✓ Updated: 42.05 → 42.11 (CHANGED)
[2026-01-15 08:07:31]   [emp_id: 4869] ✓ Updated: 84.93 → 84.99 (CHANGED)
[2026-01-15 08:07:31]   [emp_id: 4894] ✓ Updated: 8.49 → 8.57 (CHANGED)
[2026-01-15 08:07:31]   [emp_id: 4897] ✓ Updated: 23.83 → 23.89 (CHANGED)
[2026-01-15 08:07:31]   [emp_id: 4899] ✓ Updated: 20 → 20.06 (CHANGED)
[2026-01-15 08:07:31]   [emp_id: 4902] ✓ Updated: 19.42 → 19.48 (CHANGED)
[2026-01-15 08:07:31]   [emp_id: 4903] ✓ Updated: 21.64 → 21.7 (CHANGED)
[2026-01-15 08:07:31]   [emp_id: 4905] ✓ Updated: 20.3 → 20.36 (CHANGED)
[2026-01-15 08:07:31]   [emp_id: 4907] ✓ Updated: 48.57 → 48.65 (CHANGED)
[2026-01-15 08:07:31]   [emp_id: 4917] ✓ Updated: 17.26 → 17.32 (CHANGED)
[2026-01-15 08:07:31]   [emp_id: 4918] ✓ Updated: 7.03 → 7.09 (CHANGED)
[2026-01-15 08:07:32]   [emp_id: 4919] ✓ Updated: 59.32 → 59.38 (CHANGED)
[2026-01-15 08:07:32]   [emp_id: 4920] ✓ Updated: 6.4 → 6.46 (CHANGED)
[2026-01-15 08:07:32]   [emp_id: 4921] ✓ Updated: 18.49 → 18.55 (CHANGED)
[2026-01-15 08:07:32]   [emp_id: 4927] ✓ Updated: 17.32 → 17.38 (CHANGED)
[2026-01-15 08:07:32]   [emp_id: 4929] ✓ Updated: 18.84 → 18.9 (CHANGED)
[2026-01-15 08:07:32]   [emp_id: 4930] ✓ Updated: 59.61 → 59.67 (CHANGED)
[2026-01-15 08:07:32]   [emp_id: 4932] ✓ Updated: 17.61 → 17.67 (CHANGED)
[2026-01-15 08:07:32]   [emp_id: 4933] ✓ Updated: 21.02 → 21.08 (CHANGED)
[2026-01-15 08:07:32]   [emp_id: 4949] ✓ Updated: 24.45 → 24.51 (CHANGED)
[2026-01-15 08:07:32]   [emp_id: 4956] ✓ Updated: 30.04 → 30.1 (CHANGED)
[2026-01-15 08:07:32]   [emp_id: 4957] ✓ Updated: 25.71 → 25.77 (CHANGED)
[2026-01-15 08:07:32]   [emp_id: 4962] ✓ Updated: 47.93 → 48.01 (CHANGED)
[2026-01-15 08:07:32]   [emp_id: 4969] ✓ Updated: 47.24 → 47.32 (CHANGED)
[2026-01-15 08:07:32]   [emp_id: 4976] ✓ Updated: 10.73 → 10.79 (CHANGED)
[2026-01-15 08:07:32]   [emp_id: 4984] ✓ Updated: 38.49 → 38.57 (CHANGED)
[2026-01-15 08:07:32]   [emp_id: 4995] ✓ Updated: 50.56 → 50.64 (CHANGED)
[2026-01-15 08:07:32]   [emp_id: 5004] ✓ Updated: 27.67 → 27.73 (CHANGED)
[2026-01-15 08:07:32]   [emp_id: 5006] ✓ Updated: 27.41 → 27.47 (CHANGED)
[2026-01-15 08:07:32]   [emp_id: 5011] ✓ Updated: 6.34 → 6.42 (CHANGED)
[2026-01-15 08:07:32]   [emp_id: 5013] ✓ Updated: 67.78 → 67.84 (CHANGED)
[2026-01-15 08:07:32]   [emp_id: 5018] ✓ Updated: 4.27 → 4.33 (CHANGED)
[2026-01-15 08:07:32]   [emp_id: 5021] ✓ Updated: 61.59 → 61.67 (CHANGED)
[2026-01-15 08:07:32]   [emp_id: 5024] ✓ Updated: 2.29 → 2.35 (CHANGED)
[2026-01-15 08:07:32]   [emp_id: 5030] ✓ Updated: 32.24 → 32.3 (CHANGED)
[2026-01-15 08:07:32]   [emp_id: 5033] ✓ Updated: 11.04 → 11.1 (CHANGED)
[2026-01-15 08:07:32]   [emp_id: 5043] ✓ Updated: 31.16 → 31.24 (CHANGED)
[2026-01-15 08:07:32]   [emp_id: 5045] ✓ Updated: 27.66 → 27.74 (CHANGED)
[2026-01-15 08:07:32]   [emp_id: 5046] ✓ Updated: 22.85 → 22.93 (CHANGED)
[2026-01-15 08:07:32]   [emp_id: 5049] ✓ Updated: 39.72 → 39.78 (CHANGED)
[2026-01-15 08:07:32]   [emp_id: 5052] ✓ Updated: 31 → 31.06 (CHANGED)
[2026-01-15 08:07:32]   [emp_id: 5055] ✓ Updated: 19.44 → 19.5 (CHANGED)
[2026-01-15 08:07:32]   [emp_id: 5058] ✓ Updated: 28.42 → 28.48 (CHANGED)
[2026-01-15 08:07:32]   [emp_id: 5062] ✓ Updated: 40.25 → 40.31 (CHANGED)
[2026-01-15 08:07:32]   [emp_id: 5064] ✓ Updated: 118.49 → 118.57 (CHANGED)
[2026-01-15 08:07:32]   [emp_id: 5065] ✓ Updated: 39.66 → 39.72 (CHANGED)
[2026-01-15 08:07:32]   [emp_id: 5071] ✓ Updated: 23.99 → 24.07 (CHANGED)
[2026-01-15 08:07:32]   [emp_id: 5073] ✓ Updated: 14.26 → 14.32 (CHANGED)
[2026-01-15 08:07:32]   [emp_id: 5079] ✓ Updated: 34.82 → 34.88 (CHANGED)
[2026-01-15 08:07:32]   [emp_id: 5080] ✓ Updated: 28.15 → 28.21 (CHANGED)
[2026-01-15 08:07:33]   [emp_id: 5081] ✓ Updated: 16.41 → 16.47 (CHANGED)
[2026-01-15 08:07:33]   [emp_id: 5087] ✓ Updated: 36.45 → 36.51 (CHANGED)
[2026-01-15 08:07:33]   [emp_id: 5091] ✓ Updated: 76.3 → 76.36 (CHANGED)
[2026-01-15 08:07:33]   [emp_id: 5093] ✓ Updated: 15.16 → 15.24 (CHANGED)
[2026-01-15 08:07:33]   [emp_id: 5095] ✓ Updated: 1.84 → 1.9 (CHANGED)
[2026-01-15 08:07:33]   [emp_id: 5101] ✓ Updated: 17.24 → 17.32 (CHANGED)
[2026-01-15 08:07:33]   [emp_id: 5107] ✓ Updated: 15.57 → 15.65 (CHANGED)
[2026-01-15 08:07:33]   [emp_id: 5109] ✓ Updated: 12.82 → 12.9 (CHANGED)
[2026-01-15 08:07:33]   [emp_id: 5119] ✓ Updated: 10.99 → 11.07 (CHANGED)
[2026-01-15 08:07:33]   [emp_id: 5122] ✓ Updated: 8.16 → 8.24 (CHANGED)
[2026-01-15 08:07:33]   [emp_id: 5126] ✓ Updated: 27.18 → 27.24 (CHANGED)
[2026-01-15 08:07:33]   [emp_id: 5127] ✓ Updated: 23.97 → 24.03 (CHANGED)
[2026-01-15 08:07:33]   [emp_id: 5128] ✓ Updated: 27.12 → 27.18 (CHANGED)
[2026-01-15 08:07:33]   [emp_id: 5138] ✓ Updated: 50.82 → 50.9 (CHANGED)
[2026-01-15 08:07:33]   [emp_id: 5138] ✓ Updated: 50.82 → 50.9 (CHANGED)
[2026-01-15 08:07:33]   [emp_id: 5141] ✓ Updated: 35.49 → 35.55 (CHANGED)
[2026-01-15 08:07:33]   [emp_id: 5142] ✓ Updated: 14.49 → 14.55 (CHANGED)
[2026-01-15 08:07:33]   [emp_id: 5146] ✓ Updated: 21.49 → 21.55 (CHANGED)
[2026-01-15 08:07:33]   [emp_id: 5147] ✓ Updated: 20.49 → 20.55 (CHANGED)
[2026-01-15 08:07:33]   [emp_id: 5148] ✓ Updated: 25.84 → 25.9 (CHANGED)
[2026-01-15 08:07:33]   [emp_id: 5149] ✓ Updated: 24.73 → 24.79 (CHANGED)
[2026-01-15 08:07:33]   [emp_id: 5150] ✓ Updated: 24.09 → 24.15 (CHANGED)
[2026-01-15 08:07:33]   [emp_id: 5151] ✓ Updated: 23.91 → 23.97 (CHANGED)
[2026-01-15 08:07:33]   [emp_id: 5152] ✓ Updated: 4.33 → 4.39 (CHANGED)
[2026-01-15 08:07:33]   [emp_id: 5157] ✓ Updated: 23.91 → 23.97 (CHANGED)
[2026-01-15 08:07:33]   [emp_id: 5160] ✓ Updated: 23.91 → 23.97 (CHANGED)
[2026-01-15 08:07:33]   [emp_id: 5163] ✓ Updated: 21.7 → 21.76 (CHANGED)
[2026-01-15 08:07:33]   [emp_id: 5165] ✓ Updated: 2.26 → 2.34 (CHANGED)
[2026-01-15 08:07:33]   [emp_id: 5167] ✓ Updated: 30.85 → 30.91 (CHANGED)
[2026-01-15 08:07:33]   [emp_id: 5168] ✓ Updated: 23.39 → 23.45 (CHANGED)
[2026-01-15 08:07:33]   [emp_id: 5173] ✓ Updated: 25.91 → 25.99 (CHANGED)
[2026-01-15 08:07:33]   [emp_id: 5174] ✓ Updated: 23.85 → 23.91 (CHANGED)
[2026-01-15 08:07:33]   [emp_id: 5181] ✓ Updated: 20.24 → 20.3 (CHANGED)
[2026-01-15 08:07:33]   [emp_id: 5186] ✓ Updated: 25.77 → 25.83 (CHANGED)
[2026-01-15 08:07:33]   [emp_id: 5187] ✓ Updated: 36.77 → 36.83 (CHANGED)
[2026-01-15 08:07:33]   [emp_id: 5204] ✓ Updated: 23.41 → 23.49 (CHANGED)
[2026-01-15 08:07:33]   [emp_id: 5205] ✓ Updated: 12.98 → 13.04 (CHANGED)
[2026-01-15 08:07:34]   [emp_id: 5209] ✓ Updated: 15.98 → 16.04 (CHANGED)
[2026-01-15 08:07:34]   [emp_id: 5213] ✓ Updated: 3.39 → 3.45 (CHANGED)
[2026-01-15 08:07:34]   [emp_id: 5214] ✓ Updated: 2.23 → 2.29 (CHANGED)
[2026-01-15 08:07:34]   [emp_id: 5215] ✓ Updated: 10.98 → 11.04 (CHANGED)
[2026-01-15 08:07:34]   [emp_id: 5217] ✓ Updated: 9.98 → 10.04 (CHANGED)
[2026-01-15 08:07:34]   [emp_id: 5219] ✓ Updated: 13.98 → 14.04 (CHANGED)
[2026-01-15 08:07:34]   [emp_id: 5221] ✓ Updated: 3.29 → 3.35 (CHANGED)
[2026-01-15 08:07:34]   [emp_id: 5224] ✓ Updated: 14.98 → 15.04 (CHANGED)
[2026-01-15 08:07:34]   [emp_id: 5225] ✓ Updated: 7.29 → 7.35 (CHANGED)
[2026-01-15 08:07:34]   [emp_id: 5228] ✓ Updated: 9.98 → 10.04 (CHANGED)
[2026-01-15 08:07:34]   [emp_id: 5229] ✓ Updated: 5.98 → 6.04 (CHANGED)
[2026-01-15 08:07:34]   [emp_id: 5230] ✓ Updated: 14.65 → 14.71 (CHANGED)
[2026-01-15 08:07:34]   [emp_id: 5231] ✓ Updated: 6.98 → 7.04 (CHANGED)
[2026-01-15 08:07:34]   [emp_id: 5232] ✓ Updated: 0.98 → 1.04 (CHANGED)
[2026-01-15 08:07:34]   [emp_id: 5233] ✓ Updated: 4.98 → 5.04 (CHANGED)
[2026-01-15 08:07:34]   [emp_id: 5234] ✓ Updated: 4.98 → 5.04 (CHANGED)
[2026-01-15 08:07:34]   [emp_id: 5235] ✓ Updated: 0.42 → 0.48 (CHANGED)
[2026-01-15 08:07:34]   [emp_id: 5237] ✓ Updated: 11.23 → 11.29 (CHANGED)
[2026-01-15 08:07:34]   [emp_id: 5239] ✓ Updated: 7.98 → 8.04 (CHANGED)
[2026-01-15 08:07:34]   [emp_id: 5241] ✓ Updated: 5.98 → 6.04 (CHANGED)
[2026-01-15 08:07:34]   [emp_id: 5242] ✓ Updated: 15.98 → 16.04 (CHANGED)
[2026-01-15 08:07:34]   [emp_id: 5243] ✓ Updated: 2.39 → 2.45 (CHANGED)
[2026-01-15 08:07:34]   [emp_id: 5244] ✓ Updated: 0.42 → 0.48 (CHANGED)
[2026-01-15 08:07:34]   [emp_id: 5246] ✓ Updated: 11.98 → 12.04 (CHANGED)
[2026-01-15 08:07:34]   [emp_id: 5253] ✓ Updated: 24.85 → 24.91 (CHANGED)
[2026-01-15 08:07:34]   [emp_id: 5254] ✓ Updated: 12.83 → 12.89 (CHANGED)
[2026-01-15 08:07:34]   [emp_id: 5257] ✓ Updated: 12.54 → 12.6 (CHANGED)
[2026-01-15 08:07:34]   [emp_id: 5259] ✓ Updated: 49.07 → 49.13 (CHANGED)
[2026-01-15 08:07:34]   [emp_id: 5261] ✓ Updated: 17.01 → 17.09 (CHANGED)
[2026-01-15 08:07:34]   [emp_id: 5264] ✓ Updated: 14.55 → 14.61 (CHANGED)
[2026-01-15 08:07:34]   [emp_id: 5266] ✓ Updated: 21.17 → 21.23 (CHANGED)
[2026-01-15 08:07:34]   [emp_id: 5268] ✓ Updated: 9.74 → 9.8 (CHANGED)
[2026-01-15 08:07:34]   [emp_id: 5271] ✓ Updated: 8.4 → 8.46 (CHANGED)
[2026-01-15 08:07:34]   [emp_id: 5272] ✓ Updated: 9.27 → 9.33 (CHANGED)
[2026-01-15 08:07:34]   [emp_id: 5273] ✓ Updated: 24.34 → 24.4 (CHANGED)
[2026-01-15 08:07:34]   [emp_id: 5275] ✓ Updated: 10.09 → 10.15 (CHANGED)
[2026-01-15 08:07:34]   [emp_id: 5276] ✓ Updated: 24.36 → 24.42 (CHANGED)
[2026-01-15 08:07:34]   [emp_id: 5278] ✓ Updated: 8.75 → 8.81 (CHANGED)
[2026-01-15 08:07:34]   [emp_id: 5280] ✓ Updated: 19.15 → 19.21 (CHANGED)
[2026-01-15 08:07:35]   [emp_id: 5282] ✓ Updated: 12.49 → 12.57 (CHANGED)
[2026-01-15 08:07:35]   [emp_id: 5285] ✓ Updated: 29.15 → 29.21 (CHANGED)
[2026-01-15 08:07:35]   [emp_id: 5286] ✓ Updated: 16.15 → 16.21 (CHANGED)
[2026-01-15 08:07:35]   [emp_id: 5287] ✓ Updated: 50.45 → 50.51 (CHANGED)
[2026-01-15 08:07:35]   [emp_id: 5288] ✓ Updated: 7.72 → 7.78 (CHANGED)
[2026-01-15 08:07:35]   [emp_id: 5289] ✓ Updated: 49 → 49.06 (CHANGED)
[2026-01-15 08:07:35]   [emp_id: 5290] ✓ Updated: 47.77 → 47.83 (CHANGED)
[2026-01-15 08:07:35]   [emp_id: 5291] ✓ Updated: 5.77 → 5.83 (CHANGED)
[2026-01-15 08:07:35]   [emp_id: 5292] ✓ Updated: 5.71 → 5.77 (CHANGED)
[2026-01-15 08:07:35]   [emp_id: 5293] ✓ Updated: 8.75 → 8.83 (CHANGED)
[2026-01-15 08:07:35]   [emp_id: 5294] ✓ Updated: 8.41 → 8.49 (CHANGED)
[2026-01-15 08:07:35]   [emp_id: 5295] ✓ Updated: 21.95 → 22.01 (CHANGED)
[2026-01-15 08:07:35]   [emp_id: 5296] ✓ Updated: 35.43 → 35.51 (CHANGED)
[2026-01-15 08:07:35]   [emp_id: 5297] ✓ Updated: 46.37 → 46.43 (CHANGED)
[2026-01-15 08:07:35]   [emp_id: 5298] ✓ Updated: 46.37 → 46.43 (CHANGED)
[2026-01-15 08:07:35]   [emp_id: 5299] ✓ Updated: 46.37 → 46.43 (CHANGED)
[2026-01-15 08:07:35]   [emp_id: 5300] ✓ Updated: 46.37 → 46.43 (CHANGED)
[2026-01-15 08:07:35]   [emp_id: 5301] ✓ Updated: 4.19 → 4.25 (CHANGED)
[2026-01-15 08:07:35]   [emp_id: 5303] ✓ Updated: 4.62 → 4.68 (CHANGED)
[2026-01-15 08:07:35]   [emp_id: 5304] ✓ Updated: 46.37 → 46.43 (CHANGED)
[2026-01-15 08:07:35]   [emp_id: 5305] ✓ Updated: 4.37 → 4.43 (CHANGED)
[2026-01-15 08:07:35]   [emp_id: 5306] ✓ Updated: 46.08 → 46.14 (CHANGED)
[2026-01-15 08:07:35]   [emp_id: 5307] ✓ Updated: 46.08 → 46.14 (CHANGED)
[2026-01-15 08:07:35]   [emp_id: 5312] ✓ Updated: 0.42 → 0.48 (CHANGED)
[2026-01-15 08:07:35]   [emp_id: 5318] ✓ Updated: 26.79 → 26.85 (CHANGED)
[2026-01-15 08:07:35]   [emp_id: 5325] ✓ Updated: 0.75 → 0.81 (CHANGED)
[2026-01-15 08:07:35]   [emp_id: 5327] ✓ Updated: 1.84 → 1.9 (CHANGED)
[2026-01-15 08:07:35]   [emp_id: 5337] ✓ Updated: 36.32 → 36.4 (CHANGED)
[2026-01-15 08:07:35]   [emp_id: 5339] ✓ Updated: 10.94 → 11 (CHANGED)
[2026-01-15 08:07:35]   [emp_id: 5343] ✓ Updated: 46.24 → 46.32 (CHANGED)
[2026-01-15 08:07:35]   [emp_id: 5343] ✓ Updated: 46.24 → 46.32 (CHANGED)
[2026-01-15 08:07:35]   [emp_id: 5345] ✓ Updated: 16.07 → 16.15 (CHANGED)
[2026-01-15 08:07:35]   [emp_id: 5346] ✓ Updated: 2.66 → 2.72 (CHANGED)
[2026-01-15 08:07:35]   [emp_id: 5351] ✓ Updated: 17.6 → 17.66 (CHANGED)
[2026-01-15 08:07:35]   [emp_id: 5352] ✓ Updated: 26.49 → 26.57 (CHANGED)
[2026-01-15 08:07:35]   [emp_id: 5370] ✓ Updated: 16.25 → 16.31 (CHANGED)
[2026-01-15 08:07:35]   [emp_id: 5371] ✓ Updated: 8.24 → 8.32 (CHANGED)
[2026-01-15 08:07:36]   [emp_id: 5376] ✓ Updated: 10.85 → 10.91 (CHANGED)
[2026-01-15 08:07:36]   [emp_id: 5378] ✓ Updated: 18.32 → 18.4 (CHANGED)
[2026-01-15 08:07:36]   [emp_id: 5380] ✓ Updated: 17.26 → 17.32 (CHANGED)
[2026-01-15 08:07:36]   [emp_id: 5381] ✓ Updated: 12.76 → 12.84 (CHANGED)
[2026-01-15 08:07:36]   [emp_id: 5383] ✓ Updated: 17.07 → 17.15 (CHANGED)
[2026-01-15 08:07:36]   [emp_id: 5388] ✓ Updated: 28.04 → 28.1 (CHANGED)
[2026-01-15 08:07:36]   [emp_id: 5396] ✓ Updated: 29.28 → 29.34 (CHANGED)
[2026-01-15 08:07:36]   [emp_id: 5397] ✓ Updated: 20.74 → 20.8 (CHANGED)
[2026-01-15 08:07:36]   [emp_id: 5401] ✓ Updated: 23.85 → 23.91 (CHANGED)
[2026-01-15 08:07:36]   [emp_id: 5402] ✓ Updated: 23.97 → 24.03 (CHANGED)
[2026-01-15 08:07:36]   [emp_id: 5406] ✓ Updated: 17.69 → 17.75 (CHANGED)
[2026-01-15 08:07:36]   [emp_id: 5407] ✓ Updated: 16.84 → 16.92 (CHANGED)
[2026-01-15 08:07:36]   [emp_id: 5409] ✓ Updated: 17.03 → 17.09 (CHANGED)
[2026-01-15 08:07:36]   [emp_id: 5413] ✓ Updated: 29.24 → 29.32 (CHANGED)
[2026-01-15 08:07:36]   [emp_id: 5414] ✓ Updated: 28.91 → 28.99 (CHANGED)
[2026-01-15 08:07:36]   [emp_id: 5415] ✓ Updated: 4.84 → 4.92 (CHANGED)
[2026-01-15 08:07:36]   [emp_id: 5418] ✓ Updated: 16.09 → 16.15 (CHANGED)
[2026-01-15 08:07:36]   [emp_id: 5422] ✓ Updated: 21.57 → 21.65 (CHANGED)
[2026-01-15 08:07:36]   [emp_id: 5423] ✓ Updated: 6.26 → 6.34 (CHANGED)
[2026-01-15 08:07:36]   [emp_id: 5425] ✓ Updated: 14.64 → 14.7 (CHANGED)
[2026-01-15 08:07:36]   [emp_id: 5426] ✓ Updated: 2.81 → 2.89 (CHANGED)
[2026-01-15 08:07:36]   [emp_id: 5426] ✓ Updated: 2.81 → 2.89 (CHANGED)
[2026-01-15 08:07:36]   [emp_id: 5427] ✓ Updated: 14.75 → 14.81 (CHANGED)
[2026-01-15 08:07:36]   [emp_id: 5428] ✓ Updated: 14.64 → 14.7 (CHANGED)
[2026-01-15 08:07:36]   [emp_id: 5430] ✓ Updated: 18.63 → 18.71 (CHANGED)
[2026-01-15 08:07:36]   [emp_id: 5431] ✓ Updated: 13.76 → 13.82 (CHANGED)
[2026-01-15 08:07:36]   [emp_id: 5433] ✓ Updated: 13.78 → 13.84 (CHANGED)
[2026-01-15 08:07:36]   [emp_id: 5434] ✓ Updated: 13.53 → 13.59 (CHANGED)
[2026-01-15 08:07:36]   [emp_id: 5435] ✓ Updated: 13.47 → 13.53 (CHANGED)
[2026-01-15 08:07:36]   [emp_id: 5436] ✓ Updated: 13.47 → 13.53 (CHANGED)
[2026-01-15 08:07:36]   [emp_id: 5438] ✓ Updated: 16.49 → 16.57 (CHANGED)
[2026-01-15 08:07:36]   [emp_id: 5439] ✓ Updated: 25.99 → 26.07 (CHANGED)
[2026-01-15 08:07:36]   [emp_id: 5442] ✓ Updated: 14.99 → 15.07 (CHANGED)
[2026-01-15 08:07:36]   [emp_id: 5445] ✓ Updated: 7.93 → 7.99 (CHANGED)
[2026-01-15 08:07:36]   [emp_id: 5446] ✓ Updated: 7.93 → 7.99 (CHANGED)
[2026-01-15 08:07:36]   [emp_id: 5447] ✓ Updated: 7.87 → 7.93 (CHANGED)
[2026-01-15 08:07:36]   [emp_id: 5448] ✓ Updated: 2.01 → 2.09 (CHANGED)
[2026-01-15 08:07:36]   [emp_id: 5449] ✓ Updated: 5.95 → 6.01 (CHANGED)
[2026-01-15 08:07:37]   [emp_id: 5450] ✓ Updated: 5.89 → 5.95 (CHANGED)
[2026-01-15 08:07:37]   [emp_id: 5451] ✓ Updated: 5.89 → 5.95 (CHANGED)
[2026-01-15 08:07:37]   [emp_id: 5453] ✓ Updated: 5.73 → 5.79 (CHANGED)
[2026-01-15 08:07:37]   [emp_id: 5454] ✓ Updated: 8.07 → 8.15 (CHANGED)
[2026-01-15 08:07:37]   [emp_id: 5455] ✓ Updated: 2.32 → 2.4 (CHANGED)
[2026-01-15 08:07:37]   [emp_id: 5456] ✓ Updated: 7.32 → 7.4 (CHANGED)
[2026-01-15 08:07:37]   [emp_id: 5457] ✓ Updated: 4.98 → 5.04 (CHANGED)
[2026-01-15 08:07:37]   [emp_id: 5460] ✓ Updated: 5.97 → 6.05 (CHANGED)
[2026-01-15 08:07:37]   [emp_id: 5463] ✓ Updated: 5.3 → 5.38 (CHANGED)
[2026-01-15 08:07:37]   [emp_id: 5464] ✓ Updated: 5.3 → 5.38 (CHANGED)
[2026-01-15 08:07:37]   [emp_id: 5466] ✓ Updated: 3.05 → 3.13 (CHANGED)
[2026-01-15 08:07:37]   [emp_id: 5467] ✓ Updated: 1.97 → 2.05 (CHANGED)
[2026-01-15 08:07:37]   [emp_id: 5468] ✓ Updated: 0.92 → 1 (CHANGED)
[2026-01-15 08:07:37]   [emp_id: 5469] ✓ Updated: 0.83 → 0.91 (CHANGED)
[2026-01-15 08:07:37]   [emp_id: 5470] ✓ Updated: 0.5 → 0.58 (CHANGED)
[2026-01-15 08:07:37] Report saved to: D:\xampp\htdocs\almutlak\system/cron_logs/last_vacation_update_report.json
[2026-01-15 11:56:24] ========== CRON: Vacation Balance Update Started ==========
[2026-01-15 13:39:11] ========== CRON: Vacation Balance Update Started ==========
[2026-01-15 15:12:42] ========== CRON: Vacation Balance Update Started ==========
