[2025-11-29 00:30:01] ========== CRON: Vacation Balance Update Started ==========
[2025-11-29 00:30:01] Database connection established
[2025-11-29 00:30:01] Found 445 active employees with balance records to update
[2025-11-29 00:30:01] (Only employees with status=1 will be processed)
[2025-11-29 00:30:01]   [emp_id: 1061] ✓ Updated: 30.48 → 30.56 (CHANGED)
[2025-11-29 00:30:01]   [emp_id: 1496] ✓ Updated: 13.65 → 13.73 (CHANGED)
[2025-11-29 00:30:01]   [emp_id: 1500] ✓ Updated: 22.9 → 22.98 (CHANGED)
[2025-11-29 00:30:01]   [emp_id: 1574] ✓ Updated: 30.56 → 30.64 (CHANGED)
[2025-11-29 00:30:01]   [emp_id: 1673] ✓ Updated: 42.06 → 42.14 (CHANGED)
[2025-11-29 00:30:01]   [emp_id: 1685] ✓ Updated: 11.98 → 12.06 (CHANGED)
[2025-11-29 00:30:01]   [emp_id: 1764] ✓ Updated: 66.65 → 66.73 (CHANGED)
[2025-11-29 00:30:01]   [emp_id: 1805] ✓ Updated: 60.98 → 61.06 (CHANGED)
[2025-11-29 00:30:01]   [emp_id: 1822] ✓ Updated: 65.73 → 65.81 (CHANGED)
[2025-11-29 00:30:01]   [emp_id: 1837] ✓ Updated: 21.9 → 21.98 (CHANGED)
[2025-11-29 00:30:01]   [emp_id: 1857] ✓ Updated: 17.23 → 17.31 (CHANGED)
[2025-11-29 00:30:01]   [emp_id: 1861] ✓ Updated: 68.06 → 68.14 (CHANGED)
[2025-11-29 00:30:01]   [emp_id: 1872] ✓ Updated: 6.9 → 6.98 (CHANGED)
[2025-11-29 00:30:01]   [emp_id: 1897] ✓ Updated: 29.23 → 29.31 (CHANGED)
[2025-11-29 00:30:01]   [emp_id: 1916] ✓ Updated: 71.56 → 71.64 (CHANGED)
[2025-11-29 00:30:01]   [emp_id: 1928] ✓ Updated: 61.48 → 61.56 (CHANGED)
[2025-11-29 00:30:01]   [emp_id: 1931] ✓ Updated: 81.4 → 81.48 (CHANGED)
[2025-11-29 00:30:01]   [emp_id: 1944] ✓ Updated: 39.56 → 39.64 (CHANGED)
[2025-11-29 00:30:01]   [emp_id: 1996] ✓ Updated: 68.06 → 68.14 (CHANGED)
[2025-11-29 00:30:01]   [emp_id: 1997] ✓ Updated: 33.23 → 33.31 (CHANGED)
[2025-11-29 00:30:01]   [emp_id: 1998] ✓ Updated: 84.56 → 84.64 (CHANGED)
[2025-11-29 00:30:01]   [emp_id: 1999] ✓ Updated: 85.56 → 85.64 (CHANGED)
[2025-11-29 00:30:01]   [emp_id: 2009] ✓ Updated: 31.98 → 32.06 (CHANGED)
[2025-11-29 00:30:01]   [emp_id: 2048] ✓ Updated: 21.81 → 21.89 (CHANGED)
[2025-11-29 00:30:01]   [emp_id: 2057] ✓ Updated: 62.65 → 62.73 (CHANGED)
[2025-11-29 00:30:01]   [emp_id: 2079] ✓ Updated: 44.98 → 45.06 (CHANGED)
[2025-11-29 00:30:01]   [emp_id: 2181] ✓ Updated: 33.98 → 34.06 (CHANGED)
[2025-11-29 00:30:01]   [emp_id: 2190] ✓ Updated: 3.31 → 3.39 (CHANGED)
[2025-11-29 00:30:01]   [emp_id: 2212] ✓ Updated: 21.31 → 21.39 (CHANGED)
[2025-11-29 00:30:02]   [emp_id: 2226] ✓ Updated: 66.06 → 66.14 (CHANGED)
[2025-11-29 00:30:02]   [emp_id: 2238] ✓ Updated: 64.31 → 64.39 (CHANGED)
[2025-11-29 00:30:02]   [emp_id: 2285] ✓ Updated: 32.98 → 33.06 (CHANGED)
[2025-11-29 00:30:02]   [emp_id: 2287] ✓ Updated: 44.65 → 44.73 (CHANGED)
[2025-11-29 00:30:02]   [emp_id: 2288] ✓ Updated: 59.56 → 59.64 (CHANGED)
[2025-11-29 00:30:02]   [emp_id: 2290] ✓ Updated: 76.48 → 76.56 (CHANGED)
[2025-11-29 00:30:02]   [emp_id: 2316] ✓ Updated: 13.48 → 13.56 (CHANGED)
[2025-11-29 00:30:02]   [emp_id: 2337] ✓ Updated: 34.56 → 34.64 (CHANGED)
[2025-11-29 00:30:02]   [emp_id: 2352] ✓ Updated: 66.06 → 66.14 (CHANGED)
[2025-11-29 00:30:02]   [emp_id: 2358] ✓ Updated: 2.56 → 2.64 (CHANGED)
[2025-11-29 00:30:02]   [emp_id: 2361] ✓ Updated: 68.23 → 68.31 (CHANGED)
[2025-11-29 00:30:02]   [emp_id: 2363] ✓ Updated: 70.81 → 70.89 (CHANGED)
[2025-11-29 00:30:02]   [emp_id: 2364] ✓ Updated: 70.23 → 70.31 (CHANGED)
[2025-11-29 00:30:02]   [emp_id: 2367] ✓ Updated: 97.9 → 97.98 (CHANGED)
[2025-11-29 00:30:02]   [emp_id: 2368] ✓ Updated: 28.31 → 28.39 (CHANGED)
[2025-11-29 00:30:02]   [emp_id: 2372] ✓ Updated: 65.56 → 65.64 (CHANGED)
[2025-11-29 00:30:02]   [emp_id: 2376] ✓ Updated: 115.56 → 115.64 (CHANGED)
[2025-11-29 00:30:02]   [emp_id: 2423] ✓ Updated: 16.31 → 16.39 (CHANGED)
[2025-11-29 00:30:02]   [emp_id: 2519] ✓ Updated: 169.98 → 170.06 (CHANGED)
[2025-11-29 00:30:02]   [emp_id: 2522] ✓ Updated: 53.56 → 53.64 (CHANGED)
[2025-11-29 00:30:02]   [emp_id: 2530] ✓ Updated: 48.81 → 48.89 (CHANGED)
[2025-11-29 00:30:02]   [emp_id: 2539] ✓ Updated: 45.56 → 45.64 (CHANGED)
[2025-11-29 00:30:02]   [emp_id: 2541] ✓ Updated: 26.15 → 26.23 (CHANGED)
[2025-11-29 00:30:02]   [emp_id: 2550] ✓ Updated: 92.31 → 92.39 (CHANGED)
[2025-11-29 00:30:02]   [emp_id: 2553] ✓ Updated: 59.31 → 59.39 (CHANGED)
[2025-11-29 00:30:02]   [emp_id: 2554] ✓ Updated: 35.9 → 35.98 (CHANGED)
[2025-11-29 00:30:02]   [emp_id: 2565] ✓ Updated: 90.48 → 90.56 (CHANGED)
[2025-11-29 00:30:02]   [emp_id: 2572] ✓ Updated: 40.48 → 40.56 (CHANGED)
[2025-11-29 00:30:02]   [emp_id: 2637] ✓ Updated: 61.06 → 61.14 (CHANGED)
[2025-11-29 00:30:02]   [emp_id: 2642] ✓ Updated: 73.81 → 73.89 (CHANGED)
[2025-11-29 00:30:02]   [emp_id: 2645] ✓ Updated: 89.81 → 89.89 (CHANGED)
[2025-11-29 00:30:02]   [emp_id: 2648] ✓ Updated: 41.48 → 41.56 (CHANGED)
[2025-11-29 00:30:02]   [emp_id: 2654] ✓ Updated: 84.15 → 84.23 (CHANGED)
[2025-11-29 00:30:02]   [emp_id: 2688] ✓ Updated: 22.23 → 22.31 (CHANGED)
[2025-11-29 00:30:02]   [emp_id: 2690] ✓ Updated: 10.98 → 11.06 (CHANGED)
[2025-11-29 00:30:02]   [emp_id: 2709] ✓ Updated: 33.23 → 33.31 (CHANGED)
[2025-11-29 00:30:02]   [emp_id: 2745] ✓ Updated: 29.81 → 29.89 (CHANGED)
[2025-11-29 00:30:02]   [emp_id: 2843] ✓ Updated: 76.4 → 76.48 (CHANGED)
[2025-11-29 00:30:02]   [emp_id: 2854] ✓ Updated: 56.31 → 56.39 (CHANGED)
[2025-11-29 00:30:02]   [emp_id: 2869] ✓ Updated: 61.23 → 61.31 (CHANGED)
[2025-11-29 00:30:02]   [emp_id: 2876] ✓ Updated: 31.06 → 31.14 (CHANGED)
[2025-11-29 00:30:02]   [emp_id: 2924] ✓ Updated: 12.23 → 12.31 (CHANGED)
[2025-11-29 00:30:02]   [emp_id: 2953] ✓ Updated: 97.98 → 98.06 (CHANGED)
[2025-11-29 00:30:02]   [emp_id: 2961] ✓ Updated: 7.98 → 8.06 (CHANGED)
[2025-11-29 00:30:02]   [emp_id: 2975] ✓ Updated: 9.98 → 10.06 (CHANGED)
[2025-11-29 00:30:02]   [emp_id: 3013] ✓ Updated: 6.98 → 7.06 (CHANGED)
[2025-11-29 00:30:02]   [emp_id: 3014] ✓ Updated: 86.23 → 86.31 (CHANGED)
[2025-11-29 00:30:02]   [emp_id: 3015] ✓ Updated: 37.48 → 37.56 (CHANGED)
[2025-11-29 00:30:02]   [emp_id: 3018] ✓ Updated: 56.23 → 56.31 (CHANGED)
[2025-11-29 00:30:02]   [emp_id: 3025] ✓ Updated: 79.9 → 79.98 (CHANGED)
[2025-11-29 00:30:02]   [emp_id: 3037] ✓ Updated: 79.73 → 79.81 (CHANGED)
[2025-11-29 00:30:02]   [emp_id: 3047] ✓ Updated: 67.98 → 68.06 (CHANGED)
[2025-11-29 00:30:02]   [emp_id: 3061] ✓ Updated: 14.9 → 14.98 (CHANGED)
[2025-11-29 00:30:02]   [emp_id: 3062] ✓ Updated: 48.06 → 48.14 (CHANGED)
[2025-11-29 00:30:02]   [emp_id: 3074] ✓ Updated: 104.48 → 104.56 (CHANGED)
[2025-11-29 00:30:02]   [emp_id: 3089] ✓ Updated: 3.4 → 3.48 (CHANGED)
[2025-11-29 00:30:02]   [emp_id: 3090] ✓ Updated: 29.98 → 30.06 (CHANGED)
[2025-11-29 00:30:02]   [emp_id: 3091] ✓ Updated: 41.98 → 42.06 (CHANGED)
[2025-11-29 00:30:02]   [emp_id: 3092] ✓ Updated: 24.65 → 24.73 (CHANGED)
[2025-11-29 00:30:02]   [emp_id: 3105] ✓ Updated: 44.98 → 45.06 (CHANGED)
[2025-11-29 00:30:02]   [emp_id: 3134] ✓ Updated: 40.73 → 40.81 (CHANGED)
[2025-11-29 00:30:02]   [emp_id: 3140] ✓ Updated: 37.81 → 37.89 (CHANGED)
[2025-11-29 00:30:02]   [emp_id: 3144] ✓ Updated: 10.65 → 10.73 (CHANGED)
[2025-11-29 00:30:02]   [emp_id: 3156] ✓ Updated: 13.98 → 14.06 (CHANGED)
[2025-11-29 00:30:02]   [emp_id: 3162] ✓ Updated: 28.98 → 29.06 (CHANGED)
[2025-11-29 00:30:02]   [emp_id: 3163] ✓ Updated: 2.23 → 2.31 (CHANGED)
[2025-11-29 00:30:02]   [emp_id: 3198] ✓ Updated: 37.23 → 37.31 (CHANGED)
[2025-11-29 00:30:02]   [emp_id: 3205] ✓ Updated: 13.9 → 13.98 (CHANGED)
[2025-11-29 00:30:02]   [emp_id: 3209] ✓ Updated: 38.06 → 38.14 (CHANGED)
[2025-11-29 00:30:02]   [emp_id: 3223] ✓ Updated: 86.98 → 87.06 (CHANGED)
[2025-11-29 00:30:02]   [emp_id: 3224] ✓ Updated: 61.73 → 61.81 (CHANGED)
[2025-11-29 00:30:02]   [emp_id: 3230] ✓ Updated: 85.15 → 85.23 (CHANGED)
[2025-11-29 00:30:02]   [emp_id: 3231] ✓ Updated: 86.4 → 86.48 (CHANGED)
[2025-11-29 00:30:02]   [emp_id: 3233] ✓ Updated: 77.98 → 78.06 (CHANGED)
[2025-11-29 00:30:02]   [emp_id: 3249] ✓ Updated: 33.81 → 33.89 (CHANGED)
[2025-11-29 00:30:02]   [emp_id: 3250] ✓ Updated: 6.81 → 6.89 (CHANGED)
[2025-11-29 00:30:02]   [emp_id: 3252] ✓ Updated: 7.73 → 7.81 (CHANGED)
[2025-11-29 00:30:02]   [emp_id: 3254] ✓ Updated: 18.23 → 18.31 (CHANGED)
[2025-11-29 00:30:02]   [emp_id: 3255] ✓ Updated: 14.65 → 14.73 (CHANGED)
[2025-11-29 00:30:02]   [emp_id: 3256] ✓ Updated: 10.9 → 10.98 (CHANGED)
[2025-11-29 00:30:02]   [emp_id: 3263] ✓ Updated: 26.98 → 27.06 (CHANGED)
[2025-11-29 00:30:02]   [emp_id: 3265] ✓ Updated: 22.56 → 22.64 (CHANGED)
[2025-11-29 00:30:02]   [emp_id: 3280] ✓ Updated: 69.48 → 69.56 (CHANGED)
[2025-11-29 00:30:02]   [emp_id: 3286] ✓ Updated: 12.65 → 12.73 (CHANGED)
[2025-11-29 00:30:02]   [emp_id: 3294] ✓ Updated: 12.31 → 12.39 (CHANGED)
[2025-11-29 00:30:02]   [emp_id: 3321] ✓ Updated: 69.48 → 69.56 (CHANGED)
[2025-11-29 00:30:02]   [emp_id: 3325] ✓ Updated: 57.23 → 57.31 (CHANGED)
[2025-11-29 00:30:02]   [emp_id: 3329] ✓ Updated: 59.56 → 59.64 (CHANGED)
[2025-11-29 00:30:02]   [emp_id: 3330] ✓ Updated: 59.56 → 59.64 (CHANGED)
[2025-11-29 00:30:02]   [emp_id: 3332] ✓ Updated: 59.56 → 59.64 (CHANGED)
[2025-11-29 00:30:02]   [emp_id: 3370] ✓ Updated: 51.23 → 51.31 (CHANGED)
[2025-11-29 00:30:02]   [emp_id: 3384] ✓ Updated: 11.73 → 11.81 (CHANGED)
[2025-11-29 00:30:02]   [emp_id: 3386] ✓ Updated: 41.73 → 41.81 (CHANGED)
[2025-11-29 00:30:02]   [emp_id: 3431] ✓ Updated: 17.15 → 17.23 (CHANGED)
[2025-11-29 00:30:02]   [emp_id: 3497] ✓ Updated: 6.31 → 6.39 (CHANGED)
[2025-11-29 00:30:02]   [emp_id: 3532] ✓ Updated: 43.15 → 43.23 (CHANGED)
[2025-11-29 00:30:02]   [emp_id: 3586] ✓ Updated: 7.23 → 7.31 (CHANGED)
[2025-11-29 00:30:02]   [emp_id: 3602] ✓ Updated: 50.23 → 50.31 (CHANGED)
[2025-11-29 00:30:02]   [emp_id: 3618] ✓ Updated: 54.73 → 54.81 (CHANGED)
[2025-11-29 00:30:02]   [emp_id: 3622] ✓ Updated: 32.7 → 32.75 (CHANGED)
[2025-11-29 00:30:02]   [emp_id: 3627] ✓ Updated: 6.65 → 6.73 (CHANGED)
[2025-11-29 00:30:02]   [emp_id: 3665] ✓ Updated: 48.23 → 48.31 (CHANGED)
[2025-11-29 00:30:02]   [emp_id: 3705] ✓ Updated: 26.03 → 26.08 (CHANGED)
[2025-11-29 00:30:02]   [emp_id: 3724] ✓ Updated: 41.23 → 41.31 (CHANGED)
[2025-11-29 00:30:02]   [emp_id: 3726] ✓ Updated: 57.65 → 57.73 (CHANGED)
[2025-11-29 00:30:02]   [emp_id: 3727] ✓ Updated: 62.73 → 62.81 (CHANGED)
[2025-11-29 00:30:02]   [emp_id: 3728] ✓ Updated: 7.06 → 7.14 (CHANGED)
[2025-11-29 00:30:02]   [emp_id: 3742] ✓ Updated: 30.23 → 30.31 (CHANGED)
[2025-11-29 00:30:02]   [emp_id: 3767] ✓ Updated: 57.81 → 57.89 (CHANGED)
[2025-11-29 00:30:02]   [emp_id: 3768] ✓ Updated: 54.06 → 54.14 (CHANGED)
[2025-11-29 00:30:02]   [emp_id: 3787] ✓ Updated: 54.65 → 54.73 (CHANGED)
[2025-11-29 00:30:02]   [emp_id: 3790] ✓ Updated: 58.81 → 58.89 (CHANGED)
[2025-11-29 00:30:02]   [emp_id: 3795] ✓ Updated: 12.15 → 12.23 (CHANGED)
[2025-11-29 00:30:02]   [emp_id: 3798] ✓ Updated: 90.56 → 90.64 (CHANGED)
[2025-11-29 00:30:02]   [emp_id: 3801] ✓ Updated: 28.73 → 28.81 (CHANGED)
[2025-11-29 00:30:02]   [emp_id: 3802] ✓ Updated: 27.81 → 27.89 (CHANGED)
[2025-11-29 00:30:02]   [emp_id: 3803] ✓ Updated: 112.23 → 112.31 (CHANGED)
[2025-11-29 00:30:02]   [emp_id: 3810] ✓ Updated: 58.23 → 58.31 (CHANGED)
[2025-11-29 00:30:02]   [emp_id: 3812] ✓ Updated: 87.23 → 87.31 (CHANGED)
[2025-11-29 00:30:02]   [emp_id: 3815] ✓ Updated: 87.23 → 87.31 (CHANGED)
[2025-11-29 00:30:02]   [emp_id: 3836] ✓ Updated: 54.9 → 54.98 (CHANGED)
[2025-11-29 00:30:02]   [emp_id: 3855] ✓ Updated: 48.06 → 48.14 (CHANGED)
[2025-11-29 00:30:02]   [emp_id: 3857] ✓ Updated: 51.73 → 51.81 (CHANGED)
[2025-11-29 00:30:02]   [emp_id: 3862] ✓ Updated: 99.81 → 99.89 (CHANGED)
[2025-11-29 00:30:02]   [emp_id: 3866] ✓ Updated: 25.06 → 25.14 (CHANGED)
[2025-11-29 00:30:02]   [emp_id: 3876] ✓ Updated: 45.23 → 45.31 (CHANGED)
[2025-11-29 00:30:02]   [emp_id: 3877] ✓ Updated: 46.73 → 46.81 (CHANGED)
[2025-11-29 00:30:02]   [emp_id: 3897] ✓ Updated: 34.98 → 35.06 (CHANGED)
[2025-11-29 00:30:02]   [emp_id: 3899] ✓ Updated: 50.15 → 50.23 (CHANGED)
[2025-11-29 00:30:02]   [emp_id: 3928] ✓ Updated: 11.06 → 11.14 (CHANGED)
[2025-11-29 00:30:02]   [emp_id: 3929] ✓ Updated: 6.06 → 6.14 (CHANGED)
[2025-11-29 00:30:02]   [emp_id: 3935] ✓ Updated: 91.06 → 91.14 (CHANGED)
[2025-11-29 00:30:02]   [emp_id: 3952] ✓ Updated: 73.4 → 73.48 (CHANGED)
[2025-11-29 00:30:02]   [emp_id: 3987] ✓ Updated: 11.31 → 11.39 (CHANGED)
[2025-11-29 00:30:02]   [emp_id: 4059] ✓ Updated: 14.06 → 14.14 (CHANGED)
[2025-11-29 00:30:02]   [emp_id: 4119] ✓ Updated: 53.98 → 54.06 (CHANGED)
[2025-11-29 00:30:02]   [emp_id: 4120] ✓ Updated: 23.56 → 23.64 (CHANGED)
[2025-11-29 00:30:02]   [emp_id: 4124] ✓ Updated: 53.98 → 54.06 (CHANGED)
[2025-11-29 00:30:02]   [emp_id: 4133] ✓ Updated: 102.56 → 102.64 (CHANGED)
[2025-11-29 00:30:02]   [emp_id: 4134] ✓ Updated: 23.56 → 23.64 (CHANGED)
[2025-11-29 00:30:02]   [emp_id: 4136] ✓ Updated: 23.56 → 23.64 (CHANGED)
[2025-11-29 00:30:02]   [emp_id: 4150] ✓ Updated: 22.23 → 22.31 (CHANGED)
[2025-11-29 00:30:02]   [emp_id: 4157] ✓ Updated: 15.73 → 15.81 (CHANGED)
[2025-11-29 00:30:02]   [emp_id: 4172] ✓ Updated: 10.61 → 10.66 (CHANGED)
[2025-11-29 00:30:02]   [emp_id: 4195] ✓ Updated: 59.31 → 59.39 (CHANGED)
[2025-11-29 00:30:02]   [emp_id: 4215] ✓ Updated: 41.98 → 42.06 (CHANGED)
[2025-11-29 00:30:02]   [emp_id: 4220] ✓ Updated: 37.56 → 37.64 (CHANGED)
[2025-11-29 00:30:02]   [emp_id: 4273] ✓ Updated: 6.23 → 6.31 (CHANGED)
[2025-11-29 00:30:02]   [emp_id: 4283] ✓ Updated: 11.7 → 11.75 (CHANGED)
[2025-11-29 00:30:02]   [emp_id: 4288] ✓ Updated: 41.06 → 41.14 (CHANGED)
[2025-11-29 00:30:02]   [emp_id: 4315] ✓ Updated: 12.48 → 12.56 (CHANGED)
[2025-11-29 00:30:02]   [emp_id: 4328] ✓ Updated: 40.53 → 40.58 (CHANGED)
[2025-11-29 00:30:02]   [emp_id: 4329] ✓ Updated: 2.65 → 2.73 (CHANGED)
[2025-11-29 00:30:02]   [emp_id: 4338] ✓ Updated: 44.23 → 44.31 (CHANGED)
[2025-11-29 00:30:02]   [emp_id: 4340] ✓ Updated: 123.23 → 123.31 (CHANGED)
[2025-11-29 00:30:03]   [emp_id: 4365] ✓ Updated: 57.65 → 57.73 (CHANGED)
[2025-11-29 00:30:03]   [emp_id: 4366] ✓ Updated: 56.73 → 56.81 (CHANGED)
[2025-11-29 00:30:03]   [emp_id: 4385] ✓ Updated: 47.4 → 47.48 (CHANGED)
[2025-11-29 00:30:03]   [emp_id: 4403] ✓ Updated: 82.56 → 82.64 (CHANGED)
[2025-11-29 00:30:03]   [emp_id: 4438] ✓ Updated: 18.23 → 18.31 (CHANGED)
[2025-11-29 00:30:03]   [emp_id: 4465] ✓ Updated: 10.86 → 10.91 (CHANGED)
[2025-11-29 00:30:03]   [emp_id: 4473] ✓ Updated: 41.81 → 41.89 (CHANGED)
[2025-11-29 00:30:03]   [emp_id: 4474] ✓ Updated: 57.61 → 57.66 (CHANGED)
[2025-11-29 00:30:03]   [emp_id: 4493] ✓ Updated: 160.65 → 160.73 (CHANGED)
[2025-11-29 00:30:03]   [emp_id: 4526] ✓ Updated: 32.9 → 32.98 (CHANGED)
[2025-11-29 00:30:03]   [emp_id: 4528] ✓ Updated: 104.65 → 104.73 (CHANGED)
[2025-11-29 00:30:03]   [emp_id: 4528] ✓ Updated: 104.65 → 104.73 (CHANGED)
[2025-11-29 00:30:03]   [emp_id: 4532] ✓ Updated: 68.36 → 68.41 (CHANGED)
[2025-11-29 00:30:03]   [emp_id: 4533] ✓ Updated: 33.06 → 33.14 (CHANGED)
[2025-11-29 00:30:03]   [emp_id: 4564] ✓ Updated: 23.61 → 23.66 (CHANGED)
[2025-11-29 00:30:03]   [emp_id: 4565] ✓ Updated: 13.36 → 13.41 (CHANGED)
[2025-11-29 00:30:03]   [emp_id: 4567] ✓ Updated: 17.61 → 17.66 (CHANGED)
[2025-11-29 00:30:03]   [emp_id: 4572] ✓ Updated: 57.11 → 57.16 (CHANGED)
[2025-11-29 00:30:03]   [emp_id: 4631] ✓ Updated: 13.36 → 13.41 (CHANGED)
[2025-11-29 00:30:03]   [emp_id: 4655] ✓ Updated: 21.98 → 22.06 (CHANGED)
[2025-11-29 00:30:03]   [emp_id: 4689] ✓ Updated: 19.65 → 19.73 (CHANGED)
[2025-11-29 00:30:03]   [emp_id: 4709] ✓ Updated: 37.23 → 37.31 (CHANGED)
[2025-11-29 00:30:03]   [emp_id: 4717] ✓ Updated: 63.23 → 63.31 (CHANGED)
[2025-11-29 00:30:03]   [emp_id: 4736] ✓ Updated: 25.06 → 25.14 (CHANGED)
[2025-11-29 00:30:03]   [emp_id: 4756] ✓ Updated: 59.25 → 59.3 (CHANGED)
[2025-11-29 00:30:03]   [emp_id: 4768] ✓ Updated: 9.73 → 9.81 (CHANGED)
[2025-11-29 00:30:03]   [emp_id: 4780] ✓ Updated: 63.53 → 63.58 (CHANGED)
[2025-11-29 00:30:03]   [emp_id: 4820] ✓ Updated: 96.06 → 96.14 (CHANGED)
[2025-11-29 00:30:03]   [emp_id: 4825] ✓ Updated: 27.81 → 27.89 (CHANGED)
[2025-11-29 00:30:03]   [emp_id: 4835] ✓ Updated: 46.28 → 46.33 (CHANGED)
[2025-11-29 00:30:03]   [emp_id: 4837] ✓ Updated: 43.52 → 43.57 (CHANGED)
[2025-11-29 00:30:03]   [emp_id: 4838] ✓ Updated: 42.54 → 42.59 (CHANGED)
[2025-11-29 00:30:03]   [emp_id: 4840] ✓ Updated: 43.52 → 43.57 (CHANGED)
[2025-11-29 00:30:03]   [emp_id: 4842] ✓ Updated: 42.76 → 42.81 (CHANGED)
[2025-11-29 00:30:03]   [emp_id: 4843] ✓ Updated: 43.29 → 43.34 (CHANGED)
[2025-11-29 00:30:03]   [emp_id: 4853] ✓ Updated: 87.11 → 87.16 (CHANGED)
[2025-11-29 00:30:03]   [emp_id: 4856] ✓ Updated: 40.43 → 40.48 (CHANGED)
[2025-11-29 00:30:03]   [emp_id: 4857] ✓ Updated: 23.25 → 23.3 (CHANGED)
[2025-11-29 00:30:03]   [emp_id: 4858] ✓ Updated: 20.13 → 20.18 (CHANGED)
[2025-11-29 00:30:03]   [emp_id: 4859] ✓ Updated: 41.6 → 41.65 (CHANGED)
[2025-11-29 00:30:03]   [emp_id: 4860] ✓ Updated: 6.1 → 6.15 (CHANGED)
[2025-11-29 00:30:03]   [emp_id: 4861] ✓ Updated: 39.56 → 39.61 (CHANGED)
[2025-11-29 00:30:03]   [emp_id: 4869] ✓ Updated: 82.44 → 82.49 (CHANGED)
[2025-11-29 00:30:03]   [emp_id: 4894] ✓ Updated: 4.73 → 4.81 (CHANGED)
[2025-11-29 00:30:03]   [emp_id: 4897] ✓ Updated: 21.34 → 21.39 (CHANGED)
[2025-11-29 00:30:03]   [emp_id: 4899] ✓ Updated: 17.51 → 17.56 (CHANGED)
[2025-11-29 00:30:03]   [emp_id: 4902] ✓ Updated: 16.93 → 16.98 (CHANGED)
[2025-11-29 00:30:03]   [emp_id: 4903] ✓ Updated: 19.15 → 19.2 (CHANGED)
[2025-11-29 00:30:03]   [emp_id: 4905] ✓ Updated: 17.81 → 17.86 (CHANGED)
[2025-11-29 00:30:03]   [emp_id: 4907] ✓ Updated: 44.81 → 44.89 (CHANGED)
[2025-11-29 00:30:03]   [emp_id: 4917] ✓ Updated: 14.77 → 14.82 (CHANGED)
[2025-11-29 00:30:03]   [emp_id: 4918] ✓ Updated: 4.54 → 4.59 (CHANGED)
[2025-11-29 00:30:03]   [emp_id: 4919] ✓ Updated: 56.83 → 56.88 (CHANGED)
[2025-11-29 00:30:03]   [emp_id: 4920] ✓ Updated: 56.66 → 56.71 (CHANGED)
[2025-11-29 00:30:03]   [emp_id: 4921] ✓ Updated: 16 → 16.05 (CHANGED)
[2025-11-29 00:30:03]   [emp_id: 4927] ✓ Updated: 14.83 → 14.88 (CHANGED)
[2025-11-29 00:30:03]   [emp_id: 4929] ✓ Updated: 16.35 → 16.4 (CHANGED)
[2025-11-29 00:30:03]   [emp_id: 4930] ✓ Updated: 57.12 → 57.17 (CHANGED)
[2025-11-29 00:30:03]   [emp_id: 4932] ✓ Updated: 15.12 → 15.17 (CHANGED)
[2025-11-29 00:30:03]   [emp_id: 4933] ✓ Updated: 18.53 → 18.58 (CHANGED)
[2025-11-29 00:30:03]   [emp_id: 4949] ✓ Updated: 33.96 → 34.01 (CHANGED)
[2025-11-29 00:30:03]   [emp_id: 4956] ✓ Updated: 31.28 → 31.33 (CHANGED)
[2025-11-29 00:30:03]   [emp_id: 4957] ✓ Updated: 28.22 → 28.27 (CHANGED)
[2025-11-29 00:30:03]   [emp_id: 4962] ✓ Updated: 51.06 → 51.14 (CHANGED)
[2025-11-29 00:30:03]   [emp_id: 4969] ✓ Updated: 43.48 → 43.56 (CHANGED)
[2025-11-29 00:30:03]   [emp_id: 4976] ✓ Updated: 8.24 → 8.29 (CHANGED)
[2025-11-29 00:30:03]   [emp_id: 4984] ✓ Updated: 34.73 → 34.81 (CHANGED)
[2025-11-29 00:30:03]   [emp_id: 4995] ✓ Updated: 46.8 → 46.88 (CHANGED)
[2025-11-29 00:30:03]   [emp_id: 5004] ✓ Updated: 43.92 → 43.97 (CHANGED)
[2025-11-29 00:30:03]   [emp_id: 5006] ✓ Updated: 24.92 → 24.97 (CHANGED)
[2025-11-29 00:30:03]   [emp_id: 5011] ✓ Updated: 10.4 → 10.48 (CHANGED)
[2025-11-29 00:30:03]   [emp_id: 5013] ✓ Updated: 65.29 → 65.34 (CHANGED)
[2025-11-29 00:30:03]   [emp_id: 5018] ✓ Updated: 19.53 → 19.58 (CHANGED)
[2025-11-29 00:30:03]   [emp_id: 5021] ✓ Updated: 62.03 → 62.08 (CHANGED)
[2025-11-29 00:30:03]   [emp_id: 5021] ✓ Updated: 62.03 → 62.08 (CHANGED)
[2025-11-29 00:30:03]   [emp_id: 5024] ✓ Updated: 12.18 → 12.23 (CHANGED)
[2025-11-29 00:30:03]   [emp_id: 5029] ✓ Updated: 21.78 → 21.83 (CHANGED)
[2025-11-29 00:30:03]   [emp_id: 5030] ✓ Updated: 36.78 → 36.83 (CHANGED)
[2025-11-29 00:30:03]   [emp_id: 5033] ✓ Updated: 20.55 → 20.6 (CHANGED)
[2025-11-29 00:30:03]   [emp_id: 5043] ✓ Updated: 27.4 → 27.48 (CHANGED)
[2025-11-29 00:30:03]   [emp_id: 5045] ✓ Updated: 23.9 → 23.98 (CHANGED)
[2025-11-29 00:30:03]   [emp_id: 5046] ✓ Updated: 19.09 → 19.17 (CHANGED)
[2025-11-29 00:30:03]   [emp_id: 5049] ✓ Updated: 37.23 → 37.28 (CHANGED)
[2025-11-29 00:30:03]   [emp_id: 5052] ✓ Updated: 28.51 → 28.56 (CHANGED)
[2025-11-29 00:30:03]   [emp_id: 5055] ✓ Updated: 35.7 → 35.75 (CHANGED)
[2025-11-29 00:30:03]   [emp_id: 5058] ✓ Updated: 25.93 → 25.98 (CHANGED)
[2025-11-29 00:30:03]   [emp_id: 5062] ✓ Updated: 37.76 → 37.81 (CHANGED)
[2025-11-29 00:30:03]   [emp_id: 5064] ✓ Updated: 114.73 → 114.81 (CHANGED)
[2025-11-29 00:30:03]   [emp_id: 5065] ✓ Updated: 37.17 → 37.22 (CHANGED)
[2025-11-29 00:30:03]   [emp_id: 5071] ✓ Updated: 20.23 → 20.31 (CHANGED)
[2025-11-29 00:30:03]   [emp_id: 5073] ✓ Updated: 11.77 → 11.82 (CHANGED)
[2025-11-29 00:30:03]   [emp_id: 5079] ✓ Updated: 32.33 → 32.38 (CHANGED)
[2025-11-29 00:30:03]   [emp_id: 5080] ✓ Updated: 29.66 → 29.71 (CHANGED)
[2025-11-29 00:30:03]   [emp_id: 5081] ✓ Updated: 34.66 → 34.71 (CHANGED)
[2025-11-29 00:30:03]   [emp_id: 5087] ✓ Updated: 33.96 → 34.01 (CHANGED)
[2025-11-29 00:30:03]   [emp_id: 5091] ✓ Updated: 73.81 → 73.86 (CHANGED)
[2025-11-29 00:30:03]   [emp_id: 5093] ✓ Updated: 11.4 → 11.48 (CHANGED)
[2025-11-29 00:30:03]   [emp_id: 5095] ✓ Updated: 31.28 → 31.33 (CHANGED)
[2025-11-29 00:30:03]   [emp_id: 5101] ✓ Updated: 13.48 → 13.56 (CHANGED)
[2025-11-29 00:30:03]   [emp_id: 5107] ✓ Updated: 11.81 → 11.89 (CHANGED)
[2025-11-29 00:30:03]   [emp_id: 5109] ✓ Updated: 9.06 → 9.14 (CHANGED)
[2025-11-29 00:30:03]   [emp_id: 5119] ✓ Updated: 7.23 → 7.31 (CHANGED)
[2025-11-29 00:30:03]   [emp_id: 5122] ✓ Updated: 4.4 → 4.48 (CHANGED)
[2025-11-29 00:30:03]   [emp_id: 5126] ✓ Updated: 24.69 → 24.74 (CHANGED)
[2025-11-29 00:30:03]   [emp_id: 5127] ✓ Updated: 21.48 → 21.53 (CHANGED)
[2025-11-29 00:30:03]   [emp_id: 5128] ✓ Updated: 24.63 → 24.68 (CHANGED)
[2025-11-29 00:30:03]   [emp_id: 5138] ✓ Updated: 63.06 → 63.14 (CHANGED)
[2025-11-29 00:30:03]   [emp_id: 5138] ✓ Updated: 63.06 → 63.14 (CHANGED)
[2025-11-29 00:30:03]   [emp_id: 5141] ✓ Updated: 33 → 33.05 (CHANGED)
[2025-11-29 00:30:03]   [emp_id: 5142] ✓ Updated: 12 → 12.05 (CHANGED)
[2025-11-29 00:30:03]   [emp_id: 5146] ✓ Updated: 19 → 19.05 (CHANGED)
[2025-11-29 00:30:03]   [emp_id: 5147] ✓ Updated: 18 → 18.05 (CHANGED)
[2025-11-29 00:30:03]   [emp_id: 5148] ✓ Updated: 23.35 → 23.4 (CHANGED)
[2025-11-29 00:30:03]   [emp_id: 5149] ✓ Updated: 22.24 → 22.29 (CHANGED)
[2025-11-29 00:30:03]   [emp_id: 5150] ✓ Updated: 21.6 → 21.65 (CHANGED)
[2025-11-29 00:30:03]   [emp_id: 5151] ✓ Updated: 21.42 → 21.47 (CHANGED)
[2025-11-29 00:30:03]   [emp_id: 5152] ✓ Updated: 1.84 → 1.89 (CHANGED)
[2025-11-29 00:30:03]   [emp_id: 5157] ✓ Updated: 21.42 → 21.47 (CHANGED)
[2025-11-29 00:30:03]   [emp_id: 5160] ✓ Updated: 21.42 → 21.47 (CHANGED)
[2025-11-29 00:30:03]   [emp_id: 5163] ✓ Updated: 19.21 → 19.26 (CHANGED)
[2025-11-29 00:30:03]   [emp_id: 5165] ✓ Updated: 27.4 → 27.48 (CHANGED)
[2025-11-29 00:30:03]   [emp_id: 5167] ✓ Updated: 28.36 → 28.41 (CHANGED)
[2025-11-29 00:30:03]   [emp_id: 5168] ✓ Updated: 20.9 → 20.95 (CHANGED)
[2025-11-29 00:30:03]   [emp_id: 5173] ✓ Updated: 22.15 → 22.23 (CHANGED)
[2025-11-29 00:30:03]   [emp_id: 5174] ✓ Updated: 21.36 → 21.41 (CHANGED)
[2025-11-29 00:30:03]   [emp_id: 5181] ✓ Updated: 17.75 → 17.8 (CHANGED)
[2025-11-29 00:30:03]   [emp_id: 5186] ✓ Updated: 23.28 → 23.33 (CHANGED)
[2025-11-29 00:30:03]   [emp_id: 5187] ✓ Updated: 34.28 → 34.33 (CHANGED)
[2025-11-29 00:30:03]   [emp_id: 5204] ✓ Updated: 19.65 → 19.73 (CHANGED)
[2025-11-29 00:30:03]   [emp_id: 5205] ✓ Updated: 10.49 → 10.54 (CHANGED)
[2025-11-29 00:30:03]   [emp_id: 5209] ✓ Updated: 13.49 → 13.54 (CHANGED)
[2025-11-29 00:30:03]   [emp_id: 5211] ✓ Updated: 5.49 → 5.54 (CHANGED)
[2025-11-29 00:30:03]   [emp_id: 5213] ✓ Updated: 5.49 → 5.54 (CHANGED)
[2025-11-29 00:30:03]   [emp_id: 5214] ✓ Updated: 13.49 → 13.54 (CHANGED)
[2025-11-29 00:30:03]   [emp_id: 5215] ✓ Updated: 8.49 → 8.54 (CHANGED)
[2025-11-29 00:30:03]   [emp_id: 5217] ✓ Updated: 7.49 → 7.54 (CHANGED)
[2025-11-29 00:30:03]   [emp_id: 5218] ✓ Updated: 13.49 → 13.54 (CHANGED)
[2025-11-29 00:30:03]   [emp_id: 5219] ✓ Updated: 11.49 → 11.54 (CHANGED)
[2025-11-29 00:30:03]   [emp_id: 5221] ✓ Updated: 7.49 → 7.54 (CHANGED)
[2025-11-29 00:30:03]   [emp_id: 5224] ✓ Updated: 12.49 → 12.54 (CHANGED)
[2025-11-29 00:30:03]   [emp_id: 5225] ✓ Updated: 7.16 → 7.21 (CHANGED)
[2025-11-29 00:30:03]   [emp_id: 5228] ✓ Updated: 7.49 → 7.54 (CHANGED)
[2025-11-29 00:30:03]   [emp_id: 5229] ✓ Updated: 3.49 → 3.54 (CHANGED)
[2025-11-29 00:30:03]   [emp_id: 5230] ✓ Updated: 13.49 → 13.54 (CHANGED)
[2025-11-29 00:30:03]   [emp_id: 5231] ✓ Updated: 4.49 → 4.54 (CHANGED)
[2025-11-29 00:30:03]   [emp_id: 5232] ✓ Updated: 9.49 → 9.54 (CHANGED)
[2025-11-29 00:30:03]   [emp_id: 5233] ✓ Updated: 2.49 → 2.54 (CHANGED)
[2025-11-29 00:30:03]   [emp_id: 5234] ✓ Updated: 2.49 → 2.54 (CHANGED)
[2025-11-29 00:30:03]   [emp_id: 5235] ✓ Updated: 13.49 → 13.54 (CHANGED)
[2025-11-29 00:30:03]   [emp_id: 5237] ✓ Updated: 13.49 → 13.54 (CHANGED)
[2025-11-29 00:30:03]   [emp_id: 5238] ✓ Updated: 6.11 → 6.16 (CHANGED)
[2025-11-29 00:30:03]   [emp_id: 5239] ✓ Updated: 5.49 → 5.54 (CHANGED)
[2025-11-29 00:30:03]   [emp_id: 5241] ✓ Updated: 3.49 → 3.54 (CHANGED)
[2025-11-29 00:30:03]   [emp_id: 5242] ✓ Updated: 13.49 → 13.54 (CHANGED)
[2025-11-29 00:30:03]   [emp_id: 5243] ✓ Updated: 5.49 → 5.54 (CHANGED)
[2025-11-29 00:30:03]   [emp_id: 5244] ✓ Updated: 9.49 → 9.54 (CHANGED)
[2025-11-29 00:30:03]   [emp_id: 5246] ✓ Updated: 9.49 → 9.54 (CHANGED)
[2025-11-29 00:30:03]   [emp_id: 5253] ✓ Updated: 28.11 → 28.16 (CHANGED)
[2025-11-29 00:30:03]   [emp_id: 5254] ✓ Updated: 10.34 → 10.39 (CHANGED)
[2025-11-29 00:30:03]   [emp_id: 5257] ✓ Updated: 10.05 → 10.1 (CHANGED)
[2025-11-29 00:30:04]   [emp_id: 5259] ✓ Updated: 46.58 → 46.63 (CHANGED)
[2025-11-29 00:30:04]   [emp_id: 5261] ✓ Updated: 47.15 → 47.23 (CHANGED)
[2025-11-29 00:30:04]   [emp_id: 5264] ✓ Updated: 24.06 → 24.11 (CHANGED)
[2025-11-29 00:30:04]   [emp_id: 5266] ✓ Updated: 24.01 → 24.06 (CHANGED)
[2025-11-29 00:30:04]   [emp_id: 5268] ✓ Updated: 7.25 → 7.3 (CHANGED)
[2025-11-29 00:30:04]   [emp_id: 5271] ✓ Updated: 5.91 → 5.96 (CHANGED)
[2025-11-29 00:30:04]   [emp_id: 5272] ✓ Updated: 6.78 → 6.83 (CHANGED)
[2025-11-29 00:30:04]   [emp_id: 5273] ✓ Updated: 28.6 → 28.65 (CHANGED)
[2025-11-29 00:30:04]   [emp_id: 5275] ✓ Updated: 7.6 → 7.65 (CHANGED)
[2025-11-29 00:30:04]   [emp_id: 5276] ✓ Updated: 28.6 → 28.65 (CHANGED)
[2025-11-29 00:30:04]   [emp_id: 5278] ✓ Updated: 6.26 → 6.31 (CHANGED)
[2025-11-29 00:30:04]   [emp_id: 5280] ✓ Updated: 16.66 → 16.71 (CHANGED)
[2025-11-29 00:30:04]   [emp_id: 5282] ✓ Updated: 8.73 → 8.81 (CHANGED)
[2025-11-29 00:30:04]   [emp_id: 5285] ✓ Updated: 26.66 → 26.71 (CHANGED)
[2025-11-29 00:30:04]   [emp_id: 5286] ✓ Updated: 13.66 → 13.71 (CHANGED)
[2025-11-29 00:30:04]   [emp_id: 5287] ✓ Updated: 47.96 → 48.01 (CHANGED)
[2025-11-29 00:30:04]   [emp_id: 5288] ✓ Updated: 36.97 → 37.02 (CHANGED)
[2025-11-29 00:30:04]   [emp_id: 5289] ✓ Updated: 46.51 → 46.56 (CHANGED)
[2025-11-29 00:30:04]   [emp_id: 5290] ✓ Updated: 45.28 → 45.33 (CHANGED)
[2025-11-29 00:30:04]   [emp_id: 5291] ✓ Updated: 3.28 → 3.33 (CHANGED)
[2025-11-29 00:30:04]   [emp_id: 5292] ✓ Updated: 3.22 → 3.27 (CHANGED)
[2025-11-29 00:30:04]   [emp_id: 5293] ✓ Updated: 34.9 → 34.98 (CHANGED)
[2025-11-29 00:30:04]   [emp_id: 5294] ✓ Updated: 4.65 → 4.73 (CHANGED)
[2025-11-29 00:30:04]   [emp_id: 5295] ✓ Updated: 19.46 → 19.51 (CHANGED)
[2025-11-29 00:30:04]   [emp_id: 5296] ✓ Updated: 37.56 → 37.64 (CHANGED)
[2025-11-29 00:30:04]   [emp_id: 5297] ✓ Updated: 43.88 → 43.93 (CHANGED)
[2025-11-29 00:30:04]   [emp_id: 5298] ✓ Updated: 43.88 → 43.93 (CHANGED)
[2025-11-29 00:30:04]   [emp_id: 5299] ✓ Updated: 43.88 → 43.93 (CHANGED)
[2025-11-29 00:30:04]   [emp_id: 5300] ✓ Updated: 43.88 → 43.93 (CHANGED)
[2025-11-29 00:30:04]   [emp_id: 5301] ✓ Updated: 43.88 → 43.93 (CHANGED)
[2025-11-29 00:30:04]   [emp_id: 5303] ✓ Updated: 43.88 → 43.93 (CHANGED)
[2025-11-29 00:30:04]   [emp_id: 5304] ✓ Updated: 43.88 → 43.93 (CHANGED)
[2025-11-29 00:30:04]   [emp_id: 5305] ✓ Updated: 1.88 → 1.93 (CHANGED)
[2025-11-29 00:30:04]   [emp_id: 5306] ✓ Updated: 43.59 → 43.64 (CHANGED)
[2025-11-29 00:30:04]   [emp_id: 5307] ✓ Updated: 43.59 → 43.64 (CHANGED)
[2025-11-29 00:30:04]   [emp_id: 5312] ✓ Updated: 41.26 → 41.31 (CHANGED)
[2025-11-29 00:30:04]   [emp_id: 5318] ✓ Updated: 24.3 → 24.35 (CHANGED)
[2025-11-29 00:30:04]   [emp_id: 5325] ✓ Updated: 20.26 → 20.31 (CHANGED)
[2025-11-29 00:30:04]   [emp_id: 5326] ✓ Updated: 41.08 → 41.13 (CHANGED)
[2025-11-29 00:30:04]   [emp_id: 5327] ✓ Updated: 40.26 → 40.31 (CHANGED)
[2025-11-29 00:30:04]   [emp_id: 5328] ✓ Updated: 40.26 → 40.31 (CHANGED)
[2025-11-29 00:30:04]   [emp_id: 5329] ✓ Updated: 40.26 → 40.31 (CHANGED)
[2025-11-29 00:30:04]   [emp_id: 5331] ✓ Updated: 19.67 → 19.72 (CHANGED)
[2025-11-29 00:30:04]   [emp_id: 5337] ✓ Updated: 32.56 → 32.64 (CHANGED)
[2025-11-29 00:30:04]   [emp_id: 5339] ✓ Updated: 8.45 → 8.5 (CHANGED)
[2025-11-29 00:30:04]   [emp_id: 5343] ✓ Updated: 42.48 → 42.56 (CHANGED)
[2025-11-29 00:30:04]   [emp_id: 5343] ✓ Updated: 42.48 → 42.56 (CHANGED)
[2025-11-29 00:30:04]   [emp_id: 5345] ✓ Updated: 12.31 → 12.39 (CHANGED)
[2025-11-29 00:30:04]   [emp_id: 5346] ✓ Updated: 37.17 → 37.22 (CHANGED)
[2025-11-29 00:30:04]   [emp_id: 5351] ✓ Updated: 16.11 → 16.16 (CHANGED)
[2025-11-29 00:30:04]   [emp_id: 5352] ✓ Updated: 22.73 → 22.81 (CHANGED)
[2025-11-29 00:30:04]   [emp_id: 5370] ✓ Updated: 13.76 → 13.81 (CHANGED)
[2025-11-29 00:30:04]   [emp_id: 5371] ✓ Updated: 6.31 → 6.39 (CHANGED)
[2025-11-29 00:30:04]   [emp_id: 5376] ✓ Updated: 8.36 → 8.41 (CHANGED)
[2025-11-29 00:30:04]   [emp_id: 5378] ✓ Updated: 20.48 → 20.56 (CHANGED)
[2025-11-29 00:30:04]   [emp_id: 5380] ✓ Updated: 14.77 → 14.82 (CHANGED)
[2025-11-29 00:30:04]   [emp_id: 5381] ✓ Updated: 14.9 → 14.98 (CHANGED)
[2025-11-29 00:30:04]   [emp_id: 5383] ✓ Updated: 13.31 → 13.39 (CHANGED)
[2025-11-29 00:30:04]   [emp_id: 5388] ✓ Updated: 25.55 → 25.6 (CHANGED)
[2025-11-29 00:30:04]   [emp_id: 5392] ✓ Updated: 11.23 → 11.31 (CHANGED)
[2025-11-29 00:30:04]   [emp_id: 5396] ✓ Updated: 26.79 → 26.84 (CHANGED)
[2025-11-29 00:30:04]   [emp_id: 5397] ✓ Updated: 23 → 23.05 (CHANGED)
[2025-11-29 00:30:04]   [emp_id: 5401] ✓ Updated: 21.36 → 21.41 (CHANGED)
[2025-11-29 00:30:04]   [emp_id: 5402] ✓ Updated: 21.48 → 21.53 (CHANGED)
[2025-11-29 00:30:04]   [emp_id: 5406] ✓ Updated: 20.2 → 20.25 (CHANGED)
[2025-11-29 00:30:04]   [emp_id: 5407] ✓ Updated: 21.98 → 22.06 (CHANGED)
[2025-11-29 00:30:04]   [emp_id: 5408] ✓ Updated: 19.73 → 19.81 (CHANGED)
[2025-11-29 00:30:04]   [emp_id: 5409] ✓ Updated: 18.27 → 18.32 (CHANGED)
[2025-11-29 00:30:04]   [emp_id: 5413] ✓ Updated: 25.48 → 25.56 (CHANGED)
[2025-11-29 00:30:04]   [emp_id: 5414] ✓ Updated: 25.15 → 25.23 (CHANGED)
[2025-11-29 00:30:04]   [emp_id: 5415] ✓ Updated: 15.98 → 16.06 (CHANGED)
[2025-11-29 00:30:04]   [emp_id: 5418] ✓ Updated: 16.35 → 16.4 (CHANGED)
[2025-11-29 00:30:04]   [emp_id: 5422] ✓ Updated: 17.81 → 17.89 (CHANGED)
[2025-11-29 00:30:04]   [emp_id: 5423] ✓ Updated: 14.4 → 14.48 (CHANGED)
[2025-11-29 00:30:04]   [emp_id: 5423] ✓ Updated: 14.4 → 14.48 (CHANGED)
[2025-11-29 00:30:04]   [emp_id: 5423] ✓ Updated: 14.4 → 14.48 (CHANGED)
[2025-11-29 00:30:04]   [emp_id: 5424] ✓ Updated: 12.15 → 12.2 (CHANGED)
[2025-11-29 00:30:04]   [emp_id: 5425] ✓ Updated: 12.15 → 12.2 (CHANGED)
[2025-11-29 00:30:04]   [emp_id: 5426] ✓ Updated: 3.57 → 3.65 (CHANGED)
[2025-11-29 00:30:04]   [emp_id: 5426] ✓ Updated: 3.57 → 3.65 (CHANGED)
[2025-11-29 00:30:04]   [emp_id: 5427] ✓ Updated: 12.26 → 12.31 (CHANGED)
[2025-11-29 00:30:04]   [emp_id: 5428] ✓ Updated: 12.15 → 12.2 (CHANGED)
[2025-11-29 00:30:04]   [emp_id: 5430] ✓ Updated: 14.81 → 14.89 (CHANGED)
[2025-11-29 00:30:04]   [emp_id: 5431] ✓ Updated: 11.27 → 11.32 (CHANGED)
[2025-11-29 00:30:04]   [emp_id: 5434] ✓ Updated: 11.04 → 11.09 (CHANGED)
[2025-11-29 00:30:04]   [emp_id: 5435] ✓ Updated: 10.98 → 11.03 (CHANGED)
[2025-11-29 00:30:04]   [emp_id: 5436] ✓ Updated: 10.98 → 11.03 (CHANGED)
[2025-11-29 00:30:04]   [emp_id: 5438] ✓ Updated: 12.73 → 12.81 (CHANGED)
[2025-11-29 00:30:04]   [emp_id: 5439] ✓ Updated: 22.23 → 22.31 (CHANGED)
[2025-11-29 00:30:04]   [emp_id: 5442] ✓ Updated: 11.23 → 11.31 (CHANGED)
[2025-11-29 00:30:04]   [emp_id: 5443] ✓ Updated: 6.66 → 6.71 (CHANGED)
[2025-11-29 00:30:04]   [emp_id: 5445] ✓ Updated: 5.44 → 5.49 (CHANGED)
[2025-11-29 00:30:04]   [emp_id: 5446] ✓ Updated: 5.44 → 5.49 (CHANGED)
[2025-11-29 00:30:04]   [emp_id: 5447] ✓ Updated: 5.38 → 5.43 (CHANGED)
[2025-11-29 00:30:04]   [emp_id: 5448] ✓ Updated: 6.15 → 6.23 (CHANGED)
[2025-11-29 00:30:04]   [emp_id: 5449] ✓ Updated: 3.46 → 3.51 (CHANGED)
[2025-11-29 00:30:04]   [emp_id: 5450] ✓ Updated: 3.4 → 3.45 (CHANGED)
[2025-11-29 00:30:04]   [emp_id: 5451] ✓ Updated: 3.4 → 3.45 (CHANGED)
[2025-11-29 00:30:04]   [emp_id: 5454] ✓ Updated: 4.31 → 4.39 (CHANGED)
[2025-11-29 00:30:04]   [emp_id: 5455] ✓ Updated: 2.56 → 2.64 (CHANGED)
[2025-11-29 00:30:04]   [emp_id: 5456] ✓ Updated: 3.56 → 3.64 (CHANGED)
[2025-11-29 00:30:04] 
[2025-11-29 00:30:04] ========== SUMMARY ==========
[2025-11-29 00:30:04] Total employees processed: 445
[2025-11-29 00:30:04] Records updated: 445
[2025-11-29 00:30:04] Balances changed: 445
[2025-11-29 00:30:04] Errors: 0
[2025-11-29 00:30:04] ========== CRON: Vacation Balance Update Completed ==========
[2025-11-29 00:30:04] 
