[2026-02-24 01:30:42] ========== CRON: Vacation Balance Update Started ==========
[2026-02-24 01:30:42] Force level: 0 (0=normal, 1=check missing, 2=full bypass)
[2026-02-24 01:30:42] Source: Default
[2026-02-24 01:30:42] Database connection established
[2026-02-24 01:30:42] Running FORCE LEVEL 0: Normal mode
[2026-02-24 01:30:42]   [emp_id: 1061] ✅ Updated: 2.64 → 3.89 (VALUE CHANGED)
[2026-02-24 01:30:42]   [emp_id: 1496] ✅ Updated: 19.49 → 20.74 (VALUE CHANGED)
[2026-02-24 01:30:42]   [emp_id: 1500] ✅ Updated: 7.17 → 8.42 (VALUE CHANGED)
[2026-02-24 01:30:42]   [emp_id: 1673] ✅ Updated: 47.9 → 49.15 (VALUE CHANGED)
[2026-02-24 01:30:42]   [emp_id: 1685] ✅ Updated: 17.82 → 19.07 (VALUE CHANGED)
[2026-02-24 01:30:42]   [emp_id: 1764] ✅ Updated: 72.49 → 73.74 (VALUE CHANGED)
[2026-02-24 01:30:42]   [emp_id: 1805] ✅ Updated: 66.82 → 68.07 (VALUE CHANGED)
[2026-02-24 01:30:42]   [emp_id: 1822] ✅ Updated: 71.57 → 72.82 (VALUE CHANGED)
[2026-02-24 01:30:42]   [emp_id: 1837] ✅ Updated: 27.74 → 28.99 (VALUE CHANGED)
[2026-02-24 01:30:42]   [emp_id: 1857] ✅ Updated: 23.07 → 24.32 (VALUE CHANGED)
[2026-02-24 01:30:42]   [emp_id: 1861] ✅ Updated: 73.9 → 75.15 (VALUE CHANGED)
[2026-02-24 01:30:42]   [emp_id: 1872] ✅ Updated: 12.74 → 13.99 (VALUE CHANGED)
[2026-02-24 01:30:43]   [emp_id: 1897] ✅ Updated: 8.07 → 9.32 (VALUE CHANGED)
[2026-02-24 01:30:43]   [emp_id: 1916] ✅ Updated: 14.37 → 15.62 (VALUE CHANGED)
[2026-02-24 01:30:43]   [emp_id: 1928] ✅ Updated: 67.32 → 68.57 (VALUE CHANGED)
[2026-02-24 01:30:43]   [emp_id: 1931] ✅ Updated: 87.24 → 88.49 (VALUE CHANGED)
[2026-02-24 01:30:43]   [emp_id: 1944] ✅ Updated: 45.4 → 46.65 (VALUE CHANGED)
[2026-02-24 01:30:43]   [emp_id: 1996] ✅ Updated: 1.9 → 3.15 (VALUE CHANGED)
[2026-02-24 01:30:43]   [emp_id: 1997] ✅ Updated: 39.07 → 40.32 (VALUE CHANGED)
[2026-02-24 01:30:43]   [emp_id: 1998] ✅ Updated: 30.51 → 31.76 (VALUE CHANGED)
[2026-02-24 01:30:43]   [emp_id: 1999] ✅ Updated: 31.51 → 32.76 (VALUE CHANGED)
[2026-02-24 01:30:43]   [emp_id: 2009] ✅ Updated: 37.82 → 39.07 (VALUE CHANGED)
[2026-02-24 01:30:43]   [emp_id: 2048] ✅ Updated: 27.65 → 28.9 (VALUE CHANGED)
[2026-02-24 01:30:43]   [emp_id: 2057] ✅ Updated: 68.49 → 69.74 (VALUE CHANGED)
[2026-02-24 01:30:43]   [emp_id: 2079] ✅ Updated: 50.82 → 52.07 (VALUE CHANGED)
[2026-02-24 01:30:43]   [emp_id: 2181] ✅ Updated: 39.82 → 41.07 (VALUE CHANGED)
[2026-02-24 01:30:43]   [emp_id: 2190] ✅ Updated: 9.15 → 10.4 (VALUE CHANGED)
[2026-02-24 01:30:43]   [emp_id: 2212] ✅ Updated: 27.15 → 28.4 (VALUE CHANGED)
[2026-02-24 01:30:43]   [emp_id: 2226] ✅ Updated: 11.9 → 13.15 (VALUE CHANGED)
[2026-02-24 01:30:43]   [emp_id: 2238] ✅ Updated: 70.15 → 71.4 (VALUE CHANGED)
[2026-02-24 01:30:43]   [emp_id: 2285] ✅ Updated: 38.82 → 40.07 (VALUE CHANGED)
[2026-02-24 01:30:43]   [emp_id: 2287] ✅ Updated: 50.49 → 51.74 (VALUE CHANGED)
[2026-02-24 01:30:43]   [emp_id: 2288] ✅ Updated: 5.51 → 6.76 (VALUE CHANGED)
[2026-02-24 01:30:43]   [emp_id: 2316] ✅ Updated: 19.32 → 20.57 (VALUE CHANGED)
[2026-02-24 01:30:43]   [emp_id: 2337] ✅ Updated: 40.4 → 41.65 (VALUE CHANGED)
[2026-02-24 01:30:43]   [emp_id: 2352] ✅ Updated: 71.9 → 73.15 (VALUE CHANGED)
[2026-02-24 01:30:43]   [emp_id: 2358] ✅ Updated: 8.4 → 9.65 (VALUE CHANGED)
[2026-02-24 01:30:43]   [emp_id: 2361] ✅ Updated: 74.07 → 75.32 (VALUE CHANGED)
[2026-02-24 01:30:43]   [emp_id: 2363] ✅ Updated: 76.65 → 77.9 (VALUE CHANGED)
[2026-02-24 01:30:43]   [emp_id: 2364] ✅ Updated: 76.07 → 77.32 (VALUE CHANGED)
[2026-02-24 01:30:43]   [emp_id: 2367] ✅ Updated: 103.74 → 104.99 (VALUE CHANGED)
[2026-02-24 01:30:43]   [emp_id: 2368] ✅ Updated: 34.15 → 35.4 (VALUE CHANGED)
[2026-02-24 01:30:43]   [emp_id: 2372] ✅ Updated: 71.4 → 72.65 (VALUE CHANGED)
[2026-02-24 01:30:43]   [emp_id: 2376] ✅ Updated: 61.4 → 62.65 (VALUE CHANGED)
[2026-02-24 01:30:43]   [emp_id: 2423] ✅ Updated: 22.15 → 23.4 (VALUE CHANGED)
[2026-02-24 01:30:43]   [emp_id: 2519] ✅ Updated: 115.82 → 117.07 (VALUE CHANGED)
[2026-02-24 01:30:43]   [emp_id: 2522] ✅ Updated: 59.4 → 60.65 (VALUE CHANGED)
[2026-02-24 01:30:43]   [emp_id: 2530] ✅ Updated: 54.65 → 55.9 (VALUE CHANGED)
[2026-02-24 01:30:44]   [emp_id: 2539] ✅ Updated: 51.4 → 52.65 (VALUE CHANGED)
[2026-02-24 01:30:44]   [emp_id: 2541] ✅ Updated: 31.99 → 33.24 (VALUE CHANGED)
[2026-02-24 01:30:44]   [emp_id: 2550] ✅ Updated: 98.15 → 99.4 (VALUE CHANGED)
[2026-02-24 01:30:44]   [emp_id: 2553] ✅ Updated: 35.26 → 36.51 (VALUE CHANGED)
[2026-02-24 01:30:44]   [emp_id: 2554] ✅ Updated: 41.74 → 42.99 (VALUE CHANGED)
[2026-02-24 01:30:44]   [emp_id: 2565] ✅ Updated: 6.32 → 7.57 (VALUE CHANGED)
[2026-02-24 01:30:44]   [emp_id: 2572] ✅ Updated: 46.32 → 47.57 (VALUE CHANGED)
[2026-02-24 01:30:44]   [emp_id: 2637] ✅ Updated: 6.9 → 8.15 (VALUE CHANGED)
[2026-02-24 01:30:44]   [emp_id: 2642] ✅ Updated: 79.65 → 80.9 (VALUE CHANGED)
[2026-02-24 01:30:44]   [emp_id: 2645] ✅ Updated: 95.65 → 96.9 (VALUE CHANGED)
[2026-02-24 01:30:44]   [emp_id: 2648] ✅ Updated: 47.32 → 48.57 (VALUE CHANGED)
[2026-02-24 01:30:44]   [emp_id: 2654] ✅ Updated: 89.99 → 91.24 (VALUE CHANGED)
[2026-02-24 01:30:44]   [emp_id: 2688] ✅ Updated: 28.07 → 29.32 (VALUE CHANGED)
[2026-02-24 01:30:44]   [emp_id: 2690] ✅ Updated: 16.82 → 18.07 (VALUE CHANGED)
[2026-02-24 01:30:44]   [emp_id: 2709] ✅ Updated: 39.07 → 40.32 (VALUE CHANGED)
[2026-02-24 01:30:44]   [emp_id: 2745] ✅ Updated: 35.65 → 36.9 (VALUE CHANGED)
[2026-02-24 01:30:44]   [emp_id: 2843] ✅ Updated: 82.24 → 83.49 (VALUE CHANGED)
[2026-02-24 01:30:44]   [emp_id: 2854] ✅ Updated: 62.15 → 63.4 (VALUE CHANGED)
[2026-02-24 01:30:44]   [emp_id: 2869] ✅ Updated: 6.07 → 7.32 (VALUE CHANGED)
[2026-02-24 01:30:44]   [emp_id: 2876] ✅ Updated: 36.9 → 38.15 (VALUE CHANGED)
[2026-02-24 01:30:44]   [emp_id: 2924] ✅ Updated: 18.07 → 19.32 (VALUE CHANGED)
[2026-02-24 01:30:44]   [emp_id: 2953] ✅ Updated: 103.82 → 105.07 (VALUE CHANGED)
[2026-02-24 01:30:44]   [emp_id: 2961] ✅ Updated: 13.82 → 15.07 (VALUE CHANGED)
[2026-02-24 01:30:44]   [emp_id: 2975] ✅ Updated: 3.5 → 4.75 (VALUE CHANGED)
[2026-02-24 01:30:44]   [emp_id: 3013] ✅ Updated: 12.82 → 14.07 (VALUE CHANGED)
[2026-02-24 01:30:44]   [emp_id: 3014] ✅ Updated: 92.07 → 93.32 (VALUE CHANGED)
[2026-02-24 01:30:44]   [emp_id: 3015] ✅ Updated: 3.32 → 4.57 (VALUE CHANGED)
[2026-02-24 01:30:44]   [emp_id: 3018] ✅ Updated: 62.07 → 63.32 (VALUE CHANGED)
[2026-02-24 01:30:44]   [emp_id: 3025] ✅ Updated: 25.84 → 27.09 (VALUE CHANGED)
[2026-02-24 01:30:44]   [emp_id: 3037] ✅ Updated: 5.57 → 6.82 (VALUE CHANGED)
[2026-02-24 01:30:44]   [emp_id: 3047] ✅ Updated: 73.82 → 75.07 (VALUE CHANGED)
[2026-02-24 01:30:44]   [emp_id: 3061] ✅ Updated: 20.74 → 21.99 (VALUE CHANGED)
[2026-02-24 01:30:44]   [emp_id: 3062] ✅ Updated: 53.9 → 55.15 (VALUE CHANGED)
[2026-02-24 01:30:44]   [emp_id: 3074] ✅ Updated: 110.32 → 111.57 (VALUE CHANGED)
[2026-02-24 01:30:45]   [emp_id: 3089] ✅ Updated: 9.24 → 10.49 (VALUE CHANGED)
[2026-02-24 01:30:45]   [emp_id: 3090] ✅ Updated: 35.82 → 37.07 (VALUE CHANGED)
[2026-02-24 01:30:45]   [emp_id: 3091] ✅ Updated: 47.82 → 49.07 (VALUE CHANGED)
[2026-02-24 01:30:45]   [emp_id: 3092] ✅ Updated: 30.49 → 31.74 (VALUE CHANGED)
[2026-02-24 01:30:45]   [emp_id: 3105] ✅ Updated: 50.82 → 52.07 (VALUE CHANGED)
[2026-02-24 01:30:45]   [emp_id: 3134] ✅ Updated: 46.57 → 47.82 (VALUE CHANGED)
[2026-02-24 01:30:45]   [emp_id: 3140] ✅ Updated: 43.65 → 44.9 (VALUE CHANGED)
[2026-02-24 01:30:45]   [emp_id: 3144] ✅ Updated: 16.49 → 17.74 (VALUE CHANGED)
[2026-02-24 01:30:45]   [emp_id: 3156] ✅ Updated: 19.82 → 21.07 (VALUE CHANGED)
[2026-02-24 01:30:45]   [emp_id: 3162] ✅ Updated: 4.8 → 6.05 (VALUE CHANGED)
[2026-02-24 01:30:45]   [emp_id: 3163] ✅ Updated: 8.07 → 9.32 (VALUE CHANGED)
[2026-02-24 01:30:45]   [emp_id: 3198] ✅ Updated: 43.07 → 44.32 (VALUE CHANGED)
[2026-02-24 01:30:45]   [emp_id: 3205] ✅ Updated: 19.74 → 20.99 (VALUE CHANGED)
[2026-02-24 01:30:45]   [emp_id: 3209] ✅ Updated: 43.9 → 45.15 (VALUE CHANGED)
[2026-02-24 01:30:45]   [emp_id: 3223] ✅ Updated: 92.82 → 94.07 (VALUE CHANGED)
[2026-02-24 01:30:45]   [emp_id: 3224] ✅ Updated: 67.57 → 68.82 (VALUE CHANGED)
[2026-02-24 01:30:45]   [emp_id: 3230] ✅ Updated: 90.99 → 92.24 (VALUE CHANGED)
[2026-02-24 01:30:45]   [emp_id: 3231] ✅ Updated: 3.36 → 4.61 (VALUE CHANGED)
[2026-02-24 01:30:45]   [emp_id: 3233] ✅ Updated: 79.82 → 81.07 (VALUE CHANGED)
[2026-02-24 01:30:45]   [emp_id: 3249] ✅ Updated: 39.65 → 40.9 (VALUE CHANGED)
[2026-02-24 01:30:45]   [emp_id: 3250] ✅ Updated: 12.65 → 13.9 (VALUE CHANGED)
[2026-02-24 01:30:45]   [emp_id: 3252] ✅ Updated: 13.57 → 14.82 (VALUE CHANGED)
[2026-02-24 01:30:45]   [emp_id: 3254] ✅ Updated: 24.07 → 25.32 (VALUE CHANGED)
[2026-02-24 01:30:45]   [emp_id: 3255] ✅ Updated: 20.49 → 21.74 (VALUE CHANGED)
[2026-02-24 01:30:45]   [emp_id: 3256] ✅ Updated: 16.74 → 17.99 (VALUE CHANGED)
[2026-02-24 01:30:45]   [emp_id: 3263] ✅ Updated: 32.82 → 34.07 (VALUE CHANGED)
[2026-02-24 01:30:45]   [emp_id: 3265] ✅ Updated: 28.4 → 29.65 (VALUE CHANGED)
[2026-02-24 01:30:45]   [emp_id: 3280] ✅ Updated: 16.32 → 17.57 (VALUE CHANGED)
[2026-02-24 01:30:45]   [emp_id: 3286] ✅ Updated: 18.49 → 19.74 (VALUE CHANGED)
[2026-02-24 01:30:45]   [emp_id: 3294] ✅ Updated: 16.15 → 17.4 (VALUE CHANGED)
[2026-02-24 01:30:45]   [emp_id: 3321] ✅ Updated: 75.32 → 76.57 (VALUE CHANGED)
[2026-02-24 01:30:45]   [emp_id: 3325] ✅ Updated: 63.07 → 64.32 (VALUE CHANGED)
[2026-02-24 01:30:45]   [emp_id: 3329] ✅ Updated: 65.4 → 66.65 (VALUE CHANGED)
[2026-02-24 01:30:45]   [emp_id: 3330] ✅ Updated: 65.4 → 66.65 (VALUE CHANGED)
[2026-02-24 01:30:46]   [emp_id: 3332] ✅ Updated: 65.4 → 66.65 (VALUE CHANGED)
[2026-02-24 01:30:46]   [emp_id: 3384] ✅ Updated: 17.57 → 18.82 (VALUE CHANGED)
[2026-02-24 01:30:46]   [emp_id: 3386] ✅ Updated: 47.57 → 48.82 (VALUE CHANGED)
[2026-02-24 01:30:46]   [emp_id: 3431] ✅ Updated: 21.99 → 23.24 (VALUE CHANGED)
[2026-02-24 01:30:46]   [emp_id: 3497] ✅ Updated: 12.15 → 13.4 (VALUE CHANGED)
[2026-02-24 01:30:46]   [emp_id: 3532] ✅ Updated: 2.99 → 4.24 (VALUE CHANGED)
[2026-02-24 01:30:46]   [emp_id: 3602] ✅ Updated: 4.56 → 5.81 (VALUE CHANGED)
[2026-02-24 01:30:46]   [emp_id: 3618] ✅ Updated: 26.54 → 27.79 (VALUE CHANGED)
[2026-02-24 01:30:46]   [emp_id: 3622] ✅ Updated: 36.75 → 37.63 (VALUE CHANGED)
[2026-02-24 01:30:46]   [emp_id: 3627] ✅ Updated: 12.49 → 13.74 (VALUE CHANGED)
[2026-02-24 01:30:46]   [emp_id: 3665] ✅ Updated: 54.07 → 55.32 (VALUE CHANGED)
[2026-02-24 01:30:46]   [emp_id: 3705] ✅ Updated: 30.08 → 30.96 (VALUE CHANGED)
[2026-02-24 01:30:46]   [emp_id: 3724] ✅ Updated: 47.07 → 48.32 (VALUE CHANGED)
[2026-02-24 01:30:46]   [emp_id: 3726] ✅ Updated: 63.49 → 64.74 (VALUE CHANGED)
[2026-02-24 01:30:46]   [emp_id: 3727] ✅ Updated: 68.57 → 69.82 (VALUE CHANGED)
[2026-02-24 01:30:46]   [emp_id: 3728] ✅ Updated: 12.9 → 14.15 (VALUE CHANGED)
[2026-02-24 01:30:46]   [emp_id: 3767] ✅ Updated: 3.65 → 4.9 (VALUE CHANGED)
[2026-02-24 01:30:46]   [emp_id: 3768] ✅ Updated: 59.9 → 61.15 (VALUE CHANGED)
[2026-02-24 01:30:46]   [emp_id: 3787] ✅ Updated: 60.49 → 61.74 (VALUE CHANGED)
[2026-02-24 01:30:46]   [emp_id: 3790] ✅ Updated: 5.04 → 6.29 (VALUE CHANGED)
[2026-02-24 01:30:46]   [emp_id: 3795] ✅ Updated: 17.99 → 19.24 (VALUE CHANGED)
[2026-02-24 01:30:46]   [emp_id: 3798] ✅ Updated: 96.4 → 97.65 (VALUE CHANGED)
[2026-02-24 01:30:46]   [emp_id: 3801] ✅ Updated: 4.67 → 5.92 (VALUE CHANGED)
[2026-02-24 01:30:46]   [emp_id: 3802] ✅ Updated: 33.65 → 34.9 (VALUE CHANGED)
[2026-02-24 01:30:46]   [emp_id: 3803] ✅ Updated: 28.07 → 29.32 (VALUE CHANGED)
[2026-02-24 01:30:46]   [emp_id: 3810] ✅ Updated: 64.07 → 65.32 (VALUE CHANGED)
[2026-02-24 01:30:46]   [emp_id: 3812] ✅ Updated: 93.07 → 94.32 (VALUE CHANGED)
[2026-02-24 01:30:46]   [emp_id: 3815] ✅ Updated: 93.07 → 94.32 (VALUE CHANGED)
[2026-02-24 01:30:46]   [emp_id: 3836] ✅ Updated: 60.74 → 61.99 (VALUE CHANGED)
[2026-02-24 01:30:46]   [emp_id: 3855] ✅ Updated: 53.9 → 55.15 (VALUE CHANGED)
[2026-02-24 01:30:46]   [emp_id: 3857] ✅ Updated: 57.57 → 58.82 (VALUE CHANGED)
[2026-02-24 01:30:46]   [emp_id: 3866] ✅ Updated: 30.9 → 32.15 (VALUE CHANGED)
[2026-02-24 01:30:46]   [emp_id: 3876] ✅ Updated: 27.07 → 28.32 (VALUE CHANGED)
[2026-02-24 01:30:46]   [emp_id: 3877] ✅ Updated: 52.57 → 53.82 (VALUE CHANGED)
[2026-02-24 01:30:46]   [emp_id: 3897] ✅ Updated: 1.82 → 3.07 (VALUE CHANGED)
[2026-02-24 01:30:46]   [emp_id: 3899] ✅ Updated: 2.64 → 3.89 (VALUE CHANGED)
[2026-02-24 01:30:47]   [emp_id: 3928] ✅ Updated: 16.9 → 18.15 (VALUE CHANGED)
[2026-02-24 01:30:47]   [emp_id: 3929] ✅ Updated: 11.9 → 13.15 (VALUE CHANGED)
[2026-02-24 01:30:47]   [emp_id: 3935] ✅ Updated: 96.9 → 98.15 (VALUE CHANGED)
[2026-02-24 01:30:47]   [emp_id: 3952] ✅ Updated: 78.24 → 79.49 (VALUE CHANGED)
[2026-02-24 01:30:47]   [emp_id: 3987] ✅ Updated: 17.15 → 18.4 (VALUE CHANGED)
[2026-02-24 01:30:47]   [emp_id: 4059] ✅ Updated: 6.35 → 7.6 (VALUE CHANGED)
[2026-02-24 01:30:47]   [emp_id: 4119] ✅ Updated: 59.82 → 61.07 (VALUE CHANGED)
[2026-02-24 01:30:47]   [emp_id: 4120] ✅ Updated: 29.4 → 30.65 (VALUE CHANGED)
[2026-02-24 01:30:47]   [emp_id: 4124] ✅ Updated: 29.92 → 31.17 (VALUE CHANGED)
[2026-02-24 01:30:47]   [emp_id: 4133] ✅ Updated: 108.4 → 109.65 (VALUE CHANGED)
[2026-02-24 01:30:47]   [emp_id: 4134] ✅ Updated: 29.4 → 30.65 (VALUE CHANGED)
[2026-02-24 01:30:47]   [emp_id: 4136] ✅ Updated: 0.4 → 1.65 (VALUE CHANGED)
[2026-02-24 01:30:47]   [emp_id: 4150] ✅ Updated: 28.07 → 29.32 (VALUE CHANGED)
[2026-02-24 01:30:47]   [emp_id: 4157] ✅ Updated: 21.57 → 22.82 (VALUE CHANGED)
[2026-02-24 01:30:47]   [emp_id: 4172] ✅ Updated: 14.66 → 15.54 (VALUE CHANGED)
[2026-02-24 01:30:47]   [emp_id: 4195] ✅ Updated: 65.15 → 66.4 (VALUE CHANGED)
[2026-02-24 01:30:47]   [emp_id: 4215] ✅ Updated: 47.82 → 49.07 (VALUE CHANGED)
[2026-02-24 01:30:47]   [emp_id: 4220] ✅ Updated: 43.4 → 44.65 (VALUE CHANGED)
[2026-02-24 01:30:47]   [emp_id: 4273] ✅ Updated: 12.07 → 13.32 (VALUE CHANGED)
[2026-02-24 01:30:47]   [emp_id: 4283] ✅ Updated: 15.75 → 16.63 (VALUE CHANGED)
[2026-02-24 01:30:47]   [emp_id: 4288] ✅ Updated: 15.22 → 16.47 (VALUE CHANGED)
[2026-02-24 01:30:47]   [emp_id: 4315] ✅ Updated: 15.32 → 16.57 (VALUE CHANGED)
[2026-02-24 01:30:47]   [emp_id: 4328] ✅ Updated: 44.58 → 45.46 (VALUE CHANGED)
[2026-02-24 01:30:47]   [emp_id: 4329] ✅ Updated: 8.49 → 9.74 (VALUE CHANGED)
[2026-02-24 01:30:47]   [emp_id: 4338] ✅ Updated: 50.07 → 51.32 (VALUE CHANGED)
[2026-02-24 01:30:47]   [emp_id: 4340] ✅ Updated: 112.07 → 113.32 (VALUE CHANGED)
[2026-02-24 01:30:47]   [emp_id: 4365] ✅ Updated: 0.49 → 1.74 (VALUE CHANGED)
[2026-02-24 01:30:47]   [emp_id: 4366] ✅ Updated: 62.57 → 63.82 (VALUE CHANGED)
[2026-02-24 01:30:47]   [emp_id: 4403] ✅ Updated: 88.4 → 89.65 (VALUE CHANGED)
[2026-02-24 01:30:47]   [emp_id: 4438] ✅ Updated: 24.07 → 25.32 (VALUE CHANGED)
[2026-02-24 01:30:47]   [emp_id: 4473] ✅ Updated: 47.65 → 48.9 (VALUE CHANGED)
[2026-02-24 01:30:47]   [emp_id: 4474] ✅ Updated: 5.42 → 6.3 (VALUE CHANGED)
[2026-02-24 01:30:47]   [emp_id: 4493] ✅ Updated: 166.49 → 167.74 (VALUE CHANGED)
[2026-02-24 01:30:47]   [emp_id: 4526] ✅ Updated: 38.74 → 39.99 (VALUE CHANGED)
[2026-02-24 01:30:47]   [emp_id: 4528] ✅ Updated: 110.49 → 111.74 (VALUE CHANGED)
[2026-02-24 01:30:47]   [emp_id: 4532] ✅ Updated: 0.9 → 1.78 (VALUE CHANGED)
[2026-02-24 01:30:47]   [emp_id: 4533] ✅ Updated: 38.9 → 40.15 (VALUE CHANGED)
[2026-02-24 01:30:48]   [emp_id: 4565] ✅ Updated: 17.41 → 18.29 (VALUE CHANGED)
[2026-02-24 01:30:48]   [emp_id: 4567] ✅ Updated: 21.66 → 22.54 (VALUE CHANGED)
[2026-02-24 01:30:48]   [emp_id: 4572] ✅ Updated: 61.16 → 62.04 (VALUE CHANGED)
[2026-02-24 01:30:48]   [emp_id: 4631] ✅ Updated: 17.41 → 18.29 (VALUE CHANGED)
[2026-02-24 01:30:48]   [emp_id: 4655] ✅ Updated: 27.82 → 29.07 (VALUE CHANGED)
[2026-02-24 01:30:48]   [emp_id: 4709] ✅ Updated: 43.07 → 44.32 (VALUE CHANGED)
[2026-02-24 01:30:48]   [emp_id: 4717] ✅ Updated: 69.07 → 70.32 (VALUE CHANGED)
[2026-02-24 01:30:48]   [emp_id: 4736] ✅ Updated: 30.9 → 32.15 (VALUE CHANGED)
[2026-02-24 01:30:48]   [emp_id: 4756] ✅ Updated: 13.85 → 14.73 (VALUE CHANGED)
[2026-02-24 01:30:48]   [emp_id: 4768] ✅ Updated: 16.57 → 17.82 (VALUE CHANGED)
[2026-02-24 01:30:48]   [emp_id: 4780] ✅ Updated: 67.58 → 68.46 (VALUE CHANGED)
[2026-02-24 01:30:48]   [emp_id: 4820] ✅ Updated: 101.9 → 103.15 (VALUE CHANGED)
[2026-02-24 01:30:48]   [emp_id: 4824] ✅ Updated: 5.08 → 6.33 (VALUE CHANGED)
[2026-02-24 01:30:48]   [emp_id: 4825] ✅ Updated: 33.65 → 34.9 (VALUE CHANGED)
[2026-02-24 01:30:48]   [emp_id: 4837] ✅ Updated: 47.57 → 48.45 (VALUE CHANGED)
[2026-02-24 01:30:48]   [emp_id: 4840] ✅ Updated: 47.57 → 48.45 (VALUE CHANGED)
[2026-02-24 01:30:48]   [emp_id: 4842] ✅ Updated: 0.81 → 1.69 (VALUE CHANGED)
[2026-02-24 01:30:48]   [emp_id: 4843] ✅ Updated: 47.34 → 48.22 (VALUE CHANGED)
[2026-02-24 01:30:48]   [emp_id: 4856] ✅ Updated: 44.48 → 45.36 (VALUE CHANGED)
[2026-02-24 01:30:48]   [emp_id: 4858] ✅ Updated: 24.18 → 25.06 (VALUE CHANGED)
[2026-02-24 01:30:48]   [emp_id: 4859] ✅ Updated: 45.65 → 46.53 (VALUE CHANGED)
[2026-02-24 01:30:48]   [emp_id: 4861] ✅ Updated: 43.61 → 44.49 (VALUE CHANGED)
[2026-02-24 01:30:48]   [emp_id: 4869] ✅ Updated: 86.49 → 87.37 (VALUE CHANGED)
[2026-02-24 01:30:48]   [emp_id: 4894] ✅ Updated: 10.57 → 11.82 (VALUE CHANGED)
[2026-02-24 01:30:48]   [emp_id: 4897] ✅ Updated: 25.39 → 26.27 (VALUE CHANGED)
[2026-02-24 01:30:48]   [emp_id: 4899] ✅ Updated: 21.56 → 22.44 (VALUE CHANGED)
[2026-02-24 01:30:48]   [emp_id: 4902] ✅ Updated: 20.98 → 21.86 (VALUE CHANGED)
[2026-02-24 01:30:48]   [emp_id: 4903] ✅ Updated: 23.2 → 24.08 (VALUE CHANGED)
[2026-02-24 01:30:48]   [emp_id: 4905] ✅ Updated: 21.86 → 22.74 (VALUE CHANGED)
[2026-02-24 01:30:48]   [emp_id: 4907] ✅ Updated: 50.65 → 51.9 (VALUE CHANGED)
[2026-02-24 01:30:48]   [emp_id: 4917] ✅ Updated: 18.82 → 19.7 (VALUE CHANGED)
[2026-02-24 01:30:48]   [emp_id: 4918] ✅ Updated: 8.59 → 9.47 (VALUE CHANGED)
[2026-02-24 01:30:48]   [emp_id: 4919] ✅ Updated: 60.88 → 61.76 (VALUE CHANGED)
[2026-02-24 01:30:48]   [emp_id: 4920] ✅ Updated: 7.96 → 8.84 (VALUE CHANGED)
[2026-02-24 01:30:48]   [emp_id: 4921] ✅ Updated: 20.05 → 20.93 (VALUE CHANGED)
[2026-02-24 01:30:48]   [emp_id: 4927] ✅ Updated: 18.88 → 19.76 (VALUE CHANGED)
[2026-02-24 01:30:49]   [emp_id: 4929] ✅ Updated: 20.4 → 21.28 (VALUE CHANGED)
[2026-02-24 01:30:49]   [emp_id: 4930] ✅ Updated: 61.17 → 62.05 (VALUE CHANGED)
[2026-02-24 01:30:49]   [emp_id: 4932] ✅ Updated: 19.17 → 20.05 (VALUE CHANGED)
[2026-02-24 01:30:49]   [emp_id: 4933] ✅ Updated: 22.58 → 23.46 (VALUE CHANGED)
[2026-02-24 01:30:49]   [emp_id: 4949] ✅ Updated: 26.01 → 26.89 (VALUE CHANGED)
[2026-02-24 01:30:49]   [emp_id: 4956] ✅ Updated: 31.6 → 32.48 (VALUE CHANGED)
[2026-02-24 01:30:49]   [emp_id: 4957] ✅ Updated: 27.27 → 28.15 (VALUE CHANGED)
[2026-02-24 01:30:49]   [emp_id: 4962] ✅ Updated: 50.01 → 51.26 (VALUE CHANGED)
[2026-02-24 01:30:49]   [emp_id: 4969] ✅ Updated: 49.32 → 50.57 (VALUE CHANGED)
[2026-02-24 01:30:49]   [emp_id: 4976] ✅ Updated: 12.29 → 13.17 (VALUE CHANGED)
[2026-02-24 01:30:49]   [emp_id: 4984] ✅ Updated: 40.57 → 41.82 (VALUE CHANGED)
[2026-02-24 01:30:49]   [emp_id: 4995] ✅ Updated: 52.64 → 53.89 (VALUE CHANGED)
[2026-02-24 01:30:49]   [emp_id: 5004] ✅ Updated: 29.23 → 30.11 (VALUE CHANGED)
[2026-02-24 01:30:49]   [emp_id: 5006] ✅ Updated: 28.97 → 29.85 (VALUE CHANGED)
[2026-02-24 01:30:49]   [emp_id: 5011] ✅ Updated: 8.42 → 9.67 (VALUE CHANGED)
[2026-02-24 01:30:49]   [emp_id: 5013] ✅ Updated: 69.34 → 70.22 (VALUE CHANGED)
[2026-02-24 01:30:49]   [emp_id: 5018] ✅ Updated: 5.83 → 6.71 (VALUE CHANGED)
[2026-02-24 01:30:49]   [emp_id: 5021] ✅ Updated: 63.67 → 64.92 (VALUE CHANGED)
[2026-02-24 01:30:49]   [emp_id: 5024] ✅ Updated: 3.85 → 4.73 (VALUE CHANGED)
[2026-02-24 01:30:49]   [emp_id: 5030] ✅ Updated: 33.8 → 34.68 (VALUE CHANGED)
[2026-02-24 01:30:49]   [emp_id: 5033] ✅ Updated: 12.6 → 13.48 (VALUE CHANGED)
[2026-02-24 01:30:49]   [emp_id: 5043] ✅ Updated: 33.24 → 34.49 (VALUE CHANGED)
[2026-02-24 01:30:49]   [emp_id: 5045] ✅ Updated: 29.74 → 30.99 (VALUE CHANGED)
[2026-02-24 01:30:49]   [emp_id: 5046] ✅ Updated: 24.93 → 26.18 (VALUE CHANGED)
[2026-02-24 01:30:49]   [emp_id: 5049] ✅ Updated: 0.78 → 1.66 (VALUE CHANGED)
[2026-02-24 01:30:49]   [emp_id: 5055] ✅ Updated: 21 → 21.88 (VALUE CHANGED)
[2026-02-24 01:30:49]   [emp_id: 5058] ✅ Updated: 29.98 → 30.86 (VALUE CHANGED)
[2026-02-24 01:30:49]   [emp_id: 5062] ✅ Updated: 41.81 → 42.69 (VALUE CHANGED)
[2026-02-24 01:30:49]   [emp_id: 5064] ✅ Updated: 120.57 → 121.82 (VALUE CHANGED)
[2026-02-24 01:30:49]   [emp_id: 5065] ✅ Updated: 41.22 → 42.1 (VALUE CHANGED)
[2026-02-24 01:30:49]   [emp_id: 5071] ✅ Updated: 26.07 → 27.32 (VALUE CHANGED)
[2026-02-24 01:30:49]   [emp_id: 5079] ✅ Updated: 36.38 → 37.26 (VALUE CHANGED)
[2026-02-24 01:30:49]   [emp_id: 5080] ✅ Updated: 29.71 → 30.59 (VALUE CHANGED)
[2026-02-24 01:30:49]   [emp_id: 5081] ✅ Updated: 17.97 → 18.85 (VALUE CHANGED)
[2026-02-24 01:30:50]   [emp_id: 5087] ✅ Updated: 38.01 → 38.89 (VALUE CHANGED)
[2026-02-24 01:30:50]   [emp_id: 5091] ✅ Updated: 77.86 → 78.74 (VALUE CHANGED)
[2026-02-24 01:30:50]   [emp_id: 5093] ✅ Updated: 17.24 → 18.49 (VALUE CHANGED)
[2026-02-24 01:30:50]   [emp_id: 5095] ✅ Updated: 3.4 → 4.28 (VALUE CHANGED)
[2026-02-24 01:30:50]   [emp_id: 5101] ✅ Updated: 19.32 → 20.57 (VALUE CHANGED)
[2026-02-24 01:30:50]   [emp_id: 5107] ✅ Updated: 17.65 → 18.9 (VALUE CHANGED)
[2026-02-24 01:30:50]   [emp_id: 5109] ✅ Updated: 14.9 → 16.15 (VALUE CHANGED)
[2026-02-24 01:30:50]   [emp_id: 5119] ✅ Updated: 13.07 → 14.32 (VALUE CHANGED)
[2026-02-24 01:30:50]   [emp_id: 5122] ✅ Updated: 10.24 → 11.49 (VALUE CHANGED)
[2026-02-24 01:30:50]   [emp_id: 5126] ✅ Updated: 28.74 → 29.62 (VALUE CHANGED)
[2026-02-24 01:30:50]   [emp_id: 5127] ✅ Updated: 15.53 → 16.41 (VALUE CHANGED)
[2026-02-24 01:30:50]   [emp_id: 5128] ✅ Updated: 28.68 → 29.56 (VALUE CHANGED)
[2026-02-24 01:30:50]   [emp_id: 5138] ✅ Updated: 52.9 → 54.15 (VALUE CHANGED)
[2026-02-24 01:30:50]   [emp_id: 5141] ✅ Updated: 37.05 → 37.93 (VALUE CHANGED)
[2026-02-24 01:30:50]   [emp_id: 5142] ✅ Updated: 6.05 → 6.93 (VALUE CHANGED)
[2026-02-24 01:30:50]   [emp_id: 5146] ✅ Updated: 23.05 → 23.93 (VALUE CHANGED)
[2026-02-24 01:30:50]   [emp_id: 5147] ✅ Updated: 22.05 → 22.93 (VALUE CHANGED)
[2026-02-24 01:30:50]   [emp_id: 5148] ✅ Updated: 27.4 → 28.28 (VALUE CHANGED)
[2026-02-24 01:30:50]   [emp_id: 5149] ✅ Updated: 26.29 → 27.17 (VALUE CHANGED)
[2026-02-24 01:30:50]   [emp_id: 5150] ✅ Updated: 25.65 → 26.53 (VALUE CHANGED)
[2026-02-24 01:30:50]   [emp_id: 5151] ✅ Updated: 25.47 → 26.35 (VALUE CHANGED)
[2026-02-24 01:30:50]   [emp_id: 5152] ✅ Updated: 5.89 → 6.77 (VALUE CHANGED)
[2026-02-24 01:30:50]   [emp_id: 5157] ✅ Updated: 25.47 → 26.35 (VALUE CHANGED)
[2026-02-24 01:30:50]   [emp_id: 5160] ✅ Updated: 25.47 → 26.35 (VALUE CHANGED)
[2026-02-24 01:30:50]   [emp_id: 5163] ✅ Updated: 23.26 → 24.14 (VALUE CHANGED)
[2026-02-24 01:30:50]   [emp_id: 5165] ✅ Updated: 4.34 → 5.59 (VALUE CHANGED)
[2026-02-24 01:30:50]   [emp_id: 5167] ✅ Updated: 32.41 → 33.29 (VALUE CHANGED)
[2026-02-24 01:30:50]   [emp_id: 5168] ✅ Updated: 24.95 → 25.83 (VALUE CHANGED)
[2026-02-24 01:30:50]   [emp_id: 5173] ✅ Updated: 27.99 → 29.24 (VALUE CHANGED)
[2026-02-24 01:30:50]   [emp_id: 5174] ✅ Updated: 25.41 → 26.29 (VALUE CHANGED)
[2026-02-24 01:30:50]   [emp_id: 5181] ✅ Updated: 21.8 → 22.68 (VALUE CHANGED)
[2026-02-24 01:30:50]   [emp_id: 5187] ✅ Updated: 38.33 → 39.21 (VALUE CHANGED)
[2026-02-24 01:30:50]   [emp_id: 5204] ✅ Updated: 19.49 → 20.74 (VALUE CHANGED)
[2026-02-24 01:30:50]   [emp_id: 5205] ✅ Updated: 14.54 → 15.42 (VALUE CHANGED)
[2026-02-24 01:30:50]   [emp_id: 5209] ✅ Updated: 14.54 → 15.42 (VALUE CHANGED)
[2026-02-24 01:30:50]   [emp_id: 5213] ✅ Updated: 4.95 → 5.83 (VALUE CHANGED)
[2026-02-24 01:30:50]   [emp_id: 5214] ✅ Updated: 3.79 → 4.67 (VALUE CHANGED)
[2026-02-24 01:30:50]   [emp_id: 5215] ✅ Updated: 12.54 → 13.42 (VALUE CHANGED)
[2026-02-24 01:30:50]   [emp_id: 5217] ✅ Updated: 10.54 → 11.42 (VALUE CHANGED)
[2026-02-24 01:30:50]   [emp_id: 5219] ✅ Updated: 15.54 → 16.42 (VALUE CHANGED)
[2026-02-24 01:30:51]   [emp_id: 5221] ✅ Updated: 4.85 → 5.73 (VALUE CHANGED)
[2026-02-24 01:30:51]   [emp_id: 5224] ✅ Updated: 16.54 → 17.42 (VALUE CHANGED)
[2026-02-24 01:30:51]   [emp_id: 5229] ✅ Updated: 7.54 → 8.42 (VALUE CHANGED)
[2026-02-24 01:30:51]   [emp_id: 5230] ✅ Updated: 12.21 → 13.09 (VALUE CHANGED)
[2026-02-24 01:30:51]   [emp_id: 5231] ✅ Updated: 8.54 → 9.42 (VALUE CHANGED)
[2026-02-24 01:30:51]   [emp_id: 5232] ✅ Updated: 2.54 → 3.42 (VALUE CHANGED)
[2026-02-24 01:30:51]   [emp_id: 5233] ✅ Updated: 6.54 → 7.42 (VALUE CHANGED)
[2026-02-24 01:30:51]   [emp_id: 5235] ✅ Updated: 1.98 → 2.86 (VALUE CHANGED)
[2026-02-24 01:30:51]   [emp_id: 5237] ✅ Updated: 12.79 → 13.67 (VALUE CHANGED)
[2026-02-24 01:30:51]   [emp_id: 5239] ✅ Updated: 5.54 → 6.42 (VALUE CHANGED)
[2026-02-24 01:30:51]   [emp_id: 5241] ✅ Updated: 7.54 → 8.42 (VALUE CHANGED)
[2026-02-24 01:30:51]   [emp_id: 5242] ✅ Updated: 17.54 → 18.42 (VALUE CHANGED)
[2026-02-24 01:30:51]   [emp_id: 5243] ✅ Updated: 3.95 → 4.83 (VALUE CHANGED)
[2026-02-24 01:30:51]   [emp_id: 5244] ✅ Updated: 1.98 → 2.86 (VALUE CHANGED)
[2026-02-24 01:30:51]   [emp_id: 5246] ✅ Updated: 13.54 → 14.42 (VALUE CHANGED)
[2026-02-24 01:30:51]   [emp_id: 5253] ✅ Updated: 25.41 → 26.29 (VALUE CHANGED)
[2026-02-24 01:30:51]   [emp_id: 5254] ✅ Updated: 3.39 → 4.27 (VALUE CHANGED)
[2026-02-24 01:30:51]   [emp_id: 5257] ✅ Updated: 14.1 → 14.98 (VALUE CHANGED)
[2026-02-24 01:30:51]   [emp_id: 5259] ✅ Updated: 50.63 → 51.51 (VALUE CHANGED)
[2026-02-24 01:30:51]   [emp_id: 5261] ✅ Updated: 7.09 → 8.34 (VALUE CHANGED)
[2026-02-24 01:30:51]   [emp_id: 5264] ✅ Updated: 16.11 → 16.99 (VALUE CHANGED)
[2026-02-24 01:30:51]   [emp_id: 5266] ✅ Updated: 22.73 → 23.61 (VALUE CHANGED)
[2026-02-24 01:30:51]   [emp_id: 5268] ✅ Updated: 11.3 → 12.18 (VALUE CHANGED)
[2026-02-24 01:30:51]   [emp_id: 5271] ✅ Updated: 9.96 → 10.84 (VALUE CHANGED)
[2026-02-24 01:30:51]   [emp_id: 5272] ✅ Updated: 10.83 → 11.71 (VALUE CHANGED)
[2026-02-24 01:30:51]   [emp_id: 5273] ✅ Updated: 25.9 → 26.78 (VALUE CHANGED)
[2026-02-24 01:30:51]   [emp_id: 5275] ✅ Updated: 11.65 → 12.53 (VALUE CHANGED)
[2026-02-24 01:30:51]   [emp_id: 5276] ✅ Updated: 25.92 → 26.8 (VALUE CHANGED)
[2026-02-24 01:30:51]   [emp_id: 5278] ✅ Updated: 10.31 → 11.19 (VALUE CHANGED)
[2026-02-24 01:30:51]   [emp_id: 5280] ✅ Updated: 20.71 → 21.59 (VALUE CHANGED)
[2026-02-24 01:30:51]   [emp_id: 5282] ✅ Updated: 14.57 → 15.82 (VALUE CHANGED)
[2026-02-24 01:30:51]   [emp_id: 5285] ✅ Updated: 30.71 → 31.59 (VALUE CHANGED)
[2026-02-24 01:30:51]   [emp_id: 5286] ✅ Updated: 17.71 → 18.59 (VALUE CHANGED)
[2026-02-24 01:30:51]   [emp_id: 5287] ✅ Updated: 52.01 → 52.89 (VALUE CHANGED)
[2026-02-24 01:30:51]   [emp_id: 5288] ✅ Updated: 9.28 → 10.16 (VALUE CHANGED)
[2026-02-24 01:30:51]   [emp_id: 5289] ✅ Updated: 50.56 → 51.44 (VALUE CHANGED)
[2026-02-24 01:30:52]   [emp_id: 5290] ✅ Updated: 49.33 → 50.21 (VALUE CHANGED)
[2026-02-24 01:30:52]   [emp_id: 5291] ✅ Updated: 7.33 → 8.21 (VALUE CHANGED)
[2026-02-24 01:30:52]   [emp_id: 5292] ✅ Updated: 7.27 → 8.15 (VALUE CHANGED)
[2026-02-24 01:30:52]   [emp_id: 5293] ✅ Updated: 10.83 → 12.08 (VALUE CHANGED)
[2026-02-24 01:30:52]   [emp_id: 5294] ✅ Updated: 10.49 → 11.74 (VALUE CHANGED)
[2026-02-24 01:30:52]   [emp_id: 5295] ✅ Updated: 23.51 → 24.39 (VALUE CHANGED)
[2026-02-24 01:30:52]   [emp_id: 5296] ✅ Updated: 31.51 → 32.76 (VALUE CHANGED)
[2026-02-24 01:30:52]   [emp_id: 5297] ✅ Updated: 47.93 → 48.81 (VALUE CHANGED)
[2026-02-24 01:30:52]   [emp_id: 5298] ✅ Updated: 0.93 → 1.81 (VALUE CHANGED)
[2026-02-24 01:30:52]   [emp_id: 5299] ✅ Updated: 47.93 → 48.81 (VALUE CHANGED)
[2026-02-24 01:30:52]   [emp_id: 5300] ✅ Updated: 47.93 → 48.81 (VALUE CHANGED)
[2026-02-24 01:30:52]   [emp_id: 5301] ✅ Updated: 5.75 → 6.63 (VALUE CHANGED)
[2026-02-24 01:30:52]   [emp_id: 5303] ✅ Updated: 6.18 → 7.06 (VALUE CHANGED)
[2026-02-24 01:30:52]   [emp_id: 5304] ✅ Updated: 2.93 → 3.81 (VALUE CHANGED)
[2026-02-24 01:30:52]   [emp_id: 5305] ✅ Updated: 5.93 → 6.81 (VALUE CHANGED)
[2026-02-24 01:30:52]   [emp_id: 5306] ✅ Updated: 47.64 → 48.52 (VALUE CHANGED)
[2026-02-24 01:30:52]   [emp_id: 5307] ✅ Updated: 47.64 → 48.52 (VALUE CHANGED)
[2026-02-24 01:30:52]   [emp_id: 5312] ✅ Updated: 1.98 → 2.86 (VALUE CHANGED)
[2026-02-24 01:30:52]   [emp_id: 5318] ✅ Updated: 23.35 → 24.23 (VALUE CHANGED)
[2026-02-24 01:30:52]   [emp_id: 5325] ✅ Updated: 2.31 → 3.19 (VALUE CHANGED)
[2026-02-24 01:30:52]   [emp_id: 5327] ✅ Updated: 3.4 → 4.28 (VALUE CHANGED)
[2026-02-24 01:30:52]   [emp_id: 5337] ✅ Updated: 38.4 → 39.65 (VALUE CHANGED)
[2026-02-24 01:30:52]   [emp_id: 5339] ✅ Updated: 12.5 → 13.38 (VALUE CHANGED)
[2026-02-24 01:30:52]   [emp_id: 5343] ✅ Updated: 48.32 → 49.57 (VALUE CHANGED)
[2026-02-24 01:30:52]   [emp_id: 5345] ✅ Updated: 18.15 → 19.4 (VALUE CHANGED)
[2026-02-24 01:30:52]   [emp_id: 5346] ✅ Updated: 4.22 → 5.1 (VALUE CHANGED)
[2026-02-24 01:30:52]   [emp_id: 5351] ✅ Updated: 19.16 → 20.04 (VALUE CHANGED)
[2026-02-24 01:30:52]   [emp_id: 5370] ✅ Updated: 17.81 → 18.69 (VALUE CHANGED)
[2026-02-24 01:30:52]   [emp_id: 5371] ✅ Updated: 10.32 → 11.57 (VALUE CHANGED)
[2026-02-24 01:30:52]   [emp_id: 5376] ✅ Updated: 12.41 → 13.29 (VALUE CHANGED)
[2026-02-24 01:30:52]   [emp_id: 5378] ✅ Updated: 20.4 → 21.65 (VALUE CHANGED)
[2026-02-24 01:30:52]   [emp_id: 5380] ✅ Updated: 18.82 → 19.7 (VALUE CHANGED)
[2026-02-24 01:30:52]   [emp_id: 5381] ✅ Updated: 12.84 → 14.09 (VALUE CHANGED)
[2026-02-24 01:30:52]   [emp_id: 5383] ✅ Updated: 18.15 → 19.4 (VALUE CHANGED)
[2026-02-24 01:30:52]   [emp_id: 5388] ✅ Updated: 29.6 → 30.48 (VALUE CHANGED)
[2026-02-24 01:30:52]   [emp_id: 5396] ✅ Updated: 30.84 → 31.72 (VALUE CHANGED)
[2026-02-24 01:30:52]   [emp_id: 5397] ✅ Updated: 22.3 → 23.18 (VALUE CHANGED)
[2026-02-24 01:30:52]   [emp_id: 5401] ✅ Updated: 25.41 → 26.29 (VALUE CHANGED)
[2026-02-24 01:30:52]   [emp_id: 5402] ✅ Updated: 25.53 → 26.41 (VALUE CHANGED)
[2026-02-24 01:30:52]   [emp_id: 5406] ✅ Updated: 19.25 → 20.13 (VALUE CHANGED)
[2026-02-24 01:30:52]   [emp_id: 5407] ✅ Updated: 18.92 → 20.17 (VALUE CHANGED)
[2026-02-24 01:30:53]   [emp_id: 5409] ✅ Updated: 18.59 → 19.47 (VALUE CHANGED)
[2026-02-24 01:30:53]   [emp_id: 5413] ✅ Updated: 31.32 → 32.57 (VALUE CHANGED)
[2026-02-24 01:30:53]   [emp_id: 5415] ✅ Updated: 6.92 → 8.17 (VALUE CHANGED)
[2026-02-24 01:30:53]   [emp_id: 5418] ✅ Updated: 17.65 → 18.53 (VALUE CHANGED)
[2026-02-24 01:30:53]   [emp_id: 5422] ✅ Updated: 23.65 → 24.9 (VALUE CHANGED)
[2026-02-24 01:30:53]   [emp_id: 5423] ✅ Updated: 6.34 → 7.59 (VALUE CHANGED)
[2026-02-24 01:30:53]   [emp_id: 5425] ✅ Updated: 16.2 → 17.08 (VALUE CHANGED)
[2026-02-24 01:30:53]   [emp_id: 5426] ✅ Updated: 4.89 → 6.14 (VALUE CHANGED)
[2026-02-24 01:30:53]   [emp_id: 5427] ✅ Updated: 16.31 → 17.19 (VALUE CHANGED)
[2026-02-24 01:30:53]   [emp_id: 5428] ✅ Updated: 16.2 → 17.08 (VALUE CHANGED)
[2026-02-24 01:30:53]   [emp_id: 5430] ✅ Updated: 20.71 → 21.96 (VALUE CHANGED)
[2026-02-24 01:30:53]   [emp_id: 5431] ✅ Updated: 15.32 → 16.2 (VALUE CHANGED)
[2026-02-24 01:30:53]   [emp_id: 5433] ✅ Updated: 15.34 → 16.22 (VALUE CHANGED)
[2026-02-24 01:30:53]   [emp_id: 5434] ✅ Updated: 15.09 → 15.97 (VALUE CHANGED)
[2026-02-24 01:30:53]   [emp_id: 5435] ✅ Updated: 15.03 → 15.91 (VALUE CHANGED)
[2026-02-24 01:30:53]   [emp_id: 5438] ✅ Updated: 18.57 → 19.82 (VALUE CHANGED)
[2026-02-24 01:30:53]   [emp_id: 5439] ✅ Updated: 28.07 → 29.32 (VALUE CHANGED)
[2026-02-24 01:30:53]   [emp_id: 5442] ✅ Updated: 17.07 → 18.32 (VALUE CHANGED)
[2026-02-24 01:30:53]   [emp_id: 5445] ✅ Updated: 9.49 → 10.37 (VALUE CHANGED)
[2026-02-24 01:30:53]   [emp_id: 5446] ✅ Updated: 9.49 → 10.37 (VALUE CHANGED)
[2026-02-24 01:30:53]   [emp_id: 5447] ✅ Updated: 9.43 → 10.31 (VALUE CHANGED)
[2026-02-24 01:30:53]   [emp_id: 5448] ✅ Updated: 4.09 → 5.34 (VALUE CHANGED)
[2026-02-24 01:30:53]   [emp_id: 5449] ✅ Updated: 7.51 → 8.39 (VALUE CHANGED)
[2026-02-24 01:30:53]   [emp_id: 5450] ✅ Updated: 7.45 → 8.33 (VALUE CHANGED)
[2026-02-24 01:30:53]   [emp_id: 5451] ✅ Updated: 7.45 → 8.33 (VALUE CHANGED)
[2026-02-24 01:30:53]   [emp_id: 5453] ✅ Updated: 7.29 → 8.17 (VALUE CHANGED)
[2026-02-24 01:30:53]   [emp_id: 5454] ✅ Updated: 10.15 → 11.4 (VALUE CHANGED)
[2026-02-24 01:30:53]   [emp_id: 5455] ✅ Updated: 4.4 → 5.65 (VALUE CHANGED)
[2026-02-24 01:30:53]   [emp_id: 5456] ✅ Updated: 9.4 → 10.65 (VALUE CHANGED)
[2026-02-24 01:30:53]   [emp_id: 5457] ✅ Updated: 6.54 → 7.42 (VALUE CHANGED)
[2026-02-24 01:30:53]   [emp_id: 5460] ✅ Updated: 8.05 → 9.3 (VALUE CHANGED)
[2026-02-24 01:30:53]   [emp_id: 5463] ✅ Updated: 7.38 → 8.63 (VALUE CHANGED)
[2026-02-24 01:30:53]   [emp_id: 5464] ✅ Updated: 7.38 → 8.63 (VALUE CHANGED)
[2026-02-24 01:30:53]   [emp_id: 5468] ✅ Updated: 3 → 4.25 (VALUE CHANGED)
[2026-02-24 01:30:53]   [emp_id: 5469] ✅ Updated: 2.91 → 4.16 (VALUE CHANGED)
[2026-02-24 01:30:53]   [emp_id: 5472] ✅ Updated: 0.72 → 1.97 (VALUE CHANGED)
[2026-02-24 01:30:53]   [emp_id: 5473] ℹ️ No vacation balance record found. Creating initial balance record.
[2026-02-24 01:30:53]   [emp_id: 5473] ✅ Initial vacation balance record created
[2026-02-24 01:30:53]   [emp_id: 5473] ⏭️ SKIPPED: Already updated today (2026-02-24 01:30:53)
[2026-02-24 01:30:53]   [emp_id: 5474] ℹ️ No vacation balance record found. Creating initial balance record.
[2026-02-24 01:30:53]   [emp_id: 5474] ✅ Initial vacation balance record created
[2026-02-24 01:30:53]   [emp_id: 5474] ⏭️ SKIPPED: Already updated today (2026-02-24 01:30:53)
[2026-02-24 01:30:53]   [emp_id: 5475] ℹ️ No vacation balance record found. Creating initial balance record.
[2026-02-24 01:30:53]   [emp_id: 5475] ✅ Initial vacation balance record created
[2026-02-24 01:30:53]   [emp_id: 5475] ⏭️ SKIPPED: Already updated today (2026-02-24 01:30:53)
[2026-02-24 01:30:53] Report saved to: D:\xampp\htdocs\almutlak\system/cron_logs/last_vacation_update_report.json
[2026-02-24 01:31:13] ========== CRON: Vacation Balance Update Started ==========
[2026-02-24 01:31:13] Force level: 1 (0=normal, 1=check missing, 2=full bypass)
[2026-02-24 01:31:13] Source: Browser (?force=1)
[2026-02-24 01:31:13] FORCE LEVEL 1: Checking for missing records and refreshing values (NOT updating last_updated)
[2026-02-24 01:31:13] FORCE LEVEL 1: Checking for missing records only
[2026-02-24 01:31:13] Database connection established
[2026-02-24 01:31:13] Running FORCE LEVEL 1: Check missing mode
[2026-02-24 01:31:13]   [emp_id: 1061] 🔄 REFRESHED: 3.89 → 3.89 ❌
[2026-02-24 01:31:13]   [emp_id: 1496] 🔄 REFRESHED: 20.74 → 20.74 ❌
[2026-02-24 01:31:13]   [emp_id: 1500] 🔄 REFRESHED: 8.42 → 8.42 ❌
[2026-02-24 01:31:13]   [emp_id: 1673] 🔄 REFRESHED: 49.15 → 49.15 ❌
[2026-02-24 01:31:13]   [emp_id: 1685] 🔄 REFRESHED: 19.07 → 19.07 ❌
[2026-02-24 01:31:13]   [emp_id: 1764] 🔄 REFRESHED: 73.74 → 73.74 ❌
[2026-02-24 01:31:13]   [emp_id: 1805] 🔄 REFRESHED: 68.07 → 68.07 ❌
[2026-02-24 01:31:13]   [emp_id: 1822] 🔄 REFRESHED: 72.82 → 72.82 ❌
[2026-02-24 01:31:13]   [emp_id: 1837] 🔄 REFRESHED: 28.99 → 28.99 ❌
[2026-02-24 01:31:14]   [emp_id: 1857] 🔄 REFRESHED: 24.32 → 24.32 ❌
[2026-02-24 01:31:14]   [emp_id: 1861] 🔄 REFRESHED: 75.15 → 75.15 ❌
[2026-02-24 01:31:14]   [emp_id: 1872] 🔄 REFRESHED: 13.99 → 13.99 ❌
[2026-02-24 01:31:14]   [emp_id: 1897] 🔄 REFRESHED: 9.32 → 9.32 ❌
[2026-02-24 01:31:14]   [emp_id: 1916] 🔄 REFRESHED: 15.62 → 15.62 ❌
[2026-02-24 01:31:14]   [emp_id: 1928] 🔄 REFRESHED: 68.57 → 68.57 ❌
[2026-02-24 01:31:14]   [emp_id: 1931] 🔄 REFRESHED: 88.49 → 88.49 ❌
[2026-02-24 01:31:14]   [emp_id: 1944] 🔄 REFRESHED: 46.65 → 46.65 ❌
[2026-02-24 01:31:14]   [emp_id: 1996] 🔄 REFRESHED: 3.15 → 3.15 ❌
[2026-02-24 01:31:14]   [emp_id: 1997] 🔄 REFRESHED: 40.32 → 40.32 ❌
[2026-02-24 01:31:14]   [emp_id: 1998] 🔄 REFRESHED: 31.76 → 31.76 ❌
[2026-02-24 01:31:14]   [emp_id: 1999] 🔄 REFRESHED: 32.76 → 32.76 ❌
[2026-02-24 01:31:14]   [emp_id: 2009] 🔄 REFRESHED: 39.07 → 39.07 ❌
[2026-02-24 01:31:14]   [emp_id: 2048] 🔄 REFRESHED: 28.9 → 28.9 ❌
[2026-02-24 01:31:14]   [emp_id: 2057] 🔄 REFRESHED: 69.74 → 69.74 ❌
[2026-02-24 01:31:14]   [emp_id: 2079] 🔄 REFRESHED: 52.07 → 52.07 ❌
[2026-02-24 01:31:14]   [emp_id: 2181] 🔄 REFRESHED: 41.07 → 41.07 ❌
[2026-02-24 01:31:14]   [emp_id: 2190] 🔄 REFRESHED: 10.4 → 10.4 ❌
[2026-02-24 01:31:14]   [emp_id: 2212] 🔄 REFRESHED: 28.4 → 28.4 ❌
[2026-02-24 01:31:14]   [emp_id: 2226] 🔄 REFRESHED: 13.15 → 13.15 ❌
[2026-02-24 01:31:14]   [emp_id: 2238] 🔄 REFRESHED: 71.4 → 71.4 ❌
[2026-02-24 01:31:14]   [emp_id: 2285] 🔄 REFRESHED: 40.07 → 40.07 ❌
[2026-02-24 01:31:14]   [emp_id: 2287] 🔄 REFRESHED: 51.74 → 51.74 ❌
[2026-02-24 01:31:14]   [emp_id: 2288] 🔄 REFRESHED: 6.76 → 6.76 ❌
[2026-02-24 01:31:14]   [emp_id: 2316] 🔄 REFRESHED: 20.57 → 20.57 ❌
[2026-02-24 01:31:14]   [emp_id: 2337] 🔄 REFRESHED: 41.65 → 41.65 ❌
[2026-02-24 01:31:14]   [emp_id: 2352] 🔄 REFRESHED: 73.15 → 73.15 ❌
[2026-02-24 01:31:14]   [emp_id: 2358] 🔄 REFRESHED: 9.65 → 9.65 ❌
[2026-02-24 01:31:14]   [emp_id: 2361] 🔄 REFRESHED: 75.32 → 75.32 ❌
[2026-02-24 01:31:14]   [emp_id: 2363] 🔄 REFRESHED: 77.9 → 77.9 ❌
[2026-02-24 01:31:14]   [emp_id: 2364] 🔄 REFRESHED: 77.32 → 77.32 ❌
[2026-02-24 01:31:14]   [emp_id: 2367] 🔄 REFRESHED: 104.99 → 104.99 ❌
[2026-02-24 01:31:14]   [emp_id: 2368] 🔄 REFRESHED: 35.4 → 35.4 ❌
[2026-02-24 01:31:14]   [emp_id: 2372] 🔄 REFRESHED: 72.65 → 72.65 ❌
[2026-02-24 01:31:14]   [emp_id: 2376] 🔄 REFRESHED: 62.65 → 62.65 ❌
[2026-02-24 01:31:14]   [emp_id: 2423] 🔄 REFRESHED: 23.4 → 23.4 ❌
[2026-02-24 01:31:14]   [emp_id: 2519] 🔄 REFRESHED: 117.07 → 117.07 ❌
[2026-02-24 01:31:14]   [emp_id: 2522] 🔄 REFRESHED: 60.65 → 60.65 ❌
[2026-02-24 01:31:14]   [emp_id: 2530] 🔄 REFRESHED: 55.9 → 55.9 ❌
[2026-02-24 01:31:14]   [emp_id: 2539] 🔄 REFRESHED: 52.65 → 52.65 ❌
[2026-02-24 01:31:14]   [emp_id: 2541] 🔄 REFRESHED: 33.24 → 33.24 ❌
[2026-02-24 01:31:15]   [emp_id: 2550] 🔄 REFRESHED: 99.4 → 99.4 ❌
[2026-02-24 01:31:15]   [emp_id: 2553] 🔄 REFRESHED: 36.51 → 36.51 ❌
[2026-02-24 01:31:15]   [emp_id: 2554] 🔄 REFRESHED: 42.99 → 42.99 ❌
[2026-02-24 01:31:15]   [emp_id: 2565] 🔄 REFRESHED: 7.57 → 7.57 ❌
[2026-02-24 01:31:15]   [emp_id: 2572] 🔄 REFRESHED: 47.57 → 47.57 ❌
[2026-02-24 01:31:15]   [emp_id: 2637] 🔄 REFRESHED: 8.15 → 8.15 ❌
[2026-02-24 01:31:15]   [emp_id: 2642] 🔄 REFRESHED: 80.9 → 80.9 ❌
[2026-02-24 01:31:15]   [emp_id: 2645] 🔄 REFRESHED: 96.9 → 96.9 ❌
[2026-02-24 01:31:15]   [emp_id: 2648] 🔄 REFRESHED: 48.57 → 48.57 ❌
[2026-02-24 01:31:15]   [emp_id: 2654] 🔄 REFRESHED: 91.24 → 91.24 ❌
[2026-02-24 01:31:15]   [emp_id: 2688] 🔄 REFRESHED: 29.32 → 29.32 ❌
[2026-02-24 01:31:15]   [emp_id: 2690] 🔄 REFRESHED: 18.07 → 18.07 ❌
[2026-02-24 01:31:15]   [emp_id: 2709] 🔄 REFRESHED: 40.32 → 40.32 ❌
[2026-02-24 01:31:15]   [emp_id: 2745] 🔄 REFRESHED: 36.9 → 36.9 ❌
[2026-02-24 01:31:15]   [emp_id: 2843] 🔄 REFRESHED: 83.49 → 83.49 ❌
[2026-02-24 01:31:15]   [emp_id: 2854] 🔄 REFRESHED: 63.4 → 63.4 ❌
[2026-02-24 01:31:15]   [emp_id: 2869] 🔄 REFRESHED: 7.32 → 7.32 ❌
[2026-02-24 01:31:15]   [emp_id: 2876] 🔄 REFRESHED: 38.15 → 38.15 ❌
[2026-02-24 01:31:15]   [emp_id: 2924] 🔄 REFRESHED: 19.32 → 19.32 ❌
[2026-02-24 01:31:15]   [emp_id: 2953] 🔄 REFRESHED: 105.07 → 105.07 ❌
[2026-02-24 01:31:15]   [emp_id: 2961] 🔄 REFRESHED: 15.07 → 15.07 ❌
[2026-02-24 01:31:15]   [emp_id: 2975] 🔄 REFRESHED: 4.75 → 4.75 ❌
[2026-02-24 01:31:15]   [emp_id: 3013] 🔄 REFRESHED: 14.07 → 14.07 ❌
[2026-02-24 01:31:15]   [emp_id: 3014] 🔄 REFRESHED: 93.32 → 93.32 ❌
[2026-02-24 01:31:15]   [emp_id: 3015] 🔄 REFRESHED: 4.57 → 4.57 ❌
[2026-02-24 01:31:15]   [emp_id: 3018] 🔄 REFRESHED: 63.32 → 63.32 ❌
[2026-02-24 01:31:15]   [emp_id: 3025] 🔄 REFRESHED: 27.09 → 27.09 ❌
[2026-02-24 01:31:15]   [emp_id: 3037] 🔄 REFRESHED: 6.82 → 6.82 ❌
[2026-02-24 01:31:15]   [emp_id: 3047] 🔄 REFRESHED: 75.07 → 75.07 ❌
[2026-02-24 01:31:15]   [emp_id: 3061] 🔄 REFRESHED: 21.99 → 21.99 ❌
[2026-02-24 01:31:15]   [emp_id: 3062] 🔄 REFRESHED: 55.15 → 55.15 ❌
[2026-02-24 01:31:15]   [emp_id: 3074] 🔄 REFRESHED: 111.57 → 111.57 ❌
[2026-02-24 01:31:15]   [emp_id: 3089] 🔄 REFRESHED: 10.49 → 10.49 ❌
[2026-02-24 01:31:15]   [emp_id: 3090] 🔄 REFRESHED: 37.07 → 37.07 ❌
[2026-02-24 01:31:15]   [emp_id: 3091] 🔄 REFRESHED: 49.07 → 49.07 ❌
[2026-02-24 01:31:15]   [emp_id: 3092] 🔄 REFRESHED: 31.74 → 31.74 ❌
[2026-02-24 01:31:15]   [emp_id: 3105] 🔄 REFRESHED: 52.07 → 52.07 ❌
[2026-02-24 01:31:15]   [emp_id: 3134] 🔄 REFRESHED: 47.82 → 47.82 ❌
[2026-02-24 01:31:15]   [emp_id: 3140] 🔄 REFRESHED: 44.9 → 44.9 ❌
[2026-02-24 01:31:15]   [emp_id: 3144] 🔄 REFRESHED: 17.74 → 17.74 ❌
[2026-02-24 01:31:15]   [emp_id: 3156] 🔄 REFRESHED: 21.07 → 21.07 ❌
[2026-02-24 01:31:15]   [emp_id: 3162] 🔄 REFRESHED: 6.05 → 6.05 ❌
[2026-02-24 01:31:15]   [emp_id: 3163] 🔄 REFRESHED: 9.32 → 9.32 ❌
[2026-02-24 01:31:16]   [emp_id: 3198] 🔄 REFRESHED: 44.32 → 44.32 ❌
[2026-02-24 01:31:16]   [emp_id: 3205] 🔄 REFRESHED: 20.99 → 20.99 ❌
[2026-02-24 01:31:16]   [emp_id: 3209] 🔄 REFRESHED: 45.15 → 45.15 ❌
[2026-02-24 01:31:16]   [emp_id: 3223] 🔄 REFRESHED: 94.07 → 94.07 ❌
[2026-02-24 01:31:16]   [emp_id: 3224] 🔄 REFRESHED: 68.82 → 68.82 ❌
[2026-02-24 01:31:16]   [emp_id: 3230] 🔄 REFRESHED: 92.24 → 92.24 ❌
[2026-02-24 01:31:16]   [emp_id: 3231] 🔄 REFRESHED: 4.61 → 4.61 ❌
[2026-02-24 01:31:16]   [emp_id: 3233] 🔄 REFRESHED: 81.07 → 81.07 ❌
[2026-02-24 01:31:16]   [emp_id: 3249] 🔄 REFRESHED: 40.9 → 40.9 ❌
[2026-02-24 01:31:16]   [emp_id: 3250] 🔄 REFRESHED: 13.9 → 13.9 ❌
[2026-02-24 01:31:16]   [emp_id: 3252] 🔄 REFRESHED: 14.82 → 14.82 ❌
[2026-02-24 01:31:16]   [emp_id: 3254] 🔄 REFRESHED: 25.32 → 25.32 ❌
[2026-02-24 01:31:16]   [emp_id: 3255] 🔄 REFRESHED: 21.74 → 21.74 ❌
[2026-02-24 01:31:16]   [emp_id: 3256] 🔄 REFRESHED: 17.99 → 17.99 ❌
[2026-02-24 01:31:16]   [emp_id: 3263] 🔄 REFRESHED: 34.07 → 34.07 ❌
[2026-02-24 01:31:16]   [emp_id: 3265] 🔄 REFRESHED: 29.65 → 29.65 ❌
[2026-02-24 01:31:16]   [emp_id: 3280] 🔄 REFRESHED: 17.57 → 17.57 ❌
[2026-02-24 01:31:16]   [emp_id: 3286] 🔄 REFRESHED: 19.74 → 19.74 ❌
[2026-02-24 01:31:16]   [emp_id: 3294] 🔄 REFRESHED: 17.4 → 17.4 ❌
[2026-02-24 01:31:16]   [emp_id: 3321] 🔄 REFRESHED: 76.57 → 76.57 ❌
[2026-02-24 01:31:16]   [emp_id: 3325] 🔄 REFRESHED: 64.32 → 64.32 ❌
[2026-02-24 01:31:16]   [emp_id: 3329] 🔄 REFRESHED: 66.65 → 66.65 ❌
[2026-02-24 01:31:16]   [emp_id: 3330] 🔄 REFRESHED: 66.65 → 66.65 ❌
[2026-02-24 01:31:16]   [emp_id: 3332] 🔄 REFRESHED: 66.65 → 66.65 ❌
[2026-02-24 01:31:16]   [emp_id: 3384] 🔄 REFRESHED: 18.82 → 18.82 ❌
[2026-02-24 01:31:16]   [emp_id: 3386] 🔄 REFRESHED: 48.82 → 48.82 ❌
[2026-02-24 01:31:16]   [emp_id: 3431] 🔄 REFRESHED: 23.24 → 23.24 ❌
[2026-02-24 01:31:16]   [emp_id: 3497] 🔄 REFRESHED: 13.4 → 13.4 ❌
[2026-02-24 01:31:16]   [emp_id: 3532] 🔄 REFRESHED: 4.24 → 4.24 ❌
[2026-02-24 01:31:16]   [emp_id: 3602] 🔄 REFRESHED: 5.81 → 5.81 ❌
[2026-02-24 01:31:16]   [emp_id: 3618] 🔄 REFRESHED: 27.79 → 27.79 ❌
[2026-02-24 01:31:16]   [emp_id: 3622] 🔄 REFRESHED: 37.63 → 37.63 ❌
[2026-02-24 01:31:16]   [emp_id: 3627] 🔄 REFRESHED: 13.74 → 13.74 ❌
[2026-02-24 01:31:16]   [emp_id: 3665] 🔄 REFRESHED: 55.32 → 55.32 ❌
[2026-02-24 01:31:16]   [emp_id: 3705] 🔄 REFRESHED: 30.96 → 30.96 ❌
[2026-02-24 01:31:16]   [emp_id: 3724] 🔄 REFRESHED: 48.32 → 48.32 ❌
[2026-02-24 01:31:16]   [emp_id: 3726] 🔄 REFRESHED: 64.74 → 64.74 ❌
[2026-02-24 01:31:16]   [emp_id: 3727] 🔄 REFRESHED: 69.82 → 69.82 ❌
[2026-02-24 01:31:16]   [emp_id: 3728] 🔄 REFRESHED: 14.15 → 14.15 ❌
[2026-02-24 01:31:16]   [emp_id: 3767] 🔄 REFRESHED: 4.9 → 4.9 ❌
[2026-02-24 01:31:16]   [emp_id: 3768] 🔄 REFRESHED: 61.15 → 61.15 ❌
[2026-02-24 01:31:16]   [emp_id: 3787] 🔄 REFRESHED: 61.74 → 61.74 ❌
[2026-02-24 01:31:16]   [emp_id: 3790] 🔄 REFRESHED: 6.29 → 6.29 ❌
[2026-02-24 01:31:17]   [emp_id: 3795] 🔄 REFRESHED: 19.24 → 19.24 ❌
[2026-02-24 01:31:17]   [emp_id: 3798] 🔄 REFRESHED: 97.65 → 97.65 ❌
[2026-02-24 01:31:17]   [emp_id: 3801] 🔄 REFRESHED: 5.92 → 5.92 ❌
[2026-02-24 01:31:17]   [emp_id: 3802] 🔄 REFRESHED: 34.9 → 34.9 ❌
[2026-02-24 01:31:17]   [emp_id: 3803] 🔄 REFRESHED: 29.32 → 29.32 ❌
[2026-02-24 01:31:17]   [emp_id: 3810] 🔄 REFRESHED: 65.32 → 65.32 ❌
[2026-02-24 01:31:17]   [emp_id: 3812] 🔄 REFRESHED: 94.32 → 94.32 ❌
[2026-02-24 01:31:17]   [emp_id: 3815] 🔄 REFRESHED: 94.32 → 94.32 ❌
[2026-02-24 01:31:17]   [emp_id: 3836] 🔄 REFRESHED: 61.99 → 61.99 ❌
[2026-02-24 01:31:17]   [emp_id: 3855] 🔄 REFRESHED: 55.15 → 55.15 ❌
[2026-02-24 01:31:17]   [emp_id: 3857] 🔄 REFRESHED: 58.82 → 58.82 ❌
[2026-02-24 01:31:17]   [emp_id: 3866] 🔄 REFRESHED: 32.15 → 32.15 ❌
[2026-02-24 01:31:17]   [emp_id: 3876] 🔄 REFRESHED: 28.32 → 28.32 ❌
[2026-02-24 01:31:17]   [emp_id: 3877] 🔄 REFRESHED: 53.82 → 53.82 ❌
[2026-02-24 01:31:17]   [emp_id: 3897] 🔄 REFRESHED: 3.07 → 3.07 ❌
[2026-02-24 01:31:17]   [emp_id: 3899] 🔄 REFRESHED: 3.89 → 3.89 ❌
[2026-02-24 01:31:17]   [emp_id: 3928] 🔄 REFRESHED: 18.15 → 18.15 ❌
[2026-02-24 01:31:17]   [emp_id: 3929] 🔄 REFRESHED: 13.15 → 13.15 ❌
[2026-02-24 01:31:17]   [emp_id: 3935] 🔄 REFRESHED: 98.15 → 98.15 ❌
[2026-02-24 01:31:17]   [emp_id: 3952] 🔄 REFRESHED: 79.49 → 79.49 ❌
[2026-02-24 01:31:17]   [emp_id: 3987] 🔄 REFRESHED: 18.4 → 18.4 ❌
[2026-02-24 01:31:17]   [emp_id: 4059] 🔄 REFRESHED: 7.6 → 7.6 ❌
[2026-02-24 01:31:17]   [emp_id: 4119] 🔄 REFRESHED: 61.07 → 61.07 ❌
[2026-02-24 01:31:17]   [emp_id: 4120] 🔄 REFRESHED: 30.65 → 30.65 ❌
[2026-02-24 01:31:17]   [emp_id: 4124] 🔄 REFRESHED: 31.17 → 31.17 ❌
[2026-02-24 01:31:17]   [emp_id: 4133] 🔄 REFRESHED: 109.65 → 109.65 ❌
[2026-02-24 01:31:17]   [emp_id: 4134] 🔄 REFRESHED: 30.65 → 30.65 ❌
[2026-02-24 01:31:17]   [emp_id: 4136] 🔄 REFRESHED: 1.65 → 1.65 ❌
[2026-02-24 01:31:17]   [emp_id: 4150] 🔄 REFRESHED: 29.32 → 29.32 ❌
[2026-02-24 01:31:17]   [emp_id: 4157] 🔄 REFRESHED: 22.82 → 22.82 ❌
[2026-02-24 01:31:17]   [emp_id: 4172] 🔄 REFRESHED: 15.54 → 15.54 ❌
[2026-02-24 01:31:17]   [emp_id: 4195] 🔄 REFRESHED: 66.4 → 66.4 ❌
[2026-02-24 01:31:17]   [emp_id: 4215] 🔄 REFRESHED: 49.07 → 49.07 ❌
[2026-02-24 01:31:17]   [emp_id: 4220] 🔄 REFRESHED: 44.65 → 44.65 ❌
[2026-02-24 01:31:17]   [emp_id: 4273] 🔄 REFRESHED: 13.32 → 13.32 ❌
[2026-02-24 01:31:17]   [emp_id: 4283] 🔄 REFRESHED: 16.63 → 16.63 ❌
[2026-02-24 01:31:17]   [emp_id: 4288] 🔄 REFRESHED: 16.47 → 16.47 ❌
[2026-02-24 01:31:17]   [emp_id: 4315] 🔄 REFRESHED: 16.57 → 16.57 ❌
[2026-02-24 01:31:17]   [emp_id: 4328] 🔄 REFRESHED: 45.46 → 45.46 ❌
[2026-02-24 01:31:17]   [emp_id: 4329] 🔄 REFRESHED: 9.74 → 9.74 ❌
[2026-02-24 01:31:17]   [emp_id: 4338] 🔄 REFRESHED: 51.32 → 51.32 ❌
[2026-02-24 01:31:17]   [emp_id: 4340] 🔄 REFRESHED: 113.32 → 113.32 ❌
[2026-02-24 01:31:17]   [emp_id: 4365] 🔄 REFRESHED: 1.74 → 1.74 ❌
[2026-02-24 01:31:18]   [emp_id: 4366] 🔄 REFRESHED: 63.82 → 63.82 ❌
[2026-02-24 01:31:18]   [emp_id: 4403] 🔄 REFRESHED: 89.65 → 89.65 ❌
[2026-02-24 01:31:18]   [emp_id: 4438] 🔄 REFRESHED: 25.32 → 25.32 ❌
[2026-02-24 01:31:18]   [emp_id: 4473] 🔄 REFRESHED: 48.9 → 48.9 ❌
[2026-02-24 01:31:18]   [emp_id: 4474] 🔄 REFRESHED: 6.3 → 6.3 ❌
[2026-02-24 01:31:18]   [emp_id: 4493] 🔄 REFRESHED: 167.74 → 167.74 ❌
[2026-02-24 01:31:18]   [emp_id: 4526] 🔄 REFRESHED: 39.99 → 39.99 ❌
[2026-02-24 01:31:18]   [emp_id: 4528] 🔄 REFRESHED: 111.74 → 111.74 ❌
[2026-02-24 01:31:18]   [emp_id: 4532] 🔄 REFRESHED: 1.78 → 1.78 ❌
[2026-02-24 01:31:18]   [emp_id: 4533] 🔄 REFRESHED: 40.15 → 40.15 ❌
[2026-02-24 01:31:18]   [emp_id: 4565] 🔄 REFRESHED: 18.29 → 18.29 ❌
[2026-02-24 01:31:18]   [emp_id: 4567] 🔄 REFRESHED: 22.54 → 22.54 ❌
[2026-02-24 01:31:18]   [emp_id: 4572] 🔄 REFRESHED: 62.04 → 62.04 ❌
[2026-02-24 01:31:18]   [emp_id: 4631] 🔄 REFRESHED: 18.29 → 18.29 ❌
[2026-02-24 01:31:18]   [emp_id: 4655] 🔄 REFRESHED: 29.07 → 29.07 ❌
[2026-02-24 01:31:18]   [emp_id: 4709] 🔄 REFRESHED: 44.32 → 44.32 ❌
[2026-02-24 01:31:18]   [emp_id: 4717] 🔄 REFRESHED: 70.32 → 70.32 ❌
[2026-02-24 01:31:18]   [emp_id: 4736] 🔄 REFRESHED: 32.15 → 32.15 ❌
[2026-02-24 01:31:18]   [emp_id: 4756] 🔄 REFRESHED: 14.73 → 14.73 ❌
[2026-02-24 01:31:18]   [emp_id: 4768] 🔄 REFRESHED: 17.82 → 17.82 ❌
[2026-02-24 01:31:18]   [emp_id: 4780] 🔄 REFRESHED: 68.46 → 68.46 ❌
[2026-02-24 01:31:18]   [emp_id: 4820] 🔄 REFRESHED: 103.15 → 103.15 ❌
[2026-02-24 01:31:18]   [emp_id: 4824] 🔄 REFRESHED: 6.33 → 6.33 ❌
[2026-02-24 01:31:18]   [emp_id: 4825] 🔄 REFRESHED: 34.9 → 34.9 ❌
[2026-02-24 01:31:18]   [emp_id: 4837] 🔄 REFRESHED: 48.45 → 48.45 ❌
[2026-02-24 01:31:18]   [emp_id: 4840] 🔄 REFRESHED: 48.45 → 48.45 ❌
[2026-02-24 01:31:18]   [emp_id: 4842] 🔄 REFRESHED: 1.69 → 1.69 ❌
[2026-02-24 01:31:18]   [emp_id: 4843] 🔄 REFRESHED: 48.22 → 48.22 ❌
[2026-02-24 01:31:18]   [emp_id: 4856] 🔄 REFRESHED: 45.36 → 45.36 ❌
[2026-02-24 01:31:18]   [emp_id: 4858] 🔄 REFRESHED: 25.06 → 25.06 ❌
[2026-02-24 01:31:18]   [emp_id: 4859] 🔄 REFRESHED: 46.53 → 46.53 ❌
[2026-02-24 01:31:18]   [emp_id: 4861] 🔄 REFRESHED: 44.49 → 44.49 ❌
[2026-02-24 01:31:18]   [emp_id: 4869] 🔄 REFRESHED: 87.37 → 87.37 ❌
[2026-02-24 01:31:18]   [emp_id: 4894] 🔄 REFRESHED: 11.82 → 11.82 ❌
[2026-02-24 01:31:18]   [emp_id: 4897] 🔄 REFRESHED: 26.27 → 26.27 ❌
[2026-02-24 01:31:18]   [emp_id: 4899] 🔄 REFRESHED: 22.44 → 22.44 ❌
[2026-02-24 01:31:18]   [emp_id: 4902] 🔄 REFRESHED: 21.86 → 21.86 ❌
[2026-02-24 01:31:18]   [emp_id: 4903] 🔄 REFRESHED: 24.08 → 24.08 ❌
[2026-02-24 01:31:18]   [emp_id: 4905] 🔄 REFRESHED: 22.74 → 22.74 ❌
[2026-02-24 01:31:18]   [emp_id: 4907] 🔄 REFRESHED: 51.9 → 51.9 ❌
[2026-02-24 01:31:18]   [emp_id: 4917] 🔄 REFRESHED: 19.7 → 19.7 ❌
[2026-02-24 01:31:18]   [emp_id: 4918] 🔄 REFRESHED: 9.47 → 9.47 ❌
[2026-02-24 01:31:18]   [emp_id: 4919] 🔄 REFRESHED: 61.76 → 61.76 ❌
[2026-02-24 01:31:19]   [emp_id: 4920] 🔄 REFRESHED: 8.84 → 8.84 ❌
[2026-02-24 01:31:19]   [emp_id: 4921] 🔄 REFRESHED: 20.93 → 20.93 ❌
[2026-02-24 01:31:19]   [emp_id: 4927] 🔄 REFRESHED: 19.76 → 19.76 ❌
[2026-02-24 01:31:19]   [emp_id: 4929] 🔄 REFRESHED: 21.28 → 21.28 ❌
[2026-02-24 01:31:19]   [emp_id: 4930] 🔄 REFRESHED: 62.05 → 62.05 ❌
[2026-02-24 01:31:19]   [emp_id: 4932] 🔄 REFRESHED: 20.05 → 20.05 ❌
[2026-02-24 01:31:19]   [emp_id: 4933] 🔄 REFRESHED: 23.46 → 23.46 ❌
[2026-02-24 01:31:19]   [emp_id: 4949] 🔄 REFRESHED: 26.89 → 26.89 ❌
[2026-02-24 01:31:19]   [emp_id: 4956] 🔄 REFRESHED: 32.48 → 32.48 ❌
[2026-02-24 01:31:19]   [emp_id: 4957] 🔄 REFRESHED: 28.15 → 28.15 ❌
[2026-02-24 01:31:19]   [emp_id: 4962] 🔄 REFRESHED: 51.26 → 51.26 ❌
[2026-02-24 01:31:19]   [emp_id: 4969] 🔄 REFRESHED: 50.57 → 50.57 ❌
[2026-02-24 01:31:19]   [emp_id: 4976] 🔄 REFRESHED: 13.17 → 13.17 ❌
[2026-02-24 01:31:19]   [emp_id: 4984] 🔄 REFRESHED: 41.82 → 41.82 ❌
[2026-02-24 01:31:19]   [emp_id: 4995] 🔄 REFRESHED: 53.89 → 53.89 ❌
[2026-02-24 01:31:19]   [emp_id: 5004] 🔄 REFRESHED: 30.11 → 30.11 ❌
[2026-02-24 01:31:19]   [emp_id: 5006] 🔄 REFRESHED: 29.85 → 29.85 ❌
[2026-02-24 01:31:19]   [emp_id: 5011] 🔄 REFRESHED: 9.67 → 9.67 ❌
[2026-02-24 01:31:19]   [emp_id: 5013] 🔄 REFRESHED: 70.22 → 70.22 ❌
[2026-02-24 01:31:19]   [emp_id: 5018] 🔄 REFRESHED: 6.71 → 6.71 ❌
[2026-02-24 01:31:19]   [emp_id: 5021] 🔄 REFRESHED: 64.92 → 64.92 ❌
[2026-02-24 01:31:19]   [emp_id: 5024] 🔄 REFRESHED: 4.73 → 4.73 ❌
[2026-02-24 01:31:19]   [emp_id: 5030] 🔄 REFRESHED: 34.68 → 34.68 ❌
[2026-02-24 01:31:19]   [emp_id: 5033] 🔄 REFRESHED: 13.48 → 13.48 ❌
[2026-02-24 01:31:19]   [emp_id: 5043] 🔄 REFRESHED: 34.49 → 34.49 ❌
[2026-02-24 01:31:19]   [emp_id: 5045] 🔄 REFRESHED: 30.99 → 30.99 ❌
[2026-02-24 01:31:19]   [emp_id: 5046] 🔄 REFRESHED: 26.18 → 26.18 ❌
[2026-02-24 01:31:19]   [emp_id: 5049] 🔄 REFRESHED: 1.66 → 1.66 ❌
[2026-02-24 01:31:19]   [emp_id: 5055] 🔄 REFRESHED: 21.88 → 21.88 ❌
[2026-02-24 01:31:19]   [emp_id: 5058] 🔄 REFRESHED: 30.86 → 30.86 ❌
[2026-02-24 01:31:19]   [emp_id: 5062] 🔄 REFRESHED: 42.69 → 42.69 ❌
[2026-02-24 01:31:19]   [emp_id: 5064] 🔄 REFRESHED: 121.82 → 121.82 ❌
[2026-02-24 01:31:19]   [emp_id: 5065] 🔄 REFRESHED: 42.1 → 42.1 ❌
[2026-02-24 01:31:19]   [emp_id: 5071] 🔄 REFRESHED: 27.32 → 27.32 ❌
[2026-02-24 01:31:19]   [emp_id: 5079] 🔄 REFRESHED: 37.26 → 37.26 ❌
[2026-02-24 01:31:19]   [emp_id: 5080] 🔄 REFRESHED: 30.59 → 30.59 ❌
[2026-02-24 01:31:19]   [emp_id: 5081] 🔄 REFRESHED: 18.85 → 18.85 ❌
[2026-02-24 01:31:19]   [emp_id: 5087] 🔄 REFRESHED: 38.89 → 38.89 ❌
[2026-02-24 01:31:19]   [emp_id: 5091] 🔄 REFRESHED: 78.74 → 78.74 ❌
[2026-02-24 01:31:19]   [emp_id: 5093] 🔄 REFRESHED: 18.49 → 18.49 ❌
[2026-02-24 01:31:19]   [emp_id: 5095] 🔄 REFRESHED: 4.28 → 4.28 ❌
[2026-02-24 01:31:19]   [emp_id: 5101] 🔄 REFRESHED: 20.57 → 20.57 ❌
[2026-02-24 01:31:19]   [emp_id: 5107] 🔄 REFRESHED: 18.9 → 18.9 ❌
[2026-02-24 01:31:19]   [emp_id: 5109] 🔄 REFRESHED: 16.15 → 16.15 ❌
[2026-02-24 01:31:20]   [emp_id: 5119] 🔄 REFRESHED: 14.32 → 14.32 ❌
[2026-02-24 01:31:20]   [emp_id: 5122] 🔄 REFRESHED: 11.49 → 11.49 ❌
[2026-02-24 01:31:20]   [emp_id: 5126] 🔄 REFRESHED: 29.62 → 29.62 ❌
[2026-02-24 01:31:20]   [emp_id: 5127] 🔄 REFRESHED: 16.41 → 16.41 ❌
[2026-02-24 01:31:20]   [emp_id: 5128] 🔄 REFRESHED: 29.56 → 29.56 ❌
[2026-02-24 01:31:20]   [emp_id: 5138] 🔄 REFRESHED: 54.15 → 54.15 ❌
[2026-02-24 01:31:20]   [emp_id: 5141] 🔄 REFRESHED: 37.93 → 37.93 ❌
[2026-02-24 01:31:20]   [emp_id: 5142] 🔄 REFRESHED: 6.93 → 6.93 ❌
[2026-02-24 01:31:20]   [emp_id: 5146] 🔄 REFRESHED: 23.93 → 23.93 ❌
[2026-02-24 01:31:20]   [emp_id: 5147] 🔄 REFRESHED: 22.93 → 22.93 ❌
[2026-02-24 01:31:20]   [emp_id: 5148] 🔄 REFRESHED: 28.28 → 28.28 ❌
[2026-02-24 01:31:20]   [emp_id: 5149] 🔄 REFRESHED: 27.17 → 27.17 ❌
[2026-02-24 01:31:20]   [emp_id: 5150] 🔄 REFRESHED: 26.53 → 26.53 ❌
[2026-02-24 01:31:20]   [emp_id: 5151] 🔄 REFRESHED: 26.35 → 26.35 ❌
[2026-02-24 01:31:20]   [emp_id: 5152] 🔄 REFRESHED: 6.77 → 6.77 ❌
[2026-02-24 01:31:20]   [emp_id: 5157] 🔄 REFRESHED: 26.35 → 26.35 ❌
[2026-02-24 01:31:20]   [emp_id: 5160] 🔄 REFRESHED: 26.35 → 26.35 ❌
[2026-02-24 01:31:20]   [emp_id: 5163] 🔄 REFRESHED: 24.14 → 24.14 ❌
[2026-02-24 01:31:20]   [emp_id: 5165] 🔄 REFRESHED: 5.59 → 5.59 ❌
[2026-02-24 01:31:20]   [emp_id: 5167] 🔄 REFRESHED: 33.29 → 33.29 ❌
[2026-02-24 01:31:20]   [emp_id: 5168] 🔄 REFRESHED: 25.83 → 25.83 ❌
[2026-02-24 01:31:20]   [emp_id: 5173] 🔄 REFRESHED: 29.24 → 29.24 ❌
[2026-02-24 01:31:20]   [emp_id: 5174] 🔄 REFRESHED: 26.29 → 26.29 ❌
[2026-02-24 01:31:20]   [emp_id: 5181] 🔄 REFRESHED: 22.68 → 22.68 ❌
[2026-02-24 01:31:20]   [emp_id: 5187] 🔄 REFRESHED: 39.21 → 39.21 ❌
[2026-02-24 01:31:20]   [emp_id: 5204] 🔄 REFRESHED: 20.74 → 20.74 ❌
[2026-02-24 01:31:20]   [emp_id: 5205] 🔄 REFRESHED: 15.42 → 15.42 ❌
[2026-02-24 01:31:20]   [emp_id: 5209] 🔄 REFRESHED: 15.42 → 15.42 ❌
[2026-02-24 01:31:20]   [emp_id: 5213] 🔄 REFRESHED: 5.83 → 5.83 ❌
[2026-02-24 01:31:20]   [emp_id: 5214] 🔄 REFRESHED: 4.67 → 4.67 ❌
[2026-02-24 01:31:20]   [emp_id: 5215] 🔄 REFRESHED: 13.42 → 13.42 ❌
[2026-02-24 01:31:20]   [emp_id: 5217] 🔄 REFRESHED: 11.42 → 11.42 ❌
[2026-02-24 01:31:20]   [emp_id: 5219] 🔄 REFRESHED: 16.42 → 16.42 ❌
[2026-02-24 01:31:20]   [emp_id: 5221] 🔄 REFRESHED: 5.73 → 5.73 ❌
[2026-02-24 01:31:20]   [emp_id: 5224] 🔄 REFRESHED: 17.42 → 17.42 ❌
[2026-02-24 01:31:20]   [emp_id: 5229] 🔄 REFRESHED: 8.42 → 8.42 ❌
[2026-02-24 01:31:20]   [emp_id: 5230] 🔄 REFRESHED: 13.09 → 13.09 ❌
[2026-02-24 01:31:20]   [emp_id: 5231] 🔄 REFRESHED: 9.42 → 9.42 ❌
[2026-02-24 01:31:20]   [emp_id: 5232] 🔄 REFRESHED: 3.42 → 3.42 ❌
[2026-02-24 01:31:20]   [emp_id: 5233] 🔄 REFRESHED: 7.42 → 7.42 ❌
[2026-02-24 01:31:20]   [emp_id: 5235] 🔄 REFRESHED: 2.86 → 2.86 ❌
[2026-02-24 01:31:20]   [emp_id: 5237] 🔄 REFRESHED: 13.67 → 13.67 ❌
[2026-02-24 01:31:20]   [emp_id: 5239] 🔄 REFRESHED: 6.42 → 6.42 ❌
[2026-02-24 01:31:20]   [emp_id: 5241] 🔄 REFRESHED: 8.42 → 8.42 ❌
[2026-02-24 01:31:20]   [emp_id: 5242] 🔄 REFRESHED: 18.42 → 18.42 ❌
[2026-02-24 01:31:20]   [emp_id: 5243] 🔄 REFRESHED: 4.83 → 4.83 ❌
[2026-02-24 01:31:21]   [emp_id: 5244] 🔄 REFRESHED: 2.86 → 2.86 ❌
[2026-02-24 01:31:21]   [emp_id: 5246] 🔄 REFRESHED: 14.42 → 14.42 ❌
[2026-02-24 01:31:21]   [emp_id: 5253] 🔄 REFRESHED: 26.29 → 26.29 ❌
[2026-02-24 01:31:21]   [emp_id: 5254] 🔄 REFRESHED: 4.27 → 4.27 ❌
[2026-02-24 01:31:21]   [emp_id: 5257] 🔄 REFRESHED: 14.98 → 14.98 ❌
[2026-02-24 01:31:21]   [emp_id: 5259] 🔄 REFRESHED: 51.51 → 51.51 ❌
[2026-02-24 01:31:21]   [emp_id: 5261] 🔄 REFRESHED: 8.34 → 8.34 ❌
[2026-02-24 01:31:21]   [emp_id: 5264] 🔄 REFRESHED: 16.99 → 16.99 ❌
[2026-02-24 01:31:21]   [emp_id: 5266] 🔄 REFRESHED: 23.61 → 23.61 ❌
[2026-02-24 01:31:21]   [emp_id: 5268] 🔄 REFRESHED: 12.18 → 12.18 ❌
[2026-02-24 01:31:21]   [emp_id: 5271] 🔄 REFRESHED: 10.84 → 10.84 ❌
[2026-02-24 01:31:21]   [emp_id: 5272] 🔄 REFRESHED: 11.71 → 11.71 ❌
[2026-02-24 01:31:21]   [emp_id: 5273] 🔄 REFRESHED: 26.78 → 26.78 ❌
[2026-02-24 01:31:21]   [emp_id: 5275] 🔄 REFRESHED: 12.53 → 12.53 ❌
[2026-02-24 01:31:21]   [emp_id: 5276] 🔄 REFRESHED: 26.8 → 26.8 ❌
[2026-02-24 01:31:21]   [emp_id: 5278] 🔄 REFRESHED: 11.19 → 11.19 ❌
[2026-02-24 01:31:21]   [emp_id: 5280] 🔄 REFRESHED: 21.59 → 21.59 ❌
[2026-02-24 01:31:21]   [emp_id: 5282] 🔄 REFRESHED: 15.82 → 15.82 ❌
[2026-02-24 01:31:21]   [emp_id: 5285] 🔄 REFRESHED: 31.59 → 31.59 ❌
[2026-02-24 01:31:21]   [emp_id: 5286] 🔄 REFRESHED: 18.59 → 18.59 ❌
[2026-02-24 01:31:21]   [emp_id: 5287] 🔄 REFRESHED: 52.89 → 52.89 ❌
[2026-02-24 01:31:21]   [emp_id: 5288] 🔄 REFRESHED: 10.16 → 10.16 ❌
[2026-02-24 01:31:21]   [emp_id: 5289] 🔄 REFRESHED: 51.44 → 51.44 ❌
[2026-02-24 01:31:21]   [emp_id: 5290] 🔄 REFRESHED: 50.21 → 50.21 ❌
[2026-02-24 01:31:21]   [emp_id: 5291] 🔄 REFRESHED: 8.21 → 8.21 ❌
[2026-02-24 01:31:21]   [emp_id: 5292] 🔄 REFRESHED: 8.15 → 8.15 ❌
[2026-02-24 01:31:21]   [emp_id: 5293] 🔄 REFRESHED: 12.08 → 12.08 ❌
[2026-02-24 01:31:21]   [emp_id: 5294] 🔄 REFRESHED: 11.74 → 11.74 ❌
[2026-02-24 01:31:21]   [emp_id: 5295] 🔄 REFRESHED: 24.39 → 24.39 ❌
[2026-02-24 01:31:21]   [emp_id: 5296] 🔄 REFRESHED: 32.76 → 32.76 ❌
[2026-02-24 01:31:21]   [emp_id: 5297] 🔄 REFRESHED: 48.81 → 48.81 ❌
[2026-02-24 01:31:21]   [emp_id: 5298] 🔄 REFRESHED: 1.81 → 1.81 ❌
[2026-02-24 01:31:21]   [emp_id: 5299] 🔄 REFRESHED: 48.81 → 48.81 ❌
[2026-02-24 01:31:21]   [emp_id: 5300] 🔄 REFRESHED: 48.81 → 48.81 ❌
[2026-02-24 01:31:21]   [emp_id: 5301] 🔄 REFRESHED: 6.63 → 6.63 ❌
[2026-02-24 01:31:21]   [emp_id: 5303] 🔄 REFRESHED: 7.06 → 7.06 ❌
[2026-02-24 01:31:21]   [emp_id: 5304] 🔄 REFRESHED: 3.81 → 3.81 ❌
[2026-02-24 01:31:21]   [emp_id: 5305] 🔄 REFRESHED: 6.81 → 6.81 ❌
[2026-02-24 01:31:21]   [emp_id: 5306] 🔄 REFRESHED: 48.52 → 48.52 ❌
[2026-02-24 01:31:21]   [emp_id: 5307] 🔄 REFRESHED: 48.52 → 48.52 ❌
[2026-02-24 01:31:21]   [emp_id: 5312] 🔄 REFRESHED: 2.86 → 2.86 ❌
[2026-02-24 01:31:21]   [emp_id: 5318] 🔄 REFRESHED: 24.23 → 24.23 ❌
[2026-02-24 01:31:21]   [emp_id: 5325] 🔄 REFRESHED: 3.19 → 3.19 ❌
[2026-02-24 01:31:21]   [emp_id: 5327] 🔄 REFRESHED: 4.28 → 4.28 ❌
[2026-02-24 01:31:21]   [emp_id: 5337] 🔄 REFRESHED: 39.65 → 39.65 ❌
[2026-02-24 01:31:21]   [emp_id: 5339] 🔄 REFRESHED: 13.38 → 13.38 ❌
[2026-02-24 01:31:21]   [emp_id: 5343] 🔄 REFRESHED: 49.57 → 49.57 ❌
[2026-02-24 01:31:22]   [emp_id: 5345] 🔄 REFRESHED: 19.4 → 19.4 ❌
[2026-02-24 01:31:22]   [emp_id: 5346] 🔄 REFRESHED: 5.1 → 5.1 ❌
[2026-02-24 01:31:22]   [emp_id: 5351] 🔄 REFRESHED: 20.04 → 20.04 ❌
[2026-02-24 01:31:22]   [emp_id: 5370] 🔄 REFRESHED: 18.69 → 18.69 ❌
[2026-02-24 01:31:22]   [emp_id: 5371] 🔄 REFRESHED: 11.57 → 11.57 ❌
[2026-02-24 01:31:22]   [emp_id: 5376] 🔄 REFRESHED: 13.29 → 13.29 ❌
[2026-02-24 01:31:22]   [emp_id: 5378] 🔄 REFRESHED: 21.65 → 21.65 ❌
[2026-02-24 01:31:22]   [emp_id: 5380] 🔄 REFRESHED: 19.7 → 19.7 ❌
[2026-02-24 01:31:22]   [emp_id: 5381] 🔄 REFRESHED: 14.09 → 14.09 ❌
[2026-02-24 01:31:22]   [emp_id: 5383] 🔄 REFRESHED: 19.4 → 19.4 ❌
[2026-02-24 01:31:22]   [emp_id: 5388] 🔄 REFRESHED: 30.48 → 30.48 ❌
[2026-02-24 01:31:22]   [emp_id: 5396] 🔄 REFRESHED: 31.72 → 31.72 ❌
[2026-02-24 01:31:22]   [emp_id: 5397] 🔄 REFRESHED: 23.18 → 23.18 ❌
[2026-02-24 01:31:22]   [emp_id: 5401] 🔄 REFRESHED: 26.29 → 26.29 ❌
[2026-02-24 01:31:22]   [emp_id: 5402] 🔄 REFRESHED: 26.41 → 26.41 ❌
[2026-02-24 01:31:22]   [emp_id: 5406] 🔄 REFRESHED: 20.13 → 20.13 ❌
[2026-02-24 01:31:22]   [emp_id: 5407] 🔄 REFRESHED: 20.17 → 20.17 ❌
[2026-02-24 01:31:22]   [emp_id: 5409] 🔄 REFRESHED: 19.47 → 19.47 ❌
[2026-02-24 01:31:22]   [emp_id: 5413] 🔄 REFRESHED: 32.57 → 32.57 ❌
[2026-02-24 01:31:22]   [emp_id: 5415] 🔄 REFRESHED: 8.17 → 8.17 ❌
[2026-02-24 01:31:22]   [emp_id: 5418] 🔄 REFRESHED: 18.53 → 18.53 ❌
[2026-02-24 01:31:22]   [emp_id: 5422] 🔄 REFRESHED: 24.9 → 24.9 ❌
[2026-02-24 01:31:22]   [emp_id: 5423] 🔄 REFRESHED: 7.59 → 7.59 ❌
[2026-02-24 01:31:22]   [emp_id: 5425] 🔄 REFRESHED: 17.08 → 17.08 ❌
[2026-02-24 01:31:22]   [emp_id: 5426] 🔄 REFRESHED: 6.14 → 6.14 ❌
[2026-02-24 01:31:22]   [emp_id: 5427] 🔄 REFRESHED: 17.19 → 17.19 ❌
[2026-02-24 01:31:22]   [emp_id: 5428] 🔄 REFRESHED: 17.08 → 17.08 ❌
[2026-02-24 01:31:22]   [emp_id: 5430] 🔄 REFRESHED: 21.96 → 21.96 ❌
[2026-02-24 01:31:22]   [emp_id: 5431] 🔄 REFRESHED: 16.2 → 16.2 ❌
[2026-02-24 01:31:22]   [emp_id: 5433] 🔄 REFRESHED: 16.22 → 16.22 ❌
[2026-02-24 01:31:22]   [emp_id: 5434] 🔄 REFRESHED: 15.97 → 15.97 ❌
[2026-02-24 01:31:22]   [emp_id: 5435] 🔄 REFRESHED: 15.91 → 15.91 ❌
[2026-02-24 01:31:22]   [emp_id: 5438] 🔄 REFRESHED: 19.82 → 19.82 ❌
[2026-02-24 01:31:22]   [emp_id: 5439] 🔄 REFRESHED: 29.32 → 29.32 ❌
[2026-02-24 01:31:22]   [emp_id: 5442] 🔄 REFRESHED: 18.32 → 18.32 ❌
[2026-02-24 01:31:22]   [emp_id: 5445] 🔄 REFRESHED: 10.37 → 10.37 ❌
[2026-02-24 01:31:22]   [emp_id: 5446] 🔄 REFRESHED: 10.37 → 10.37 ❌
[2026-02-24 01:31:22]   [emp_id: 5447] 🔄 REFRESHED: 10.31 → 10.31 ❌
[2026-02-24 01:31:22]   [emp_id: 5448] 🔄 REFRESHED: 5.34 → 5.34 ❌
[2026-02-24 01:31:22]   [emp_id: 5449] 🔄 REFRESHED: 8.39 → 8.39 ❌
[2026-02-24 01:31:22]   [emp_id: 5450] 🔄 REFRESHED: 8.33 → 8.33 ❌
[2026-02-24 01:31:22]   [emp_id: 5451] 🔄 REFRESHED: 8.33 → 8.33 ❌
[2026-02-24 01:31:22]   [emp_id: 5453] 🔄 REFRESHED: 8.17 → 8.17 ❌
[2026-02-24 01:31:22]   [emp_id: 5454] 🔄 REFRESHED: 11.4 → 11.4 ❌
[2026-02-24 01:31:23]   [emp_id: 5455] 🔄 REFRESHED: 5.65 → 5.65 ❌
[2026-02-24 01:31:23]   [emp_id: 5456] 🔄 REFRESHED: 10.65 → 10.65 ❌
[2026-02-24 01:31:23]   [emp_id: 5457] 🔄 REFRESHED: 7.42 → 7.42 ❌
[2026-02-24 01:31:23]   [emp_id: 5460] 🔄 REFRESHED: 9.3 → 9.3 ❌
[2026-02-24 01:31:23]   [emp_id: 5463] 🔄 REFRESHED: 8.63 → 8.63 ❌
[2026-02-24 01:31:23]   [emp_id: 5464] 🔄 REFRESHED: 8.63 → 8.63 ❌
[2026-02-24 01:31:23]   [emp_id: 5468] 🔄 REFRESHED: 4.25 → 4.25 ❌
[2026-02-24 01:31:23]   [emp_id: 5469] 🔄 REFRESHED: 4.16 → 4.16 ❌
[2026-02-24 01:31:23]   [emp_id: 5472] 🔄 REFRESHED: 1.97 → 1.97 ❌
[2026-02-24 01:31:23]   [emp_id: 5473] 🔄 REFRESHED: 0.83 → 0.83 ❌
[2026-02-24 01:31:23]   [emp_id: 5474] 🔄 REFRESHED: 0.83 → 0.83 ❌
[2026-02-24 01:31:23]   [emp_id: 5475] 🔄 REFRESHED: 0.08 → 0.08 ❌
[2026-02-24 01:31:23] Report saved to: D:\xampp\htdocs\almutlak\system/cron_logs/last_vacation_update_report.json
