[2026-01-16 18:17:28] ========== CRON: Vacation Balance Update Started ==========
[2026-01-16 18:17:28] Database connection established
[2026-01-16 18:17:28] Found 434 active employees with balance records to update
[2026-01-16 18:17:28] (Only employees with status=1 will be processed)
[2026-01-16 18:17:28]   [emp_id: 1061] ✓ Updated: 0.64 → 0.72 (CHANGED)
[2026-01-16 18:17:28]   [emp_id: 1496] ✓ Updated: 17.49 → 17.57 (CHANGED)
[2026-01-16 18:17:28]   [emp_id: 1500] ✓ Updated: 5.17 → 5.25 (CHANGED)
[2026-01-16 18:17:28]   [emp_id: 1574] ✓ Updated: 34.4 → 34.48 (CHANGED)
[2026-01-16 18:17:28]   [emp_id: 1673] ✓ Updated: 45.9 → 45.98 (CHANGED)
[2026-01-16 18:17:28]   [emp_id: 1685] ✓ Updated: 15.82 → 15.9 (CHANGED)
[2026-01-16 18:17:28]   [emp_id: 1764] ✓ Updated: 70.49 → 70.57 (CHANGED)
[2026-01-16 18:17:28]   [emp_id: 1805] ✓ Updated: 64.82 → 64.9 (CHANGED)
[2026-01-16 18:17:28]   [emp_id: 1822] ✓ Updated: 69.57 → 69.65 (CHANGED)
[2026-01-16 18:17:28]   [emp_id: 1837] ✓ Updated: 25.74 → 25.82 (CHANGED)
[2026-01-16 18:17:28]   [emp_id: 1857] ✓ Updated: 21.07 → 21.15 (CHANGED)
[2026-01-16 18:17:28]   [emp_id: 1861] ✓ Updated: 71.9 → 71.98 (CHANGED)
[2026-01-16 18:17:28]   [emp_id: 1872] ✓ Updated: 10.74 → 10.82 (CHANGED)
[2026-01-16 18:17:28]   [emp_id: 1897] ✓ Updated: 6.07 → 6.15 (CHANGED)
[2026-01-16 18:17:28]   [emp_id: 1916] ✓ Updated: 12.37 → 12.45 (CHANGED)
[2026-01-16 18:17:28]   [emp_id: 1928] ✓ Updated: 65.32 → 65.4 (CHANGED)
[2026-01-16 18:17:28]   [emp_id: 1931] ✓ Updated: 85.24 → 85.32 (CHANGED)
[2026-01-16 18:17:29]   [emp_id: 1944] ✓ Updated: 43.4 → 43.48 (CHANGED)
[2026-01-16 18:17:29]   [emp_id: 1996] ✓ Updated: 71.9 → 71.98 (CHANGED)
[2026-01-16 18:17:29]   [emp_id: 1997] ✓ Updated: 37.07 → 37.15 (CHANGED)
[2026-01-16 18:17:29]   [emp_id: 1998] ✓ Updated: 28.51 → 28.59 (CHANGED)
[2026-01-16 18:17:29]   [emp_id: 1999] ✓ Updated: 29.51 → 29.59 (CHANGED)
[2026-01-16 18:17:29]   [emp_id: 2009] ✓ Updated: 35.82 → 35.9 (CHANGED)
[2026-01-16 18:17:29]   [emp_id: 2048] ✓ Updated: 25.65 → 25.73 (CHANGED)
[2026-01-16 18:17:29]   [emp_id: 2057] ✓ Updated: 66.49 → 66.57 (CHANGED)
[2026-01-16 18:17:29]   [emp_id: 2079] ✓ Updated: 48.82 → 48.9 (CHANGED)
[2026-01-16 18:17:29]   [emp_id: 2181] ✓ Updated: 37.82 → 37.9 (CHANGED)
[2026-01-16 18:17:29]   [emp_id: 2190] ✓ Updated: 7.15 → 7.23 (CHANGED)
[2026-01-16 18:17:29]   [emp_id: 2212] ✓ Updated: 25.15 → 25.23 (CHANGED)
[2026-01-16 18:17:29]   [emp_id: 2226] ✓ Updated: 69.9 → 69.98 (CHANGED)
[2026-01-16 18:17:29]   [emp_id: 2238] ✓ Updated: 68.15 → 68.23 (CHANGED)
[2026-01-16 18:17:29]   [emp_id: 2285] ✓ Updated: 36.82 → 36.9 (CHANGED)
[2026-01-16 18:17:29]   [emp_id: 2287] ✓ Updated: 48.49 → 48.57 (CHANGED)
[2026-01-16 18:17:29]   [emp_id: 2288] ✓ Updated: 3.51 → 3.59 (CHANGED)
[2026-01-16 18:17:29]   [emp_id: 2316] ✓ Updated: 17.32 → 17.4 (CHANGED)
[2026-01-16 18:17:29]   [emp_id: 2337] ✓ Updated: 38.4 → 38.48 (CHANGED)
[2026-01-16 18:17:29]   [emp_id: 2352] ✓ Updated: 69.9 → 69.98 (CHANGED)
[2026-01-16 18:17:29]   [emp_id: 2358] ✓ Updated: 6.4 → 6.48 (CHANGED)
[2026-01-16 18:17:29]   [emp_id: 2361] ✓ Updated: 72.07 → 72.15 (CHANGED)
[2026-01-16 18:17:29]   [emp_id: 2363] ✓ Updated: 74.65 → 74.73 (CHANGED)
[2026-01-16 18:17:29]   [emp_id: 2364] ✓ Updated: 74.07 → 74.15 (CHANGED)
[2026-01-16 18:17:29]   [emp_id: 2367] ✓ Updated: 101.74 → 101.82 (CHANGED)
[2026-01-16 18:17:29]   [emp_id: 2368] ✓ Updated: 32.15 → 32.23 (CHANGED)
[2026-01-16 18:17:29]   [emp_id: 2372] ✓ Updated: 69.4 → 69.48 (CHANGED)
[2026-01-16 18:17:29]   [emp_id: 2376] ✓ Updated: 119.4 → 119.48 (CHANGED)
[2026-01-16 18:17:29]   [emp_id: 2423] ✓ Updated: 20.15 → 20.23 (CHANGED)
[2026-01-16 18:17:29]   [emp_id: 2519] ✓ Updated: 113.82 → 113.9 (CHANGED)
[2026-01-16 18:17:29]   [emp_id: 2522] ✓ Updated: 57.4 → 57.48 (CHANGED)
[2026-01-16 18:17:29]   [emp_id: 2530] ✓ Updated: 52.65 → 52.73 (CHANGED)
[2026-01-16 18:17:29]   [emp_id: 2539] ✓ Updated: 49.4 → 49.48 (CHANGED)
[2026-01-16 18:17:29]   [emp_id: 2541] ✓ Updated: 29.99 → 30.07 (CHANGED)
[2026-01-16 18:17:29]   [emp_id: 2550] ✓ Updated: 96.15 → 96.23 (CHANGED)
[2026-01-16 18:17:29]   [emp_id: 2553] ✓ Updated: 33.26 → 33.34 (CHANGED)
[2026-01-16 18:17:29]   [emp_id: 2554] ✓ Updated: 39.74 → 39.82 (CHANGED)
[2026-01-16 18:17:29]   [emp_id: 2565] ✓ Updated: 94.32 → 94.4 (CHANGED)
[2026-01-16 18:17:29]   [emp_id: 2572] ✓ Updated: 44.32 → 44.4 (CHANGED)
[2026-01-16 18:17:29]   [emp_id: 2637] ✓ Updated: 64.9 → 64.98 (CHANGED)
[2026-01-16 18:17:29]   [emp_id: 2642] ✓ Updated: 77.65 → 77.73 (CHANGED)
[2026-01-16 18:17:29]   [emp_id: 2645] ✓ Updated: 93.65 → 93.73 (CHANGED)
[2026-01-16 18:17:29]   [emp_id: 2648] ✓ Updated: 45.32 → 45.4 (CHANGED)
[2026-01-16 18:17:29]   [emp_id: 2654] ✓ Updated: 87.99 → 88.07 (CHANGED)
[2026-01-16 18:17:29]   [emp_id: 2688] ✓ Updated: 26.07 → 26.15 (CHANGED)
[2026-01-16 18:17:29]   [emp_id: 2690] ✓ Updated: 14.82 → 14.9 (CHANGED)
[2026-01-16 18:17:29]   [emp_id: 2709] ✓ Updated: 37.07 → 37.15 (CHANGED)
[2026-01-16 18:17:29]   [emp_id: 2745] ✓ Updated: 33.65 → 33.73 (CHANGED)
[2026-01-16 18:17:29]   [emp_id: 2843] ✓ Updated: 80.24 → 80.32 (CHANGED)
[2026-01-16 18:17:29]   [emp_id: 2854] ✓ Updated: 60.15 → 60.23 (CHANGED)
[2026-01-16 18:17:29]   [emp_id: 2869] ✓ Updated: 4.07 → 4.15 (CHANGED)
[2026-01-16 18:17:29]   [emp_id: 2876] ✓ Updated: 34.9 → 34.98 (CHANGED)
[2026-01-16 18:17:29]   [emp_id: 2924] ✓ Updated: 16.07 → 16.15 (CHANGED)
[2026-01-16 18:17:29]   [emp_id: 2953] ✓ Updated: 101.82 → 101.9 (CHANGED)
[2026-01-16 18:17:29]   [emp_id: 2961] ✓ Updated: 11.82 → 11.9 (CHANGED)
[2026-01-16 18:17:29]   [emp_id: 2975] ✓ Updated: 1.5 → 1.58 (CHANGED)
[2026-01-16 18:17:29]   [emp_id: 3013] ✓ Updated: 10.82 → 10.9 (CHANGED)
[2026-01-16 18:17:29]   [emp_id: 3014] ✓ Updated: 90.07 → 90.15 (CHANGED)
[2026-01-16 18:17:29]   [emp_id: 3015] ✓ Updated: 1.32 → 1.4 (CHANGED)
[2026-01-16 18:17:29]   [emp_id: 3018] ✓ Updated: 60.07 → 60.15 (CHANGED)
[2026-01-16 18:17:29]   [emp_id: 3025] ✓ Updated: 23.84 → 23.92 (CHANGED)
[2026-01-16 18:17:29]   [emp_id: 3037] ✓ Updated: 83.57 → 83.65 (CHANGED)
[2026-01-16 18:17:29]   [emp_id: 3047] ✓ Updated: 71.82 → 71.9 (CHANGED)
[2026-01-16 18:17:29]   [emp_id: 3061] ✓ Updated: 18.74 → 18.82 (CHANGED)
[2026-01-16 18:17:29]   [emp_id: 3062] ✓ Updated: 51.9 → 51.98 (CHANGED)
[2026-01-16 18:17:29]   [emp_id: 3074] ✓ Updated: 108.32 → 108.4 (CHANGED)
[2026-01-16 18:17:29]   [emp_id: 3089] ✓ Updated: 7.24 → 7.32 (CHANGED)
[2026-01-16 18:17:29]   [emp_id: 3090] ✓ Updated: 33.82 → 33.9 (CHANGED)
[2026-01-16 18:17:29]   [emp_id: 3091] ✓ Updated: 45.82 → 45.9 (CHANGED)
[2026-01-16 18:17:29]   [emp_id: 3092] ✓ Updated: 28.49 → 28.57 (CHANGED)
[2026-01-16 18:17:29]   [emp_id: 3105] ✓ Updated: 48.82 → 48.9 (CHANGED)
[2026-01-16 18:17:29]   [emp_id: 3134] ✓ Updated: 44.57 → 44.65 (CHANGED)
[2026-01-16 18:17:29]   [emp_id: 3140] ✓ Updated: 41.65 → 41.73 (CHANGED)
[2026-01-16 18:17:29]   [emp_id: 3144] ✓ Updated: 14.49 → 14.57 (CHANGED)
[2026-01-16 18:17:29]   [emp_id: 3156] ✓ Updated: 17.82 → 17.9 (CHANGED)
[2026-01-16 18:17:29]   [emp_id: 3162] ✓ Updated: 2.8 → 2.88 (CHANGED)
[2026-01-16 18:17:29]   [emp_id: 3163] ✓ Updated: 6.07 → 6.15 (CHANGED)
[2026-01-16 18:17:29]   [emp_id: 3198] ✓ Updated: 41.07 → 41.15 (CHANGED)
[2026-01-16 18:17:29]   [emp_id: 3205] ✓ Updated: 17.74 → 17.82 (CHANGED)
[2026-01-16 18:17:29]   [emp_id: 3209] ✓ Updated: 41.9 → 41.98 (CHANGED)
[2026-01-16 18:17:29]   [emp_id: 3223] ✓ Updated: 90.82 → 90.9 (CHANGED)
[2026-01-16 18:17:29]   [emp_id: 3224] ✓ Updated: 65.57 → 65.65 (CHANGED)
[2026-01-16 18:17:29]   [emp_id: 3230] ✓ Updated: 88.99 → 89.07 (CHANGED)
[2026-01-16 18:17:29]   [emp_id: 3231] ✓ Updated: 1.36 → 1.44 (CHANGED)
[2026-01-16 18:17:29]   [emp_id: 3233] ✓ Updated: 81.82 → 81.9 (CHANGED)
[2026-01-16 18:17:29]   [emp_id: 3249] ✓ Updated: 37.65 → 37.73 (CHANGED)
[2026-01-16 18:17:29]   [emp_id: 3250] ✓ Updated: 10.65 → 10.73 (CHANGED)
[2026-01-16 18:17:29]   [emp_id: 3252] ✓ Updated: 11.57 → 11.65 (CHANGED)
[2026-01-16 18:17:29]   [emp_id: 3254] ✓ Updated: 22.07 → 22.15 (CHANGED)
[2026-01-16 18:17:29]   [emp_id: 3255] ✓ Updated: 18.49 → 18.57 (CHANGED)
[2026-01-16 18:17:29]   [emp_id: 3256] ✓ Updated: 14.74 → 14.82 (CHANGED)
[2026-01-16 18:17:29]   [emp_id: 3263] ✓ Updated: 30.82 → 30.9 (CHANGED)
[2026-01-16 18:17:29]   [emp_id: 3265] ✓ Updated: 26.4 → 26.48 (CHANGED)
[2026-01-16 18:17:29]   [emp_id: 3280] ✓ Updated: 73.32 → 73.4 (CHANGED)
[2026-01-16 18:17:30]   [emp_id: 3286] ✓ Updated: 16.49 → 16.57 (CHANGED)
[2026-01-16 18:17:30]   [emp_id: 3294] ✓ Updated: 16.15 → 16.23 (CHANGED)
[2026-01-16 18:17:30]   [emp_id: 3321] ✓ Updated: 73.32 → 73.4 (CHANGED)
[2026-01-16 18:17:30]   [emp_id: 3325] ✓ Updated: 61.07 → 61.15 (CHANGED)
[2026-01-16 18:17:30]   [emp_id: 3329] ✓ Updated: 63.4 → 63.48 (CHANGED)
[2026-01-16 18:17:30]   [emp_id: 3330] ✓ Updated: 63.4 → 63.48 (CHANGED)
[2026-01-16 18:17:30]   [emp_id: 3332] ✓ Updated: 63.4 → 63.48 (CHANGED)
[2026-01-16 18:17:30]   [emp_id: 3370] ✓ Updated: 55.07 → 55.15 (CHANGED)
[2026-01-16 18:17:30]   [emp_id: 3384] ✓ Updated: 15.57 → 15.65 (CHANGED)
[2026-01-16 18:17:30]   [emp_id: 3386] ✓ Updated: 45.57 → 45.65 (CHANGED)
[2026-01-16 18:17:30]   [emp_id: 3431] ✓ Updated: 19.99 → 20.07 (CHANGED)
[2026-01-16 18:17:30]   [emp_id: 3497] ✓ Updated: 10.15 → 10.23 (CHANGED)
[2026-01-16 18:17:30]   [emp_id: 3532] ✓ Updated: 0.99 → 1.07 (CHANGED)
[2026-01-16 18:17:30]   [emp_id: 3602] ✓ Updated: 2.56 → 2.64 (CHANGED)
[2026-01-16 18:17:30]   [emp_id: 3618] ✓ Updated: 24.54 → 24.62 (CHANGED)
[2026-01-16 18:17:30]   [emp_id: 3622] ✓ Updated: 35.25 → 35.31 (CHANGED)
[2026-01-16 18:17:30]   [emp_id: 3627] ✓ Updated: 10.49 → 10.57 (CHANGED)
[2026-01-16 18:17:30]   [emp_id: 3665] ✓ Updated: 52.07 → 52.15 (CHANGED)
[2026-01-16 18:17:30]   [emp_id: 3705] ✓ Updated: 28.58 → 28.64 (CHANGED)
[2026-01-16 18:17:30]   [emp_id: 3724] ✓ Updated: 45.07 → 45.15 (CHANGED)
[2026-01-16 18:17:30]   [emp_id: 3726] ✓ Updated: 61.49 → 61.57 (CHANGED)
[2026-01-16 18:17:30]   [emp_id: 3727] ✓ Updated: 66.57 → 66.65 (CHANGED)
[2026-01-16 18:17:30]   [emp_id: 3728] ✓ Updated: 10.9 → 10.98 (CHANGED)
[2026-01-16 18:17:30]   [emp_id: 3767] ✓ Updated: 1.65 → 1.73 (CHANGED)
[2026-01-16 18:17:30]   [emp_id: 3768] ✓ Updated: 57.9 → 57.98 (CHANGED)
[2026-01-16 18:17:30]   [emp_id: 3787] ✓ Updated: 58.49 → 58.57 (CHANGED)
[2026-01-16 18:17:30]   [emp_id: 3790] ✓ Updated: 3.04 → 3.12 (CHANGED)
[2026-01-16 18:17:30]   [emp_id: 3795] ✓ Updated: 15.99 → 16.07 (CHANGED)
[2026-01-16 18:17:30]   [emp_id: 3798] ✓ Updated: 94.4 → 94.48 (CHANGED)
[2026-01-16 18:17:30]   [emp_id: 3801] ✓ Updated: 2.67 → 2.75 (CHANGED)
[2026-01-16 18:17:30]   [emp_id: 3802] ✓ Updated: 31.65 → 31.73 (CHANGED)
[2026-01-16 18:17:30]   [emp_id: 3803] ✓ Updated: 116.07 → 116.15 (CHANGED)
[2026-01-16 18:17:30]   [emp_id: 3810] ✓ Updated: 122.07 → 122.15 (CHANGED)
[2026-01-16 18:17:30]   [emp_id: 3812] ✓ Updated: 91.07 → 91.15 (CHANGED)
[2026-01-16 18:17:30]   [emp_id: 3815] ✓ Updated: 91.07 → 91.15 (CHANGED)
[2026-01-16 18:17:30]   [emp_id: 3836] ✓ Updated: 58.74 → 58.82 (CHANGED)
[2026-01-16 18:17:30]   [emp_id: 3855] ✓ Updated: 51.9 → 51.98 (CHANGED)
[2026-01-16 18:17:30]   [emp_id: 3857] ✓ Updated: 55.57 → 55.65 (CHANGED)
[2026-01-16 18:17:30]   [emp_id: 3862] ✓ Updated: 103.65 → 103.73 (CHANGED)
[2026-01-16 18:17:30]   [emp_id: 3866] ✓ Updated: 28.9 → 28.98 (CHANGED)
[2026-01-16 18:17:30]   [emp_id: 3876] ✓ Updated: 25.07 → 25.15 (CHANGED)
[2026-01-16 18:17:30]   [emp_id: 3877] ✓ Updated: 50.57 → 50.65 (CHANGED)
[2026-01-16 18:17:30]   [emp_id: 3897] ✓ Updated: 38.82 → 38.9 (CHANGED)
[2026-01-16 18:17:30]   [emp_id: 3899] ✓ Updated: 0.64 → 0.72 (CHANGED)
[2026-01-16 18:17:30]   [emp_id: 3928] ✓ Updated: 14.9 → 14.98 (CHANGED)
[2026-01-16 18:17:30]   [emp_id: 3929] ✓ Updated: 9.9 → 9.98 (CHANGED)
[2026-01-16 18:17:30]   [emp_id: 3935] ✓ Updated: 94.9 → 94.98 (CHANGED)
[2026-01-16 18:17:30]   [emp_id: 3952] ✓ Updated: 76.24 → 76.32 (CHANGED)
[2026-01-16 18:17:30]   [emp_id: 3987] ✓ Updated: 15.15 → 15.23 (CHANGED)
[2026-01-16 18:17:30]   [emp_id: 4059] ✓ Updated: 4.35 → 4.43 (CHANGED)
[2026-01-16 18:17:30]   [emp_id: 4119] ✓ Updated: 57.82 → 57.9 (CHANGED)
[2026-01-16 18:17:30]   [emp_id: 4120] ✓ Updated: 27.4 → 27.48 (CHANGED)
[2026-01-16 18:17:30]   [emp_id: 4124] ✓ Updated: 27.92 → 28 (CHANGED)
[2026-01-16 18:17:30]   [emp_id: 4133] ✓ Updated: 106.4 → 106.48 (CHANGED)
[2026-01-16 18:17:30]   [emp_id: 4134] ✓ Updated: 27.4 → 27.48 (CHANGED)
[2026-01-16 18:17:30]   [emp_id: 4136] ✓ Updated: 27.4 → 27.48 (CHANGED)
[2026-01-16 18:17:30]   [emp_id: 4150] ✓ Updated: 26.07 → 26.15 (CHANGED)
[2026-01-16 18:17:30]   [emp_id: 4157] ✓ Updated: 19.57 → 19.65 (CHANGED)
[2026-01-16 18:17:30]   [emp_id: 4172] ✓ Updated: 13.16 → 13.22 (CHANGED)
[2026-01-16 18:17:30]   [emp_id: 4195] ✓ Updated: 63.15 → 63.23 (CHANGED)
[2026-01-16 18:17:30]   [emp_id: 4215] ✓ Updated: 45.82 → 45.9 (CHANGED)
[2026-01-16 18:17:30]   [emp_id: 4220] ✓ Updated: 41.4 → 41.48 (CHANGED)
[2026-01-16 18:17:30]   [emp_id: 4273] ✓ Updated: 10.07 → 10.15 (CHANGED)
[2026-01-16 18:17:30]   [emp_id: 4283] ✓ Updated: 14.25 → 14.31 (CHANGED)
[2026-01-16 18:17:30]   [emp_id: 4288] ✓ Updated: 0.64 → 0.72 (CHANGED)
[2026-01-16 18:17:30]   [emp_id: 4315] ✓ Updated: 13.32 → 13.4 (CHANGED)
[2026-01-16 18:17:30]   [emp_id: 4328] ✓ Updated: 43.08 → 43.14 (CHANGED)
[2026-01-16 18:17:30]   [emp_id: 4329] ✓ Updated: 6.49 → 6.57 (CHANGED)
[2026-01-16 18:17:30]   [emp_id: 4338] ✓ Updated: 48.07 → 48.15 (CHANGED)
[2026-01-16 18:17:30]   [emp_id: 4340] ✓ Updated: 110.07 → 110.15 (CHANGED)
[2026-01-16 18:17:30]   [emp_id: 4365] ✓ Updated: 61.49 → 61.57 (CHANGED)
[2026-01-16 18:17:30]   [emp_id: 4366] ✓ Updated: 60.57 → 60.65 (CHANGED)
[2026-01-16 18:17:30]   [emp_id: 4403] ✓ Updated: 86.4 → 86.48 (CHANGED)
[2026-01-16 18:17:30]   [emp_id: 4438] ✓ Updated: 22.07 → 22.15 (CHANGED)
[2026-01-16 18:17:30]   [emp_id: 4465] ✓ Updated: 13.41 → 13.47 (CHANGED)
[2026-01-16 18:17:30]   [emp_id: 4473] ✓ Updated: 45.65 → 45.73 (CHANGED)
[2026-01-16 18:17:30]   [emp_id: 4474] ✓ Updated: 3.92 → 3.98 (CHANGED)
[2026-01-16 18:17:30]   [emp_id: 4493] ✓ Updated: 164.49 → 164.57 (CHANGED)
[2026-01-16 18:17:30]   [emp_id: 4526] ✓ Updated: 36.74 → 36.82 (CHANGED)
[2026-01-16 18:17:30]   [emp_id: 4528] ✓ Updated: 108.49 → 108.57 (CHANGED)
[2026-01-16 18:17:30]   [emp_id: 4528] ✓ Updated: 108.49 → 108.57 (CHANGED)
[2026-01-16 18:17:30]   [emp_id: 4532] ✓ Updated: 8.53 → 8.59 (CHANGED)
[2026-01-16 18:17:30]   [emp_id: 4533] ✓ Updated: 36.9 → 36.98 (CHANGED)
[2026-01-16 18:17:30]   [emp_id: 4565] ✓ Updated: 15.91 → 15.97 (CHANGED)
[2026-01-16 18:17:30]   [emp_id: 4567] ✓ Updated: 20.16 → 20.22 (CHANGED)
[2026-01-16 18:17:30]   [emp_id: 4572] ✓ Updated: 59.66 → 59.72 (CHANGED)
[2026-01-16 18:17:30]   [emp_id: 4631] ✓ Updated: 15.91 → 15.97 (CHANGED)
[2026-01-16 18:17:30]   [emp_id: 4655] ✓ Updated: 25.82 → 25.9 (CHANGED)
[2026-01-16 18:17:30]   [emp_id: 4709] ✓ Updated: 41.07 → 41.15 (CHANGED)
[2026-01-16 18:17:30]   [emp_id: 4717] ✓ Updated: 67.07 → 67.15 (CHANGED)
[2026-01-16 18:17:30]   [emp_id: 4736] ✓ Updated: 28.9 → 28.98 (CHANGED)
[2026-01-16 18:17:30]   [emp_id: 4756] ✓ Updated: 12.35 → 12.41 (CHANGED)
[2026-01-16 18:17:30]   [emp_id: 4768] ✓ Updated: 14.57 → 14.65 (CHANGED)
[2026-01-16 18:17:30]   [emp_id: 4780] ✓ Updated: 66.08 → 66.14 (CHANGED)
[2026-01-16 18:17:30]   [emp_id: 4820] ✓ Updated: 99.9 → 99.98 (CHANGED)
[2026-01-16 18:17:30]   [emp_id: 4824] ✓ Updated: 3.08 → 3.16 (CHANGED)
[2026-01-16 18:17:30]   [emp_id: 4825] ✓ Updated: 31.65 → 31.73 (CHANGED)
[2026-01-16 18:17:30]   [emp_id: 4837] ✓ Updated: 46.07 → 46.13 (CHANGED)
[2026-01-16 18:17:30]   [emp_id: 4840] ✓ Updated: 46.07 → 46.13 (CHANGED)
[2026-01-16 18:17:30]   [emp_id: 4842] ✓ Updated: 45.31 → 45.37 (CHANGED)
[2026-01-16 18:17:30]   [emp_id: 4843] ✓ Updated: 45.84 → 45.9 (CHANGED)
[2026-01-16 18:17:30]   [emp_id: 4853] ✓ Updated: 89.66 → 89.72 (CHANGED)
[2026-01-16 18:17:30]   [emp_id: 4856] ✓ Updated: 42.98 → 43.04 (CHANGED)
[2026-01-16 18:17:30]   [emp_id: 4857] ✓ Updated: 25.8 → 25.86 (CHANGED)
[2026-01-16 18:17:30]   [emp_id: 4858] ✓ Updated: 22.68 → 22.74 (CHANGED)
[2026-01-16 18:17:30]   [emp_id: 4859] ✓ Updated: 44.15 → 44.21 (CHANGED)
[2026-01-16 18:17:30]   [emp_id: 4860] ✓ Updated: 8.65 → 8.71 (CHANGED)
[2026-01-16 18:17:30]   [emp_id: 4861] ✓ Updated: 42.11 → 42.17 (CHANGED)
[2026-01-16 18:17:30]   [emp_id: 4869] ✓ Updated: 84.99 → 85.05 (CHANGED)
[2026-01-16 18:17:30]   [emp_id: 4894] ✓ Updated: 8.57 → 8.65 (CHANGED)
[2026-01-16 18:17:31]   [emp_id: 4897] ✓ Updated: 23.89 → 23.95 (CHANGED)
[2026-01-16 18:17:31]   [emp_id: 4899] ✓ Updated: 20.06 → 20.12 (CHANGED)
[2026-01-16 18:17:31]   [emp_id: 4902] ✓ Updated: 19.48 → 19.54 (CHANGED)
[2026-01-16 18:17:31]   [emp_id: 4903] ✓ Updated: 21.7 → 21.76 (CHANGED)
[2026-01-16 18:17:31]   [emp_id: 4905] ✓ Updated: 20.36 → 20.42 (CHANGED)
[2026-01-16 18:17:31]   [emp_id: 4907] ✓ Updated: 48.65 → 48.73 (CHANGED)
[2026-01-16 18:17:31]   [emp_id: 4917] ✓ Updated: 17.32 → 17.38 (CHANGED)
[2026-01-16 18:17:31]   [emp_id: 4918] ✓ Updated: 7.09 → 7.15 (CHANGED)
[2026-01-16 18:17:31]   [emp_id: 4919] ✓ Updated: 59.38 → 59.44 (CHANGED)
[2026-01-16 18:17:31]   [emp_id: 4920] ✓ Updated: 6.46 → 6.52 (CHANGED)
[2026-01-16 18:17:31]   [emp_id: 4921] ✓ Updated: 18.55 → 18.61 (CHANGED)
[2026-01-16 18:17:31]   [emp_id: 4927] ✓ Updated: 17.38 → 17.44 (CHANGED)
[2026-01-16 18:17:31]   [emp_id: 4929] ✓ Updated: 18.9 → 18.96 (CHANGED)
[2026-01-16 18:17:31]   [emp_id: 4930] ✓ Updated: 59.67 → 59.73 (CHANGED)
[2026-01-16 18:17:31]   [emp_id: 4932] ✓ Updated: 17.67 → 17.73 (CHANGED)
[2026-01-16 18:17:31]   [emp_id: 4933] ✓ Updated: 21.08 → 21.14 (CHANGED)
[2026-01-16 18:17:31]   [emp_id: 4949] ✓ Updated: 24.51 → 24.57 (CHANGED)
[2026-01-16 18:17:31]   [emp_id: 4956] ✓ Updated: 30.1 → 30.16 (CHANGED)
[2026-01-16 18:17:31]   [emp_id: 4957] ✓ Updated: 25.77 → 25.83 (CHANGED)
[2026-01-16 18:17:31]   [emp_id: 4962] ✓ Updated: 48.01 → 48.09 (CHANGED)
[2026-01-16 18:17:31]   [emp_id: 4969] ✓ Updated: 47.32 → 47.4 (CHANGED)
[2026-01-16 18:17:31]   [emp_id: 4976] ✓ Updated: 10.79 → 10.85 (CHANGED)
[2026-01-16 18:17:31]   [emp_id: 4984] ✓ Updated: 38.57 → 38.65 (CHANGED)
[2026-01-16 18:17:31]   [emp_id: 4995] ✓ Updated: 50.64 → 50.72 (CHANGED)
[2026-01-16 18:17:31]   [emp_id: 5004] ✓ Updated: 27.73 → 27.79 (CHANGED)
[2026-01-16 18:17:31]   [emp_id: 5006] ✓ Updated: 27.47 → 27.53 (CHANGED)
[2026-01-16 18:17:31]   [emp_id: 5011] ✓ Updated: 6.42 → 6.5 (CHANGED)
[2026-01-16 18:17:31]   [emp_id: 5013] ✓ Updated: 67.84 → 67.9 (CHANGED)
[2026-01-16 18:17:31]   [emp_id: 5018] ✓ Updated: 4.33 → 4.39 (CHANGED)
[2026-01-16 18:17:31]   [emp_id: 5021] ✓ Updated: 61.67 → 61.75 (CHANGED)
[2026-01-16 18:17:31]   [emp_id: 5024] ✓ Updated: 2.35 → 2.41 (CHANGED)
[2026-01-16 18:17:31]   [emp_id: 5030] ✓ Updated: 32.3 → 32.36 (CHANGED)
[2026-01-16 18:17:31]   [emp_id: 5033] ✓ Updated: 11.1 → 11.16 (CHANGED)
[2026-01-16 18:17:31]   [emp_id: 5043] ✓ Updated: 31.24 → 31.32 (CHANGED)
[2026-01-16 18:17:31]   [emp_id: 5045] ✓ Updated: 27.74 → 27.82 (CHANGED)
[2026-01-16 18:17:31]   [emp_id: 5046] ✓ Updated: 22.93 → 23.01 (CHANGED)
[2026-01-16 18:17:31]   [emp_id: 5049] ✓ Updated: 39.78 → 39.84 (CHANGED)
[2026-01-16 18:17:31]   [emp_id: 5052] ✓ Updated: 31.06 → 31.12 (CHANGED)
[2026-01-16 18:17:31]   [emp_id: 5055] ✓ Updated: 19.5 → 19.56 (CHANGED)
[2026-01-16 18:17:31]   [emp_id: 5058] ✓ Updated: 28.48 → 28.54 (CHANGED)
[2026-01-16 18:17:31]   [emp_id: 5062] ✓ Updated: 40.31 → 40.37 (CHANGED)
[2026-01-16 18:17:31]   [emp_id: 5064] ✓ Updated: 118.57 → 118.65 (CHANGED)
[2026-01-16 18:17:31]   [emp_id: 5065] ✓ Updated: 39.72 → 39.78 (CHANGED)
[2026-01-16 18:17:31]   [emp_id: 5071] ✓ Updated: 24.07 → 24.15 (CHANGED)
[2026-01-16 18:17:31]   [emp_id: 5073] ✓ Updated: 14.32 → 14.38 (CHANGED)
[2026-01-16 18:17:31]   [emp_id: 5079] ✓ Updated: 34.88 → 34.94 (CHANGED)
[2026-01-16 18:17:31]   [emp_id: 5080] ✓ Updated: 28.21 → 28.27 (CHANGED)
[2026-01-16 18:17:31]   [emp_id: 5081] ✓ Updated: 16.47 → 16.53 (CHANGED)
[2026-01-16 18:17:31]   [emp_id: 5087] ✓ Updated: 36.51 → 36.57 (CHANGED)
[2026-01-16 18:17:31]   [emp_id: 5091] ✓ Updated: 76.36 → 76.42 (CHANGED)
[2026-01-16 18:17:31]   [emp_id: 5093] ✓ Updated: 15.24 → 15.32 (CHANGED)
[2026-01-16 18:17:31]   [emp_id: 5095] ✓ Updated: 1.9 → 1.96 (CHANGED)
[2026-01-16 18:17:31]   [emp_id: 5101] ✓ Updated: 17.32 → 17.4 (CHANGED)
[2026-01-16 18:17:31]   [emp_id: 5107] ✓ Updated: 15.65 → 15.73 (CHANGED)
[2026-01-16 18:17:31]   [emp_id: 5109] ✓ Updated: 12.9 → 12.98 (CHANGED)
[2026-01-16 18:17:31]   [emp_id: 5119] ✓ Updated: 11.07 → 11.15 (CHANGED)
[2026-01-16 18:17:31]   [emp_id: 5122] ✓ Updated: 8.24 → 8.32 (CHANGED)
[2026-01-16 18:17:31]   [emp_id: 5126] ✓ Updated: 27.24 → 27.3 (CHANGED)
[2026-01-16 18:17:31]   [emp_id: 5127] ✓ Updated: 24.03 → 24.09 (CHANGED)
[2026-01-16 18:17:31]   [emp_id: 5128] ✓ Updated: 27.18 → 27.24 (CHANGED)
[2026-01-16 18:17:31]   [emp_id: 5138] ✓ Updated: 50.9 → 50.98 (CHANGED)
[2026-01-16 18:17:31]   [emp_id: 5138] ✓ Updated: 50.9 → 50.98 (CHANGED)
[2026-01-16 18:17:31]   [emp_id: 5141] ✓ Updated: 35.55 → 35.61 (CHANGED)
[2026-01-16 18:17:31]   [emp_id: 5142] ✓ Updated: 14.55 → 14.61 (CHANGED)
[2026-01-16 18:17:31]   [emp_id: 5146] ✓ Updated: 21.55 → 21.61 (CHANGED)
[2026-01-16 18:17:31]   [emp_id: 5147] ✓ Updated: 20.55 → 20.61 (CHANGED)
[2026-01-16 18:17:31]   [emp_id: 5148] ✓ Updated: 25.9 → 25.96 (CHANGED)
[2026-01-16 18:17:31]   [emp_id: 5149] ✓ Updated: 24.79 → 24.85 (CHANGED)
[2026-01-16 18:17:31]   [emp_id: 5150] ✓ Updated: 24.15 → 24.21 (CHANGED)
[2026-01-16 18:17:31]   [emp_id: 5151] ✓ Updated: 23.97 → 24.03 (CHANGED)
[2026-01-16 18:17:31]   [emp_id: 5152] ✓ Updated: 4.39 → 4.45 (CHANGED)
[2026-01-16 18:17:31]   [emp_id: 5157] ✓ Updated: 23.97 → 24.03 (CHANGED)
[2026-01-16 18:17:31]   [emp_id: 5160] ✓ Updated: 23.97 → 24.03 (CHANGED)
[2026-01-16 18:17:31]   [emp_id: 5163] ✓ Updated: 21.76 → 21.82 (CHANGED)
[2026-01-16 18:17:31]   [emp_id: 5165] ✓ Updated: 2.34 → 2.42 (CHANGED)
[2026-01-16 18:17:31]   [emp_id: 5167] ✓ Updated: 30.91 → 30.97 (CHANGED)
[2026-01-16 18:17:31]   [emp_id: 5168] ✓ Updated: 23.45 → 23.51 (CHANGED)
[2026-01-16 18:17:32]   [emp_id: 5173] ✓ Updated: 25.99 → 26.07 (CHANGED)
[2026-01-16 18:17:32]   [emp_id: 5174] ✓ Updated: 23.91 → 23.97 (CHANGED)
[2026-01-16 18:17:32]   [emp_id: 5181] ✓ Updated: 20.3 → 20.36 (CHANGED)
[2026-01-16 18:17:32]   [emp_id: 5186] ✓ Updated: 25.83 → 25.89 (CHANGED)
[2026-01-16 18:17:32]   [emp_id: 5187] ✓ Updated: 36.83 → 36.89 (CHANGED)
[2026-01-16 18:17:32]   [emp_id: 5204] ✓ Updated: 23.49 → 23.57 (CHANGED)
[2026-01-16 18:17:32]   [emp_id: 5205] ✓ Updated: 13.04 → 13.1 (CHANGED)
[2026-01-16 18:17:32]   [emp_id: 5209] ✓ Updated: 16.04 → 16.1 (CHANGED)
[2026-01-16 18:17:32]   [emp_id: 5213] ✓ Updated: 3.45 → 3.51 (CHANGED)
[2026-01-16 18:17:32]   [emp_id: 5214] ✓ Updated: 2.29 → 2.35 (CHANGED)
[2026-01-16 18:17:32]   [emp_id: 5215] ✓ Updated: 11.04 → 11.1 (CHANGED)
[2026-01-16 18:17:32]   [emp_id: 5217] ✓ Updated: 10.04 → 10.1 (CHANGED)
[2026-01-16 18:17:32]   [emp_id: 5219] ✓ Updated: 14.04 → 14.1 (CHANGED)
[2026-01-16 18:17:32]   [emp_id: 5221] ✓ Updated: 3.35 → 3.41 (CHANGED)
[2026-01-16 18:17:32]   [emp_id: 5224] ✓ Updated: 15.04 → 15.1 (CHANGED)
[2026-01-16 18:17:32]   [emp_id: 5225] ✓ Updated: 7.35 → 7.41 (CHANGED)
[2026-01-16 18:17:32]   [emp_id: 5228] ✓ Updated: 10.04 → 10.1 (CHANGED)
[2026-01-16 18:17:32]   [emp_id: 5229] ✓ Updated: 6.04 → 6.1 (CHANGED)
[2026-01-16 18:17:32]   [emp_id: 5230] ✓ Updated: 14.71 → 14.77 (CHANGED)
[2026-01-16 18:17:32]   [emp_id: 5231] ✓ Updated: 7.04 → 7.1 (CHANGED)
[2026-01-16 18:17:32]   [emp_id: 5232] ✓ Updated: 1.04 → 1.1 (CHANGED)
[2026-01-16 18:17:32]   [emp_id: 5233] ✓ Updated: 5.04 → 5.1 (CHANGED)
[2026-01-16 18:17:32]   [emp_id: 5234] ✓ Updated: 5.04 → 5.1 (CHANGED)
[2026-01-16 18:17:32]   [emp_id: 5235] ✓ Updated: 0.48 → 0.54 (CHANGED)
[2026-01-16 18:17:32]   [emp_id: 5237] ✓ Updated: 11.29 → 11.35 (CHANGED)
[2026-01-16 18:17:32]   [emp_id: 5239] ✓ Updated: 8.04 → 8.1 (CHANGED)
[2026-01-16 18:17:32]   [emp_id: 5241] ✓ Updated: 6.04 → 6.1 (CHANGED)
[2026-01-16 18:17:32]   [emp_id: 5242] ✓ Updated: 16.04 → 16.1 (CHANGED)
[2026-01-16 18:17:32]   [emp_id: 5243] ✓ Updated: 2.45 → 2.51 (CHANGED)
[2026-01-16 18:17:32]   [emp_id: 5244] ✓ Updated: 0.48 → 0.54 (CHANGED)
[2026-01-16 18:17:32]   [emp_id: 5246] ✓ Updated: 12.04 → 12.1 (CHANGED)
[2026-01-16 18:17:32]   [emp_id: 5253] ✓ Updated: 24.91 → 24.97 (CHANGED)
[2026-01-16 18:17:32]   [emp_id: 5254] ✓ Updated: 12.89 → 12.95 (CHANGED)
[2026-01-16 18:17:32]   [emp_id: 5257] ✓ Updated: 12.6 → 12.66 (CHANGED)
[2026-01-16 18:17:32]   [emp_id: 5259] ✓ Updated: 49.13 → 49.19 (CHANGED)
[2026-01-16 18:17:32]   [emp_id: 5261] ✓ Updated: 17.09 → 17.17 (CHANGED)
[2026-01-16 18:17:32]   [emp_id: 5264] ✓ Updated: 14.61 → 14.67 (CHANGED)
[2026-01-16 18:17:32]   [emp_id: 5266] ✓ Updated: 21.23 → 21.29 (CHANGED)
[2026-01-16 18:17:32]   [emp_id: 5268] ✓ Updated: 9.8 → 9.86 (CHANGED)
[2026-01-16 18:17:32]   [emp_id: 5271] ✓ Updated: 8.46 → 8.52 (CHANGED)
[2026-01-16 18:17:32]   [emp_id: 5272] ✓ Updated: 9.33 → 9.39 (CHANGED)
[2026-01-16 18:17:32]   [emp_id: 5273] ✓ Updated: 24.4 → 24.46 (CHANGED)
[2026-01-16 18:17:32]   [emp_id: 5275] ✓ Updated: 10.15 → 10.21 (CHANGED)
[2026-01-16 18:17:32]   [emp_id: 5276] ✓ Updated: 24.42 → 24.48 (CHANGED)
[2026-01-16 18:17:32]   [emp_id: 5278] ✓ Updated: 8.81 → 8.87 (CHANGED)
[2026-01-16 18:17:32]   [emp_id: 5280] ✓ Updated: 19.21 → 19.27 (CHANGED)
[2026-01-16 18:17:32]   [emp_id: 5282] ✓ Updated: 12.57 → 12.65 (CHANGED)
[2026-01-16 18:17:32]   [emp_id: 5285] ✓ Updated: 29.21 → 29.27 (CHANGED)
[2026-01-16 18:17:32]   [emp_id: 5286] ✓ Updated: 16.21 → 16.27 (CHANGED)
[2026-01-16 18:17:32]   [emp_id: 5287] ✓ Updated: 50.51 → 50.57 (CHANGED)
[2026-01-16 18:17:32]   [emp_id: 5288] ✓ Updated: 7.78 → 7.84 (CHANGED)
[2026-01-16 18:17:32]   [emp_id: 5289] ✓ Updated: 49.06 → 49.12 (CHANGED)
[2026-01-16 18:17:32]   [emp_id: 5290] ✓ Updated: 47.83 → 47.89 (CHANGED)
[2026-01-16 18:17:32]   [emp_id: 5291] ✓ Updated: 5.83 → 5.89 (CHANGED)
[2026-01-16 18:17:32]   [emp_id: 5292] ✓ Updated: 5.77 → 5.83 (CHANGED)
[2026-01-16 18:17:32]   [emp_id: 5293] ✓ Updated: 8.83 → 8.91 (CHANGED)
[2026-01-16 18:17:32]   [emp_id: 5294] ✓ Updated: 8.49 → 8.57 (CHANGED)
[2026-01-16 18:17:32]   [emp_id: 5295] ✓ Updated: 22.01 → 22.07 (CHANGED)
[2026-01-16 18:17:32]   [emp_id: 5296] ✓ Updated: 35.51 → 35.59 (CHANGED)
[2026-01-16 18:17:32]   [emp_id: 5297] ✓ Updated: 46.43 → 46.49 (CHANGED)
[2026-01-16 18:17:32]   [emp_id: 5298] ✓ Updated: 46.43 → 46.49 (CHANGED)
[2026-01-16 18:17:32]   [emp_id: 5299] ✓ Updated: 46.43 → 46.49 (CHANGED)
[2026-01-16 18:17:32]   [emp_id: 5300] ✓ Updated: 46.43 → 46.49 (CHANGED)
[2026-01-16 18:17:32]   [emp_id: 5301] ✓ Updated: 4.25 → 4.31 (CHANGED)
[2026-01-16 18:17:32]   [emp_id: 5303] ✓ Updated: 4.68 → 4.74 (CHANGED)
[2026-01-16 18:17:32]   [emp_id: 5304] ✓ Updated: 46.43 → 46.49 (CHANGED)
[2026-01-16 18:17:32]   [emp_id: 5305] ✓ Updated: 4.43 → 4.49 (CHANGED)
[2026-01-16 18:17:32]   [emp_id: 5306] ✓ Updated: 46.14 → 46.2 (CHANGED)
[2026-01-16 18:17:32]   [emp_id: 5307] ✓ Updated: 46.14 → 46.2 (CHANGED)
[2026-01-16 18:17:32]   [emp_id: 5312] ✓ Updated: 0.48 → 0.54 (CHANGED)
[2026-01-16 18:17:32]   [emp_id: 5318] ✓ Updated: 26.85 → 26.91 (CHANGED)
[2026-01-16 18:17:32]   [emp_id: 5325] ✓ Updated: 0.81 → 0.87 (CHANGED)
[2026-01-16 18:17:32]   [emp_id: 5327] ✓ Updated: 1.9 → 1.96 (CHANGED)
[2026-01-16 18:17:32]   [emp_id: 5337] ✓ Updated: 36.4 → 36.48 (CHANGED)
[2026-01-16 18:17:32]   [emp_id: 5339] ✓ Updated: 11 → 11.06 (CHANGED)
[2026-01-16 18:17:32]   [emp_id: 5343] ✓ Updated: 46.32 → 46.4 (CHANGED)
[2026-01-16 18:17:32]   [emp_id: 5343] ✓ Updated: 46.32 → 46.4 (CHANGED)
[2026-01-16 18:17:32]   [emp_id: 5345] ✓ Updated: 16.15 → 16.23 (CHANGED)
[2026-01-16 18:17:33]   [emp_id: 5346] ✓ Updated: 2.72 → 2.78 (CHANGED)
[2026-01-16 18:17:33]   [emp_id: 5351] ✓ Updated: 17.66 → 17.72 (CHANGED)
[2026-01-16 18:17:33]   [emp_id: 5352] ✓ Updated: 26.57 → 26.65 (CHANGED)
[2026-01-16 18:17:33]   [emp_id: 5370] ✓ Updated: 16.31 → 16.37 (CHANGED)
[2026-01-16 18:17:33]   [emp_id: 5371] ✓ Updated: 8.32 → 8.4 (CHANGED)
[2026-01-16 18:17:33]   [emp_id: 5376] ✓ Updated: 10.91 → 10.97 (CHANGED)
[2026-01-16 18:17:33]   [emp_id: 5378] ✓ Updated: 18.4 → 18.48 (CHANGED)
[2026-01-16 18:17:33]   [emp_id: 5380] ✓ Updated: 17.32 → 17.38 (CHANGED)
[2026-01-16 18:17:33]   [emp_id: 5381] ✓ Updated: 12.84 → 12.92 (CHANGED)
[2026-01-16 18:17:33]   [emp_id: 5383] ✓ Updated: 17.15 → 17.23 (CHANGED)
[2026-01-16 18:17:33]   [emp_id: 5388] ✓ Updated: 28.1 → 28.16 (CHANGED)
[2026-01-16 18:17:33]   [emp_id: 5396] ✓ Updated: 29.34 → 29.4 (CHANGED)
[2026-01-16 18:17:33]   [emp_id: 5397] ✓ Updated: 20.8 → 20.86 (CHANGED)
[2026-01-16 18:17:33]   [emp_id: 5401] ✓ Updated: 23.91 → 23.97 (CHANGED)
[2026-01-16 18:17:33]   [emp_id: 5402] ✓ Updated: 24.03 → 24.09 (CHANGED)
[2026-01-16 18:17:33]   [emp_id: 5406] ✓ Updated: 17.75 → 17.81 (CHANGED)
[2026-01-16 18:17:33]   [emp_id: 5407] ✓ Updated: 16.92 → 17 (CHANGED)
[2026-01-16 18:17:33]   [emp_id: 5409] ✓ Updated: 17.09 → 17.15 (CHANGED)
[2026-01-16 18:17:33]   [emp_id: 5413] ✓ Updated: 29.32 → 29.4 (CHANGED)
[2026-01-16 18:17:33]   [emp_id: 5414] ✓ Updated: 28.99 → 29.07 (CHANGED)
[2026-01-16 18:17:33]   [emp_id: 5415] ✓ Updated: 4.92 → 5 (CHANGED)
[2026-01-16 18:17:33]   [emp_id: 5418] ✓ Updated: 16.15 → 16.21 (CHANGED)
[2026-01-16 18:17:33]   [emp_id: 5422] ✓ Updated: 21.65 → 21.73 (CHANGED)
[2026-01-16 18:17:33]   [emp_id: 5423] ✓ Updated: 6.34 → 6.42 (CHANGED)
[2026-01-16 18:17:33]   [emp_id: 5425] ✓ Updated: 14.7 → 14.76 (CHANGED)
[2026-01-16 18:17:33]   [emp_id: 5426] ✓ Updated: 2.89 → 2.97 (CHANGED)
[2026-01-16 18:17:33]   [emp_id: 5426] ✓ Updated: 2.89 → 2.97 (CHANGED)
[2026-01-16 18:17:33]   [emp_id: 5427] ✓ Updated: 14.81 → 14.87 (CHANGED)
[2026-01-16 18:17:33]   [emp_id: 5428] ✓ Updated: 14.7 → 14.76 (CHANGED)
[2026-01-16 18:17:33]   [emp_id: 5430] ✓ Updated: 18.71 → 18.79 (CHANGED)
[2026-01-16 18:17:33]   [emp_id: 5431] ✓ Updated: 13.82 → 13.88 (CHANGED)
[2026-01-16 18:17:33]   [emp_id: 5433] ✓ Updated: 13.84 → 13.9 (CHANGED)
[2026-01-16 18:17:33]   [emp_id: 5434] ✓ Updated: 13.59 → 13.65 (CHANGED)
[2026-01-16 18:17:33]   [emp_id: 5435] ✓ Updated: 13.53 → 13.59 (CHANGED)
[2026-01-16 18:17:33]   [emp_id: 5436] ✓ Updated: 13.53 → 13.59 (CHANGED)
[2026-01-16 18:17:33]   [emp_id: 5438] ✓ Updated: 16.57 → 16.65 (CHANGED)
[2026-01-16 18:17:33]   [emp_id: 5439] ✓ Updated: 26.07 → 26.15 (CHANGED)
[2026-01-16 18:17:33]   [emp_id: 5442] ✓ Updated: 15.07 → 15.15 (CHANGED)
[2026-01-16 18:17:33]   [emp_id: 5445] ✓ Updated: 7.99 → 8.05 (CHANGED)
[2026-01-16 18:17:33]   [emp_id: 5446] ✓ Updated: 7.99 → 8.05 (CHANGED)
[2026-01-16 18:17:33]   [emp_id: 5447] ✓ Updated: 7.93 → 7.99 (CHANGED)
[2026-01-16 18:17:33]   [emp_id: 5448] ✓ Updated: 2.09 → 2.17 (CHANGED)
[2026-01-16 18:17:33]   [emp_id: 5449] ✓ Updated: 6.01 → 6.07 (CHANGED)
[2026-01-16 18:17:33]   [emp_id: 5450] ✓ Updated: 5.95 → 6.01 (CHANGED)
[2026-01-16 18:17:33]   [emp_id: 5451] ✓ Updated: 5.95 → 6.01 (CHANGED)
[2026-01-16 18:17:33]   [emp_id: 5453] ✓ Updated: 5.79 → 5.85 (CHANGED)
[2026-01-16 18:17:33]   [emp_id: 5454] ✓ Updated: 8.15 → 8.23 (CHANGED)
[2026-01-16 18:17:33]   [emp_id: 5455] ✓ Updated: 2.4 → 2.48 (CHANGED)
[2026-01-16 18:17:33]   [emp_id: 5456] ✓ Updated: 7.4 → 7.48 (CHANGED)
[2026-01-16 18:17:33]   [emp_id: 5457] ✓ Updated: 5.04 → 5.1 (CHANGED)
[2026-01-16 18:17:33]   [emp_id: 5460] ✓ Updated: 6.05 → 6.13 (CHANGED)
[2026-01-16 18:17:33]   [emp_id: 5463] ✓ Updated: 5.38 → 5.46 (CHANGED)
[2026-01-16 18:17:33]   [emp_id: 5464] ✓ Updated: 5.38 → 5.46 (CHANGED)
[2026-01-16 18:17:33]   [emp_id: 5466] ✓ Updated: 3.13 → 3.21 (CHANGED)
[2026-01-16 18:17:33]   [emp_id: 5467] ✓ Updated: 2.05 → 2.13 (CHANGED)
[2026-01-16 18:17:33]   [emp_id: 5468] ✓ Updated: 1 → 1.08 (CHANGED)
[2026-01-16 18:17:33]   [emp_id: 5469] ✓ Updated: 0.91 → 0.99 (CHANGED)
[2026-01-16 18:17:34]   [emp_id: 5470] ✓ Updated: 0.58 → 0.66 (CHANGED)
[2026-01-16 18:17:34] Report saved to: D:\xampp\htdocs\almutlak\system/cron_logs/last_vacation_update_report.json
