[2025-11-20 11:03:46] ========== CRON: Vacation Balance Update Started ==========
[2025-11-20 11:03:46] Database connection established
[2025-11-20 11:03:46] Found 451 active employees with balance records to update
[2025-11-20 11:03:46] (Only employees with status=1 will be processed)
[2025-11-20 11:03:46]   [emp_id: 1061] ✓ Updated: 28.25 → 29.83 (CHANGED)
[2025-11-20 11:03:46]   [emp_id: 1496] ✓ Updated: 11.42 → 13 (CHANGED)
[2025-11-20 11:03:46]   [emp_id: 1500] ✓ Updated: 20.67 → 22.25 (CHANGED)
[2025-11-20 11:03:46]   [emp_id: 1574] ✓ Updated: 28.33 → 29.91 (CHANGED)
[2025-11-20 11:03:46]   [emp_id: 1673] ✓ Updated: 39.83 → 41.41 (CHANGED)
[2025-11-20 11:03:46]   [emp_id: 1685] ✓ Updated: 9.75 → 11.33 (CHANGED)
[2025-11-20 11:03:46]   [emp_id: 1764] ✓ Updated: 64.42 → 66 (CHANGED)
[2025-11-20 11:03:46]   [emp_id: 1805] ✓ Updated: 58.75 → 60.33 (CHANGED)
[2025-11-20 11:03:46]   [emp_id: 1822] ✓ Updated: 63.5 → 65.08 (CHANGED)
[2025-11-20 11:03:46]   [emp_id: 1837] ✓ Updated: 19.67 → 21.25 (CHANGED)
[2025-11-20 11:03:46]   [emp_id: 1857] ✓ Updated: 15 → 16.58 (CHANGED)
[2025-11-20 11:03:46]   [emp_id: 1861] ✓ Updated: 65.83 → 67.41 (CHANGED)
[2025-11-20 11:03:46]   [emp_id: 1872] ✓ Updated: 4.67 → 6.25 (CHANGED)
[2025-11-20 11:03:46]   [emp_id: 1897] ✓ Updated: 27 → 28.58 (CHANGED)
[2025-11-20 11:03:46]   [emp_id: 1916] ✓ Updated: 69.33 → 70.91 (CHANGED)
[2025-11-20 11:03:46]   [emp_id: 1928] ✓ Updated: 59.25 → 60.83 (CHANGED)
[2025-11-20 11:03:46]   [emp_id: 1931] ✓ Updated: 79.17 → 80.75 (CHANGED)
[2025-11-20 11:03:46]   [emp_id: 1944] ✓ Updated: 37.33 → 38.91 (CHANGED)
[2025-11-20 11:03:46]   [emp_id: 1996] ✓ Updated: 65.83 → 67.41 (CHANGED)
[2025-11-20 11:03:46]   [emp_id: 1997] ✓ Updated: 31 → 32.58 (CHANGED)
[2025-11-20 11:03:46]   [emp_id: 1998] ✓ Updated: 82.33 → 83.91 (CHANGED)
[2025-11-20 11:03:46]   [emp_id: 1999] ✓ Updated: 83.33 → 84.91 (CHANGED)
[2025-11-20 11:03:46]   [emp_id: 2009] ✓ Updated: 29.75 → 31.33 (CHANGED)
[2025-11-20 11:03:46]   [emp_id: 2048] ✓ Updated: 19.58 → 21.16 (CHANGED)
[2025-11-20 11:03:46]   [emp_id: 2057] ✓ Updated: 60.42 → 62 (CHANGED)
[2025-11-20 11:03:46]   [emp_id: 2079] ✓ Updated: 42.75 → 44.33 (CHANGED)
[2025-11-20 11:03:46]   [emp_id: 2181] ✓ Updated: 31.75 → 33.33 (CHANGED)
[2025-11-20 11:03:46]   [emp_id: 2190] ✓ Updated: 1.08 → 2.66 (CHANGED)
[2025-11-20 11:03:46]   [emp_id: 2212] ✓ Updated: 19.08 → 20.66 (CHANGED)
[2025-11-20 11:03:46]   [emp_id: 2226] ✓ Updated: 63.83 → 65.41 (CHANGED)
[2025-11-20 11:03:46]   [emp_id: 2238] ✓ Updated: 62.08 → 63.66 (CHANGED)
[2025-11-20 11:03:46]   [emp_id: 2285] ✓ Updated: 30.75 → 32.33 (CHANGED)
[2025-11-20 11:03:46]   [emp_id: 2287] ✓ Updated: 42.42 → 44 (CHANGED)
[2025-11-20 11:03:46]   [emp_id: 2288] ✓ Updated: 57.33 → 58.91 (CHANGED)
[2025-11-20 11:03:46]   [emp_id: 2290] ✓ Updated: 74.25 → 75.83 (CHANGED)
[2025-11-20 11:03:46]   [emp_id: 2316] ✓ Updated: 11.25 → 12.83 (CHANGED)
[2025-11-20 11:03:46]   [emp_id: 2337] ✓ Updated: 32.33 → 33.91 (CHANGED)
[2025-11-20 11:03:46]   [emp_id: 2352] ✓ Updated: 63.83 → 65.41 (CHANGED)
[2025-11-20 11:03:46]   [emp_id: 2358] ✓ Updated: 0.33 → 1.91 (CHANGED)
[2025-11-20 11:03:46]   [emp_id: 2361] ✓ Updated: 66 → 67.58 (CHANGED)
[2025-11-20 11:03:46]   [emp_id: 2363] ✓ Updated: 68.58 → 70.16 (CHANGED)
[2025-11-20 11:03:46]   [emp_id: 2364] ✓ Updated: 68 → 69.58 (CHANGED)
[2025-11-20 11:03:46]   [emp_id: 2367] ✓ Updated: 95.67 → 97.25 (CHANGED)
[2025-11-20 11:03:46]   [emp_id: 2368] ✓ Updated: 26.08 → 27.66 (CHANGED)
[2025-11-20 11:03:46]   [emp_id: 2372] ✓ Updated: 63.33 → 64.91 (CHANGED)
[2025-11-20 11:03:46]   [emp_id: 2376] ✓ Updated: 113.33 → 114.91 (CHANGED)
[2025-11-20 11:03:46]   [emp_id: 2423] ✓ Updated: 14.08 → 15.66 (CHANGED)
[2025-11-20 11:03:46]   [emp_id: 2519] ✓ Updated: 167.75 → 169.33 (CHANGED)
[2025-11-20 11:03:46]   [emp_id: 2522] ✓ Updated: 51.33 → 52.91 (CHANGED)
[2025-11-20 11:03:46]   [emp_id: 2530] ✓ Updated: 46.58 → 48.16 (CHANGED)
[2025-11-20 11:03:46]   [emp_id: 2539] ✓ Updated: 43.33 → 44.91 (CHANGED)
[2025-11-20 11:03:46]   [emp_id: 2541] ✓ Updated: 23.92 → 25.5 (CHANGED)
[2025-11-20 11:03:46]   [emp_id: 2550] ✓ Updated: 90.08 → 91.66 (CHANGED)
[2025-11-20 11:03:46]   [emp_id: 2553] ✓ Updated: 57.08 → 58.66 (CHANGED)
[2025-11-20 11:03:46]   [emp_id: 2554] ✓ Updated: 33.67 → 35.25 (CHANGED)
[2025-11-20 11:03:46]   [emp_id: 2565] ✓ Updated: 88.25 → 89.83 (CHANGED)
[2025-11-20 11:03:46]   [emp_id: 2572] ✓ Updated: 38.25 → 39.83 (CHANGED)
[2025-11-20 11:03:46]   [emp_id: 2637] ✓ Updated: 58.83 → 60.41 (CHANGED)
[2025-11-20 11:03:46]   [emp_id: 2642] ✓ Updated: 71.58 → 73.16 (CHANGED)
[2025-11-20 11:03:46]   [emp_id: 2645] ✓ Updated: 87.58 → 89.16 (CHANGED)
[2025-11-20 11:03:46]   [emp_id: 2648] ✓ Updated: 39.25 → 40.83 (CHANGED)
[2025-11-20 11:03:46]   [emp_id: 2654] ✓ Updated: 81.92 → 83.5 (CHANGED)
[2025-11-20 11:03:46]   [emp_id: 2688] ✓ Updated: 20 → 21.58 (CHANGED)
[2025-11-20 11:03:46]   [emp_id: 2690] ✓ Updated: 8.75 → 10.33 (CHANGED)
[2025-11-20 11:03:46]   [emp_id: 2709] ✓ Updated: 31 → 32.58 (CHANGED)
[2025-11-20 11:03:46]   [emp_id: 2745] ✓ Updated: 27.58 → 29.16 (CHANGED)
[2025-11-20 11:03:46]   [emp_id: 2843] ✓ Updated: 74.17 → 75.75 (CHANGED)
[2025-11-20 11:03:46]   [emp_id: 2854] ✓ Updated: 54.08 → 55.66 (CHANGED)
[2025-11-20 11:03:46]   [emp_id: 2869] ✓ Updated: 59 → 60.58 (CHANGED)
[2025-11-20 11:03:46]   [emp_id: 2876] ✓ Updated: 28.83 → 30.41 (CHANGED)
[2025-11-20 11:03:46]   [emp_id: 2924] ✓ Updated: 10 → 11.58 (CHANGED)
[2025-11-20 11:03:46]   [emp_id: 2953] ✓ Updated: 95.75 → 97.33 (CHANGED)
[2025-11-20 11:03:46]   [emp_id: 2961] ✓ Updated: 5.75 → 7.33 (CHANGED)
[2025-11-20 11:03:46]   [emp_id: 2975] ✓ Updated: 7.75 → 9.33 (CHANGED)
[2025-11-20 11:03:46]   [emp_id: 3013] ✓ Updated: 4.75 → 6.33 (CHANGED)
[2025-11-20 11:03:46]   [emp_id: 3014] ✓ Updated: 84 → 85.58 (CHANGED)
[2025-11-20 11:03:46]   [emp_id: 3015] ✓ Updated: 35.25 → 36.83 (CHANGED)
[2025-11-20 11:03:46]   [emp_id: 3018] ✓ Updated: 54 → 55.58 (CHANGED)
[2025-11-20 11:03:46]   [emp_id: 3025] ✓ Updated: 77.67 → 79.25 (CHANGED)
[2025-11-20 11:03:46]   [emp_id: 3037] ✓ Updated: 77.5 → 79.08 (CHANGED)
[2025-11-20 11:03:46]   [emp_id: 3047] ✓ Updated: 65.75 → 67.33 (CHANGED)
[2025-11-20 11:03:46]   [emp_id: 3061] ✓ Updated: 12.67 → 14.25 (CHANGED)
[2025-11-20 11:03:46]   [emp_id: 3062] ✓ Updated: 45.83 → 47.41 (CHANGED)
[2025-11-20 11:03:46]   [emp_id: 3074] ✓ Updated: 102.25 → 103.83 (CHANGED)
[2025-11-20 11:03:46]   [emp_id: 3089] ✓ Updated: 1.17 → 2.75 (CHANGED)
[2025-11-20 11:03:46]   [emp_id: 3090] ✓ Updated: 27.75 → 29.33 (CHANGED)
[2025-11-20 11:03:46]   [emp_id: 3091] ✓ Updated: 39.75 → 41.33 (CHANGED)
[2025-11-20 11:03:46]   [emp_id: 3092] ✓ Updated: 22.42 → 24 (CHANGED)
[2025-11-20 11:03:46]   [emp_id: 3105] ✓ Updated: 42.75 → 44.33 (CHANGED)
[2025-11-20 11:03:46]   [emp_id: 3134] ✓ Updated: 38.5 → 40.08 (CHANGED)
[2025-11-20 11:03:46]   [emp_id: 3140] ✓ Updated: 35.58 → 37.16 (CHANGED)
[2025-11-20 11:03:46]   [emp_id: 3144] ✓ Updated: 8.42 → 10 (CHANGED)
[2025-11-20 11:03:46]   [emp_id: 3156] ✓ Updated: 11.75 → 13.33 (CHANGED)
[2025-11-20 11:03:46]   [emp_id: 3162] ✓ Updated: 26.75 → 28.33 (CHANGED)
[2025-11-20 11:03:46]   [emp_id: 3163] ✓ Updated: 0 → 1.58 (CHANGED)
[2025-11-20 11:03:46]   [emp_id: 3198] ✓ Updated: 35 → 36.58 (CHANGED)
[2025-11-20 11:03:46]   [emp_id: 3205] ✓ Updated: 11.67 → 13.25 (CHANGED)
[2025-11-20 11:03:46]   [emp_id: 3209] ✓ Updated: 35.83 → 37.41 (CHANGED)
[2025-11-20 11:03:46]   [emp_id: 3223] ✓ Updated: 84.75 → 86.33 (CHANGED)
[2025-11-20 11:03:46]   [emp_id: 3224] ✓ Updated: 59.5 → 61.08 (CHANGED)
[2025-11-20 11:03:46]   [emp_id: 3230] ✓ Updated: 82.92 → 84.5 (CHANGED)
[2025-11-20 11:03:46]   [emp_id: 3231] ✓ Updated: 84.17 → 85.75 (CHANGED)
[2025-11-20 11:03:46]   [emp_id: 3233] ✓ Updated: 75.75 → 77.33 (CHANGED)
[2025-11-20 11:03:46]   [emp_id: 3249] ✓ Updated: 31.58 → 33.16 (CHANGED)
[2025-11-20 11:03:46]   [emp_id: 3250] ✓ Updated: 4.58 → 6.16 (CHANGED)
[2025-11-20 11:03:46]   [emp_id: 3252] ✓ Updated: 5.5 → 7.08 (CHANGED)
[2025-11-20 11:03:46]   [emp_id: 3254] ✓ Updated: 16 → 17.58 (CHANGED)
[2025-11-20 11:03:46]   [emp_id: 3255] ✓ Updated: 12.42 → 14 (CHANGED)
[2025-11-20 11:03:46]   [emp_id: 3256] ✓ Updated: 8.67 → 10.25 (CHANGED)
[2025-11-20 11:03:46]   [emp_id: 3263] ✓ Updated: 24.75 → 26.33 (CHANGED)
[2025-11-20 11:03:46]   [emp_id: 3265] ✓ Updated: 20.33 → 21.91 (CHANGED)
[2025-11-20 11:03:46]   [emp_id: 3280] ✓ Updated: 67.25 → 68.83 (CHANGED)
[2025-11-20 11:03:46]   [emp_id: 3286] ✓ Updated: 10.42 → 12 (CHANGED)
[2025-11-20 11:03:46]   [emp_id: 3294] ✓ Updated: 10.08 → 11.66 (CHANGED)
[2025-11-20 11:03:46]   [emp_id: 3321] ✓ Updated: 67.25 → 68.83 (CHANGED)
[2025-11-20 11:03:46]   [emp_id: 3325] ✓ Updated: 55 → 56.58 (CHANGED)
[2025-11-20 11:03:46]   [emp_id: 3329] ✓ Updated: 57.33 → 58.91 (CHANGED)
[2025-11-20 11:03:46]   [emp_id: 3330] ✓ Updated: 57.33 → 58.91 (CHANGED)
[2025-11-20 11:03:46]   [emp_id: 3332] ✓ Updated: 57.33 → 58.91 (CHANGED)
[2025-11-20 11:03:46]   [emp_id: 3370] ✓ Updated: 49 → 50.58 (CHANGED)
[2025-11-20 11:03:46]   [emp_id: 3384] ✓ Updated: 9.5 → 11.08 (CHANGED)
[2025-11-20 11:03:46]   [emp_id: 3386] ✓ Updated: 39.5 → 41.08 (CHANGED)
[2025-11-20 11:03:46]   [emp_id: 3431] ✓ Updated: 14.92 → 16.5 (CHANGED)
[2025-11-20 11:03:46]   [emp_id: 3497] ✓ Updated: 4.08 → 5.66 (CHANGED)
[2025-11-20 11:03:46]   [emp_id: 3532] ✓ Updated: 40.92 → 42.5 (CHANGED)
[2025-11-20 11:03:46]   [emp_id: 3586] ✓ Updated: 5 → 6.58 (CHANGED)
[2025-11-20 11:03:46]   [emp_id: 3602] ✓ Updated: 48 → 49.58 (CHANGED)
[2025-11-20 11:03:46]   [emp_id: 3618] ✓ Updated: 52.5 → 54.08 (CHANGED)
[2025-11-20 11:03:46]   [emp_id: 3622] ✓ Updated: 31.17 → 32.27 (CHANGED)
[2025-11-20 11:03:46]   [emp_id: 3627] ✓ Updated: 4.42 → 6 (CHANGED)
[2025-11-20 11:03:46]   [emp_id: 3665] ✓ Updated: 46 → 47.58 (CHANGED)
[2025-11-20 11:03:46]   [emp_id: 3705] ✓ Updated: 24.5 → 25.6 (CHANGED)
[2025-11-20 11:03:46]   [emp_id: 3724] ✓ Updated: 39 → 40.58 (CHANGED)
[2025-11-20 11:03:46]   [emp_id: 3726] ✓ Updated: 55.42 → 57 (CHANGED)
[2025-11-20 11:03:46]   [emp_id: 3727] ✓ Updated: 60.5 → 62.08 (CHANGED)
[2025-11-20 11:03:46]   [emp_id: 3728] ✓ Updated: 4.83 → 6.41 (CHANGED)
[2025-11-20 11:03:46]   [emp_id: 3742] ✓ Updated: 28 → 29.58 (CHANGED)
[2025-11-20 11:03:46]   [emp_id: 3767] ✓ Updated: 55.58 → 57.16 (CHANGED)
[2025-11-20 11:03:46]   [emp_id: 3768] ✓ Updated: 51.83 → 53.41 (CHANGED)
[2025-11-20 11:03:46]   [emp_id: 3787] ✓ Updated: 52.42 → 54 (CHANGED)
[2025-11-20 11:03:46]   [emp_id: 3790] ✓ Updated: 56.58 → 58.16 (CHANGED)
[2025-11-20 11:03:46]   [emp_id: 3795] ✓ Updated: 9.92 → 11.5 (CHANGED)
[2025-11-20 11:03:46]   [emp_id: 3798] ✓ Updated: 88.33 → 89.91 (CHANGED)
[2025-11-20 11:03:46]   [emp_id: 3801] ✓ Updated: 26.5 → 28.08 (CHANGED)
[2025-11-20 11:03:46]   [emp_id: 3802] ✓ Updated: 25.58 → 27.16 (CHANGED)
[2025-11-20 11:03:46]   [emp_id: 3803] ✓ Updated: 110 → 111.58 (CHANGED)
[2025-11-20 11:03:46]   [emp_id: 3810] ✓ Updated: 56 → 57.58 (CHANGED)
[2025-11-20 11:03:46]   [emp_id: 3812] ✓ Updated: 85 → 86.58 (CHANGED)
[2025-11-20 11:03:47]   [emp_id: 3815] ✓ Updated: 85 → 86.58 (CHANGED)
[2025-11-20 11:03:47]   [emp_id: 3836] ✓ Updated: 52.67 → 54.25 (CHANGED)
[2025-11-20 11:03:47]   [emp_id: 3855] ✓ Updated: 45.83 → 47.41 (CHANGED)
[2025-11-20 11:03:47]   [emp_id: 3857] ✓ Updated: 49.5 → 51.08 (CHANGED)
[2025-11-20 11:03:47]   [emp_id: 3862] ✓ Updated: 97.58 → 99.16 (CHANGED)
[2025-11-20 11:03:47]   [emp_id: 3866] ✓ Updated: 22.83 → 24.41 (CHANGED)
[2025-11-20 11:03:47]   [emp_id: 3876] ✓ Updated: 43 → 44.58 (CHANGED)
[2025-11-20 11:03:47]   [emp_id: 3877] ✓ Updated: 44.5 → 46.08 (CHANGED)
[2025-11-20 11:03:47]   [emp_id: 3897] ✓ Updated: 32.75 → 34.33 (CHANGED)
[2025-11-20 11:03:47]   [emp_id: 3899] ✓ Updated: 47.92 → 49.5 (CHANGED)
[2025-11-20 11:03:47]   [emp_id: 3928] ✓ Updated: 8.83 → 10.41 (CHANGED)
[2025-11-20 11:03:47]   [emp_id: 3929] ✓ Updated: 3.83 → 5.41 (CHANGED)
[2025-11-20 11:03:47]   [emp_id: 3935] ✓ Updated: 88.83 → 90.41 (CHANGED)
[2025-11-20 11:03:47]   [emp_id: 3952] ✓ Updated: 71.17 → 72.75 (CHANGED)
[2025-11-20 11:03:47]   [emp_id: 3987] ✓ Updated: 9.08 → 10.66 (CHANGED)
[2025-11-20 11:03:47]   [emp_id: 4059] ✓ Updated: 11.83 → 13.41 (CHANGED)
[2025-11-20 11:03:47]   [emp_id: 4119] ✓ Updated: 51.75 → 53.33 (CHANGED)
[2025-11-20 11:03:47]   [emp_id: 4120] ✓ Updated: 21.33 → 22.91 (CHANGED)
[2025-11-20 11:03:47]   [emp_id: 4124] ✓ Updated: 51.75 → 53.33 (CHANGED)
[2025-11-20 11:03:47]   [emp_id: 4133] ✓ Updated: 100.33 → 101.91 (CHANGED)
[2025-11-20 11:03:47]   [emp_id: 4134] ✓ Updated: 21.33 → 22.91 (CHANGED)
[2025-11-20 11:03:47]   [emp_id: 4136] ✓ Updated: 21.33 → 22.91 (CHANGED)
[2025-11-20 11:03:47]   [emp_id: 4150] ✓ Updated: 20 → 21.58 (CHANGED)
[2025-11-20 11:03:47]   [emp_id: 4157] ✓ Updated: 13.5 → 15.08 (CHANGED)
[2025-11-20 11:03:47]   [emp_id: 4172] ✓ Updated: 9.08 → 10.18 (CHANGED)
[2025-11-20 11:03:47]   [emp_id: 4195] ✓ Updated: 57.08 → 58.66 (CHANGED)
[2025-11-20 11:03:47]   [emp_id: 4215] ✓ Updated: 39.75 → 41.33 (CHANGED)
[2025-11-20 11:03:47]   [emp_id: 4220] ✓ Updated: 35.33 → 36.91 (CHANGED)
[2025-11-20 11:03:47]   [emp_id: 4273] ✓ Updated: 4 → 5.58 (CHANGED)
[2025-11-20 11:03:47]   [emp_id: 4283] ✓ Updated: 10.17 → 11.27 (CHANGED)
[2025-11-20 11:03:47]   [emp_id: 4288] ✓ Updated: 38.83 → 40.41 (CHANGED)
[2025-11-20 11:03:47]   [emp_id: 4315] ✓ Updated: 10.25 → 11.83 (CHANGED)
[2025-11-20 11:03:47]   [emp_id: 4328] ✓ Updated: 39 → 40.1 (CHANGED)
[2025-11-20 11:03:47]   [emp_id: 4329] ✓ Updated: 0.42 → 2 (CHANGED)
[2025-11-20 11:03:47]   [emp_id: 4338] ✓ Updated: 42 → 43.58 (CHANGED)
[2025-11-20 11:03:47]   [emp_id: 4340] ✓ Updated: 121 → 122.58 (CHANGED)
[2025-11-20 11:03:47]   [emp_id: 4365] ✓ Updated: 55.42 → 57 (CHANGED)
[2025-11-20 11:03:47]   [emp_id: 4366] ✓ Updated: 54.5 → 56.08 (CHANGED)
[2025-11-20 11:03:47]   [emp_id: 4385] ✓ Updated: 45.17 → 46.75 (CHANGED)
[2025-11-20 11:03:47]   [emp_id: 4403] ✓ Updated: 80.33 → 81.91 (CHANGED)
[2025-11-20 11:03:47]   [emp_id: 4438] ✓ Updated: 16 → 17.58 (CHANGED)
[2025-11-20 11:03:47]   [emp_id: 4465] ✓ Updated: 9.33 → 10.43 (CHANGED)
[2025-11-20 11:03:47]   [emp_id: 4473] ✓ Updated: 39.58 → 41.16 (CHANGED)
[2025-11-20 11:03:47]   [emp_id: 4474] ✓ Updated: 56.08 → 57.18 (CHANGED)
[2025-11-20 11:03:47]   [emp_id: 4493] ✓ Updated: 158.42 → 160 (CHANGED)
[2025-11-20 11:03:47]   [emp_id: 4526] ✓ Updated: 30.67 → 32.25 (CHANGED)
[2025-11-20 11:03:47]   [emp_id: 4528] ✓ Updated: 102.42 → 104 (CHANGED)
[2025-11-20 11:03:47]   [emp_id: 4528] ✓ Updated: 12.42 → 105.58 (CHANGED)
[2025-11-20 11:03:47]   [emp_id: 4532] ✓ Updated: 66.83 → 67.93 (CHANGED)
[2025-11-20 11:03:47]   [emp_id: 4533] ✓ Updated: 30.83 → 32.41 (CHANGED)
[2025-11-20 11:03:47]   [emp_id: 4564] ✓ Updated: 22.08 → 23.18 (CHANGED)
[2025-11-20 11:03:47]   [emp_id: 4565] ✓ Updated: 11.83 → 12.93 (CHANGED)
[2025-11-20 11:03:47]   [emp_id: 4567] ✓ Updated: 16.08 → 17.18 (CHANGED)
[2025-11-20 11:03:47]   [emp_id: 4572] ✓ Updated: 55.58 → 56.68 (CHANGED)
[2025-11-20 11:03:47]   [emp_id: 4631] ✓ Updated: 11.83 → 12.93 (CHANGED)
[2025-11-20 11:03:47]   [emp_id: 4655] ✓ Updated: 19.75 → 21.33 (CHANGED)
[2025-11-20 11:03:47]   [emp_id: 4689] ✓ Updated: 17.42 → 19 (CHANGED)
[2025-11-20 11:03:47]   [emp_id: 4709] ✓ Updated: 35 → 36.58 (CHANGED)
[2025-11-20 11:03:47]   [emp_id: 4717] ✓ Updated: 61 → 62.58 (CHANGED)
[2025-11-20 11:03:47]   [emp_id: 4736] ✓ Updated: 22.83 → 24.41 (CHANGED)
[2025-11-20 11:03:47]   [emp_id: 4756] ✓ Updated: 57.72 → 58.82 (CHANGED)
[2025-11-20 11:03:47]   [emp_id: 4768] ✓ Updated: 7.5 → 9.08 (CHANGED)
[2025-11-20 11:03:47]   [emp_id: 4780] ✓ Updated: 62 → 63.1 (CHANGED)
[2025-11-20 11:03:47]   [emp_id: 4820] ✓ Updated: 93.83 → 95.41 (CHANGED)
[2025-11-20 11:03:47]   [emp_id: 4825] ✓ Updated: 25.58 → 27.16 (CHANGED)
[2025-11-20 11:03:47]   [emp_id: 4835] ✓ Updated: 44.75 → 45.85 (CHANGED)
[2025-11-20 11:03:47]   [emp_id: 4837] ✓ Updated: 41.99 → 43.09 (CHANGED)
[2025-11-20 11:03:47]   [emp_id: 4838] ✓ Updated: 41.01 → 42.11 (CHANGED)
[2025-11-20 11:03:47]   [emp_id: 4840] ✓ Updated: 41.99 → 43.09 (CHANGED)
[2025-11-20 11:03:47]   [emp_id: 4842] ✓ Updated: 41.23 → 42.33 (CHANGED)
[2025-11-20 11:03:47]   [emp_id: 4843] ✓ Updated: 41.76 → 42.86 (CHANGED)
[2025-11-20 11:03:47]   [emp_id: 4853] ✓ Updated: 85.58 → 86.68 (CHANGED)
[2025-11-20 11:03:47]   [emp_id: 4856] ✓ Updated: 38.9 → 40 (CHANGED)
[2025-11-20 11:03:47]   [emp_id: 4857] ✓ Updated: 21.72 → 22.82 (CHANGED)
[2025-11-20 11:03:47]   [emp_id: 4858] ✓ Updated: 18.6 → 19.7 (CHANGED)
[2025-11-20 11:03:47]   [emp_id: 4859] ✓ Updated: 40.07 → 41.17 (CHANGED)
[2025-11-20 11:03:47]   [emp_id: 4860] ✓ Updated: 4.57 → 5.67 (CHANGED)
[2025-11-20 11:03:47]   [emp_id: 4861] ✓ Updated: 38.03 → 39.13 (CHANGED)
[2025-11-20 11:03:47]   [emp_id: 4869] ✓ Updated: 80.91 → 82.01 (CHANGED)
[2025-11-20 11:03:47]   [emp_id: 4894] ✓ Updated: 2.5 → 4.08 (CHANGED)
[2025-11-20 11:03:47]   [emp_id: 4897] ✓ Updated: 19.81 → 20.91 (CHANGED)
[2025-11-20 11:03:47]   [emp_id: 4899] ✓ Updated: 15.98 → 17.08 (CHANGED)
[2025-11-20 11:03:47]   [emp_id: 4902] ✓ Updated: 15.4 → 16.5 (CHANGED)
[2025-11-20 11:03:47]   [emp_id: 4903] ✓ Updated: 17.62 → 18.72 (CHANGED)
[2025-11-20 11:03:47]   [emp_id: 4905] ✓ Updated: 16.28 → 17.38 (CHANGED)
[2025-11-20 11:03:47]   [emp_id: 4907] ✓ Updated: 42.58 → 44.16 (CHANGED)
[2025-11-20 11:03:47]   [emp_id: 4917] ✓ Updated: 13.24 → 14.34 (CHANGED)
[2025-11-20 11:03:47]   [emp_id: 4918] ✓ Updated: 3.01 → 4.11 (CHANGED)
[2025-11-20 11:03:47]   [emp_id: 4919] ✓ Updated: 55.3 → 56.4 (CHANGED)
[2025-11-20 11:03:47]   [emp_id: 4920] ✓ Updated: 55.13 → 56.23 (CHANGED)
[2025-11-20 11:03:47]   [emp_id: 4921] ✓ Updated: 14.47 → 15.57 (CHANGED)
[2025-11-20 11:03:47]   [emp_id: 4927] ✓ Updated: 13.3 → 14.4 (CHANGED)
[2025-11-20 11:03:47]   [emp_id: 4929] ✓ Updated: 14.82 → 15.92 (CHANGED)
[2025-11-20 11:03:47]   [emp_id: 4930] ✓ Updated: 55.59 → 56.69 (CHANGED)
[2025-11-20 11:03:47]   [emp_id: 4932] ✓ Updated: 13.59 → 14.69 (CHANGED)
[2025-11-20 11:03:47]   [emp_id: 4933] ✓ Updated: 17 → 18.1 (CHANGED)
[2025-11-20 11:03:47]   [emp_id: 4949] ✓ Updated: 32.43 → 33.53 (CHANGED)
[2025-11-20 11:03:47]   [emp_id: 4956] ✓ Updated: 29.75 → 30.85 (CHANGED)
[2025-11-20 11:03:47]   [emp_id: 4957] ✓ Updated: 26.69 → 27.79 (CHANGED)
[2025-11-20 11:03:47]   [emp_id: 4962] ✓ Updated: 48.83 → 50.41 (CHANGED)
[2025-11-20 11:03:47]   [emp_id: 4969] ✓ Updated: 41.25 → 42.83 (CHANGED)
[2025-11-20 11:03:47]   [emp_id: 4976] ✓ Updated: 6.71 → 7.81 (CHANGED)
[2025-11-20 11:03:47]   [emp_id: 4984] ✓ Updated: 32.5 → 34.08 (CHANGED)
[2025-11-20 11:03:47]   [emp_id: 4995] ✓ Updated: 44.57 → 46.15 (CHANGED)
[2025-11-20 11:03:47]   [emp_id: 5004] ✓ Updated: 42.39 → 43.49 (CHANGED)
[2025-11-20 11:03:47]   [emp_id: 5006] ✓ Updated: 23.39 → 24.49 (CHANGED)
[2025-11-20 11:03:47]   [emp_id: 5011] ✓ Updated: 8.17 → 9.75 (CHANGED)
[2025-11-20 11:03:47]   [emp_id: 5013] ✓ Updated: 63.76 → 64.86 (CHANGED)
[2025-11-20 11:03:47]   [emp_id: 5018] ✓ Updated: 18 → 19.1 (CHANGED)
[2025-11-20 11:03:47]   [emp_id: 5021] ✓ Updated: 1.5 → 61.6 (CHANGED)
[2025-11-20 11:03:47]   [emp_id: 5021] ✓ Updated: 60.5 → 61.6 (CHANGED)
[2025-11-20 11:03:47]   [emp_id: 5024] ✓ Updated: 10.65 → 11.75 (CHANGED)
[2025-11-20 11:03:47]   [emp_id: 5029] ✓ Updated: 20.25 → 21.35 (CHANGED)
[2025-11-20 11:03:47]   [emp_id: 5030] ✓ Updated: 35.25 → 36.35 (CHANGED)
[2025-11-20 11:03:47]   [emp_id: 5033] ✓ Updated: 19.02 → 20.12 (CHANGED)
[2025-11-20 11:03:47]   [emp_id: 5043] ✓ Updated: 25.17 → 26.75 (CHANGED)
[2025-11-20 11:03:47]   [emp_id: 5045] ✓ Updated: 21.67 → 23.25 (CHANGED)
[2025-11-20 11:03:47]   [emp_id: 5046] ✓ Updated: 16.86 → 18.44 (CHANGED)
[2025-11-20 11:03:47]   [emp_id: 5049] ✓ Updated: 35.7 → 36.8 (CHANGED)
[2025-11-20 11:03:47]   [emp_id: 5052] ✓ Updated: 26.98 → 28.08 (CHANGED)
[2025-11-20 11:03:47]   [emp_id: 5055] ✓ Updated: 34.17 → 35.27 (CHANGED)
[2025-11-20 11:03:47]   [emp_id: 5058] ✓ Updated: 24.4 → 25.5 (CHANGED)
[2025-11-20 11:03:47]   [emp_id: 5062] ✓ Updated: 36.23 → 37.33 (CHANGED)
[2025-11-20 11:03:47]   [emp_id: 5064] ✓ Updated: 112.5 → 114.08 (CHANGED)
[2025-11-20 11:03:47]   [emp_id: 5065] ✓ Updated: 35.64 → 36.74 (CHANGED)
[2025-11-20 11:03:47]   [emp_id: 5071] ✓ Updated: 18 → 19.58 (CHANGED)
[2025-11-20 11:03:47]   [emp_id: 5072] ✓ Updated: 55.13 → 55.92 (CHANGED)
[2025-11-20 11:03:47]   [emp_id: 5073] ✓ Updated: 10.24 → 11.34 (CHANGED)
[2025-11-20 11:03:47]   [emp_id: 5079] ✓ Updated: 30.8 → 31.9 (CHANGED)
[2025-11-20 11:03:47]   [emp_id: 5080] ✓ Updated: 28.13 → 29.23 (CHANGED)
[2025-11-20 11:03:47]   [emp_id: 5081] ✓ Updated: 33.13 → 34.23 (CHANGED)
[2025-11-20 11:03:47]   [emp_id: 5087] ✓ Updated: 32.43 → 33.53 (CHANGED)
[2025-11-20 11:03:47]   [emp_id: 5091] ✓ Updated: 72.28 → 73.38 (CHANGED)
[2025-11-20 11:03:47]   [emp_id: 5093] ✓ Updated: 9.17 → 10.75 (CHANGED)
[2025-11-20 11:03:47]   [emp_id: 5095] ✓ Updated: 29.75 → 30.85 (CHANGED)
[2025-11-20 11:03:47]   [emp_id: 5101] ✓ Updated: 11.25 → 12.83 (CHANGED)
[2025-11-20 11:03:47]   [emp_id: 5107] ✓ Updated: 9.58 → 11.16 (CHANGED)
[2025-11-20 11:03:47]   [emp_id: 5109] ✓ Updated: 6.83 → 8.41 (CHANGED)
[2025-11-20 11:03:47]   [emp_id: 5115] ✓ Updated: 39.25 → 40.83 (CHANGED)
[2025-11-20 11:03:47]   [emp_id: 5116] ✓ Updated: 23.92 → 25.5 (CHANGED)
[2025-11-20 11:03:47]   [emp_id: 5119] ✓ Updated: 5 → 6.58 (CHANGED)
[2025-11-20 11:03:47]   [emp_id: 5122] ✓ Updated: 2.17 → 3.75 (CHANGED)
[2025-11-20 11:03:47]   [emp_id: 5126] ✓ Updated: 23.16 → 24.26 (CHANGED)
[2025-11-20 11:03:47]   [emp_id: 5127] ✓ Updated: 19.95 → 21.05 (CHANGED)
[2025-11-20 11:03:47]   [emp_id: 5128] ✓ Updated: 23.1 → 24.2 (CHANGED)
[2025-11-20 11:03:47]   [emp_id: 5138] ✓ Updated: 10.83 → 62.41 (CHANGED)
[2025-11-20 11:03:47]   [emp_id: 5138] ✓ Updated: 60.83 → 62.41 (CHANGED)
[2025-11-20 11:03:47]   [emp_id: 5141] ✓ Updated: 31.47 → 32.57 (CHANGED)
[2025-11-20 11:03:47]   [emp_id: 5142] ✓ Updated: 10.47 → 11.57 (CHANGED)
[2025-11-20 11:03:47]   [emp_id: 5146] ✓ Updated: 17.47 → 18.57 (CHANGED)
[2025-11-20 11:03:47]   [emp_id: 5147] ✓ Updated: 16.47 → 17.57 (CHANGED)
[2025-11-20 11:03:47]   [emp_id: 5148] ✓ Updated: 21.82 → 22.92 (CHANGED)
[2025-11-20 11:03:47]   [emp_id: 5149] ✓ Updated: 20.71 → 21.81 (CHANGED)
[2025-11-20 11:03:47]   [emp_id: 5150] ✓ Updated: 20.07 → 21.17 (CHANGED)
[2025-11-20 11:03:47]   [emp_id: 5151] ✓ Updated: 19.89 → 20.99 (CHANGED)
[2025-11-20 11:03:47]   [emp_id: 5152] ✓ Updated: 0.31 → 1.41 (CHANGED)
[2025-11-20 11:03:47]   [emp_id: 5157] ✓ Updated: 19.89 → 20.99 (CHANGED)
[2025-11-20 11:03:48]   [emp_id: 5160] ✓ Updated: 19.89 → 20.99 (CHANGED)
[2025-11-20 11:03:48]   [emp_id: 5161] ✓ Updated: 19.89 → 20.99 (CHANGED)
[2025-11-20 11:03:48]   [emp_id: 5163] ✓ Updated: 17.68 → 18.78 (CHANGED)
[2025-11-20 11:03:48]   [emp_id: 5165] ✓ Updated: 25.17 → 26.75 (CHANGED)
[2025-11-20 11:03:48]   [emp_id: 5167] ✓ Updated: 26.83 → 27.93 (CHANGED)
[2025-11-20 11:03:48]   [emp_id: 5168] ✓ Updated: 19.37 → 20.47 (CHANGED)
[2025-11-20 11:03:48]   [emp_id: 5173] ✓ Updated: 19.92 → 21.5 (CHANGED)
[2025-11-20 11:03:48]   [emp_id: 5174] ✓ Updated: 19.83 → 20.93 (CHANGED)
[2025-11-20 11:03:48]   [emp_id: 5181] ✓ Updated: 16.22 → 17.32 (CHANGED)
[2025-11-20 11:03:48]   [emp_id: 5186] ✓ Updated: 21.75 → 22.85 (CHANGED)
[2025-11-20 11:03:48]   [emp_id: 5187] ✓ Updated: 32.75 → 33.85 (CHANGED)
[2025-11-20 11:03:48]   [emp_id: 5204] ✓ Updated: 17.42 → 19 (CHANGED)
[2025-11-20 11:03:48]   [emp_id: 5205] ✓ Updated: 8.96 → 10.06 (CHANGED)
[2025-11-20 11:03:48]   [emp_id: 5209] ✓ Updated: 11.96 → 13.06 (CHANGED)
[2025-11-20 11:03:48]   [emp_id: 5211] ✓ Updated: 3.96 → 5.06 (CHANGED)
[2025-11-20 11:03:48]   [emp_id: 5213] ✓ Updated: 3.96 → 5.06 (CHANGED)
[2025-11-20 11:03:48]   [emp_id: 5214] ✓ Updated: 11.96 → 13.06 (CHANGED)
[2025-11-20 11:03:48]   [emp_id: 5215] ✓ Updated: 6.96 → 8.06 (CHANGED)
[2025-11-20 11:03:48]   [emp_id: 5217] ✓ Updated: 5.96 → 7.06 (CHANGED)
[2025-11-20 11:03:48]   [emp_id: 5218] ✓ Updated: 11.96 → 13.06 (CHANGED)
[2025-11-20 11:03:48]   [emp_id: 5219] ✓ Updated: 9.96 → 11.06 (CHANGED)
[2025-11-20 11:03:48]   [emp_id: 5221] ✓ Updated: 5.96 → 7.06 (CHANGED)
[2025-11-20 11:03:48]   [emp_id: 5224] ✓ Updated: 10.96 → 12.06 (CHANGED)
[2025-11-20 11:03:48]   [emp_id: 5225] ✓ Updated: 10.96 → 12.06 (CHANGED)
[2025-11-20 11:03:48]   [emp_id: 5228] ✓ Updated: 5.96 → 7.06 (CHANGED)
[2025-11-20 11:03:48]   [emp_id: 5229] ✓ Updated: 1.96 → 3.06 (CHANGED)
[2025-11-20 11:03:48]   [emp_id: 5230] ✓ Updated: 11.96 → 13.06 (CHANGED)
[2025-11-20 11:03:48]   [emp_id: 5231] ✓ Updated: 2.96 → 4.06 (CHANGED)
[2025-11-20 11:03:48]   [emp_id: 5232] ✓ Updated: 7.96 → 9.06 (CHANGED)
[2025-11-20 11:03:48]   [emp_id: 5233] ✓ Updated: 0.96 → 2.06 (CHANGED)
[2025-11-20 11:03:48]   [emp_id: 5234] ✓ Updated: 0.96 → 2.06 (CHANGED)
[2025-11-20 11:03:48]   [emp_id: 5235] ✓ Updated: 11.96 → 13.06 (CHANGED)
[2025-11-20 11:03:48]   [emp_id: 5237] ✓ Updated: 11.96 → 13.06 (CHANGED)
[2025-11-20 11:03:48]   [emp_id: 5238] ✓ Updated: 11.96 → 13.06 (CHANGED)
[2025-11-20 11:03:48]   [emp_id: 5239] ✓ Updated: 3.96 → 5.06 (CHANGED)
[2025-11-20 11:03:48]   [emp_id: 5241] ✓ Updated: 1.96 → 3.06 (CHANGED)
[2025-11-20 11:03:48]   [emp_id: 5242] ✓ Updated: 11.96 → 13.06 (CHANGED)
[2025-11-20 11:03:48]   [emp_id: 5243] ✓ Updated: 3.96 → 5.06 (CHANGED)
[2025-11-20 11:03:48]   [emp_id: 5244] ✓ Updated: 7.96 → 9.06 (CHANGED)
[2025-11-20 11:03:48]   [emp_id: 5246] ✓ Updated: 7.96 → 9.06 (CHANGED)
[2025-11-20 11:03:48]   [emp_id: 5253] ✓ Updated: 26.58 → 27.68 (CHANGED)
[2025-11-20 11:03:48]   [emp_id: 5254] ✓ Updated: 8.81 → 9.91 (CHANGED)
[2025-11-20 11:03:48]   [emp_id: 5257] ✓ Updated: 8.52 → 9.62 (CHANGED)
[2025-11-20 11:03:48]   [emp_id: 5259] ✓ Updated: 45.05 → 46.15 (CHANGED)
[2025-11-20 11:03:48]   [emp_id: 5261] ✓ Updated: 44.92 → 46.5 (CHANGED)
[2025-11-20 11:03:48]   [emp_id: 5264] ✓ Updated: 22.53 → 23.63 (CHANGED)
[2025-11-20 11:03:48]   [emp_id: 5266] ✓ Updated: 22.48 → 23.58 (CHANGED)
[2025-11-20 11:03:48]   [emp_id: 5268] ✓ Updated: 5.72 → 6.82 (CHANGED)
[2025-11-20 11:03:48]   [emp_id: 5271] ✓ Updated: 4.38 → 5.48 (CHANGED)
[2025-11-20 11:03:48]   [emp_id: 5272] ✓ Updated: 5.25 → 6.35 (CHANGED)
[2025-11-20 11:03:48]   [emp_id: 5273] ✓ Updated: 27.07 → 28.17 (CHANGED)
[2025-11-20 11:03:48]   [emp_id: 5275] ✓ Updated: 6.07 → 7.17 (CHANGED)
[2025-11-20 11:03:48]   [emp_id: 5276] ✓ Updated: 27.07 → 28.17 (CHANGED)
[2025-11-20 11:03:48]   [emp_id: 5278] ✓ Updated: 4.73 → 5.83 (CHANGED)
[2025-11-20 11:03:48]   [emp_id: 5280] ✓ Updated: 15.13 → 16.23 (CHANGED)
[2025-11-20 11:03:48]   [emp_id: 5282] ✓ Updated: 6.5 → 8.08 (CHANGED)
[2025-11-20 11:03:48]   [emp_id: 5285] ✓ Updated: 25.13 → 26.23 (CHANGED)
[2025-11-20 11:03:48]   [emp_id: 5286] ✓ Updated: 12.13 → 13.23 (CHANGED)
[2025-11-20 11:03:48]   [emp_id: 5287] ✓ Updated: 46.43 → 47.53 (CHANGED)
[2025-11-20 11:03:48]   [emp_id: 5288] ✓ Updated: 35.44 → 36.54 (CHANGED)
[2025-11-20 11:03:48]   [emp_id: 5289] ✓ Updated: 44.98 → 46.08 (CHANGED)
[2025-11-20 11:03:48]   [emp_id: 5290] ✓ Updated: 43.75 → 44.85 (CHANGED)
[2025-11-20 11:03:48]   [emp_id: 5291] ✓ Updated: 1.75 → 2.85 (CHANGED)
[2025-11-20 11:03:48]   [emp_id: 5292] ✓ Updated: 1.69 → 2.79 (CHANGED)
[2025-11-20 11:03:48]   [emp_id: 5293] ✓ Updated: 32.67 → 34.25 (CHANGED)
[2025-11-20 11:03:48]   [emp_id: 5294] ✓ Updated: 2.42 → 4 (CHANGED)
[2025-11-20 11:03:48]   [emp_id: 5295] ✓ Updated: 17.93 → 19.03 (CHANGED)
[2025-11-20 11:03:48]   [emp_id: 5296] ✓ Updated: 35.33 → 36.91 (CHANGED)
[2025-11-20 11:03:48]   [emp_id: 5297] ✓ Updated: 42.35 → 43.45 (CHANGED)
[2025-11-20 11:03:48]   [emp_id: 5298] ✓ Updated: 42.35 → 43.45 (CHANGED)
[2025-11-20 11:03:48]   [emp_id: 5299] ✓ Updated: 42.35 → 43.45 (CHANGED)
[2025-11-20 11:03:48]   [emp_id: 5300] ✓ Updated: 42.35 → 43.45 (CHANGED)
[2025-11-20 11:03:48]   [emp_id: 5301] ✓ Updated: 42.35 → 43.45 (CHANGED)
[2025-11-20 11:03:48]   [emp_id: 5303] ✓ Updated: 42.35 → 43.45 (CHANGED)
[2025-11-20 11:03:48]   [emp_id: 5304] ✓ Updated: 42.35 → 43.45 (CHANGED)
[2025-11-20 11:03:48]   [emp_id: 5305] ✓ Updated: 0.35 → 1.45 (CHANGED)
[2025-11-20 11:03:48]   [emp_id: 5306] ✓ Updated: 42.06 → 43.16 (CHANGED)
[2025-11-20 11:03:48]   [emp_id: 5307] ✓ Updated: 42.06 → 43.16 (CHANGED)
[2025-11-20 11:03:48]   [emp_id: 5308] ✓ Updated: 42.06 → 43.16 (CHANGED)
[2025-11-20 11:03:48]   [emp_id: 5309] ✓ Updated: 42.06 → 43.16 (CHANGED)
[2025-11-20 11:03:48]   [emp_id: 5312] ✓ Updated: 39.73 → 40.83 (CHANGED)
[2025-11-20 11:03:48]   [emp_id: 5318] ✓ Updated: 22.77 → 23.87 (CHANGED)
[2025-11-20 11:03:48]   [emp_id: 5325] ✓ Updated: 18.73 → 19.83 (CHANGED)
[2025-11-20 11:03:48]   [emp_id: 5326] ✓ Updated: 39.55 → 40.65 (CHANGED)
[2025-11-20 11:03:48]   [emp_id: 5327] ✓ Updated: 38.73 → 39.83 (CHANGED)
[2025-11-20 11:03:48]   [emp_id: 5328] ✓ Updated: 38.73 → 39.83 (CHANGED)
[2025-11-20 11:03:48]   [emp_id: 5329] ✓ Updated: 38.73 → 39.83 (CHANGED)
[2025-11-20 11:03:48]   [emp_id: 5331] ✓ Updated: 18.14 → 19.24 (CHANGED)
[2025-11-20 11:03:48]   [emp_id: 5337] ✓ Updated: 30.33 → 31.91 (CHANGED)
[2025-11-20 11:03:48]   [emp_id: 5339] ✓ Updated: 6.92 → 8.02 (CHANGED)
[2025-11-20 11:03:48]   [emp_id: 5343] ✓ Updated: 52.25 → 41.83 (CHANGED)
[2025-11-20 11:03:48]   [emp_id: 5343] ✓ Updated: 40.25 → 41.83 (CHANGED)
[2025-11-20 11:03:48]   [emp_id: 5345] ✓ Updated: 10.08 → 11.66 (CHANGED)
[2025-11-20 11:03:48]   [emp_id: 5346] ✓ Updated: 35.64 → 36.74 (CHANGED)
[2025-11-20 11:03:48]   [emp_id: 5351] ✓ Updated: 14.58 → 15.68 (CHANGED)
[2025-11-20 11:03:48]   [emp_id: 5352] ✓ Updated: 20.5 → 22.08 (CHANGED)
[2025-11-20 11:03:48]   [emp_id: 5370] ✓ Updated: 12.23 → 13.33 (CHANGED)
[2025-11-20 11:03:48]   [emp_id: 5371] ✓ Updated: 4.08 → 5.66 (CHANGED)
[2025-11-20 11:03:48]   [emp_id: 5376] ✓ Updated: 6.83 → 7.93 (CHANGED)
[2025-11-20 11:03:48]   [emp_id: 5378] ✓ Updated: 18.25 → 19.83 (CHANGED)
[2025-11-20 11:03:48]   [emp_id: 5380] ✓ Updated: 13.24 → 14.34 (CHANGED)
[2025-11-20 11:03:48]   [emp_id: 5381] ✓ Updated: 12.67 → 14.25 (CHANGED)
[2025-11-20 11:03:48]   [emp_id: 5383] ✓ Updated: 11.08 → 12.66 (CHANGED)
[2025-11-20 11:03:48]   [emp_id: 5388] ✓ Updated: 24.02 → 25.12 (CHANGED)
[2025-11-20 11:03:48]   [emp_id: 5392] ✓ Updated: 9 → 10.58 (CHANGED)
[2025-11-20 11:03:48]   [emp_id: 5396] ✓ Updated: 25.26 → 26.36 (CHANGED)
[2025-11-20 11:03:48]   [emp_id: 5397] ✓ Updated: 21.47 → 22.57 (CHANGED)
[2025-11-20 11:03:48]   [emp_id: 5401] ✓ Updated: 19.83 → 20.93 (CHANGED)
[2025-11-20 11:03:48]   [emp_id: 5402] ✓ Updated: 19.95 → 21.05 (CHANGED)
[2025-11-20 11:03:48]   [emp_id: 5406] ✓ Updated: 18.67 → 19.77 (CHANGED)
[2025-11-20 11:03:48]   [emp_id: 5407] ✓ Updated: 19.75 → 21.33 (CHANGED)
[2025-11-20 11:03:48]   [emp_id: 5408] ✓ Updated: 17.5 → 19.08 (CHANGED)
[2025-11-20 11:03:48]   [emp_id: 5409] ✓ Updated: 16.74 → 17.84 (CHANGED)
[2025-11-20 11:03:48]   [emp_id: 5413] ✓ Updated: 23.25 → 24.83 (CHANGED)
[2025-11-20 11:03:48]   [emp_id: 5414] ✓ Updated: 22.92 → 24.5 (CHANGED)
[2025-11-20 11:03:48]   [emp_id: 5415] ✓ Updated: 13.75 → 15.33 (CHANGED)
[2025-11-20 11:03:48]   [emp_id: 5418] ✓ Updated: 14.82 → 15.92 (CHANGED)
[2025-11-20 11:03:48]   [emp_id: 5422] ✓ Updated: 15.58 → 17.16 (CHANGED)
[2025-11-20 11:03:48]   [emp_id: 5423] ✓ Updated: 11 → 13.75 (CHANGED)
[2025-11-20 11:03:48]   [emp_id: 5423] ✓ Updated: 12.17 → 13.75 (CHANGED)
[2025-11-20 11:03:48]   [emp_id: 5423] ✓ Updated: 12.17 → 13.75 (CHANGED)
[2025-11-20 11:03:48]   [emp_id: 5424] ✓ Updated: 10.62 → 11.72 (CHANGED)
[2025-11-20 11:03:48]   [emp_id: 5425] ✓ Updated: 10.62 → 11.72 (CHANGED)
[2025-11-20 11:03:48]   [emp_id: 5426] ✓ Updated: 5.33 → 6.91 (CHANGED)
[2025-11-20 11:03:48]   [emp_id: 5426] ✓ Updated: 6 → 8.49 (CHANGED)
[2025-11-20 11:03:48]   [emp_id: 5427] ✓ Updated: 10.73 → 11.83 (CHANGED)
[2025-11-20 11:03:48]   [emp_id: 5428] ✓ Updated: 10.62 → 11.72 (CHANGED)
[2025-11-20 11:03:48]   [emp_id: 5430] ✓ Updated: 12.58 → 14.16 (CHANGED)
[2025-11-20 11:03:48]   [emp_id: 5431] ✓ Updated: 9.74 → 10.84 (CHANGED)
[2025-11-20 11:03:48]   [emp_id: 5434] ✓ Updated: 9.51 → 10.61 (CHANGED)
[2025-11-20 11:03:48]   [emp_id: 5435] ✓ Updated: 9.45 → 10.55 (CHANGED)
[2025-11-20 11:03:48]   [emp_id: 5436] ✓ Updated: 9.45 → 10.55 (CHANGED)
[2025-11-20 11:03:48]   [emp_id: 5438] ✓ Updated: 10.5 → 12.08 (CHANGED)
[2025-11-20 11:03:48]   [emp_id: 5439] ✓ Updated: 20 → 21.58 (CHANGED)
[2025-11-20 11:03:48]   [emp_id: 5442] ✓ Updated: 9 → 10.58 (CHANGED)
[2025-11-20 11:03:48]   [emp_id: 5443] ✓ Updated: 5.13 → 6.23 (CHANGED)
[2025-11-20 11:03:48]   [emp_id: 5445] ✓ Updated: 3.91 → 5.01 (CHANGED)
[2025-11-20 11:03:48]   [emp_id: 5446] ✓ Updated: 3.91 → 5.01 (CHANGED)
[2025-11-20 11:03:48]   [emp_id: 5447] ✓ Updated: 3.85 → 4.95 (CHANGED)
[2025-11-20 11:03:48]   [emp_id: 5448] ✓ Updated: 3.92 → 5.5 (CHANGED)
[2025-11-20 11:03:48]   [emp_id: 5449] ✓ Updated: 1.93 → 3.03 (CHANGED)
[2025-11-20 11:03:48]   [emp_id: 5450] ✓ Updated: 1.87 → 2.97 (CHANGED)
[2025-11-20 11:03:48]   [emp_id: 5451] ✓ Updated: 1.87 → 2.97 (CHANGED)
[2025-11-20 11:03:48]   [emp_id: 5454] ✓ Updated: 2.08 → 3.66 (CHANGED)
[2025-11-20 11:03:48]   [emp_id: 5455] ✓ Updated: 0.33 → 1.91 (CHANGED)
[2025-11-20 11:03:48]   [emp_id: 5456] ✓ Updated: 1.33 → 2.91 (CHANGED)
[2025-11-20 11:03:48] 
[2025-11-20 11:03:48] ========== SUMMARY ==========
[2025-11-20 11:03:48] Total employees processed: 451
[2025-11-20 11:03:48] Records updated: 451
[2025-11-20 11:03:48] Balances changed: 451
[2025-11-20 11:03:48] Errors: 0
[2025-11-20 11:03:48] ========== CRON: Vacation Balance Update Completed ==========
[2025-11-20 11:03:48] 
