[2025-12-27 00:30:01] ========== CRON: Vacation Balance Update Started ==========
[2025-12-27 00:30:01] Database connection established
[2025-12-27 00:30:01] Found 430 active employees with balance records to update
[2025-12-27 00:30:01] (Only employees with status=1 will be processed)
[2025-12-27 00:30:01]   [emp_id: 1061] ✓ Updated: 32.72 → 32.8 (CHANGED)
[2025-12-27 00:30:01]   [emp_id: 1496] ✓ Updated: 15.89 → 15.97 (CHANGED)
[2025-12-27 00:30:01]   [emp_id: 1500] ✓ Updated: 3.57 → 3.65 (CHANGED)
[2025-12-27 00:30:01]   [emp_id: 1574] ✓ Updated: 32.8 → 32.88 (CHANGED)
[2025-12-27 00:30:01]   [emp_id: 1673] ✓ Updated: 44.3 → 44.38 (CHANGED)
[2025-12-27 00:30:01]   [emp_id: 1685] ✓ Updated: 14.22 → 14.3 (CHANGED)
[2025-12-27 00:30:01]   [emp_id: 1764] ✓ Updated: 68.89 → 68.97 (CHANGED)
[2025-12-27 00:30:01]   [emp_id: 1805] ✓ Updated: 63.22 → 63.3 (CHANGED)
[2025-12-27 00:30:01]   [emp_id: 1822] ✓ Updated: 67.97 → 68.05 (CHANGED)
[2025-12-27 00:30:01]   [emp_id: 1837] ✓ Updated: 24.14 → 24.22 (CHANGED)
[2025-12-27 00:30:01]   [emp_id: 1857] ✓ Updated: 19.47 → 19.55 (CHANGED)
[2025-12-27 00:30:01]   [emp_id: 1861] ✓ Updated: 70.3 → 70.38 (CHANGED)
[2025-12-27 00:30:01]   [emp_id: 1872] ✓ Updated: 9.14 → 9.22 (CHANGED)
[2025-12-27 00:30:01]   [emp_id: 1897] ✓ Updated: 4.47 → 4.55 (CHANGED)
[2025-12-27 00:30:01]   [emp_id: 1916] ✓ Updated: 10.77 → 10.85 (CHANGED)
[2025-12-27 00:30:01]   [emp_id: 1928] ✓ Updated: 63.72 → 63.8 (CHANGED)
[2025-12-27 00:30:01]   [emp_id: 1931] ✓ Updated: 83.64 → 83.72 (CHANGED)
[2025-12-27 00:30:01]   [emp_id: 1944] ✓ Updated: 41.8 → 41.88 (CHANGED)
[2025-12-27 00:30:01]   [emp_id: 1996] ✓ Updated: 70.3 → 70.38 (CHANGED)
[2025-12-27 00:30:01]   [emp_id: 1997] ✓ Updated: 35.47 → 35.55 (CHANGED)
[2025-12-27 00:30:01]   [emp_id: 1998] ✓ Updated: 26.91 → 26.99 (CHANGED)
[2025-12-27 00:30:01]   [emp_id: 1999] ✓ Updated: 27.91 → 27.99 (CHANGED)
[2025-12-27 00:30:01]   [emp_id: 2009] ✓ Updated: 34.22 → 34.3 (CHANGED)
[2025-12-27 00:30:01]   [emp_id: 2048] ✓ Updated: 24.05 → 24.13 (CHANGED)
[2025-12-27 00:30:01]   [emp_id: 2057] ✓ Updated: 64.89 → 64.97 (CHANGED)
[2025-12-27 00:30:01]   [emp_id: 2079] ✓ Updated: 47.22 → 47.3 (CHANGED)
[2025-12-27 00:30:01]   [emp_id: 2181] ✓ Updated: 36.22 → 36.3 (CHANGED)
[2025-12-27 00:30:01]   [emp_id: 2190] ✓ Updated: 5.55 → 5.63 (CHANGED)
[2025-12-27 00:30:01]   [emp_id: 2212] ✓ Updated: 23.55 → 23.63 (CHANGED)
[2025-12-27 00:30:01]   [emp_id: 2226] ✓ Updated: 68.3 → 68.38 (CHANGED)
[2025-12-27 00:30:01]   [emp_id: 2238] ✓ Updated: 66.55 → 66.63 (CHANGED)
[2025-12-27 00:30:01]   [emp_id: 2285] ✓ Updated: 35.22 → 35.3 (CHANGED)
[2025-12-27 00:30:01]   [emp_id: 2287] ✓ Updated: 46.89 → 46.97 (CHANGED)
[2025-12-27 00:30:01]   [emp_id: 2288] ✓ Updated: 1.91 → 1.99 (CHANGED)
[2025-12-27 00:30:02]   [emp_id: 2316] ✓ Updated: 15.72 → 15.8 (CHANGED)
[2025-12-27 00:30:02]   [emp_id: 2337] ✓ Updated: 36.8 → 36.88 (CHANGED)
[2025-12-27 00:30:02]   [emp_id: 2352] ✓ Updated: 68.3 → 68.38 (CHANGED)
[2025-12-27 00:30:02]   [emp_id: 2358] ✓ Updated: 4.8 → 4.88 (CHANGED)
[2025-12-27 00:30:02]   [emp_id: 2361] ✓ Updated: 70.47 → 70.55 (CHANGED)
[2025-12-27 00:30:02]   [emp_id: 2363] ✓ Updated: 73.05 → 73.13 (CHANGED)
[2025-12-27 00:30:02]   [emp_id: 2364] ✓ Updated: 72.47 → 72.55 (CHANGED)
[2025-12-27 00:30:02]   [emp_id: 2367] ✓ Updated: 100.14 → 100.22 (CHANGED)
[2025-12-27 00:30:02]   [emp_id: 2368] ✓ Updated: 30.55 → 30.63 (CHANGED)
[2025-12-27 00:30:02]   [emp_id: 2372] ✓ Updated: 67.8 → 67.88 (CHANGED)
[2025-12-27 00:30:02]   [emp_id: 2376] ✓ Updated: 117.8 → 117.88 (CHANGED)
[2025-12-27 00:30:02]   [emp_id: 2423] ✓ Updated: 18.55 → 18.63 (CHANGED)
[2025-12-27 00:30:02]   [emp_id: 2519] ✓ Updated: 172.22 → 172.3 (CHANGED)
[2025-12-27 00:30:02]   [emp_id: 2522] ✓ Updated: 55.8 → 55.88 (CHANGED)
[2025-12-27 00:30:02]   [emp_id: 2530] ✓ Updated: 51.05 → 51.13 (CHANGED)
[2025-12-27 00:30:02]   [emp_id: 2539] ✓ Updated: 47.8 → 47.88 (CHANGED)
[2025-12-27 00:30:02]   [emp_id: 2541] ✓ Updated: 28.39 → 28.47 (CHANGED)
[2025-12-27 00:30:02]   [emp_id: 2550] ✓ Updated: 94.55 → 94.63 (CHANGED)
[2025-12-27 00:30:02]   [emp_id: 2553] ✓ Updated: 31.66 → 31.74 (CHANGED)
[2025-12-27 00:30:02]   [emp_id: 2554] ✓ Updated: 38.14 → 38.22 (CHANGED)
[2025-12-27 00:30:02]   [emp_id: 2565] ✓ Updated: 92.72 → 92.8 (CHANGED)
[2025-12-27 00:30:02]   [emp_id: 2572] ✓ Updated: 42.72 → 42.8 (CHANGED)
[2025-12-27 00:30:02]   [emp_id: 2637] ✓ Updated: 63.3 → 63.38 (CHANGED)
[2025-12-27 00:30:02]   [emp_id: 2642] ✓ Updated: 76.05 → 76.13 (CHANGED)
[2025-12-27 00:30:02]   [emp_id: 2645] ✓ Updated: 92.05 → 92.13 (CHANGED)
[2025-12-27 00:30:02]   [emp_id: 2648] ✓ Updated: 43.72 → 43.8 (CHANGED)
[2025-12-27 00:30:02]   [emp_id: 2654] ✓ Updated: 86.39 → 86.47 (CHANGED)
[2025-12-27 00:30:02]   [emp_id: 2688] ✓ Updated: 24.47 → 24.55 (CHANGED)
[2025-12-27 00:30:02]   [emp_id: 2690] ✓ Updated: 13.22 → 13.3 (CHANGED)
[2025-12-27 00:30:02]   [emp_id: 2709] ✓ Updated: 35.47 → 35.55 (CHANGED)
[2025-12-27 00:30:02]   [emp_id: 2745] ✓ Updated: 32.05 → 32.13 (CHANGED)
[2025-12-27 00:30:02]   [emp_id: 2843] ✓ Updated: 78.64 → 78.72 (CHANGED)
[2025-12-27 00:30:02]   [emp_id: 2854] ✓ Updated: 58.55 → 58.63 (CHANGED)
[2025-12-27 00:30:02]   [emp_id: 2869] ✓ Updated: 63.47 → 63.55 (CHANGED)
[2025-12-27 00:30:02]   [emp_id: 2876] ✓ Updated: 33.3 → 33.38 (CHANGED)
[2025-12-27 00:30:02]   [emp_id: 2924] ✓ Updated: 14.47 → 14.55 (CHANGED)
[2025-12-27 00:30:02]   [emp_id: 2953] ✓ Updated: 100.22 → 100.3 (CHANGED)
[2025-12-27 00:30:02]   [emp_id: 2961] ✓ Updated: 10.22 → 10.3 (CHANGED)
[2025-12-27 00:30:02]   [emp_id: 2975] ✓ Updated: 3.32 → 3.4 (CHANGED)
[2025-12-27 00:30:02]   [emp_id: 3013] ✓ Updated: 9.22 → 9.3 (CHANGED)
[2025-12-27 00:30:02]   [emp_id: 3014] ✓ Updated: 88.47 → 88.55 (CHANGED)
[2025-12-27 00:30:02]   [emp_id: 3015] ✓ Updated: 39.72 → 39.8 (CHANGED)
[2025-12-27 00:30:02]   [emp_id: 3018] ✓ Updated: 58.47 → 58.55 (CHANGED)
[2025-12-27 00:30:02]   [emp_id: 3025] ✓ Updated: 22.24 → 22.32 (CHANGED)
[2025-12-27 00:30:02]   [emp_id: 3037] ✓ Updated: 81.97 → 82.05 (CHANGED)
[2025-12-27 00:30:02]   [emp_id: 3047] ✓ Updated: 70.22 → 70.3 (CHANGED)
[2025-12-27 00:30:02]   [emp_id: 3061] ✓ Updated: 17.14 → 17.22 (CHANGED)
[2025-12-27 00:30:02]   [emp_id: 3062] ✓ Updated: 50.3 → 50.38 (CHANGED)
[2025-12-27 00:30:02]   [emp_id: 3074] ✓ Updated: 106.72 → 106.8 (CHANGED)
[2025-12-27 00:30:02]   [emp_id: 3089] ✓ Updated: 5.64 → 5.72 (CHANGED)
[2025-12-27 00:30:02]   [emp_id: 3090] ✓ Updated: 32.22 → 32.3 (CHANGED)
[2025-12-27 00:30:02]   [emp_id: 3091] ✓ Updated: 44.22 → 44.3 (CHANGED)
[2025-12-27 00:30:02]   [emp_id: 3092] ✓ Updated: 26.89 → 26.97 (CHANGED)
[2025-12-27 00:30:02]   [emp_id: 3105] ✓ Updated: 47.22 → 47.3 (CHANGED)
[2025-12-27 00:30:02]   [emp_id: 3134] ✓ Updated: 42.97 → 43.05 (CHANGED)
[2025-12-27 00:30:02]   [emp_id: 3140] ✓ Updated: 40.05 → 40.13 (CHANGED)
[2025-12-27 00:30:02]   [emp_id: 3144] ✓ Updated: 12.89 → 12.97 (CHANGED)
[2025-12-27 00:30:02]   [emp_id: 3156] ✓ Updated: 16.22 → 16.3 (CHANGED)
[2025-12-27 00:30:02]   [emp_id: 3162] ✓ Updated: 1.2 → 1.28 (CHANGED)
[2025-12-27 00:30:02]   [emp_id: 3163] ✓ Updated: 4.47 → 4.55 (CHANGED)
[2025-12-27 00:30:02]   [emp_id: 3198] ✓ Updated: 39.47 → 39.55 (CHANGED)
[2025-12-27 00:30:02]   [emp_id: 3205] ✓ Updated: 16.14 → 16.22 (CHANGED)
[2025-12-27 00:30:02]   [emp_id: 3209] ✓ Updated: 40.3 → 40.38 (CHANGED)
[2025-12-27 00:30:02]   [emp_id: 3223] ✓ Updated: 89.22 → 89.3 (CHANGED)
[2025-12-27 00:30:02]   [emp_id: 3224] ✓ Updated: 63.97 → 64.05 (CHANGED)
[2025-12-27 00:30:02]   [emp_id: 3230] ✓ Updated: 87.39 → 87.47 (CHANGED)
[2025-12-27 00:30:02]   [emp_id: 3231] ✓ Updated: 21.64 → 21.72 (CHANGED)
[2025-12-27 00:30:02]   [emp_id: 3233] ✓ Updated: 80.22 → 80.3 (CHANGED)
[2025-12-27 00:30:02]   [emp_id: 3249] ✓ Updated: 36.05 → 36.13 (CHANGED)
[2025-12-27 00:30:02]   [emp_id: 3250] ✓ Updated: 9.05 → 9.13 (CHANGED)
[2025-12-27 00:30:02]   [emp_id: 3252] ✓ Updated: 9.97 → 10.05 (CHANGED)
[2025-12-27 00:30:02]   [emp_id: 3254] ✓ Updated: 20.47 → 20.55 (CHANGED)
[2025-12-27 00:30:02]   [emp_id: 3255] ✓ Updated: 16.89 → 16.97 (CHANGED)
[2025-12-27 00:30:02]   [emp_id: 3256] ✓ Updated: 13.14 → 13.22 (CHANGED)
[2025-12-27 00:30:02]   [emp_id: 3263] ✓ Updated: 29.22 → 29.3 (CHANGED)
[2025-12-27 00:30:02]   [emp_id: 3265] ✓ Updated: 24.8 → 24.88 (CHANGED)
[2025-12-27 00:30:02]   [emp_id: 3280] ✓ Updated: 71.72 → 71.8 (CHANGED)
[2025-12-27 00:30:02]   [emp_id: 3286] ✓ Updated: 14.89 → 14.97 (CHANGED)
[2025-12-27 00:30:02]   [emp_id: 3294] ✓ Updated: 14.55 → 14.63 (CHANGED)
[2025-12-27 00:30:02]   [emp_id: 3321] ✓ Updated: 71.72 → 71.8 (CHANGED)
[2025-12-27 00:30:02]   [emp_id: 3325] ✓ Updated: 59.47 → 59.55 (CHANGED)
[2025-12-27 00:30:02]   [emp_id: 3329] ✓ Updated: 61.8 → 61.88 (CHANGED)
[2025-12-27 00:30:02]   [emp_id: 3330] ✓ Updated: 61.8 → 61.88 (CHANGED)
[2025-12-27 00:30:02]   [emp_id: 3332] ✓ Updated: 61.8 → 61.88 (CHANGED)
[2025-12-27 00:30:02]   [emp_id: 3370] ✓ Updated: 53.47 → 53.55 (CHANGED)
[2025-12-27 00:30:02]   [emp_id: 3384] ✓ Updated: 13.97 → 14.05 (CHANGED)
[2025-12-27 00:30:02]   [emp_id: 3386] ✓ Updated: 43.97 → 44.05 (CHANGED)
[2025-12-27 00:30:02]   [emp_id: 3431] ✓ Updated: 18.39 → 18.47 (CHANGED)
[2025-12-27 00:30:02]   [emp_id: 3497] ✓ Updated: 8.55 → 8.63 (CHANGED)
[2025-12-27 00:30:02]   [emp_id: 3532] ✓ Updated: 45.39 → 45.47 (CHANGED)
[2025-12-27 00:30:02]   [emp_id: 3586] ✓ Updated: 9.47 → 9.55 (CHANGED)
[2025-12-27 00:30:02]   [emp_id: 3602] ✓ Updated: 0.96 → 1.04 (CHANGED)
[2025-12-27 00:30:02]   [emp_id: 3618] ✓ Updated: 22.94 → 23.02 (CHANGED)
[2025-12-27 00:30:02]   [emp_id: 3622] ✓ Updated: 34.1 → 34.15 (CHANGED)
[2025-12-27 00:30:02]   [emp_id: 3627] ✓ Updated: 8.89 → 8.97 (CHANGED)
[2025-12-27 00:30:02]   [emp_id: 3665] ✓ Updated: 50.47 → 50.55 (CHANGED)
[2025-12-27 00:30:02]   [emp_id: 3705] ✓ Updated: 27.43 → 27.48 (CHANGED)
[2025-12-27 00:30:02]   [emp_id: 3724] ✓ Updated: 43.47 → 43.55 (CHANGED)
[2025-12-27 00:30:02]   [emp_id: 3726] ✓ Updated: 59.89 → 59.97 (CHANGED)
[2025-12-27 00:30:02]   [emp_id: 3727] ✓ Updated: 64.97 → 65.05 (CHANGED)
[2025-12-27 00:30:02]   [emp_id: 3728] ✓ Updated: 9.3 → 9.38 (CHANGED)
[2025-12-27 00:30:02]   [emp_id: 3742] ✓ Updated: 32.47 → 32.55 (CHANGED)
[2025-12-27 00:30:02]   [emp_id: 3767] ✓ Updated: 60.05 → 60.13 (CHANGED)
[2025-12-27 00:30:02]   [emp_id: 3768] ✓ Updated: 56.3 → 56.38 (CHANGED)
[2025-12-27 00:30:02]   [emp_id: 3787] ✓ Updated: 56.89 → 56.97 (CHANGED)
[2025-12-27 00:30:02]   [emp_id: 3790] ✓ Updated: 1.44 → 1.52 (CHANGED)
[2025-12-27 00:30:02]   [emp_id: 3795] ✓ Updated: 14.39 → 14.47 (CHANGED)
[2025-12-27 00:30:02]   [emp_id: 3798] ✓ Updated: 92.8 → 92.88 (CHANGED)
[2025-12-27 00:30:02]   [emp_id: 3801] ✓ Updated: 1.07 → 1.15 (CHANGED)
[2025-12-27 00:30:02]   [emp_id: 3802] ✓ Updated: 30.05 → 30.13 (CHANGED)
[2025-12-27 00:30:02]   [emp_id: 3803] ✓ Updated: 114.47 → 114.55 (CHANGED)
[2025-12-27 00:30:02]   [emp_id: 3810] ✓ Updated: 60.47 → 60.55 (CHANGED)
[2025-12-27 00:30:02]   [emp_id: 3812] ✓ Updated: 89.47 → 89.55 (CHANGED)
[2025-12-27 00:30:02]   [emp_id: 3815] ✓ Updated: 89.47 → 89.55 (CHANGED)
[2025-12-27 00:30:02]   [emp_id: 3836] ✓ Updated: 57.14 → 57.22 (CHANGED)
[2025-12-27 00:30:02]   [emp_id: 3855] ✓ Updated: 50.3 → 50.38 (CHANGED)
[2025-12-27 00:30:02]   [emp_id: 3857] ✓ Updated: 53.97 → 54.05 (CHANGED)
[2025-12-27 00:30:02]   [emp_id: 3862] ✓ Updated: 102.05 → 102.13 (CHANGED)
[2025-12-27 00:30:02]   [emp_id: 3866] ✓ Updated: 27.3 → 27.38 (CHANGED)
[2025-12-27 00:30:02]   [emp_id: 3876] ✓ Updated: 47.47 → 47.55 (CHANGED)
[2025-12-27 00:30:02]   [emp_id: 3877] ✓ Updated: 48.97 → 49.05 (CHANGED)
[2025-12-27 00:30:02]   [emp_id: 3897] ✓ Updated: 37.22 → 37.3 (CHANGED)
[2025-12-27 00:30:02]   [emp_id: 3899] ✓ Updated: 0.4 → 0.48 (CHANGED)
[2025-12-27 00:30:02]   [emp_id: 3928] ✓ Updated: 13.3 → 13.38 (CHANGED)
[2025-12-27 00:30:02]   [emp_id: 3929] ✓ Updated: 8.3 → 8.38 (CHANGED)
[2025-12-27 00:30:02]   [emp_id: 3935] ✓ Updated: 93.3 → 93.38 (CHANGED)
[2025-12-27 00:30:02]   [emp_id: 3952] ✓ Updated: 75.64 → 75.72 (CHANGED)
[2025-12-27 00:30:02]   [emp_id: 3987] ✓ Updated: 13.55 → 13.63 (CHANGED)
[2025-12-27 00:30:02]   [emp_id: 4059] ✓ Updated: 2.75 → 2.83 (CHANGED)
[2025-12-27 00:30:02]   [emp_id: 4119] ✓ Updated: 56.22 → 56.3 (CHANGED)
[2025-12-27 00:30:02]   [emp_id: 4120] ✓ Updated: 25.8 → 25.88 (CHANGED)
[2025-12-27 00:30:02]   [emp_id: 4124] ✓ Updated: 26.32 → 26.4 (CHANGED)
[2025-12-27 00:30:02]   [emp_id: 4133] ✓ Updated: 104.8 → 104.88 (CHANGED)
[2025-12-27 00:30:02]   [emp_id: 4134] ✓ Updated: 25.8 → 25.88 (CHANGED)
[2025-12-27 00:30:02]   [emp_id: 4136] ✓ Updated: 25.8 → 25.88 (CHANGED)
[2025-12-27 00:30:02]   [emp_id: 4150] ✓ Updated: 24.47 → 24.55 (CHANGED)
[2025-12-27 00:30:02]   [emp_id: 4157] ✓ Updated: 17.97 → 18.05 (CHANGED)
[2025-12-27 00:30:02]   [emp_id: 4172] ✓ Updated: 12.01 → 12.06 (CHANGED)
[2025-12-27 00:30:02]   [emp_id: 4195] ✓ Updated: 61.55 → 61.63 (CHANGED)
[2025-12-27 00:30:02]   [emp_id: 4215] ✓ Updated: 44.22 → 44.3 (CHANGED)
[2025-12-27 00:30:03]   [emp_id: 4220] ✓ Updated: 39.8 → 39.88 (CHANGED)
[2025-12-27 00:30:03]   [emp_id: 4273] ✓ Updated: 8.47 → 8.55 (CHANGED)
[2025-12-27 00:30:03]   [emp_id: 4283] ✓ Updated: 13.1 → 13.15 (CHANGED)
[2025-12-27 00:30:03]   [emp_id: 4288] ✓ Updated: 0.72 → 0.8 (CHANGED)
[2025-12-27 00:30:03]   [emp_id: 4315] ✓ Updated: 14.72 → 14.8 (CHANGED)
[2025-12-27 00:30:03]   [emp_id: 4328] ✓ Updated: 41.93 → 41.98 (CHANGED)
[2025-12-27 00:30:03]   [emp_id: 4329] ✓ Updated: 4.89 → 4.97 (CHANGED)
[2025-12-27 00:30:03]   [emp_id: 4338] ✓ Updated: 46.47 → 46.55 (CHANGED)
[2025-12-27 00:30:03]   [emp_id: 4340] ✓ Updated: 125.47 → 125.55 (CHANGED)
[2025-12-27 00:30:03]   [emp_id: 4365] ✓ Updated: 59.89 → 59.97 (CHANGED)
[2025-12-27 00:30:03]   [emp_id: 4366] ✓ Updated: 58.97 → 59.05 (CHANGED)
[2025-12-27 00:30:03]   [emp_id: 4403] ✓ Updated: 84.8 → 84.88 (CHANGED)
[2025-12-27 00:30:03]   [emp_id: 4438] ✓ Updated: 20.47 → 20.55 (CHANGED)
[2025-12-27 00:30:03]   [emp_id: 4465] ✓ Updated: 12.26 → 12.31 (CHANGED)
[2025-12-27 00:30:03]   [emp_id: 4473] ✓ Updated: 44.05 → 44.13 (CHANGED)
[2025-12-27 00:30:03]   [emp_id: 4474] ✓ Updated: 59.01 → 59.06 (CHANGED)
[2025-12-27 00:30:03]   [emp_id: 4493] ✓ Updated: 162.89 → 162.97 (CHANGED)
[2025-12-27 00:30:03]   [emp_id: 4526] ✓ Updated: 35.14 → 35.22 (CHANGED)
[2025-12-27 00:30:03]   [emp_id: 4528] ✓ Updated: 106.89 → 106.97 (CHANGED)
[2025-12-27 00:30:03]   [emp_id: 4528] ✓ Updated: 106.89 → 106.97 (CHANGED)
[2025-12-27 00:30:03]   [emp_id: 4532] ✓ Updated: 7.38 → 7.43 (CHANGED)
[2025-12-27 00:30:03]   [emp_id: 4533] ✓ Updated: 35.3 → 35.38 (CHANGED)
[2025-12-27 00:30:03]   [emp_id: 4564] ✓ Updated: 25.01 → 25.06 (CHANGED)
[2025-12-27 00:30:03]   [emp_id: 4565] ✓ Updated: 14.76 → 14.81 (CHANGED)
[2025-12-27 00:30:03]   [emp_id: 4567] ✓ Updated: 19.01 → 19.06 (CHANGED)
[2025-12-27 00:30:03]   [emp_id: 4572] ✓ Updated: 58.51 → 58.56 (CHANGED)
[2025-12-27 00:30:03]   [emp_id: 4631] ✓ Updated: 14.76 → 14.81 (CHANGED)
[2025-12-27 00:30:03]   [emp_id: 4655] ✓ Updated: 24.22 → 24.3 (CHANGED)
[2025-12-27 00:30:03]   [emp_id: 4689] ✓ Updated: 1.99 → 2.07 (CHANGED)
[2025-12-27 00:30:03]   [emp_id: 4709] ✓ Updated: 39.47 → 39.55 (CHANGED)
[2025-12-27 00:30:03]   [emp_id: 4717] ✓ Updated: 65.47 → 65.55 (CHANGED)
[2025-12-27 00:30:03]   [emp_id: 4736] ✓ Updated: 27.3 → 27.38 (CHANGED)
[2025-12-27 00:30:03]   [emp_id: 4756] ✓ Updated: 11.2 → 11.25 (CHANGED)
[2025-12-27 00:30:03]   [emp_id: 4768] ✓ Updated: 11.97 → 12.05 (CHANGED)
[2025-12-27 00:30:03]   [emp_id: 4780] ✓ Updated: 64.93 → 64.98 (CHANGED)
[2025-12-27 00:30:03]   [emp_id: 4820] ✓ Updated: 98.3 → 98.38 (CHANGED)
[2025-12-27 00:30:03]   [emp_id: 4825] ✓ Updated: 30.05 → 30.13 (CHANGED)
[2025-12-27 00:30:03]   [emp_id: 4835] ✓ Updated: 47.68 → 47.73 (CHANGED)
[2025-12-27 00:30:03]   [emp_id: 4837] ✓ Updated: 44.92 → 44.97 (CHANGED)
[2025-12-27 00:30:03]   [emp_id: 4838] ✓ Updated: 43.94 → 43.99 (CHANGED)
[2025-12-27 00:30:03]   [emp_id: 4840] ✓ Updated: 44.92 → 44.97 (CHANGED)
[2025-12-27 00:30:03]   [emp_id: 4842] ✓ Updated: 44.16 → 44.21 (CHANGED)
[2025-12-27 00:30:03]   [emp_id: 4843] ✓ Updated: 44.69 → 44.74 (CHANGED)
[2025-12-27 00:30:03]   [emp_id: 4853] ✓ Updated: 88.51 → 88.56 (CHANGED)
[2025-12-27 00:30:03]   [emp_id: 4856] ✓ Updated: 41.83 → 41.88 (CHANGED)
[2025-12-27 00:30:03]   [emp_id: 4857] ✓ Updated: 24.65 → 24.7 (CHANGED)
[2025-12-27 00:30:03]   [emp_id: 4858] ✓ Updated: 21.53 → 21.58 (CHANGED)
[2025-12-27 00:30:03]   [emp_id: 4859] ✓ Updated: 43 → 43.05 (CHANGED)
[2025-12-27 00:30:03]   [emp_id: 4860] ✓ Updated: 7.5 → 7.55 (CHANGED)
[2025-12-27 00:30:03]   [emp_id: 4861] ✓ Updated: 40.96 → 41.01 (CHANGED)
[2025-12-27 00:30:03]   [emp_id: 4869] ✓ Updated: 83.84 → 83.89 (CHANGED)
[2025-12-27 00:30:03]   [emp_id: 4894] ✓ Updated: 6.97 → 7.05 (CHANGED)
[2025-12-27 00:30:03]   [emp_id: 4897] ✓ Updated: 22.74 → 22.79 (CHANGED)
[2025-12-27 00:30:03]   [emp_id: 4899] ✓ Updated: 18.91 → 18.96 (CHANGED)
[2025-12-27 00:30:03]   [emp_id: 4902] ✓ Updated: 18.33 → 18.38 (CHANGED)
[2025-12-27 00:30:03]   [emp_id: 4903] ✓ Updated: 20.55 → 20.6 (CHANGED)
[2025-12-27 00:30:03]   [emp_id: 4905] ✓ Updated: 19.21 → 19.26 (CHANGED)
[2025-12-27 00:30:03]   [emp_id: 4907] ✓ Updated: 47.05 → 47.13 (CHANGED)
[2025-12-27 00:30:03]   [emp_id: 4917] ✓ Updated: 16.17 → 16.22 (CHANGED)
[2025-12-27 00:30:03]   [emp_id: 4918] ✓ Updated: 5.94 → 5.99 (CHANGED)
[2025-12-27 00:30:03]   [emp_id: 4919] ✓ Updated: 58.23 → 58.28 (CHANGED)
[2025-12-27 00:30:03]   [emp_id: 4920] ✓ Updated: 5.31 → 5.36 (CHANGED)
[2025-12-27 00:30:03]   [emp_id: 4921] ✓ Updated: 17.4 → 17.45 (CHANGED)
[2025-12-27 00:30:03]   [emp_id: 4927] ✓ Updated: 16.23 → 16.28 (CHANGED)
[2025-12-27 00:30:03]   [emp_id: 4929] ✓ Updated: 17.75 → 17.8 (CHANGED)
[2025-12-27 00:30:03]   [emp_id: 4930] ✓ Updated: 58.52 → 58.57 (CHANGED)
[2025-12-27 00:30:03]   [emp_id: 4932] ✓ Updated: 16.52 → 16.57 (CHANGED)
[2025-12-27 00:30:03]   [emp_id: 4933] ✓ Updated: 19.93 → 19.98 (CHANGED)
[2025-12-27 00:30:03]   [emp_id: 4949] ✓ Updated: 35.36 → 35.41 (CHANGED)
[2025-12-27 00:30:03]   [emp_id: 4956] ✓ Updated: 28.95 → 29 (CHANGED)
[2025-12-27 00:30:03]   [emp_id: 4957] ✓ Updated: 29.62 → 29.67 (CHANGED)
[2025-12-27 00:30:03]   [emp_id: 4962] ✓ Updated: 46.41 → 46.49 (CHANGED)
[2025-12-27 00:30:03]   [emp_id: 4969] ✓ Updated: 45.72 → 45.8 (CHANGED)
[2025-12-27 00:30:03]   [emp_id: 4976] ✓ Updated: 9.64 → 9.69 (CHANGED)
[2025-12-27 00:30:03]   [emp_id: 4984] ✓ Updated: 36.97 → 37.05 (CHANGED)
[2025-12-27 00:30:03]   [emp_id: 4995] ✓ Updated: 49.04 → 49.12 (CHANGED)
[2025-12-27 00:30:03]   [emp_id: 5004] ✓ Updated: 26.58 → 26.63 (CHANGED)
[2025-12-27 00:30:03]   [emp_id: 5006] ✓ Updated: 26.32 → 26.37 (CHANGED)
[2025-12-27 00:30:03]   [emp_id: 5011] ✓ Updated: 12.64 → 12.72 (CHANGED)
[2025-12-27 00:30:03]   [emp_id: 5013] ✓ Updated: 66.69 → 66.74 (CHANGED)
[2025-12-27 00:30:03]   [emp_id: 5018] ✓ Updated: 3.18 → 3.23 (CHANGED)
[2025-12-27 00:30:03]   [emp_id: 5021] ✓ Updated: 60.07 → 60.15 (CHANGED)
[2025-12-27 00:30:03]   [emp_id: 5024] ✓ Updated: 1.2 → 1.25 (CHANGED)
[2025-12-27 00:30:03]   [emp_id: 5030] ✓ Updated: 31.15 → 31.2 (CHANGED)
[2025-12-27 00:30:03]   [emp_id: 5033] ✓ Updated: 21.95 → 22 (CHANGED)
[2025-12-27 00:30:03]   [emp_id: 5043] ✓ Updated: 29.64 → 29.72 (CHANGED)
[2025-12-27 00:30:03]   [emp_id: 5045] ✓ Updated: 26.14 → 26.22 (CHANGED)
[2025-12-27 00:30:03]   [emp_id: 5046] ✓ Updated: 21.33 → 21.41 (CHANGED)
[2025-12-27 00:30:03]   [emp_id: 5049] ✓ Updated: 38.63 → 38.68 (CHANGED)
[2025-12-27 00:30:03]   [emp_id: 5052] ✓ Updated: 29.91 → 29.96 (CHANGED)
[2025-12-27 00:30:03]   [emp_id: 5055] ✓ Updated: 18.35 → 18.4 (CHANGED)
[2025-12-27 00:30:03]   [emp_id: 5058] ✓ Updated: 27.33 → 27.38 (CHANGED)
[2025-12-27 00:30:03]   [emp_id: 5062] ✓ Updated: 39.16 → 39.21 (CHANGED)
[2025-12-27 00:30:03]   [emp_id: 5064] ✓ Updated: 116.97 → 117.05 (CHANGED)
[2025-12-27 00:30:03]   [emp_id: 5065] ✓ Updated: 38.57 → 38.62 (CHANGED)
[2025-12-27 00:30:03]   [emp_id: 5071] ✓ Updated: 22.47 → 22.55 (CHANGED)
[2025-12-27 00:30:03]   [emp_id: 5073] ✓ Updated: 13.17 → 13.22 (CHANGED)
[2025-12-27 00:30:03]   [emp_id: 5079] ✓ Updated: 33.73 → 33.78 (CHANGED)
[2025-12-27 00:30:03]   [emp_id: 5080] ✓ Updated: 29.06 → 29.11 (CHANGED)
[2025-12-27 00:30:03]   [emp_id: 5081] ✓ Updated: 15.32 → 15.37 (CHANGED)
[2025-12-27 00:30:03]   [emp_id: 5087] ✓ Updated: 35.36 → 35.41 (CHANGED)
[2025-12-27 00:30:03]   [emp_id: 5091] ✓ Updated: 75.21 → 75.26 (CHANGED)
[2025-12-27 00:30:03]   [emp_id: 5093] ✓ Updated: 13.64 → 13.72 (CHANGED)
[2025-12-27 00:30:03]   [emp_id: 5095] ✓ Updated: 0.75 → 0.8 (CHANGED)
[2025-12-27 00:30:03]   [emp_id: 5101] ✓ Updated: 15.72 → 15.8 (CHANGED)
[2025-12-27 00:30:03]   [emp_id: 5107] ✓ Updated: 14.05 → 14.13 (CHANGED)
[2025-12-27 00:30:03]   [emp_id: 5109] ✓ Updated: 11.3 → 11.38 (CHANGED)
[2025-12-27 00:30:03]   [emp_id: 5119] ✓ Updated: 9.47 → 9.55 (CHANGED)
[2025-12-27 00:30:03]   [emp_id: 5122] ✓ Updated: 6.64 → 6.72 (CHANGED)
[2025-12-27 00:30:03]   [emp_id: 5126] ✓ Updated: 26.09 → 26.14 (CHANGED)
[2025-12-27 00:30:03]   [emp_id: 5127] ✓ Updated: 22.88 → 22.93 (CHANGED)
[2025-12-27 00:30:03]   [emp_id: 5128] ✓ Updated: 26.03 → 26.08 (CHANGED)
[2025-12-27 00:30:03]   [emp_id: 5138] ✓ Updated: 65.3 → 65.38 (CHANGED)
[2025-12-27 00:30:03]   [emp_id: 5138] ✓ Updated: 65.3 → 65.38 (CHANGED)
[2025-12-27 00:30:03]   [emp_id: 5141] ✓ Updated: 34.4 → 34.45 (CHANGED)
[2025-12-27 00:30:03]   [emp_id: 5142] ✓ Updated: 13.4 → 13.45 (CHANGED)
[2025-12-27 00:30:03]   [emp_id: 5146] ✓ Updated: 20.4 → 20.45 (CHANGED)
[2025-12-27 00:30:03]   [emp_id: 5147] ✓ Updated: 19.4 → 19.45 (CHANGED)
[2025-12-27 00:30:03]   [emp_id: 5148] ✓ Updated: 24.75 → 24.8 (CHANGED)
[2025-12-27 00:30:03]   [emp_id: 5149] ✓ Updated: 23.64 → 23.69 (CHANGED)
[2025-12-27 00:30:03]   [emp_id: 5150] ✓ Updated: 23 → 23.05 (CHANGED)
[2025-12-27 00:30:03]   [emp_id: 5151] ✓ Updated: 22.82 → 22.87 (CHANGED)
[2025-12-27 00:30:03]   [emp_id: 5152] ✓ Updated: 3.24 → 3.29 (CHANGED)
[2025-12-27 00:30:03]   [emp_id: 5157] ✓ Updated: 22.82 → 22.87 (CHANGED)
[2025-12-27 00:30:03]   [emp_id: 5160] ✓ Updated: 22.82 → 22.87 (CHANGED)
[2025-12-27 00:30:03]   [emp_id: 5163] ✓ Updated: 20.61 → 20.66 (CHANGED)
[2025-12-27 00:30:03]   [emp_id: 5165] ✓ Updated: 0.74 → 0.82 (CHANGED)
[2025-12-27 00:30:03]   [emp_id: 5167] ✓ Updated: 29.76 → 29.81 (CHANGED)
[2025-12-27 00:30:03]   [emp_id: 5168] ✓ Updated: 22.3 → 22.35 (CHANGED)
[2025-12-27 00:30:03]   [emp_id: 5173] ✓ Updated: 24.39 → 24.47 (CHANGED)
[2025-12-27 00:30:03]   [emp_id: 5174] ✓ Updated: 22.76 → 22.81 (CHANGED)
[2025-12-27 00:30:03]   [emp_id: 5181] ✓ Updated: 19.15 → 19.2 (CHANGED)
[2025-12-27 00:30:03]   [emp_id: 5186] ✓ Updated: 24.68 → 24.73 (CHANGED)
[2025-12-27 00:30:03]   [emp_id: 5187] ✓ Updated: 35.68 → 35.73 (CHANGED)
[2025-12-27 00:30:03]   [emp_id: 5204] ✓ Updated: 21.89 → 21.97 (CHANGED)
[2025-12-27 00:30:03]   [emp_id: 5205] ✓ Updated: 11.89 → 11.94 (CHANGED)
[2025-12-27 00:30:03]   [emp_id: 5209] ✓ Updated: 14.89 → 14.94 (CHANGED)
[2025-12-27 00:30:03]   [emp_id: 5213] ✓ Updated: 1.3 → 1.35 (CHANGED)
[2025-12-27 00:30:04]   [emp_id: 5214] ✓ Updated: 3.14 → 3.19 (CHANGED)
[2025-12-27 00:30:04]   [emp_id: 5215] ✓ Updated: 9.89 → 9.94 (CHANGED)
[2025-12-27 00:30:04]   [emp_id: 5217] ✓ Updated: 8.89 → 8.94 (CHANGED)
[2025-12-27 00:30:04]   [emp_id: 5219] ✓ Updated: 12.89 → 12.94 (CHANGED)
[2025-12-27 00:30:04]   [emp_id: 5221] ✓ Updated: 4.26 → 4.31 (CHANGED)
[2025-12-27 00:30:04]   [emp_id: 5224] ✓ Updated: 13.89 → 13.94 (CHANGED)
[2025-12-27 00:30:04]   [emp_id: 5225] ✓ Updated: 8.56 → 8.61 (CHANGED)
[2025-12-27 00:30:04]   [emp_id: 5228] ✓ Updated: 8.89 → 8.94 (CHANGED)
[2025-12-27 00:30:04]   [emp_id: 5229] ✓ Updated: 4.89 → 4.94 (CHANGED)
[2025-12-27 00:30:04]   [emp_id: 5230] ✓ Updated: 11.56 → 11.61 (CHANGED)
[2025-12-27 00:30:04]   [emp_id: 5231] ✓ Updated: 5.89 → 5.94 (CHANGED)
[2025-12-27 00:30:04]   [emp_id: 5232] ✓ Updated: 10.89 → 10.94 (CHANGED)
[2025-12-27 00:30:04]   [emp_id: 5233] ✓ Updated: 3.89 → 3.94 (CHANGED)
[2025-12-27 00:30:04]   [emp_id: 5234] ✓ Updated: 3.89 → 3.94 (CHANGED)
[2025-12-27 00:30:04]   [emp_id: 5235] ✓ Updated: 4.56 → 4.61 (CHANGED)
[2025-12-27 00:30:04]   [emp_id: 5237] ✓ Updated: 10.14 → 10.19 (CHANGED)
[2025-12-27 00:30:04]   [emp_id: 5239] ✓ Updated: 6.89 → 6.94 (CHANGED)
[2025-12-27 00:30:04]   [emp_id: 5241] ✓ Updated: 4.89 → 4.94 (CHANGED)
[2025-12-27 00:30:04]   [emp_id: 5242] ✓ Updated: 14.89 → 14.94 (CHANGED)
[2025-12-27 00:30:04]   [emp_id: 5243] ✓ Updated: 1.3 → 1.35 (CHANGED)
[2025-12-27 00:30:04]   [emp_id: 5244] ✓ Updated: 0.6 → 0.65 (CHANGED)
[2025-12-27 00:30:04]   [emp_id: 5246] ✓ Updated: 10.89 → 10.94 (CHANGED)
[2025-12-27 00:30:04]   [emp_id: 5253] ✓ Updated: 23.76 → 23.81 (CHANGED)
[2025-12-27 00:30:04]   [emp_id: 5254] ✓ Updated: 11.74 → 11.79 (CHANGED)
[2025-12-27 00:30:04]   [emp_id: 5257] ✓ Updated: 11.45 → 11.5 (CHANGED)
[2025-12-27 00:30:04]   [emp_id: 5259] ✓ Updated: 47.98 → 48.03 (CHANGED)
[2025-12-27 00:30:04]   [emp_id: 5261] ✓ Updated: 15.49 → 15.57 (CHANGED)
[2025-12-27 00:30:04]   [emp_id: 5264] ✓ Updated: 25.46 → 25.51 (CHANGED)
[2025-12-27 00:30:04]   [emp_id: 5266] ✓ Updated: 20.08 → 20.13 (CHANGED)
[2025-12-27 00:30:04]   [emp_id: 5268] ✓ Updated: 8.65 → 8.7 (CHANGED)
[2025-12-27 00:30:04]   [emp_id: 5271] ✓ Updated: 7.31 → 7.36 (CHANGED)
[2025-12-27 00:30:04]   [emp_id: 5272] ✓ Updated: 8.18 → 8.23 (CHANGED)
[2025-12-27 00:30:04]   [emp_id: 5273] ✓ Updated: 23.25 → 23.3 (CHANGED)
[2025-12-27 00:30:04]   [emp_id: 5275] ✓ Updated: 9 → 9.05 (CHANGED)
[2025-12-27 00:30:04]   [emp_id: 5276] ✓ Updated: 23.27 → 23.32 (CHANGED)
[2025-12-27 00:30:04]   [emp_id: 5278] ✓ Updated: 7.66 → 7.71 (CHANGED)
[2025-12-27 00:30:04]   [emp_id: 5280] ✓ Updated: 18.06 → 18.11 (CHANGED)
[2025-12-27 00:30:04]   [emp_id: 5282] ✓ Updated: 10.97 → 11.05 (CHANGED)
[2025-12-27 00:30:04]   [emp_id: 5285] ✓ Updated: 28.06 → 28.11 (CHANGED)
[2025-12-27 00:30:04]   [emp_id: 5286] ✓ Updated: 15.06 → 15.11 (CHANGED)
[2025-12-27 00:30:04]   [emp_id: 5287] ✓ Updated: 49.36 → 49.41 (CHANGED)
[2025-12-27 00:30:04]   [emp_id: 5288] ✓ Updated: 6.63 → 6.68 (CHANGED)
[2025-12-27 00:30:04]   [emp_id: 5289] ✓ Updated: 47.91 → 47.96 (CHANGED)
[2025-12-27 00:30:04]   [emp_id: 5290] ✓ Updated: 46.68 → 46.73 (CHANGED)
[2025-12-27 00:30:04]   [emp_id: 5291] ✓ Updated: 4.68 → 4.73 (CHANGED)
[2025-12-27 00:30:04]   [emp_id: 5292] ✓ Updated: 4.62 → 4.67 (CHANGED)
[2025-12-27 00:30:04]   [emp_id: 5293] ✓ Updated: 37.14 → 37.22 (CHANGED)
[2025-12-27 00:30:04]   [emp_id: 5294] ✓ Updated: 6.89 → 6.97 (CHANGED)
[2025-12-27 00:30:04]   [emp_id: 5295] ✓ Updated: 20.86 → 20.91 (CHANGED)
[2025-12-27 00:30:04]   [emp_id: 5296] ✓ Updated: 33.91 → 33.99 (CHANGED)
[2025-12-27 00:30:04]   [emp_id: 5297] ✓ Updated: 45.28 → 45.33 (CHANGED)
[2025-12-27 00:30:04]   [emp_id: 5298] ✓ Updated: 45.28 → 45.33 (CHANGED)
[2025-12-27 00:30:04]   [emp_id: 5299] ✓ Updated: 45.28 → 45.33 (CHANGED)
[2025-12-27 00:30:04]   [emp_id: 5300] ✓ Updated: 45.28 → 45.33 (CHANGED)
[2025-12-27 00:30:04]   [emp_id: 5301] ✓ Updated: 3.1 → 3.15 (CHANGED)
[2025-12-27 00:30:04]   [emp_id: 5303] ✓ Updated: 3.53 → 3.58 (CHANGED)
[2025-12-27 00:30:04]   [emp_id: 5304] ✓ Updated: 45.28 → 45.33 (CHANGED)
[2025-12-27 00:30:04]   [emp_id: 5305] ✓ Updated: 3.28 → 3.33 (CHANGED)
[2025-12-27 00:30:04]   [emp_id: 5306] ✓ Updated: 44.99 → 45.04 (CHANGED)
[2025-12-27 00:30:04]   [emp_id: 5307] ✓ Updated: 44.99 → 45.04 (CHANGED)
[2025-12-27 00:30:04]   [emp_id: 5312] ✓ Updated: 0.6 → 0.65 (CHANGED)
[2025-12-27 00:30:04]   [emp_id: 5318] ✓ Updated: 25.7 → 25.75 (CHANGED)
[2025-12-27 00:30:04]   [emp_id: 5325] ✓ Updated: 21.66 → 21.71 (CHANGED)
[2025-12-27 00:30:04]   [emp_id: 5327] ✓ Updated: 0.75 → 0.8 (CHANGED)
[2025-12-27 00:30:04]   [emp_id: 5337] ✓ Updated: 34.8 → 34.88 (CHANGED)
[2025-12-27 00:30:04]   [emp_id: 5339] ✓ Updated: 9.85 → 9.9 (CHANGED)
[2025-12-27 00:30:04]   [emp_id: 5343] ✓ Updated: 44.72 → 44.8 (CHANGED)
[2025-12-27 00:30:04]   [emp_id: 5343] ✓ Updated: 44.72 → 44.8 (CHANGED)
[2025-12-27 00:30:04]   [emp_id: 5345] ✓ Updated: 14.55 → 14.63 (CHANGED)
[2025-12-27 00:30:04]   [emp_id: 5346] ✓ Updated: 1.57 → 1.62 (CHANGED)
[2025-12-27 00:30:04]   [emp_id: 5351] ✓ Updated: 16.51 → 16.56 (CHANGED)
[2025-12-27 00:30:04]   [emp_id: 5352] ✓ Updated: 24.97 → 25.05 (CHANGED)
[2025-12-27 00:30:04]   [emp_id: 5370] ✓ Updated: 15.16 → 15.21 (CHANGED)
[2025-12-27 00:30:04]   [emp_id: 5371] ✓ Updated: 0.88 → 0.96 (CHANGED)
[2025-12-27 00:30:04]   [emp_id: 5376] ✓ Updated: 9.76 → 9.81 (CHANGED)
[2025-12-27 00:30:04]   [emp_id: 5378] ✓ Updated: 16.8 → 16.88 (CHANGED)
[2025-12-27 00:30:04]   [emp_id: 5380] ✓ Updated: 16.17 → 16.22 (CHANGED)
[2025-12-27 00:30:04]   [emp_id: 5381] ✓ Updated: 11.24 → 11.32 (CHANGED)
[2025-12-27 00:30:04]   [emp_id: 5383] ✓ Updated: 15.55 → 15.63 (CHANGED)
[2025-12-27 00:30:04]   [emp_id: 5388] ✓ Updated: 26.95 → 27 (CHANGED)
[2025-12-27 00:30:04]   [emp_id: 5396] ✓ Updated: 28.19 → 28.24 (CHANGED)
[2025-12-27 00:30:04]   [emp_id: 5397] ✓ Updated: 19.65 → 19.7 (CHANGED)
[2025-12-27 00:30:04]   [emp_id: 5401] ✓ Updated: 22.76 → 22.81 (CHANGED)
[2025-12-27 00:30:04]   [emp_id: 5402] ✓ Updated: 22.88 → 22.93 (CHANGED)
[2025-12-27 00:30:04]   [emp_id: 5406] ✓ Updated: 21.6 → 21.65 (CHANGED)
[2025-12-27 00:30:04]   [emp_id: 5407] ✓ Updated: 15.32 → 15.4 (CHANGED)
[2025-12-27 00:30:04]   [emp_id: 5409] ✓ Updated: 15.94 → 15.99 (CHANGED)
[2025-12-27 00:30:04]   [emp_id: 5413] ✓ Updated: 27.72 → 27.8 (CHANGED)
[2025-12-27 00:30:04]   [emp_id: 5414] ✓ Updated: 27.39 → 27.47 (CHANGED)
[2025-12-27 00:30:04]   [emp_id: 5415] ✓ Updated: 3.32 → 3.4 (CHANGED)
[2025-12-27 00:30:04]   [emp_id: 5418] ✓ Updated: 15 → 15.05 (CHANGED)
[2025-12-27 00:30:04]   [emp_id: 5422] ✓ Updated: 20.05 → 20.13 (CHANGED)
[2025-12-27 00:30:04]   [emp_id: 5423] ✓ Updated: 4.74 → 4.82 (CHANGED)
[2025-12-27 00:30:04]   [emp_id: 5424] ✓ Updated: 13.55 → 13.6 (CHANGED)
[2025-12-27 00:30:04]   [emp_id: 5425] ✓ Updated: 13.55 → 13.6 (CHANGED)
[2025-12-27 00:30:04]   [emp_id: 5426] ✓ Updated: 3.29 → 3.37 (CHANGED)
[2025-12-27 00:30:04]   [emp_id: 5426] ✓ Updated: 3.29 → 3.37 (CHANGED)
[2025-12-27 00:30:04]   [emp_id: 5427] ✓ Updated: 13.66 → 13.71 (CHANGED)
[2025-12-27 00:30:04]   [emp_id: 5428] ✓ Updated: 13.55 → 13.6 (CHANGED)
[2025-12-27 00:30:04]   [emp_id: 5430] ✓ Updated: 17.05 → 17.13 (CHANGED)
[2025-12-27 00:30:04]   [emp_id: 5431] ✓ Updated: 12.67 → 12.72 (CHANGED)
[2025-12-27 00:30:04]   [emp_id: 5434] ✓ Updated: 12.44 → 12.49 (CHANGED)
[2025-12-27 00:30:04]   [emp_id: 5435] ✓ Updated: 12.38 → 12.43 (CHANGED)
[2025-12-27 00:30:04]   [emp_id: 5436] ✓ Updated: 12.38 → 12.43 (CHANGED)
[2025-12-27 00:30:04]   [emp_id: 5438] ✓ Updated: 14.97 → 15.05 (CHANGED)
[2025-12-27 00:30:04]   [emp_id: 5439] ✓ Updated: 24.47 → 24.55 (CHANGED)
[2025-12-27 00:30:04]   [emp_id: 5442] ✓ Updated: 13.47 → 13.55 (CHANGED)
[2025-12-27 00:30:04]   [emp_id: 5443] ✓ Updated: 8.06 → 8.11 (CHANGED)
[2025-12-27 00:30:04]   [emp_id: 5445] ✓ Updated: 6.84 → 6.89 (CHANGED)
[2025-12-27 00:30:04]   [emp_id: 5446] ✓ Updated: 6.84 → 6.89 (CHANGED)
[2025-12-27 00:30:04]   [emp_id: 5447] ✓ Updated: 6.78 → 6.83 (CHANGED)
[2025-12-27 00:30:04]   [emp_id: 5448] ✓ Updated: 6.49 → 6.57 (CHANGED)
[2025-12-27 00:30:04]   [emp_id: 5449] ✓ Updated: 4.86 → 4.91 (CHANGED)
[2025-12-27 00:30:04]   [emp_id: 5450] ✓ Updated: 4.8 → 4.85 (CHANGED)
[2025-12-27 00:30:04]   [emp_id: 5451] ✓ Updated: 4.8 → 4.85 (CHANGED)
[2025-12-27 00:30:04]   [emp_id: 5454] ✓ Updated: 6.55 → 6.63 (CHANGED)
[2025-12-27 00:30:04]   [emp_id: 5455] ✓ Updated: 4.8 → 4.88 (CHANGED)
[2025-12-27 00:30:04]   [emp_id: 5456] ✓ Updated: 5.8 → 5.88 (CHANGED)
[2025-12-27 00:30:04] Report saved to: /home/almutlak/public_html/hr/cron_logs/last_vacation_update_report.json
