[2025-12-26 00:30:01] ========== CRON: Vacation Balance Update Started ==========
[2025-12-26 00:30:01] Database connection established
[2025-12-26 00:30:01] Found 430 active employees with balance records to update
[2025-12-26 00:30:01] (Only employees with status=1 will be processed)
[2025-12-26 00:30:01]   [emp_id: 1061] ✓ Updated: 32.64 → 32.72 (CHANGED)
[2025-12-26 00:30:01]   [emp_id: 1496] ✓ Updated: 15.81 → 15.89 (CHANGED)
[2025-12-26 00:30:01]   [emp_id: 1500] ✓ Updated: 3.49 → 3.57 (CHANGED)
[2025-12-26 00:30:01]   [emp_id: 1574] ✓ Updated: 32.72 → 32.8 (CHANGED)
[2025-12-26 00:30:01]   [emp_id: 1673] ✓ Updated: 44.22 → 44.3 (CHANGED)
[2025-12-26 00:30:01]   [emp_id: 1685] ✓ Updated: 14.14 → 14.22 (CHANGED)
[2025-12-26 00:30:01]   [emp_id: 1764] ✓ Updated: 68.81 → 68.89 (CHANGED)
[2025-12-26 00:30:01]   [emp_id: 1805] ✓ Updated: 63.14 → 63.22 (CHANGED)
[2025-12-26 00:30:01]   [emp_id: 1822] ✓ Updated: 67.89 → 67.97 (CHANGED)
[2025-12-26 00:30:01]   [emp_id: 1837] ✓ Updated: 24.06 → 24.14 (CHANGED)
[2025-12-26 00:30:01]   [emp_id: 1857] ✓ Updated: 19.39 → 19.47 (CHANGED)
[2025-12-26 00:30:01]   [emp_id: 1861] ✓ Updated: 70.22 → 70.3 (CHANGED)
[2025-12-26 00:30:01]   [emp_id: 1872] ✓ Updated: 9.06 → 9.14 (CHANGED)
[2025-12-26 00:30:01]   [emp_id: 1897] ✓ Updated: 4.39 → 4.47 (CHANGED)
[2025-12-26 00:30:01]   [emp_id: 1916] ✓ Updated: 10.69 → 10.77 (CHANGED)
[2025-12-26 00:30:01]   [emp_id: 1928] ✓ Updated: 63.64 → 63.72 (CHANGED)
[2025-12-26 00:30:01]   [emp_id: 1931] ✓ Updated: 83.56 → 83.64 (CHANGED)
[2025-12-26 00:30:01]   [emp_id: 1944] ✓ Updated: 41.72 → 41.8 (CHANGED)
[2025-12-26 00:30:01]   [emp_id: 1996] ✓ Updated: 70.22 → 70.3 (CHANGED)
[2025-12-26 00:30:01]   [emp_id: 1997] ✓ Updated: 35.39 → 35.47 (CHANGED)
[2025-12-26 00:30:01]   [emp_id: 1998] ✓ Updated: 26.83 → 26.91 (CHANGED)
[2025-12-26 00:30:01]   [emp_id: 1999] ✓ Updated: 27.83 → 27.91 (CHANGED)
[2025-12-26 00:30:01]   [emp_id: 2009] ✓ Updated: 34.14 → 34.22 (CHANGED)
[2025-12-26 00:30:01]   [emp_id: 2048] ✓ Updated: 23.97 → 24.05 (CHANGED)
[2025-12-26 00:30:01]   [emp_id: 2057] ✓ Updated: 64.81 → 64.89 (CHANGED)
[2025-12-26 00:30:01]   [emp_id: 2079] ✓ Updated: 47.14 → 47.22 (CHANGED)
[2025-12-26 00:30:01]   [emp_id: 2181] ✓ Updated: 36.14 → 36.22 (CHANGED)
[2025-12-26 00:30:01]   [emp_id: 2190] ✓ Updated: 5.47 → 5.55 (CHANGED)
[2025-12-26 00:30:01]   [emp_id: 2212] ✓ Updated: 23.47 → 23.55 (CHANGED)
[2025-12-26 00:30:01]   [emp_id: 2226] ✓ Updated: 68.22 → 68.3 (CHANGED)
[2025-12-26 00:30:01]   [emp_id: 2238] ✓ Updated: 66.47 → 66.55 (CHANGED)
[2025-12-26 00:30:01]   [emp_id: 2285] ✓ Updated: 35.14 → 35.22 (CHANGED)
[2025-12-26 00:30:01]   [emp_id: 2287] ✓ Updated: 46.81 → 46.89 (CHANGED)
[2025-12-26 00:30:01]   [emp_id: 2288] ✓ Updated: 1.83 → 1.91 (CHANGED)
[2025-12-26 00:30:01]   [emp_id: 2316] ✓ Updated: 15.64 → 15.72 (CHANGED)
[2025-12-26 00:30:01]   [emp_id: 2337] ✓ Updated: 36.72 → 36.8 (CHANGED)
[2025-12-26 00:30:01]   [emp_id: 2352] ✓ Updated: 68.22 → 68.3 (CHANGED)
[2025-12-26 00:30:01]   [emp_id: 2358] ✓ Updated: 4.72 → 4.8 (CHANGED)
[2025-12-26 00:30:01]   [emp_id: 2361] ✓ Updated: 70.39 → 70.47 (CHANGED)
[2025-12-26 00:30:01]   [emp_id: 2363] ✓ Updated: 72.97 → 73.05 (CHANGED)
[2025-12-26 00:30:01]   [emp_id: 2364] ✓ Updated: 72.39 → 72.47 (CHANGED)
[2025-12-26 00:30:01]   [emp_id: 2367] ✓ Updated: 100.06 → 100.14 (CHANGED)
[2025-12-26 00:30:01]   [emp_id: 2368] ✓ Updated: 30.47 → 30.55 (CHANGED)
[2025-12-26 00:30:02]   [emp_id: 2372] ✓ Updated: 67.72 → 67.8 (CHANGED)
[2025-12-26 00:30:02]   [emp_id: 2376] ✓ Updated: 117.72 → 117.8 (CHANGED)
[2025-12-26 00:30:02]   [emp_id: 2423] ✓ Updated: 18.47 → 18.55 (CHANGED)
[2025-12-26 00:30:02]   [emp_id: 2519] ✓ Updated: 172.14 → 172.22 (CHANGED)
[2025-12-26 00:30:02]   [emp_id: 2522] ✓ Updated: 55.72 → 55.8 (CHANGED)
[2025-12-26 00:30:02]   [emp_id: 2530] ✓ Updated: 50.97 → 51.05 (CHANGED)
[2025-12-26 00:30:02]   [emp_id: 2539] ✓ Updated: 47.72 → 47.8 (CHANGED)
[2025-12-26 00:30:02]   [emp_id: 2541] ✓ Updated: 28.31 → 28.39 (CHANGED)
[2025-12-26 00:30:02]   [emp_id: 2550] ✓ Updated: 94.47 → 94.55 (CHANGED)
[2025-12-26 00:30:02]   [emp_id: 2553] ✓ Updated: 31.58 → 31.66 (CHANGED)
[2025-12-26 00:30:02]   [emp_id: 2554] ✓ Updated: 38.06 → 38.14 (CHANGED)
[2025-12-26 00:30:02]   [emp_id: 2565] ✓ Updated: 92.64 → 92.72 (CHANGED)
[2025-12-26 00:30:02]   [emp_id: 2572] ✓ Updated: 42.64 → 42.72 (CHANGED)
[2025-12-26 00:30:02]   [emp_id: 2637] ✓ Updated: 63.22 → 63.3 (CHANGED)
[2025-12-26 00:30:02]   [emp_id: 2642] ✓ Updated: 75.97 → 76.05 (CHANGED)
[2025-12-26 00:30:02]   [emp_id: 2645] ✓ Updated: 91.97 → 92.05 (CHANGED)
[2025-12-26 00:30:02]   [emp_id: 2648] ✓ Updated: 43.64 → 43.72 (CHANGED)
[2025-12-26 00:30:02]   [emp_id: 2654] ✓ Updated: 86.31 → 86.39 (CHANGED)
[2025-12-26 00:30:02]   [emp_id: 2688] ✓ Updated: 24.39 → 24.47 (CHANGED)
[2025-12-26 00:30:02]   [emp_id: 2690] ✓ Updated: 13.14 → 13.22 (CHANGED)
[2025-12-26 00:30:02]   [emp_id: 2709] ✓ Updated: 35.39 → 35.47 (CHANGED)
[2025-12-26 00:30:02]   [emp_id: 2745] ✓ Updated: 31.97 → 32.05 (CHANGED)
[2025-12-26 00:30:02]   [emp_id: 2843] ✓ Updated: 78.56 → 78.64 (CHANGED)
[2025-12-26 00:30:02]   [emp_id: 2854] ✓ Updated: 58.47 → 58.55 (CHANGED)
[2025-12-26 00:30:02]   [emp_id: 2869] ✓ Updated: 63.39 → 63.47 (CHANGED)
[2025-12-26 00:30:02]   [emp_id: 2876] ✓ Updated: 33.22 → 33.3 (CHANGED)
[2025-12-26 00:30:02]   [emp_id: 2924] ✓ Updated: 14.39 → 14.47 (CHANGED)
[2025-12-26 00:30:02]   [emp_id: 2953] ✓ Updated: 100.14 → 100.22 (CHANGED)
[2025-12-26 00:30:02]   [emp_id: 2961] ✓ Updated: 10.14 → 10.22 (CHANGED)
[2025-12-26 00:30:02]   [emp_id: 2975] ✓ Updated: 3.24 → 3.32 (CHANGED)
[2025-12-26 00:30:02]   [emp_id: 3013] ✓ Updated: 9.14 → 9.22 (CHANGED)
[2025-12-26 00:30:02]   [emp_id: 3014] ✓ Updated: 88.39 → 88.47 (CHANGED)
[2025-12-26 00:30:02]   [emp_id: 3015] ✓ Updated: 39.64 → 39.72 (CHANGED)
[2025-12-26 00:30:02]   [emp_id: 3018] ✓ Updated: 58.39 → 58.47 (CHANGED)
[2025-12-26 00:30:02]   [emp_id: 3025] ✓ Updated: 22.16 → 22.24 (CHANGED)
[2025-12-26 00:30:02]   [emp_id: 3037] ✓ Updated: 81.89 → 81.97 (CHANGED)
[2025-12-26 00:30:02]   [emp_id: 3047] ✓ Updated: 70.14 → 70.22 (CHANGED)
[2025-12-26 00:30:02]   [emp_id: 3061] ✓ Updated: 17.06 → 17.14 (CHANGED)
[2025-12-26 00:30:02]   [emp_id: 3062] ✓ Updated: 50.22 → 50.3 (CHANGED)
[2025-12-26 00:30:02]   [emp_id: 3074] ✓ Updated: 106.64 → 106.72 (CHANGED)
[2025-12-26 00:30:02]   [emp_id: 3089] ✓ Updated: 5.56 → 5.64 (CHANGED)
[2025-12-26 00:30:02]   [emp_id: 3090] ✓ Updated: 32.14 → 32.22 (CHANGED)
[2025-12-26 00:30:02]   [emp_id: 3091] ✓ Updated: 44.14 → 44.22 (CHANGED)
[2025-12-26 00:30:02]   [emp_id: 3092] ✓ Updated: 26.81 → 26.89 (CHANGED)
[2025-12-26 00:30:02]   [emp_id: 3105] ✓ Updated: 47.14 → 47.22 (CHANGED)
[2025-12-26 00:30:02]   [emp_id: 3134] ✓ Updated: 42.89 → 42.97 (CHANGED)
[2025-12-26 00:30:02]   [emp_id: 3140] ✓ Updated: 39.97 → 40.05 (CHANGED)
[2025-12-26 00:30:02]   [emp_id: 3144] ✓ Updated: 12.81 → 12.89 (CHANGED)
[2025-12-26 00:30:02]   [emp_id: 3156] ✓ Updated: 16.14 → 16.22 (CHANGED)
[2025-12-26 00:30:02]   [emp_id: 3162] ✓ Updated: 1.12 → 1.2 (CHANGED)
[2025-12-26 00:30:02]   [emp_id: 3163] ✓ Updated: 4.39 → 4.47 (CHANGED)
[2025-12-26 00:30:02]   [emp_id: 3198] ✓ Updated: 39.39 → 39.47 (CHANGED)
[2025-12-26 00:30:02]   [emp_id: 3205] ✓ Updated: 16.06 → 16.14 (CHANGED)
[2025-12-26 00:30:02]   [emp_id: 3209] ✓ Updated: 40.22 → 40.3 (CHANGED)
[2025-12-26 00:30:02]   [emp_id: 3223] ✓ Updated: 89.14 → 89.22 (CHANGED)
[2025-12-26 00:30:02]   [emp_id: 3224] ✓ Updated: 63.89 → 63.97 (CHANGED)
[2025-12-26 00:30:02]   [emp_id: 3230] ✓ Updated: 87.31 → 87.39 (CHANGED)
[2025-12-26 00:30:02]   [emp_id: 3231] ✓ Updated: 21.56 → 21.64 (CHANGED)
[2025-12-26 00:30:02]   [emp_id: 3233] ✓ Updated: 80.14 → 80.22 (CHANGED)
[2025-12-26 00:30:02]   [emp_id: 3249] ✓ Updated: 35.97 → 36.05 (CHANGED)
[2025-12-26 00:30:02]   [emp_id: 3250] ✓ Updated: 8.97 → 9.05 (CHANGED)
[2025-12-26 00:30:02]   [emp_id: 3252] ✓ Updated: 9.89 → 9.97 (CHANGED)
[2025-12-26 00:30:02]   [emp_id: 3254] ✓ Updated: 20.39 → 20.47 (CHANGED)
[2025-12-26 00:30:02]   [emp_id: 3255] ✓ Updated: 16.81 → 16.89 (CHANGED)
[2025-12-26 00:30:02]   [emp_id: 3256] ✓ Updated: 13.06 → 13.14 (CHANGED)
[2025-12-26 00:30:02]   [emp_id: 3263] ✓ Updated: 29.14 → 29.22 (CHANGED)
[2025-12-26 00:30:02]   [emp_id: 3265] ✓ Updated: 24.72 → 24.8 (CHANGED)
[2025-12-26 00:30:02]   [emp_id: 3280] ✓ Updated: 71.64 → 71.72 (CHANGED)
[2025-12-26 00:30:02]   [emp_id: 3286] ✓ Updated: 14.81 → 14.89 (CHANGED)
[2025-12-26 00:30:02]   [emp_id: 3294] ✓ Updated: 14.47 → 14.55 (CHANGED)
[2025-12-26 00:30:02]   [emp_id: 3321] ✓ Updated: 71.64 → 71.72 (CHANGED)
[2025-12-26 00:30:02]   [emp_id: 3325] ✓ Updated: 59.39 → 59.47 (CHANGED)
[2025-12-26 00:30:02]   [emp_id: 3329] ✓ Updated: 61.72 → 61.8 (CHANGED)
[2025-12-26 00:30:02]   [emp_id: 3330] ✓ Updated: 61.72 → 61.8 (CHANGED)
[2025-12-26 00:30:02]   [emp_id: 3332] ✓ Updated: 61.72 → 61.8 (CHANGED)
[2025-12-26 00:30:02]   [emp_id: 3370] ✓ Updated: 53.39 → 53.47 (CHANGED)
[2025-12-26 00:30:02]   [emp_id: 3384] ✓ Updated: 13.89 → 13.97 (CHANGED)
[2025-12-26 00:30:02]   [emp_id: 3386] ✓ Updated: 43.89 → 43.97 (CHANGED)
[2025-12-26 00:30:02]   [emp_id: 3431] ✓ Updated: 18.31 → 18.39 (CHANGED)
[2025-12-26 00:30:02]   [emp_id: 3497] ✓ Updated: 8.47 → 8.55 (CHANGED)
[2025-12-26 00:30:02]   [emp_id: 3532] ✓ Updated: 45.31 → 45.39 (CHANGED)
[2025-12-26 00:30:02]   [emp_id: 3586] ✓ Updated: 9.39 → 9.47 (CHANGED)
[2025-12-26 00:30:02]   [emp_id: 3602] ✓ Updated: 0.88 → 0.96 (CHANGED)
[2025-12-26 00:30:02]   [emp_id: 3618] ✓ Updated: 22.86 → 22.94 (CHANGED)
[2025-12-26 00:30:02]   [emp_id: 3622] ✓ Updated: 34.05 → 34.1 (CHANGED)
[2025-12-26 00:30:02]   [emp_id: 3627] ✓ Updated: 8.81 → 8.89 (CHANGED)
[2025-12-26 00:30:02]   [emp_id: 3665] ✓ Updated: 50.39 → 50.47 (CHANGED)
[2025-12-26 00:30:02]   [emp_id: 3705] ✓ Updated: 27.38 → 27.43 (CHANGED)
[2025-12-26 00:30:02]   [emp_id: 3724] ✓ Updated: 43.39 → 43.47 (CHANGED)
[2025-12-26 00:30:02]   [emp_id: 3726] ✓ Updated: 59.81 → 59.89 (CHANGED)
[2025-12-26 00:30:02]   [emp_id: 3727] ✓ Updated: 64.89 → 64.97 (CHANGED)
[2025-12-26 00:30:02]   [emp_id: 3728] ✓ Updated: 9.22 → 9.3 (CHANGED)
[2025-12-26 00:30:02]   [emp_id: 3742] ✓ Updated: 32.39 → 32.47 (CHANGED)
[2025-12-26 00:30:02]   [emp_id: 3767] ✓ Updated: 59.97 → 60.05 (CHANGED)
[2025-12-26 00:30:02]   [emp_id: 3768] ✓ Updated: 56.22 → 56.3 (CHANGED)
[2025-12-26 00:30:02]   [emp_id: 3787] ✓ Updated: 56.81 → 56.89 (CHANGED)
[2025-12-26 00:30:02]   [emp_id: 3790] ✓ Updated: 1.36 → 1.44 (CHANGED)
[2025-12-26 00:30:02]   [emp_id: 3795] ✓ Updated: 14.31 → 14.39 (CHANGED)
[2025-12-26 00:30:02]   [emp_id: 3798] ✓ Updated: 92.72 → 92.8 (CHANGED)
[2025-12-26 00:30:02]   [emp_id: 3801] ✓ Updated: 0.99 → 1.07 (CHANGED)
[2025-12-26 00:30:02]   [emp_id: 3802] ✓ Updated: 29.97 → 30.05 (CHANGED)
[2025-12-26 00:30:02]   [emp_id: 3803] ✓ Updated: 114.39 → 114.47 (CHANGED)
[2025-12-26 00:30:02]   [emp_id: 3810] ✓ Updated: 60.39 → 60.47 (CHANGED)
[2025-12-26 00:30:02]   [emp_id: 3812] ✓ Updated: 89.39 → 89.47 (CHANGED)
[2025-12-26 00:30:02]   [emp_id: 3815] ✓ Updated: 89.39 → 89.47 (CHANGED)
[2025-12-26 00:30:02]   [emp_id: 3836] ✓ Updated: 57.06 → 57.14 (CHANGED)
[2025-12-26 00:30:02]   [emp_id: 3855] ✓ Updated: 50.22 → 50.3 (CHANGED)
[2025-12-26 00:30:02]   [emp_id: 3857] ✓ Updated: 53.89 → 53.97 (CHANGED)
[2025-12-26 00:30:02]   [emp_id: 3862] ✓ Updated: 101.97 → 102.05 (CHANGED)
[2025-12-26 00:30:02]   [emp_id: 3866] ✓ Updated: 27.22 → 27.3 (CHANGED)
[2025-12-26 00:30:02]   [emp_id: 3876] ✓ Updated: 47.39 → 47.47 (CHANGED)
[2025-12-26 00:30:02]   [emp_id: 3877] ✓ Updated: 48.89 → 48.97 (CHANGED)
[2025-12-26 00:30:02]   [emp_id: 3897] ✓ Updated: 37.14 → 37.22 (CHANGED)
[2025-12-26 00:30:02]   [emp_id: 3899] ✓ Updated: 0.32 → 0.4 (CHANGED)
[2025-12-26 00:30:02]   [emp_id: 3928] ✓ Updated: 13.22 → 13.3 (CHANGED)
[2025-12-26 00:30:02]   [emp_id: 3929] ✓ Updated: 8.22 → 8.3 (CHANGED)
[2025-12-26 00:30:02]   [emp_id: 3935] ✓ Updated: 93.22 → 93.3 (CHANGED)
[2025-12-26 00:30:02]   [emp_id: 3952] ✓ Updated: 75.56 → 75.64 (CHANGED)
[2025-12-26 00:30:02]   [emp_id: 3987] ✓ Updated: 13.47 → 13.55 (CHANGED)
[2025-12-26 00:30:02]   [emp_id: 4059] ✓ Updated: 2.67 → 2.75 (CHANGED)
[2025-12-26 00:30:02]   [emp_id: 4119] ✓ Updated: 56.14 → 56.22 (CHANGED)
[2025-12-26 00:30:02]   [emp_id: 4120] ✓ Updated: 25.72 → 25.8 (CHANGED)
[2025-12-26 00:30:02]   [emp_id: 4124] ✓ Updated: 26.24 → 26.32 (CHANGED)
[2025-12-26 00:30:02]   [emp_id: 4133] ✓ Updated: 104.72 → 104.8 (CHANGED)
[2025-12-26 00:30:02]   [emp_id: 4134] ✓ Updated: 25.72 → 25.8 (CHANGED)
[2025-12-26 00:30:02]   [emp_id: 4136] ✓ Updated: 25.72 → 25.8 (CHANGED)
[2025-12-26 00:30:02]   [emp_id: 4150] ✓ Updated: 24.39 → 24.47 (CHANGED)
[2025-12-26 00:30:02]   [emp_id: 4157] ✓ Updated: 17.89 → 17.97 (CHANGED)
[2025-12-26 00:30:02]   [emp_id: 4172] ✓ Updated: 11.96 → 12.01 (CHANGED)
[2025-12-26 00:30:02]   [emp_id: 4195] ✓ Updated: 61.47 → 61.55 (CHANGED)
[2025-12-26 00:30:02]   [emp_id: 4215] ✓ Updated: 44.14 → 44.22 (CHANGED)
[2025-12-26 00:30:02]   [emp_id: 4220] ✓ Updated: 39.72 → 39.8 (CHANGED)
[2025-12-26 00:30:02]   [emp_id: 4273] ✓ Updated: 8.39 → 8.47 (CHANGED)
[2025-12-26 00:30:02]   [emp_id: 4283] ✓ Updated: 13.05 → 13.1 (CHANGED)
[2025-12-26 00:30:02]   [emp_id: 4288] ✓ Updated: 0.64 → 0.72 (CHANGED)
[2025-12-26 00:30:02]   [emp_id: 4315] ✓ Updated: 14.64 → 14.72 (CHANGED)
[2025-12-26 00:30:02]   [emp_id: 4328] ✓ Updated: 41.88 → 41.93 (CHANGED)
[2025-12-26 00:30:02]   [emp_id: 4329] ✓ Updated: 4.81 → 4.89 (CHANGED)
[2025-12-26 00:30:02]   [emp_id: 4338] ✓ Updated: 46.39 → 46.47 (CHANGED)
[2025-12-26 00:30:02]   [emp_id: 4340] ✓ Updated: 125.39 → 125.47 (CHANGED)
[2025-12-26 00:30:02]   [emp_id: 4365] ✓ Updated: 59.81 → 59.89 (CHANGED)
[2025-12-26 00:30:02]   [emp_id: 4366] ✓ Updated: 58.89 → 58.97 (CHANGED)
[2025-12-26 00:30:02]   [emp_id: 4403] ✓ Updated: 84.72 → 84.8 (CHANGED)
[2025-12-26 00:30:02]   [emp_id: 4438] ✓ Updated: 20.39 → 20.47 (CHANGED)
[2025-12-26 00:30:02]   [emp_id: 4465] ✓ Updated: 12.21 → 12.26 (CHANGED)
[2025-12-26 00:30:02]   [emp_id: 4473] ✓ Updated: 43.97 → 44.05 (CHANGED)
[2025-12-26 00:30:02]   [emp_id: 4474] ✓ Updated: 58.96 → 59.01 (CHANGED)
[2025-12-26 00:30:02]   [emp_id: 4493] ✓ Updated: 162.81 → 162.89 (CHANGED)
[2025-12-26 00:30:02]   [emp_id: 4526] ✓ Updated: 35.06 → 35.14 (CHANGED)
[2025-12-26 00:30:02]   [emp_id: 4528] ✓ Updated: 106.81 → 106.89 (CHANGED)
[2025-12-26 00:30:02]   [emp_id: 4528] ✓ Updated: 106.81 → 106.89 (CHANGED)
[2025-12-26 00:30:02]   [emp_id: 4532] ✓ Updated: 7.33 → 7.38 (CHANGED)
[2025-12-26 00:30:03]   [emp_id: 4533] ✓ Updated: 35.22 → 35.3 (CHANGED)
[2025-12-26 00:30:03]   [emp_id: 4564] ✓ Updated: 24.96 → 25.01 (CHANGED)
[2025-12-26 00:30:03]   [emp_id: 4565] ✓ Updated: 14.71 → 14.76 (CHANGED)
[2025-12-26 00:30:03]   [emp_id: 4567] ✓ Updated: 18.96 → 19.01 (CHANGED)
[2025-12-26 00:30:03]   [emp_id: 4572] ✓ Updated: 58.46 → 58.51 (CHANGED)
[2025-12-26 00:30:03]   [emp_id: 4631] ✓ Updated: 14.71 → 14.76 (CHANGED)
[2025-12-26 00:30:03]   [emp_id: 4655] ✓ Updated: 24.14 → 24.22 (CHANGED)
[2025-12-26 00:30:03]   [emp_id: 4689] ✓ Updated: 1.91 → 1.99 (CHANGED)
[2025-12-26 00:30:03]   [emp_id: 4709] ✓ Updated: 39.39 → 39.47 (CHANGED)
[2025-12-26 00:30:03]   [emp_id: 4717] ✓ Updated: 65.39 → 65.47 (CHANGED)
[2025-12-26 00:30:03]   [emp_id: 4736] ✓ Updated: 27.22 → 27.3 (CHANGED)
[2025-12-26 00:30:03]   [emp_id: 4756] ✓ Updated: 11.15 → 11.2 (CHANGED)
[2025-12-26 00:30:03]   [emp_id: 4768] ✓ Updated: 11.89 → 11.97 (CHANGED)
[2025-12-26 00:30:03]   [emp_id: 4780] ✓ Updated: 64.88 → 64.93 (CHANGED)
[2025-12-26 00:30:03]   [emp_id: 4820] ✓ Updated: 98.22 → 98.3 (CHANGED)
[2025-12-26 00:30:03]   [emp_id: 4825] ✓ Updated: 29.97 → 30.05 (CHANGED)
[2025-12-26 00:30:03]   [emp_id: 4835] ✓ Updated: 47.63 → 47.68 (CHANGED)
[2025-12-26 00:30:03]   [emp_id: 4837] ✓ Updated: 44.87 → 44.92 (CHANGED)
[2025-12-26 00:30:03]   [emp_id: 4838] ✓ Updated: 43.89 → 43.94 (CHANGED)
[2025-12-26 00:30:03]   [emp_id: 4840] ✓ Updated: 44.87 → 44.92 (CHANGED)
[2025-12-26 00:30:03]   [emp_id: 4842] ✓ Updated: 44.11 → 44.16 (CHANGED)
[2025-12-26 00:30:03]   [emp_id: 4843] ✓ Updated: 44.64 → 44.69 (CHANGED)
[2025-12-26 00:30:03]   [emp_id: 4853] ✓ Updated: 88.46 → 88.51 (CHANGED)
[2025-12-26 00:30:03]   [emp_id: 4856] ✓ Updated: 41.78 → 41.83 (CHANGED)
[2025-12-26 00:30:03]   [emp_id: 4857] ✓ Updated: 24.6 → 24.65 (CHANGED)
[2025-12-26 00:30:03]   [emp_id: 4858] ✓ Updated: 21.48 → 21.53 (CHANGED)
[2025-12-26 00:30:03]   [emp_id: 4859] ✓ Updated: 42.95 → 43 (CHANGED)
[2025-12-26 00:30:03]   [emp_id: 4860] ✓ Updated: 7.45 → 7.5 (CHANGED)
[2025-12-26 00:30:03]   [emp_id: 4861] ✓ Updated: 40.91 → 40.96 (CHANGED)
[2025-12-26 00:30:03]   [emp_id: 4869] ✓ Updated: 83.79 → 83.84 (CHANGED)
[2025-12-26 00:30:03]   [emp_id: 4894] ✓ Updated: 6.89 → 6.97 (CHANGED)
[2025-12-26 00:30:03]   [emp_id: 4897] ✓ Updated: 22.69 → 22.74 (CHANGED)
[2025-12-26 00:30:03]   [emp_id: 4899] ✓ Updated: 18.86 → 18.91 (CHANGED)
[2025-12-26 00:30:03]   [emp_id: 4902] ✓ Updated: 18.28 → 18.33 (CHANGED)
[2025-12-26 00:30:03]   [emp_id: 4903] ✓ Updated: 20.5 → 20.55 (CHANGED)
[2025-12-26 00:30:03]   [emp_id: 4905] ✓ Updated: 19.16 → 19.21 (CHANGED)
[2025-12-26 00:30:03]   [emp_id: 4907] ✓ Updated: 46.97 → 47.05 (CHANGED)
[2025-12-26 00:30:03]   [emp_id: 4917] ✓ Updated: 16.12 → 16.17 (CHANGED)
[2025-12-26 00:30:03]   [emp_id: 4918] ✓ Updated: 5.89 → 5.94 (CHANGED)
[2025-12-26 00:30:03]   [emp_id: 4919] ✓ Updated: 58.18 → 58.23 (CHANGED)
[2025-12-26 00:30:03]   [emp_id: 4920] ✓ Updated: 5.26 → 5.31 (CHANGED)
[2025-12-26 00:30:03]   [emp_id: 4921] ✓ Updated: 17.35 → 17.4 (CHANGED)
[2025-12-26 00:30:03]   [emp_id: 4927] ✓ Updated: 16.18 → 16.23 (CHANGED)
[2025-12-26 00:30:03]   [emp_id: 4929] ✓ Updated: 17.7 → 17.75 (CHANGED)
[2025-12-26 00:30:03]   [emp_id: 4930] ✓ Updated: 58.47 → 58.52 (CHANGED)
[2025-12-26 00:30:03]   [emp_id: 4932] ✓ Updated: 16.47 → 16.52 (CHANGED)
[2025-12-26 00:30:03]   [emp_id: 4933] ✓ Updated: 19.88 → 19.93 (CHANGED)
[2025-12-26 00:30:03]   [emp_id: 4949] ✓ Updated: 35.31 → 35.36 (CHANGED)
[2025-12-26 00:30:03]   [emp_id: 4956] ✓ Updated: 28.9 → 28.95 (CHANGED)
[2025-12-26 00:30:03]   [emp_id: 4957] ✓ Updated: 29.57 → 29.62 (CHANGED)
[2025-12-26 00:30:03]   [emp_id: 4962] ✓ Updated: 46.33 → 46.41 (CHANGED)
[2025-12-26 00:30:03]   [emp_id: 4969] ✓ Updated: 45.64 → 45.72 (CHANGED)
[2025-12-26 00:30:03]   [emp_id: 4976] ✓ Updated: 9.59 → 9.64 (CHANGED)
[2025-12-26 00:30:03]   [emp_id: 4984] ✓ Updated: 36.89 → 36.97 (CHANGED)
[2025-12-26 00:30:03]   [emp_id: 4995] ✓ Updated: 48.96 → 49.04 (CHANGED)
[2025-12-26 00:30:03]   [emp_id: 5004] ✓ Updated: 26.53 → 26.58 (CHANGED)
[2025-12-26 00:30:03]   [emp_id: 5006] ✓ Updated: 26.27 → 26.32 (CHANGED)
[2025-12-26 00:30:03]   [emp_id: 5011] ✓ Updated: 12.56 → 12.64 (CHANGED)
[2025-12-26 00:30:03]   [emp_id: 5013] ✓ Updated: 66.64 → 66.69 (CHANGED)
[2025-12-26 00:30:03]   [emp_id: 5018] ✓ Updated: 3.13 → 3.18 (CHANGED)
[2025-12-26 00:30:03]   [emp_id: 5021] ✓ Updated: 59.99 → 60.07 (CHANGED)
[2025-12-26 00:30:03]   [emp_id: 5024] ✓ Updated: 1.15 → 1.2 (CHANGED)
[2025-12-26 00:30:03]   [emp_id: 5030] ✓ Updated: 31.1 → 31.15 (CHANGED)
[2025-12-26 00:30:03]   [emp_id: 5033] ✓ Updated: 21.9 → 21.95 (CHANGED)
[2025-12-26 00:30:03]   [emp_id: 5043] ✓ Updated: 29.56 → 29.64 (CHANGED)
[2025-12-26 00:30:03]   [emp_id: 5045] ✓ Updated: 26.06 → 26.14 (CHANGED)
[2025-12-26 00:30:03]   [emp_id: 5046] ✓ Updated: 21.25 → 21.33 (CHANGED)
[2025-12-26 00:30:03]   [emp_id: 5049] ✓ Updated: 38.58 → 38.63 (CHANGED)
[2025-12-26 00:30:03]   [emp_id: 5052] ✓ Updated: 29.86 → 29.91 (CHANGED)
[2025-12-26 00:30:03]   [emp_id: 5055] ✓ Updated: 18.3 → 18.35 (CHANGED)
[2025-12-26 00:30:03]   [emp_id: 5058] ✓ Updated: 27.28 → 27.33 (CHANGED)
[2025-12-26 00:30:03]   [emp_id: 5062] ✓ Updated: 39.11 → 39.16 (CHANGED)
[2025-12-26 00:30:03]   [emp_id: 5064] ✓ Updated: 116.89 → 116.97 (CHANGED)
[2025-12-26 00:30:03]   [emp_id: 5065] ✓ Updated: 38.52 → 38.57 (CHANGED)
[2025-12-26 00:30:03]   [emp_id: 5071] ✓ Updated: 22.39 → 22.47 (CHANGED)
[2025-12-26 00:30:03]   [emp_id: 5073] ✓ Updated: 13.12 → 13.17 (CHANGED)
[2025-12-26 00:30:03]   [emp_id: 5079] ✓ Updated: 33.68 → 33.73 (CHANGED)
[2025-12-26 00:30:03]   [emp_id: 5080] ✓ Updated: 29.01 → 29.06 (CHANGED)
[2025-12-26 00:30:03]   [emp_id: 5081] ✓ Updated: 15.27 → 15.32 (CHANGED)
[2025-12-26 00:30:03]   [emp_id: 5087] ✓ Updated: 35.31 → 35.36 (CHANGED)
[2025-12-26 00:30:03]   [emp_id: 5091] ✓ Updated: 75.16 → 75.21 (CHANGED)
[2025-12-26 00:30:03]   [emp_id: 5093] ✓ Updated: 13.56 → 13.64 (CHANGED)
[2025-12-26 00:30:03]   [emp_id: 5095] ✓ Updated: 0.7 → 0.75 (CHANGED)
[2025-12-26 00:30:03]   [emp_id: 5101] ✓ Updated: 15.64 → 15.72 (CHANGED)
[2025-12-26 00:30:03]   [emp_id: 5107] ✓ Updated: 13.97 → 14.05 (CHANGED)
[2025-12-26 00:30:03]   [emp_id: 5109] ✓ Updated: 11.22 → 11.3 (CHANGED)
[2025-12-26 00:30:03]   [emp_id: 5119] ✓ Updated: 9.39 → 9.47 (CHANGED)
[2025-12-26 00:30:03]   [emp_id: 5122] ✓ Updated: 6.56 → 6.64 (CHANGED)
[2025-12-26 00:30:03]   [emp_id: 5126] ✓ Updated: 26.04 → 26.09 (CHANGED)
[2025-12-26 00:30:03]   [emp_id: 5127] ✓ Updated: 22.83 → 22.88 (CHANGED)
[2025-12-26 00:30:03]   [emp_id: 5128] ✓ Updated: 25.98 → 26.03 (CHANGED)
[2025-12-26 00:30:03]   [emp_id: 5138] ✓ Updated: 65.22 → 65.3 (CHANGED)
[2025-12-26 00:30:03]   [emp_id: 5138] ✓ Updated: 65.22 → 65.3 (CHANGED)
[2025-12-26 00:30:03]   [emp_id: 5141] ✓ Updated: 34.35 → 34.4 (CHANGED)
[2025-12-26 00:30:03]   [emp_id: 5142] ✓ Updated: 13.35 → 13.4 (CHANGED)
[2025-12-26 00:30:03]   [emp_id: 5146] ✓ Updated: 20.35 → 20.4 (CHANGED)
[2025-12-26 00:30:03]   [emp_id: 5147] ✓ Updated: 19.35 → 19.4 (CHANGED)
[2025-12-26 00:30:03]   [emp_id: 5148] ✓ Updated: 24.7 → 24.75 (CHANGED)
[2025-12-26 00:30:03]   [emp_id: 5149] ✓ Updated: 23.59 → 23.64 (CHANGED)
[2025-12-26 00:30:03]   [emp_id: 5150] ✓ Updated: 22.95 → 23 (CHANGED)
[2025-12-26 00:30:03]   [emp_id: 5151] ✓ Updated: 22.77 → 22.82 (CHANGED)
[2025-12-26 00:30:03]   [emp_id: 5152] ✓ Updated: 3.19 → 3.24 (CHANGED)
[2025-12-26 00:30:03]   [emp_id: 5157] ✓ Updated: 22.77 → 22.82 (CHANGED)
[2025-12-26 00:30:03]   [emp_id: 5160] ✓ Updated: 22.77 → 22.82 (CHANGED)
[2025-12-26 00:30:03]   [emp_id: 5163] ✓ Updated: 20.56 → 20.61 (CHANGED)
[2025-12-26 00:30:03]   [emp_id: 5165] ✓ Updated: 0.66 → 0.74 (CHANGED)
[2025-12-26 00:30:03]   [emp_id: 5167] ✓ Updated: 29.71 → 29.76 (CHANGED)
[2025-12-26 00:30:03]   [emp_id: 5168] ✓ Updated: 22.25 → 22.3 (CHANGED)
[2025-12-26 00:30:03]   [emp_id: 5173] ✓ Updated: 24.31 → 24.39 (CHANGED)
[2025-12-26 00:30:03]   [emp_id: 5174] ✓ Updated: 22.71 → 22.76 (CHANGED)
[2025-12-26 00:30:03]   [emp_id: 5181] ✓ Updated: 19.1 → 19.15 (CHANGED)
[2025-12-26 00:30:03]   [emp_id: 5186] ✓ Updated: 24.63 → 24.68 (CHANGED)
[2025-12-26 00:30:03]   [emp_id: 5187] ✓ Updated: 35.63 → 35.68 (CHANGED)
[2025-12-26 00:30:03]   [emp_id: 5204] ✓ Updated: 21.81 → 21.89 (CHANGED)
[2025-12-26 00:30:03]   [emp_id: 5205] ✓ Updated: 11.84 → 11.89 (CHANGED)
[2025-12-26 00:30:03]   [emp_id: 5209] ✓ Updated: 14.84 → 14.89 (CHANGED)
[2025-12-26 00:30:03]   [emp_id: 5213] ✓ Updated: 1.25 → 1.3 (CHANGED)
[2025-12-26 00:30:03]   [emp_id: 5214] ✓ Updated: 3.09 → 3.14 (CHANGED)
[2025-12-26 00:30:03]   [emp_id: 5215] ✓ Updated: 9.84 → 9.89 (CHANGED)
[2025-12-26 00:30:03]   [emp_id: 5217] ✓ Updated: 8.84 → 8.89 (CHANGED)
[2025-12-26 00:30:03]   [emp_id: 5219] ✓ Updated: 12.84 → 12.89 (CHANGED)
[2025-12-26 00:30:03]   [emp_id: 5221] ✓ Updated: 4.21 → 4.26 (CHANGED)
[2025-12-26 00:30:03]   [emp_id: 5224] ✓ Updated: 13.84 → 13.89 (CHANGED)
[2025-12-26 00:30:03]   [emp_id: 5225] ✓ Updated: 8.51 → 8.56 (CHANGED)
[2025-12-26 00:30:03]   [emp_id: 5228] ✓ Updated: 8.84 → 8.89 (CHANGED)
[2025-12-26 00:30:03]   [emp_id: 5229] ✓ Updated: 4.84 → 4.89 (CHANGED)
[2025-12-26 00:30:03]   [emp_id: 5230] ✓ Updated: 11.51 → 11.56 (CHANGED)
[2025-12-26 00:30:03]   [emp_id: 5231] ✓ Updated: 5.84 → 5.89 (CHANGED)
[2025-12-26 00:30:03]   [emp_id: 5232] ✓ Updated: 10.84 → 10.89 (CHANGED)
[2025-12-26 00:30:03]   [emp_id: 5233] ✓ Updated: 3.84 → 3.89 (CHANGED)
[2025-12-26 00:30:03]   [emp_id: 5234] ✓ Updated: 3.84 → 3.89 (CHANGED)
[2025-12-26 00:30:03]   [emp_id: 5235] ✓ Updated: 4.51 → 4.56 (CHANGED)
[2025-12-26 00:30:03]   [emp_id: 5237] ✓ Updated: 10.09 → 10.14 (CHANGED)
[2025-12-26 00:30:03]   [emp_id: 5239] ✓ Updated: 6.84 → 6.89 (CHANGED)
[2025-12-26 00:30:03]   [emp_id: 5241] ✓ Updated: 4.84 → 4.89 (CHANGED)
[2025-12-26 00:30:03]   [emp_id: 5242] ✓ Updated: 14.84 → 14.89 (CHANGED)
[2025-12-26 00:30:03]   [emp_id: 5243] ✓ Updated: 1.25 → 1.3 (CHANGED)
[2025-12-26 00:30:03]   [emp_id: 5244] ✓ Updated: 0.55 → 0.6 (CHANGED)
[2025-12-26 00:30:03]   [emp_id: 5246] ✓ Updated: 10.84 → 10.89 (CHANGED)
[2025-12-26 00:30:03]   [emp_id: 5253] ✓ Updated: 23.71 → 23.76 (CHANGED)
[2025-12-26 00:30:03]   [emp_id: 5254] ✓ Updated: 11.69 → 11.74 (CHANGED)
[2025-12-26 00:30:03]   [emp_id: 5257] ✓ Updated: 11.4 → 11.45 (CHANGED)
[2025-12-26 00:30:03]   [emp_id: 5259] ✓ Updated: 47.93 → 47.98 (CHANGED)
[2025-12-26 00:30:03]   [emp_id: 5261] ✓ Updated: 15.41 → 15.49 (CHANGED)
[2025-12-26 00:30:03]   [emp_id: 5264] ✓ Updated: 25.41 → 25.46 (CHANGED)
[2025-12-26 00:30:04]   [emp_id: 5266] ✓ Updated: 20.03 → 20.08 (CHANGED)
[2025-12-26 00:30:04]   [emp_id: 5268] ✓ Updated: 8.6 → 8.65 (CHANGED)
[2025-12-26 00:30:04]   [emp_id: 5271] ✓ Updated: 7.26 → 7.31 (CHANGED)
[2025-12-26 00:30:04]   [emp_id: 5272] ✓ Updated: 8.13 → 8.18 (CHANGED)
[2025-12-26 00:30:04]   [emp_id: 5273] ✓ Updated: 23.2 → 23.25 (CHANGED)
[2025-12-26 00:30:04]   [emp_id: 5275] ✓ Updated: 8.95 → 9 (CHANGED)
[2025-12-26 00:30:04]   [emp_id: 5276] ✓ Updated: 23.22 → 23.27 (CHANGED)
[2025-12-26 00:30:04]   [emp_id: 5278] ✓ Updated: 7.61 → 7.66 (CHANGED)
[2025-12-26 00:30:04]   [emp_id: 5280] ✓ Updated: 18.01 → 18.06 (CHANGED)
[2025-12-26 00:30:04]   [emp_id: 5282] ✓ Updated: 10.89 → 10.97 (CHANGED)
[2025-12-26 00:30:04]   [emp_id: 5285] ✓ Updated: 28.01 → 28.06 (CHANGED)
[2025-12-26 00:30:04]   [emp_id: 5286] ✓ Updated: 15.01 → 15.06 (CHANGED)
[2025-12-26 00:30:04]   [emp_id: 5287] ✓ Updated: 49.31 → 49.36 (CHANGED)
[2025-12-26 00:30:04]   [emp_id: 5288] ✓ Updated: 6.58 → 6.63 (CHANGED)
[2025-12-26 00:30:04]   [emp_id: 5289] ✓ Updated: 47.86 → 47.91 (CHANGED)
[2025-12-26 00:30:04]   [emp_id: 5290] ✓ Updated: 46.63 → 46.68 (CHANGED)
[2025-12-26 00:30:04]   [emp_id: 5291] ✓ Updated: 4.63 → 4.68 (CHANGED)
[2025-12-26 00:30:04]   [emp_id: 5292] ✓ Updated: 4.57 → 4.62 (CHANGED)
[2025-12-26 00:30:04]   [emp_id: 5293] ✓ Updated: 37.06 → 37.14 (CHANGED)
[2025-12-26 00:30:04]   [emp_id: 5294] ✓ Updated: 6.81 → 6.89 (CHANGED)
[2025-12-26 00:30:04]   [emp_id: 5295] ✓ Updated: 20.81 → 20.86 (CHANGED)
[2025-12-26 00:30:04]   [emp_id: 5296] ✓ Updated: 33.83 → 33.91 (CHANGED)
[2025-12-26 00:30:04]   [emp_id: 5297] ✓ Updated: 45.23 → 45.28 (CHANGED)
[2025-12-26 00:30:04]   [emp_id: 5298] ✓ Updated: 45.23 → 45.28 (CHANGED)
[2025-12-26 00:30:04]   [emp_id: 5299] ✓ Updated: 45.23 → 45.28 (CHANGED)
[2025-12-26 00:30:04]   [emp_id: 5300] ✓ Updated: 45.23 → 45.28 (CHANGED)
[2025-12-26 00:30:04]   [emp_id: 5301] ✓ Updated: 3.05 → 3.1 (CHANGED)
[2025-12-26 00:30:04]   [emp_id: 5303] ✓ Updated: 3.48 → 3.53 (CHANGED)
[2025-12-26 00:30:04]   [emp_id: 5304] ✓ Updated: 45.23 → 45.28 (CHANGED)
[2025-12-26 00:30:04]   [emp_id: 5305] ✓ Updated: 3.23 → 3.28 (CHANGED)
[2025-12-26 00:30:04]   [emp_id: 5306] ✓ Updated: 44.94 → 44.99 (CHANGED)
[2025-12-26 00:30:04]   [emp_id: 5307] ✓ Updated: 44.94 → 44.99 (CHANGED)
[2025-12-26 00:30:04]   [emp_id: 5312] ✓ Updated: 0.55 → 0.6 (CHANGED)
[2025-12-26 00:30:04]   [emp_id: 5318] ✓ Updated: 25.65 → 25.7 (CHANGED)
[2025-12-26 00:30:04]   [emp_id: 5325] ✓ Updated: 21.61 → 21.66 (CHANGED)
[2025-12-26 00:30:04]   [emp_id: 5327] ✓ Updated: 0.7 → 0.75 (CHANGED)
[2025-12-26 00:30:04]   [emp_id: 5337] ✓ Updated: 34.72 → 34.8 (CHANGED)
[2025-12-26 00:30:04]   [emp_id: 5339] ✓ Updated: 9.8 → 9.85 (CHANGED)
[2025-12-26 00:30:04]   [emp_id: 5343] ✓ Updated: 44.64 → 44.72 (CHANGED)
[2025-12-26 00:30:04]   [emp_id: 5343] ✓ Updated: 44.64 → 44.72 (CHANGED)
[2025-12-26 00:30:04]   [emp_id: 5345] ✓ Updated: 14.47 → 14.55 (CHANGED)
[2025-12-26 00:30:04]   [emp_id: 5346] ✓ Updated: 1.52 → 1.57 (CHANGED)
[2025-12-26 00:30:04]   [emp_id: 5351] ✓ Updated: 16.46 → 16.51 (CHANGED)
[2025-12-26 00:30:04]   [emp_id: 5352] ✓ Updated: 24.89 → 24.97 (CHANGED)
[2025-12-26 00:30:04]   [emp_id: 5370] ✓ Updated: 15.11 → 15.16 (CHANGED)
[2025-12-26 00:30:04]   [emp_id: 5371] ✓ Updated: 0.8 → 0.88 (CHANGED)
[2025-12-26 00:30:04]   [emp_id: 5376] ✓ Updated: 9.71 → 9.76 (CHANGED)
[2025-12-26 00:30:04]   [emp_id: 5378] ✓ Updated: 16.72 → 16.8 (CHANGED)
[2025-12-26 00:30:04]   [emp_id: 5380] ✓ Updated: 16.12 → 16.17 (CHANGED)
[2025-12-26 00:30:04]   [emp_id: 5381] ✓ Updated: 11.16 → 11.24 (CHANGED)
[2025-12-26 00:30:04]   [emp_id: 5383] ✓ Updated: 15.47 → 15.55 (CHANGED)
[2025-12-26 00:30:04]   [emp_id: 5388] ✓ Updated: 26.9 → 26.95 (CHANGED)
[2025-12-26 00:30:04]   [emp_id: 5396] ✓ Updated: 28.14 → 28.19 (CHANGED)
[2025-12-26 00:30:04]   [emp_id: 5397] ✓ Updated: 19.6 → 19.65 (CHANGED)
[2025-12-26 00:30:04]   [emp_id: 5401] ✓ Updated: 22.71 → 22.76 (CHANGED)
[2025-12-26 00:30:04]   [emp_id: 5402] ✓ Updated: 22.83 → 22.88 (CHANGED)
[2025-12-26 00:30:04]   [emp_id: 5406] ✓ Updated: 21.55 → 21.6 (CHANGED)
[2025-12-26 00:30:04]   [emp_id: 5407] ✓ Updated: 15.24 → 15.32 (CHANGED)
[2025-12-26 00:30:04]   [emp_id: 5409] ✓ Updated: 15.89 → 15.94 (CHANGED)
[2025-12-26 00:30:04]   [emp_id: 5413] ✓ Updated: 27.64 → 27.72 (CHANGED)
[2025-12-26 00:30:04]   [emp_id: 5414] ✓ Updated: 27.31 → 27.39 (CHANGED)
[2025-12-26 00:30:04]   [emp_id: 5415] ✓ Updated: 3.24 → 3.32 (CHANGED)
[2025-12-26 00:30:04]   [emp_id: 5418] ✓ Updated: 14.95 → 15 (CHANGED)
[2025-12-26 00:30:04]   [emp_id: 5422] ✓ Updated: 19.97 → 20.05 (CHANGED)
[2025-12-26 00:30:04]   [emp_id: 5423] ✓ Updated: 4.66 → 4.74 (CHANGED)
[2025-12-26 00:30:04]   [emp_id: 5424] ✓ Updated: 13.5 → 13.55 (CHANGED)
[2025-12-26 00:30:04]   [emp_id: 5425] ✓ Updated: 13.5 → 13.55 (CHANGED)
[2025-12-26 00:30:04]   [emp_id: 5426] ✓ Updated: 3.21 → 3.29 (CHANGED)
[2025-12-26 00:30:04]   [emp_id: 5426] ✓ Updated: 3.21 → 3.29 (CHANGED)
[2025-12-26 00:30:04]   [emp_id: 5427] ✓ Updated: 13.61 → 13.66 (CHANGED)
[2025-12-26 00:30:04]   [emp_id: 5428] ✓ Updated: 13.5 → 13.55 (CHANGED)
[2025-12-26 00:30:04]   [emp_id: 5430] ✓ Updated: 16.97 → 17.05 (CHANGED)
[2025-12-26 00:30:04]   [emp_id: 5431] ✓ Updated: 12.62 → 12.67 (CHANGED)
[2025-12-26 00:30:04]   [emp_id: 5434] ✓ Updated: 12.39 → 12.44 (CHANGED)
[2025-12-26 00:30:04]   [emp_id: 5435] ✓ Updated: 12.33 → 12.38 (CHANGED)
[2025-12-26 00:30:04]   [emp_id: 5436] ✓ Updated: 12.33 → 12.38 (CHANGED)
[2025-12-26 00:30:04]   [emp_id: 5438] ✓ Updated: 14.89 → 14.97 (CHANGED)
[2025-12-26 00:30:04]   [emp_id: 5439] ✓ Updated: 24.39 → 24.47 (CHANGED)
[2025-12-26 00:30:04]   [emp_id: 5442] ✓ Updated: 13.39 → 13.47 (CHANGED)
[2025-12-26 00:30:04]   [emp_id: 5443] ✓ Updated: 8.01 → 8.06 (CHANGED)
[2025-12-26 00:30:04]   [emp_id: 5445] ✓ Updated: 6.79 → 6.84 (CHANGED)
[2025-12-26 00:30:04]   [emp_id: 5446] ✓ Updated: 6.79 → 6.84 (CHANGED)
[2025-12-26 00:30:04]   [emp_id: 5447] ✓ Updated: 6.73 → 6.78 (CHANGED)
[2025-12-26 00:30:04]   [emp_id: 5448] ✓ Updated: 6.41 → 6.49 (CHANGED)
[2025-12-26 00:30:04]   [emp_id: 5449] ✓ Updated: 4.81 → 4.86 (CHANGED)
[2025-12-26 00:30:04]   [emp_id: 5450] ✓ Updated: 4.75 → 4.8 (CHANGED)
[2025-12-26 00:30:04]   [emp_id: 5451] ✓ Updated: 4.75 → 4.8 (CHANGED)
[2025-12-26 00:30:04]   [emp_id: 5454] ✓ Updated: 6.47 → 6.55 (CHANGED)
[2025-12-26 00:30:04]   [emp_id: 5455] ✓ Updated: 4.72 → 4.8 (CHANGED)
[2025-12-26 00:30:04]   [emp_id: 5456] ✓ Updated: 5.72 → 5.8 (CHANGED)
[2025-12-26 00:30:04] Report saved to: /home/almutlak/public_html/hr/cron_logs/last_vacation_update_report.json
