[2025-12-02 00:30:02] ========== CRON: Vacation Balance Update Started ==========
[2025-12-02 00:30:02] Database connection established
[2025-12-02 00:30:02] Found 445 active employees with balance records to update
[2025-12-02 00:30:02] (Only employees with status=1 will be processed)
[2025-12-02 00:30:02]   [emp_id: 1061] ✓ Updated: 30.72 → 30.8 (CHANGED)
[2025-12-02 00:30:02]   [emp_id: 1496] ✓ Updated: 13.89 → 13.97 (CHANGED)
[2025-12-02 00:30:02]   [emp_id: 1500] ✓ Updated: 23.14 → 23.22 (CHANGED)
[2025-12-02 00:30:02]   [emp_id: 1574] ✓ Updated: 30.8 → 30.88 (CHANGED)
[2025-12-02 00:30:02]   [emp_id: 1673] ✓ Updated: 42.3 → 42.38 (CHANGED)
[2025-12-02 00:30:02]   [emp_id: 1685] ✓ Updated: 12.22 → 12.3 (CHANGED)
[2025-12-02 00:30:02]   [emp_id: 1764] ✓ Updated: 66.89 → 66.97 (CHANGED)
[2025-12-02 00:30:02]   [emp_id: 1805] ✓ Updated: 61.22 → 61.3 (CHANGED)
[2025-12-02 00:30:02]   [emp_id: 1822] ✓ Updated: 65.97 → 66.05 (CHANGED)
[2025-12-02 00:30:02]   [emp_id: 1837] ✓ Updated: 22.14 → 22.22 (CHANGED)
[2025-12-02 00:30:02]   [emp_id: 1857] ✓ Updated: 17.47 → 17.55 (CHANGED)
[2025-12-02 00:30:02]   [emp_id: 1861] ✓ Updated: 68.3 → 68.38 (CHANGED)
[2025-12-02 00:30:02]   [emp_id: 1872] ✓ Updated: 7.14 → 7.22 (CHANGED)
[2025-12-02 00:30:02]   [emp_id: 1897] ✓ Updated: 29.47 → 29.55 (CHANGED)
[2025-12-02 00:30:02]   [emp_id: 1916] ✓ Updated: 71.8 → 71.88 (CHANGED)
[2025-12-02 00:30:02]   [emp_id: 1928] ✓ Updated: 61.72 → 61.8 (CHANGED)
[2025-12-02 00:30:02]   [emp_id: 1931] ✓ Updated: 81.64 → 81.72 (CHANGED)
[2025-12-02 00:30:02]   [emp_id: 1944] ✓ Updated: 39.8 → 39.88 (CHANGED)
[2025-12-02 00:30:02]   [emp_id: 1996] ✓ Updated: 68.3 → 68.38 (CHANGED)
[2025-12-02 00:30:02]   [emp_id: 1997] ✓ Updated: 33.47 → 33.55 (CHANGED)
[2025-12-02 00:30:02]   [emp_id: 1998] ✓ Updated: 84.8 → 84.88 (CHANGED)
[2025-12-02 00:30:02]   [emp_id: 1999] ✓ Updated: 85.8 → 85.88 (CHANGED)
[2025-12-02 00:30:02]   [emp_id: 2009] ✓ Updated: 32.22 → 32.3 (CHANGED)
[2025-12-02 00:30:02]   [emp_id: 2048] ✓ Updated: 22.05 → 22.13 (CHANGED)
[2025-12-02 00:30:02]   [emp_id: 2057] ✓ Updated: 62.89 → 62.97 (CHANGED)
[2025-12-02 00:30:02]   [emp_id: 2079] ✓ Updated: 45.22 → 45.3 (CHANGED)
[2025-12-02 00:30:02]   [emp_id: 2181] ✓ Updated: 34.22 → 34.3 (CHANGED)
[2025-12-02 00:30:02]   [emp_id: 2190] ✓ Updated: 3.55 → 3.63 (CHANGED)
[2025-12-02 00:30:02]   [emp_id: 2212] ✓ Updated: 21.55 → 21.63 (CHANGED)
[2025-12-02 00:30:02]   [emp_id: 2226] ✓ Updated: 66.3 → 66.38 (CHANGED)
[2025-12-02 00:30:02]   [emp_id: 2238] ✓ Updated: 64.55 → 64.63 (CHANGED)
[2025-12-02 00:30:02]   [emp_id: 2285] ✓ Updated: 33.22 → 33.3 (CHANGED)
[2025-12-02 00:30:02]   [emp_id: 2287] ✓ Updated: 44.89 → 44.97 (CHANGED)
[2025-12-02 00:30:02]   [emp_id: 2288] ✓ Updated: 59.8 → 59.88 (CHANGED)
[2025-12-02 00:30:02]   [emp_id: 2290] ✓ Updated: 76.72 → 76.8 (CHANGED)
[2025-12-02 00:30:02]   [emp_id: 2316] ✓ Updated: 13.72 → 13.8 (CHANGED)
[2025-12-02 00:30:02]   [emp_id: 2337] ✓ Updated: 34.8 → 34.88 (CHANGED)
[2025-12-02 00:30:02]   [emp_id: 2352] ✓ Updated: 66.3 → 66.38 (CHANGED)
[2025-12-02 00:30:02]   [emp_id: 2358] ✓ Updated: 2.8 → 2.88 (CHANGED)
[2025-12-02 00:30:02]   [emp_id: 2361] ✓ Updated: 68.47 → 68.55 (CHANGED)
[2025-12-02 00:30:02]   [emp_id: 2363] ✓ Updated: 71.05 → 71.13 (CHANGED)
[2025-12-02 00:30:02]   [emp_id: 2364] ✓ Updated: 70.47 → 70.55 (CHANGED)
[2025-12-02 00:30:02]   [emp_id: 2367] ✓ Updated: 98.14 → 98.22 (CHANGED)
[2025-12-02 00:30:02]   [emp_id: 2368] ✓ Updated: 28.55 → 28.63 (CHANGED)
[2025-12-02 00:30:02]   [emp_id: 2372] ✓ Updated: 65.8 → 65.88 (CHANGED)
[2025-12-02 00:30:02]   [emp_id: 2376] ✓ Updated: 115.8 → 115.88 (CHANGED)
[2025-12-02 00:30:02]   [emp_id: 2423] ✓ Updated: 16.55 → 16.63 (CHANGED)
[2025-12-02 00:30:02]   [emp_id: 2519] ✓ Updated: 170.22 → 170.3 (CHANGED)
[2025-12-02 00:30:02]   [emp_id: 2522] ✓ Updated: 53.8 → 53.88 (CHANGED)
[2025-12-02 00:30:02]   [emp_id: 2530] ✓ Updated: 49.05 → 49.13 (CHANGED)
[2025-12-02 00:30:02]   [emp_id: 2539] ✓ Updated: 45.8 → 45.88 (CHANGED)
[2025-12-02 00:30:02]   [emp_id: 2541] ✓ Updated: 26.39 → 26.47 (CHANGED)
[2025-12-02 00:30:02]   [emp_id: 2550] ✓ Updated: 92.55 → 92.63 (CHANGED)
[2025-12-02 00:30:02]   [emp_id: 2553] ✓ Updated: 59.55 → 59.63 (CHANGED)
[2025-12-02 00:30:02]   [emp_id: 2554] ✓ Updated: 36.14 → 36.22 (CHANGED)
[2025-12-02 00:30:02]   [emp_id: 2565] ✓ Updated: 90.72 → 90.8 (CHANGED)
[2025-12-02 00:30:02]   [emp_id: 2572] ✓ Updated: 40.72 → 40.8 (CHANGED)
[2025-12-02 00:30:02]   [emp_id: 2637] ✓ Updated: 61.3 → 61.38 (CHANGED)
[2025-12-02 00:30:02]   [emp_id: 2642] ✓ Updated: 74.05 → 74.13 (CHANGED)
[2025-12-02 00:30:03]   [emp_id: 2645] ✓ Updated: 90.05 → 90.13 (CHANGED)
[2025-12-02 00:30:03]   [emp_id: 2648] ✓ Updated: 41.72 → 41.8 (CHANGED)
[2025-12-02 00:30:03]   [emp_id: 2654] ✓ Updated: 84.39 → 84.47 (CHANGED)
[2025-12-02 00:30:03]   [emp_id: 2688] ✓ Updated: 22.47 → 22.55 (CHANGED)
[2025-12-02 00:30:03]   [emp_id: 2690] ✓ Updated: 11.22 → 11.3 (CHANGED)
[2025-12-02 00:30:03]   [emp_id: 2709] ✓ Updated: 33.47 → 33.55 (CHANGED)
[2025-12-02 00:30:03]   [emp_id: 2745] ✓ Updated: 30.05 → 30.13 (CHANGED)
[2025-12-02 00:30:03]   [emp_id: 2843] ✓ Updated: 76.64 → 76.72 (CHANGED)
[2025-12-02 00:30:03]   [emp_id: 2854] ✓ Updated: 56.55 → 56.63 (CHANGED)
[2025-12-02 00:30:03]   [emp_id: 2869] ✓ Updated: 61.47 → 61.55 (CHANGED)
[2025-12-02 00:30:03]   [emp_id: 2876] ✓ Updated: 31.3 → 31.38 (CHANGED)
[2025-12-02 00:30:03]   [emp_id: 2924] ✓ Updated: 12.47 → 12.55 (CHANGED)
[2025-12-02 00:30:03]   [emp_id: 2953] ✓ Updated: 98.22 → 98.3 (CHANGED)
[2025-12-02 00:30:03]   [emp_id: 2961] ✓ Updated: 8.22 → 8.3 (CHANGED)
[2025-12-02 00:30:03]   [emp_id: 2975] ✓ Updated: 10.22 → 10.3 (CHANGED)
[2025-12-02 00:30:03]   [emp_id: 3013] ✓ Updated: 7.22 → 7.3 (CHANGED)
[2025-12-02 00:30:03]   [emp_id: 3014] ✓ Updated: 86.47 → 86.55 (CHANGED)
[2025-12-02 00:30:03]   [emp_id: 3015] ✓ Updated: 37.72 → 37.8 (CHANGED)
[2025-12-02 00:30:03]   [emp_id: 3018] ✓ Updated: 56.47 → 56.55 (CHANGED)
[2025-12-02 00:30:03]   [emp_id: 3025] ✓ Updated: 80.14 → 80.22 (CHANGED)
[2025-12-02 00:30:03]   [emp_id: 3037] ✓ Updated: 79.97 → 80.05 (CHANGED)
[2025-12-02 00:30:03]   [emp_id: 3047] ✓ Updated: 68.22 → 68.3 (CHANGED)
[2025-12-02 00:30:03]   [emp_id: 3061] ✓ Updated: 15.14 → 15.22 (CHANGED)
[2025-12-02 00:30:03]   [emp_id: 3062] ✓ Updated: 48.3 → 48.38 (CHANGED)
[2025-12-02 00:30:03]   [emp_id: 3074] ✓ Updated: 104.72 → 104.8 (CHANGED)
[2025-12-02 00:30:03]   [emp_id: 3089] ✓ Updated: 3.64 → 3.72 (CHANGED)
[2025-12-02 00:30:03]   [emp_id: 3090] ✓ Updated: 30.22 → 30.3 (CHANGED)
[2025-12-02 00:30:03]   [emp_id: 3091] ✓ Updated: 42.22 → 42.3 (CHANGED)
[2025-12-02 00:30:03]   [emp_id: 3092] ✓ Updated: 24.89 → 24.97 (CHANGED)
[2025-12-02 00:30:03]   [emp_id: 3105] ✓ Updated: 45.22 → 45.3 (CHANGED)
[2025-12-02 00:30:03]   [emp_id: 3134] ✓ Updated: 40.97 → 41.05 (CHANGED)
[2025-12-02 00:30:03]   [emp_id: 3140] ✓ Updated: 38.05 → 38.13 (CHANGED)
[2025-12-02 00:30:03]   [emp_id: 3144] ✓ Updated: 10.89 → 10.97 (CHANGED)
[2025-12-02 00:30:03]   [emp_id: 3156] ✓ Updated: 14.22 → 14.3 (CHANGED)
[2025-12-02 00:30:03]   [emp_id: 3162] ✓ Updated: 29.22 → 29.3 (CHANGED)
[2025-12-02 00:30:03]   [emp_id: 3163] ✓ Updated: 2.47 → 2.55 (CHANGED)
[2025-12-02 00:30:03]   [emp_id: 3198] ✓ Updated: 37.47 → 37.55 (CHANGED)
[2025-12-02 00:30:03]   [emp_id: 3205] ✓ Updated: 14.14 → 14.22 (CHANGED)
[2025-12-02 00:30:03]   [emp_id: 3209] ✓ Updated: 38.3 → 38.38 (CHANGED)
[2025-12-02 00:30:03]   [emp_id: 3223] ✓ Updated: 87.22 → 87.3 (CHANGED)
[2025-12-02 00:30:03]   [emp_id: 3224] ✓ Updated: 61.97 → 62.05 (CHANGED)
[2025-12-02 00:30:03]   [emp_id: 3230] ✓ Updated: 85.39 → 85.47 (CHANGED)
[2025-12-02 00:30:03]   [emp_id: 3231] ✓ Updated: 86.64 → 86.72 (CHANGED)
[2025-12-02 00:30:03]   [emp_id: 3233] ✓ Updated: 78.22 → 78.3 (CHANGED)
[2025-12-02 00:30:03]   [emp_id: 3249] ✓ Updated: 34.05 → 34.13 (CHANGED)
[2025-12-02 00:30:03]   [emp_id: 3250] ✓ Updated: 7.05 → 7.13 (CHANGED)
[2025-12-02 00:30:03]   [emp_id: 3252] ✓ Updated: 7.97 → 8.05 (CHANGED)
[2025-12-02 00:30:03]   [emp_id: 3254] ✓ Updated: 18.47 → 18.55 (CHANGED)
[2025-12-02 00:30:03]   [emp_id: 3255] ✓ Updated: 14.89 → 14.97 (CHANGED)
[2025-12-02 00:30:03]   [emp_id: 3256] ✓ Updated: 11.14 → 11.22 (CHANGED)
[2025-12-02 00:30:03]   [emp_id: 3263] ✓ Updated: 27.22 → 27.3 (CHANGED)
[2025-12-02 00:30:03]   [emp_id: 3265] ✓ Updated: 22.8 → 22.88 (CHANGED)
[2025-12-02 00:30:03]   [emp_id: 3280] ✓ Updated: 69.72 → 69.8 (CHANGED)
[2025-12-02 00:30:03]   [emp_id: 3286] ✓ Updated: 12.89 → 12.97 (CHANGED)
[2025-12-02 00:30:03]   [emp_id: 3294] ✓ Updated: 12.55 → 12.63 (CHANGED)
[2025-12-02 00:30:03]   [emp_id: 3321] ✓ Updated: 69.72 → 69.8 (CHANGED)
[2025-12-02 00:30:03]   [emp_id: 3325] ✓ Updated: 57.47 → 57.55 (CHANGED)
[2025-12-02 00:30:03]   [emp_id: 3329] ✓ Updated: 59.8 → 59.88 (CHANGED)
[2025-12-02 00:30:03]   [emp_id: 3330] ✓ Updated: 59.8 → 59.88 (CHANGED)
[2025-12-02 00:30:03]   [emp_id: 3332] ✓ Updated: 59.8 → 59.88 (CHANGED)
[2025-12-02 00:30:03]   [emp_id: 3370] ✓ Updated: 51.47 → 51.55 (CHANGED)
[2025-12-02 00:30:03]   [emp_id: 3384] ✓ Updated: 11.97 → 12.05 (CHANGED)
[2025-12-02 00:30:03]   [emp_id: 3386] ✓ Updated: 41.97 → 42.05 (CHANGED)
[2025-12-02 00:30:03]   [emp_id: 3431] ✓ Updated: 17.39 → 17.47 (CHANGED)
[2025-12-02 00:30:03]   [emp_id: 3497] ✓ Updated: 6.55 → 6.63 (CHANGED)
[2025-12-02 00:30:03]   [emp_id: 3532] ✓ Updated: 43.39 → 43.47 (CHANGED)
[2025-12-02 00:30:03]   [emp_id: 3586] ✓ Updated: 7.47 → 7.55 (CHANGED)
[2025-12-02 00:30:03]   [emp_id: 3602] ✓ Updated: 50.47 → 50.55 (CHANGED)
[2025-12-02 00:30:03]   [emp_id: 3618] ✓ Updated: 54.97 → 55.05 (CHANGED)
[2025-12-02 00:30:03]   [emp_id: 3622] ✓ Updated: 32.85 → 32.9 (CHANGED)
[2025-12-02 00:30:03]   [emp_id: 3627] ✓ Updated: 6.89 → 6.97 (CHANGED)
[2025-12-02 00:30:03]   [emp_id: 3665] ✓ Updated: 48.47 → 48.55 (CHANGED)
[2025-12-02 00:30:03]   [emp_id: 3705] ✓ Updated: 26.18 → 26.23 (CHANGED)
[2025-12-02 00:30:03]   [emp_id: 3724] ✓ Updated: 41.47 → 41.55 (CHANGED)
[2025-12-02 00:30:03]   [emp_id: 3726] ✓ Updated: 57.89 → 57.97 (CHANGED)
[2025-12-02 00:30:03]   [emp_id: 3727] ✓ Updated: 62.97 → 63.05 (CHANGED)
[2025-12-02 00:30:03]   [emp_id: 3728] ✓ Updated: 7.3 → 7.38 (CHANGED)
[2025-12-02 00:30:03]   [emp_id: 3742] ✓ Updated: 30.47 → 30.55 (CHANGED)
[2025-12-02 00:30:03]   [emp_id: 3767] ✓ Updated: 58.05 → 58.13 (CHANGED)
[2025-12-02 00:30:03]   [emp_id: 3768] ✓ Updated: 54.3 → 54.38 (CHANGED)
[2025-12-02 00:30:03]   [emp_id: 3787] ✓ Updated: 54.89 → 54.97 (CHANGED)
[2025-12-02 00:30:03]   [emp_id: 3790] ✓ Updated: 59.05 → 59.13 (CHANGED)
[2025-12-02 00:30:03]   [emp_id: 3795] ✓ Updated: 12.39 → 12.47 (CHANGED)
[2025-12-02 00:30:03]   [emp_id: 3798] ✓ Updated: 90.8 → 90.88 (CHANGED)
[2025-12-02 00:30:03]   [emp_id: 3801] ✓ Updated: 28.97 → 29.05 (CHANGED)
[2025-12-02 00:30:03]   [emp_id: 3802] ✓ Updated: 28.05 → 28.13 (CHANGED)
[2025-12-02 00:30:03]   [emp_id: 3803] ✓ Updated: 112.47 → 112.55 (CHANGED)
[2025-12-02 00:30:03]   [emp_id: 3810] ✓ Updated: 58.47 → 58.55 (CHANGED)
[2025-12-02 00:30:03]   [emp_id: 3812] ✓ Updated: 87.47 → 87.55 (CHANGED)
[2025-12-02 00:30:03]   [emp_id: 3815] ✓ Updated: 87.47 → 87.55 (CHANGED)
[2025-12-02 00:30:03]   [emp_id: 3836] ✓ Updated: 55.14 → 55.22 (CHANGED)
[2025-12-02 00:30:03]   [emp_id: 3855] ✓ Updated: 48.3 → 48.38 (CHANGED)
[2025-12-02 00:30:03]   [emp_id: 3857] ✓ Updated: 51.97 → 52.05 (CHANGED)
[2025-12-02 00:30:03]   [emp_id: 3862] ✓ Updated: 100.05 → 100.13 (CHANGED)
[2025-12-02 00:30:03]   [emp_id: 3866] ✓ Updated: 25.3 → 25.38 (CHANGED)
[2025-12-02 00:30:03]   [emp_id: 3876] ✓ Updated: 45.47 → 45.55 (CHANGED)
[2025-12-02 00:30:03]   [emp_id: 3877] ✓ Updated: 46.97 → 47.05 (CHANGED)
[2025-12-02 00:30:03]   [emp_id: 3897] ✓ Updated: 35.22 → 35.3 (CHANGED)
[2025-12-02 00:30:03]   [emp_id: 3899] ✓ Updated: 50.39 → 50.47 (CHANGED)
[2025-12-02 00:30:03]   [emp_id: 3928] ✓ Updated: 11.3 → 11.38 (CHANGED)
[2025-12-02 00:30:03]   [emp_id: 3929] ✓ Updated: 6.3 → 6.38 (CHANGED)
[2025-12-02 00:30:03]   [emp_id: 3935] ✓ Updated: 91.3 → 91.38 (CHANGED)
[2025-12-02 00:30:03]   [emp_id: 3952] ✓ Updated: 73.64 → 73.72 (CHANGED)
[2025-12-02 00:30:03]   [emp_id: 3987] ✓ Updated: 11.55 → 11.63 (CHANGED)
[2025-12-02 00:30:03]   [emp_id: 4059] ✓ Updated: 14.3 → 14.38 (CHANGED)
[2025-12-02 00:30:03]   [emp_id: 4119] ✓ Updated: 54.22 → 54.3 (CHANGED)
[2025-12-02 00:30:03]   [emp_id: 4120] ✓ Updated: 23.8 → 23.88 (CHANGED)
[2025-12-02 00:30:03]   [emp_id: 4124] ✓ Updated: 54.22 → 54.3 (CHANGED)
[2025-12-02 00:30:03]   [emp_id: 4133] ✓ Updated: 102.8 → 102.88 (CHANGED)
[2025-12-02 00:30:03]   [emp_id: 4134] ✓ Updated: 23.8 → 23.88 (CHANGED)
[2025-12-02 00:30:03]   [emp_id: 4136] ✓ Updated: 23.8 → 23.88 (CHANGED)
[2025-12-02 00:30:03]   [emp_id: 4150] ✓ Updated: 22.47 → 22.55 (CHANGED)
[2025-12-02 00:30:03]   [emp_id: 4157] ✓ Updated: 15.97 → 16.05 (CHANGED)
[2025-12-02 00:30:03]   [emp_id: 4172] ✓ Updated: 10.76 → 10.81 (CHANGED)
[2025-12-02 00:30:03]   [emp_id: 4195] ✓ Updated: 59.55 → 59.63 (CHANGED)
[2025-12-02 00:30:03]   [emp_id: 4215] ✓ Updated: 42.22 → 42.3 (CHANGED)
[2025-12-02 00:30:03]   [emp_id: 4220] ✓ Updated: 37.8 → 37.88 (CHANGED)
[2025-12-02 00:30:03]   [emp_id: 4273] ✓ Updated: 6.47 → 6.55 (CHANGED)
[2025-12-02 00:30:03]   [emp_id: 4283] ✓ Updated: 11.85 → 11.9 (CHANGED)
[2025-12-02 00:30:03]   [emp_id: 4288] ✓ Updated: 41.3 → 41.38 (CHANGED)
[2025-12-02 00:30:03]   [emp_id: 4315] ✓ Updated: 12.72 → 12.8 (CHANGED)
[2025-12-02 00:30:03]   [emp_id: 4328] ✓ Updated: 40.68 → 40.73 (CHANGED)
[2025-12-02 00:30:03]   [emp_id: 4329] ✓ Updated: 2.89 → 2.97 (CHANGED)
[2025-12-02 00:30:03]   [emp_id: 4338] ✓ Updated: 44.47 → 44.55 (CHANGED)
[2025-12-02 00:30:03]   [emp_id: 4340] ✓ Updated: 123.47 → 123.55 (CHANGED)
[2025-12-02 00:30:03]   [emp_id: 4365] ✓ Updated: 57.89 → 57.97 (CHANGED)
[2025-12-02 00:30:03]   [emp_id: 4366] ✓ Updated: 56.97 → 57.05 (CHANGED)
[2025-12-02 00:30:03]   [emp_id: 4385] ✓ Updated: 47.64 → 47.72 (CHANGED)
[2025-12-02 00:30:03]   [emp_id: 4403] ✓ Updated: 82.8 → 82.88 (CHANGED)
[2025-12-02 00:30:03]   [emp_id: 4438] ✓ Updated: 18.47 → 18.55 (CHANGED)
[2025-12-02 00:30:03]   [emp_id: 4465] ✓ Updated: 11.01 → 11.06 (CHANGED)
[2025-12-02 00:30:03]   [emp_id: 4473] ✓ Updated: 42.05 → 42.13 (CHANGED)
[2025-12-02 00:30:03]   [emp_id: 4474] ✓ Updated: 57.76 → 57.81 (CHANGED)
[2025-12-02 00:30:03]   [emp_id: 4493] ✓ Updated: 160.89 → 160.97 (CHANGED)
[2025-12-02 00:30:03]   [emp_id: 4526] ✓ Updated: 33.14 → 33.22 (CHANGED)
[2025-12-02 00:30:03]   [emp_id: 4528] ✓ Updated: 104.89 → 104.97 (CHANGED)
[2025-12-02 00:30:03]   [emp_id: 4528] ✓ Updated: 104.89 → 104.97 (CHANGED)
[2025-12-02 00:30:03]   [emp_id: 4532] ✓ Updated: 68.51 → 68.56 (CHANGED)
[2025-12-02 00:30:03]   [emp_id: 4533] ✓ Updated: 33.3 → 33.38 (CHANGED)
[2025-12-02 00:30:03]   [emp_id: 4564] ✓ Updated: 23.76 → 23.81 (CHANGED)
[2025-12-02 00:30:03]   [emp_id: 4565] ✓ Updated: 13.51 → 13.56 (CHANGED)
[2025-12-02 00:30:03]   [emp_id: 4567] ✓ Updated: 17.76 → 17.81 (CHANGED)
[2025-12-02 00:30:03]   [emp_id: 4572] ✓ Updated: 57.26 → 57.31 (CHANGED)
[2025-12-02 00:30:03]   [emp_id: 4631] ✓ Updated: 13.51 → 13.56 (CHANGED)
[2025-12-02 00:30:03]   [emp_id: 4655] ✓ Updated: 22.22 → 22.3 (CHANGED)
[2025-12-02 00:30:03]   [emp_id: 4689] ✓ Updated: 19.89 → 19.97 (CHANGED)
[2025-12-02 00:30:03]   [emp_id: 4709] ✓ Updated: 37.47 → 37.55 (CHANGED)
[2025-12-02 00:30:03]   [emp_id: 4717] ✓ Updated: 63.47 → 63.55 (CHANGED)
[2025-12-02 00:30:03]   [emp_id: 4736] ✓ Updated: 25.3 → 25.38 (CHANGED)
[2025-12-02 00:30:03]   [emp_id: 4756] ✓ Updated: 59.4 → 59.45 (CHANGED)
[2025-12-02 00:30:03]   [emp_id: 4768] ✓ Updated: 9.97 → 10.05 (CHANGED)
[2025-12-02 00:30:03]   [emp_id: 4780] ✓ Updated: 63.68 → 63.73 (CHANGED)
[2025-12-02 00:30:03]   [emp_id: 4820] ✓ Updated: 96.3 → 96.38 (CHANGED)
[2025-12-02 00:30:03]   [emp_id: 4825] ✓ Updated: 28.05 → 28.13 (CHANGED)
[2025-12-02 00:30:04]   [emp_id: 4835] ✓ Updated: 46.43 → 46.48 (CHANGED)
[2025-12-02 00:30:04]   [emp_id: 4837] ✓ Updated: 43.67 → 43.72 (CHANGED)
[2025-12-02 00:30:04]   [emp_id: 4838] ✓ Updated: 42.69 → 42.74 (CHANGED)
[2025-12-02 00:30:04]   [emp_id: 4840] ✓ Updated: 43.67 → 43.72 (CHANGED)
[2025-12-02 00:30:04]   [emp_id: 4842] ✓ Updated: 42.91 → 42.96 (CHANGED)
[2025-12-02 00:30:04]   [emp_id: 4843] ✓ Updated: 43.44 → 43.49 (CHANGED)
[2025-12-02 00:30:04]   [emp_id: 4853] ✓ Updated: 87.26 → 87.31 (CHANGED)
[2025-12-02 00:30:04]   [emp_id: 4856] ✓ Updated: 40.58 → 40.63 (CHANGED)
[2025-12-02 00:30:04]   [emp_id: 4857] ✓ Updated: 23.4 → 23.45 (CHANGED)
[2025-12-02 00:30:04]   [emp_id: 4858] ✓ Updated: 20.28 → 20.33 (CHANGED)
[2025-12-02 00:30:04]   [emp_id: 4859] ✓ Updated: 41.75 → 41.8 (CHANGED)
[2025-12-02 00:30:04]   [emp_id: 4860] ✓ Updated: 6.25 → 6.3 (CHANGED)
[2025-12-02 00:30:04]   [emp_id: 4861] ✓ Updated: 39.71 → 39.76 (CHANGED)
[2025-12-02 00:30:04]   [emp_id: 4869] ✓ Updated: 82.59 → 82.64 (CHANGED)
[2025-12-02 00:30:04]   [emp_id: 4894] ✓ Updated: 4.97 → 5.05 (CHANGED)
[2025-12-02 00:30:04]   [emp_id: 4897] ✓ Updated: 21.49 → 21.54 (CHANGED)
[2025-12-02 00:30:04]   [emp_id: 4899] ✓ Updated: 17.66 → 17.71 (CHANGED)
[2025-12-02 00:30:04]   [emp_id: 4902] ✓ Updated: 17.08 → 17.13 (CHANGED)
[2025-12-02 00:30:04]   [emp_id: 4903] ✓ Updated: 19.3 → 19.35 (CHANGED)
[2025-12-02 00:30:04]   [emp_id: 4905] ✓ Updated: 17.96 → 18.01 (CHANGED)
[2025-12-02 00:30:04]   [emp_id: 4907] ✓ Updated: 45.05 → 45.13 (CHANGED)
[2025-12-02 00:30:04]   [emp_id: 4917] ✓ Updated: 14.92 → 14.97 (CHANGED)
[2025-12-02 00:30:04]   [emp_id: 4918] ✓ Updated: 4.69 → 4.74 (CHANGED)
[2025-12-02 00:30:04]   [emp_id: 4919] ✓ Updated: 56.98 → 57.03 (CHANGED)
[2025-12-02 00:30:04]   [emp_id: 4920] ✓ Updated: 56.81 → 56.86 (CHANGED)
[2025-12-02 00:30:04]   [emp_id: 4921] ✓ Updated: 16.15 → 16.2 (CHANGED)
[2025-12-02 00:30:04]   [emp_id: 4927] ✓ Updated: 14.98 → 15.03 (CHANGED)
[2025-12-02 00:30:04]   [emp_id: 4929] ✓ Updated: 16.5 → 16.55 (CHANGED)
[2025-12-02 00:30:04]   [emp_id: 4930] ✓ Updated: 57.27 → 57.32 (CHANGED)
[2025-12-02 00:30:04]   [emp_id: 4932] ✓ Updated: 15.27 → 15.32 (CHANGED)
[2025-12-02 00:30:04]   [emp_id: 4933] ✓ Updated: 18.68 → 18.73 (CHANGED)
[2025-12-02 00:30:04]   [emp_id: 4949] ✓ Updated: 34.11 → 34.16 (CHANGED)
[2025-12-02 00:30:04]   [emp_id: 4956] ✓ Updated: 31.43 → 31.48 (CHANGED)
[2025-12-02 00:30:04]   [emp_id: 4957] ✓ Updated: 28.37 → 28.42 (CHANGED)
[2025-12-02 00:30:04]   [emp_id: 4962] ✓ Updated: 51.3 → 51.38 (CHANGED)
[2025-12-02 00:30:04]   [emp_id: 4969] ✓ Updated: 43.72 → 43.8 (CHANGED)
[2025-12-02 00:30:04]   [emp_id: 4976] ✓ Updated: 8.39 → 8.44 (CHANGED)
[2025-12-02 00:30:04]   [emp_id: 4984] ✓ Updated: 34.97 → 35.05 (CHANGED)
[2025-12-02 00:30:04]   [emp_id: 4995] ✓ Updated: 47.04 → 47.12 (CHANGED)
[2025-12-02 00:30:04]   [emp_id: 5004] ✓ Updated: 44.07 → 44.12 (CHANGED)
[2025-12-02 00:30:04]   [emp_id: 5006] ✓ Updated: 25.07 → 25.12 (CHANGED)
[2025-12-02 00:30:04]   [emp_id: 5011] ✓ Updated: 10.64 → 10.72 (CHANGED)
[2025-12-02 00:30:04]   [emp_id: 5013] ✓ Updated: 65.44 → 65.49 (CHANGED)
[2025-12-02 00:30:04]   [emp_id: 5018] ✓ Updated: 19.68 → 19.73 (CHANGED)
[2025-12-02 00:30:04]   [emp_id: 5021] ✓ Updated: 62.18 → 62.23 (CHANGED)
[2025-12-02 00:30:04]   [emp_id: 5021] ✓ Updated: 62.18 → 62.23 (CHANGED)
[2025-12-02 00:30:04]   [emp_id: 5024] ✓ Updated: 12.33 → 12.38 (CHANGED)
[2025-12-02 00:30:04]   [emp_id: 5029] ✓ Updated: 21.93 → 21.98 (CHANGED)
[2025-12-02 00:30:04]   [emp_id: 5030] ✓ Updated: 36.93 → 36.98 (CHANGED)
[2025-12-02 00:30:04]   [emp_id: 5033] ✓ Updated: 20.7 → 20.75 (CHANGED)
[2025-12-02 00:30:04]   [emp_id: 5043] ✓ Updated: 27.64 → 27.72 (CHANGED)
[2025-12-02 00:30:04]   [emp_id: 5045] ✓ Updated: 24.14 → 24.22 (CHANGED)
[2025-12-02 00:30:04]   [emp_id: 5046] ✓ Updated: 19.33 → 19.41 (CHANGED)
[2025-12-02 00:30:04]   [emp_id: 5049] ✓ Updated: 37.38 → 37.43 (CHANGED)
[2025-12-02 00:30:04]   [emp_id: 5052] ✓ Updated: 28.66 → 28.71 (CHANGED)
[2025-12-02 00:30:04]   [emp_id: 5055] ✓ Updated: 35.85 → 35.9 (CHANGED)
[2025-12-02 00:30:04]   [emp_id: 5058] ✓ Updated: 26.08 → 26.13 (CHANGED)
[2025-12-02 00:30:04]   [emp_id: 5062] ✓ Updated: 37.91 → 37.96 (CHANGED)
[2025-12-02 00:30:04]   [emp_id: 5064] ✓ Updated: 114.97 → 115.05 (CHANGED)
[2025-12-02 00:30:04]   [emp_id: 5065] ✓ Updated: 37.32 → 37.37 (CHANGED)
[2025-12-02 00:30:04]   [emp_id: 5071] ✓ Updated: 20.47 → 20.55 (CHANGED)
[2025-12-02 00:30:04]   [emp_id: 5073] ✓ Updated: 11.92 → 11.97 (CHANGED)
[2025-12-02 00:30:04]   [emp_id: 5079] ✓ Updated: 32.48 → 32.53 (CHANGED)
[2025-12-02 00:30:04]   [emp_id: 5080] ✓ Updated: 29.81 → 29.86 (CHANGED)
[2025-12-02 00:30:04]   [emp_id: 5081] ✓ Updated: 34.81 → 34.86 (CHANGED)
[2025-12-02 00:30:04]   [emp_id: 5087] ✓ Updated: 34.11 → 34.16 (CHANGED)
[2025-12-02 00:30:04]   [emp_id: 5091] ✓ Updated: 73.96 → 74.01 (CHANGED)
[2025-12-02 00:30:04]   [emp_id: 5093] ✓ Updated: 11.64 → 11.72 (CHANGED)
[2025-12-02 00:30:04]   [emp_id: 5095] ✓ Updated: 31.43 → 31.48 (CHANGED)
[2025-12-02 00:30:04]   [emp_id: 5101] ✓ Updated: 13.72 → 13.8 (CHANGED)
[2025-12-02 00:30:04]   [emp_id: 5107] ✓ Updated: 12.05 → 12.13 (CHANGED)
[2025-12-02 00:30:04]   [emp_id: 5109] ✓ Updated: 9.3 → 9.38 (CHANGED)
[2025-12-02 00:30:04]   [emp_id: 5119] ✓ Updated: 7.47 → 7.55 (CHANGED)
[2025-12-02 00:30:04]   [emp_id: 5122] ✓ Updated: 4.64 → 4.72 (CHANGED)
[2025-12-02 00:30:04]   [emp_id: 5126] ✓ Updated: 24.84 → 24.89 (CHANGED)
[2025-12-02 00:30:04]   [emp_id: 5127] ✓ Updated: 21.63 → 21.68 (CHANGED)
[2025-12-02 00:30:04]   [emp_id: 5128] ✓ Updated: 24.78 → 24.83 (CHANGED)
[2025-12-02 00:30:04]   [emp_id: 5138] ✓ Updated: 63.3 → 63.38 (CHANGED)
[2025-12-02 00:30:04]   [emp_id: 5138] ✓ Updated: 63.3 → 63.38 (CHANGED)
[2025-12-02 00:30:04]   [emp_id: 5141] ✓ Updated: 33.15 → 33.2 (CHANGED)
[2025-12-02 00:30:04]   [emp_id: 5142] ✓ Updated: 12.15 → 12.2 (CHANGED)
[2025-12-02 00:30:04]   [emp_id: 5146] ✓ Updated: 19.15 → 19.2 (CHANGED)
[2025-12-02 00:30:04]   [emp_id: 5147] ✓ Updated: 18.15 → 18.2 (CHANGED)
[2025-12-02 00:30:04]   [emp_id: 5148] ✓ Updated: 23.5 → 23.55 (CHANGED)
[2025-12-02 00:30:04]   [emp_id: 5149] ✓ Updated: 22.39 → 22.44 (CHANGED)
[2025-12-02 00:30:04]   [emp_id: 5150] ✓ Updated: 21.75 → 21.8 (CHANGED)
[2025-12-02 00:30:04]   [emp_id: 5151] ✓ Updated: 21.57 → 21.62 (CHANGED)
[2025-12-02 00:30:04]   [emp_id: 5152] ✓ Updated: 1.99 → 2.04 (CHANGED)
[2025-12-02 00:30:04]   [emp_id: 5157] ✓ Updated: 21.57 → 21.62 (CHANGED)
[2025-12-02 00:30:04]   [emp_id: 5160] ✓ Updated: 21.57 → 21.62 (CHANGED)
[2025-12-02 00:30:04]   [emp_id: 5163] ✓ Updated: 19.36 → 19.41 (CHANGED)
[2025-12-02 00:30:04]   [emp_id: 5165] ✓ Updated: 27.64 → 27.72 (CHANGED)
[2025-12-02 00:30:04]   [emp_id: 5167] ✓ Updated: 28.51 → 28.56 (CHANGED)
[2025-12-02 00:30:04]   [emp_id: 5168] ✓ Updated: 21.05 → 21.1 (CHANGED)
[2025-12-02 00:30:04]   [emp_id: 5173] ✓ Updated: 22.39 → 22.47 (CHANGED)
[2025-12-02 00:30:04]   [emp_id: 5174] ✓ Updated: 21.51 → 21.56 (CHANGED)
[2025-12-02 00:30:04]   [emp_id: 5181] ✓ Updated: 17.9 → 17.95 (CHANGED)
[2025-12-02 00:30:04]   [emp_id: 5186] ✓ Updated: 23.43 → 23.48 (CHANGED)
[2025-12-02 00:30:04]   [emp_id: 5187] ✓ Updated: 34.43 → 34.48 (CHANGED)
[2025-12-02 00:30:04]   [emp_id: 5204] ✓ Updated: 19.89 → 19.97 (CHANGED)
[2025-12-02 00:30:04]   [emp_id: 5205] ✓ Updated: 10.64 → 10.69 (CHANGED)
[2025-12-02 00:30:04]   [emp_id: 5209] ✓ Updated: 13.64 → 13.69 (CHANGED)
[2025-12-02 00:30:04]   [emp_id: 5211] ✓ Updated: 5.64 → 5.69 (CHANGED)
[2025-12-02 00:30:04]   [emp_id: 5213] ✓ Updated: 0.05 → 0.1 (CHANGED)
[2025-12-02 00:30:04]   [emp_id: 5214] ✓ Updated: 13.64 → 13.69 (CHANGED)
[2025-12-02 00:30:04]   [emp_id: 5215] ✓ Updated: 8.64 → 8.69 (CHANGED)
[2025-12-02 00:30:04]   [emp_id: 5217] ✓ Updated: 7.64 → 7.69 (CHANGED)
[2025-12-02 00:30:04]   [emp_id: 5218] ✓ Updated: 13.64 → 13.69 (CHANGED)
[2025-12-02 00:30:04]   [emp_id: 5219] ✓ Updated: 11.64 → 11.69 (CHANGED)
[2025-12-02 00:30:04]   [emp_id: 5221] ✓ Updated: 3.01 → 3.06 (CHANGED)
[2025-12-02 00:30:04]   [emp_id: 5224] ✓ Updated: 12.64 → 12.69 (CHANGED)
[2025-12-02 00:30:04]   [emp_id: 5225] ✓ Updated: 7.31 → 7.36 (CHANGED)
[2025-12-02 00:30:04]   [emp_id: 5228] ✓ Updated: 7.64 → 7.69 (CHANGED)
[2025-12-02 00:30:04]   [emp_id: 5229] ✓ Updated: 3.64 → 3.69 (CHANGED)
[2025-12-02 00:30:04]   [emp_id: 5230] ✓ Updated: 13.64 → 13.69 (CHANGED)
[2025-12-02 00:30:04]   [emp_id: 5231] ✓ Updated: 4.64 → 4.69 (CHANGED)
[2025-12-02 00:30:04]   [emp_id: 5232] ✓ Updated: 9.64 → 9.69 (CHANGED)
[2025-12-02 00:30:04]   [emp_id: 5233] ✓ Updated: 2.64 → 2.69 (CHANGED)
[2025-12-02 00:30:04]   [emp_id: 5234] ✓ Updated: 2.64 → 2.69 (CHANGED)
[2025-12-02 00:30:04]   [emp_id: 5235] ✓ Updated: 13.64 → 13.69 (CHANGED)
[2025-12-02 00:30:04]   [emp_id: 5237] ✓ Updated: 13.64 → 13.69 (CHANGED)
[2025-12-02 00:30:04]   [emp_id: 5238] ✓ Updated: 6.26 → 6.31 (CHANGED)
[2025-12-02 00:30:04]   [emp_id: 5239] ✓ Updated: 5.64 → 5.69 (CHANGED)
[2025-12-02 00:30:04]   [emp_id: 5241] ✓ Updated: 3.64 → 3.69 (CHANGED)
[2025-12-02 00:30:04]   [emp_id: 5242] ✓ Updated: 13.64 → 13.69 (CHANGED)
[2025-12-02 00:30:04]   [emp_id: 5243] ✓ Updated: 0.05 → 0.1 (CHANGED)
[2025-12-02 00:30:04]   [emp_id: 5244] ✓ Updated: 4.01 → 4.06 (CHANGED)
[2025-12-02 00:30:04]   [emp_id: 5246] ✓ Updated: 9.64 → 9.69 (CHANGED)
[2025-12-02 00:30:04]   [emp_id: 5253] ✓ Updated: 28.26 → 28.31 (CHANGED)
[2025-12-02 00:30:04]   [emp_id: 5254] ✓ Updated: 10.49 → 10.54 (CHANGED)
[2025-12-02 00:30:04]   [emp_id: 5257] ✓ Updated: 10.2 → 10.25 (CHANGED)
[2025-12-02 00:30:04]   [emp_id: 5259] ✓ Updated: 46.73 → 46.78 (CHANGED)
[2025-12-02 00:30:04]   [emp_id: 5261] ✓ Updated: 47.39 → 47.47 (CHANGED)
[2025-12-02 00:30:04]   [emp_id: 5264] ✓ Updated: 24.21 → 24.26 (CHANGED)
[2025-12-02 00:30:04]   [emp_id: 5266] ✓ Updated: 24.16 → 24.21 (CHANGED)
[2025-12-02 00:30:04]   [emp_id: 5268] ✓ Updated: 7.4 → 7.45 (CHANGED)
[2025-12-02 00:30:04]   [emp_id: 5271] ✓ Updated: 6.06 → 6.11 (CHANGED)
[2025-12-02 00:30:04]   [emp_id: 5272] ✓ Updated: 6.93 → 6.98 (CHANGED)
[2025-12-02 00:30:04]   [emp_id: 5273] ✓ Updated: 28.75 → 28.8 (CHANGED)
[2025-12-02 00:30:04]   [emp_id: 5275] ✓ Updated: 7.75 → 7.8 (CHANGED)
[2025-12-02 00:30:04]   [emp_id: 5276] ✓ Updated: 28.75 → 28.8 (CHANGED)
[2025-12-02 00:30:04]   [emp_id: 5278] ✓ Updated: 6.41 → 6.46 (CHANGED)
[2025-12-02 00:30:04]   [emp_id: 5280] ✓ Updated: 16.81 → 16.86 (CHANGED)
[2025-12-02 00:30:04]   [emp_id: 5282] ✓ Updated: 8.97 → 9.05 (CHANGED)
[2025-12-02 00:30:04]   [emp_id: 5285] ✓ Updated: 26.81 → 26.86 (CHANGED)
[2025-12-02 00:30:04]   [emp_id: 5286] ✓ Updated: 13.81 → 13.86 (CHANGED)
[2025-12-02 00:30:04]   [emp_id: 5287] ✓ Updated: 48.11 → 48.16 (CHANGED)
[2025-12-02 00:30:04]   [emp_id: 5288] ✓ Updated: 37.12 → 37.17 (CHANGED)
[2025-12-02 00:30:04]   [emp_id: 5289] ✓ Updated: 46.66 → 46.71 (CHANGED)
[2025-12-02 00:30:04]   [emp_id: 5290] ✓ Updated: 45.43 → 45.48 (CHANGED)
[2025-12-02 00:30:04]   [emp_id: 5291] ✓ Updated: 3.43 → 3.48 (CHANGED)
[2025-12-02 00:30:05]   [emp_id: 5292] ✓ Updated: 3.37 → 3.42 (CHANGED)
[2025-12-02 00:30:05]   [emp_id: 5293] ✓ Updated: 35.14 → 35.22 (CHANGED)
[2025-12-02 00:30:05]   [emp_id: 5294] ✓ Updated: 4.89 → 4.97 (CHANGED)
[2025-12-02 00:30:05]   [emp_id: 5295] ✓ Updated: 19.61 → 19.66 (CHANGED)
[2025-12-02 00:30:05]   [emp_id: 5296] ✓ Updated: 37.8 → 37.88 (CHANGED)
[2025-12-02 00:30:05]   [emp_id: 5297] ✓ Updated: 44.03 → 44.08 (CHANGED)
[2025-12-02 00:30:05]   [emp_id: 5298] ✓ Updated: 44.03 → 44.08 (CHANGED)
[2025-12-02 00:30:05]   [emp_id: 5299] ✓ Updated: 44.03 → 44.08 (CHANGED)
[2025-12-02 00:30:05]   [emp_id: 5300] ✓ Updated: 44.03 → 44.08 (CHANGED)
[2025-12-02 00:30:05]   [emp_id: 5301] ✓ Updated: 44.03 → 44.08 (CHANGED)
[2025-12-02 00:30:05]   [emp_id: 5303] ✓ Updated: 44.03 → 44.08 (CHANGED)
[2025-12-02 00:30:05]   [emp_id: 5304] ✓ Updated: 44.03 → 44.08 (CHANGED)
[2025-12-02 00:30:05]   [emp_id: 5305] ✓ Updated: 2.03 → 2.08 (CHANGED)
[2025-12-02 00:30:05]   [emp_id: 5306] ✓ Updated: 43.74 → 43.79 (CHANGED)
[2025-12-02 00:30:05]   [emp_id: 5307] ✓ Updated: 43.74 → 43.79 (CHANGED)
[2025-12-02 00:30:05]   [emp_id: 5312] ✓ Updated: 41.41 → 41.46 (CHANGED)
[2025-12-02 00:30:05]   [emp_id: 5318] ✓ Updated: 24.45 → 24.5 (CHANGED)
[2025-12-02 00:30:05]   [emp_id: 5325] ✓ Updated: 20.41 → 20.46 (CHANGED)
[2025-12-02 00:30:05]   [emp_id: 5326] ✓ Updated: 41.23 → 41.28 (CHANGED)
[2025-12-02 00:30:05]   [emp_id: 5327] ✓ Updated: 40.41 → 40.46 (CHANGED)
[2025-12-02 00:30:05]   [emp_id: 5328] ✓ Updated: 40.41 → 40.46 (CHANGED)
[2025-12-02 00:30:05]   [emp_id: 5329] ✓ Updated: 40.41 → 40.46 (CHANGED)
[2025-12-02 00:30:05]   [emp_id: 5331] ✓ Updated: 19.82 → 19.87 (CHANGED)
[2025-12-02 00:30:05]   [emp_id: 5337] ✓ Updated: 32.8 → 32.88 (CHANGED)
[2025-12-02 00:30:05]   [emp_id: 5339] ✓ Updated: 8.6 → 8.65 (CHANGED)
[2025-12-02 00:30:05]   [emp_id: 5343] ✓ Updated: 42.72 → 42.8 (CHANGED)
[2025-12-02 00:30:05]   [emp_id: 5343] ✓ Updated: 42.72 → 42.8 (CHANGED)
[2025-12-02 00:30:05]   [emp_id: 5345] ✓ Updated: 12.55 → 12.63 (CHANGED)
[2025-12-02 00:30:05]   [emp_id: 5346] ✓ Updated: 37.32 → 37.37 (CHANGED)
[2025-12-02 00:30:05]   [emp_id: 5351] ✓ Updated: 16.26 → 16.31 (CHANGED)
[2025-12-02 00:30:05]   [emp_id: 5352] ✓ Updated: 22.97 → 23.05 (CHANGED)
[2025-12-02 00:30:05]   [emp_id: 5370] ✓ Updated: 13.91 → 13.96 (CHANGED)
[2025-12-02 00:30:05]   [emp_id: 5371] ✓ Updated: 6.55 → 6.63 (CHANGED)
[2025-12-02 00:30:05]   [emp_id: 5376] ✓ Updated: 8.51 → 8.56 (CHANGED)
[2025-12-02 00:30:05]   [emp_id: 5378] ✓ Updated: 20.72 → 20.8 (CHANGED)
[2025-12-02 00:30:05]   [emp_id: 5380] ✓ Updated: 14.92 → 14.97 (CHANGED)
[2025-12-02 00:30:05]   [emp_id: 5381] ✓ Updated: 15.14 → 15.22 (CHANGED)
[2025-12-02 00:30:05]   [emp_id: 5383] ✓ Updated: 13.55 → 13.63 (CHANGED)
[2025-12-02 00:30:05]   [emp_id: 5388] ✓ Updated: 25.7 → 25.75 (CHANGED)
[2025-12-02 00:30:05]   [emp_id: 5392] ✓ Updated: 11.47 → 11.55 (CHANGED)
[2025-12-02 00:30:05]   [emp_id: 5396] ✓ Updated: 26.94 → 26.99 (CHANGED)
[2025-12-02 00:30:05]   [emp_id: 5397] ✓ Updated: 23.15 → 23.2 (CHANGED)
[2025-12-02 00:30:05]   [emp_id: 5401] ✓ Updated: 21.51 → 21.56 (CHANGED)
[2025-12-02 00:30:05]   [emp_id: 5402] ✓ Updated: 21.63 → 21.68 (CHANGED)
[2025-12-02 00:30:05]   [emp_id: 5406] ✓ Updated: 20.35 → 20.4 (CHANGED)
[2025-12-02 00:30:05]   [emp_id: 5407] ✓ Updated: 22.22 → 22.3 (CHANGED)
[2025-12-02 00:30:05]   [emp_id: 5408] ✓ Updated: 19.97 → 20.05 (CHANGED)
[2025-12-02 00:30:05]   [emp_id: 5409] ✓ Updated: 18.42 → 18.47 (CHANGED)
[2025-12-02 00:30:05]   [emp_id: 5413] ✓ Updated: 25.72 → 25.8 (CHANGED)
[2025-12-02 00:30:05]   [emp_id: 5414] ✓ Updated: 25.39 → 25.47 (CHANGED)
[2025-12-02 00:30:05]   [emp_id: 5415] ✓ Updated: 16.22 → 16.3 (CHANGED)
[2025-12-02 00:30:05]   [emp_id: 5418] ✓ Updated: 16.5 → 16.55 (CHANGED)
[2025-12-02 00:30:05]   [emp_id: 5422] ✓ Updated: 18.05 → 18.13 (CHANGED)
[2025-12-02 00:30:05]   [emp_id: 5423] ✓ Updated: 14.64 → 14.72 (CHANGED)
[2025-12-02 00:30:05]   [emp_id: 5423] ✓ Updated: 14.64 → 14.72 (CHANGED)
[2025-12-02 00:30:05]   [emp_id: 5423] ✓ Updated: 14.64 → 14.72 (CHANGED)
[2025-12-02 00:30:05]   [emp_id: 5424] ✓ Updated: 12.3 → 12.35 (CHANGED)
[2025-12-02 00:30:05]   [emp_id: 5425] ✓ Updated: 12.3 → 12.35 (CHANGED)
[2025-12-02 00:30:05]   [emp_id: 5426] ✓ Updated: 3.81 → 3.89 (CHANGED)
[2025-12-02 00:30:05]   [emp_id: 5426] ✓ Updated: 3.81 → 3.89 (CHANGED)
[2025-12-02 00:30:05]   [emp_id: 5427] ✓ Updated: 12.41 → 12.46 (CHANGED)
[2025-12-02 00:30:05]   [emp_id: 5428] ✓ Updated: 12.3 → 12.35 (CHANGED)
[2025-12-02 00:30:05]   [emp_id: 5430] ✓ Updated: 15.05 → 15.13 (CHANGED)
[2025-12-02 00:30:05]   [emp_id: 5431] ✓ Updated: 11.42 → 11.47 (CHANGED)
[2025-12-02 00:30:05]   [emp_id: 5434] ✓ Updated: 11.19 → 11.24 (CHANGED)
[2025-12-02 00:30:05]   [emp_id: 5435] ✓ Updated: 11.13 → 11.18 (CHANGED)
[2025-12-02 00:30:05]   [emp_id: 5436] ✓ Updated: 11.13 → 11.18 (CHANGED)
[2025-12-02 00:30:05]   [emp_id: 5438] ✓ Updated: 12.97 → 13.05 (CHANGED)
[2025-12-02 00:30:05]   [emp_id: 5439] ✓ Updated: 22.47 → 22.55 (CHANGED)
[2025-12-02 00:30:05]   [emp_id: 5442] ✓ Updated: 11.47 → 11.55 (CHANGED)
[2025-12-02 00:30:05]   [emp_id: 5443] ✓ Updated: 6.81 → 6.86 (CHANGED)
[2025-12-02 00:30:05]   [emp_id: 5445] ✓ Updated: 5.59 → 5.64 (CHANGED)
[2025-12-02 00:30:05]   [emp_id: 5446] ✓ Updated: 5.59 → 5.64 (CHANGED)
[2025-12-02 00:30:05]   [emp_id: 5447] ✓ Updated: 5.53 → 5.58 (CHANGED)
[2025-12-02 00:30:05]   [emp_id: 5448] ✓ Updated: 3 → 3.08 (CHANGED)
[2025-12-02 00:30:05]   [emp_id: 5449] ✓ Updated: 3.61 → 3.66 (CHANGED)
[2025-12-02 00:30:05]   [emp_id: 5450] ✓ Updated: 3.55 → 3.6 (CHANGED)
[2025-12-02 00:30:05]   [emp_id: 5451] ✓ Updated: 3.55 → 3.6 (CHANGED)
[2025-12-02 00:30:05]   [emp_id: 5454] ✓ Updated: 4.55 → 4.63 (CHANGED)
[2025-12-02 00:30:05]   [emp_id: 5455] ✓ Updated: 2.8 → 2.88 (CHANGED)
[2025-12-02 00:30:05]   [emp_id: 5456] ✓ Updated: 3.8 → 3.88 (CHANGED)
[2025-12-02 00:30:05] 
[2025-12-02 00:30:05] ========== SUMMARY ==========
[2025-12-02 00:30:05] Total employees processed: 445
[2025-12-02 00:30:05] Records updated: 445
[2025-12-02 00:30:05] Balances changed: 445
[2025-12-02 00:30:05] Errors: 0
[2025-12-02 00:30:05] ========== CRON: Vacation Balance Update Completed ==========
[2025-12-02 00:30:05] 
[2025-12-02 08:19:49] ========== CRON: Vacation Balance Update Started ==========
[2025-12-02 08:19:49] Database connection established
[2025-12-02 08:19:49] Found 445 active employees with balance records to update
[2025-12-02 08:19:49] (Only employees with status=1 will be processed)
[2025-12-02 08:19:49]   [emp_id: 1061] SKIPPED: Already updated today (2025-12-02 03:00:02)
[2025-12-02 08:19:49]   [emp_id: 1496] SKIPPED: Already updated today (2025-12-02 03:00:02)
[2025-12-02 08:19:49]   [emp_id: 1500] SKIPPED: Already updated today (2025-12-02 03:00:02)
[2025-12-02 08:19:49]   [emp_id: 1574] SKIPPED: Already updated today (2025-12-02 03:00:02)
[2025-12-02 08:19:49]   [emp_id: 1673] SKIPPED: Already updated today (2025-12-02 03:00:02)
[2025-12-02 08:19:49]   [emp_id: 1685] SKIPPED: Already updated today (2025-12-02 03:00:02)
[2025-12-02 08:19:49]   [emp_id: 1764] SKIPPED: Already updated today (2025-12-02 03:00:02)
[2025-12-02 08:19:49]   [emp_id: 1805] SKIPPED: Already updated today (2025-12-02 03:00:02)
[2025-12-02 08:19:49]   [emp_id: 1822] SKIPPED: Already updated today (2025-12-02 03:00:02)
[2025-12-02 08:19:49]   [emp_id: 1837] SKIPPED: Already updated today (2025-12-02 03:00:02)
[2025-12-02 08:19:49]   [emp_id: 1857] SKIPPED: Already updated today (2025-12-02 03:00:02)
[2025-12-02 08:19:49]   [emp_id: 1861] SKIPPED: Already updated today (2025-12-02 03:00:02)
[2025-12-02 08:19:49]   [emp_id: 1872] SKIPPED: Already updated today (2025-12-02 03:00:02)
[2025-12-02 08:19:49]   [emp_id: 1897] SKIPPED: Already updated today (2025-12-02 03:00:02)
[2025-12-02 08:19:49]   [emp_id: 1916] SKIPPED: Already updated today (2025-12-02 03:00:02)
[2025-12-02 08:19:49]   [emp_id: 1928] SKIPPED: Already updated today (2025-12-02 03:00:02)
[2025-12-02 08:19:49]   [emp_id: 1931] SKIPPED: Already updated today (2025-12-02 03:00:02)
[2025-12-02 08:19:49]   [emp_id: 1944] SKIPPED: Already updated today (2025-12-02 03:00:02)
[2025-12-02 08:19:49]   [emp_id: 1996] SKIPPED: Already updated today (2025-12-02 03:00:02)
[2025-12-02 08:19:49]   [emp_id: 1997] SKIPPED: Already updated today (2025-12-02 03:00:02)
[2025-12-02 08:19:49]   [emp_id: 1998] SKIPPED: Already updated today (2025-12-02 03:00:02)
[2025-12-02 08:19:49]   [emp_id: 1999] SKIPPED: Already updated today (2025-12-02 03:00:02)
[2025-12-02 08:19:49]   [emp_id: 2009] SKIPPED: Already updated today (2025-12-02 03:00:02)
[2025-12-02 08:19:49]   [emp_id: 2048] SKIPPED: Already updated today (2025-12-02 03:00:02)
[2025-12-02 08:19:49]   [emp_id: 2057] SKIPPED: Already updated today (2025-12-02 03:00:02)
[2025-12-02 08:19:49]   [emp_id: 2079] SKIPPED: Already updated today (2025-12-02 03:00:02)
[2025-12-02 08:19:49]   [emp_id: 2181] SKIPPED: Already updated today (2025-12-02 03:00:02)
[2025-12-02 08:19:49]   [emp_id: 2190] SKIPPED: Already updated today (2025-12-02 03:00:02)
[2025-12-02 08:19:49]   [emp_id: 2212] SKIPPED: Already updated today (2025-12-02 03:00:02)
[2025-12-02 08:19:49]   [emp_id: 2226] SKIPPED: Already updated today (2025-12-02 03:00:02)
[2025-12-02 08:19:49]   [emp_id: 2238] SKIPPED: Already updated today (2025-12-02 03:00:02)
[2025-12-02 08:19:49]   [emp_id: 2285] SKIPPED: Already updated today (2025-12-02 03:00:02)
[2025-12-02 08:19:49]   [emp_id: 2287] SKIPPED: Already updated today (2025-12-02 03:00:02)
[2025-12-02 08:19:49]   [emp_id: 2288] SKIPPED: Already updated today (2025-12-02 03:00:02)
[2025-12-02 08:19:49]   [emp_id: 2290] SKIPPED: Already updated today (2025-12-02 03:00:02)
[2025-12-02 08:19:49]   [emp_id: 2316] SKIPPED: Already updated today (2025-12-02 03:00:02)
[2025-12-02 08:19:49]   [emp_id: 2337] SKIPPED: Already updated today (2025-12-02 03:00:02)
[2025-12-02 08:19:49]   [emp_id: 2352] SKIPPED: Already updated today (2025-12-02 03:00:02)
[2025-12-02 08:19:49]   [emp_id: 2358] SKIPPED: Already updated today (2025-12-02 03:00:02)
[2025-12-02 08:19:49]   [emp_id: 2361] SKIPPED: Already updated today (2025-12-02 03:00:02)
[2025-12-02 08:19:49]   [emp_id: 2363] SKIPPED: Already updated today (2025-12-02 03:00:02)
[2025-12-02 08:19:49]   [emp_id: 2364] SKIPPED: Already updated today (2025-12-02 03:00:02)
[2025-12-02 08:19:49]   [emp_id: 2367] SKIPPED: Already updated today (2025-12-02 03:00:02)
[2025-12-02 08:19:49]   [emp_id: 2368] SKIPPED: Already updated today (2025-12-02 03:00:02)
[2025-12-02 08:19:49]   [emp_id: 2372] SKIPPED: Already updated today (2025-12-02 03:00:02)
[2025-12-02 08:19:49]   [emp_id: 2376] SKIPPED: Already updated today (2025-12-02 03:00:02)
[2025-12-02 08:19:49]   [emp_id: 2423] SKIPPED: Already updated today (2025-12-02 03:00:02)
[2025-12-02 08:19:49]   [emp_id: 2519] SKIPPED: Already updated today (2025-12-02 03:00:02)
[2025-12-02 08:19:49]   [emp_id: 2522] SKIPPED: Already updated today (2025-12-02 03:00:02)
[2025-12-02 08:19:49]   [emp_id: 2530] SKIPPED: Already updated today (2025-12-02 03:00:02)
[2025-12-02 08:19:49]   [emp_id: 2539] SKIPPED: Already updated today (2025-12-02 03:00:02)
[2025-12-02 08:19:49]   [emp_id: 2541] SKIPPED: Already updated today (2025-12-02 03:00:02)
[2025-12-02 08:19:49]   [emp_id: 2550] SKIPPED: Already updated today (2025-12-02 03:00:02)
[2025-12-02 08:19:49]   [emp_id: 2553] SKIPPED: Already updated today (2025-12-02 03:00:02)
[2025-12-02 08:19:49]   [emp_id: 2554] SKIPPED: Already updated today (2025-12-02 03:00:02)
[2025-12-02 08:19:49]   [emp_id: 2565] SKIPPED: Already updated today (2025-12-02 03:00:02)
[2025-12-02 08:19:49]   [emp_id: 2572] SKIPPED: Already updated today (2025-12-02 03:00:02)
[2025-12-02 08:19:49]   [emp_id: 2637] SKIPPED: Already updated today (2025-12-02 03:00:02)
[2025-12-02 08:19:49]   [emp_id: 2642] SKIPPED: Already updated today (2025-12-02 03:00:02)
[2025-12-02 08:19:49]   [emp_id: 2645] SKIPPED: Already updated today (2025-12-02 03:00:02)
[2025-12-02 08:19:49]   [emp_id: 2648] SKIPPED: Already updated today (2025-12-02 03:00:03)
[2025-12-02 08:19:49]   [emp_id: 2654] SKIPPED: Already updated today (2025-12-02 03:00:03)
[2025-12-02 08:19:49]   [emp_id: 2688] SKIPPED: Already updated today (2025-12-02 03:00:03)
[2025-12-02 08:19:49]   [emp_id: 2690] SKIPPED: Already updated today (2025-12-02 03:00:03)
[2025-12-02 08:19:49]   [emp_id: 2709] SKIPPED: Already updated today (2025-12-02 03:00:03)
[2025-12-02 08:19:49]   [emp_id: 2745] SKIPPED: Already updated today (2025-12-02 03:00:03)
[2025-12-02 08:19:49]   [emp_id: 2843] SKIPPED: Already updated today (2025-12-02 03:00:03)
[2025-12-02 08:19:49]   [emp_id: 2854] SKIPPED: Already updated today (2025-12-02 03:00:03)
[2025-12-02 08:19:49]   [emp_id: 2869] SKIPPED: Already updated today (2025-12-02 03:00:03)
[2025-12-02 08:19:49]   [emp_id: 2876] SKIPPED: Already updated today (2025-12-02 03:00:03)
[2025-12-02 08:19:49]   [emp_id: 2924] SKIPPED: Already updated today (2025-12-02 03:00:03)
[2025-12-02 08:19:49]   [emp_id: 2953] SKIPPED: Already updated today (2025-12-02 03:00:03)
[2025-12-02 08:19:49]   [emp_id: 2961] SKIPPED: Already updated today (2025-12-02 03:00:03)
[2025-12-02 08:19:49]   [emp_id: 2975] SKIPPED: Already updated today (2025-12-02 03:00:03)
[2025-12-02 08:19:49]   [emp_id: 3013] SKIPPED: Already updated today (2025-12-02 03:00:03)
[2025-12-02 08:19:49]   [emp_id: 3014] SKIPPED: Already updated today (2025-12-02 03:00:03)
[2025-12-02 08:19:49]   [emp_id: 3015] SKIPPED: Already updated today (2025-12-02 03:00:03)
[2025-12-02 08:19:49]   [emp_id: 3018] SKIPPED: Already updated today (2025-12-02 03:00:03)
[2025-12-02 08:19:49]   [emp_id: 3025] SKIPPED: Already updated today (2025-12-02 03:00:03)
[2025-12-02 08:19:49]   [emp_id: 3037] SKIPPED: Already updated today (2025-12-02 03:00:03)
[2025-12-02 08:19:49]   [emp_id: 3047] SKIPPED: Already updated today (2025-12-02 03:00:03)
[2025-12-02 08:19:49]   [emp_id: 3061] SKIPPED: Already updated today (2025-12-02 03:00:03)
[2025-12-02 08:19:49]   [emp_id: 3062] SKIPPED: Already updated today (2025-12-02 03:00:03)
[2025-12-02 08:19:49]   [emp_id: 3074] SKIPPED: Already updated today (2025-12-02 03:00:03)
[2025-12-02 08:19:49]   [emp_id: 3089] SKIPPED: Already updated today (2025-12-02 03:00:03)
[2025-12-02 08:19:49]   [emp_id: 3090] SKIPPED: Already updated today (2025-12-02 03:00:03)
[2025-12-02 08:19:49]   [emp_id: 3091] SKIPPED: Already updated today (2025-12-02 03:00:03)
[2025-12-02 08:19:49]   [emp_id: 3092] SKIPPED: Already updated today (2025-12-02 03:00:03)
[2025-12-02 08:19:49]   [emp_id: 3105] SKIPPED: Already updated today (2025-12-02 03:00:03)
[2025-12-02 08:19:49]   [emp_id: 3134] SKIPPED: Already updated today (2025-12-02 03:00:03)
[2025-12-02 08:19:49]   [emp_id: 3140] SKIPPED: Already updated today (2025-12-02 03:00:03)
[2025-12-02 08:19:49]   [emp_id: 3144] SKIPPED: Already updated today (2025-12-02 03:00:03)
[2025-12-02 08:19:49]   [emp_id: 3156] SKIPPED: Already updated today (2025-12-02 03:00:03)
[2025-12-02 08:19:49]   [emp_id: 3162] SKIPPED: Already updated today (2025-12-02 03:00:03)
[2025-12-02 08:19:49]   [emp_id: 3163] SKIPPED: Already updated today (2025-12-02 03:00:03)
[2025-12-02 08:19:49]   [emp_id: 3198] SKIPPED: Already updated today (2025-12-02 03:00:03)
[2025-12-02 08:19:49]   [emp_id: 3205] SKIPPED: Already updated today (2025-12-02 03:00:03)
[2025-12-02 08:19:49]   [emp_id: 3209] SKIPPED: Already updated today (2025-12-02 03:00:03)
[2025-12-02 08:19:49]   [emp_id: 3223] SKIPPED: Already updated today (2025-12-02 03:00:03)
[2025-12-02 08:19:49]   [emp_id: 3224] SKIPPED: Already updated today (2025-12-02 03:00:03)
[2025-12-02 08:19:49]   [emp_id: 3230] SKIPPED: Already updated today (2025-12-02 03:00:03)
[2025-12-02 08:19:49]   [emp_id: 3231] SKIPPED: Already updated today (2025-12-02 03:00:03)
[2025-12-02 08:19:49]   [emp_id: 3233] SKIPPED: Already updated today (2025-12-02 03:00:03)
[2025-12-02 08:19:49]   [emp_id: 3249] SKIPPED: Already updated today (2025-12-02 03:00:03)
[2025-12-02 08:19:49]   [emp_id: 3250] SKIPPED: Already updated today (2025-12-02 03:00:03)
[2025-12-02 08:19:49]   [emp_id: 3252] SKIPPED: Already updated today (2025-12-02 03:00:03)
[2025-12-02 08:19:49]   [emp_id: 3254] SKIPPED: Already updated today (2025-12-02 03:00:03)
[2025-12-02 08:19:49]   [emp_id: 3255] SKIPPED: Already updated today (2025-12-02 03:00:03)
[2025-12-02 08:19:49]   [emp_id: 3256] SKIPPED: Already updated today (2025-12-02 03:00:03)
[2025-12-02 08:19:49]   [emp_id: 3263] SKIPPED: Already updated today (2025-12-02 03:00:03)
[2025-12-02 08:19:49]   [emp_id: 3265] SKIPPED: Already updated today (2025-12-02 03:00:03)
[2025-12-02 08:19:49]   [emp_id: 3280] SKIPPED: Already updated today (2025-12-02 03:00:03)
[2025-12-02 08:19:49]   [emp_id: 3286] SKIPPED: Already updated today (2025-12-02 03:00:03)
[2025-12-02 08:19:49]   [emp_id: 3294] SKIPPED: Already updated today (2025-12-02 03:00:03)
[2025-12-02 08:19:49]   [emp_id: 3321] SKIPPED: Already updated today (2025-12-02 03:00:03)
[2025-12-02 08:19:49]   [emp_id: 3325] SKIPPED: Already updated today (2025-12-02 03:00:03)
[2025-12-02 08:19:49]   [emp_id: 3329] SKIPPED: Already updated today (2025-12-02 03:00:03)
[2025-12-02 08:19:49]   [emp_id: 3330] SKIPPED: Already updated today (2025-12-02 03:00:03)
[2025-12-02 08:19:49]   [emp_id: 3332] SKIPPED: Already updated today (2025-12-02 03:00:03)
[2025-12-02 08:19:49]   [emp_id: 3370] SKIPPED: Already updated today (2025-12-02 03:00:03)
[2025-12-02 08:19:49]   [emp_id: 3384] SKIPPED: Already updated today (2025-12-02 03:00:03)
[2025-12-02 08:19:49]   [emp_id: 3386] SKIPPED: Already updated today (2025-12-02 03:00:03)
[2025-12-02 08:19:49]   [emp_id: 3431] SKIPPED: Already updated today (2025-12-02 03:00:03)
[2025-12-02 08:19:49]   [emp_id: 3497] SKIPPED: Already updated today (2025-12-02 03:00:03)
[2025-12-02 08:19:49]   [emp_id: 3532] SKIPPED: Already updated today (2025-12-02 03:00:03)
[2025-12-02 08:19:49]   [emp_id: 3586] SKIPPED: Already updated today (2025-12-02 03:00:03)
[2025-12-02 08:19:49]   [emp_id: 3602] SKIPPED: Already updated today (2025-12-02 03:00:03)
[2025-12-02 08:19:49]   [emp_id: 3618] SKIPPED: Already updated today (2025-12-02 03:00:03)
[2025-12-02 08:19:49]   [emp_id: 3622] SKIPPED: Already updated today (2025-12-02 03:00:03)
[2025-12-02 08:19:49]   [emp_id: 3627] SKIPPED: Already updated today (2025-12-02 03:00:03)
[2025-12-02 08:19:49]   [emp_id: 3665] SKIPPED: Already updated today (2025-12-02 03:00:03)
[2025-12-02 08:19:49]   [emp_id: 3705] SKIPPED: Already updated today (2025-12-02 03:00:03)
[2025-12-02 08:19:49]   [emp_id: 3724] SKIPPED: Already updated today (2025-12-02 03:00:03)
[2025-12-02 08:19:49]   [emp_id: 3726] SKIPPED: Already updated today (2025-12-02 03:00:03)
[2025-12-02 08:19:49]   [emp_id: 3727] SKIPPED: Already updated today (2025-12-02 03:00:03)
[2025-12-02 08:19:49]   [emp_id: 3728] SKIPPED: Already updated today (2025-12-02 03:00:03)
[2025-12-02 08:19:49]   [emp_id: 3742] SKIPPED: Already updated today (2025-12-02 03:00:03)
[2025-12-02 08:19:49]   [emp_id: 3767] SKIPPED: Already updated today (2025-12-02 03:00:03)
[2025-12-02 08:19:49]   [emp_id: 3768] SKIPPED: Already updated today (2025-12-02 03:00:03)
[2025-12-02 08:19:49]   [emp_id: 3787] SKIPPED: Already updated today (2025-12-02 03:00:03)
[2025-12-02 08:19:49]   [emp_id: 3790] SKIPPED: Already updated today (2025-12-02 03:00:03)
[2025-12-02 08:19:49]   [emp_id: 3795] SKIPPED: Already updated today (2025-12-02 03:00:03)
[2025-12-02 08:19:49]   [emp_id: 3798] SKIPPED: Already updated today (2025-12-02 03:00:03)
[2025-12-02 08:19:49]   [emp_id: 3801] SKIPPED: Already updated today (2025-12-02 03:00:03)
[2025-12-02 08:19:49]   [emp_id: 3802] SKIPPED: Already updated today (2025-12-02 03:00:03)
[2025-12-02 08:19:49]   [emp_id: 3803] SKIPPED: Already updated today (2025-12-02 03:00:03)
[2025-12-02 08:19:49]   [emp_id: 3810] SKIPPED: Already updated today (2025-12-02 03:00:03)
[2025-12-02 08:19:49]   [emp_id: 3812] SKIPPED: Already updated today (2025-12-02 03:00:03)
[2025-12-02 08:19:49]   [emp_id: 3815] SKIPPED: Already updated today (2025-12-02 03:00:03)
[2025-12-02 08:19:49]   [emp_id: 3836] SKIPPED: Already updated today (2025-12-02 03:00:03)
[2025-12-02 08:19:49]   [emp_id: 3855] SKIPPED: Already updated today (2025-12-02 03:00:03)
[2025-12-02 08:19:49]   [emp_id: 3857] SKIPPED: Already updated today (2025-12-02 03:00:03)
[2025-12-02 08:19:49]   [emp_id: 3862] SKIPPED: Already updated today (2025-12-02 03:00:03)
[2025-12-02 08:19:49]   [emp_id: 3866] SKIPPED: Already updated today (2025-12-02 03:00:03)
[2025-12-02 08:19:49]   [emp_id: 3876] SKIPPED: Already updated today (2025-12-02 03:00:03)
[2025-12-02 08:19:49]   [emp_id: 3877] SKIPPED: Already updated today (2025-12-02 03:00:03)
[2025-12-02 08:19:49]   [emp_id: 3897] SKIPPED: Already updated today (2025-12-02 03:00:03)
[2025-12-02 08:19:49]   [emp_id: 3899] SKIPPED: Already updated today (2025-12-02 03:00:03)
[2025-12-02 08:19:49]   [emp_id: 3928] SKIPPED: Already updated today (2025-12-02 03:00:03)
[2025-12-02 08:19:49]   [emp_id: 3929] SKIPPED: Already updated today (2025-12-02 03:00:03)
[2025-12-02 08:19:49]   [emp_id: 3935] SKIPPED: Already updated today (2025-12-02 03:00:03)
[2025-12-02 08:19:49]   [emp_id: 3952] SKIPPED: Already updated today (2025-12-02 03:00:03)
[2025-12-02 08:19:49]   [emp_id: 3987] SKIPPED: Already updated today (2025-12-02 03:00:03)
[2025-12-02 08:19:49]   [emp_id: 4059] SKIPPED: Already updated today (2025-12-02 10:37:21)
[2025-12-02 08:19:49]   [emp_id: 4119] SKIPPED: Already updated today (2025-12-02 03:00:03)
[2025-12-02 08:19:49]   [emp_id: 4120] SKIPPED: Already updated today (2025-12-02 03:00:03)
[2025-12-02 08:19:49]   [emp_id: 4124] SKIPPED: Already updated today (2025-12-02 03:00:03)
[2025-12-02 08:19:49]   [emp_id: 4133] SKIPPED: Already updated today (2025-12-02 03:00:03)
[2025-12-02 08:19:49]   [emp_id: 4134] SKIPPED: Already updated today (2025-12-02 03:00:03)
[2025-12-02 08:19:49]   [emp_id: 4136] SKIPPED: Already updated today (2025-12-02 03:00:03)
[2025-12-02 08:19:49]   [emp_id: 4150] SKIPPED: Already updated today (2025-12-02 03:00:03)
[2025-12-02 08:19:49]   [emp_id: 4157] SKIPPED: Already updated today (2025-12-02 03:00:03)
[2025-12-02 08:19:49]   [emp_id: 4172] SKIPPED: Already updated today (2025-12-02 03:00:03)
[2025-12-02 08:19:49]   [emp_id: 4195] SKIPPED: Already updated today (2025-12-02 03:00:03)
[2025-12-02 08:19:49]   [emp_id: 4215] SKIPPED: Already updated today (2025-12-02 03:00:03)
[2025-12-02 08:19:49]   [emp_id: 4220] SKIPPED: Already updated today (2025-12-02 03:00:03)
[2025-12-02 08:19:49]   [emp_id: 4273] SKIPPED: Already updated today (2025-12-02 03:00:03)
[2025-12-02 08:19:49]   [emp_id: 4283] SKIPPED: Already updated today (2025-12-02 03:00:03)
[2025-12-02 08:19:49]   [emp_id: 4288] SKIPPED: Already updated today (2025-12-02 03:00:03)
[2025-12-02 08:19:49]   [emp_id: 4315] SKIPPED: Already updated today (2025-12-02 03:00:03)
[2025-12-02 08:19:49]   [emp_id: 4328] SKIPPED: Already updated today (2025-12-02 03:00:03)
[2025-12-02 08:19:49]   [emp_id: 4329] SKIPPED: Already updated today (2025-12-02 03:00:03)
[2025-12-02 08:19:49]   [emp_id: 4338] SKIPPED: Already updated today (2025-12-02 03:00:03)
[2025-12-02 08:19:49]   [emp_id: 4340] SKIPPED: Already updated today (2025-12-02 03:00:03)
[2025-12-02 08:19:49]   [emp_id: 4365] SKIPPED: Already updated today (2025-12-02 03:00:03)
[2025-12-02 08:19:49]   [emp_id: 4366] SKIPPED: Already updated today (2025-12-02 03:00:03)
[2025-12-02 08:19:49]   [emp_id: 4385] SKIPPED: Already updated today (2025-12-02 03:00:03)
[2025-12-02 08:19:49]   [emp_id: 4403] SKIPPED: Already updated today (2025-12-02 03:00:03)
[2025-12-02 08:19:49]   [emp_id: 4438] SKIPPED: Already updated today (2025-12-02 03:00:03)
[2025-12-02 08:19:49]   [emp_id: 4465] SKIPPED: Already updated today (2025-12-02 03:00:03)
[2025-12-02 08:19:49]   [emp_id: 4473] SKIPPED: Already updated today (2025-12-02 03:00:03)
[2025-12-02 08:19:49]   [emp_id: 4474] SKIPPED: Already updated today (2025-12-02 03:00:03)
[2025-12-02 08:19:49]   [emp_id: 4493] SKIPPED: Already updated today (2025-12-02 03:00:03)
[2025-12-02 08:19:49]   [emp_id: 4526] SKIPPED: Already updated today (2025-12-02 03:00:03)
[2025-12-02 08:19:49]   [emp_id: 4528] SKIPPED: Already updated today (2025-12-02 03:00:03)
[2025-12-02 08:19:49]   [emp_id: 4528] SKIPPED: Already updated today (2025-12-02 03:00:03)
[2025-12-02 08:19:49]   [emp_id: 4532] SKIPPED: Already updated today (2025-12-02 03:00:03)
[2025-12-02 08:19:49]   [emp_id: 4533] SKIPPED: Already updated today (2025-12-02 03:00:03)
[2025-12-02 08:19:49]   [emp_id: 4564] SKIPPED: Already updated today (2025-12-02 03:00:03)
[2025-12-02 08:19:49]   [emp_id: 4565] SKIPPED: Already updated today (2025-12-02 03:00:03)
[2025-12-02 08:19:49]   [emp_id: 4567] SKIPPED: Already updated today (2025-12-02 03:00:03)
[2025-12-02 08:19:49]   [emp_id: 4572] SKIPPED: Already updated today (2025-12-02 03:00:03)
[2025-12-02 08:19:49]   [emp_id: 4631] SKIPPED: Already updated today (2025-12-02 03:00:03)
[2025-12-02 08:19:49]   [emp_id: 4655] SKIPPED: Already updated today (2025-12-02 03:00:03)
[2025-12-02 08:19:49]   [emp_id: 4689] SKIPPED: Already updated today (2025-12-02 03:00:03)
[2025-12-02 08:19:49]   [emp_id: 4709] SKIPPED: Already updated today (2025-12-02 03:00:03)
[2025-12-02 08:19:49]   [emp_id: 4717] SKIPPED: Already updated today (2025-12-02 03:00:03)
[2025-12-02 08:19:49]   [emp_id: 4736] SKIPPED: Already updated today (2025-12-02 03:00:03)
[2025-12-02 08:19:49]   [emp_id: 4756] SKIPPED: Already updated today (2025-12-02 03:00:03)
[2025-12-02 08:19:49]   [emp_id: 4768] SKIPPED: Already updated today (2025-12-02 03:00:03)
[2025-12-02 08:19:49]   [emp_id: 4780] SKIPPED: Already updated today (2025-12-02 03:00:03)
[2025-12-02 08:19:49]   [emp_id: 4820] SKIPPED: Already updated today (2025-12-02 03:00:03)
[2025-12-02 08:19:49]   [emp_id: 4825] SKIPPED: Already updated today (2025-12-02 03:00:03)
[2025-12-02 08:19:49]   [emp_id: 4835] SKIPPED: Already updated today (2025-12-02 03:00:04)
[2025-12-02 08:19:49]   [emp_id: 4837] SKIPPED: Already updated today (2025-12-02 03:00:04)
[2025-12-02 08:19:49]   [emp_id: 4838] SKIPPED: Already updated today (2025-12-02 03:00:04)
[2025-12-02 08:19:49]   [emp_id: 4840] SKIPPED: Already updated today (2025-12-02 03:00:04)
[2025-12-02 08:19:49]   [emp_id: 4842] SKIPPED: Already updated today (2025-12-02 03:00:04)
[2025-12-02 08:19:49]   [emp_id: 4843] SKIPPED: Already updated today (2025-12-02 03:00:04)
[2025-12-02 08:19:49]   [emp_id: 4853] SKIPPED: Already updated today (2025-12-02 03:00:04)
[2025-12-02 08:19:49]   [emp_id: 4856] SKIPPED: Already updated today (2025-12-02 03:00:04)
[2025-12-02 08:19:49]   [emp_id: 4857] SKIPPED: Already updated today (2025-12-02 03:00:04)
[2025-12-02 08:19:49]   [emp_id: 4858] SKIPPED: Already updated today (2025-12-02 03:00:04)
[2025-12-02 08:19:49]   [emp_id: 4859] SKIPPED: Already updated today (2025-12-02 03:00:04)
[2025-12-02 08:19:49]   [emp_id: 4860] SKIPPED: Already updated today (2025-12-02 03:00:04)
[2025-12-02 08:19:49]   [emp_id: 4861] SKIPPED: Already updated today (2025-12-02 03:00:04)
[2025-12-02 08:19:49]   [emp_id: 4869] SKIPPED: Already updated today (2025-12-02 03:00:04)
[2025-12-02 08:19:49]   [emp_id: 4894] SKIPPED: Already updated today (2025-12-02 03:00:04)
[2025-12-02 08:19:49]   [emp_id: 4897] SKIPPED: Already updated today (2025-12-02 03:00:04)
[2025-12-02 08:19:49]   [emp_id: 4899] SKIPPED: Already updated today (2025-12-02 03:00:04)
[2025-12-02 08:19:49]   [emp_id: 4902] SKIPPED: Already updated today (2025-12-02 03:00:04)
[2025-12-02 08:19:49]   [emp_id: 4903] SKIPPED: Already updated today (2025-12-02 03:00:04)
[2025-12-02 08:19:49]   [emp_id: 4905] SKIPPED: Already updated today (2025-12-02 03:00:04)
[2025-12-02 08:19:49]   [emp_id: 4907] SKIPPED: Already updated today (2025-12-02 03:00:04)
[2025-12-02 08:19:49]   [emp_id: 4917] SKIPPED: Already updated today (2025-12-02 03:00:04)
[2025-12-02 08:19:49]   [emp_id: 4918] SKIPPED: Already updated today (2025-12-02 03:00:04)
[2025-12-02 08:19:49]   [emp_id: 4919] SKIPPED: Already updated today (2025-12-02 03:00:04)
[2025-12-02 08:19:49]   [emp_id: 4920] SKIPPED: Already updated today (2025-12-02 03:00:04)
[2025-12-02 08:19:49]   [emp_id: 4921] SKIPPED: Already updated today (2025-12-02 03:00:04)
[2025-12-02 08:19:49]   [emp_id: 4927] SKIPPED: Already updated today (2025-12-02 03:00:04)
[2025-12-02 08:19:49]   [emp_id: 4929] SKIPPED: Already updated today (2025-12-02 03:00:04)
[2025-12-02 08:19:49]   [emp_id: 4930] SKIPPED: Already updated today (2025-12-02 03:00:04)
[2025-12-02 08:19:49]   [emp_id: 4932] SKIPPED: Already updated today (2025-12-02 03:00:04)
[2025-12-02 08:19:49]   [emp_id: 4933] SKIPPED: Already updated today (2025-12-02 03:00:04)
[2025-12-02 08:19:49]   [emp_id: 4949] SKIPPED: Already updated today (2025-12-02 03:00:04)
[2025-12-02 08:19:49]   [emp_id: 4956] SKIPPED: Already updated today (2025-12-02 10:37:31)
[2025-12-02 08:19:49]   [emp_id: 4957] SKIPPED: Already updated today (2025-12-02 03:00:04)
[2025-12-02 08:19:49]   [emp_id: 4962] SKIPPED: Already updated today (2025-12-02 03:00:04)
[2025-12-02 08:19:49]   [emp_id: 4969] SKIPPED: Already updated today (2025-12-02 03:00:04)
[2025-12-02 08:19:49]   [emp_id: 4976] SKIPPED: Already updated today (2025-12-02 03:00:04)
[2025-12-02 08:19:49]   [emp_id: 4984] SKIPPED: Already updated today (2025-12-02 03:00:04)
[2025-12-02 08:19:49]   [emp_id: 4995] SKIPPED: Already updated today (2025-12-02 03:00:04)
[2025-12-02 08:19:49]   [emp_id: 5004] SKIPPED: Already updated today (2025-12-02 03:00:04)
[2025-12-02 08:19:49]   [emp_id: 5006] SKIPPED: Already updated today (2025-12-02 03:00:04)
[2025-12-02 08:19:49]   [emp_id: 5011] SKIPPED: Already updated today (2025-12-02 03:00:04)
[2025-12-02 08:19:49]   [emp_id: 5013] SKIPPED: Already updated today (2025-12-02 03:00:04)
[2025-12-02 08:19:49]   [emp_id: 5018] SKIPPED: Already updated today (2025-12-02 03:00:04)
[2025-12-02 08:19:49]   [emp_id: 5021] SKIPPED: Already updated today (2025-12-02 03:00:04)
[2025-12-02 08:19:49]   [emp_id: 5021] SKIPPED: Already updated today (2025-12-02 03:00:04)
[2025-12-02 08:19:49]   [emp_id: 5024] SKIPPED: Already updated today (2025-12-02 10:37:26)
[2025-12-02 08:19:49]   [emp_id: 5029] SKIPPED: Already updated today (2025-12-02 03:00:04)
[2025-12-02 08:19:49]   [emp_id: 5030] SKIPPED: Already updated today (2025-12-02 03:00:04)
[2025-12-02 08:19:49]   [emp_id: 5033] SKIPPED: Already updated today (2025-12-02 03:00:04)
[2025-12-02 08:19:49]   [emp_id: 5043] SKIPPED: Already updated today (2025-12-02 03:00:04)
[2025-12-02 08:19:49]   [emp_id: 5045] SKIPPED: Already updated today (2025-12-02 03:00:04)
[2025-12-02 08:19:49]   [emp_id: 5046] SKIPPED: Already updated today (2025-12-02 03:00:04)
[2025-12-02 08:19:49]   [emp_id: 5049] SKIPPED: Already updated today (2025-12-02 03:00:04)
[2025-12-02 08:19:49]   [emp_id: 5052] SKIPPED: Already updated today (2025-12-02 03:00:04)
[2025-12-02 08:19:49]   [emp_id: 5055] SKIPPED: Already updated today (2025-12-02 03:00:04)
[2025-12-02 08:19:49]   [emp_id: 5058] SKIPPED: Already updated today (2025-12-02 03:00:04)
[2025-12-02 08:19:49]   [emp_id: 5062] SKIPPED: Already updated today (2025-12-02 03:00:04)
[2025-12-02 08:19:49]   [emp_id: 5064] SKIPPED: Already updated today (2025-12-02 03:00:04)
[2025-12-02 08:19:49]   [emp_id: 5065] SKIPPED: Already updated today (2025-12-02 03:00:04)
[2025-12-02 08:19:49]   [emp_id: 5071] SKIPPED: Already updated today (2025-12-02 03:00:04)
[2025-12-02 08:19:49]   [emp_id: 5073] SKIPPED: Already updated today (2025-12-02 03:00:04)
[2025-12-02 08:19:49]   [emp_id: 5079] SKIPPED: Already updated today (2025-12-02 03:00:04)
[2025-12-02 08:19:49]   [emp_id: 5080] SKIPPED: Already updated today (2025-12-02 03:00:04)
[2025-12-02 08:19:49]   [emp_id: 5081] SKIPPED: Already updated today (2025-12-02 03:00:04)
[2025-12-02 08:19:49]   [emp_id: 5087] SKIPPED: Already updated today (2025-12-02 03:00:04)
[2025-12-02 08:19:49]   [emp_id: 5091] SKIPPED: Already updated today (2025-12-02 03:00:04)
[2025-12-02 08:19:49]   [emp_id: 5093] SKIPPED: Already updated today (2025-12-02 03:00:04)
[2025-12-02 08:19:49]   [emp_id: 5095] SKIPPED: Already updated today (2025-12-02 03:00:04)
[2025-12-02 08:19:49]   [emp_id: 5101] SKIPPED: Already updated today (2025-12-02 03:00:04)
[2025-12-02 08:19:49]   [emp_id: 5107] SKIPPED: Already updated today (2025-12-02 03:00:04)
[2025-12-02 08:19:49]   [emp_id: 5109] SKIPPED: Already updated today (2025-12-02 03:00:04)
[2025-12-02 08:19:49]   [emp_id: 5119] SKIPPED: Already updated today (2025-12-02 03:00:04)
[2025-12-02 08:19:49]   [emp_id: 5122] SKIPPED: Already updated today (2025-12-02 03:00:04)
[2025-12-02 08:19:49]   [emp_id: 5126] SKIPPED: Already updated today (2025-12-02 03:00:04)
[2025-12-02 08:19:49]   [emp_id: 5127] SKIPPED: Already updated today (2025-12-02 03:00:04)
[2025-12-02 08:19:49]   [emp_id: 5128] SKIPPED: Already updated today (2025-12-02 03:00:04)
[2025-12-02 08:19:49]   [emp_id: 5138] SKIPPED: Already updated today (2025-12-02 03:00:04)
[2025-12-02 08:19:49]   [emp_id: 5138] SKIPPED: Already updated today (2025-12-02 03:00:04)
[2025-12-02 08:19:49]   [emp_id: 5141] SKIPPED: Already updated today (2025-12-02 03:00:04)
[2025-12-02 08:19:49]   [emp_id: 5142] SKIPPED: Already updated today (2025-12-02 03:00:04)
[2025-12-02 08:19:49]   [emp_id: 5146] SKIPPED: Already updated today (2025-12-02 03:00:04)
[2025-12-02 08:19:49]   [emp_id: 5147] SKIPPED: Already updated today (2025-12-02 03:00:04)
[2025-12-02 08:19:49]   [emp_id: 5148] SKIPPED: Already updated today (2025-12-02 03:00:04)
[2025-12-02 08:19:49]   [emp_id: 5149] SKIPPED: Already updated today (2025-12-02 03:00:04)
[2025-12-02 08:19:49]   [emp_id: 5150] SKIPPED: Already updated today (2025-12-02 03:00:04)
[2025-12-02 08:19:49]   [emp_id: 5151] SKIPPED: Already updated today (2025-12-02 03:00:04)
[2025-12-02 08:19:49]   [emp_id: 5152] SKIPPED: Already updated today (2025-12-02 03:00:04)
[2025-12-02 08:19:49]   [emp_id: 5157] SKIPPED: Already updated today (2025-12-02 03:00:04)
[2025-12-02 08:19:49]   [emp_id: 5160] SKIPPED: Already updated today (2025-12-02 03:00:04)
[2025-12-02 08:19:49]   [emp_id: 5163] SKIPPED: Already updated today (2025-12-02 03:00:04)
[2025-12-02 08:19:49]   [emp_id: 5165] SKIPPED: Already updated today (2025-12-02 03:00:04)
[2025-12-02 08:19:49]   [emp_id: 5167] SKIPPED: Already updated today (2025-12-02 03:00:04)
[2025-12-02 08:19:49]   [emp_id: 5168] SKIPPED: Already updated today (2025-12-02 03:00:04)
[2025-12-02 08:19:49]   [emp_id: 5173] SKIPPED: Already updated today (2025-12-02 03:00:04)
[2025-12-02 08:19:49]   [emp_id: 5174] SKIPPED: Already updated today (2025-12-02 03:00:04)
[2025-12-02 08:19:49]   [emp_id: 5181] SKIPPED: Already updated today (2025-12-02 03:00:04)
[2025-12-02 08:19:49]   [emp_id: 5186] SKIPPED: Already updated today (2025-12-02 03:00:04)
[2025-12-02 08:19:49]   [emp_id: 5187] SKIPPED: Already updated today (2025-12-02 03:00:04)
[2025-12-02 08:19:49]   [emp_id: 5204] SKIPPED: Already updated today (2025-12-02 03:00:04)
[2025-12-02 08:19:49]   [emp_id: 5205] SKIPPED: Already updated today (2025-12-02 03:00:04)
[2025-12-02 08:19:49]   [emp_id: 5209] SKIPPED: Already updated today (2025-12-02 03:00:04)
[2025-12-02 08:19:49]   [emp_id: 5211] SKIPPED: Already updated today (2025-12-02 03:00:04)
[2025-12-02 08:19:49]   [emp_id: 5213] SKIPPED: Already updated today (2025-12-02 03:00:04)
[2025-12-02 08:19:49]   [emp_id: 5214] SKIPPED: Already updated today (2025-12-02 03:00:04)
[2025-12-02 08:19:49]   [emp_id: 5215] SKIPPED: Already updated today (2025-12-02 03:00:04)
[2025-12-02 08:19:49]   [emp_id: 5217] SKIPPED: Already updated today (2025-12-02 03:00:04)
[2025-12-02 08:19:49]   [emp_id: 5218] SKIPPED: Already updated today (2025-12-02 03:00:04)
[2025-12-02 08:19:49]   [emp_id: 5219] SKIPPED: Already updated today (2025-12-02 03:00:04)
[2025-12-02 08:19:49]   [emp_id: 5221] SKIPPED: Already updated today (2025-12-02 03:00:04)
[2025-12-02 08:19:49]   [emp_id: 5224] SKIPPED: Already updated today (2025-12-02 03:00:04)
[2025-12-02 08:19:49]   [emp_id: 5225] SKIPPED: Already updated today (2025-12-02 03:00:04)
[2025-12-02 08:19:49]   [emp_id: 5228] SKIPPED: Already updated today (2025-12-02 03:00:04)
[2025-12-02 08:19:49]   [emp_id: 5229] SKIPPED: Already updated today (2025-12-02 03:00:04)
[2025-12-02 08:19:49]   [emp_id: 5230] SKIPPED: Already updated today (2025-12-02 03:00:04)
[2025-12-02 08:19:49]   [emp_id: 5231] SKIPPED: Already updated today (2025-12-02 03:00:04)
[2025-12-02 08:19:49]   [emp_id: 5232] SKIPPED: Already updated today (2025-12-02 03:00:04)
[2025-12-02 08:19:49]   [emp_id: 5233] SKIPPED: Already updated today (2025-12-02 03:00:04)
[2025-12-02 08:19:49]   [emp_id: 5234] SKIPPED: Already updated today (2025-12-02 03:00:04)
[2025-12-02 08:19:49]   [emp_id: 5235] SKIPPED: Already updated today (2025-12-02 03:00:04)
[2025-12-02 08:19:49]   [emp_id: 5237] SKIPPED: Already updated today (2025-12-02 03:00:04)
[2025-12-02 08:19:49]   [emp_id: 5238] SKIPPED: Already updated today (2025-12-02 03:00:04)
[2025-12-02 08:19:49]   [emp_id: 5239] SKIPPED: Already updated today (2025-12-02 03:00:04)
[2025-12-02 08:19:49]   [emp_id: 5241] SKIPPED: Already updated today (2025-12-02 03:00:04)
[2025-12-02 08:19:49]   [emp_id: 5242] SKIPPED: Already updated today (2025-12-02 03:00:04)
[2025-12-02 08:19:49]   [emp_id: 5243] SKIPPED: Already updated today (2025-12-02 03:00:04)
[2025-12-02 08:19:49]   [emp_id: 5244] SKIPPED: Already updated today (2025-12-02 03:00:04)
[2025-12-02 08:19:49]   [emp_id: 5246] SKIPPED: Already updated today (2025-12-02 03:00:04)
[2025-12-02 08:19:49]   [emp_id: 5253] SKIPPED: Already updated today (2025-12-02 03:00:04)
[2025-12-02 08:19:49]   [emp_id: 5254] SKIPPED: Already updated today (2025-12-02 03:00:04)
[2025-12-02 08:19:49]   [emp_id: 5257] SKIPPED: Already updated today (2025-12-02 03:00:04)
[2025-12-02 08:19:49]   [emp_id: 5259] SKIPPED: Already updated today (2025-12-02 03:00:04)
[2025-12-02 08:19:49]   [emp_id: 5261] SKIPPED: Already updated today (2025-12-02 03:00:04)
[2025-12-02 08:19:49]   [emp_id: 5264] SKIPPED: Already updated today (2025-12-02 03:00:04)
[2025-12-02 08:19:49]   [emp_id: 5266] SKIPPED: Already updated today (2025-12-02 03:00:04)
[2025-12-02 08:19:49]   [emp_id: 5268] SKIPPED: Already updated today (2025-12-02 03:00:04)
[2025-12-02 08:19:49]   [emp_id: 5271] SKIPPED: Already updated today (2025-12-02 03:00:04)
[2025-12-02 08:19:49]   [emp_id: 5272] SKIPPED: Already updated today (2025-12-02 03:00:04)
[2025-12-02 08:19:49]   [emp_id: 5273] SKIPPED: Already updated today (2025-12-02 03:00:04)
[2025-12-02 08:19:49]   [emp_id: 5275] SKIPPED: Already updated today (2025-12-02 03:00:04)
[2025-12-02 08:19:49]   [emp_id: 5276] SKIPPED: Already updated today (2025-12-02 10:37:16)
[2025-12-02 08:19:49]   [emp_id: 5278] SKIPPED: Already updated today (2025-12-02 03:00:04)
[2025-12-02 08:19:49]   [emp_id: 5280] SKIPPED: Already updated today (2025-12-02 03:00:04)
[2025-12-02 08:19:49]   [emp_id: 5282] SKIPPED: Already updated today (2025-12-02 03:00:04)
[2025-12-02 08:19:49]   [emp_id: 5285] SKIPPED: Already updated today (2025-12-02 03:00:04)
[2025-12-02 08:19:49]   [emp_id: 5286] SKIPPED: Already updated today (2025-12-02 03:00:04)
[2025-12-02 08:19:49]   [emp_id: 5287] SKIPPED: Already updated today (2025-12-02 03:00:04)
[2025-12-02 08:19:49]   [emp_id: 5288] SKIPPED: Already updated today (2025-12-02 03:00:04)
[2025-12-02 08:19:49]   [emp_id: 5289] SKIPPED: Already updated today (2025-12-02 03:00:04)
[2025-12-02 08:19:49]   [emp_id: 5290] SKIPPED: Already updated today (2025-12-02 03:00:04)
[2025-12-02 08:19:49]   [emp_id: 5291] SKIPPED: Already updated today (2025-12-02 03:00:04)
[2025-12-02 08:19:49]   [emp_id: 5292] SKIPPED: Already updated today (2025-12-02 03:00:04)
[2025-12-02 08:19:49]   [emp_id: 5293] SKIPPED: Already updated today (2025-12-02 03:00:05)
[2025-12-02 08:19:49]   [emp_id: 5294] SKIPPED: Already updated today (2025-12-02 03:00:05)
[2025-12-02 08:19:49]   [emp_id: 5295] SKIPPED: Already updated today (2025-12-02 03:00:05)
[2025-12-02 08:19:49]   [emp_id: 5296] SKIPPED: Already updated today (2025-12-02 03:00:05)
[2025-12-02 08:19:49]   [emp_id: 5297] SKIPPED: Already updated today (2025-12-02 03:00:05)
[2025-12-02 08:19:49]   [emp_id: 5298] SKIPPED: Already updated today (2025-12-02 03:00:05)
[2025-12-02 08:19:49]   [emp_id: 5299] SKIPPED: Already updated today (2025-12-02 03:00:05)
[2025-12-02 08:19:49]   [emp_id: 5300] SKIPPED: Already updated today (2025-12-02 03:00:05)
[2025-12-02 08:19:49]   [emp_id: 5301] SKIPPED: Already updated today (2025-12-02 03:00:05)
[2025-12-02 08:19:49]   [emp_id: 5303] SKIPPED: Already updated today (2025-12-02 03:00:05)
[2025-12-02 08:19:49]   [emp_id: 5304] SKIPPED: Already updated today (2025-12-02 03:00:05)
[2025-12-02 08:19:49]   [emp_id: 5305] SKIPPED: Already updated today (2025-12-02 03:00:05)
[2025-12-02 08:19:49]   [emp_id: 5306] SKIPPED: Already updated today (2025-12-02 03:00:05)
[2025-12-02 08:19:49]   [emp_id: 5307] SKIPPED: Already updated today (2025-12-02 03:00:05)
[2025-12-02 08:19:49]   [emp_id: 5312] SKIPPED: Already updated today (2025-12-02 03:00:05)
[2025-12-02 08:19:49]   [emp_id: 5318] SKIPPED: Already updated today (2025-12-02 03:00:05)
[2025-12-02 08:19:49]   [emp_id: 5325] SKIPPED: Already updated today (2025-12-02 03:00:05)
[2025-12-02 08:19:49]   [emp_id: 5326] SKIPPED: Already updated today (2025-12-02 03:00:05)
[2025-12-02 08:19:49]   [emp_id: 5327] SKIPPED: Already updated today (2025-12-02 03:00:05)
[2025-12-02 08:19:49]   [emp_id: 5328] SKIPPED: Already updated today (2025-12-02 03:00:05)
[2025-12-02 08:19:49]   [emp_id: 5329] SKIPPED: Already updated today (2025-12-02 03:00:05)
[2025-12-02 08:19:49]   [emp_id: 5331] SKIPPED: Already updated today (2025-12-02 03:00:05)
[2025-12-02 08:19:49]   [emp_id: 5337] SKIPPED: Already updated today (2025-12-02 03:00:05)
[2025-12-02 08:19:49]   [emp_id: 5339] SKIPPED: Already updated today (2025-12-02 03:00:05)
[2025-12-02 08:19:49]   [emp_id: 5343] SKIPPED: Already updated today (2025-12-02 03:00:05)
[2025-12-02 08:19:49]   [emp_id: 5343] SKIPPED: Already updated today (2025-12-02 03:00:05)
[2025-12-02 08:19:49]   [emp_id: 5345] SKIPPED: Already updated today (2025-12-02 03:00:05)
[2025-12-02 08:19:49]   [emp_id: 5346] SKIPPED: Already updated today (2025-12-02 03:00:05)
[2025-12-02 08:19:49]   [emp_id: 5351] SKIPPED: Already updated today (2025-12-02 03:00:05)
[2025-12-02 08:19:49]   [emp_id: 5352] SKIPPED: Already updated today (2025-12-02 03:00:05)
[2025-12-02 08:19:49]   [emp_id: 5370] SKIPPED: Already updated today (2025-12-02 03:00:05)
[2025-12-02 08:19:49]   [emp_id: 5371] SKIPPED: Already updated today (2025-12-02 03:00:05)
[2025-12-02 08:19:49]   [emp_id: 5376] SKIPPED: Already updated today (2025-12-02 03:00:05)
[2025-12-02 08:19:49]   [emp_id: 5378] SKIPPED: Already updated today (2025-12-02 03:00:05)
[2025-12-02 08:19:49]   [emp_id: 5380] SKIPPED: Already updated today (2025-12-02 03:00:05)
[2025-12-02 08:19:49]   [emp_id: 5381] SKIPPED: Already updated today (2025-12-02 03:00:05)
[2025-12-02 08:19:49]   [emp_id: 5383] SKIPPED: Already updated today (2025-12-02 03:00:05)
[2025-12-02 08:19:49]   [emp_id: 5388] SKIPPED: Already updated today (2025-12-02 03:00:05)
[2025-12-02 08:19:49]   [emp_id: 5392] SKIPPED: Already updated today (2025-12-02 03:00:05)
[2025-12-02 08:19:49]   [emp_id: 5396] SKIPPED: Already updated today (2025-12-02 03:00:05)
[2025-12-02 08:19:49]   [emp_id: 5397] SKIPPED: Already updated today (2025-12-02 03:00:05)
[2025-12-02 08:19:49]   [emp_id: 5401] SKIPPED: Already updated today (2025-12-02 03:00:05)
[2025-12-02 08:19:49]   [emp_id: 5402] SKIPPED: Already updated today (2025-12-02 03:00:05)
[2025-12-02 08:19:49]   [emp_id: 5406] SKIPPED: Already updated today (2025-12-02 03:00:05)
[2025-12-02 08:19:49]   [emp_id: 5407] SKIPPED: Already updated today (2025-12-02 03:00:05)
[2025-12-02 08:19:49]   [emp_id: 5408] SKIPPED: Already updated today (2025-12-02 03:00:05)
[2025-12-02 08:19:49]   [emp_id: 5409] SKIPPED: Already updated today (2025-12-02 10:37:36)
[2025-12-02 08:19:49]   [emp_id: 5413] SKIPPED: Already updated today (2025-12-02 03:00:05)
[2025-12-02 08:19:49]   [emp_id: 5414] SKIPPED: Already updated today (2025-12-02 03:00:05)
[2025-12-02 08:19:49]   [emp_id: 5415] SKIPPED: Already updated today (2025-12-02 03:00:05)
[2025-12-02 08:19:49]   [emp_id: 5418] SKIPPED: Already updated today (2025-12-02 03:00:05)
[2025-12-02 08:19:49]   [emp_id: 5422] SKIPPED: Already updated today (2025-12-02 03:00:05)
[2025-12-02 08:19:49]   [emp_id: 5423] SKIPPED: Already updated today (2025-12-02 03:00:05)
[2025-12-02 08:19:49]   [emp_id: 5423] SKIPPED: Already updated today (2025-12-02 03:00:05)
[2025-12-02 08:19:49]   [emp_id: 5423] SKIPPED: Already updated today (2025-12-02 03:00:05)
[2025-12-02 08:19:49]   [emp_id: 5424] SKIPPED: Already updated today (2025-12-02 03:00:05)
[2025-12-02 08:19:49]   [emp_id: 5425] SKIPPED: Already updated today (2025-12-02 03:00:05)
[2025-12-02 08:19:49]   [emp_id: 5426] SKIPPED: Already updated today (2025-12-02 03:00:05)
[2025-12-02 08:19:49]   [emp_id: 5426] SKIPPED: Already updated today (2025-12-02 03:00:05)
[2025-12-02 08:19:49]   [emp_id: 5427] SKIPPED: Already updated today (2025-12-02 03:00:05)
[2025-12-02 08:19:49]   [emp_id: 5428] SKIPPED: Already updated today (2025-12-02 03:00:05)
[2025-12-02 08:19:49]   [emp_id: 5430] SKIPPED: Already updated today (2025-12-02 03:00:05)
[2025-12-02 08:19:49]   [emp_id: 5431] SKIPPED: Already updated today (2025-12-02 03:00:05)
[2025-12-02 08:19:49]   [emp_id: 5434] SKIPPED: Already updated today (2025-12-02 03:00:05)
[2025-12-02 08:19:49]   [emp_id: 5435] SKIPPED: Already updated today (2025-12-02 03:00:05)
[2025-12-02 08:19:49]   [emp_id: 5436] SKIPPED: Already updated today (2025-12-02 03:00:05)
[2025-12-02 08:19:49]   [emp_id: 5438] SKIPPED: Already updated today (2025-12-02 03:00:05)
[2025-12-02 08:19:49]   [emp_id: 5439] SKIPPED: Already updated today (2025-12-02 03:00:05)
[2025-12-02 08:19:49]   [emp_id: 5442] SKIPPED: Already updated today (2025-12-02 03:00:05)
[2025-12-02 08:19:49]   [emp_id: 5443] SKIPPED: Already updated today (2025-12-02 03:00:05)
[2025-12-02 08:19:49]   [emp_id: 5445] SKIPPED: Already updated today (2025-12-02 03:00:05)
[2025-12-02 08:19:49]   [emp_id: 5446] SKIPPED: Already updated today (2025-12-02 03:00:05)
[2025-12-02 08:19:49]   [emp_id: 5447] SKIPPED: Already updated today (2025-12-02 03:00:05)
[2025-12-02 08:19:49]   [emp_id: 5448] SKIPPED: Already updated today (2025-12-02 03:00:05)
[2025-12-02 08:19:49]   [emp_id: 5449] SKIPPED: Already updated today (2025-12-02 03:00:05)
[2025-12-02 08:19:49]   [emp_id: 5450] SKIPPED: Already updated today (2025-12-02 03:00:05)
[2025-12-02 08:19:49]   [emp_id: 5451] SKIPPED: Already updated today (2025-12-02 03:00:05)
[2025-12-02 08:19:49]   [emp_id: 5454] SKIPPED: Already updated today (2025-12-02 03:00:05)
[2025-12-02 08:19:49]   [emp_id: 5455] SKIPPED: Already updated today (2025-12-02 03:00:05)
[2025-12-02 08:19:49]   [emp_id: 5456] SKIPPED: Already updated today (2025-12-02 03:00:05)
[2025-12-02 08:19:49] 
[2025-12-02 08:19:49] ========== SUMMARY ==========
[2025-12-02 08:19:49] Total employees processed: 445
[2025-12-02 08:19:49] Records updated: 0
[2025-12-02 08:19:49] Balances changed: 0
[2025-12-02 08:19:49] Errors: 0
[2025-12-02 08:19:49] ========== CRON: Vacation Balance Update Completed ==========
[2025-12-02 08:19:49] 
