[2026-01-25 08:23:01] ========== CRON: Vacation Balance Update Started ==========
[2026-01-25 08:23:01] Database connection established
[2026-01-25 08:23:01] Found 433 active employees with balance records to update
[2026-01-25 08:23:01] (Only employees with status=1 will be processed)
[2026-01-25 08:23:01]   [emp_id: 1061] ✓ Updated: 1.2 → 1.45 (CHANGED)
[2026-01-25 08:23:01]   [emp_id: 1496] ✓ Updated: 18.05 → 18.3 (CHANGED)
[2026-01-25 08:23:01]   [emp_id: 1500] ✓ Updated: 5.73 → 5.98 (CHANGED)
[2026-01-25 08:23:01]   [emp_id: 1574] ✓ Updated: 34.96 → 35.21 (CHANGED)
[2026-01-25 08:23:01]   [emp_id: 1673] ✓ Updated: 46.46 → 46.71 (CHANGED)
[2026-01-25 08:23:01]   [emp_id: 1685] ✓ Updated: 16.38 → 16.63 (CHANGED)
[2026-01-25 08:23:01]   [emp_id: 1764] ✓ Updated: 71.05 → 71.3 (CHANGED)
[2026-01-25 08:23:01]   [emp_id: 1805] ✓ Updated: 65.38 → 65.63 (CHANGED)
[2026-01-25 08:23:01]   [emp_id: 1822] ✓ Updated: 70.13 → 70.38 (CHANGED)
[2026-01-25 08:23:01]   [emp_id: 1837] ✓ Updated: 26.3 → 26.55 (CHANGED)
[2026-01-25 08:23:01]   [emp_id: 1857] ✓ Updated: 21.63 → 21.88 (CHANGED)
[2026-01-25 08:23:01]   [emp_id: 1861] ✓ Updated: 72.46 → 72.71 (CHANGED)
[2026-01-25 08:23:01]   [emp_id: 1872] ✓ Updated: 11.3 → 11.55 (CHANGED)
[2026-01-25 08:23:01]   [emp_id: 1897] ✓ Updated: 6.63 → 6.88 (CHANGED)
[2026-01-25 08:23:01]   [emp_id: 1916] ✓ Updated: 12.93 → 13.18 (CHANGED)
[2026-01-25 08:23:01]   [emp_id: 1928] ✓ Updated: 65.88 → 66.13 (CHANGED)
[2026-01-25 08:23:01]   [emp_id: 1931] ✓ Updated: 85.8 → 86.05 (CHANGED)
[2026-01-25 08:23:01]   [emp_id: 1944] ✓ Updated: 43.96 → 44.21 (CHANGED)
[2026-01-25 08:23:01]   [emp_id: 1996] ✓ Updated: 72.46 → 72.71 (CHANGED)
[2026-01-25 08:23:01]   [emp_id: 1997] ✓ Updated: 37.63 → 37.88 (CHANGED)
[2026-01-25 08:23:01]   [emp_id: 1998] ✓ Updated: 29.07 → 29.32 (CHANGED)
[2026-01-25 08:23:01]   [emp_id: 1999] ✓ Updated: 30.07 → 30.32 (CHANGED)
[2026-01-25 08:23:01]   [emp_id: 2009] ✓ Updated: 36.38 → 36.63 (CHANGED)
[2026-01-25 08:23:01]   [emp_id: 2048] ✓ Updated: 26.21 → 26.46 (CHANGED)
[2026-01-25 08:23:01]   [emp_id: 2057] ✓ Updated: 67.05 → 67.3 (CHANGED)
[2026-01-25 08:23:01]   [emp_id: 2079] ✓ Updated: 49.38 → 49.63 (CHANGED)
[2026-01-25 08:23:01]   [emp_id: 2181] ✓ Updated: 38.38 → 38.63 (CHANGED)
[2026-01-25 08:23:01]   [emp_id: 2190] ✓ Updated: 7.71 → 7.96 (CHANGED)
[2026-01-25 08:23:01]   [emp_id: 2212] ✓ Updated: 25.71 → 25.96 (CHANGED)
[2026-01-25 08:23:02]   [emp_id: 2226] ✓ Updated: 70.46 → 70.71 (CHANGED)
[2026-01-25 08:23:02]   [emp_id: 2238] ✓ Updated: 68.71 → 68.96 (CHANGED)
[2026-01-25 08:23:02]   [emp_id: 2285] ✓ Updated: 37.38 → 37.63 (CHANGED)
[2026-01-25 08:23:02]   [emp_id: 2287] ✓ Updated: 49.05 → 49.3 (CHANGED)
[2026-01-25 08:23:02]   [emp_id: 2288] ✓ Updated: 4.07 → 4.32 (CHANGED)
[2026-01-25 08:23:02]   [emp_id: 2316] ✓ Updated: 17.88 → 18.13 (CHANGED)
[2026-01-25 08:23:02]   [emp_id: 2337] ✓ Updated: 38.96 → 39.21 (CHANGED)
[2026-01-25 08:23:02]   [emp_id: 2352] ✓ Updated: 70.46 → 70.71 (CHANGED)
[2026-01-25 08:23:02]   [emp_id: 2358] ✓ Updated: 6.96 → 7.21 (CHANGED)
[2026-01-25 08:23:02]   [emp_id: 2361] ✓ Updated: 72.63 → 72.88 (CHANGED)
[2026-01-25 08:23:02]   [emp_id: 2363] ✓ Updated: 75.21 → 75.46 (CHANGED)
[2026-01-25 08:23:02]   [emp_id: 2364] ✓ Updated: 74.63 → 74.88 (CHANGED)
[2026-01-25 08:23:02]   [emp_id: 2367] ✓ Updated: 102.3 → 102.55 (CHANGED)
[2026-01-25 08:23:02]   [emp_id: 2368] ✓ Updated: 32.71 → 32.96 (CHANGED)
[2026-01-25 08:23:02]   [emp_id: 2372] ✓ Updated: 69.96 → 70.21 (CHANGED)
[2026-01-25 08:23:02]   [emp_id: 2376] ✓ Updated: 119.96 → 120.21 (CHANGED)
[2026-01-25 08:23:02]   [emp_id: 2423] ✓ Updated: 20.71 → 20.96 (CHANGED)
[2026-01-25 08:23:02]   [emp_id: 2519] ✓ Updated: 114.38 → 114.63 (CHANGED)
[2026-01-25 08:23:02]   [emp_id: 2522] ✓ Updated: 57.96 → 58.21 (CHANGED)
[2026-01-25 08:23:02]   [emp_id: 2530] ✓ Updated: 53.21 → 53.46 (CHANGED)
[2026-01-25 08:23:02]   [emp_id: 2539] ✓ Updated: 49.96 → 50.21 (CHANGED)
[2026-01-25 08:23:02]   [emp_id: 2541] ✓ Updated: 30.55 → 30.8 (CHANGED)
[2026-01-25 08:23:02]   [emp_id: 2550] ✓ Updated: 96.71 → 96.96 (CHANGED)
[2026-01-25 08:23:02]   [emp_id: 2553] ✓ Updated: 33.82 → 34.07 (CHANGED)
[2026-01-25 08:23:02]   [emp_id: 2554] ✓ Updated: 40.3 → 40.55 (CHANGED)
[2026-01-25 08:23:02]   [emp_id: 2565] ✓ Updated: 94.88 → 95.13 (CHANGED)
[2026-01-25 08:23:02]   [emp_id: 2572] ✓ Updated: 44.88 → 45.13 (CHANGED)
[2026-01-25 08:23:02]   [emp_id: 2637] ✓ Updated: 65.46 → 65.71 (CHANGED)
[2026-01-25 08:23:02]   [emp_id: 2642] ✓ Updated: 78.21 → 78.46 (CHANGED)
[2026-01-25 08:23:02]   [emp_id: 2645] ✓ Updated: 94.21 → 94.46 (CHANGED)
[2026-01-25 08:23:02]   [emp_id: 2648] ✓ Updated: 45.88 → 46.13 (CHANGED)
[2026-01-25 08:23:02]   [emp_id: 2654] ✓ Updated: 88.55 → 88.8 (CHANGED)
[2026-01-25 08:23:02]   [emp_id: 2688] ✓ Updated: 26.63 → 26.88 (CHANGED)
[2026-01-25 08:23:02]   [emp_id: 2690] ✓ Updated: 15.38 → 15.63 (CHANGED)
[2026-01-25 08:23:02]   [emp_id: 2709] ✓ Updated: 37.63 → 37.88 (CHANGED)
[2026-01-25 08:23:02]   [emp_id: 2745] ✓ Updated: 34.21 → 34.46 (CHANGED)
[2026-01-25 08:23:02]   [emp_id: 2843] ✓ Updated: 80.8 → 81.05 (CHANGED)
[2026-01-25 08:23:02]   [emp_id: 2854] ✓ Updated: 60.71 → 60.96 (CHANGED)
[2026-01-25 08:23:02]   [emp_id: 2869] ✓ Updated: 4.63 → 4.88 (CHANGED)
[2026-01-25 08:23:02]   [emp_id: 2876] ✓ Updated: 35.46 → 35.71 (CHANGED)
[2026-01-25 08:23:02]   [emp_id: 2924] ✓ Updated: 16.63 → 16.88 (CHANGED)
[2026-01-25 08:23:02]   [emp_id: 2953] ✓ Updated: 102.38 → 102.63 (CHANGED)
[2026-01-25 08:23:02]   [emp_id: 2961] ✓ Updated: 12.38 → 12.63 (CHANGED)
[2026-01-25 08:23:02]   [emp_id: 2975] ✓ Updated: 2.06 → 2.31 (CHANGED)
[2026-01-25 08:23:02]   [emp_id: 3013] ✓ Updated: 11.38 → 11.63 (CHANGED)
[2026-01-25 08:23:02]   [emp_id: 3014] ✓ Updated: 90.63 → 90.88 (CHANGED)
[2026-01-25 08:23:02]   [emp_id: 3015] ✓ Updated: 1.88 → 2.13 (CHANGED)
[2026-01-25 08:23:02]   [emp_id: 3018] ✓ Updated: 60.63 → 60.88 (CHANGED)
[2026-01-25 08:23:02]   [emp_id: 3025] ✓ Updated: 24.4 → 24.65 (CHANGED)
[2026-01-25 08:23:02]   [emp_id: 3037] ✓ Updated: 84.13 → 84.38 (CHANGED)
[2026-01-25 08:23:02]   [emp_id: 3047] ✓ Updated: 72.38 → 72.63 (CHANGED)
[2026-01-25 08:23:02]   [emp_id: 3061] ✓ Updated: 19.3 → 19.55 (CHANGED)
[2026-01-25 08:23:02]   [emp_id: 3062] ✓ Updated: 52.46 → 52.71 (CHANGED)
[2026-01-25 08:23:03]   [emp_id: 3074] ✓ Updated: 108.88 → 109.13 (CHANGED)
[2026-01-25 08:23:03]   [emp_id: 3089] ✓ Updated: 7.8 → 8.05 (CHANGED)
[2026-01-25 08:23:03]   [emp_id: 3090] ✓ Updated: 34.38 → 34.63 (CHANGED)
[2026-01-25 08:23:03]   [emp_id: 3091] ✓ Updated: 46.38 → 46.63 (CHANGED)
[2026-01-25 08:23:03]   [emp_id: 3092] ✓ Updated: 29.05 → 29.3 (CHANGED)
[2026-01-25 08:23:03]   [emp_id: 3105] ✓ Updated: 49.38 → 49.63 (CHANGED)
[2026-01-25 08:23:03]   [emp_id: 3134] ✓ Updated: 45.13 → 45.38 (CHANGED)
[2026-01-25 08:23:03]   [emp_id: 3140] ✓ Updated: 42.21 → 42.46 (CHANGED)
[2026-01-25 08:23:03]   [emp_id: 3144] ✓ Updated: 15.05 → 15.3 (CHANGED)
[2026-01-25 08:23:03]   [emp_id: 3156] ✓ Updated: 18.38 → 18.63 (CHANGED)
[2026-01-25 08:23:03]   [emp_id: 3162] ✓ Updated: 3.36 → 3.61 (CHANGED)
[2026-01-25 08:23:03]   [emp_id: 3163] ✓ Updated: 6.63 → 6.88 (CHANGED)
[2026-01-25 08:23:03]   [emp_id: 3198] ✓ Updated: 41.63 → 41.88 (CHANGED)
[2026-01-25 08:23:03]   [emp_id: 3205] ✓ Updated: 18.3 → 18.55 (CHANGED)
[2026-01-25 08:23:03]   [emp_id: 3209] ✓ Updated: 42.46 → 42.71 (CHANGED)
[2026-01-25 08:23:03]   [emp_id: 3223] ✓ Updated: 91.38 → 91.63 (CHANGED)
[2026-01-25 08:23:03]   [emp_id: 3224] ✓ Updated: 66.13 → 66.38 (CHANGED)
[2026-01-25 08:23:03]   [emp_id: 3230] ✓ Updated: 89.55 → 89.8 (CHANGED)
[2026-01-25 08:23:03]   [emp_id: 3231] ✓ Updated: 1.92 → 2.17 (CHANGED)
[2026-01-25 08:23:03]   [emp_id: 3233] ✓ Updated: 82.38 → 82.63 (CHANGED)
[2026-01-25 08:23:03]   [emp_id: 3249] ✓ Updated: 38.21 → 38.46 (CHANGED)
[2026-01-25 08:23:03]   [emp_id: 3250] ✓ Updated: 11.21 → 11.46 (CHANGED)
[2026-01-25 08:23:03]   [emp_id: 3252] ✓ Updated: 12.13 → 12.38 (CHANGED)
[2026-01-25 08:23:03]   [emp_id: 3254] ✓ Updated: 22.63 → 22.88 (CHANGED)
[2026-01-25 08:23:03]   [emp_id: 3255] ✓ Updated: 19.05 → 19.3 (CHANGED)
[2026-01-25 08:23:03]   [emp_id: 3256] ✓ Updated: 15.3 → 15.55 (CHANGED)
[2026-01-25 08:23:03]   [emp_id: 3263] ✓ Updated: 31.38 → 31.63 (CHANGED)
[2026-01-25 08:23:03]   [emp_id: 3265] ✓ Updated: 26.96 → 27.21 (CHANGED)
[2026-01-25 08:23:03]   [emp_id: 3280] ✓ Updated: 73.88 → 74.13 (CHANGED)
[2026-01-25 08:23:03]   [emp_id: 3286] ✓ Updated: 17.05 → 17.3 (CHANGED)
[2026-01-25 08:23:03]   [emp_id: 3294] ✓ Updated: 16.71 → 16.96 (CHANGED)
[2026-01-25 08:23:03]   [emp_id: 3321] ✓ Updated: 73.88 → 74.13 (CHANGED)
[2026-01-25 08:23:03]   [emp_id: 3325] ✓ Updated: 61.63 → 61.88 (CHANGED)
[2026-01-25 08:23:03]   [emp_id: 3329] ✓ Updated: 63.96 → 64.21 (CHANGED)
[2026-01-25 08:23:03]   [emp_id: 3330] ✓ Updated: 63.96 → 64.21 (CHANGED)
[2026-01-25 08:23:03]   [emp_id: 3332] ✓ Updated: 63.96 → 64.21 (CHANGED)
[2026-01-25 08:23:03]   [emp_id: 3370] ✓ Updated: 55.47 → 55.72 (CHANGED)
[2026-01-25 08:23:03]   [emp_id: 3384] ✓ Updated: 16.13 → 16.38 (CHANGED)
[2026-01-25 08:23:03]   [emp_id: 3386] ✓ Updated: 46.13 → 46.38 (CHANGED)
[2026-01-25 08:23:03]   [emp_id: 3431] ✓ Updated: 20.55 → 20.8 (CHANGED)
[2026-01-25 08:23:03]   [emp_id: 3497] ✓ Updated: 10.71 → 10.96 (CHANGED)
[2026-01-25 08:23:03]   [emp_id: 3532] ✓ Updated: 1.55 → 1.8 (CHANGED)
[2026-01-25 08:23:03]   [emp_id: 3602] ✓ Updated: 3.12 → 3.37 (CHANGED)
[2026-01-25 08:23:03]   [emp_id: 3618] ✓ Updated: 25.1 → 25.35 (CHANGED)
[2026-01-25 08:23:03]   [emp_id: 3622] ✓ Updated: 35.67 → 35.85 (CHANGED)
[2026-01-25 08:23:03]   [emp_id: 3627] ✓ Updated: 11.05 → 11.3 (CHANGED)
[2026-01-25 08:23:03]   [emp_id: 3665] ✓ Updated: 52.63 → 52.88 (CHANGED)
[2026-01-25 08:23:03]   [emp_id: 3705] ✓ Updated: 29 → 29.18 (CHANGED)
[2026-01-25 08:23:03]   [emp_id: 3724] ✓ Updated: 45.63 → 45.88 (CHANGED)
[2026-01-25 08:23:03]   [emp_id: 3726] ✓ Updated: 62.05 → 62.3 (CHANGED)
[2026-01-25 08:23:03]   [emp_id: 3727] ✓ Updated: 67.13 → 67.38 (CHANGED)
[2026-01-25 08:23:03]   [emp_id: 3728] ✓ Updated: 11.46 → 11.71 (CHANGED)
[2026-01-25 08:23:03]   [emp_id: 3767] ✓ Updated: 2.21 → 2.46 (CHANGED)
[2026-01-25 08:23:03]   [emp_id: 3768] ✓ Updated: 58.46 → 58.71 (CHANGED)
[2026-01-25 08:23:03]   [emp_id: 3787] ✓ Updated: 59.05 → 59.3 (CHANGED)
[2026-01-25 08:23:03]   [emp_id: 3790] ✓ Updated: 3.6 → 3.85 (CHANGED)
[2026-01-25 08:23:03]   [emp_id: 3795] ✓ Updated: 16.55 → 16.8 (CHANGED)
[2026-01-25 08:23:03]   [emp_id: 3798] ✓ Updated: 94.96 → 95.21 (CHANGED)
[2026-01-25 08:23:03]   [emp_id: 3801] ✓ Updated: 3.23 → 3.48 (CHANGED)
[2026-01-25 08:23:03]   [emp_id: 3802] ✓ Updated: 32.21 → 32.46 (CHANGED)
[2026-01-25 08:23:03]   [emp_id: 3803] ✓ Updated: 116.63 → 116.88 (CHANGED)
[2026-01-25 08:23:03]   [emp_id: 3810] ✓ Updated: 62.63 → 62.88 (CHANGED)
[2026-01-25 08:23:03]   [emp_id: 3812] ✓ Updated: 91.63 → 91.88 (CHANGED)
[2026-01-25 08:23:03]   [emp_id: 3815] ✓ Updated: 91.63 → 91.88 (CHANGED)
[2026-01-25 08:23:03]   [emp_id: 3836] ✓ Updated: 59.3 → 59.55 (CHANGED)
[2026-01-25 08:23:03]   [emp_id: 3855] ✓ Updated: 52.46 → 52.71 (CHANGED)
[2026-01-25 08:23:03]   [emp_id: 3857] ✓ Updated: 56.13 → 56.38 (CHANGED)
[2026-01-25 08:23:03]   [emp_id: 3862] ✓ Updated: 104.21 → 104.46 (CHANGED)
[2026-01-25 08:23:03]   [emp_id: 3866] ✓ Updated: 29.46 → 29.71 (CHANGED)
[2026-01-25 08:23:03]   [emp_id: 3876] ✓ Updated: 25.63 → 25.88 (CHANGED)
[2026-01-25 08:23:03]   [emp_id: 3877] ✓ Updated: 51.13 → 51.38 (CHANGED)
[2026-01-25 08:23:03]   [emp_id: 3897] ✓ Updated: 39.38 → 39.63 (CHANGED)
[2026-01-25 08:23:03]   [emp_id: 3899] ✓ Updated: 1.2 → 1.45 (CHANGED)
[2026-01-25 08:23:03]   [emp_id: 3928] ✓ Updated: 15.46 → 15.71 (CHANGED)
[2026-01-25 08:23:03]   [emp_id: 3929] ✓ Updated: 10.46 → 10.71 (CHANGED)
[2026-01-25 08:23:03]   [emp_id: 3935] ✓ Updated: 95.46 → 95.71 (CHANGED)
[2026-01-25 08:23:03]   [emp_id: 3952] ✓ Updated: 76.8 → 77.05 (CHANGED)
[2026-01-25 08:23:03]   [emp_id: 3987] ✓ Updated: 15.71 → 15.96 (CHANGED)
[2026-01-25 08:23:03]   [emp_id: 4059] ✓ Updated: 4.91 → 5.16 (CHANGED)
[2026-01-25 08:23:03]   [emp_id: 4119] ✓ Updated: 58.38 → 58.63 (CHANGED)
[2026-01-25 08:23:03]   [emp_id: 4120] ✓ Updated: 27.96 → 28.21 (CHANGED)
[2026-01-25 08:23:03]   [emp_id: 4124] ✓ Updated: 28.48 → 28.73 (CHANGED)
[2026-01-25 08:23:03]   [emp_id: 4133] ✓ Updated: 106.96 → 107.21 (CHANGED)
[2026-01-25 08:23:03]   [emp_id: 4134] ✓ Updated: 27.96 → 28.21 (CHANGED)
[2026-01-25 08:23:03]   [emp_id: 4136] ✓ Updated: 27.96 → 28.21 (CHANGED)
[2026-01-25 08:23:03]   [emp_id: 4150] ✓ Updated: 26.63 → 26.88 (CHANGED)
[2026-01-25 08:23:03]   [emp_id: 4157] ✓ Updated: 20.13 → 20.38 (CHANGED)
[2026-01-25 08:23:03]   [emp_id: 4172] ✓ Updated: 13.58 → 13.76 (CHANGED)
[2026-01-25 08:23:03]   [emp_id: 4195] ✓ Updated: 63.71 → 63.96 (CHANGED)
[2026-01-25 08:23:03]   [emp_id: 4215] ✓ Updated: 46.38 → 46.63 (CHANGED)
[2026-01-25 08:23:03]   [emp_id: 4220] ✓ Updated: 41.96 → 42.21 (CHANGED)
[2026-01-25 08:23:03]   [emp_id: 4273] ✓ Updated: 10.63 → 10.88 (CHANGED)
[2026-01-25 08:23:04]   [emp_id: 4283] ✓ Updated: 14.67 → 14.85 (CHANGED)
[2026-01-25 08:23:04]   [emp_id: 4288] ✓ Updated: 1.2 → 1.45 (CHANGED)
[2026-01-25 08:23:04]   [emp_id: 4315] ✓ Updated: 13.88 → 14.13 (CHANGED)
[2026-01-25 08:23:04]   [emp_id: 4328] ✓ Updated: 43.5 → 43.68 (CHANGED)
[2026-01-25 08:23:04]   [emp_id: 4329] ✓ Updated: 7.05 → 7.3 (CHANGED)
[2026-01-25 08:23:04]   [emp_id: 4338] ✓ Updated: 48.63 → 48.88 (CHANGED)
[2026-01-25 08:23:04]   [emp_id: 4340] ✓ Updated: 110.63 → 110.88 (CHANGED)
[2026-01-25 08:23:04]   [emp_id: 4365] ✓ Updated: 62.05 → 62.3 (CHANGED)
[2026-01-25 08:23:04]   [emp_id: 4366] ✓ Updated: 61.13 → 61.38 (CHANGED)
[2026-01-25 08:23:04]   [emp_id: 4403] ✓ Updated: 86.96 → 87.21 (CHANGED)
[2026-01-25 08:23:04]   [emp_id: 4438] ✓ Updated: 22.63 → 22.88 (CHANGED)
[2026-01-25 08:23:04]   [emp_id: 4465] ✓ Updated: 13.83 → 14.01 (CHANGED)
[2026-01-25 08:23:04]   [emp_id: 4473] ✓ Updated: 46.21 → 46.46 (CHANGED)
[2026-01-25 08:23:04]   [emp_id: 4474] ✓ Updated: 4.34 → 4.52 (CHANGED)
[2026-01-25 08:23:04]   [emp_id: 4493] ✓ Updated: 165.05 → 165.3 (CHANGED)
[2026-01-25 08:23:04]   [emp_id: 4526] ✓ Updated: 37.3 → 37.55 (CHANGED)
[2026-01-25 08:23:04]   [emp_id: 4528] ✓ Updated: 109.05 → 109.3 (CHANGED)
[2026-01-25 08:23:04]   [emp_id: 4528] ✓ Updated: 109.05 → 109.3 (CHANGED)
[2026-01-25 08:23:04]   [emp_id: 4532] ✓ Updated: 8.95 → 9.13 (CHANGED)
[2026-01-25 08:23:04]   [emp_id: 4533] ✓ Updated: 37.46 → 37.71 (CHANGED)
[2026-01-25 08:23:04]   [emp_id: 4565] ✓ Updated: 16.33 → 16.51 (CHANGED)
[2026-01-25 08:23:04]   [emp_id: 4567] ✓ Updated: 20.58 → 20.76 (CHANGED)
[2026-01-25 08:23:04]   [emp_id: 4572] ✓ Updated: 60.08 → 60.26 (CHANGED)
[2026-01-25 08:23:04]   [emp_id: 4631] ✓ Updated: 16.33 → 16.51 (CHANGED)
[2026-01-25 08:23:04]   [emp_id: 4655] ✓ Updated: 26.38 → 26.63 (CHANGED)
[2026-01-25 08:23:04]   [emp_id: 4709] ✓ Updated: 41.63 → 41.88 (CHANGED)
[2026-01-25 08:23:04]   [emp_id: 4717] ✓ Updated: 67.63 → 67.88 (CHANGED)
[2026-01-25 08:23:04]   [emp_id: 4736] ✓ Updated: 29.46 → 29.71 (CHANGED)
[2026-01-25 08:23:04]   [emp_id: 4756] ✓ Updated: 12.77 → 12.95 (CHANGED)
[2026-01-25 08:23:04]   [emp_id: 4768] ✓ Updated: 15.13 → 15.38 (CHANGED)
[2026-01-25 08:23:04]   [emp_id: 4780] ✓ Updated: 66.5 → 66.68 (CHANGED)
[2026-01-25 08:23:04]   [emp_id: 4820] ✓ Updated: 100.46 → 100.71 (CHANGED)
[2026-01-25 08:23:04]   [emp_id: 4824] ✓ Updated: 3.64 → 3.89 (CHANGED)
[2026-01-25 08:23:04]   [emp_id: 4825] ✓ Updated: 32.21 → 32.46 (CHANGED)
[2026-01-25 08:23:04]   [emp_id: 4837] ✓ Updated: 46.49 → 46.67 (CHANGED)
[2026-01-25 08:23:04]   [emp_id: 4840] ✓ Updated: 46.49 → 46.67 (CHANGED)
[2026-01-25 08:23:04]   [emp_id: 4842] ✓ Updated: 45.73 → 45.91 (CHANGED)
[2026-01-25 08:23:04]   [emp_id: 4843] ✓ Updated: 46.26 → 46.44 (CHANGED)
[2026-01-25 08:23:04]   [emp_id: 4853] ✓ Updated: 90.08 → 90.26 (CHANGED)
[2026-01-25 08:23:04]   [emp_id: 4856] ✓ Updated: 43.4 → 43.58 (CHANGED)
[2026-01-25 08:23:04]   [emp_id: 4857] ✓ Updated: 26.22 → 26.4 (CHANGED)
[2026-01-25 08:23:04]   [emp_id: 4858] ✓ Updated: 23.1 → 23.28 (CHANGED)
[2026-01-25 08:23:04]   [emp_id: 4859] ✓ Updated: 44.57 → 44.75 (CHANGED)
[2026-01-25 08:23:04]   [emp_id: 4860] ✓ Updated: 9.07 → 9.25 (CHANGED)
[2026-01-25 08:23:04]   [emp_id: 4861] ✓ Updated: 42.53 → 42.71 (CHANGED)
[2026-01-25 08:23:04]   [emp_id: 4869] ✓ Updated: 85.41 → 85.59 (CHANGED)
[2026-01-25 08:23:04]   [emp_id: 4894] ✓ Updated: 9.13 → 9.38 (CHANGED)
[2026-01-25 08:23:04]   [emp_id: 4897] ✓ Updated: 24.31 → 24.49 (CHANGED)
[2026-01-25 08:23:04]   [emp_id: 4899] ✓ Updated: 20.48 → 20.66 (CHANGED)
[2026-01-25 08:23:04]   [emp_id: 4902] ✓ Updated: 19.9 → 20.08 (CHANGED)
[2026-01-25 08:23:04]   [emp_id: 4903] ✓ Updated: 22.12 → 22.3 (CHANGED)
[2026-01-25 08:23:04]   [emp_id: 4905] ✓ Updated: 20.78 → 20.96 (CHANGED)
[2026-01-25 08:23:04]   [emp_id: 4907] ✓ Updated: 49.21 → 49.46 (CHANGED)
[2026-01-25 08:23:04]   [emp_id: 4917] ✓ Updated: 17.74 → 17.92 (CHANGED)
[2026-01-25 08:23:04]   [emp_id: 4918] ✓ Updated: 7.51 → 7.69 (CHANGED)
[2026-01-25 08:23:04]   [emp_id: 4919] ✓ Updated: 59.8 → 59.98 (CHANGED)
[2026-01-25 08:23:04]   [emp_id: 4920] ✓ Updated: 6.88 → 7.06 (CHANGED)
[2026-01-25 08:23:04]   [emp_id: 4921] ✓ Updated: 18.97 → 19.15 (CHANGED)
[2026-01-25 08:23:04]   [emp_id: 4927] ✓ Updated: 17.8 → 17.98 (CHANGED)
[2026-01-25 08:23:05]   [emp_id: 4929] ✓ Updated: 19.32 → 19.5 (CHANGED)
[2026-01-25 08:23:05]   [emp_id: 4930] ✓ Updated: 60.09 → 60.27 (CHANGED)
[2026-01-25 08:23:05]   [emp_id: 4932] ✓ Updated: 18.09 → 18.27 (CHANGED)
[2026-01-25 08:23:05]   [emp_id: 4933] ✓ Updated: 21.5 → 21.68 (CHANGED)
[2026-01-25 08:23:05]   [emp_id: 4949] ✓ Updated: 24.93 → 25.11 (CHANGED)
[2026-01-25 08:23:05]   [emp_id: 4956] ✓ Updated: 30.52 → 30.7 (CHANGED)
[2026-01-25 08:23:05]   [emp_id: 4957] ✓ Updated: 26.19 → 26.37 (CHANGED)
[2026-01-25 08:23:05]   [emp_id: 4962] ✓ Updated: 48.57 → 48.82 (CHANGED)
[2026-01-25 08:23:05]   [emp_id: 4969] ✓ Updated: 47.88 → 48.13 (CHANGED)
[2026-01-25 08:23:05]   [emp_id: 4976] ✓ Updated: 11.21 → 11.39 (CHANGED)
[2026-01-25 08:23:05]   [emp_id: 4984] ✓ Updated: 39.13 → 39.38 (CHANGED)
[2026-01-25 08:23:05]   [emp_id: 4995] ✓ Updated: 51.2 → 51.45 (CHANGED)
[2026-01-25 08:23:05]   [emp_id: 5004] ✓ Updated: 28.15 → 28.33 (CHANGED)
[2026-01-25 08:23:05]   [emp_id: 5006] ✓ Updated: 27.89 → 28.07 (CHANGED)
[2026-01-25 08:23:05]   [emp_id: 5011] ✓ Updated: 6.98 → 7.23 (CHANGED)
[2026-01-25 08:23:05]   [emp_id: 5013] ✓ Updated: 68.26 → 68.44 (CHANGED)
[2026-01-25 08:23:05]   [emp_id: 5018] ✓ Updated: 4.75 → 4.93 (CHANGED)
[2026-01-25 08:23:05]   [emp_id: 5021] ✓ Updated: 62.23 → 62.48 (CHANGED)
[2026-01-25 08:23:05]   [emp_id: 5024] ✓ Updated: 2.77 → 2.95 (CHANGED)
[2026-01-25 08:23:05]   [emp_id: 5030] ✓ Updated: 32.72 → 32.9 (CHANGED)
[2026-01-25 08:23:05]   [emp_id: 5033] ✓ Updated: 11.52 → 11.7 (CHANGED)
[2026-01-25 08:23:05]   [emp_id: 5043] ✓ Updated: 31.8 → 32.05 (CHANGED)
[2026-01-25 08:23:05]   [emp_id: 5045] ✓ Updated: 28.3 → 28.55 (CHANGED)
[2026-01-25 08:23:05]   [emp_id: 5046] ✓ Updated: 23.49 → 23.74 (CHANGED)
[2026-01-25 08:23:05]   [emp_id: 5049] ✓ Updated: 40.2 → 40.38 (CHANGED)
[2026-01-25 08:23:05]   [emp_id: 5052] ✓ Updated: 31.48 → 31.66 (CHANGED)
[2026-01-25 08:23:05]   [emp_id: 5055] ✓ Updated: 19.92 → 20.1 (CHANGED)
[2026-01-25 08:23:05]   [emp_id: 5058] ✓ Updated: 28.9 → 29.08 (CHANGED)
[2026-01-25 08:23:05]   [emp_id: 5062] ✓ Updated: 40.73 → 40.91 (CHANGED)
[2026-01-25 08:23:05]   [emp_id: 5064] ✓ Updated: 119.13 → 119.38 (CHANGED)
[2026-01-25 08:23:05]   [emp_id: 5065] ✓ Updated: 40.14 → 40.32 (CHANGED)
[2026-01-25 08:23:05]   [emp_id: 5071] ✓ Updated: 24.63 → 24.88 (CHANGED)
[2026-01-25 08:23:05]   [emp_id: 5073] ✓ Updated: 14.74 → 14.92 (CHANGED)
[2026-01-25 08:23:05]   [emp_id: 5079] ✓ Updated: 35.3 → 35.48 (CHANGED)
[2026-01-25 08:23:05]   [emp_id: 5080] ✓ Updated: 28.63 → 28.81 (CHANGED)
[2026-01-25 08:23:05]   [emp_id: 5081] ✓ Updated: 16.89 → 17.07 (CHANGED)
[2026-01-25 08:23:05]   [emp_id: 5087] ✓ Updated: 36.93 → 37.11 (CHANGED)
[2026-01-25 08:23:05]   [emp_id: 5091] ✓ Updated: 76.78 → 76.96 (CHANGED)
[2026-01-25 08:23:05]   [emp_id: 5093] ✓ Updated: 15.8 → 16.05 (CHANGED)
[2026-01-25 08:23:05]   [emp_id: 5095] ✓ Updated: 2.32 → 2.5 (CHANGED)
[2026-01-25 08:23:05]   [emp_id: 5101] ✓ Updated: 17.88 → 18.13 (CHANGED)
[2026-01-25 08:23:05]   [emp_id: 5107] ✓ Updated: 16.21 → 16.46 (CHANGED)
[2026-01-25 08:23:05]   [emp_id: 5109] ✓ Updated: 13.46 → 13.71 (CHANGED)
[2026-01-25 08:23:05]   [emp_id: 5119] ✓ Updated: 11.63 → 11.88 (CHANGED)
[2026-01-25 08:23:05]   [emp_id: 5122] ✓ Updated: 8.8 → 9.05 (CHANGED)
[2026-01-25 08:23:05]   [emp_id: 5126] ✓ Updated: 27.66 → 27.84 (CHANGED)
[2026-01-25 08:23:05]   [emp_id: 5127] ✓ Updated: 24.45 → 24.63 (CHANGED)
[2026-01-25 08:23:05]   [emp_id: 5128] ✓ Updated: 27.6 → 27.78 (CHANGED)
[2026-01-25 08:23:05]   [emp_id: 5138] ✓ Updated: 51.46 → 51.71 (CHANGED)
[2026-01-25 08:23:05]   [emp_id: 5138] ✓ Updated: 51.46 → 51.71 (CHANGED)
[2026-01-25 08:23:05]   [emp_id: 5141] ✓ Updated: 35.97 → 36.15 (CHANGED)
[2026-01-25 08:23:05]   [emp_id: 5142] ✓ Updated: 14.97 → 15.15 (CHANGED)
[2026-01-25 08:23:05]   [emp_id: 5146] ✓ Updated: 21.97 → 22.15 (CHANGED)
[2026-01-25 08:23:05]   [emp_id: 5147] ✓ Updated: 20.97 → 21.15 (CHANGED)
[2026-01-25 08:23:05]   [emp_id: 5148] ✓ Updated: 26.32 → 26.5 (CHANGED)
[2026-01-25 08:23:05]   [emp_id: 5149] ✓ Updated: 25.21 → 25.39 (CHANGED)
[2026-01-25 08:23:05]   [emp_id: 5150] ✓ Updated: 24.57 → 24.75 (CHANGED)
[2026-01-25 08:23:05]   [emp_id: 5151] ✓ Updated: 24.39 → 24.57 (CHANGED)
[2026-01-25 08:23:05]   [emp_id: 5152] ✓ Updated: 4.81 → 4.99 (CHANGED)
[2026-01-25 08:23:05]   [emp_id: 5157] ✓ Updated: 24.39 → 24.57 (CHANGED)
[2026-01-25 08:23:05]   [emp_id: 5160] ✓ Updated: 24.39 → 24.57 (CHANGED)
[2026-01-25 08:23:05]   [emp_id: 5163] ✓ Updated: 22.18 → 22.36 (CHANGED)
[2026-01-25 08:23:05]   [emp_id: 5165] ✓ Updated: 2.9 → 3.15 (CHANGED)
[2026-01-25 08:23:05]   [emp_id: 5167] ✓ Updated: 31.33 → 31.51 (CHANGED)
[2026-01-25 08:23:06]   [emp_id: 5168] ✓ Updated: 23.87 → 24.05 (CHANGED)
[2026-01-25 08:23:06]   [emp_id: 5173] ✓ Updated: 26.55 → 26.8 (CHANGED)
[2026-01-25 08:23:06]   [emp_id: 5174] ✓ Updated: 24.33 → 24.51 (CHANGED)
[2026-01-25 08:23:06]   [emp_id: 5181] ✓ Updated: 20.72 → 20.9 (CHANGED)
[2026-01-25 08:23:06]   [emp_id: 5186] ✓ Updated: 26.25 → 26.43 (CHANGED)
[2026-01-25 08:23:06]   [emp_id: 5187] ✓ Updated: 37.25 → 37.43 (CHANGED)
[2026-01-25 08:23:06]   [emp_id: 5204] ✓ Updated: 24.05 → 24.3 (CHANGED)
[2026-01-25 08:23:06]   [emp_id: 5205] ✓ Updated: 13.46 → 13.64 (CHANGED)
[2026-01-25 08:23:06]   [emp_id: 5209] ✓ Updated: 16.46 → 16.64 (CHANGED)
[2026-01-25 08:23:06]   [emp_id: 5213] ✓ Updated: 3.87 → 4.05 (CHANGED)
[2026-01-25 08:23:06]   [emp_id: 5214] ✓ Updated: 2.71 → 2.89 (CHANGED)
[2026-01-25 08:23:06]   [emp_id: 5215] ✓ Updated: 11.46 → 11.64 (CHANGED)
[2026-01-25 08:23:06]   [emp_id: 5217] ✓ Updated: 10.46 → 10.64 (CHANGED)
[2026-01-25 08:23:06]   [emp_id: 5219] ✓ Updated: 14.46 → 14.64 (CHANGED)
[2026-01-25 08:23:06]   [emp_id: 5221] ✓ Updated: 3.77 → 3.95 (CHANGED)
[2026-01-25 08:23:06]   [emp_id: 5224] ✓ Updated: 15.46 → 15.64 (CHANGED)
[2026-01-25 08:23:06]   [emp_id: 5225] ✓ Updated: 7.77 → 7.95 (CHANGED)
[2026-01-25 08:23:06]   [emp_id: 5228] ✓ Updated: 10.46 → 10.64 (CHANGED)
[2026-01-25 08:23:06]   [emp_id: 5229] ✓ Updated: 6.46 → 6.64 (CHANGED)
[2026-01-25 08:23:06]   [emp_id: 5230] ✓ Updated: 11.13 → 11.31 (CHANGED)
[2026-01-25 08:23:06]   [emp_id: 5231] ✓ Updated: 7.46 → 7.64 (CHANGED)
[2026-01-25 08:23:06]   [emp_id: 5232] ✓ Updated: 1.46 → 1.64 (CHANGED)
[2026-01-25 08:23:06]   [emp_id: 5233] ✓ Updated: 5.46 → 5.64 (CHANGED)
[2026-01-25 08:23:06]   [emp_id: 5234] ✓ Updated: 5.46 → 5.64 (CHANGED)
[2026-01-25 08:23:06]   [emp_id: 5235] ✓ Updated: 0.9 → 1.08 (CHANGED)
[2026-01-25 08:23:06]   [emp_id: 5237] ✓ Updated: 11.71 → 11.89 (CHANGED)
[2026-01-25 08:23:06]   [emp_id: 5239] ✓ Updated: 8.46 → 8.64 (CHANGED)
[2026-01-25 08:23:06]   [emp_id: 5241] ✓ Updated: 6.46 → 6.64 (CHANGED)
[2026-01-25 08:23:06]   [emp_id: 5242] ✓ Updated: 16.46 → 16.64 (CHANGED)
[2026-01-25 08:23:06]   [emp_id: 5243] ✓ Updated: 2.87 → 3.05 (CHANGED)
[2026-01-25 08:23:06]   [emp_id: 5244] ✓ Updated: 0.9 → 1.08 (CHANGED)
[2026-01-25 08:23:06]   [emp_id: 5246] ✓ Updated: 12.46 → 12.64 (CHANGED)
[2026-01-25 08:23:06]   [emp_id: 5253] ✓ Updated: 25.33 → 25.51 (CHANGED)
[2026-01-25 08:23:06]   [emp_id: 5254] ✓ Updated: 13.31 → 13.49 (CHANGED)
[2026-01-25 08:23:06]   [emp_id: 5257] ✓ Updated: 13.02 → 13.2 (CHANGED)
[2026-01-25 08:23:06]   [emp_id: 5259] ✓ Updated: 49.55 → 49.73 (CHANGED)
[2026-01-25 08:23:06]   [emp_id: 5261] ✓ Updated: 17.65 → 17.9 (CHANGED)
[2026-01-25 08:23:06]   [emp_id: 5264] ✓ Updated: 15.03 → 15.21 (CHANGED)
[2026-01-25 08:23:06]   [emp_id: 5266] ✓ Updated: 21.65 → 21.83 (CHANGED)
[2026-01-25 08:23:06]   [emp_id: 5268] ✓ Updated: 10.22 → 10.4 (CHANGED)
[2026-01-25 08:23:06]   [emp_id: 5271] ✓ Updated: 8.88 → 9.06 (CHANGED)
[2026-01-25 08:23:06]   [emp_id: 5272] ✓ Updated: 9.75 → 9.93 (CHANGED)
[2026-01-25 08:23:06]   [emp_id: 5273] ✓ Updated: 24.82 → 25 (CHANGED)
[2026-01-25 08:23:06]   [emp_id: 5275] ✓ Updated: 10.57 → 10.75 (CHANGED)
[2026-01-25 08:23:06]   [emp_id: 5276] ✓ Updated: 24.84 → 25.02 (CHANGED)
[2026-01-25 08:23:06]   [emp_id: 5278] ✓ Updated: 9.23 → 9.41 (CHANGED)
[2026-01-25 08:23:06]   [emp_id: 5280] ✓ Updated: 19.63 → 19.81 (CHANGED)
[2026-01-25 08:23:07]   [emp_id: 5282] ✓ Updated: 13.13 → 13.38 (CHANGED)
[2026-01-25 08:23:07]   [emp_id: 5285] ✓ Updated: 29.63 → 29.81 (CHANGED)
[2026-01-25 08:23:07]   [emp_id: 5286] ✓ Updated: 16.63 → 16.81 (CHANGED)
[2026-01-25 08:23:07]   [emp_id: 5287] ✓ Updated: 50.93 → 51.11 (CHANGED)
[2026-01-25 08:23:07]   [emp_id: 5288] ✓ Updated: 8.2 → 8.38 (CHANGED)
[2026-01-25 08:23:07]   [emp_id: 5289] ✓ Updated: 49.48 → 49.66 (CHANGED)
[2026-01-25 08:23:07]   [emp_id: 5290] ✓ Updated: 48.25 → 48.43 (CHANGED)
[2026-01-25 08:23:07]   [emp_id: 5291] ✓ Updated: 6.25 → 6.43 (CHANGED)
[2026-01-25 08:23:07]   [emp_id: 5292] ✓ Updated: 6.19 → 6.37 (CHANGED)
[2026-01-25 08:23:07]   [emp_id: 5293] ✓ Updated: 9.39 → 9.64 (CHANGED)
[2026-01-25 08:23:07]   [emp_id: 5294] ✓ Updated: 9.05 → 9.3 (CHANGED)
[2026-01-25 08:23:07]   [emp_id: 5295] ✓ Updated: 22.43 → 22.61 (CHANGED)
[2026-01-25 08:23:07]   [emp_id: 5296] ✓ Updated: 36.07 → 36.32 (CHANGED)
[2026-01-25 08:23:07]   [emp_id: 5297] ✓ Updated: 46.85 → 47.03 (CHANGED)
[2026-01-25 08:23:07]   [emp_id: 5298] ✓ Updated: 46.85 → 47.03 (CHANGED)
[2026-01-25 08:23:07]   [emp_id: 5299] ✓ Updated: 46.85 → 47.03 (CHANGED)
[2026-01-25 08:23:07]   [emp_id: 5300] ✓ Updated: 46.85 → 47.03 (CHANGED)
[2026-01-25 08:23:07]   [emp_id: 5301] ✓ Updated: 4.67 → 4.85 (CHANGED)
[2026-01-25 08:23:07]   [emp_id: 5303] ✓ Updated: 5.1 → 5.28 (CHANGED)
[2026-01-25 08:23:07]   [emp_id: 5304] ✓ Updated: 1.85 → 2.03 (CHANGED)
[2026-01-25 08:23:07]   [emp_id: 5305] ✓ Updated: 4.85 → 5.03 (CHANGED)
[2026-01-25 08:23:07]   [emp_id: 5306] ✓ Updated: 46.56 → 46.74 (CHANGED)
[2026-01-25 08:23:07]   [emp_id: 5307] ✓ Updated: 46.56 → 46.74 (CHANGED)
[2026-01-25 08:23:07]   [emp_id: 5312] ✓ Updated: 0.9 → 1.08 (CHANGED)
[2026-01-25 08:23:07]   [emp_id: 5318] ✓ Updated: 27.27 → 27.45 (CHANGED)
[2026-01-25 08:23:07]   [emp_id: 5325] ✓ Updated: 1.23 → 1.41 (CHANGED)
[2026-01-25 08:23:07]   [emp_id: 5327] ✓ Updated: 2.32 → 2.5 (CHANGED)
[2026-01-25 08:23:07]   [emp_id: 5337] ✓ Updated: 36.96 → 37.21 (CHANGED)
[2026-01-25 08:23:07]   [emp_id: 5339] ✓ Updated: 11.42 → 11.6 (CHANGED)
[2026-01-25 08:23:07]   [emp_id: 5343] ✓ Updated: 46.88 → 47.13 (CHANGED)
[2026-01-25 08:23:07]   [emp_id: 5343] ✓ Updated: 46.88 → 47.13 (CHANGED)
[2026-01-25 08:23:07]   [emp_id: 5345] ✓ Updated: 16.71 → 16.96 (CHANGED)
[2026-01-25 08:23:07]   [emp_id: 5346] ✓ Updated: 3.14 → 3.32 (CHANGED)
[2026-01-25 08:23:07]   [emp_id: 5351] ✓ Updated: 18.08 → 18.26 (CHANGED)
[2026-01-25 08:23:07]   [emp_id: 5352] ✓ Updated: 27.13 → 27.38 (CHANGED)
[2026-01-25 08:23:07]   [emp_id: 5370] ✓ Updated: 16.73 → 16.91 (CHANGED)
[2026-01-25 08:23:07]   [emp_id: 5371] ✓ Updated: 8.88 → 9.13 (CHANGED)
[2026-01-25 08:23:07]   [emp_id: 5376] ✓ Updated: 11.33 → 11.51 (CHANGED)
[2026-01-25 08:23:07]   [emp_id: 5378] ✓ Updated: 18.96 → 19.21 (CHANGED)
[2026-01-25 08:23:07]   [emp_id: 5380] ✓ Updated: 17.74 → 17.92 (CHANGED)
[2026-01-25 08:23:07]   [emp_id: 5381] ✓ Updated: 13.4 → 13.65 (CHANGED)
[2026-01-25 08:23:07]   [emp_id: 5383] ✓ Updated: 16.71 → 16.96 (CHANGED)
[2026-01-25 08:23:07]   [emp_id: 5388] ✓ Updated: 28.52 → 28.7 (CHANGED)
[2026-01-25 08:23:07]   [emp_id: 5396] ✓ Updated: 29.76 → 29.94 (CHANGED)
[2026-01-25 08:23:07]   [emp_id: 5397] ✓ Updated: 21.22 → 21.4 (CHANGED)
[2026-01-25 08:23:07]   [emp_id: 5401] ✓ Updated: 24.33 → 24.51 (CHANGED)
[2026-01-25 08:23:07]   [emp_id: 5402] ✓ Updated: 24.45 → 24.63 (CHANGED)
[2026-01-25 08:23:07]   [emp_id: 5406] ✓ Updated: 18.17 → 18.35 (CHANGED)
[2026-01-25 08:23:08]   [emp_id: 5407] ✓ Updated: 17.48 → 17.73 (CHANGED)
[2026-01-25 08:23:08]   [emp_id: 5409] ✓ Updated: 17.51 → 17.69 (CHANGED)
[2026-01-25 08:23:08]   [emp_id: 5413] ✓ Updated: 29.88 → 30.13 (CHANGED)
[2026-01-25 08:23:08]   [emp_id: 5414] ✓ Updated: 29.55 → 29.8 (CHANGED)
[2026-01-25 08:23:08]   [emp_id: 5415] ✓ Updated: 5.48 → 5.73 (CHANGED)
[2026-01-25 08:23:08]   [emp_id: 5418] ✓ Updated: 16.57 → 16.75 (CHANGED)
[2026-01-25 08:23:08]   [emp_id: 5422] ✓ Updated: 22.21 → 22.46 (CHANGED)
[2026-01-25 08:23:08]   [emp_id: 5423] ✓ Updated: 6.9 → 7.15 (CHANGED)
[2026-01-25 08:23:08]   [emp_id: 5425] ✓ Updated: 15.12 → 15.3 (CHANGED)
[2026-01-25 08:23:08]   [emp_id: 5426] ✓ Updated: 3.45 → 3.7 (CHANGED)
[2026-01-25 08:23:08]   [emp_id: 5426] ✓ Updated: 3.45 → 3.7 (CHANGED)
[2026-01-25 08:23:08]   [emp_id: 5427] ✓ Updated: 15.23 → 15.41 (CHANGED)
[2026-01-25 08:23:08]   [emp_id: 5428] ✓ Updated: 15.12 → 15.3 (CHANGED)
[2026-01-25 08:23:08]   [emp_id: 5430] ✓ Updated: 19.27 → 19.52 (CHANGED)
[2026-01-25 08:23:08]   [emp_id: 5431] ✓ Updated: 14.24 → 14.42 (CHANGED)
[2026-01-25 08:23:08]   [emp_id: 5433] ✓ Updated: 14.26 → 14.44 (CHANGED)
[2026-01-25 08:23:08]   [emp_id: 5434] ✓ Updated: 14.01 → 14.19 (CHANGED)
[2026-01-25 08:23:08]   [emp_id: 5435] ✓ Updated: 13.95 → 14.13 (CHANGED)
[2026-01-25 08:23:08]   [emp_id: 5436] ✓ Updated: 13.95 → 14.13 (CHANGED)
[2026-01-25 08:23:08]   [emp_id: 5438] ✓ Updated: 17.13 → 17.38 (CHANGED)
[2026-01-25 08:23:08]   [emp_id: 5439] ✓ Updated: 26.63 → 26.88 (CHANGED)
[2026-01-25 08:23:08]   [emp_id: 5442] ✓ Updated: 15.63 → 15.88 (CHANGED)
[2026-01-25 08:23:08]   [emp_id: 5445] ✓ Updated: 8.41 → 8.59 (CHANGED)
[2026-01-25 08:23:08]   [emp_id: 5446] ✓ Updated: 8.41 → 8.59 (CHANGED)
[2026-01-25 08:23:08]   [emp_id: 5447] ✓ Updated: 8.35 → 8.53 (CHANGED)
[2026-01-25 08:23:08]   [emp_id: 5448] ✓ Updated: 2.65 → 2.9 (CHANGED)
[2026-01-25 08:23:08]   [emp_id: 5449] ✓ Updated: 6.43 → 6.61 (CHANGED)
[2026-01-25 08:23:08]   [emp_id: 5450] ✓ Updated: 6.37 → 6.55 (CHANGED)
[2026-01-25 08:23:08]   [emp_id: 5451] ✓ Updated: 6.37 → 6.55 (CHANGED)
[2026-01-25 08:23:08]   [emp_id: 5453] ✓ Updated: 6.21 → 6.39 (CHANGED)
[2026-01-25 08:23:08]   [emp_id: 5454] ✓ Updated: 8.71 → 8.96 (CHANGED)
[2026-01-25 08:23:08]   [emp_id: 5455] ✓ Updated: 2.96 → 3.21 (CHANGED)
[2026-01-25 08:23:08]   [emp_id: 5456] ✓ Updated: 7.96 → 8.21 (CHANGED)
[2026-01-25 08:23:08]   [emp_id: 5457] ✓ Updated: 5.46 → 5.64 (CHANGED)
[2026-01-25 08:23:08]   [emp_id: 5460] ✓ Updated: 6.61 → 6.86 (CHANGED)
[2026-01-25 08:23:08]   [emp_id: 5463] ✓ Updated: 5.94 → 6.19 (CHANGED)
[2026-01-25 08:23:08]   [emp_id: 5464] ✓ Updated: 5.94 → 6.19 (CHANGED)
[2026-01-25 08:23:08]   [emp_id: 5466] ✓ Updated: 3.69 → 3.94 (CHANGED)
[2026-01-25 08:23:08]   [emp_id: 5467] ✓ Updated: 2.61 → 2.86 (CHANGED)
[2026-01-25 08:23:08]   [emp_id: 5468] ✓ Updated: 1.56 → 1.81 (CHANGED)
[2026-01-25 08:23:08]   [emp_id: 5469] ✓ Updated: 1.47 → 1.72 (CHANGED)
[2026-01-25 08:23:08] Report saved to: D:\xampp\htdocs\almutlak\system/cron_logs/last_vacation_update_report.json
[2026-01-25 08:23:13] ========== CRON: Vacation Balance Update Started ==========
[2026-01-25 15:23:45] ========== CRON: Vacation Balance Update Started ==========
