[2026-01-18 07:57:54] ========== CRON: Vacation Balance Update Started ==========
[2026-01-18 07:57:54] Database connection established
[2026-01-18 07:57:54] Found 434 active employees with balance records to update
[2026-01-18 07:57:54] (Only employees with status=1 will be processed)
[2026-01-18 07:57:54]   [emp_id: 1061] ✓ Updated: 0.72 → 0.89 (CHANGED)
[2026-01-18 07:57:54]   [emp_id: 1496] ✓ Updated: 17.57 → 17.74 (CHANGED)
[2026-01-18 07:57:54]   [emp_id: 1500] ✓ Updated: 5.25 → 5.42 (CHANGED)
[2026-01-18 07:57:54]   [emp_id: 1574] ✓ Updated: 34.48 → 34.65 (CHANGED)
[2026-01-18 07:57:54]   [emp_id: 1673] ✓ Updated: 45.98 → 46.15 (CHANGED)
[2026-01-18 07:57:54]   [emp_id: 1685] ✓ Updated: 15.9 → 16.07 (CHANGED)
[2026-01-18 07:57:54]   [emp_id: 1764] ✓ Updated: 70.57 → 70.74 (CHANGED)
[2026-01-18 07:57:54]   [emp_id: 1805] ✓ Updated: 64.9 → 65.07 (CHANGED)
[2026-01-18 07:57:54]   [emp_id: 1822] ✓ Updated: 69.65 → 69.82 (CHANGED)
[2026-01-18 07:57:54]   [emp_id: 1837] ✓ Updated: 25.82 → 25.99 (CHANGED)
[2026-01-18 07:57:54]   [emp_id: 1857] ✓ Updated: 21.15 → 21.32 (CHANGED)
[2026-01-18 07:57:54]   [emp_id: 1861] ✓ Updated: 71.98 → 72.15 (CHANGED)
[2026-01-18 07:57:54]   [emp_id: 1872] ✓ Updated: 10.82 → 10.99 (CHANGED)
[2026-01-18 07:57:54]   [emp_id: 1897] ✓ Updated: 6.15 → 6.32 (CHANGED)
[2026-01-18 07:57:54]   [emp_id: 1916] ✓ Updated: 12.45 → 12.62 (CHANGED)
[2026-01-18 07:57:54]   [emp_id: 1928] ✓ Updated: 65.4 → 65.57 (CHANGED)
[2026-01-18 07:57:54]   [emp_id: 1931] ✓ Updated: 85.32 → 85.49 (CHANGED)
[2026-01-18 07:57:54]   [emp_id: 1944] ✓ Updated: 43.48 → 43.65 (CHANGED)
[2026-01-18 07:57:55]   [emp_id: 1996] ✓ Updated: 71.98 → 72.15 (CHANGED)
[2026-01-18 07:57:55]   [emp_id: 1997] ✓ Updated: 37.15 → 37.32 (CHANGED)
[2026-01-18 07:57:55]   [emp_id: 1998] ✓ Updated: 28.59 → 28.76 (CHANGED)
[2026-01-18 07:57:55]   [emp_id: 1999] ✓ Updated: 29.59 → 29.76 (CHANGED)
[2026-01-18 07:57:55]   [emp_id: 2009] ✓ Updated: 35.9 → 36.07 (CHANGED)
[2026-01-18 07:57:55]   [emp_id: 2048] ✓ Updated: 25.73 → 25.9 (CHANGED)
[2026-01-18 07:57:55]   [emp_id: 2057] ✓ Updated: 66.57 → 66.74 (CHANGED)
[2026-01-18 07:57:55]   [emp_id: 2079] ✓ Updated: 48.9 → 49.07 (CHANGED)
[2026-01-18 07:57:55]   [emp_id: 2181] ✓ Updated: 37.9 → 38.07 (CHANGED)
[2026-01-18 07:57:55]   [emp_id: 2190] ✓ Updated: 7.23 → 7.4 (CHANGED)
[2026-01-18 07:57:55]   [emp_id: 2212] ✓ Updated: 25.23 → 25.4 (CHANGED)
[2026-01-18 07:57:55]   [emp_id: 2226] ✓ Updated: 69.98 → 70.15 (CHANGED)
[2026-01-18 07:57:55]   [emp_id: 2238] ✓ Updated: 68.23 → 68.4 (CHANGED)
[2026-01-18 07:57:55]   [emp_id: 2285] ✓ Updated: 36.9 → 37.07 (CHANGED)
[2026-01-18 07:57:55]   [emp_id: 2287] ✓ Updated: 48.57 → 48.74 (CHANGED)
[2026-01-18 07:57:55]   [emp_id: 2288] ✓ Updated: 3.59 → 3.76 (CHANGED)
[2026-01-18 07:57:55]   [emp_id: 2316] ✓ Updated: 17.4 → 17.57 (CHANGED)
[2026-01-18 07:57:55]   [emp_id: 2337] ✓ Updated: 38.48 → 38.65 (CHANGED)
[2026-01-18 07:57:55]   [emp_id: 2352] ✓ Updated: 69.98 → 70.15 (CHANGED)
[2026-01-18 07:57:55]   [emp_id: 2358] ✓ Updated: 6.48 → 6.65 (CHANGED)
[2026-01-18 07:57:55]   [emp_id: 2361] ✓ Updated: 72.15 → 72.32 (CHANGED)
[2026-01-18 07:57:55]   [emp_id: 2363] ✓ Updated: 74.73 → 74.9 (CHANGED)
[2026-01-18 07:57:55]   [emp_id: 2364] ✓ Updated: 74.15 → 74.32 (CHANGED)
[2026-01-18 07:57:55]   [emp_id: 2367] ✓ Updated: 101.82 → 101.99 (CHANGED)
[2026-01-18 07:57:55]   [emp_id: 2368] ✓ Updated: 32.23 → 32.4 (CHANGED)
[2026-01-18 07:57:55]   [emp_id: 2372] ✓ Updated: 69.48 → 69.65 (CHANGED)
[2026-01-18 07:57:55]   [emp_id: 2376] ✓ Updated: 119.48 → 119.65 (CHANGED)
[2026-01-18 07:57:55]   [emp_id: 2423] ✓ Updated: 20.23 → 20.4 (CHANGED)
[2026-01-18 07:57:55]   [emp_id: 2519] ✓ Updated: 113.9 → 114.07 (CHANGED)
[2026-01-18 07:57:55]   [emp_id: 2522] ✓ Updated: 57.48 → 57.65 (CHANGED)
[2026-01-18 07:57:55]   [emp_id: 2530] ✓ Updated: 52.73 → 52.9 (CHANGED)
[2026-01-18 07:57:55]   [emp_id: 2539] ✓ Updated: 49.48 → 49.65 (CHANGED)
[2026-01-18 07:57:55]   [emp_id: 2541] ✓ Updated: 30.07 → 30.24 (CHANGED)
[2026-01-18 07:57:55]   [emp_id: 2550] ✓ Updated: 96.23 → 96.4 (CHANGED)
[2026-01-18 07:57:55]   [emp_id: 2553] ✓ Updated: 33.34 → 33.51 (CHANGED)
[2026-01-18 07:57:55]   [emp_id: 2554] ✓ Updated: 39.82 → 39.99 (CHANGED)
[2026-01-18 07:57:55]   [emp_id: 2565] ✓ Updated: 94.4 → 94.57 (CHANGED)
[2026-01-18 07:57:55]   [emp_id: 2572] ✓ Updated: 44.4 → 44.57 (CHANGED)
[2026-01-18 07:57:55]   [emp_id: 2637] ✓ Updated: 64.98 → 65.15 (CHANGED)
[2026-01-18 07:57:55]   [emp_id: 2642] ✓ Updated: 77.73 → 77.9 (CHANGED)
[2026-01-18 07:57:55]   [emp_id: 2645] ✓ Updated: 93.73 → 93.9 (CHANGED)
[2026-01-18 07:57:55]   [emp_id: 2648] ✓ Updated: 45.4 → 45.57 (CHANGED)
[2026-01-18 07:57:55]   [emp_id: 2654] ✓ Updated: 88.07 → 88.24 (CHANGED)
[2026-01-18 07:57:55]   [emp_id: 2688] ✓ Updated: 26.15 → 26.32 (CHANGED)
[2026-01-18 07:57:55]   [emp_id: 2690] ✓ Updated: 14.9 → 15.07 (CHANGED)
[2026-01-18 07:57:55]   [emp_id: 2709] ✓ Updated: 37.15 → 37.32 (CHANGED)
[2026-01-18 07:57:55]   [emp_id: 2745] ✓ Updated: 33.73 → 33.9 (CHANGED)
[2026-01-18 07:57:55]   [emp_id: 2843] ✓ Updated: 80.32 → 80.49 (CHANGED)
[2026-01-18 07:57:55]   [emp_id: 2854] ✓ Updated: 60.23 → 60.4 (CHANGED)
[2026-01-18 07:57:55]   [emp_id: 2869] ✓ Updated: 4.15 → 4.32 (CHANGED)
[2026-01-18 07:57:55]   [emp_id: 2876] ✓ Updated: 34.98 → 35.15 (CHANGED)
[2026-01-18 07:57:55]   [emp_id: 2924] ✓ Updated: 16.15 → 16.32 (CHANGED)
[2026-01-18 07:57:55]   [emp_id: 2953] ✓ Updated: 101.9 → 102.07 (CHANGED)
[2026-01-18 07:57:55]   [emp_id: 2961] ✓ Updated: 11.9 → 12.07 (CHANGED)
[2026-01-18 07:57:55]   [emp_id: 2975] ✓ Updated: 1.58 → 1.75 (CHANGED)
[2026-01-18 07:57:55]   [emp_id: 3013] ✓ Updated: 10.9 → 11.07 (CHANGED)
[2026-01-18 07:57:55]   [emp_id: 3014] ✓ Updated: 90.15 → 90.32 (CHANGED)
[2026-01-18 07:57:55]   [emp_id: 3015] ✓ Updated: 1.4 → 1.57 (CHANGED)
[2026-01-18 07:57:55]   [emp_id: 3018] ✓ Updated: 60.15 → 60.32 (CHANGED)
[2026-01-18 07:57:56]   [emp_id: 3025] ✓ Updated: 23.92 → 24.09 (CHANGED)
[2026-01-18 07:57:56]   [emp_id: 3037] ✓ Updated: 83.65 → 83.82 (CHANGED)
[2026-01-18 07:57:56]   [emp_id: 3047] ✓ Updated: 71.9 → 72.07 (CHANGED)
[2026-01-18 07:57:56]   [emp_id: 3061] ✓ Updated: 18.82 → 18.99 (CHANGED)
[2026-01-18 07:57:56]   [emp_id: 3062] ✓ Updated: 51.98 → 52.15 (CHANGED)
[2026-01-18 07:57:56]   [emp_id: 3074] ✓ Updated: 108.4 → 108.57 (CHANGED)
[2026-01-18 07:57:56]   [emp_id: 3089] ✓ Updated: 7.32 → 7.49 (CHANGED)
[2026-01-18 07:57:56]   [emp_id: 3090] ✓ Updated: 33.9 → 34.07 (CHANGED)
[2026-01-18 07:57:56]   [emp_id: 3091] ✓ Updated: 45.9 → 46.07 (CHANGED)
[2026-01-18 07:57:56]   [emp_id: 3092] ✓ Updated: 28.57 → 28.74 (CHANGED)
[2026-01-18 07:57:56]   [emp_id: 3105] ✓ Updated: 48.9 → 49.07 (CHANGED)
[2026-01-18 07:57:56]   [emp_id: 3134] ✓ Updated: 44.65 → 44.82 (CHANGED)
[2026-01-18 07:57:56]   [emp_id: 3140] ✓ Updated: 41.73 → 41.9 (CHANGED)
[2026-01-18 07:57:56]   [emp_id: 3144] ✓ Updated: 14.57 → 14.74 (CHANGED)
[2026-01-18 07:57:56]   [emp_id: 3156] ✓ Updated: 17.9 → 18.07 (CHANGED)
[2026-01-18 07:57:56]   [emp_id: 3162] ✓ Updated: 2.88 → 3.05 (CHANGED)
[2026-01-18 07:57:56]   [emp_id: 3163] ✓ Updated: 6.15 → 6.32 (CHANGED)
[2026-01-18 07:57:56]   [emp_id: 3198] ✓ Updated: 41.15 → 41.32 (CHANGED)
[2026-01-18 07:57:56]   [emp_id: 3205] ✓ Updated: 17.82 → 17.99 (CHANGED)
[2026-01-18 07:57:56]   [emp_id: 3209] ✓ Updated: 41.98 → 42.15 (CHANGED)
[2026-01-18 07:57:56]   [emp_id: 3223] ✓ Updated: 90.9 → 91.07 (CHANGED)
[2026-01-18 07:57:56]   [emp_id: 3224] ✓ Updated: 65.65 → 65.82 (CHANGED)
[2026-01-18 07:57:56]   [emp_id: 3230] ✓ Updated: 89.07 → 89.24 (CHANGED)
[2026-01-18 07:57:56]   [emp_id: 3231] ✓ Updated: 1.44 → 1.61 (CHANGED)
[2026-01-18 07:57:56]   [emp_id: 3233] ✓ Updated: 81.9 → 82.07 (CHANGED)
[2026-01-18 07:57:56]   [emp_id: 3249] ✓ Updated: 37.73 → 37.9 (CHANGED)
[2026-01-18 07:57:56]   [emp_id: 3250] ✓ Updated: 10.73 → 10.9 (CHANGED)
[2026-01-18 07:57:56]   [emp_id: 3252] ✓ Updated: 11.65 → 11.82 (CHANGED)
[2026-01-18 07:57:56]   [emp_id: 3254] ✓ Updated: 22.15 → 22.32 (CHANGED)
[2026-01-18 07:57:56]   [emp_id: 3255] ✓ Updated: 18.57 → 18.74 (CHANGED)
[2026-01-18 07:57:56]   [emp_id: 3256] ✓ Updated: 14.82 → 14.99 (CHANGED)
[2026-01-18 07:57:56]   [emp_id: 3263] ✓ Updated: 30.9 → 31.07 (CHANGED)
[2026-01-18 07:57:56]   [emp_id: 3265] ✓ Updated: 26.48 → 26.65 (CHANGED)
[2026-01-18 07:57:56]   [emp_id: 3280] ✓ Updated: 73.4 → 73.57 (CHANGED)
[2026-01-18 07:57:56]   [emp_id: 3286] ✓ Updated: 16.57 → 16.74 (CHANGED)
[2026-01-18 07:57:56]   [emp_id: 3294] ✓ Updated: 16.23 → 16.4 (CHANGED)
[2026-01-18 07:57:56]   [emp_id: 3321] ✓ Updated: 73.4 → 73.57 (CHANGED)
[2026-01-18 07:57:56]   [emp_id: 3325] ✓ Updated: 61.15 → 61.32 (CHANGED)
[2026-01-18 07:57:56]   [emp_id: 3329] ✓ Updated: 63.48 → 63.65 (CHANGED)
[2026-01-18 07:57:56]   [emp_id: 3330] ✓ Updated: 63.48 → 63.65 (CHANGED)
[2026-01-18 07:57:56]   [emp_id: 3332] ✓ Updated: 63.48 → 63.65 (CHANGED)
[2026-01-18 07:57:56]   [emp_id: 3370] ✓ Updated: 55.15 → 55.32 (CHANGED)
[2026-01-18 07:57:56]   [emp_id: 3384] ✓ Updated: 15.65 → 15.82 (CHANGED)
[2026-01-18 07:57:56]   [emp_id: 3386] ✓ Updated: 45.65 → 45.82 (CHANGED)
[2026-01-18 07:57:56]   [emp_id: 3431] ✓ Updated: 20.07 → 20.24 (CHANGED)
[2026-01-18 07:57:56]   [emp_id: 3497] ✓ Updated: 10.23 → 10.4 (CHANGED)
[2026-01-18 07:57:56]   [emp_id: 3532] ✓ Updated: 1.07 → 1.24 (CHANGED)
[2026-01-18 07:57:56]   [emp_id: 3602] ✓ Updated: 2.64 → 2.81 (CHANGED)
[2026-01-18 07:57:56]   [emp_id: 3618] ✓ Updated: 24.62 → 24.79 (CHANGED)
[2026-01-18 07:57:56]   [emp_id: 3622] ✓ Updated: 35.31 → 35.43 (CHANGED)
[2026-01-18 07:57:56]   [emp_id: 3627] ✓ Updated: 10.57 → 10.74 (CHANGED)
[2026-01-18 07:57:56]   [emp_id: 3665] ✓ Updated: 52.15 → 52.32 (CHANGED)
[2026-01-18 07:57:56]   [emp_id: 3705] ✓ Updated: 28.64 → 28.76 (CHANGED)
[2026-01-18 07:57:56]   [emp_id: 3724] ✓ Updated: 45.15 → 45.32 (CHANGED)
[2026-01-18 07:57:56]   [emp_id: 3726] ✓ Updated: 61.57 → 61.74 (CHANGED)
[2026-01-18 07:57:56]   [emp_id: 3727] ✓ Updated: 66.65 → 66.82 (CHANGED)
[2026-01-18 07:57:56]   [emp_id: 3728] ✓ Updated: 10.98 → 11.15 (CHANGED)
[2026-01-18 07:57:56]   [emp_id: 3767] ✓ Updated: 1.73 → 1.9 (CHANGED)
[2026-01-18 07:57:56]   [emp_id: 3768] ✓ Updated: 57.98 → 58.15 (CHANGED)
[2026-01-18 07:57:56]   [emp_id: 3787] ✓ Updated: 58.57 → 58.74 (CHANGED)
[2026-01-18 07:57:56]   [emp_id: 3790] ✓ Updated: 3.12 → 3.29 (CHANGED)
[2026-01-18 07:57:56]   [emp_id: 3795] ✓ Updated: 16.07 → 16.24 (CHANGED)
[2026-01-18 07:57:57]   [emp_id: 3798] ✓ Updated: 94.48 → 94.65 (CHANGED)
[2026-01-18 07:57:57]   [emp_id: 3801] ✓ Updated: 2.75 → 2.92 (CHANGED)
[2026-01-18 07:57:57]   [emp_id: 3802] ✓ Updated: 31.73 → 31.9 (CHANGED)
[2026-01-18 07:57:57]   [emp_id: 3803] ✓ Updated: 116.15 → 116.32 (CHANGED)
[2026-01-18 07:57:57]   [emp_id: 3810] ✓ Updated: 122.15 → 122.32 (CHANGED)
[2026-01-18 07:57:57]   [emp_id: 3812] ✓ Updated: 91.15 → 91.32 (CHANGED)
[2026-01-18 07:57:57]   [emp_id: 3815] ✓ Updated: 91.15 → 91.32 (CHANGED)
[2026-01-18 07:57:57]   [emp_id: 3836] ✓ Updated: 58.82 → 58.99 (CHANGED)
[2026-01-18 07:57:57]   [emp_id: 3855] ✓ Updated: 51.98 → 52.15 (CHANGED)
[2026-01-18 07:57:57]   [emp_id: 3857] ✓ Updated: 55.65 → 55.82 (CHANGED)
[2026-01-18 07:57:57]   [emp_id: 3862] ✓ Updated: 103.73 → 103.9 (CHANGED)
[2026-01-18 07:57:57]   [emp_id: 3866] ✓ Updated: 28.98 → 29.15 (CHANGED)
[2026-01-18 07:57:57]   [emp_id: 3876] ✓ Updated: 25.15 → 25.32 (CHANGED)
[2026-01-18 07:57:57]   [emp_id: 3877] ✓ Updated: 50.65 → 50.82 (CHANGED)
[2026-01-18 07:57:57]   [emp_id: 3897] ✓ Updated: 38.9 → 39.07 (CHANGED)
[2026-01-18 07:57:57]   [emp_id: 3899] ✓ Updated: 0.72 → 0.89 (CHANGED)
[2026-01-18 07:57:57]   [emp_id: 3928] ✓ Updated: 14.98 → 15.15 (CHANGED)
[2026-01-18 07:57:57]   [emp_id: 3929] ✓ Updated: 9.98 → 10.15 (CHANGED)
[2026-01-18 07:57:57]   [emp_id: 3935] ✓ Updated: 94.98 → 95.15 (CHANGED)
[2026-01-18 07:57:57]   [emp_id: 3952] ✓ Updated: 76.32 → 76.49 (CHANGED)
[2026-01-18 07:57:57]   [emp_id: 3987] ✓ Updated: 15.23 → 15.4 (CHANGED)
[2026-01-18 07:57:57]   [emp_id: 4059] ✓ Updated: 4.43 → 4.6 (CHANGED)
[2026-01-18 07:57:57]   [emp_id: 4119] ✓ Updated: 57.9 → 58.07 (CHANGED)
[2026-01-18 07:57:57]   [emp_id: 4120] ✓ Updated: 27.48 → 27.65 (CHANGED)
[2026-01-18 07:57:57]   [emp_id: 4124] ✓ Updated: 28 → 28.17 (CHANGED)
[2026-01-18 07:57:57]   [emp_id: 4133] ✓ Updated: 106.48 → 106.65 (CHANGED)
[2026-01-18 07:57:57]   [emp_id: 4134] ✓ Updated: 27.48 → 27.65 (CHANGED)
[2026-01-18 07:57:57]   [emp_id: 4136] ✓ Updated: 27.48 → 27.65 (CHANGED)
[2026-01-18 07:57:57]   [emp_id: 4150] ✓ Updated: 26.15 → 26.32 (CHANGED)
[2026-01-18 07:57:57]   [emp_id: 4157] ✓ Updated: 19.65 → 19.82 (CHANGED)
[2026-01-18 07:57:57]   [emp_id: 4172] ✓ Updated: 13.22 → 13.34 (CHANGED)
[2026-01-18 07:57:57]   [emp_id: 4195] ✓ Updated: 63.23 → 63.4 (CHANGED)
[2026-01-18 07:57:57]   [emp_id: 4215] ✓ Updated: 45.9 → 46.07 (CHANGED)
[2026-01-18 07:57:57]   [emp_id: 4220] ✓ Updated: 41.48 → 41.65 (CHANGED)
[2026-01-18 07:57:57]   [emp_id: 4273] ✓ Updated: 10.15 → 10.32 (CHANGED)
[2026-01-18 07:57:57]   [emp_id: 4283] ✓ Updated: 14.31 → 14.43 (CHANGED)
[2026-01-18 07:57:57]   [emp_id: 4288] ✓ Updated: 0.72 → 0.89 (CHANGED)
[2026-01-18 07:57:57]   [emp_id: 4315] ✓ Updated: 13.4 → 13.57 (CHANGED)
[2026-01-18 07:57:57]   [emp_id: 4328] ✓ Updated: 43.14 → 43.26 (CHANGED)
[2026-01-18 07:57:57]   [emp_id: 4329] ✓ Updated: 6.57 → 6.74 (CHANGED)
[2026-01-18 07:57:57]   [emp_id: 4338] ✓ Updated: 48.15 → 48.32 (CHANGED)
[2026-01-18 07:57:57]   [emp_id: 4340] ✓ Updated: 110.15 → 110.32 (CHANGED)
[2026-01-18 07:57:57]   [emp_id: 4365] ✓ Updated: 61.57 → 61.74 (CHANGED)
[2026-01-18 07:57:57]   [emp_id: 4366] ✓ Updated: 60.65 → 60.82 (CHANGED)
[2026-01-18 07:57:57]   [emp_id: 4403] ✓ Updated: 86.48 → 86.65 (CHANGED)
[2026-01-18 07:57:57]   [emp_id: 4438] ✓ Updated: 22.15 → 22.32 (CHANGED)
[2026-01-18 07:57:57]   [emp_id: 4465] ✓ Updated: 13.47 → 13.59 (CHANGED)
[2026-01-18 07:57:57]   [emp_id: 4473] ✓ Updated: 45.73 → 45.9 (CHANGED)
[2026-01-18 07:57:57]   [emp_id: 4474] ✓ Updated: 3.98 → 4.1 (CHANGED)
[2026-01-18 07:57:57]   [emp_id: 4493] ✓ Updated: 164.57 → 164.74 (CHANGED)
[2026-01-18 07:57:57]   [emp_id: 4526] ✓ Updated: 36.82 → 36.99 (CHANGED)
[2026-01-18 07:57:57]   [emp_id: 4528] ✓ Updated: 108.57 → 108.74 (CHANGED)
[2026-01-18 07:57:57]   [emp_id: 4528] ✓ Updated: 108.57 → 108.74 (CHANGED)
[2026-01-18 07:57:57]   [emp_id: 4532] ✓ Updated: 8.59 → 8.71 (CHANGED)
[2026-01-18 07:57:57]   [emp_id: 4533] ✓ Updated: 36.98 → 37.15 (CHANGED)
[2026-01-18 07:57:57]   [emp_id: 4565] ✓ Updated: 15.97 → 16.09 (CHANGED)
[2026-01-18 07:57:57]   [emp_id: 4567] ✓ Updated: 20.22 → 20.34 (CHANGED)
[2026-01-18 07:57:57]   [emp_id: 4572] ✓ Updated: 59.72 → 59.84 (CHANGED)
[2026-01-18 07:57:57]   [emp_id: 4631] ✓ Updated: 15.97 → 16.09 (CHANGED)
[2026-01-18 07:57:57]   [emp_id: 4655] ✓ Updated: 25.9 → 26.07 (CHANGED)
[2026-01-18 07:57:57]   [emp_id: 4709] ✓ Updated: 41.15 → 41.32 (CHANGED)
[2026-01-18 07:57:57]   [emp_id: 4717] ✓ Updated: 67.15 → 67.32 (CHANGED)
[2026-01-18 07:57:57]   [emp_id: 4736] ✓ Updated: 28.98 → 29.15 (CHANGED)
[2026-01-18 07:57:57]   [emp_id: 4756] ✓ Updated: 12.41 → 12.53 (CHANGED)
[2026-01-18 07:57:57]   [emp_id: 4768] ✓ Updated: 14.65 → 14.82 (CHANGED)
[2026-01-18 07:57:57]   [emp_id: 4780] ✓ Updated: 66.14 → 66.26 (CHANGED)
[2026-01-18 07:57:57]   [emp_id: 4820] ✓ Updated: 99.98 → 100.15 (CHANGED)
[2026-01-18 07:57:57]   [emp_id: 4824] ✓ Updated: 3.16 → 3.33 (CHANGED)
[2026-01-18 07:57:57]   [emp_id: 4825] ✓ Updated: 31.73 → 31.9 (CHANGED)
[2026-01-18 07:57:57]   [emp_id: 4837] ✓ Updated: 46.13 → 46.25 (CHANGED)
[2026-01-18 07:57:57]   [emp_id: 4840] ✓ Updated: 46.13 → 46.25 (CHANGED)
[2026-01-18 07:57:57]   [emp_id: 4842] ✓ Updated: 45.37 → 45.49 (CHANGED)
[2026-01-18 07:57:57]   [emp_id: 4843] ✓ Updated: 45.9 → 46.02 (CHANGED)
[2026-01-18 07:57:57]   [emp_id: 4853] ✓ Updated: 89.72 → 89.84 (CHANGED)
[2026-01-18 07:57:57]   [emp_id: 4856] ✓ Updated: 43.04 → 43.16 (CHANGED)
[2026-01-18 07:57:57]   [emp_id: 4857] ✓ Updated: 25.86 → 25.98 (CHANGED)
[2026-01-18 07:57:57]   [emp_id: 4858] ✓ Updated: 22.74 → 22.86 (CHANGED)
[2026-01-18 07:57:57]   [emp_id: 4859] ✓ Updated: 44.21 → 44.33 (CHANGED)
[2026-01-18 07:57:57]   [emp_id: 4860] ✓ Updated: 8.71 → 8.83 (CHANGED)
[2026-01-18 07:57:57]   [emp_id: 4861] ✓ Updated: 42.17 → 42.29 (CHANGED)
[2026-01-18 07:57:57]   [emp_id: 4869] ✓ Updated: 85.05 → 85.17 (CHANGED)
[2026-01-18 07:57:57]   [emp_id: 4894] ✓ Updated: 8.65 → 8.82 (CHANGED)
[2026-01-18 07:57:58]   [emp_id: 4897] ✓ Updated: 23.95 → 24.07 (CHANGED)
[2026-01-18 07:57:58]   [emp_id: 4899] ✓ Updated: 20.12 → 20.24 (CHANGED)
[2026-01-18 07:57:58]   [emp_id: 4902] ✓ Updated: 19.54 → 19.66 (CHANGED)
[2026-01-18 07:57:58]   [emp_id: 4903] ✓ Updated: 21.76 → 21.88 (CHANGED)
[2026-01-18 07:57:58]   [emp_id: 4905] ✓ Updated: 20.42 → 20.54 (CHANGED)
[2026-01-18 07:57:58]   [emp_id: 4907] ✓ Updated: 48.73 → 48.9 (CHANGED)
[2026-01-18 07:57:58]   [emp_id: 4917] ✓ Updated: 17.38 → 17.5 (CHANGED)
[2026-01-18 07:57:58]   [emp_id: 4918] ✓ Updated: 7.15 → 7.27 (CHANGED)
[2026-01-18 07:57:58]   [emp_id: 4919] ✓ Updated: 59.44 → 59.56 (CHANGED)
[2026-01-18 07:57:58]   [emp_id: 4920] ✓ Updated: 6.52 → 6.64 (CHANGED)
[2026-01-18 07:57:58]   [emp_id: 4921] ✓ Updated: 18.61 → 18.73 (CHANGED)
[2026-01-18 07:57:58]   [emp_id: 4927] ✓ Updated: 17.44 → 17.56 (CHANGED)
[2026-01-18 07:57:58]   [emp_id: 4929] ✓ Updated: 18.96 → 19.08 (CHANGED)
[2026-01-18 07:57:58]   [emp_id: 4930] ✓ Updated: 59.73 → 59.85 (CHANGED)
[2026-01-18 07:57:58]   [emp_id: 4932] ✓ Updated: 17.73 → 17.85 (CHANGED)
[2026-01-18 07:57:58]   [emp_id: 4933] ✓ Updated: 21.14 → 21.26 (CHANGED)
[2026-01-18 07:57:58]   [emp_id: 4949] ✓ Updated: 24.57 → 24.69 (CHANGED)
[2026-01-18 07:57:58]   [emp_id: 4956] ✓ Updated: 30.16 → 30.28 (CHANGED)
[2026-01-18 07:57:58]   [emp_id: 4957] ✓ Updated: 25.83 → 25.95 (CHANGED)
[2026-01-18 07:57:58]   [emp_id: 4962] ✓ Updated: 48.09 → 48.26 (CHANGED)
[2026-01-18 07:57:58]   [emp_id: 4969] ✓ Updated: 47.4 → 47.57 (CHANGED)
[2026-01-18 07:57:58]   [emp_id: 4976] ✓ Updated: 10.85 → 10.97 (CHANGED)
[2026-01-18 07:57:58]   [emp_id: 4984] ✓ Updated: 38.65 → 38.82 (CHANGED)
[2026-01-18 07:57:58]   [emp_id: 4995] ✓ Updated: 50.72 → 50.89 (CHANGED)
[2026-01-18 07:57:58]   [emp_id: 5004] ✓ Updated: 27.79 → 27.91 (CHANGED)
[2026-01-18 07:57:58]   [emp_id: 5006] ✓ Updated: 27.53 → 27.65 (CHANGED)
[2026-01-18 07:57:58]   [emp_id: 5011] ✓ Updated: 6.5 → 6.67 (CHANGED)
[2026-01-18 07:57:58]   [emp_id: 5013] ✓ Updated: 67.9 → 68.02 (CHANGED)
[2026-01-18 07:57:58]   [emp_id: 5018] ✓ Updated: 4.39 → 4.51 (CHANGED)
[2026-01-18 07:57:58]   [emp_id: 5021] ✓ Updated: 61.75 → 61.92 (CHANGED)
[2026-01-18 07:57:58]   [emp_id: 5024] ✓ Updated: 2.41 → 2.53 (CHANGED)
[2026-01-18 07:57:58]   [emp_id: 5030] ✓ Updated: 32.36 → 32.48 (CHANGED)
[2026-01-18 07:57:58]   [emp_id: 5033] ✓ Updated: 11.16 → 11.28 (CHANGED)
[2026-01-18 07:57:58]   [emp_id: 5043] ✓ Updated: 31.32 → 31.49 (CHANGED)
[2026-01-18 07:57:58]   [emp_id: 5045] ✓ Updated: 27.82 → 27.99 (CHANGED)
[2026-01-18 07:57:58]   [emp_id: 5046] ✓ Updated: 23.01 → 23.18 (CHANGED)
[2026-01-18 07:57:58]   [emp_id: 5049] ✓ Updated: 39.84 → 39.96 (CHANGED)
[2026-01-18 07:57:58]   [emp_id: 5052] ✓ Updated: 31.12 → 31.24 (CHANGED)
[2026-01-18 07:57:58]   [emp_id: 5055] ✓ Updated: 19.56 → 19.68 (CHANGED)
[2026-01-18 07:57:58]   [emp_id: 5058] ✓ Updated: 28.54 → 28.66 (CHANGED)
[2026-01-18 07:57:58]   [emp_id: 5062] ✓ Updated: 40.37 → 40.49 (CHANGED)
[2026-01-18 07:57:58]   [emp_id: 5064] ✓ Updated: 118.65 → 118.82 (CHANGED)
[2026-01-18 07:57:58]   [emp_id: 5065] ✓ Updated: 39.78 → 39.9 (CHANGED)
[2026-01-18 07:57:58]   [emp_id: 5071] ✓ Updated: 24.15 → 24.32 (CHANGED)
[2026-01-18 07:57:58]   [emp_id: 5073] ✓ Updated: 14.38 → 14.5 (CHANGED)
[2026-01-18 07:57:58]   [emp_id: 5079] ✓ Updated: 34.94 → 35.06 (CHANGED)
[2026-01-18 07:57:58]   [emp_id: 5080] ✓ Updated: 28.27 → 28.39 (CHANGED)
[2026-01-18 07:57:58]   [emp_id: 5081] ✓ Updated: 16.53 → 16.65 (CHANGED)
[2026-01-18 07:57:58]   [emp_id: 5087] ✓ Updated: 36.57 → 36.69 (CHANGED)
[2026-01-18 07:57:58]   [emp_id: 5091] ✓ Updated: 76.42 → 76.54 (CHANGED)
[2026-01-18 07:57:58]   [emp_id: 5093] ✓ Updated: 15.32 → 15.49 (CHANGED)
[2026-01-18 07:57:58]   [emp_id: 5095] ✓ Updated: 1.96 → 2.08 (CHANGED)
[2026-01-18 07:57:58]   [emp_id: 5101] ✓ Updated: 17.4 → 17.57 (CHANGED)
[2026-01-18 07:57:58]   [emp_id: 5107] ✓ Updated: 15.73 → 15.9 (CHANGED)
[2026-01-18 07:57:58]   [emp_id: 5109] ✓ Updated: 12.98 → 13.15 (CHANGED)
[2026-01-18 07:57:58]   [emp_id: 5119] ✓ Updated: 11.15 → 11.32 (CHANGED)
[2026-01-18 07:57:58]   [emp_id: 5122] ✓ Updated: 8.32 → 8.49 (CHANGED)
[2026-01-18 07:57:58]   [emp_id: 5126] ✓ Updated: 27.3 → 27.42 (CHANGED)
[2026-01-18 07:57:58]   [emp_id: 5127] ✓ Updated: 24.09 → 24.21 (CHANGED)
[2026-01-18 07:57:58]   [emp_id: 5128] ✓ Updated: 27.24 → 27.36 (CHANGED)
[2026-01-18 07:57:58]   [emp_id: 5138] ✓ Updated: 50.98 → 51.15 (CHANGED)
[2026-01-18 07:57:58]   [emp_id: 5138] ✓ Updated: 50.98 → 51.15 (CHANGED)
[2026-01-18 07:57:58]   [emp_id: 5141] ✓ Updated: 35.61 → 35.73 (CHANGED)
[2026-01-18 07:57:58]   [emp_id: 5142] ✓ Updated: 14.61 → 14.73 (CHANGED)
[2026-01-18 07:57:58]   [emp_id: 5146] ✓ Updated: 21.61 → 21.73 (CHANGED)
[2026-01-18 07:57:58]   [emp_id: 5147] ✓ Updated: 20.61 → 20.73 (CHANGED)
[2026-01-18 07:57:58]   [emp_id: 5148] ✓ Updated: 25.96 → 26.08 (CHANGED)
[2026-01-18 07:57:58]   [emp_id: 5149] ✓ Updated: 24.85 → 24.97 (CHANGED)
[2026-01-18 07:57:58]   [emp_id: 5150] ✓ Updated: 24.21 → 24.33 (CHANGED)
[2026-01-18 07:57:58]   [emp_id: 5151] ✓ Updated: 24.03 → 24.15 (CHANGED)
[2026-01-18 07:57:58]   [emp_id: 5152] ✓ Updated: 4.45 → 4.57 (CHANGED)
[2026-01-18 07:57:58]   [emp_id: 5157] ✓ Updated: 24.03 → 24.15 (CHANGED)
[2026-01-18 07:57:58]   [emp_id: 5160] ✓ Updated: 24.03 → 24.15 (CHANGED)
[2026-01-18 07:57:58]   [emp_id: 5163] ✓ Updated: 21.82 → 21.94 (CHANGED)
[2026-01-18 07:57:58]   [emp_id: 5165] ✓ Updated: 2.42 → 2.59 (CHANGED)
[2026-01-18 07:57:58]   [emp_id: 5167] ✓ Updated: 30.97 → 31.09 (CHANGED)
[2026-01-18 07:57:59]   [emp_id: 5168] ✓ Updated: 23.51 → 23.63 (CHANGED)
[2026-01-18 07:57:59]   [emp_id: 5173] ✓ Updated: 26.07 → 26.24 (CHANGED)
[2026-01-18 07:57:59]   [emp_id: 5174] ✓ Updated: 23.97 → 24.09 (CHANGED)
[2026-01-18 07:57:59]   [emp_id: 5181] ✓ Updated: 20.36 → 20.48 (CHANGED)
[2026-01-18 07:57:59]   [emp_id: 5186] ✓ Updated: 25.89 → 26.01 (CHANGED)
[2026-01-18 07:57:59]   [emp_id: 5187] ✓ Updated: 36.89 → 37.01 (CHANGED)
[2026-01-18 07:57:59]   [emp_id: 5204] ✓ Updated: 23.57 → 23.74 (CHANGED)
[2026-01-18 07:57:59]   [emp_id: 5205] ✓ Updated: 13.1 → 13.22 (CHANGED)
[2026-01-18 07:57:59]   [emp_id: 5209] ✓ Updated: 16.1 → 16.22 (CHANGED)
[2026-01-18 07:57:59]   [emp_id: 5213] ✓ Updated: 3.51 → 3.63 (CHANGED)
[2026-01-18 07:57:59]   [emp_id: 5214] ✓ Updated: 2.35 → 2.47 (CHANGED)
[2026-01-18 07:57:59]   [emp_id: 5215] ✓ Updated: 11.1 → 11.22 (CHANGED)
[2026-01-18 07:57:59]   [emp_id: 5217] ✓ Updated: 10.1 → 10.22 (CHANGED)
[2026-01-18 07:57:59]   [emp_id: 5219] ✓ Updated: 14.1 → 14.22 (CHANGED)
[2026-01-18 07:57:59]   [emp_id: 5221] ✓ Updated: 3.41 → 3.53 (CHANGED)
[2026-01-18 07:57:59]   [emp_id: 5224] ✓ Updated: 15.1 → 15.22 (CHANGED)
[2026-01-18 07:57:59]   [emp_id: 5225] ✓ Updated: 7.41 → 7.53 (CHANGED)
[2026-01-18 07:57:59]   [emp_id: 5228] ✓ Updated: 10.1 → 10.22 (CHANGED)
[2026-01-18 07:57:59]   [emp_id: 5229] ✓ Updated: 6.1 → 6.22 (CHANGED)
[2026-01-18 07:57:59]   [emp_id: 5230] ✓ Updated: 14.77 → 14.89 (CHANGED)
[2026-01-18 07:57:59]   [emp_id: 5231] ✓ Updated: 7.1 → 7.22 (CHANGED)
[2026-01-18 07:57:59]   [emp_id: 5232] ✓ Updated: 1.1 → 1.22 (CHANGED)
[2026-01-18 07:57:59]   [emp_id: 5233] ✓ Updated: 5.1 → 5.22 (CHANGED)
[2026-01-18 07:57:59]   [emp_id: 5234] ✓ Updated: 5.1 → 5.22 (CHANGED)
[2026-01-18 07:57:59]   [emp_id: 5235] ✓ Updated: 0.54 → 0.66 (CHANGED)
[2026-01-18 07:57:59]   [emp_id: 5237] ✓ Updated: 11.35 → 11.47 (CHANGED)
[2026-01-18 07:57:59]   [emp_id: 5239] ✓ Updated: 8.1 → 8.22 (CHANGED)
[2026-01-18 07:57:59]   [emp_id: 5241] ✓ Updated: 6.1 → 6.22 (CHANGED)
[2026-01-18 07:57:59]   [emp_id: 5242] ✓ Updated: 16.1 → 16.22 (CHANGED)
[2026-01-18 07:57:59]   [emp_id: 5243] ✓ Updated: 2.51 → 2.63 (CHANGED)
[2026-01-18 07:57:59]   [emp_id: 5244] ✓ Updated: 0.54 → 0.66 (CHANGED)
[2026-01-18 07:57:59]   [emp_id: 5246] ✓ Updated: 12.1 → 12.22 (CHANGED)
[2026-01-18 07:57:59]   [emp_id: 5253] ✓ Updated: 24.97 → 25.09 (CHANGED)
[2026-01-18 07:57:59]   [emp_id: 5254] ✓ Updated: 12.95 → 13.07 (CHANGED)
[2026-01-18 07:57:59]   [emp_id: 5257] ✓ Updated: 12.66 → 12.78 (CHANGED)
[2026-01-18 07:57:59]   [emp_id: 5259] ✓ Updated: 49.19 → 49.31 (CHANGED)
[2026-01-18 07:57:59]   [emp_id: 5261] ✓ Updated: 17.17 → 17.34 (CHANGED)
[2026-01-18 07:57:59]   [emp_id: 5264] ✓ Updated: 14.67 → 14.79 (CHANGED)
[2026-01-18 07:57:59]   [emp_id: 5266] ✓ Updated: 21.29 → 21.41 (CHANGED)
[2026-01-18 07:57:59]   [emp_id: 5268] ✓ Updated: 9.86 → 9.98 (CHANGED)
[2026-01-18 07:57:59]   [emp_id: 5271] ✓ Updated: 8.52 → 8.64 (CHANGED)
[2026-01-18 07:57:59]   [emp_id: 5272] ✓ Updated: 9.39 → 9.51 (CHANGED)
[2026-01-18 07:57:59]   [emp_id: 5273] ✓ Updated: 24.46 → 24.58 (CHANGED)
[2026-01-18 07:57:59]   [emp_id: 5275] ✓ Updated: 10.21 → 10.33 (CHANGED)
[2026-01-18 07:57:59]   [emp_id: 5276] ✓ Updated: 24.48 → 24.6 (CHANGED)
[2026-01-18 07:57:59]   [emp_id: 5278] ✓ Updated: 8.87 → 8.99 (CHANGED)
[2026-01-18 07:57:59]   [emp_id: 5280] ✓ Updated: 19.27 → 19.39 (CHANGED)
[2026-01-18 07:57:59]   [emp_id: 5282] ✓ Updated: 12.65 → 12.82 (CHANGED)
[2026-01-18 07:57:59]   [emp_id: 5285] ✓ Updated: 29.27 → 29.39 (CHANGED)
[2026-01-18 07:57:59]   [emp_id: 5286] ✓ Updated: 16.27 → 16.39 (CHANGED)
[2026-01-18 07:57:59]   [emp_id: 5287] ✓ Updated: 50.57 → 50.69 (CHANGED)
[2026-01-18 07:57:59]   [emp_id: 5288] ✓ Updated: 7.84 → 7.96 (CHANGED)
[2026-01-18 07:57:59]   [emp_id: 5289] ✓ Updated: 49.12 → 49.24 (CHANGED)
[2026-01-18 07:57:59]   [emp_id: 5290] ✓ Updated: 47.89 → 48.01 (CHANGED)
[2026-01-18 07:57:59]   [emp_id: 5291] ✓ Updated: 5.89 → 6.01 (CHANGED)
[2026-01-18 07:57:59]   [emp_id: 5292] ✓ Updated: 5.83 → 5.95 (CHANGED)
[2026-01-18 07:57:59]   [emp_id: 5293] ✓ Updated: 8.91 → 9.08 (CHANGED)
[2026-01-18 07:57:59]   [emp_id: 5294] ✓ Updated: 8.57 → 8.74 (CHANGED)
[2026-01-18 07:57:59]   [emp_id: 5295] ✓ Updated: 22.07 → 22.19 (CHANGED)
[2026-01-18 07:57:59]   [emp_id: 5296] ✓ Updated: 35.59 → 35.76 (CHANGED)
[2026-01-18 07:57:59]   [emp_id: 5297] ✓ Updated: 46.49 → 46.61 (CHANGED)
[2026-01-18 07:57:59]   [emp_id: 5298] ✓ Updated: 46.49 → 46.61 (CHANGED)
[2026-01-18 07:57:59]   [emp_id: 5299] ✓ Updated: 46.49 → 46.61 (CHANGED)
[2026-01-18 07:57:59]   [emp_id: 5300] ✓ Updated: 46.49 → 46.61 (CHANGED)
[2026-01-18 07:57:59]   [emp_id: 5301] ✓ Updated: 4.31 → 4.43 (CHANGED)
[2026-01-18 07:57:59]   [emp_id: 5303] ✓ Updated: 4.74 → 4.86 (CHANGED)
[2026-01-18 07:57:59]   [emp_id: 5304] ✓ Updated: 46.49 → 46.61 (CHANGED)
[2026-01-18 07:57:59]   [emp_id: 5305] ✓ Updated: 4.49 → 4.61 (CHANGED)
[2026-01-18 07:57:59]   [emp_id: 5306] ✓ Updated: 46.2 → 46.32 (CHANGED)
[2026-01-18 07:57:59]   [emp_id: 5307] ✓ Updated: 46.2 → 46.32 (CHANGED)
[2026-01-18 07:57:59]   [emp_id: 5312] ✓ Updated: 0.54 → 0.66 (CHANGED)
[2026-01-18 07:57:59]   [emp_id: 5318] ✓ Updated: 26.91 → 27.03 (CHANGED)
[2026-01-18 07:57:59]   [emp_id: 5325] ✓ Updated: 0.87 → 0.99 (CHANGED)
[2026-01-18 07:57:59]   [emp_id: 5327] ✓ Updated: 1.96 → 2.08 (CHANGED)
[2026-01-18 07:57:59]   [emp_id: 5337] ✓ Updated: 36.48 → 36.65 (CHANGED)
[2026-01-18 07:58:00]   [emp_id: 5339] ✓ Updated: 11.06 → 11.18 (CHANGED)
[2026-01-18 07:58:00]   [emp_id: 5343] ✓ Updated: 46.4 → 46.57 (CHANGED)
[2026-01-18 07:58:00]   [emp_id: 5343] ✓ Updated: 46.4 → 46.57 (CHANGED)
[2026-01-18 07:58:00]   [emp_id: 5345] ✓ Updated: 16.23 → 16.4 (CHANGED)
[2026-01-18 07:58:00]   [emp_id: 5346] ✓ Updated: 2.78 → 2.9 (CHANGED)
[2026-01-18 07:58:00]   [emp_id: 5351] ✓ Updated: 17.72 → 17.84 (CHANGED)
[2026-01-18 07:58:00]   [emp_id: 5352] ✓ Updated: 26.65 → 26.82 (CHANGED)
[2026-01-18 07:58:00]   [emp_id: 5370] ✓ Updated: 16.37 → 16.49 (CHANGED)
[2026-01-18 07:58:00]   [emp_id: 5371] ✓ Updated: 8.4 → 8.57 (CHANGED)
[2026-01-18 07:58:00]   [emp_id: 5376] ✓ Updated: 10.97 → 11.09 (CHANGED)
[2026-01-18 07:58:00]   [emp_id: 5378] ✓ Updated: 18.48 → 18.65 (CHANGED)
[2026-01-18 07:58:00]   [emp_id: 5380] ✓ Updated: 17.38 → 17.5 (CHANGED)
[2026-01-18 07:58:00]   [emp_id: 5381] ✓ Updated: 12.92 → 13.09 (CHANGED)
[2026-01-18 07:58:00]   [emp_id: 5383] ✓ Updated: 17.23 → 17.4 (CHANGED)
[2026-01-18 07:58:00]   [emp_id: 5388] ✓ Updated: 28.16 → 28.28 (CHANGED)
[2026-01-18 07:58:00]   [emp_id: 5396] ✓ Updated: 29.4 → 29.52 (CHANGED)
[2026-01-18 07:58:00]   [emp_id: 5397] ✓ Updated: 20.86 → 20.98 (CHANGED)
[2026-01-18 07:58:00]   [emp_id: 5401] ✓ Updated: 23.97 → 24.09 (CHANGED)
[2026-01-18 07:58:00]   [emp_id: 5402] ✓ Updated: 24.09 → 24.21 (CHANGED)
[2026-01-18 07:58:00]   [emp_id: 5406] ✓ Updated: 17.81 → 17.93 (CHANGED)
[2026-01-18 07:58:00]   [emp_id: 5407] ✓ Updated: 17 → 17.17 (CHANGED)
[2026-01-18 07:58:00]   [emp_id: 5409] ✓ Updated: 17.15 → 17.27 (CHANGED)
[2026-01-18 07:58:00]   [emp_id: 5413] ✓ Updated: 29.4 → 29.57 (CHANGED)
[2026-01-18 07:58:00]   [emp_id: 5414] ✓ Updated: 29.07 → 29.24 (CHANGED)
[2026-01-18 07:58:00]   [emp_id: 5415] ✓ Updated: 5 → 5.17 (CHANGED)
[2026-01-18 07:58:00]   [emp_id: 5418] ✓ Updated: 16.21 → 16.33 (CHANGED)
[2026-01-18 07:58:00]   [emp_id: 5422] ✓ Updated: 21.73 → 21.9 (CHANGED)
[2026-01-18 07:58:00]   [emp_id: 5423] ✓ Updated: 6.42 → 6.59 (CHANGED)
[2026-01-18 07:58:00]   [emp_id: 5425] ✓ Updated: 14.76 → 14.88 (CHANGED)
[2026-01-18 07:58:00]   [emp_id: 5426] ✓ Updated: 2.97 → 3.14 (CHANGED)
[2026-01-18 07:58:00]   [emp_id: 5426] ✓ Updated: 2.97 → 3.14 (CHANGED)
[2026-01-18 07:58:00]   [emp_id: 5427] ✓ Updated: 14.87 → 14.99 (CHANGED)
[2026-01-18 07:58:00]   [emp_id: 5428] ✓ Updated: 14.76 → 14.88 (CHANGED)
[2026-01-18 07:58:00]   [emp_id: 5430] ✓ Updated: 18.79 → 18.96 (CHANGED)
[2026-01-18 07:58:00]   [emp_id: 5431] ✓ Updated: 13.88 → 14 (CHANGED)
[2026-01-18 07:58:00]   [emp_id: 5433] ✓ Updated: 13.9 → 14.02 (CHANGED)
[2026-01-18 07:58:00]   [emp_id: 5434] ✓ Updated: 13.65 → 13.77 (CHANGED)
[2026-01-18 07:58:00]   [emp_id: 5435] ✓ Updated: 13.59 → 13.71 (CHANGED)
[2026-01-18 07:58:00]   [emp_id: 5436] ✓ Updated: 13.59 → 13.71 (CHANGED)
[2026-01-18 07:58:00]   [emp_id: 5438] ✓ Updated: 16.65 → 16.82 (CHANGED)
[2026-01-18 07:58:00]   [emp_id: 5439] ✓ Updated: 26.15 → 26.32 (CHANGED)
[2026-01-18 07:58:00]   [emp_id: 5442] ✓ Updated: 15.15 → 15.32 (CHANGED)
[2026-01-18 07:58:00]   [emp_id: 5445] ✓ Updated: 8.05 → 8.17 (CHANGED)
[2026-01-18 07:58:00]   [emp_id: 5446] ✓ Updated: 8.05 → 8.17 (CHANGED)
[2026-01-18 07:58:00]   [emp_id: 5447] ✓ Updated: 7.99 → 8.11 (CHANGED)
[2026-01-18 07:58:00]   [emp_id: 5448] ✓ Updated: 2.17 → 2.34 (CHANGED)
[2026-01-18 07:58:00]   [emp_id: 5449] ✓ Updated: 6.07 → 6.19 (CHANGED)
[2026-01-18 07:58:00]   [emp_id: 5450] ✓ Updated: 6.01 → 6.13 (CHANGED)
[2026-01-18 07:58:00]   [emp_id: 5451] ✓ Updated: 6.01 → 6.13 (CHANGED)
[2026-01-18 07:58:00]   [emp_id: 5453] ✓ Updated: 5.85 → 5.97 (CHANGED)
[2026-01-18 07:58:00]   [emp_id: 5454] ✓ Updated: 8.23 → 8.4 (CHANGED)
[2026-01-18 07:58:00]   [emp_id: 5455] ✓ Updated: 2.48 → 2.65 (CHANGED)
[2026-01-18 07:58:00]   [emp_id: 5456] ✓ Updated: 7.48 → 7.65 (CHANGED)
[2026-01-18 07:58:00]   [emp_id: 5457] ✓ Updated: 5.1 → 5.22 (CHANGED)
[2026-01-18 07:58:00]   [emp_id: 5460] ✓ Updated: 6.13 → 6.3 (CHANGED)
[2026-01-18 07:58:00]   [emp_id: 5463] ✓ Updated: 5.46 → 5.63 (CHANGED)
[2026-01-18 07:58:00]   [emp_id: 5464] ✓ Updated: 5.46 → 5.63 (CHANGED)
[2026-01-18 07:58:00]   [emp_id: 5466] ✓ Updated: 3.21 → 3.38 (CHANGED)
[2026-01-18 07:58:00]   [emp_id: 5467] ✓ Updated: 2.13 → 2.3 (CHANGED)
[2026-01-18 07:58:00]   [emp_id: 5468] ✓ Updated: 1.08 → 1.25 (CHANGED)
[2026-01-18 07:58:00]   [emp_id: 5469] ✓ Updated: 0.99 → 1.16 (CHANGED)
[2026-01-18 07:58:00]   [emp_id: 5470] ✓ Updated: 0.66 → 0.83 (CHANGED)
[2026-01-18 07:58:00] Report saved to: D:\xampp\htdocs\almutlak\system/cron_logs/last_vacation_update_report.json
[2026-01-18 09:16:52] ========== CRON: Vacation Balance Update Started ==========
