[2026-01-07 08:25:18] ========== CRON: Vacation Balance Update Started ==========
[2026-01-07 08:25:19] Database connection established
[2026-01-07 08:25:19] Found 435 active employees with balance records to update
[2026-01-07 08:25:19] (Only employees with status=1 will be processed)
[2026-01-07 08:25:19]   [emp_id: 1061] ✓ Updated: -13 → 0 (CHANGED)
[2026-01-07 08:25:19]   [emp_id: 1496] ✓ Updated: 16.77 → 16.85 (CHANGED)
[2026-01-07 08:25:19]   [emp_id: 1500] ✓ Updated: 4.45 → 4.53 (CHANGED)
[2026-01-07 08:25:19]   [emp_id: 1574] ✓ Updated: 33.68 → 33.76 (CHANGED)
[2026-01-07 08:25:19]   [emp_id: 1673] ✓ Updated: 45.18 → 45.26 (CHANGED)
[2026-01-07 08:25:19]   [emp_id: 1685] ✓ Updated: 15.1 → 15.18 (CHANGED)
[2026-01-07 08:25:19]   [emp_id: 1764] ✓ Updated: 69.77 → 69.85 (CHANGED)
[2026-01-07 08:25:19]   [emp_id: 1805] ✓ Updated: 64.1 → 64.18 (CHANGED)
[2026-01-07 08:25:19]   [emp_id: 1822] ✓ Updated: 68.85 → 68.93 (CHANGED)
[2026-01-07 08:25:19]   [emp_id: 1837] ✓ Updated: 25.02 → 25.1 (CHANGED)
[2026-01-07 08:25:19]   [emp_id: 1857] ✓ Updated: 20.35 → 20.43 (CHANGED)
[2026-01-07 08:25:19]   [emp_id: 1861] ✓ Updated: 71.18 → 71.26 (CHANGED)
[2026-01-07 08:25:19]   [emp_id: 1872] ✓ Updated: 10.02 → 10.1 (CHANGED)
[2026-01-07 08:25:19]   [emp_id: 1897] ✓ Updated: 5.35 → 5.43 (CHANGED)
[2026-01-07 08:25:19]   [emp_id: 1916] ✓ Updated: 11.65 → 11.73 (CHANGED)
[2026-01-07 08:25:19]   [emp_id: 1928] ✓ Updated: 64.6 → 64.68 (CHANGED)
[2026-01-07 08:25:19]   [emp_id: 1931] ✓ Updated: 84.52 → 84.6 (CHANGED)
[2026-01-07 08:25:19]   [emp_id: 1944] ✓ Updated: 42.68 → 42.76 (CHANGED)
[2026-01-07 08:25:19]   [emp_id: 1996] ✓ Updated: 71.18 → 71.26 (CHANGED)
[2026-01-07 08:25:19]   [emp_id: 1997] ✓ Updated: 36.35 → 36.43 (CHANGED)
[2026-01-07 08:25:19]   [emp_id: 1998] ✓ Updated: 27.79 → 27.87 (CHANGED)
[2026-01-07 08:25:19]   [emp_id: 1999] ✓ Updated: 28.79 → 28.87 (CHANGED)
[2026-01-07 08:25:19]   [emp_id: 2009] ✓ Updated: 35.1 → 35.18 (CHANGED)
[2026-01-07 08:25:19]   [emp_id: 2048] ✓ Updated: 24.93 → 25.01 (CHANGED)
[2026-01-07 08:25:19]   [emp_id: 2057] ✓ Updated: 65.77 → 65.85 (CHANGED)
[2026-01-07 08:25:19]   [emp_id: 2079] ✓ Updated: 48.1 → 48.18 (CHANGED)
[2026-01-07 08:25:19]   [emp_id: 2181] ✓ Updated: 37.1 → 37.18 (CHANGED)
[2026-01-07 08:25:19]   [emp_id: 2190] ✓ Updated: 6.43 → 6.51 (CHANGED)
[2026-01-07 08:25:19]   [emp_id: 2212] ✓ Updated: 24.43 → 24.51 (CHANGED)
[2026-01-07 08:25:19]   [emp_id: 2226] ✓ Updated: 69.18 → 69.26 (CHANGED)
[2026-01-07 08:25:19]   [emp_id: 2238] ✓ Updated: 67.43 → 67.51 (CHANGED)
[2026-01-07 08:25:19]   [emp_id: 2285] ✓ Updated: 36.1 → 36.18 (CHANGED)
[2026-01-07 08:25:19]   [emp_id: 2287] ✓ Updated: 47.77 → 47.85 (CHANGED)
[2026-01-07 08:25:19]   [emp_id: 2288] ✓ Updated: 2.79 → 2.87 (CHANGED)
[2026-01-07 08:25:19]   [emp_id: 2316] ✓ Updated: 16.6 → 16.68 (CHANGED)
[2026-01-07 08:25:19]   [emp_id: 2337] ✓ Updated: 37.68 → 37.76 (CHANGED)
[2026-01-07 08:25:19]   [emp_id: 2352] ✓ Updated: 69.18 → 69.26 (CHANGED)
[2026-01-07 08:25:19]   [emp_id: 2358] ✓ Updated: 5.68 → 5.76 (CHANGED)
[2026-01-07 08:25:19]   [emp_id: 2361] ✓ Updated: 71.35 → 71.43 (CHANGED)
[2026-01-07 08:25:19]   [emp_id: 2363] ✓ Updated: 73.93 → 74.01 (CHANGED)
[2026-01-07 08:25:19]   [emp_id: 2364] ✓ Updated: 73.35 → 73.43 (CHANGED)
[2026-01-07 08:25:19]   [emp_id: 2367] ✓ Updated: 101.02 → 101.1 (CHANGED)
[2026-01-07 08:25:19]   [emp_id: 2368] ✓ Updated: 31.43 → 31.51 (CHANGED)
[2026-01-07 08:25:19]   [emp_id: 2372] ✓ Updated: 68.68 → 68.76 (CHANGED)
[2026-01-07 08:25:20]   [emp_id: 2376] ✓ Updated: 118.68 → 118.76 (CHANGED)
[2026-01-07 08:25:20]   [emp_id: 2423] ✓ Updated: 19.43 → 19.51 (CHANGED)
[2026-01-07 08:25:20]   [emp_id: 2519] ✓ Updated: 113.1 → 113.18 (CHANGED)
[2026-01-07 08:25:20]   [emp_id: 2522] ✓ Updated: 56.68 → 56.76 (CHANGED)
[2026-01-07 08:25:20]   [emp_id: 2530] ✓ Updated: 51.93 → 52.01 (CHANGED)
[2026-01-07 08:25:20]   [emp_id: 2539] ✓ Updated: 48.68 → 48.76 (CHANGED)
[2026-01-07 08:25:20]   [emp_id: 2541] ✓ Updated: 29.27 → 29.35 (CHANGED)
[2026-01-07 08:25:20]   [emp_id: 2550] ✓ Updated: 95.43 → 95.51 (CHANGED)
[2026-01-07 08:25:20]   [emp_id: 2553] ✓ Updated: 32.54 → 32.62 (CHANGED)
[2026-01-07 08:25:20]   [emp_id: 2554] ✓ Updated: 39.02 → 39.1 (CHANGED)
[2026-01-07 08:25:20]   [emp_id: 2565] ✓ Updated: 93.6 → 93.68 (CHANGED)
[2026-01-07 08:25:20]   [emp_id: 2572] ✓ Updated: 43.6 → 43.68 (CHANGED)
[2026-01-07 08:25:20]   [emp_id: 2637] ✓ Updated: 64.18 → 64.26 (CHANGED)
[2026-01-07 08:25:20]   [emp_id: 2642] ✓ Updated: 76.93 → 77.01 (CHANGED)
[2026-01-07 08:25:20]   [emp_id: 2645] ✓ Updated: 92.93 → 93.01 (CHANGED)
[2026-01-07 08:25:20]   [emp_id: 2648] ✓ Updated: 44.6 → 44.68 (CHANGED)
[2026-01-07 08:25:20]   [emp_id: 2654] ✓ Updated: 87.27 → 87.35 (CHANGED)
[2026-01-07 08:25:20]   [emp_id: 2688] ✓ Updated: 25.35 → 25.43 (CHANGED)
[2026-01-07 08:25:20]   [emp_id: 2690] ✓ Updated: 14.1 → 14.18 (CHANGED)
[2026-01-07 08:25:20]   [emp_id: 2709] ✓ Updated: 36.35 → 36.43 (CHANGED)
[2026-01-07 08:25:20]   [emp_id: 2745] ✓ Updated: 32.93 → 33.01 (CHANGED)
[2026-01-07 08:25:20]   [emp_id: 2843] ✓ Updated: 79.52 → 79.6 (CHANGED)
[2026-01-07 08:25:20]   [emp_id: 2854] ✓ Updated: 59.43 → 59.51 (CHANGED)
[2026-01-07 08:25:20]   [emp_id: 2869] ✓ Updated: 3.35 → 3.43 (CHANGED)
[2026-01-07 08:25:20]   [emp_id: 2876] ✓ Updated: 34.18 → 34.26 (CHANGED)
[2026-01-07 08:25:20]   [emp_id: 2924] ✓ Updated: 15.35 → 15.43 (CHANGED)
[2026-01-07 08:25:20]   [emp_id: 2953] ✓ Updated: 101.1 → 101.18 (CHANGED)
[2026-01-07 08:25:20]   [emp_id: 2961] ✓ Updated: 11.1 → 11.18 (CHANGED)
[2026-01-07 08:25:20]   [emp_id: 2975] ✓ Updated: 0.78 → 0.86 (CHANGED)
[2026-01-07 08:25:20]   [emp_id: 3013] ✓ Updated: 10.1 → 10.18 (CHANGED)
[2026-01-07 08:25:20]   [emp_id: 3014] ✓ Updated: 89.35 → 89.43 (CHANGED)
[2026-01-07 08:25:20]   [emp_id: 3015] ✓ Updated: 0.6 → 0.68 (CHANGED)
[2026-01-07 08:25:20]   [emp_id: 3018] ✓ Updated: 59.35 → 59.43 (CHANGED)
[2026-01-07 08:25:20]   [emp_id: 3025] ✓ Updated: 23.12 → 23.2 (CHANGED)
[2026-01-07 08:25:20]   [emp_id: 3037] ✓ Updated: 82.85 → 82.93 (CHANGED)
[2026-01-07 08:25:20]   [emp_id: 3047] ✓ Updated: 71.1 → 71.18 (CHANGED)
[2026-01-07 08:25:20]   [emp_id: 3061] ✓ Updated: 18.02 → 18.1 (CHANGED)
[2026-01-07 08:25:20]   [emp_id: 3062] ✓ Updated: 51.18 → 51.26 (CHANGED)
[2026-01-07 08:25:20]   [emp_id: 3074] ✓ Updated: 107.6 → 107.68 (CHANGED)
[2026-01-07 08:25:20]   [emp_id: 3089] ✓ Updated: 6.52 → 6.6 (CHANGED)
[2026-01-07 08:25:20]   [emp_id: 3090] ✓ Updated: 33.1 → 33.18 (CHANGED)
[2026-01-07 08:25:21]   [emp_id: 3091] ✓ Updated: 45.1 → 45.18 (CHANGED)
[2026-01-07 08:25:21]   [emp_id: 3092] ✓ Updated: 27.77 → 27.85 (CHANGED)
[2026-01-07 08:25:21]   [emp_id: 3105] ✓ Updated: 48.1 → 48.18 (CHANGED)
[2026-01-07 08:25:21]   [emp_id: 3134] ✓ Updated: 43.85 → 43.93 (CHANGED)
[2026-01-07 08:25:21]   [emp_id: 3140] ✓ Updated: 40.93 → 41.01 (CHANGED)
[2026-01-07 08:25:21]   [emp_id: 3144] ✓ Updated: 13.77 → 13.85 (CHANGED)
[2026-01-07 08:25:21]   [emp_id: 3156] ✓ Updated: 17.1 → 17.18 (CHANGED)
[2026-01-07 08:25:21]   [emp_id: 3162] ✓ Updated: 2.08 → 2.16 (CHANGED)
[2026-01-07 08:25:21]   [emp_id: 3163] ✓ Updated: 5.35 → 5.43 (CHANGED)
[2026-01-07 08:25:21]   [emp_id: 3198] ✓ Updated: 40.35 → 40.43 (CHANGED)
[2026-01-07 08:25:21]   [emp_id: 3205] ✓ Updated: 17.02 → 17.1 (CHANGED)
[2026-01-07 08:25:21]   [emp_id: 3209] ✓ Updated: 41.18 → 41.26 (CHANGED)
[2026-01-07 08:25:21]   [emp_id: 3223] ✓ Updated: 90.1 → 90.18 (CHANGED)
[2026-01-07 08:25:21]   [emp_id: 3224] ✓ Updated: 64.85 → 64.93 (CHANGED)
[2026-01-07 08:25:21]   [emp_id: 3230] ✓ Updated: 88.27 → 88.35 (CHANGED)
[2026-01-07 08:25:21]   [emp_id: 3231] ✓ Updated: 0.64 → 0.72 (CHANGED)
[2026-01-07 08:25:21]   [emp_id: 3233] ✓ Updated: 81.1 → 81.18 (CHANGED)
[2026-01-07 08:25:21]   [emp_id: 3249] ✓ Updated: 36.93 → 37.01 (CHANGED)
[2026-01-07 08:25:21]   [emp_id: 3250] ✓ Updated: 9.93 → 10.01 (CHANGED)
[2026-01-07 08:25:21]   [emp_id: 3252] ✓ Updated: 10.85 → 10.93 (CHANGED)
[2026-01-07 08:25:21]   [emp_id: 3254] ✓ Updated: 21.35 → 21.43 (CHANGED)
[2026-01-07 08:25:21]   [emp_id: 3255] ✓ Updated: 17.77 → 17.85 (CHANGED)
[2026-01-07 08:25:21]   [emp_id: 3256] ✓ Updated: 14.02 → 14.1 (CHANGED)
[2026-01-07 08:25:21]   [emp_id: 3263] ✓ Updated: 30.1 → 30.18 (CHANGED)
[2026-01-07 08:25:21]   [emp_id: 3265] ✓ Updated: 25.68 → 25.76 (CHANGED)
[2026-01-07 08:25:21]   [emp_id: 3280] ✓ Updated: 72.6 → 72.68 (CHANGED)
[2026-01-07 08:25:21]   [emp_id: 3286] ✓ Updated: 15.77 → 15.85 (CHANGED)
[2026-01-07 08:25:21]   [emp_id: 3294] ✓ Updated: 15.43 → 15.51 (CHANGED)
[2026-01-07 08:25:21]   [emp_id: 3321] ✓ Updated: 72.6 → 72.68 (CHANGED)
[2026-01-07 08:25:21]   [emp_id: 3325] ✓ Updated: 60.35 → 60.43 (CHANGED)
[2026-01-07 08:25:21]   [emp_id: 3329] ✓ Updated: 62.68 → 62.76 (CHANGED)
[2026-01-07 08:25:21]   [emp_id: 3330] ✓ Updated: 62.68 → 62.76 (CHANGED)
[2026-01-07 08:25:21]   [emp_id: 3332] ✓ Updated: 62.68 → 62.76 (CHANGED)
[2026-01-07 08:25:21]   [emp_id: 3370] ✓ Updated: 54.35 → 54.43 (CHANGED)
[2026-01-07 08:25:21]   [emp_id: 3384] ✓ Updated: 14.85 → 14.93 (CHANGED)
[2026-01-07 08:25:21]   [emp_id: 3386] ✓ Updated: 44.85 → 44.93 (CHANGED)
[2026-01-07 08:25:21]   [emp_id: 3431] ✓ Updated: 19.27 → 19.35 (CHANGED)
[2026-01-07 08:25:21]   [emp_id: 3497] ✓ Updated: 9.43 → 9.51 (CHANGED)
[2026-01-07 08:25:21]   [emp_id: 3532] ✓ Updated: 46.27 → 46.35 (CHANGED)
[2026-01-07 08:25:21]   [emp_id: 3586] ✓ Updated: 10.35 → 10.43 (CHANGED)
[2026-01-07 08:25:21]   [emp_id: 3602] ✓ Updated: 1.84 → 1.92 (CHANGED)
[2026-01-07 08:25:21]   [emp_id: 3618] ✓ Updated: 23.82 → 23.9 (CHANGED)
[2026-01-07 08:25:21]   [emp_id: 3622] ✓ Updated: 34.71 → 34.77 (CHANGED)
[2026-01-07 08:25:22]   [emp_id: 3627] ✓ Updated: 9.77 → 9.85 (CHANGED)
[2026-01-07 08:25:22]   [emp_id: 3665] ✓ Updated: 51.35 → 51.43 (CHANGED)
[2026-01-07 08:25:22]   [emp_id: 3705] ✓ Updated: 28.04 → 28.1 (CHANGED)
[2026-01-07 08:25:22]   [emp_id: 3724] ✓ Updated: 44.35 → 44.43 (CHANGED)
[2026-01-07 08:25:22]   [emp_id: 3726] ✓ Updated: 60.77 → 60.85 (CHANGED)
[2026-01-07 08:25:22]   [emp_id: 3727] ✓ Updated: 65.85 → 65.93 (CHANGED)
[2026-01-07 08:25:22]   [emp_id: 3728] ✓ Updated: 10.18 → 10.26 (CHANGED)
[2026-01-07 08:25:22]   [emp_id: 3767] ✓ Updated: 0.93 → 1.01 (CHANGED)
[2026-01-07 08:25:22]   [emp_id: 3768] ✓ Updated: 57.18 → 57.26 (CHANGED)
[2026-01-07 08:25:22]   [emp_id: 3787] ✓ Updated: 57.77 → 57.85 (CHANGED)
[2026-01-07 08:25:22]   [emp_id: 3790] ✓ Updated: 2.32 → 2.4 (CHANGED)
[2026-01-07 08:25:22]   [emp_id: 3795] ✓ Updated: 15.27 → 15.35 (CHANGED)
[2026-01-07 08:25:22]   [emp_id: 3798] ✓ Updated: 93.68 → 93.76 (CHANGED)
[2026-01-07 08:25:22]   [emp_id: 3801] ✓ Updated: 1.95 → 2.03 (CHANGED)
[2026-01-07 08:25:22]   [emp_id: 3802] ✓ Updated: 30.93 → 31.01 (CHANGED)
[2026-01-07 08:25:22]   [emp_id: 3803] ✓ Updated: 115.35 → 115.43 (CHANGED)
[2026-01-07 08:25:22]   [emp_id: 3810] ✓ Updated: 121.35 → 121.43 (CHANGED)
[2026-01-07 08:25:22]   [emp_id: 3812] ✓ Updated: 90.35 → 90.43 (CHANGED)
[2026-01-07 08:25:22]   [emp_id: 3815] ✓ Updated: 90.35 → 90.43 (CHANGED)
[2026-01-07 08:25:22]   [emp_id: 3836] ✓ Updated: 58.02 → 58.1 (CHANGED)
[2026-01-07 08:25:22]   [emp_id: 3855] ✓ Updated: 51.18 → 51.26 (CHANGED)
[2026-01-07 08:25:22]   [emp_id: 3857] ✓ Updated: 54.85 → 54.93 (CHANGED)
[2026-01-07 08:25:22]   [emp_id: 3862] ✓ Updated: 102.93 → 103.01 (CHANGED)
[2026-01-07 08:25:22]   [emp_id: 3866] ✓ Updated: 28.18 → 28.26 (CHANGED)
[2026-01-07 08:25:22]   [emp_id: 3876] ✓ Updated: 24.35 → 24.43 (CHANGED)
[2026-01-07 08:25:22]   [emp_id: 3877] ✓ Updated: 49.85 → 49.93 (CHANGED)
[2026-01-07 08:25:22]   [emp_id: 3897] ✓ Updated: 38.1 → 38.18 (CHANGED)
[2026-01-07 08:25:22]   [emp_id: 3899] ✓ Updated: -10.63 → 0 (CHANGED)
[2026-01-07 08:25:22]   [emp_id: 3928] ✓ Updated: 14.18 → 14.26 (CHANGED)
[2026-01-07 08:25:22]   [emp_id: 3929] ✓ Updated: 9.18 → 9.26 (CHANGED)
[2026-01-07 08:25:22]   [emp_id: 3935] ✓ Updated: 94.18 → 94.26 (CHANGED)
[2026-01-07 08:25:22]   [emp_id: 3952] ✓ Updated: 75.52 → 75.6 (CHANGED)
[2026-01-07 08:25:22]   [emp_id: 3987] ✓ Updated: 14.43 → 14.51 (CHANGED)
[2026-01-07 08:25:22]   [emp_id: 4059] ✓ Updated: 3.63 → 3.71 (CHANGED)
[2026-01-07 08:25:22]   [emp_id: 4119] ✓ Updated: 57.1 → 57.18 (CHANGED)
[2026-01-07 08:25:22]   [emp_id: 4120] ✓ Updated: 26.68 → 26.76 (CHANGED)
[2026-01-07 08:25:22]   [emp_id: 4124] ✓ Updated: 27.2 → 27.28 (CHANGED)
[2026-01-07 08:25:22]   [emp_id: 4133] ✓ Updated: 105.68 → 105.76 (CHANGED)
[2026-01-07 08:25:22]   [emp_id: 4134] ✓ Updated: 26.68 → 26.76 (CHANGED)
[2026-01-07 08:25:22]   [emp_id: 4136] ✓ Updated: 26.68 → 26.76 (CHANGED)
[2026-01-07 08:25:22]   [emp_id: 4150] ✓ Updated: 25.35 → 25.43 (CHANGED)
[2026-01-07 08:25:22]   [emp_id: 4157] ✓ Updated: 18.85 → 18.93 (CHANGED)
[2026-01-07 08:25:22]   [emp_id: 4172] ✓ Updated: 12.62 → 12.68 (CHANGED)
[2026-01-07 08:25:22]   [emp_id: 4195] ✓ Updated: 62.43 → 62.51 (CHANGED)
[2026-01-07 08:25:22]   [emp_id: 4215] ✓ Updated: 45.1 → 45.18 (CHANGED)
[2026-01-07 08:25:22]   [emp_id: 4220] ✓ Updated: 40.68 → 40.76 (CHANGED)
[2026-01-07 08:25:22]   [emp_id: 4273] ✓ Updated: 9.35 → 9.43 (CHANGED)
[2026-01-07 08:25:22]   [emp_id: 4283] ✓ Updated: 13.71 → 13.77 (CHANGED)
[2026-01-07 08:25:23]   [emp_id: 4288] ✓ Updated: -28.4 → 0 (CHANGED)
[2026-01-07 08:25:23]   [emp_id: 4315] ✓ Updated: 12.6 → 12.68 (CHANGED)
[2026-01-07 08:25:23]   [emp_id: 4328] ✓ Updated: 42.54 → 42.6 (CHANGED)
[2026-01-07 08:25:23]   [emp_id: 4329] ✓ Updated: 5.77 → 5.85 (CHANGED)
[2026-01-07 08:25:23]   [emp_id: 4338] ✓ Updated: 47.35 → 47.43 (CHANGED)
[2026-01-07 08:25:23]   [emp_id: 4340] ✓ Updated: 126.35 → 126.43 (CHANGED)
[2026-01-07 08:25:23]   [emp_id: 4365] ✓ Updated: 60.77 → 60.85 (CHANGED)
[2026-01-07 08:25:23]   [emp_id: 4366] ✓ Updated: 59.85 → 59.93 (CHANGED)
[2026-01-07 08:25:23]   [emp_id: 4403] ✓ Updated: 85.68 → 85.76 (CHANGED)
[2026-01-07 08:25:23]   [emp_id: 4438] ✓ Updated: 21.35 → 21.43 (CHANGED)
[2026-01-07 08:25:23]   [emp_id: 4465] ✓ Updated: 12.87 → 12.93 (CHANGED)
[2026-01-07 08:25:23]   [emp_id: 4473] ✓ Updated: 44.93 → 45.01 (CHANGED)
[2026-01-07 08:25:23]   [emp_id: 4474] ✓ Updated: 3.38 → 3.44 (CHANGED)
[2026-01-07 08:25:23]   [emp_id: 4493] ✓ Updated: 163.77 → 163.85 (CHANGED)
[2026-01-07 08:25:23]   [emp_id: 4526] ✓ Updated: 36.02 → 36.1 (CHANGED)
[2026-01-07 08:25:23]   [emp_id: 4528] ✓ Updated: 107.77 → 107.85 (CHANGED)
[2026-01-07 08:25:23]   [emp_id: 4528] ✓ Updated: 107.77 → 107.85 (CHANGED)
[2026-01-07 08:25:23]   [emp_id: 4532] ✓ Updated: 7.99 → 8.05 (CHANGED)
[2026-01-07 08:25:23]   [emp_id: 4533] ✓ Updated: 36.18 → 36.26 (CHANGED)
[2026-01-07 08:25:23]   [emp_id: 4564] ✓ Updated: 25.62 → 25.68 (CHANGED)
[2026-01-07 08:25:23]   [emp_id: 4565] ✓ Updated: 15.37 → 15.43 (CHANGED)
[2026-01-07 08:25:23]   [emp_id: 4567] ✓ Updated: 19.62 → 19.68 (CHANGED)
[2026-01-07 08:25:23]   [emp_id: 4572] ✓ Updated: 59.12 → 59.18 (CHANGED)
[2026-01-07 08:25:23]   [emp_id: 4631] ✓ Updated: 15.37 → 15.43 (CHANGED)
[2026-01-07 08:25:23]   [emp_id: 4655] ✓ Updated: 25.1 → 25.18 (CHANGED)
[2026-01-07 08:25:23]   [emp_id: 4689] ✓ Updated: 2.87 → 2.95 (CHANGED)
[2026-01-07 08:25:23]   [emp_id: 4709] ✓ Updated: 40.35 → 40.43 (CHANGED)
[2026-01-07 08:25:23]   [emp_id: 4717] ✓ Updated: 66.35 → 66.43 (CHANGED)
[2026-01-07 08:25:23]   [emp_id: 4736] ✓ Updated: 28.18 → 28.26 (CHANGED)
[2026-01-07 08:25:23]   [emp_id: 4756] ✓ Updated: 11.81 → 11.87 (CHANGED)
[2026-01-07 08:25:23]   [emp_id: 4768] ✓ Updated: 12.85 → 12.93 (CHANGED)
[2026-01-07 08:25:23]   [emp_id: 4780] ✓ Updated: 65.54 → 65.6 (CHANGED)
[2026-01-07 08:25:23]   [emp_id: 4820] ✓ Updated: 99.18 → 99.26 (CHANGED)
[2026-01-07 08:25:23]   [emp_id: 4825] ✓ Updated: 30.93 → 31.01 (CHANGED)
[2026-01-07 08:25:23]   [emp_id: 4835] ✓ Updated: 48.29 → 48.35 (CHANGED)
[2026-01-07 08:25:23]   [emp_id: 4837] ✓ Updated: 45.53 → 45.59 (CHANGED)
[2026-01-07 08:25:23]   [emp_id: 4838] ✓ Updated: 44.55 → 44.61 (CHANGED)
[2026-01-07 08:25:23]   [emp_id: 4840] ✓ Updated: 45.53 → 45.59 (CHANGED)
[2026-01-07 08:25:23]   [emp_id: 4842] ✓ Updated: 44.77 → 44.83 (CHANGED)
[2026-01-07 08:25:23]   [emp_id: 4843] ✓ Updated: 45.3 → 45.36 (CHANGED)
[2026-01-07 08:25:23]   [emp_id: 4853] ✓ Updated: 89.12 → 89.18 (CHANGED)
[2026-01-07 08:25:23]   [emp_id: 4856] ✓ Updated: 42.44 → 42.5 (CHANGED)
[2026-01-07 08:25:23]   [emp_id: 4857] ✓ Updated: 25.26 → 25.32 (CHANGED)
[2026-01-07 08:25:23]   [emp_id: 4858] ✓ Updated: 22.14 → 22.2 (CHANGED)
[2026-01-07 08:25:23]   [emp_id: 4859] ✓ Updated: 43.61 → 43.67 (CHANGED)
[2026-01-07 08:25:23]   [emp_id: 4860] ✓ Updated: 8.11 → 8.17 (CHANGED)
[2026-01-07 08:25:23]   [emp_id: 4861] ✓ Updated: 41.57 → 41.63 (CHANGED)
[2026-01-07 08:25:23]   [emp_id: 4869] ✓ Updated: 84.45 → 84.51 (CHANGED)
[2026-01-07 08:25:23]   [emp_id: 4894] ✓ Updated: 7.85 → 7.93 (CHANGED)
[2026-01-07 08:25:23]   [emp_id: 4897] ✓ Updated: 23.35 → 23.41 (CHANGED)
[2026-01-07 08:25:23]   [emp_id: 4899] ✓ Updated: 19.52 → 19.58 (CHANGED)
[2026-01-07 08:25:24]   [emp_id: 4902] ✓ Updated: 18.94 → 19 (CHANGED)
[2026-01-07 08:25:24]   [emp_id: 4903] ✓ Updated: 21.16 → 21.22 (CHANGED)
[2026-01-07 08:25:24]   [emp_id: 4905] ✓ Updated: 19.82 → 19.88 (CHANGED)
[2026-01-07 08:25:24]   [emp_id: 4907] ✓ Updated: 47.93 → 48.01 (CHANGED)
[2026-01-07 08:25:24]   [emp_id: 4917] ✓ Updated: 16.78 → 16.84 (CHANGED)
[2026-01-07 08:25:24]   [emp_id: 4918] ✓ Updated: 6.55 → 6.61 (CHANGED)
[2026-01-07 08:25:24]   [emp_id: 4919] ✓ Updated: 58.84 → 58.9 (CHANGED)
[2026-01-07 08:25:24]   [emp_id: 4920] ✓ Updated: 5.92 → 5.98 (CHANGED)
[2026-01-07 08:25:24]   [emp_id: 4921] ✓ Updated: 18.01 → 18.07 (CHANGED)
[2026-01-07 08:25:24]   [emp_id: 4927] ✓ Updated: 16.84 → 16.9 (CHANGED)
[2026-01-07 08:25:24]   [emp_id: 4929] ✓ Updated: 18.36 → 18.42 (CHANGED)
[2026-01-07 08:25:24]   [emp_id: 4930] ✓ Updated: 59.13 → 59.19 (CHANGED)
[2026-01-07 08:25:24]   [emp_id: 4932] ✓ Updated: 17.13 → 17.19 (CHANGED)
[2026-01-07 08:25:24]   [emp_id: 4933] ✓ Updated: 20.54 → 20.6 (CHANGED)
[2026-01-07 08:25:24]   [emp_id: 4949] ✓ Updated: 23.97 → 24.03 (CHANGED)
[2026-01-07 08:25:24]   [emp_id: 4956] ✓ Updated: 29.56 → 29.62 (CHANGED)
[2026-01-07 08:25:24]   [emp_id: 4957] ✓ Updated: 25.23 → 25.29 (CHANGED)
[2026-01-07 08:25:24]   [emp_id: 4962] ✓ Updated: 47.29 → 47.37 (CHANGED)
[2026-01-07 08:25:24]   [emp_id: 4969] ✓ Updated: 46.6 → 46.68 (CHANGED)
[2026-01-07 08:25:24]   [emp_id: 4976] ✓ Updated: 10.25 → 10.31 (CHANGED)
[2026-01-07 08:25:24]   [emp_id: 4984] ✓ Updated: 37.85 → 37.93 (CHANGED)
[2026-01-07 08:25:24]   [emp_id: 4995] ✓ Updated: 49.92 → 50 (CHANGED)
[2026-01-07 08:25:24]   [emp_id: 5004] ✓ Updated: 27.19 → 27.25 (CHANGED)
[2026-01-07 08:25:24]   [emp_id: 5006] ✓ Updated: 26.93 → 26.99 (CHANGED)
[2026-01-07 08:25:24]   [emp_id: 5011] ✓ Updated: 5.7 → 5.78 (CHANGED)
[2026-01-07 08:25:24]   [emp_id: 5013] ✓ Updated: 67.3 → 67.36 (CHANGED)
[2026-01-07 08:25:24]   [emp_id: 5018] ✓ Updated: 3.79 → 3.85 (CHANGED)
[2026-01-07 08:25:24]   [emp_id: 5021] ✓ Updated: 60.95 → 61.03 (CHANGED)
[2026-01-07 08:25:24]   [emp_id: 5024] ✓ Updated: 1.81 → 1.87 (CHANGED)
[2026-01-07 08:25:24]   [emp_id: 5030] ✓ Updated: 31.76 → 31.82 (CHANGED)
[2026-01-07 08:25:24]   [emp_id: 5033] ✓ Updated: 10.56 → 10.62 (CHANGED)
[2026-01-07 08:25:24]   [emp_id: 5043] ✓ Updated: 30.52 → 30.6 (CHANGED)
[2026-01-07 08:25:24]   [emp_id: 5045] ✓ Updated: 27.02 → 27.1 (CHANGED)
[2026-01-07 08:25:24]   [emp_id: 5046] ✓ Updated: 22.21 → 22.29 (CHANGED)
[2026-01-07 08:25:24]   [emp_id: 5049] ✓ Updated: 39.24 → 39.3 (CHANGED)
[2026-01-07 08:25:24]   [emp_id: 5052] ✓ Updated: 30.52 → 30.58 (CHANGED)
[2026-01-07 08:25:24]   [emp_id: 5055] ✓ Updated: 18.96 → 19.02 (CHANGED)
[2026-01-07 08:25:24]   [emp_id: 5058] ✓ Updated: 27.94 → 28 (CHANGED)
[2026-01-07 08:25:24]   [emp_id: 5062] ✓ Updated: 39.77 → 39.83 (CHANGED)
[2026-01-07 08:25:24]   [emp_id: 5064] ✓ Updated: 117.85 → 117.93 (CHANGED)
[2026-01-07 08:25:24]   [emp_id: 5065] ✓ Updated: 39.18 → 39.24 (CHANGED)
[2026-01-07 08:25:24]   [emp_id: 5071] ✓ Updated: 23.35 → 23.43 (CHANGED)
[2026-01-07 08:25:24]   [emp_id: 5073] ✓ Updated: 13.78 → 13.84 (CHANGED)
[2026-01-07 08:25:24]   [emp_id: 5079] ✓ Updated: 34.34 → 34.4 (CHANGED)
[2026-01-07 08:25:24]   [emp_id: 5080] ✓ Updated: 27.67 → 27.73 (CHANGED)
[2026-01-07 08:25:24]   [emp_id: 5081] ✓ Updated: 15.93 → 15.99 (CHANGED)
[2026-01-07 08:25:24]   [emp_id: 5087] ✓ Updated: 35.97 → 36.03 (CHANGED)
[2026-01-07 08:25:24]   [emp_id: 5091] ✓ Updated: 75.82 → 75.88 (CHANGED)
[2026-01-07 08:25:24]   [emp_id: 5093] ✓ Updated: 14.52 → 14.6 (CHANGED)
[2026-01-07 08:25:24]   [emp_id: 5095] ✓ Updated: 1.36 → 1.42 (CHANGED)
[2026-01-07 08:25:24]   [emp_id: 5101] ✓ Updated: 16.6 → 16.68 (CHANGED)
[2026-01-07 08:25:24]   [emp_id: 5107] ✓ Updated: 14.93 → 15.01 (CHANGED)
[2026-01-07 08:25:24]   [emp_id: 5109] ✓ Updated: 12.18 → 12.26 (CHANGED)
[2026-01-07 08:25:25]   [emp_id: 5119] ✓ Updated: 10.35 → 10.43 (CHANGED)
[2026-01-07 08:25:25]   [emp_id: 5122] ✓ Updated: 7.52 → 7.6 (CHANGED)
[2026-01-07 08:25:25]   [emp_id: 5126] ✓ Updated: 26.7 → 26.76 (CHANGED)
[2026-01-07 08:25:25]   [emp_id: 5127] ✓ Updated: 23.49 → 23.55 (CHANGED)
[2026-01-07 08:25:25]   [emp_id: 5128] ✓ Updated: 26.64 → 26.7 (CHANGED)
[2026-01-07 08:25:25]   [emp_id: 5138] ✓ Updated: 50.18 → 50.26 (CHANGED)
[2026-01-07 08:25:25]   [emp_id: 5138] ✓ Updated: 50.18 → 50.26 (CHANGED)
[2026-01-07 08:25:25]   [emp_id: 5141] ✓ Updated: 35.01 → 35.07 (CHANGED)
[2026-01-07 08:25:25]   [emp_id: 5142] ✓ Updated: 14.01 → 14.07 (CHANGED)
[2026-01-07 08:25:25]   [emp_id: 5146] ✓ Updated: 21.01 → 21.07 (CHANGED)
[2026-01-07 08:25:25]   [emp_id: 5147] ✓ Updated: 20.01 → 20.07 (CHANGED)
[2026-01-07 08:25:25]   [emp_id: 5148] ✓ Updated: 25.36 → 25.42 (CHANGED)
[2026-01-07 08:25:25]   [emp_id: 5149] ✓ Updated: 24.25 → 24.31 (CHANGED)
[2026-01-07 08:25:25]   [emp_id: 5150] ✓ Updated: 23.61 → 23.67 (CHANGED)
[2026-01-07 08:25:25]   [emp_id: 5151] ✓ Updated: 23.43 → 23.49 (CHANGED)
[2026-01-07 08:25:25]   [emp_id: 5152] ✓ Updated: 3.85 → 3.91 (CHANGED)
[2026-01-07 08:25:25]   [emp_id: 5157] ✓ Updated: 23.43 → 23.49 (CHANGED)
[2026-01-07 08:25:25]   [emp_id: 5160] ✓ Updated: 23.43 → 23.49 (CHANGED)
[2026-01-07 08:25:25]   [emp_id: 5163] ✓ Updated: 21.22 → 21.28 (CHANGED)
[2026-01-07 08:25:25]   [emp_id: 5165] ✓ Updated: 1.62 → 1.7 (CHANGED)
[2026-01-07 08:25:25]   [emp_id: 5167] ✓ Updated: 30.37 → 30.43 (CHANGED)
[2026-01-07 08:25:25]   [emp_id: 5168] ✓ Updated: 22.91 → 22.97 (CHANGED)
[2026-01-07 08:25:25]   [emp_id: 5173] ✓ Updated: 25.27 → 25.35 (CHANGED)
[2026-01-07 08:25:25]   [emp_id: 5174] ✓ Updated: 23.37 → 23.43 (CHANGED)
[2026-01-07 08:25:25]   [emp_id: 5181] ✓ Updated: 19.76 → 19.82 (CHANGED)
[2026-01-07 08:25:25]   [emp_id: 5186] ✓ Updated: 25.29 → 25.35 (CHANGED)
[2026-01-07 08:25:25]   [emp_id: 5187] ✓ Updated: 36.29 → 36.35 (CHANGED)
[2026-01-07 08:25:25]   [emp_id: 5204] ✓ Updated: 22.77 → 22.85 (CHANGED)
[2026-01-07 08:25:25]   [emp_id: 5205] ✓ Updated: 12.5 → 12.56 (CHANGED)
[2026-01-07 08:25:25]   [emp_id: 5209] ✓ Updated: 15.5 → 15.56 (CHANGED)
[2026-01-07 08:25:25]   [emp_id: 5213] ✓ Updated: 2.91 → 2.97 (CHANGED)
[2026-01-07 08:25:25]   [emp_id: 5214] ✓ Updated: 1.75 → 1.81 (CHANGED)
[2026-01-07 08:25:25]   [emp_id: 5215] ✓ Updated: 10.5 → 10.56 (CHANGED)
[2026-01-07 08:25:25]   [emp_id: 5217] ✓ Updated: 9.5 → 9.56 (CHANGED)
[2026-01-07 08:25:25]   [emp_id: 5219] ✓ Updated: 13.5 → 13.56 (CHANGED)
[2026-01-07 08:25:25]   [emp_id: 5221] ✓ Updated: 0.12 → 0.18 (CHANGED)
[2026-01-07 08:25:25]   [emp_id: 5224] ✓ Updated: 14.5 → 14.56 (CHANGED)
[2026-01-07 08:25:25]   [emp_id: 5225] ✓ Updated: 2.81 → 2.87 (CHANGED)
[2026-01-07 08:25:25]   [emp_id: 5228] ✓ Updated: 9.5 → 9.56 (CHANGED)
[2026-01-07 08:25:25]   [emp_id: 5229] ✓ Updated: 5.5 → 5.56 (CHANGED)
[2026-01-07 08:25:25]   [emp_id: 5230] ✓ Updated: 14.17 → 14.23 (CHANGED)
[2026-01-07 08:25:25]   [emp_id: 5231] ✓ Updated: 6.5 → 6.56 (CHANGED)
[2026-01-07 08:25:25]   [emp_id: 5232] ✓ Updated: 0.5 → 0.56 (CHANGED)
[2026-01-07 08:25:25]   [emp_id: 5233] ✓ Updated: 4.5 → 4.56 (CHANGED)
[2026-01-07 08:25:25]   [emp_id: 5234] ✓ Updated: 4.5 → 4.56 (CHANGED)
[2026-01-07 08:25:25]   [emp_id: 5235] ✓ Updated: -3.88 → 0 (CHANGED)
[2026-01-07 08:25:25]   [emp_id: 5237] ✓ Updated: 10.75 → 10.81 (CHANGED)
[2026-01-07 08:25:25]   [emp_id: 5239] ✓ Updated: 7.5 → 7.56 (CHANGED)
[2026-01-07 08:25:25]   [emp_id: 5241] ✓ Updated: 5.5 → 5.56 (CHANGED)
[2026-01-07 08:25:25]   [emp_id: 5242] ✓ Updated: 15.5 → 15.56 (CHANGED)
[2026-01-07 08:25:25]   [emp_id: 5243] ✓ Updated: 1.91 → 1.97 (CHANGED)
[2026-01-07 08:25:25]   [emp_id: 5244] ✓ Updated: -1.94 → 0 (CHANGED)
[2026-01-07 08:25:25]   [emp_id: 5246] ✓ Updated: 11.5 → 11.56 (CHANGED)
[2026-01-07 08:25:25]   [emp_id: 5253] ✓ Updated: 24.37 → 24.43 (CHANGED)
[2026-01-07 08:25:26]   [emp_id: 5254] ✓ Updated: 12.35 → 12.41 (CHANGED)
[2026-01-07 08:25:26]   [emp_id: 5257] ✓ Updated: 12.06 → 12.12 (CHANGED)
[2026-01-07 08:25:26]   [emp_id: 5259] ✓ Updated: 48.59 → 48.65 (CHANGED)
[2026-01-07 08:25:26]   [emp_id: 5261] ✓ Updated: 16.37 → 16.45 (CHANGED)
[2026-01-07 08:25:26]   [emp_id: 5264] ✓ Updated: 14.07 → 14.13 (CHANGED)
[2026-01-07 08:25:26]   [emp_id: 5266] ✓ Updated: 20.69 → 20.75 (CHANGED)
[2026-01-07 08:25:26]   [emp_id: 5268] ✓ Updated: 9.26 → 9.32 (CHANGED)
[2026-01-07 08:25:26]   [emp_id: 5271] ✓ Updated: 7.92 → 7.98 (CHANGED)
[2026-01-07 08:25:26]   [emp_id: 5272] ✓ Updated: 8.79 → 8.85 (CHANGED)
[2026-01-07 08:25:26]   [emp_id: 5273] ✓ Updated: 23.86 → 23.92 (CHANGED)
[2026-01-07 08:25:26]   [emp_id: 5275] ✓ Updated: 9.61 → 9.67 (CHANGED)
[2026-01-07 08:25:26]   [emp_id: 5276] ✓ Updated: 23.88 → 23.94 (CHANGED)
[2026-01-07 08:25:26]   [emp_id: 5278] ✓ Updated: 8.27 → 8.33 (CHANGED)
[2026-01-07 08:25:26]   [emp_id: 5280] ✓ Updated: 18.67 → 18.73 (CHANGED)
[2026-01-07 08:25:26]   [emp_id: 5282] ✓ Updated: 11.85 → 11.93 (CHANGED)
[2026-01-07 08:25:26]   [emp_id: 5285] ✓ Updated: 28.67 → 28.73 (CHANGED)
[2026-01-07 08:25:26]   [emp_id: 5286] ✓ Updated: 15.67 → 15.73 (CHANGED)
[2026-01-07 08:25:26]   [emp_id: 5287] ✓ Updated: 49.97 → 50.03 (CHANGED)
[2026-01-07 08:25:26]   [emp_id: 5288] ✓ Updated: 7.24 → 7.3 (CHANGED)
[2026-01-07 08:25:26]   [emp_id: 5289] ✓ Updated: 48.52 → 48.58 (CHANGED)
[2026-01-07 08:25:26]   [emp_id: 5290] ✓ Updated: 47.29 → 47.35 (CHANGED)
[2026-01-07 08:25:26]   [emp_id: 5291] ✓ Updated: 5.29 → 5.35 (CHANGED)
[2026-01-07 08:25:26]   [emp_id: 5292] ✓ Updated: 5.23 → 5.29 (CHANGED)
[2026-01-07 08:25:26]   [emp_id: 5293] ✓ Updated: 38.02 → 38.1 (CHANGED)
[2026-01-07 08:25:26]   [emp_id: 5294] ✓ Updated: 7.77 → 7.85 (CHANGED)
[2026-01-07 08:25:26]   [emp_id: 5295] ✓ Updated: 21.47 → 21.53 (CHANGED)
[2026-01-07 08:25:26]   [emp_id: 5296] ✓ Updated: 34.79 → 34.87 (CHANGED)
[2026-01-07 08:25:26]   [emp_id: 5297] ✓ Updated: 45.89 → 45.95 (CHANGED)
[2026-01-07 08:25:26]   [emp_id: 5298] ✓ Updated: 45.89 → 45.95 (CHANGED)
[2026-01-07 08:25:26]   [emp_id: 5299] ✓ Updated: 45.89 → 45.95 (CHANGED)
[2026-01-07 08:25:26]   [emp_id: 5300] ✓ Updated: 45.89 → 45.95 (CHANGED)
[2026-01-07 08:25:26]   [emp_id: 5301] ✓ Updated: 3.71 → 3.77 (CHANGED)
[2026-01-07 08:25:26]   [emp_id: 5303] ✓ Updated: 4.14 → 4.2 (CHANGED)
[2026-01-07 08:25:26]   [emp_id: 5304] ✓ Updated: 45.89 → 45.95 (CHANGED)
[2026-01-07 08:25:26]   [emp_id: 5305] ✓ Updated: 3.89 → 3.95 (CHANGED)
[2026-01-07 08:25:26]   [emp_id: 5306] ✓ Updated: 45.6 → 45.66 (CHANGED)
[2026-01-07 08:25:26]   [emp_id: 5307] ✓ Updated: 45.6 → 45.66 (CHANGED)
[2026-01-07 08:25:26]   [emp_id: 5312] ✓ Updated: -18.42 → 0 (CHANGED)
[2026-01-07 08:25:26]   [emp_id: 5318] ✓ Updated: 26.31 → 26.37 (CHANGED)
[2026-01-07 08:25:26]   [emp_id: 5325] ✓ Updated: 22.27 → 22.33 (CHANGED)
[2026-01-07 08:25:26]   [emp_id: 5327] ✓ Updated: 1.36 → 1.42 (CHANGED)
[2026-01-07 08:25:26]   [emp_id: 5337] ✓ Updated: 35.68 → 35.76 (CHANGED)
[2026-01-07 08:25:26]   [emp_id: 5339] ✓ Updated: 10.46 → 10.52 (CHANGED)
[2026-01-07 08:25:26]   [emp_id: 5343] ✓ Updated: 45.6 → 45.68 (CHANGED)
[2026-01-07 08:25:26]   [emp_id: 5343] ✓ Updated: 45.6 → 45.68 (CHANGED)
[2026-01-07 08:25:26]   [emp_id: 5345] ✓ Updated: 15.43 → 15.51 (CHANGED)
[2026-01-07 08:25:26]   [emp_id: 5346] ✓ Updated: 2.18 → 2.24 (CHANGED)
[2026-01-07 08:25:26]   [emp_id: 5351] ✓ Updated: 17.12 → 17.18 (CHANGED)
[2026-01-07 08:25:26]   [emp_id: 5352] ✓ Updated: 25.85 → 25.93 (CHANGED)
[2026-01-07 08:25:26]   [emp_id: 5370] ✓ Updated: 15.77 → 15.83 (CHANGED)
[2026-01-07 08:25:26]   [emp_id: 5371] ✓ Updated: -4.24 → 0 (CHANGED)
[2026-01-07 08:25:26]   [emp_id: 5376] ✓ Updated: 10.37 → 10.43 (CHANGED)
[2026-01-07 08:25:26]   [emp_id: 5378] ✓ Updated: 17.68 → 17.76 (CHANGED)
[2026-01-07 08:25:26]   [emp_id: 5380] ✓ Updated: 16.78 → 16.84 (CHANGED)
[2026-01-07 08:25:26]   [emp_id: 5381] ✓ Updated: 12.12 → 12.2 (CHANGED)
[2026-01-07 08:25:26]   [emp_id: 5383] ✓ Updated: 16.43 → 16.51 (CHANGED)
[2026-01-07 08:25:27]   [emp_id: 5388] ✓ Updated: 27.56 → 27.62 (CHANGED)
[2026-01-07 08:25:27]   [emp_id: 5396] ✓ Updated: 28.8 → 28.86 (CHANGED)
[2026-01-07 08:25:27]   [emp_id: 5397] ✓ Updated: 20.26 → 20.32 (CHANGED)
[2026-01-07 08:25:27]   [emp_id: 5401] ✓ Updated: 23.37 → 23.43 (CHANGED)
[2026-01-07 08:25:27]   [emp_id: 5402] ✓ Updated: 23.49 → 23.55 (CHANGED)
[2026-01-07 08:25:27]   [emp_id: 5406] ✓ Updated: 17.21 → 17.27 (CHANGED)
[2026-01-07 08:25:27]   [emp_id: 5407] ✓ Updated: 16.2 → 16.28 (CHANGED)
[2026-01-07 08:25:27]   [emp_id: 5409] ✓ Updated: 16.55 → 16.61 (CHANGED)
[2026-01-07 08:25:27]   [emp_id: 5413] ✓ Updated: 28.6 → 28.68 (CHANGED)
[2026-01-07 08:25:27]   [emp_id: 5414] ✓ Updated: 28.27 → 28.35 (CHANGED)
[2026-01-07 08:25:27]   [emp_id: 5415] ✓ Updated: 4.2 → 4.28 (CHANGED)
[2026-01-07 08:25:27]   [emp_id: 5418] ✓ Updated: 15.61 → 15.67 (CHANGED)
[2026-01-07 08:25:27]   [emp_id: 5422] ✓ Updated: 20.93 → 21.01 (CHANGED)
[2026-01-07 08:25:27]   [emp_id: 5423] ✓ Updated: 5.62 → 5.7 (CHANGED)
[2026-01-07 08:25:27]   [emp_id: 5425] ✓ Updated: 14.16 → 14.22 (CHANGED)
[2026-01-07 08:25:27]   [emp_id: 5426] ✓ Updated: -1.83 → 2.25 (CHANGED)
[2026-01-07 08:25:27]   [emp_id: 5426] ✓ Updated: 2.17 → 2.25 (CHANGED)
[2026-01-07 08:25:27]   [emp_id: 5427] ✓ Updated: 14.27 → 14.33 (CHANGED)
[2026-01-07 08:25:27]   [emp_id: 5428] ✓ Updated: 14.16 → 14.22 (CHANGED)
[2026-01-07 08:25:27]   [emp_id: 5430] ✓ Updated: 17.99 → 18.07 (CHANGED)
[2026-01-07 08:25:27]   [emp_id: 5431] ✓ Updated: 13.28 → 13.34 (CHANGED)
[2026-01-07 08:25:27]   [emp_id: 5433] ✓ Updated: 13.3 → 13.36 (CHANGED)
[2026-01-07 08:25:27]   [emp_id: 5434] ✓ Updated: 13.05 → 13.11 (CHANGED)
[2026-01-07 08:25:27]   [emp_id: 5435] ✓ Updated: 12.99 → 13.05 (CHANGED)
[2026-01-07 08:25:27]   [emp_id: 5436] ✓ Updated: 12.99 → 13.05 (CHANGED)
[2026-01-07 08:25:27]   [emp_id: 5438] ✓ Updated: 15.85 → 15.93 (CHANGED)
[2026-01-07 08:25:27]   [emp_id: 5439] ✓ Updated: 25.35 → 25.43 (CHANGED)
[2026-01-07 08:25:27]   [emp_id: 5442] ✓ Updated: 14.35 → 14.43 (CHANGED)
[2026-01-07 08:25:27]   [emp_id: 5445] ✓ Updated: 7.45 → 7.51 (CHANGED)
[2026-01-07 08:25:27]   [emp_id: 5446] ✓ Updated: 7.45 → 7.51 (CHANGED)
[2026-01-07 08:25:27]   [emp_id: 5447] ✓ Updated: 7.39 → 7.45 (CHANGED)
[2026-01-07 08:25:27]   [emp_id: 5448] ✓ Updated: 1.37 → 1.45 (CHANGED)
[2026-01-07 08:25:27]   [emp_id: 5449] ✓ Updated: 5.47 → 5.53 (CHANGED)
[2026-01-07 08:25:27]   [emp_id: 5450] ✓ Updated: 5.41 → 5.47 (CHANGED)
[2026-01-07 08:25:27]   [emp_id: 5451] ✓ Updated: 5.41 → 5.47 (CHANGED)
[2026-01-07 08:25:27]   [emp_id: 5453] ✓ Updated: 5.25 → 5.31 (CHANGED)
[2026-01-07 08:25:27]   [emp_id: 5454] ✓ Updated: 7.43 → 7.51 (CHANGED)
[2026-01-07 08:25:27]   [emp_id: 5455] ✓ Updated: 1.68 → 1.76 (CHANGED)
[2026-01-07 08:25:27]   [emp_id: 5456] ✓ Updated: 6.68 → 6.76 (CHANGED)
[2026-01-07 08:25:27]   [emp_id: 5457] ✓ Updated: 4.5 → 4.56 (CHANGED)
[2026-01-07 08:25:27]   [emp_id: 5460] ✓ Updated: 5.33 → 5.41 (CHANGED)
[2026-01-07 08:25:27]   [emp_id: 5463] ✓ Updated: 4.66 → 4.74 (CHANGED)
[2026-01-07 08:25:27]   [emp_id: 5464] ✓ Updated: 4.66 → 4.74 (CHANGED)
[2026-01-07 08:25:27]   [emp_id: 5466] ✓ Updated: 2.41 → 2.49 (CHANGED)
[2026-01-07 08:25:27]   [emp_id: 5467] ✓ Updated: 1.33 → 1.41 (CHANGED)
[2026-01-07 08:25:27] Report saved to: D:\xampp\htdocs\almutlak\system/cron_logs/last_vacation_update_report.json
[2026-01-07 08:25:45] ========== CRON: Vacation Balance Update Started ==========
