[2026-01-19 08:06:51] ========== CRON: Vacation Balance Update Started ==========
[2026-01-19 08:06:52] Database connection established
[2026-01-19 08:06:52] Found 434 active employees with balance records to update
[2026-01-19 08:06:52] (Only employees with status=1 will be processed)
[2026-01-19 08:06:52]   [emp_id: 1061] ✓ Updated: 0.89 → 0.97 (CHANGED)
[2026-01-19 08:06:52]   [emp_id: 1496] ✓ Updated: 17.74 → 17.82 (CHANGED)
[2026-01-19 08:06:52]   [emp_id: 1500] ✓ Updated: 5.42 → 5.5 (CHANGED)
[2026-01-19 08:06:52]   [emp_id: 1574] ✓ Updated: 34.65 → 34.73 (CHANGED)
[2026-01-19 08:06:52]   [emp_id: 1673] ✓ Updated: 46.15 → 46.23 (CHANGED)
[2026-01-19 08:06:52]   [emp_id: 1685] ✓ Updated: 16.07 → 16.15 (CHANGED)
[2026-01-19 08:06:52]   [emp_id: 1764] ✓ Updated: 70.74 → 70.82 (CHANGED)
[2026-01-19 08:06:52]   [emp_id: 1805] ✓ Updated: 65.07 → 65.15 (CHANGED)
[2026-01-19 08:06:52]   [emp_id: 1822] ✓ Updated: 69.82 → 69.9 (CHANGED)
[2026-01-19 08:06:52]   [emp_id: 1837] ✓ Updated: 25.99 → 26.07 (CHANGED)
[2026-01-19 08:06:52]   [emp_id: 1857] ✓ Updated: 21.32 → 21.4 (CHANGED)
[2026-01-19 08:06:52]   [emp_id: 1861] ✓ Updated: 72.15 → 72.23 (CHANGED)
[2026-01-19 08:06:52]   [emp_id: 1872] ✓ Updated: 10.99 → 11.07 (CHANGED)
[2026-01-19 08:06:52]   [emp_id: 1897] ✓ Updated: 6.32 → 6.4 (CHANGED)
[2026-01-19 08:06:52]   [emp_id: 1916] ✓ Updated: 12.62 → 12.7 (CHANGED)
[2026-01-19 08:06:52]   [emp_id: 1928] ✓ Updated: 65.57 → 65.65 (CHANGED)
[2026-01-19 08:06:52]   [emp_id: 1931] ✓ Updated: 85.49 → 85.57 (CHANGED)
[2026-01-19 08:06:52]   [emp_id: 1944] ✓ Updated: 43.65 → 43.73 (CHANGED)
[2026-01-19 08:06:52]   [emp_id: 1996] ✓ Updated: 72.15 → 72.23 (CHANGED)
[2026-01-19 08:06:52]   [emp_id: 1997] ✓ Updated: 37.32 → 37.4 (CHANGED)
[2026-01-19 08:06:52]   [emp_id: 1998] ✓ Updated: 28.76 → 28.84 (CHANGED)
[2026-01-19 08:06:52]   [emp_id: 1999] ✓ Updated: 29.76 → 29.84 (CHANGED)
[2026-01-19 08:06:53]   [emp_id: 2009] ✓ Updated: 36.07 → 36.15 (CHANGED)
[2026-01-19 08:06:53]   [emp_id: 2048] ✓ Updated: 25.9 → 25.98 (CHANGED)
[2026-01-19 08:06:53]   [emp_id: 2057] ✓ Updated: 66.74 → 66.82 (CHANGED)
[2026-01-19 08:06:53]   [emp_id: 2079] ✓ Updated: 49.07 → 49.15 (CHANGED)
[2026-01-19 08:06:53]   [emp_id: 2181] ✓ Updated: 38.07 → 38.15 (CHANGED)
[2026-01-19 08:06:53]   [emp_id: 2190] ✓ Updated: 7.4 → 7.48 (CHANGED)
[2026-01-19 08:06:53]   [emp_id: 2212] ✓ Updated: 25.4 → 25.48 (CHANGED)
[2026-01-19 08:06:53]   [emp_id: 2226] ✓ Updated: 70.15 → 70.23 (CHANGED)
[2026-01-19 08:06:53]   [emp_id: 2238] ✓ Updated: 68.4 → 68.48 (CHANGED)
[2026-01-19 08:06:53]   [emp_id: 2285] ✓ Updated: 37.07 → 37.15 (CHANGED)
[2026-01-19 08:06:53]   [emp_id: 2287] ✓ Updated: 48.74 → 48.82 (CHANGED)
[2026-01-19 08:06:53]   [emp_id: 2288] ✓ Updated: 3.76 → 3.84 (CHANGED)
[2026-01-19 08:06:53]   [emp_id: 2316] ✓ Updated: 17.57 → 17.65 (CHANGED)
[2026-01-19 08:06:53]   [emp_id: 2337] ✓ Updated: 38.65 → 38.73 (CHANGED)
[2026-01-19 08:06:53]   [emp_id: 2352] ✓ Updated: 70.15 → 70.23 (CHANGED)
[2026-01-19 08:06:53]   [emp_id: 2358] ✓ Updated: 6.65 → 6.73 (CHANGED)
[2026-01-19 08:06:53]   [emp_id: 2361] ✓ Updated: 72.32 → 72.4 (CHANGED)
[2026-01-19 08:06:53]   [emp_id: 2363] ✓ Updated: 74.9 → 74.98 (CHANGED)
[2026-01-19 08:06:53]   [emp_id: 2364] ✓ Updated: 74.32 → 74.4 (CHANGED)
[2026-01-19 08:06:53]   [emp_id: 2367] ✓ Updated: 101.99 → 102.07 (CHANGED)
[2026-01-19 08:06:53]   [emp_id: 2368] ✓ Updated: 32.4 → 32.48 (CHANGED)
[2026-01-19 08:06:53]   [emp_id: 2372] ✓ Updated: 69.65 → 69.73 (CHANGED)
[2026-01-19 08:06:53]   [emp_id: 2376] ✓ Updated: 119.65 → 119.73 (CHANGED)
[2026-01-19 08:06:53]   [emp_id: 2423] ✓ Updated: 20.4 → 20.48 (CHANGED)
[2026-01-19 08:06:53]   [emp_id: 2519] ✓ Updated: 114.07 → 114.15 (CHANGED)
[2026-01-19 08:06:53]   [emp_id: 2522] ✓ Updated: 57.65 → 57.73 (CHANGED)
[2026-01-19 08:06:53]   [emp_id: 2530] ✓ Updated: 52.9 → 52.98 (CHANGED)
[2026-01-19 08:06:53]   [emp_id: 2539] ✓ Updated: 49.65 → 49.73 (CHANGED)
[2026-01-19 08:06:53]   [emp_id: 2541] ✓ Updated: 30.24 → 30.32 (CHANGED)
[2026-01-19 08:06:53]   [emp_id: 2550] ✓ Updated: 96.4 → 96.48 (CHANGED)
[2026-01-19 08:06:53]   [emp_id: 2553] ✓ Updated: 33.51 → 33.59 (CHANGED)
[2026-01-19 08:06:53]   [emp_id: 2554] ✓ Updated: 39.99 → 40.07 (CHANGED)
[2026-01-19 08:06:53]   [emp_id: 2565] ✓ Updated: 94.57 → 94.65 (CHANGED)
[2026-01-19 08:06:53]   [emp_id: 2572] ✓ Updated: 44.57 → 44.65 (CHANGED)
[2026-01-19 08:06:53]   [emp_id: 2637] ✓ Updated: 65.15 → 65.23 (CHANGED)
[2026-01-19 08:06:53]   [emp_id: 2642] ✓ Updated: 77.9 → 77.98 (CHANGED)
[2026-01-19 08:06:53]   [emp_id: 2645] ✓ Updated: 93.9 → 93.98 (CHANGED)
[2026-01-19 08:06:53]   [emp_id: 2648] ✓ Updated: 45.57 → 45.65 (CHANGED)
[2026-01-19 08:06:53]   [emp_id: 2654] ✓ Updated: 88.24 → 88.32 (CHANGED)
[2026-01-19 08:06:53]   [emp_id: 2688] ✓ Updated: 26.32 → 26.4 (CHANGED)
[2026-01-19 08:06:53]   [emp_id: 2690] ✓ Updated: 15.07 → 15.15 (CHANGED)
[2026-01-19 08:06:53]   [emp_id: 2709] ✓ Updated: 37.32 → 37.4 (CHANGED)
[2026-01-19 08:06:53]   [emp_id: 2745] ✓ Updated: 33.9 → 33.98 (CHANGED)
[2026-01-19 08:06:53]   [emp_id: 2843] ✓ Updated: 80.49 → 80.57 (CHANGED)
[2026-01-19 08:06:53]   [emp_id: 2854] ✓ Updated: 60.4 → 60.48 (CHANGED)
[2026-01-19 08:06:53]   [emp_id: 2869] ✓ Updated: 4.32 → 4.4 (CHANGED)
[2026-01-19 08:06:53]   [emp_id: 2876] ✓ Updated: 35.15 → 35.23 (CHANGED)
[2026-01-19 08:06:53]   [emp_id: 2924] ✓ Updated: 16.32 → 16.4 (CHANGED)
[2026-01-19 08:06:54]   [emp_id: 2953] ✓ Updated: 102.07 → 102.15 (CHANGED)
[2026-01-19 08:06:54]   [emp_id: 2961] ✓ Updated: 12.07 → 12.15 (CHANGED)
[2026-01-19 08:06:54]   [emp_id: 2975] ✓ Updated: 1.75 → 1.83 (CHANGED)
[2026-01-19 08:06:54]   [emp_id: 3013] ✓ Updated: 11.07 → 11.15 (CHANGED)
[2026-01-19 08:06:54]   [emp_id: 3014] ✓ Updated: 90.32 → 90.4 (CHANGED)
[2026-01-19 08:06:54]   [emp_id: 3015] ✓ Updated: 1.57 → 1.65 (CHANGED)
[2026-01-19 08:06:54]   [emp_id: 3018] ✓ Updated: 60.32 → 60.4 (CHANGED)
[2026-01-19 08:06:54]   [emp_id: 3025] ✓ Updated: 24.09 → 24.17 (CHANGED)
[2026-01-19 08:06:54]   [emp_id: 3037] ✓ Updated: 83.82 → 83.9 (CHANGED)
[2026-01-19 08:06:54]   [emp_id: 3047] ✓ Updated: 72.07 → 72.15 (CHANGED)
[2026-01-19 08:06:54]   [emp_id: 3061] ✓ Updated: 18.99 → 19.07 (CHANGED)
[2026-01-19 08:06:54]   [emp_id: 3062] ✓ Updated: 52.15 → 52.23 (CHANGED)
[2026-01-19 08:06:54]   [emp_id: 3074] ✓ Updated: 108.57 → 108.65 (CHANGED)
[2026-01-19 08:06:54]   [emp_id: 3089] ✓ Updated: 7.49 → 7.57 (CHANGED)
[2026-01-19 08:06:54]   [emp_id: 3090] ✓ Updated: 34.07 → 34.15 (CHANGED)
[2026-01-19 08:06:54]   [emp_id: 3091] ✓ Updated: 46.07 → 46.15 (CHANGED)
[2026-01-19 08:06:54]   [emp_id: 3092] ✓ Updated: 28.74 → 28.82 (CHANGED)
[2026-01-19 08:06:54]   [emp_id: 3105] ✓ Updated: 49.07 → 49.15 (CHANGED)
[2026-01-19 08:06:54]   [emp_id: 3134] ✓ Updated: 44.82 → 44.9 (CHANGED)
[2026-01-19 08:06:54]   [emp_id: 3140] ✓ Updated: 41.9 → 41.98 (CHANGED)
[2026-01-19 08:06:54]   [emp_id: 3144] ✓ Updated: 14.74 → 14.82 (CHANGED)
[2026-01-19 08:06:54]   [emp_id: 3156] ✓ Updated: 18.07 → 18.15 (CHANGED)
[2026-01-19 08:06:54]   [emp_id: 3162] ✓ Updated: 3.05 → 3.13 (CHANGED)
[2026-01-19 08:06:54]   [emp_id: 3163] ✓ Updated: 6.32 → 6.4 (CHANGED)
[2026-01-19 08:06:54]   [emp_id: 3198] ✓ Updated: 41.32 → 41.4 (CHANGED)
[2026-01-19 08:06:54]   [emp_id: 3205] ✓ Updated: 17.99 → 18.07 (CHANGED)
[2026-01-19 08:06:54]   [emp_id: 3209] ✓ Updated: 42.15 → 42.23 (CHANGED)
[2026-01-19 08:06:54]   [emp_id: 3223] ✓ Updated: 91.07 → 91.15 (CHANGED)
[2026-01-19 08:06:54]   [emp_id: 3224] ✓ Updated: 65.82 → 65.9 (CHANGED)
[2026-01-19 08:06:54]   [emp_id: 3230] ✓ Updated: 89.24 → 89.32 (CHANGED)
[2026-01-19 08:06:54]   [emp_id: 3231] ✓ Updated: 1.61 → 1.69 (CHANGED)
[2026-01-19 08:06:54]   [emp_id: 3233] ✓ Updated: 82.07 → 82.15 (CHANGED)
[2026-01-19 08:06:54]   [emp_id: 3249] ✓ Updated: 37.9 → 37.98 (CHANGED)
[2026-01-19 08:06:54]   [emp_id: 3250] ✓ Updated: 10.9 → 10.98 (CHANGED)
[2026-01-19 08:06:54]   [emp_id: 3252] ✓ Updated: 11.82 → 11.9 (CHANGED)
[2026-01-19 08:06:54]   [emp_id: 3254] ✓ Updated: 22.32 → 22.4 (CHANGED)
[2026-01-19 08:06:54]   [emp_id: 3255] ✓ Updated: 18.74 → 18.82 (CHANGED)
[2026-01-19 08:06:54]   [emp_id: 3256] ✓ Updated: 14.99 → 15.07 (CHANGED)
[2026-01-19 08:06:54]   [emp_id: 3263] ✓ Updated: 31.07 → 31.15 (CHANGED)
[2026-01-19 08:06:54]   [emp_id: 3265] ✓ Updated: 26.65 → 26.73 (CHANGED)
[2026-01-19 08:06:54]   [emp_id: 3280] ✓ Updated: 73.57 → 73.65 (CHANGED)
[2026-01-19 08:06:54]   [emp_id: 3286] ✓ Updated: 16.74 → 16.82 (CHANGED)
[2026-01-19 08:06:54]   [emp_id: 3294] ✓ Updated: 16.4 → 16.48 (CHANGED)
[2026-01-19 08:06:54]   [emp_id: 3321] ✓ Updated: 73.57 → 73.65 (CHANGED)
[2026-01-19 08:06:54]   [emp_id: 3325] ✓ Updated: 61.32 → 61.4 (CHANGED)
[2026-01-19 08:06:54]   [emp_id: 3329] ✓ Updated: 63.65 → 63.73 (CHANGED)
[2026-01-19 08:06:54]   [emp_id: 3330] ✓ Updated: 63.65 → 63.73 (CHANGED)
[2026-01-19 08:06:55]   [emp_id: 3332] ✓ Updated: 63.65 → 63.73 (CHANGED)
[2026-01-19 08:06:55]   [emp_id: 3370] ✓ Updated: 55.32 → 55.4 (CHANGED)
[2026-01-19 08:06:55]   [emp_id: 3384] ✓ Updated: 15.82 → 15.9 (CHANGED)
[2026-01-19 08:06:55]   [emp_id: 3386] ✓ Updated: 45.82 → 45.9 (CHANGED)
[2026-01-19 08:06:55]   [emp_id: 3431] ✓ Updated: 20.24 → 20.32 (CHANGED)
[2026-01-19 08:06:55]   [emp_id: 3497] ✓ Updated: 10.4 → 10.48 (CHANGED)
[2026-01-19 08:06:55]   [emp_id: 3532] ✓ Updated: 1.24 → 1.32 (CHANGED)
[2026-01-19 08:06:55]   [emp_id: 3602] ✓ Updated: 2.81 → 2.89 (CHANGED)
[2026-01-19 08:06:55]   [emp_id: 3618] ✓ Updated: 24.79 → 24.87 (CHANGED)
[2026-01-19 08:06:55]   [emp_id: 3622] ✓ Updated: 35.43 → 35.49 (CHANGED)
[2026-01-19 08:06:55]   [emp_id: 3627] ✓ Updated: 10.74 → 10.82 (CHANGED)
[2026-01-19 08:06:55]   [emp_id: 3665] ✓ Updated: 52.32 → 52.4 (CHANGED)
[2026-01-19 08:06:55]   [emp_id: 3705] ✓ Updated: 28.76 → 28.82 (CHANGED)
[2026-01-19 08:06:55]   [emp_id: 3724] ✓ Updated: 45.32 → 45.4 (CHANGED)
[2026-01-19 08:06:55]   [emp_id: 3726] ✓ Updated: 61.74 → 61.82 (CHANGED)
[2026-01-19 08:06:55]   [emp_id: 3727] ✓ Updated: 66.82 → 66.9 (CHANGED)
[2026-01-19 08:06:55]   [emp_id: 3728] ✓ Updated: 11.15 → 11.23 (CHANGED)
[2026-01-19 08:06:55]   [emp_id: 3767] ✓ Updated: 1.9 → 1.98 (CHANGED)
[2026-01-19 08:06:55]   [emp_id: 3768] ✓ Updated: 58.15 → 58.23 (CHANGED)
[2026-01-19 08:06:55]   [emp_id: 3787] ✓ Updated: 58.74 → 58.82 (CHANGED)
[2026-01-19 08:06:55]   [emp_id: 3790] ✓ Updated: 3.29 → 3.37 (CHANGED)
[2026-01-19 08:06:55]   [emp_id: 3795] ✓ Updated: 16.24 → 16.32 (CHANGED)
[2026-01-19 08:06:55]   [emp_id: 3798] ✓ Updated: 94.65 → 94.73 (CHANGED)
[2026-01-19 08:06:55]   [emp_id: 3801] ✓ Updated: 2.92 → 3 (CHANGED)
[2026-01-19 08:06:55]   [emp_id: 3802] ✓ Updated: 31.9 → 31.98 (CHANGED)
[2026-01-19 08:06:55]   [emp_id: 3803] ✓ Updated: 116.32 → 116.4 (CHANGED)
[2026-01-19 08:06:55]   [emp_id: 3810] ✓ Updated: 122.32 → 122.4 (CHANGED)
[2026-01-19 08:06:55]   [emp_id: 3812] ✓ Updated: 91.32 → 91.4 (CHANGED)
[2026-01-19 08:06:55]   [emp_id: 3815] ✓ Updated: 91.32 → 91.4 (CHANGED)
[2026-01-19 08:06:55]   [emp_id: 3836] ✓ Updated: 58.99 → 59.07 (CHANGED)
[2026-01-19 08:06:55]   [emp_id: 3855] ✓ Updated: 52.15 → 52.23 (CHANGED)
[2026-01-19 08:06:55]   [emp_id: 3857] ✓ Updated: 55.82 → 55.9 (CHANGED)
[2026-01-19 08:06:55]   [emp_id: 3862] ✓ Updated: 103.9 → 103.98 (CHANGED)
[2026-01-19 08:06:55]   [emp_id: 3866] ✓ Updated: 29.15 → 29.23 (CHANGED)
[2026-01-19 08:06:55]   [emp_id: 3876] ✓ Updated: 25.32 → 25.4 (CHANGED)
[2026-01-19 08:06:55]   [emp_id: 3877] ✓ Updated: 50.82 → 50.9 (CHANGED)
[2026-01-19 08:06:55]   [emp_id: 3897] ✓ Updated: 39.07 → 39.15 (CHANGED)
[2026-01-19 08:06:55]   [emp_id: 3899] ✓ Updated: 0.89 → 0.97 (CHANGED)
[2026-01-19 08:06:55]   [emp_id: 3928] ✓ Updated: 15.15 → 15.23 (CHANGED)
[2026-01-19 08:06:55]   [emp_id: 3929] ✓ Updated: 10.15 → 10.23 (CHANGED)
[2026-01-19 08:06:55]   [emp_id: 3935] ✓ Updated: 95.15 → 95.23 (CHANGED)
[2026-01-19 08:06:55]   [emp_id: 3952] ✓ Updated: 76.49 → 76.57 (CHANGED)
[2026-01-19 08:06:55]   [emp_id: 3987] ✓ Updated: 15.4 → 15.48 (CHANGED)
[2026-01-19 08:06:55]   [emp_id: 4059] ✓ Updated: 4.6 → 4.68 (CHANGED)
[2026-01-19 08:06:55]   [emp_id: 4119] ✓ Updated: 58.07 → 58.15 (CHANGED)
[2026-01-19 08:06:56]   [emp_id: 4120] ✓ Updated: 27.65 → 27.73 (CHANGED)
[2026-01-19 08:06:56]   [emp_id: 4124] ✓ Updated: 28.17 → 28.25 (CHANGED)
[2026-01-19 08:06:56]   [emp_id: 4133] ✓ Updated: 106.65 → 106.73 (CHANGED)
[2026-01-19 08:06:56]   [emp_id: 4134] ✓ Updated: 27.65 → 27.73 (CHANGED)
[2026-01-19 08:06:56]   [emp_id: 4136] ✓ Updated: 27.65 → 27.73 (CHANGED)
[2026-01-19 08:06:56]   [emp_id: 4150] ✓ Updated: 26.32 → 26.4 (CHANGED)
[2026-01-19 08:06:56]   [emp_id: 4157] ✓ Updated: 19.82 → 19.9 (CHANGED)
[2026-01-19 08:06:56]   [emp_id: 4172] ✓ Updated: 13.34 → 13.4 (CHANGED)
[2026-01-19 08:06:56]   [emp_id: 4195] ✓ Updated: 63.4 → 63.48 (CHANGED)
[2026-01-19 08:06:56]   [emp_id: 4215] ✓ Updated: 46.07 → 46.15 (CHANGED)
[2026-01-19 08:06:56]   [emp_id: 4220] ✓ Updated: 41.65 → 41.73 (CHANGED)
[2026-01-19 08:06:56]   [emp_id: 4273] ✓ Updated: 10.32 → 10.4 (CHANGED)
[2026-01-19 08:06:56]   [emp_id: 4283] ✓ Updated: 14.43 → 14.49 (CHANGED)
[2026-01-19 08:06:56]   [emp_id: 4288] ✓ Updated: 0.89 → 0.97 (CHANGED)
[2026-01-19 08:06:56]   [emp_id: 4315] ✓ Updated: 13.57 → 13.65 (CHANGED)
[2026-01-19 08:06:56]   [emp_id: 4328] ✓ Updated: 43.26 → 43.32 (CHANGED)
[2026-01-19 08:06:56]   [emp_id: 4329] ✓ Updated: 6.74 → 6.82 (CHANGED)
[2026-01-19 08:06:56]   [emp_id: 4338] ✓ Updated: 48.32 → 48.4 (CHANGED)
[2026-01-19 08:06:56]   [emp_id: 4340] ✓ Updated: 110.32 → 110.4 (CHANGED)
[2026-01-19 08:06:56]   [emp_id: 4365] ✓ Updated: 61.74 → 61.82 (CHANGED)
[2026-01-19 08:06:56]   [emp_id: 4366] ✓ Updated: 60.82 → 60.9 (CHANGED)
[2026-01-19 08:06:56]   [emp_id: 4403] ✓ Updated: 86.65 → 86.73 (CHANGED)
[2026-01-19 08:06:56]   [emp_id: 4438] ✓ Updated: 22.32 → 22.4 (CHANGED)
[2026-01-19 08:06:56]   [emp_id: 4465] ✓ Updated: 13.59 → 13.65 (CHANGED)
[2026-01-19 08:06:56]   [emp_id: 4473] ✓ Updated: 45.9 → 45.98 (CHANGED)
[2026-01-19 08:06:56]   [emp_id: 4474] ✓ Updated: 4.1 → 4.16 (CHANGED)
[2026-01-19 08:06:56]   [emp_id: 4493] ✓ Updated: 164.74 → 164.82 (CHANGED)
[2026-01-19 08:06:56]   [emp_id: 4526] ✓ Updated: 36.99 → 37.07 (CHANGED)
[2026-01-19 08:06:56]   [emp_id: 4528] ✓ Updated: 108.74 → 108.82 (CHANGED)
[2026-01-19 08:06:56]   [emp_id: 4528] ✓ Updated: 108.74 → 108.82 (CHANGED)
[2026-01-19 08:06:56]   [emp_id: 4532] ✓ Updated: 8.71 → 8.77 (CHANGED)
[2026-01-19 08:06:56]   [emp_id: 4533] ✓ Updated: 37.15 → 37.23 (CHANGED)
[2026-01-19 08:06:56]   [emp_id: 4565] ✓ Updated: 16.09 → 16.15 (CHANGED)
[2026-01-19 08:06:56]   [emp_id: 4567] ✓ Updated: 20.34 → 20.4 (CHANGED)
[2026-01-19 08:06:56]   [emp_id: 4572] ✓ Updated: 59.84 → 59.9 (CHANGED)
[2026-01-19 08:06:56]   [emp_id: 4631] ✓ Updated: 16.09 → 16.15 (CHANGED)
[2026-01-19 08:06:56]   [emp_id: 4655] ✓ Updated: 26.07 → 26.15 (CHANGED)
[2026-01-19 08:06:56]   [emp_id: 4709] ✓ Updated: 41.32 → 41.4 (CHANGED)
[2026-01-19 08:06:56]   [emp_id: 4717] ✓ Updated: 67.32 → 67.4 (CHANGED)
[2026-01-19 08:06:56]   [emp_id: 4736] ✓ Updated: 29.15 → 29.23 (CHANGED)
[2026-01-19 08:06:56]   [emp_id: 4756] ✓ Updated: 12.53 → 12.59 (CHANGED)
[2026-01-19 08:06:56]   [emp_id: 4768] ✓ Updated: 14.82 → 14.9 (CHANGED)
[2026-01-19 08:06:56]   [emp_id: 4780] ✓ Updated: 66.26 → 66.32 (CHANGED)
[2026-01-19 08:06:56]   [emp_id: 4820] ✓ Updated: 100.15 → 100.23 (CHANGED)
[2026-01-19 08:06:56]   [emp_id: 4824] ✓ Updated: 3.33 → 3.41 (CHANGED)
[2026-01-19 08:06:56]   [emp_id: 4825] ✓ Updated: 31.9 → 31.98 (CHANGED)
[2026-01-19 08:06:56]   [emp_id: 4837] ✓ Updated: 46.25 → 46.31 (CHANGED)
[2026-01-19 08:06:57]   [emp_id: 4840] ✓ Updated: 46.25 → 46.31 (CHANGED)
[2026-01-19 08:06:57]   [emp_id: 4842] ✓ Updated: 45.49 → 45.55 (CHANGED)
[2026-01-19 08:06:57]   [emp_id: 4843] ✓ Updated: 46.02 → 46.08 (CHANGED)
[2026-01-19 08:06:57]   [emp_id: 4853] ✓ Updated: 89.84 → 89.9 (CHANGED)
[2026-01-19 08:06:57]   [emp_id: 4856] ✓ Updated: 43.16 → 43.22 (CHANGED)
[2026-01-19 08:06:57]   [emp_id: 4857] ✓ Updated: 25.98 → 26.04 (CHANGED)
[2026-01-19 08:06:57]   [emp_id: 4858] ✓ Updated: 22.86 → 22.92 (CHANGED)
[2026-01-19 08:06:57]   [emp_id: 4859] ✓ Updated: 44.33 → 44.39 (CHANGED)
[2026-01-19 08:06:57]   [emp_id: 4860] ✓ Updated: 8.83 → 8.89 (CHANGED)
[2026-01-19 08:06:57]   [emp_id: 4861] ✓ Updated: 42.29 → 42.35 (CHANGED)
[2026-01-19 08:06:57]   [emp_id: 4869] ✓ Updated: 85.17 → 85.23 (CHANGED)
[2026-01-19 08:06:57]   [emp_id: 4894] ✓ Updated: 8.82 → 8.9 (CHANGED)
[2026-01-19 08:06:57]   [emp_id: 4897] ✓ Updated: 24.07 → 24.13 (CHANGED)
[2026-01-19 08:06:57]   [emp_id: 4899] ✓ Updated: 20.24 → 20.3 (CHANGED)
[2026-01-19 08:06:57]   [emp_id: 4902] ✓ Updated: 19.66 → 19.72 (CHANGED)
[2026-01-19 08:06:57]   [emp_id: 4903] ✓ Updated: 21.88 → 21.94 (CHANGED)
[2026-01-19 08:06:57]   [emp_id: 4905] ✓ Updated: 20.54 → 20.6 (CHANGED)
[2026-01-19 08:06:57]   [emp_id: 4907] ✓ Updated: 48.9 → 48.98 (CHANGED)
[2026-01-19 08:06:57]   [emp_id: 4917] ✓ Updated: 17.5 → 17.56 (CHANGED)
[2026-01-19 08:06:57]   [emp_id: 4918] ✓ Updated: 7.27 → 7.33 (CHANGED)
[2026-01-19 08:06:57]   [emp_id: 4919] ✓ Updated: 59.56 → 59.62 (CHANGED)
[2026-01-19 08:06:57]   [emp_id: 4920] ✓ Updated: 6.64 → 6.7 (CHANGED)
[2026-01-19 08:06:57]   [emp_id: 4921] ✓ Updated: 18.73 → 18.79 (CHANGED)
[2026-01-19 08:06:57]   [emp_id: 4927] ✓ Updated: 17.56 → 17.62 (CHANGED)
[2026-01-19 08:06:57]   [emp_id: 4929] ✓ Updated: 19.08 → 19.14 (CHANGED)
[2026-01-19 08:06:57]   [emp_id: 4930] ✓ Updated: 59.85 → 59.91 (CHANGED)
[2026-01-19 08:06:57]   [emp_id: 4932] ✓ Updated: 17.85 → 17.91 (CHANGED)
[2026-01-19 08:06:57]   [emp_id: 4933] ✓ Updated: 21.26 → 21.32 (CHANGED)
[2026-01-19 08:06:57]   [emp_id: 4949] ✓ Updated: 24.69 → 24.75 (CHANGED)
[2026-01-19 08:06:57]   [emp_id: 4956] ✓ Updated: 30.28 → 30.34 (CHANGED)
[2026-01-19 08:06:57]   [emp_id: 4957] ✓ Updated: 25.95 → 26.01 (CHANGED)
[2026-01-19 08:06:57]   [emp_id: 4962] ✓ Updated: 48.26 → 48.34 (CHANGED)
[2026-01-19 08:06:57]   [emp_id: 4969] ✓ Updated: 47.57 → 47.65 (CHANGED)
[2026-01-19 08:06:57]   [emp_id: 4976] ✓ Updated: 10.97 → 11.03 (CHANGED)
[2026-01-19 08:06:57]   [emp_id: 4984] ✓ Updated: 38.82 → 38.9 (CHANGED)
[2026-01-19 08:06:57]   [emp_id: 4995] ✓ Updated: 50.89 → 50.97 (CHANGED)
[2026-01-19 08:06:57]   [emp_id: 5004] ✓ Updated: 27.91 → 27.97 (CHANGED)
[2026-01-19 08:06:57]   [emp_id: 5006] ✓ Updated: 27.65 → 27.71 (CHANGED)
[2026-01-19 08:06:57]   [emp_id: 5011] ✓ Updated: 6.67 → 6.75 (CHANGED)
[2026-01-19 08:06:57]   [emp_id: 5013] ✓ Updated: 68.02 → 68.08 (CHANGED)
[2026-01-19 08:06:57]   [emp_id: 5018] ✓ Updated: 4.51 → 4.57 (CHANGED)
[2026-01-19 08:06:57]   [emp_id: 5021] ✓ Updated: 61.92 → 62 (CHANGED)
[2026-01-19 08:06:57]   [emp_id: 5024] ✓ Updated: 2.53 → 2.59 (CHANGED)
[2026-01-19 08:06:57]   [emp_id: 5030] ✓ Updated: 32.48 → 32.54 (CHANGED)
[2026-01-19 08:06:57]   [emp_id: 5033] ✓ Updated: 11.28 → 11.34 (CHANGED)
[2026-01-19 08:06:57]   [emp_id: 5043] ✓ Updated: 31.49 → 31.57 (CHANGED)
[2026-01-19 08:06:57]   [emp_id: 5045] ✓ Updated: 27.99 → 28.07 (CHANGED)
[2026-01-19 08:06:57]   [emp_id: 5046] ✓ Updated: 23.18 → 23.26 (CHANGED)
[2026-01-19 08:06:58]   [emp_id: 5049] ✓ Updated: 39.96 → 40.02 (CHANGED)
[2026-01-19 08:06:58]   [emp_id: 5052] ✓ Updated: 31.24 → 31.3 (CHANGED)
[2026-01-19 08:06:58]   [emp_id: 5055] ✓ Updated: 19.68 → 19.74 (CHANGED)
[2026-01-19 08:06:58]   [emp_id: 5058] ✓ Updated: 28.66 → 28.72 (CHANGED)
[2026-01-19 08:06:58]   [emp_id: 5062] ✓ Updated: 40.49 → 40.55 (CHANGED)
[2026-01-19 08:06:58]   [emp_id: 5064] ✓ Updated: 118.82 → 118.9 (CHANGED)
[2026-01-19 08:06:58]   [emp_id: 5065] ✓ Updated: 39.9 → 39.96 (CHANGED)
[2026-01-19 08:06:58]   [emp_id: 5071] ✓ Updated: 24.32 → 24.4 (CHANGED)
[2026-01-19 08:06:58]   [emp_id: 5073] ✓ Updated: 14.5 → 14.56 (CHANGED)
[2026-01-19 08:06:58]   [emp_id: 5079] ✓ Updated: 35.06 → 35.12 (CHANGED)
[2026-01-19 08:06:58]   [emp_id: 5080] ✓ Updated: 28.39 → 28.45 (CHANGED)
[2026-01-19 08:06:58]   [emp_id: 5081] ✓ Updated: 16.65 → 16.71 (CHANGED)
[2026-01-19 08:06:58]   [emp_id: 5087] ✓ Updated: 36.69 → 36.75 (CHANGED)
[2026-01-19 08:06:58]   [emp_id: 5091] ✓ Updated: 76.54 → 76.6 (CHANGED)
[2026-01-19 08:06:58]   [emp_id: 5093] ✓ Updated: 15.49 → 15.57 (CHANGED)
[2026-01-19 08:06:58]   [emp_id: 5095] ✓ Updated: 2.08 → 2.14 (CHANGED)
[2026-01-19 08:06:58]   [emp_id: 5101] ✓ Updated: 17.57 → 17.65 (CHANGED)
[2026-01-19 08:06:58]   [emp_id: 5107] ✓ Updated: 15.9 → 15.98 (CHANGED)
[2026-01-19 08:06:58]   [emp_id: 5109] ✓ Updated: 13.15 → 13.23 (CHANGED)
[2026-01-19 08:06:58]   [emp_id: 5119] ✓ Updated: 11.32 → 11.4 (CHANGED)
[2026-01-19 08:06:58]   [emp_id: 5122] ✓ Updated: 8.49 → 8.57 (CHANGED)
[2026-01-19 08:06:58]   [emp_id: 5126] ✓ Updated: 27.42 → 27.48 (CHANGED)
[2026-01-19 08:06:58]   [emp_id: 5127] ✓ Updated: 24.21 → 24.27 (CHANGED)
[2026-01-19 08:06:58]   [emp_id: 5128] ✓ Updated: 27.36 → 27.42 (CHANGED)
[2026-01-19 08:06:58]   [emp_id: 5138] ✓ Updated: 51.15 → 51.23 (CHANGED)
[2026-01-19 08:06:58]   [emp_id: 5138] ✓ Updated: 51.15 → 51.23 (CHANGED)
[2026-01-19 08:06:58]   [emp_id: 5141] ✓ Updated: 35.73 → 35.79 (CHANGED)
[2026-01-19 08:06:58]   [emp_id: 5142] ✓ Updated: 14.73 → 14.79 (CHANGED)
[2026-01-19 08:06:58]   [emp_id: 5146] ✓ Updated: 21.73 → 21.79 (CHANGED)
[2026-01-19 08:06:58]   [emp_id: 5147] ✓ Updated: 20.73 → 20.79 (CHANGED)
[2026-01-19 08:06:58]   [emp_id: 5148] ✓ Updated: 26.08 → 26.14 (CHANGED)
[2026-01-19 08:06:58]   [emp_id: 5149] ✓ Updated: 24.97 → 25.03 (CHANGED)
[2026-01-19 08:06:58]   [emp_id: 5150] ✓ Updated: 24.33 → 24.39 (CHANGED)
[2026-01-19 08:06:58]   [emp_id: 5151] ✓ Updated: 24.15 → 24.21 (CHANGED)
[2026-01-19 08:06:58]   [emp_id: 5152] ✓ Updated: 4.57 → 4.63 (CHANGED)
[2026-01-19 08:06:58]   [emp_id: 5157] ✓ Updated: 24.15 → 24.21 (CHANGED)
[2026-01-19 08:06:58]   [emp_id: 5160] ✓ Updated: 24.15 → 24.21 (CHANGED)
[2026-01-19 08:06:58]   [emp_id: 5163] ✓ Updated: 21.94 → 22 (CHANGED)
[2026-01-19 08:06:58]   [emp_id: 5165] ✓ Updated: 2.59 → 2.67 (CHANGED)
[2026-01-19 08:06:58]   [emp_id: 5167] ✓ Updated: 31.09 → 31.15 (CHANGED)
[2026-01-19 08:06:58]   [emp_id: 5168] ✓ Updated: 23.63 → 23.69 (CHANGED)
[2026-01-19 08:06:58]   [emp_id: 5173] ✓ Updated: 26.24 → 26.32 (CHANGED)
[2026-01-19 08:06:58]   [emp_id: 5174] ✓ Updated: 24.09 → 24.15 (CHANGED)
[2026-01-19 08:06:58]   [emp_id: 5181] ✓ Updated: 20.48 → 20.54 (CHANGED)
[2026-01-19 08:06:58]   [emp_id: 5186] ✓ Updated: 26.01 → 26.07 (CHANGED)
[2026-01-19 08:06:58]   [emp_id: 5187] ✓ Updated: 37.01 → 37.07 (CHANGED)
[2026-01-19 08:06:58]   [emp_id: 5204] ✓ Updated: 23.74 → 23.82 (CHANGED)
[2026-01-19 08:06:59]   [emp_id: 5205] ✓ Updated: 13.22 → 13.28 (CHANGED)
[2026-01-19 08:06:59]   [emp_id: 5209] ✓ Updated: 16.22 → 16.28 (CHANGED)
[2026-01-19 08:06:59]   [emp_id: 5213] ✓ Updated: 3.63 → 3.69 (CHANGED)
[2026-01-19 08:06:59]   [emp_id: 5214] ✓ Updated: 2.47 → 2.53 (CHANGED)
[2026-01-19 08:06:59]   [emp_id: 5215] ✓ Updated: 11.22 → 11.28 (CHANGED)
[2026-01-19 08:06:59]   [emp_id: 5217] ✓ Updated: 10.22 → 10.28 (CHANGED)
[2026-01-19 08:06:59]   [emp_id: 5219] ✓ Updated: 14.22 → 14.28 (CHANGED)
[2026-01-19 08:06:59]   [emp_id: 5221] ✓ Updated: 3.53 → 3.59 (CHANGED)
[2026-01-19 08:06:59]   [emp_id: 5224] ✓ Updated: 15.22 → 15.28 (CHANGED)
[2026-01-19 08:06:59]   [emp_id: 5225] ✓ Updated: 7.53 → 7.59 (CHANGED)
[2026-01-19 08:06:59]   [emp_id: 5228] ✓ Updated: 10.22 → 10.28 (CHANGED)
[2026-01-19 08:06:59]   [emp_id: 5229] ✓ Updated: 6.22 → 6.28 (CHANGED)
[2026-01-19 08:06:59]   [emp_id: 5230] ✓ Updated: 14.89 → 14.95 (CHANGED)
[2026-01-19 08:06:59]   [emp_id: 5231] ✓ Updated: 7.22 → 7.28 (CHANGED)
[2026-01-19 08:06:59]   [emp_id: 5232] ✓ Updated: 1.22 → 1.28 (CHANGED)
[2026-01-19 08:06:59]   [emp_id: 5233] ✓ Updated: 5.22 → 5.28 (CHANGED)
[2026-01-19 08:06:59]   [emp_id: 5234] ✓ Updated: 5.22 → 5.28 (CHANGED)
[2026-01-19 08:06:59]   [emp_id: 5235] ✓ Updated: 0.66 → 0.72 (CHANGED)
[2026-01-19 08:06:59]   [emp_id: 5237] ✓ Updated: 11.47 → 11.53 (CHANGED)
[2026-01-19 08:06:59]   [emp_id: 5239] ✓ Updated: 8.22 → 8.28 (CHANGED)
[2026-01-19 08:06:59]   [emp_id: 5241] ✓ Updated: 6.22 → 6.28 (CHANGED)
[2026-01-19 08:06:59]   [emp_id: 5242] ✓ Updated: 16.22 → 16.28 (CHANGED)
[2026-01-19 08:06:59]   [emp_id: 5243] ✓ Updated: 2.63 → 2.69 (CHANGED)
[2026-01-19 08:06:59]   [emp_id: 5244] ✓ Updated: 0.66 → 0.72 (CHANGED)
[2026-01-19 08:06:59]   [emp_id: 5246] ✓ Updated: 12.22 → 12.28 (CHANGED)
[2026-01-19 08:06:59]   [emp_id: 5253] ✓ Updated: 25.09 → 25.15 (CHANGED)
[2026-01-19 08:06:59]   [emp_id: 5254] ✓ Updated: 13.07 → 13.13 (CHANGED)
[2026-01-19 08:06:59]   [emp_id: 5257] ✓ Updated: 12.78 → 12.84 (CHANGED)
[2026-01-19 08:06:59]   [emp_id: 5259] ✓ Updated: 49.31 → 49.37 (CHANGED)
[2026-01-19 08:06:59]   [emp_id: 5261] ✓ Updated: 17.34 → 17.42 (CHANGED)
[2026-01-19 08:06:59]   [emp_id: 5264] ✓ Updated: 14.79 → 14.85 (CHANGED)
[2026-01-19 08:06:59]   [emp_id: 5266] ✓ Updated: 21.41 → 21.47 (CHANGED)
[2026-01-19 08:06:59]   [emp_id: 5268] ✓ Updated: 9.98 → 10.04 (CHANGED)
[2026-01-19 08:06:59]   [emp_id: 5271] ✓ Updated: 8.64 → 8.7 (CHANGED)
[2026-01-19 08:06:59]   [emp_id: 5272] ✓ Updated: 9.51 → 9.57 (CHANGED)
[2026-01-19 08:06:59]   [emp_id: 5273] ✓ Updated: 24.58 → 24.64 (CHANGED)
[2026-01-19 08:06:59]   [emp_id: 5275] ✓ Updated: 10.33 → 10.39 (CHANGED)
[2026-01-19 08:06:59]   [emp_id: 5276] ✓ Updated: 24.6 → 24.66 (CHANGED)
[2026-01-19 08:06:59]   [emp_id: 5278] ✓ Updated: 8.99 → 9.05 (CHANGED)
[2026-01-19 08:06:59]   [emp_id: 5280] ✓ Updated: 19.39 → 19.45 (CHANGED)
[2026-01-19 08:06:59]   [emp_id: 5282] ✓ Updated: 12.82 → 12.9 (CHANGED)
[2026-01-19 08:06:59]   [emp_id: 5285] ✓ Updated: 29.39 → 29.45 (CHANGED)
[2026-01-19 08:06:59]   [emp_id: 5286] ✓ Updated: 16.39 → 16.45 (CHANGED)
[2026-01-19 08:06:59]   [emp_id: 5287] ✓ Updated: 50.69 → 50.75 (CHANGED)
[2026-01-19 08:06:59]   [emp_id: 5288] ✓ Updated: 7.96 → 8.02 (CHANGED)
[2026-01-19 08:06:59]   [emp_id: 5289] ✓ Updated: 49.24 → 49.3 (CHANGED)
[2026-01-19 08:06:59]   [emp_id: 5290] ✓ Updated: 48.01 → 48.07 (CHANGED)
[2026-01-19 08:06:59]   [emp_id: 5291] ✓ Updated: 6.01 → 6.07 (CHANGED)
[2026-01-19 08:06:59]   [emp_id: 5292] ✓ Updated: 5.95 → 6.01 (CHANGED)
[2026-01-19 08:06:59]   [emp_id: 5293] ✓ Updated: 9.08 → 9.16 (CHANGED)
[2026-01-19 08:07:00]   [emp_id: 5294] ✓ Updated: 8.74 → 8.82 (CHANGED)
[2026-01-19 08:07:00]   [emp_id: 5295] ✓ Updated: 22.19 → 22.25 (CHANGED)
[2026-01-19 08:07:00]   [emp_id: 5296] ✓ Updated: 35.76 → 35.84 (CHANGED)
[2026-01-19 08:07:00]   [emp_id: 5297] ✓ Updated: 46.61 → 46.67 (CHANGED)
[2026-01-19 08:07:00]   [emp_id: 5298] ✓ Updated: 46.61 → 46.67 (CHANGED)
[2026-01-19 08:07:00]   [emp_id: 5299] ✓ Updated: 46.61 → 46.67 (CHANGED)
[2026-01-19 08:07:00]   [emp_id: 5300] ✓ Updated: 46.61 → 46.67 (CHANGED)
[2026-01-19 08:07:00]   [emp_id: 5301] ✓ Updated: 4.43 → 4.49 (CHANGED)
[2026-01-19 08:07:00]   [emp_id: 5303] ✓ Updated: 4.86 → 4.92 (CHANGED)
[2026-01-19 08:07:00]   [emp_id: 5304] ✓ Updated: 46.61 → 46.67 (CHANGED)
[2026-01-19 08:07:00]   [emp_id: 5305] ✓ Updated: 4.61 → 4.67 (CHANGED)
[2026-01-19 08:07:00]   [emp_id: 5306] ✓ Updated: 46.32 → 46.38 (CHANGED)
[2026-01-19 08:07:00]   [emp_id: 5307] ✓ Updated: 46.32 → 46.38 (CHANGED)
[2026-01-19 08:07:00]   [emp_id: 5312] ✓ Updated: 0.66 → 0.72 (CHANGED)
[2026-01-19 08:07:00]   [emp_id: 5318] ✓ Updated: 27.03 → 27.09 (CHANGED)
[2026-01-19 08:07:00]   [emp_id: 5325] ✓ Updated: 0.99 → 1.05 (CHANGED)
[2026-01-19 08:07:00]   [emp_id: 5327] ✓ Updated: 2.08 → 2.14 (CHANGED)
[2026-01-19 08:07:00]   [emp_id: 5337] ✓ Updated: 36.65 → 36.73 (CHANGED)
[2026-01-19 08:07:00]   [emp_id: 5339] ✓ Updated: 11.18 → 11.24 (CHANGED)
[2026-01-19 08:07:00]   [emp_id: 5343] ✓ Updated: 46.57 → 46.65 (CHANGED)
[2026-01-19 08:07:00]   [emp_id: 5343] ✓ Updated: 46.57 → 46.65 (CHANGED)
[2026-01-19 08:07:00]   [emp_id: 5345] ✓ Updated: 16.4 → 16.48 (CHANGED)
[2026-01-19 08:07:00]   [emp_id: 5346] ✓ Updated: 2.9 → 2.96 (CHANGED)
[2026-01-19 08:07:00]   [emp_id: 5351] ✓ Updated: 17.84 → 17.9 (CHANGED)
[2026-01-19 08:07:00]   [emp_id: 5352] ✓ Updated: 26.82 → 26.9 (CHANGED)
[2026-01-19 08:07:00]   [emp_id: 5370] ✓ Updated: 16.49 → 16.55 (CHANGED)
[2026-01-19 08:07:00]   [emp_id: 5371] ✓ Updated: 8.57 → 8.65 (CHANGED)
[2026-01-19 08:07:00]   [emp_id: 5376] ✓ Updated: 11.09 → 11.15 (CHANGED)
[2026-01-19 08:07:00]   [emp_id: 5378] ✓ Updated: 18.65 → 18.73 (CHANGED)
[2026-01-19 08:07:00]   [emp_id: 5380] ✓ Updated: 17.5 → 17.56 (CHANGED)
[2026-01-19 08:07:00]   [emp_id: 5381] ✓ Updated: 13.09 → 13.17 (CHANGED)
[2026-01-19 08:07:00]   [emp_id: 5383] ✓ Updated: 17.4 → 17.48 (CHANGED)
[2026-01-19 08:07:00]   [emp_id: 5388] ✓ Updated: 28.28 → 28.34 (CHANGED)
[2026-01-19 08:07:00]   [emp_id: 5396] ✓ Updated: 29.52 → 29.58 (CHANGED)
[2026-01-19 08:07:00]   [emp_id: 5397] ✓ Updated: 20.98 → 21.04 (CHANGED)
[2026-01-19 08:07:00]   [emp_id: 5401] ✓ Updated: 24.09 → 24.15 (CHANGED)
[2026-01-19 08:07:00]   [emp_id: 5402] ✓ Updated: 24.21 → 24.27 (CHANGED)
[2026-01-19 08:07:00]   [emp_id: 5406] ✓ Updated: 17.93 → 17.99 (CHANGED)
[2026-01-19 08:07:00]   [emp_id: 5407] ✓ Updated: 17.17 → 17.25 (CHANGED)
[2026-01-19 08:07:00]   [emp_id: 5409] ✓ Updated: 17.27 → 17.33 (CHANGED)
[2026-01-19 08:07:00]   [emp_id: 5413] ✓ Updated: 29.57 → 29.65 (CHANGED)
[2026-01-19 08:07:00]   [emp_id: 5414] ✓ Updated: 29.24 → 29.32 (CHANGED)
[2026-01-19 08:07:01]   [emp_id: 5415] ✓ Updated: 5.17 → 5.25 (CHANGED)
[2026-01-19 08:07:01]   [emp_id: 5418] ✓ Updated: 16.33 → 16.39 (CHANGED)
[2026-01-19 08:07:01]   [emp_id: 5422] ✓ Updated: 21.9 → 21.98 (CHANGED)
[2026-01-19 08:07:01]   [emp_id: 5423] ✓ Updated: 6.59 → 6.67 (CHANGED)
[2026-01-19 08:07:01]   [emp_id: 5425] ✓ Updated: 14.88 → 14.94 (CHANGED)
[2026-01-19 08:07:01]   [emp_id: 5426] ✓ Updated: 3.14 → 3.22 (CHANGED)
[2026-01-19 08:07:01]   [emp_id: 5426] ✓ Updated: 3.14 → 3.22 (CHANGED)
[2026-01-19 08:07:01]   [emp_id: 5427] ✓ Updated: 14.99 → 15.05 (CHANGED)
[2026-01-19 08:07:01]   [emp_id: 5428] ✓ Updated: 14.88 → 14.94 (CHANGED)
[2026-01-19 08:07:01]   [emp_id: 5430] ✓ Updated: 18.96 → 19.04 (CHANGED)
[2026-01-19 08:07:01]   [emp_id: 5431] ✓ Updated: 14 → 14.06 (CHANGED)
[2026-01-19 08:07:01]   [emp_id: 5433] ✓ Updated: 14.02 → 14.08 (CHANGED)
[2026-01-19 08:07:01]   [emp_id: 5434] ✓ Updated: 13.77 → 13.83 (CHANGED)
[2026-01-19 08:07:01]   [emp_id: 5435] ✓ Updated: 13.71 → 13.77 (CHANGED)
[2026-01-19 08:07:01]   [emp_id: 5436] ✓ Updated: 13.71 → 13.77 (CHANGED)
[2026-01-19 08:07:01]   [emp_id: 5438] ✓ Updated: 16.82 → 16.9 (CHANGED)
[2026-01-19 08:07:01]   [emp_id: 5439] ✓ Updated: 26.32 → 26.4 (CHANGED)
[2026-01-19 08:07:01]   [emp_id: 5442] ✓ Updated: 15.32 → 15.4 (CHANGED)
[2026-01-19 08:07:01]   [emp_id: 5445] ✓ Updated: 8.17 → 8.23 (CHANGED)
[2026-01-19 08:07:01]   [emp_id: 5446] ✓ Updated: 8.17 → 8.23 (CHANGED)
[2026-01-19 08:07:01]   [emp_id: 5447] ✓ Updated: 8.11 → 8.17 (CHANGED)
[2026-01-19 08:07:01]   [emp_id: 5448] ✓ Updated: 2.34 → 2.42 (CHANGED)
[2026-01-19 08:07:01]   [emp_id: 5449] ✓ Updated: 6.19 → 6.25 (CHANGED)
[2026-01-19 08:07:01]   [emp_id: 5450] ✓ Updated: 6.13 → 6.19 (CHANGED)
[2026-01-19 08:07:01]   [emp_id: 5451] ✓ Updated: 6.13 → 6.19 (CHANGED)
[2026-01-19 08:07:01]   [emp_id: 5453] ✓ Updated: 5.97 → 6.03 (CHANGED)
[2026-01-19 08:07:01]   [emp_id: 5454] ✓ Updated: 8.4 → 8.48 (CHANGED)
[2026-01-19 08:07:01]   [emp_id: 5455] ✓ Updated: 2.65 → 2.73 (CHANGED)
[2026-01-19 08:07:01]   [emp_id: 5456] ✓ Updated: 7.65 → 7.73 (CHANGED)
[2026-01-19 08:07:01]   [emp_id: 5457] ✓ Updated: 5.22 → 5.28 (CHANGED)
[2026-01-19 08:07:01]   [emp_id: 5460] ✓ Updated: 6.3 → 6.38 (CHANGED)
[2026-01-19 08:07:01]   [emp_id: 5463] ✓ Updated: 5.63 → 5.71 (CHANGED)
[2026-01-19 08:07:01]   [emp_id: 5464] ✓ Updated: 5.63 → 5.71 (CHANGED)
[2026-01-19 08:07:01]   [emp_id: 5466] ✓ Updated: 3.38 → 3.46 (CHANGED)
[2026-01-19 08:07:01]   [emp_id: 5467] ✓ Updated: 2.3 → 2.38 (CHANGED)
[2026-01-19 08:07:01]   [emp_id: 5468] ✓ Updated: 1.25 → 1.33 (CHANGED)
[2026-01-19 08:07:01]   [emp_id: 5469] ✓ Updated: 1.16 → 1.24 (CHANGED)
[2026-01-19 08:07:01]   [emp_id: 5470] ✓ Updated: 0.83 → 0.91 (CHANGED)
[2026-01-19 08:07:01] Report saved to: D:\xampp\htdocs\almutlak\system/cron_logs/last_vacation_update_report.json
[2026-01-19 09:08:38] ========== CRON: Vacation Balance Update Started ==========
[2026-01-19 16:46:46] ========== CRON: Vacation Balance Update Started ==========
