[2025-12-30 00:30:01] ========== CRON: Vacation Balance Update Started ==========
[2025-12-30 00:30:01] Database connection established
[2025-12-30 00:30:01] Found 428 active employees with balance records to update
[2025-12-30 00:30:01] (Only employees with status=1 will be processed)
[2025-12-30 00:30:01]   [emp_id: 1061] ✓ Updated: 0 → 0.08 (CHANGED)
[2025-12-30 00:30:01]   [emp_id: 1496] ✓ Updated: 16.13 → 16.21 (CHANGED)
[2025-12-30 00:30:01]   [emp_id: 1500] ✓ Updated: 3.81 → 3.89 (CHANGED)
[2025-12-30 00:30:01]   [emp_id: 1574] ✓ Updated: 33.04 → 33.12 (CHANGED)
[2025-12-30 00:30:01]   [emp_id: 1673] ✓ Updated: 44.54 → 44.62 (CHANGED)
[2025-12-30 00:30:01]   [emp_id: 1685] ✓ Updated: 14.46 → 14.54 (CHANGED)
[2025-12-30 00:30:01]   [emp_id: 1764] ✓ Updated: 69.13 → 69.21 (CHANGED)
[2025-12-30 00:30:01]   [emp_id: 1805] ✓ Updated: 63.46 → 63.54 (CHANGED)
[2025-12-30 00:30:01]   [emp_id: 1822] ✓ Updated: 68.21 → 68.29 (CHANGED)
[2025-12-30 00:30:01]   [emp_id: 1837] ✓ Updated: 24.38 → 24.46 (CHANGED)
[2025-12-30 00:30:01]   [emp_id: 1857] ✓ Updated: 19.71 → 19.79 (CHANGED)
[2025-12-30 00:30:01]   [emp_id: 1861] ✓ Updated: 70.54 → 70.62 (CHANGED)
[2025-12-30 00:30:01]   [emp_id: 1872] ✓ Updated: 9.38 → 9.46 (CHANGED)
[2025-12-30 00:30:01]   [emp_id: 1897] ✓ Updated: 4.71 → 4.79 (CHANGED)
[2025-12-30 00:30:01]   [emp_id: 1916] ✓ Updated: 11.01 → 11.09 (CHANGED)
[2025-12-30 00:30:01]   [emp_id: 1928] ✓ Updated: 63.96 → 64.04 (CHANGED)
[2025-12-30 00:30:01]   [emp_id: 1931] ✓ Updated: 83.88 → 83.96 (CHANGED)
[2025-12-30 00:30:01]   [emp_id: 1944] ✓ Updated: 42.04 → 42.12 (CHANGED)
[2025-12-30 00:30:01]   [emp_id: 1996] ✓ Updated: 70.54 → 70.62 (CHANGED)
[2025-12-30 00:30:01]   [emp_id: 1997] ✓ Updated: 35.71 → 35.79 (CHANGED)
[2025-12-30 00:30:01]   [emp_id: 1998] ✓ Updated: 27.15 → 27.23 (CHANGED)
[2025-12-30 00:30:01]   [emp_id: 1999] ✓ Updated: 28.15 → 28.23 (CHANGED)
[2025-12-30 00:30:01]   [emp_id: 2009] ✓ Updated: 34.46 → 34.54 (CHANGED)
[2025-12-30 00:30:01]   [emp_id: 2048] ✓ Updated: 24.29 → 24.37 (CHANGED)
[2025-12-30 00:30:01]   [emp_id: 2057] ✓ Updated: 65.13 → 65.21 (CHANGED)
[2025-12-30 00:30:02]   [emp_id: 2079] ✓ Updated: 47.46 → 47.54 (CHANGED)
[2025-12-30 00:30:02]   [emp_id: 2181] ✓ Updated: 36.46 → 36.54 (CHANGED)
[2025-12-30 00:30:02]   [emp_id: 2190] ✓ Updated: 5.79 → 5.87 (CHANGED)
[2025-12-30 00:30:02]   [emp_id: 2212] ✓ Updated: 23.79 → 23.87 (CHANGED)
[2025-12-30 00:30:02]   [emp_id: 2226] ✓ Updated: 68.54 → 68.62 (CHANGED)
[2025-12-30 00:30:02]   [emp_id: 2238] ✓ Updated: 66.79 → 66.87 (CHANGED)
[2025-12-30 00:30:02]   [emp_id: 2285] ✓ Updated: 35.46 → 35.54 (CHANGED)
[2025-12-30 00:30:02]   [emp_id: 2287] ✓ Updated: 47.13 → 47.21 (CHANGED)
[2025-12-30 00:30:02]   [emp_id: 2288] ✓ Updated: 2.15 → 2.23 (CHANGED)
[2025-12-30 00:30:02]   [emp_id: 2316] ✓ Updated: 15.96 → 16.04 (CHANGED)
[2025-12-30 00:30:02]   [emp_id: 2337] ✓ Updated: 37.04 → 37.12 (CHANGED)
[2025-12-30 00:30:02]   [emp_id: 2352] ✓ Updated: 68.54 → 68.62 (CHANGED)
[2025-12-30 00:30:02]   [emp_id: 2358] ✓ Updated: 5.04 → 5.12 (CHANGED)
[2025-12-30 00:30:02]   [emp_id: 2361] ✓ Updated: 70.71 → 70.79 (CHANGED)
[2025-12-30 00:30:02]   [emp_id: 2363] ✓ Updated: 73.29 → 73.37 (CHANGED)
[2025-12-30 00:30:02]   [emp_id: 2364] ✓ Updated: 72.71 → 72.79 (CHANGED)
[2025-12-30 00:30:02]   [emp_id: 2367] ✓ Updated: 100.38 → 100.46 (CHANGED)
[2025-12-30 00:30:02]   [emp_id: 2368] ✓ Updated: 30.79 → 30.87 (CHANGED)
[2025-12-30 00:30:02]   [emp_id: 2372] ✓ Updated: 68.04 → 68.12 (CHANGED)
[2025-12-30 00:30:02]   [emp_id: 2376] ✓ Updated: 118.04 → 118.12 (CHANGED)
[2025-12-30 00:30:02]   [emp_id: 2423] ✓ Updated: 18.79 → 18.87 (CHANGED)
[2025-12-30 00:30:02]   [emp_id: 2519] ✓ Updated: 172.46 → 172.54 (CHANGED)
[2025-12-30 00:30:02]   [emp_id: 2522] ✓ Updated: 56.04 → 56.12 (CHANGED)
[2025-12-30 00:30:02]   [emp_id: 2530] ✓ Updated: 51.29 → 51.37 (CHANGED)
[2025-12-30 00:30:02]   [emp_id: 2539] ✓ Updated: 48.04 → 48.12 (CHANGED)
[2025-12-30 00:30:02]   [emp_id: 2541] ✓ Updated: 28.63 → 28.71 (CHANGED)
[2025-12-30 00:30:02]   [emp_id: 2550] ✓ Updated: 94.79 → 94.87 (CHANGED)
[2025-12-30 00:30:02]   [emp_id: 2553] ✓ Updated: 31.9 → 31.98 (CHANGED)
[2025-12-30 00:30:02]   [emp_id: 2554] ✓ Updated: 38.38 → 38.46 (CHANGED)
[2025-12-30 00:30:02]   [emp_id: 2565] ✓ Updated: 92.96 → 93.04 (CHANGED)
[2025-12-30 00:30:02]   [emp_id: 2572] ✓ Updated: 42.96 → 43.04 (CHANGED)
[2025-12-30 00:30:02]   [emp_id: 2637] ✓ Updated: 63.54 → 63.62 (CHANGED)
[2025-12-30 00:30:02]   [emp_id: 2642] ✓ Updated: 76.29 → 76.37 (CHANGED)
[2025-12-30 00:30:02]   [emp_id: 2645] ✓ Updated: 92.29 → 92.37 (CHANGED)
[2025-12-30 00:30:02]   [emp_id: 2648] ✓ Updated: 43.96 → 44.04 (CHANGED)
[2025-12-30 00:30:02]   [emp_id: 2654] ✓ Updated: 86.63 → 86.71 (CHANGED)
[2025-12-30 00:30:02]   [emp_id: 2688] ✓ Updated: 24.71 → 24.79 (CHANGED)
[2025-12-30 00:30:02]   [emp_id: 2690] ✓ Updated: 13.46 → 13.54 (CHANGED)
[2025-12-30 00:30:02]   [emp_id: 2709] ✓ Updated: 35.71 → 35.79 (CHANGED)
[2025-12-30 00:30:02]   [emp_id: 2745] ✓ Updated: 32.29 → 32.37 (CHANGED)
[2025-12-30 00:30:02]   [emp_id: 2843] ✓ Updated: 78.88 → 78.96 (CHANGED)
[2025-12-30 00:30:02]   [emp_id: 2854] ✓ Updated: 58.79 → 58.87 (CHANGED)
[2025-12-30 00:30:02]   [emp_id: 2869] ✓ Updated: 63.71 → 63.79 (CHANGED)
[2025-12-30 00:30:02]   [emp_id: 2876] ✓ Updated: 33.54 → 33.62 (CHANGED)
[2025-12-30 00:30:02]   [emp_id: 2924] ✓ Updated: 14.71 → 14.79 (CHANGED)
[2025-12-30 00:30:02]   [emp_id: 2953] ✓ Updated: 100.46 → 100.54 (CHANGED)
[2025-12-30 00:30:02]   [emp_id: 2961] ✓ Updated: 10.46 → 10.54 (CHANGED)
[2025-12-30 00:30:02]   [emp_id: 2975] ✓ Updated: 3.56 → 3.64 (CHANGED)
[2025-12-30 00:30:02]   [emp_id: 3013] ✓ Updated: 9.46 → 9.54 (CHANGED)
[2025-12-30 00:30:02]   [emp_id: 3014] ✓ Updated: 88.71 → 88.79 (CHANGED)
[2025-12-30 00:30:02]   [emp_id: 3015] ✓ Updated: 39.96 → 40.04 (CHANGED)
[2025-12-30 00:30:02]   [emp_id: 3018] ✓ Updated: 58.71 → 58.79 (CHANGED)
[2025-12-30 00:30:02]   [emp_id: 3025] ✓ Updated: 22.48 → 22.56 (CHANGED)
[2025-12-30 00:30:02]   [emp_id: 3037] ✓ Updated: 82.21 → 82.29 (CHANGED)
[2025-12-30 00:30:02]   [emp_id: 3047] ✓ Updated: 70.46 → 70.54 (CHANGED)
[2025-12-30 00:30:02]   [emp_id: 3061] ✓ Updated: 17.38 → 17.46 (CHANGED)
[2025-12-30 00:30:02]   [emp_id: 3062] ✓ Updated: 50.54 → 50.62 (CHANGED)
[2025-12-30 00:30:02]   [emp_id: 3074] ✓ Updated: 106.96 → 107.04 (CHANGED)
[2025-12-30 00:30:02]   [emp_id: 3089] ✓ Updated: 5.88 → 5.96 (CHANGED)
[2025-12-30 00:30:02]   [emp_id: 3090] ✓ Updated: 32.46 → 32.54 (CHANGED)
[2025-12-30 00:30:02]   [emp_id: 3091] ✓ Updated: 44.46 → 44.54 (CHANGED)
[2025-12-30 00:30:02]   [emp_id: 3092] ✓ Updated: 27.13 → 27.21 (CHANGED)
[2025-12-30 00:30:02]   [emp_id: 3105] ✓ Updated: 47.46 → 47.54 (CHANGED)
[2025-12-30 00:30:02]   [emp_id: 3134] ✓ Updated: 43.21 → 43.29 (CHANGED)
[2025-12-30 00:30:02]   [emp_id: 3140] ✓ Updated: 40.29 → 40.37 (CHANGED)
[2025-12-30 00:30:02]   [emp_id: 3144] ✓ Updated: 13.13 → 13.21 (CHANGED)
[2025-12-30 00:30:02]   [emp_id: 3156] ✓ Updated: 16.46 → 16.54 (CHANGED)
[2025-12-30 00:30:02]   [emp_id: 3162] ✓ Updated: 1.44 → 1.52 (CHANGED)
[2025-12-30 00:30:02]   [emp_id: 3163] ✓ Updated: 4.71 → 4.79 (CHANGED)
[2025-12-30 00:30:02]   [emp_id: 3198] ✓ Updated: 39.71 → 39.79 (CHANGED)
[2025-12-30 00:30:02]   [emp_id: 3205] ✓ Updated: 16.38 → 16.46 (CHANGED)
[2025-12-30 00:30:02]   [emp_id: 3209] ✓ Updated: 40.54 → 40.62 (CHANGED)
[2025-12-30 00:30:02]   [emp_id: 3223] ✓ Updated: 89.46 → 89.54 (CHANGED)
[2025-12-30 00:30:02]   [emp_id: 3224] ✓ Updated: 64.21 → 64.29 (CHANGED)
[2025-12-30 00:30:02]   [emp_id: 3230] ✓ Updated: 87.63 → 87.71 (CHANGED)
[2025-12-30 00:30:02]   [emp_id: 3231] ✓ Updated: 0 → 0.08 (CHANGED)
[2025-12-30 00:30:02]   [emp_id: 3233] ✓ Updated: 80.46 → 80.54 (CHANGED)
[2025-12-30 00:30:02]   [emp_id: 3249] ✓ Updated: 36.29 → 36.37 (CHANGED)
[2025-12-30 00:30:02]   [emp_id: 3250] ✓ Updated: 9.29 → 9.37 (CHANGED)
[2025-12-30 00:30:02]   [emp_id: 3252] ✓ Updated: 10.21 → 10.29 (CHANGED)
[2025-12-30 00:30:02]   [emp_id: 3254] ✓ Updated: 20.71 → 20.79 (CHANGED)
[2025-12-30 00:30:02]   [emp_id: 3255] ✓ Updated: 17.13 → 17.21 (CHANGED)
[2025-12-30 00:30:02]   [emp_id: 3256] ✓ Updated: 13.38 → 13.46 (CHANGED)
[2025-12-30 00:30:02]   [emp_id: 3263] ✓ Updated: 29.46 → 29.54 (CHANGED)
[2025-12-30 00:30:02]   [emp_id: 3265] ✓ Updated: 25.04 → 25.12 (CHANGED)
[2025-12-30 00:30:02]   [emp_id: 3280] ✓ Updated: 71.96 → 72.04 (CHANGED)
[2025-12-30 00:30:02]   [emp_id: 3286] ✓ Updated: 15.13 → 15.21 (CHANGED)
[2025-12-30 00:30:02]   [emp_id: 3294] ✓ Updated: 14.79 → 14.87 (CHANGED)
[2025-12-30 00:30:02]   [emp_id: 3321] ✓ Updated: 71.96 → 72.04 (CHANGED)
[2025-12-30 00:30:02]   [emp_id: 3325] ✓ Updated: 59.71 → 59.79 (CHANGED)
[2025-12-30 00:30:02]   [emp_id: 3329] ✓ Updated: 62.04 → 62.12 (CHANGED)
[2025-12-30 00:30:02]   [emp_id: 3330] ✓ Updated: 62.04 → 62.12 (CHANGED)
[2025-12-30 00:30:02]   [emp_id: 3332] ✓ Updated: 62.04 → 62.12 (CHANGED)
[2025-12-30 00:30:02]   [emp_id: 3370] ✓ Updated: 53.71 → 53.79 (CHANGED)
[2025-12-30 00:30:02]   [emp_id: 3384] ✓ Updated: 14.21 → 14.29 (CHANGED)
[2025-12-30 00:30:02]   [emp_id: 3386] ✓ Updated: 44.21 → 44.29 (CHANGED)
[2025-12-30 00:30:02]   [emp_id: 3431] ✓ Updated: 18.63 → 18.71 (CHANGED)
[2025-12-30 00:30:02]   [emp_id: 3497] ✓ Updated: 8.79 → 8.87 (CHANGED)
[2025-12-30 00:30:02]   [emp_id: 3532] ✓ Updated: 45.63 → 45.71 (CHANGED)
[2025-12-30 00:30:02]   [emp_id: 3586] ✓ Updated: 9.71 → 9.79 (CHANGED)
[2025-12-30 00:30:02]   [emp_id: 3602] ✓ Updated: 1.2 → 1.28 (CHANGED)
[2025-12-30 00:30:02]   [emp_id: 3618] ✓ Updated: 23.18 → 23.26 (CHANGED)
[2025-12-30 00:30:02]   [emp_id: 3622] ✓ Updated: 34.25 → 34.3 (CHANGED)
[2025-12-30 00:30:02]   [emp_id: 3627] ✓ Updated: 9.13 → 9.21 (CHANGED)
[2025-12-30 00:30:02]   [emp_id: 3665] ✓ Updated: 50.71 → 50.79 (CHANGED)
[2025-12-30 00:30:02]   [emp_id: 3705] ✓ Updated: 27.58 → 27.63 (CHANGED)
[2025-12-30 00:30:02]   [emp_id: 3724] ✓ Updated: 43.71 → 43.79 (CHANGED)
[2025-12-30 00:30:02]   [emp_id: 3726] ✓ Updated: 60.13 → 60.21 (CHANGED)
[2025-12-30 00:30:02]   [emp_id: 3727] ✓ Updated: 65.21 → 65.29 (CHANGED)
[2025-12-30 00:30:02]   [emp_id: 3728] ✓ Updated: 9.54 → 9.62 (CHANGED)
[2025-12-30 00:30:02]   [emp_id: 3742] ✓ Updated: 32.71 → 32.79 (CHANGED)
[2025-12-30 00:30:02]   [emp_id: 3767] ✓ Updated: 60.29 → 60.37 (CHANGED)
[2025-12-30 00:30:02]   [emp_id: 3768] ✓ Updated: 56.54 → 56.62 (CHANGED)
[2025-12-30 00:30:02]   [emp_id: 3787] ✓ Updated: 57.13 → 57.21 (CHANGED)
[2025-12-30 00:30:02]   [emp_id: 3790] ✓ Updated: 1.68 → 1.76 (CHANGED)
[2025-12-30 00:30:02]   [emp_id: 3795] ✓ Updated: 14.63 → 14.71 (CHANGED)
[2025-12-30 00:30:02]   [emp_id: 3798] ✓ Updated: 93.04 → 93.12 (CHANGED)
[2025-12-30 00:30:02]   [emp_id: 3801] ✓ Updated: 1.31 → 1.39 (CHANGED)
[2025-12-30 00:30:02]   [emp_id: 3802] ✓ Updated: 30.29 → 30.37 (CHANGED)
[2025-12-30 00:30:02]   [emp_id: 3803] ✓ Updated: 114.71 → 114.79 (CHANGED)
[2025-12-30 00:30:02]   [emp_id: 3810] ✓ Updated: 60.71 → 60.79 (CHANGED)
[2025-12-30 00:30:03]   [emp_id: 3812] ✓ Updated: 89.71 → 89.79 (CHANGED)
[2025-12-30 00:30:03]   [emp_id: 3815] ✓ Updated: 89.71 → 89.79 (CHANGED)
[2025-12-30 00:30:03]   [emp_id: 3836] ✓ Updated: 57.38 → 57.46 (CHANGED)
[2025-12-30 00:30:03]   [emp_id: 3855] ✓ Updated: 50.54 → 50.62 (CHANGED)
[2025-12-30 00:30:03]   [emp_id: 3857] ✓ Updated: 54.21 → 54.29 (CHANGED)
[2025-12-30 00:30:03]   [emp_id: 3862] ✓ Updated: 102.29 → 102.37 (CHANGED)
[2025-12-30 00:30:03]   [emp_id: 3866] ✓ Updated: 27.54 → 27.62 (CHANGED)
[2025-12-30 00:30:03]   [emp_id: 3876] ✓ Updated: 47.71 → 47.79 (CHANGED)
[2025-12-30 00:30:03]   [emp_id: 3877] ✓ Updated: 49.21 → 49.29 (CHANGED)
[2025-12-30 00:30:03]   [emp_id: 3897] ✓ Updated: 37.46 → 37.54 (CHANGED)
[2025-12-30 00:30:03]   [emp_id: 3899] ✓ Updated: 0.64 → 0.72 (CHANGED)
[2025-12-30 00:30:03]   [emp_id: 3928] ✓ Updated: 13.54 → 13.62 (CHANGED)
[2025-12-30 00:30:03]   [emp_id: 3929] ✓ Updated: 8.54 → 8.62 (CHANGED)
[2025-12-30 00:30:03]   [emp_id: 3935] ✓ Updated: 93.54 → 93.62 (CHANGED)
[2025-12-30 00:30:03]   [emp_id: 3952] ✓ Updated: 75.88 → 75.96 (CHANGED)
[2025-12-30 00:30:03]   [emp_id: 3987] ✓ Updated: 13.79 → 13.87 (CHANGED)
[2025-12-30 00:30:03]   [emp_id: 4059] ✓ Updated: 2.99 → 3.07 (CHANGED)
[2025-12-30 00:30:03]   [emp_id: 4119] ✓ Updated: 56.46 → 56.54 (CHANGED)
[2025-12-30 00:30:03]   [emp_id: 4120] ✓ Updated: 26.04 → 26.12 (CHANGED)
[2025-12-30 00:30:03]   [emp_id: 4124] ✓ Updated: 26.56 → 26.64 (CHANGED)
[2025-12-30 00:30:03]   [emp_id: 4133] ✓ Updated: 105.04 → 105.12 (CHANGED)
[2025-12-30 00:30:03]   [emp_id: 4134] ✓ Updated: 26.04 → 26.12 (CHANGED)
[2025-12-30 00:30:03]   [emp_id: 4136] ✓ Updated: 26.04 → 26.12 (CHANGED)
[2025-12-30 00:30:03]   [emp_id: 4150] ✓ Updated: 24.71 → 24.79 (CHANGED)
[2025-12-30 00:30:03]   [emp_id: 4157] ✓ Updated: 18.21 → 18.29 (CHANGED)
[2025-12-30 00:30:03]   [emp_id: 4172] ✓ Updated: 12.16 → 12.21 (CHANGED)
[2025-12-30 00:30:03]   [emp_id: 4195] ✓ Updated: 61.79 → 61.87 (CHANGED)
[2025-12-30 00:30:03]   [emp_id: 4215] ✓ Updated: 44.46 → 44.54 (CHANGED)
[2025-12-30 00:30:03]   [emp_id: 4220] ✓ Updated: 40.04 → 40.12 (CHANGED)
[2025-12-30 00:30:03]   [emp_id: 4273] ✓ Updated: 8.71 → 8.79 (CHANGED)
[2025-12-30 00:30:03]   [emp_id: 4283] ✓ Updated: 13.25 → 13.3 (CHANGED)
[2025-12-30 00:30:03]   [emp_id: 4288] ✓ Updated: 0.96 → 1.04 (CHANGED)
[2025-12-30 00:30:03]   [emp_id: 4315] ✓ Updated: 11.96 → 12.04 (CHANGED)
[2025-12-30 00:30:03]   [emp_id: 4328] ✓ Updated: 42.08 → 42.13 (CHANGED)
[2025-12-30 00:30:03]   [emp_id: 4329] ✓ Updated: 5.13 → 5.21 (CHANGED)
[2025-12-30 00:30:03]   [emp_id: 4338] ✓ Updated: 46.71 → 46.79 (CHANGED)
[2025-12-30 00:30:03]   [emp_id: 4340] ✓ Updated: 125.71 → 125.79 (CHANGED)
[2025-12-30 00:30:03]   [emp_id: 4365] ✓ Updated: 60.13 → 60.21 (CHANGED)
[2025-12-30 00:30:03]   [emp_id: 4366] ✓ Updated: 59.21 → 59.29 (CHANGED)
[2025-12-30 00:30:03]   [emp_id: 4403] ✓ Updated: 85.04 → 85.12 (CHANGED)
[2025-12-30 00:30:03]   [emp_id: 4438] ✓ Updated: 20.71 → 20.79 (CHANGED)
[2025-12-30 00:30:03]   [emp_id: 4465] ✓ Updated: 12.41 → 12.46 (CHANGED)
[2025-12-30 00:30:03]   [emp_id: 4473] ✓ Updated: 44.29 → 44.37 (CHANGED)
[2025-12-30 00:30:03]   [emp_id: 4474] ✓ Updated: 0 → 0.05 (CHANGED)
[2025-12-30 00:30:03]   [emp_id: 4493] ✓ Updated: 163.13 → 163.21 (CHANGED)
[2025-12-30 00:30:03]   [emp_id: 4526] ✓ Updated: 35.38 → 35.46 (CHANGED)
[2025-12-30 00:30:03]   [emp_id: 4528] ✓ Updated: 107.13 → 107.21 (CHANGED)
[2025-12-30 00:30:03]   [emp_id: 4528] ✓ Updated: 107.13 → 107.21 (CHANGED)
[2025-12-30 00:30:03]   [emp_id: 4532] ✓ Updated: 7.53 → 7.58 (CHANGED)
[2025-12-30 00:30:03]   [emp_id: 4533] ✓ Updated: 35.54 → 35.62 (CHANGED)
[2025-12-30 00:30:03]   [emp_id: 4564] ✓ Updated: 25.16 → 25.21 (CHANGED)
[2025-12-30 00:30:03]   [emp_id: 4565] ✓ Updated: 14.91 → 14.96 (CHANGED)
[2025-12-30 00:30:03]   [emp_id: 4567] ✓ Updated: 19.16 → 19.21 (CHANGED)
[2025-12-30 00:30:03]   [emp_id: 4572] ✓ Updated: 58.66 → 58.71 (CHANGED)
[2025-12-30 00:30:03]   [emp_id: 4631] ✓ Updated: 14.91 → 14.96 (CHANGED)
[2025-12-30 00:30:03]   [emp_id: 4655] ✓ Updated: 24.46 → 24.54 (CHANGED)
[2025-12-30 00:30:03]   [emp_id: 4689] ✓ Updated: 2.23 → 2.31 (CHANGED)
[2025-12-30 00:30:03]   [emp_id: 4709] ✓ Updated: 39.71 → 39.79 (CHANGED)
[2025-12-30 00:30:03]   [emp_id: 4717] ✓ Updated: 65.71 → 65.79 (CHANGED)
[2025-12-30 00:30:03]   [emp_id: 4736] ✓ Updated: 27.54 → 27.62 (CHANGED)
[2025-12-30 00:30:03]   [emp_id: 4756] ✓ Updated: 11.35 → 11.4 (CHANGED)
[2025-12-30 00:30:03]   [emp_id: 4768] ✓ Updated: 12.21 → 12.29 (CHANGED)
[2025-12-30 00:30:03]   [emp_id: 4780] ✓ Updated: 65.08 → 65.13 (CHANGED)
[2025-12-30 00:30:03]   [emp_id: 4820] ✓ Updated: 98.54 → 98.62 (CHANGED)
[2025-12-30 00:30:03]   [emp_id: 4825] ✓ Updated: 30.29 → 30.37 (CHANGED)
[2025-12-30 00:30:03]   [emp_id: 4835] ✓ Updated: 47.83 → 47.88 (CHANGED)
[2025-12-30 00:30:03]   [emp_id: 4837] ✓ Updated: 45.07 → 45.12 (CHANGED)
[2025-12-30 00:30:03]   [emp_id: 4838] ✓ Updated: 44.09 → 44.14 (CHANGED)
[2025-12-30 00:30:03]   [emp_id: 4840] ✓ Updated: 45.07 → 45.12 (CHANGED)
[2025-12-30 00:30:03]   [emp_id: 4842] ✓ Updated: 44.31 → 44.36 (CHANGED)
[2025-12-30 00:30:03]   [emp_id: 4843] ✓ Updated: 44.84 → 44.89 (CHANGED)
[2025-12-30 00:30:03]   [emp_id: 4853] ✓ Updated: 88.66 → 88.71 (CHANGED)
[2025-12-30 00:30:03]   [emp_id: 4856] ✓ Updated: 41.98 → 42.03 (CHANGED)
[2025-12-30 00:30:03]   [emp_id: 4857] ✓ Updated: 24.8 → 24.85 (CHANGED)
[2025-12-30 00:30:03]   [emp_id: 4858] ✓ Updated: 21.68 → 21.73 (CHANGED)
[2025-12-30 00:30:03]   [emp_id: 4859] ✓ Updated: 43.15 → 43.2 (CHANGED)
[2025-12-30 00:30:03]   [emp_id: 4860] ✓ Updated: 7.65 → 7.7 (CHANGED)
[2025-12-30 00:30:03]   [emp_id: 4861] ✓ Updated: 41.11 → 41.16 (CHANGED)
[2025-12-30 00:30:03]   [emp_id: 4869] ✓ Updated: 83.99 → 84.04 (CHANGED)
[2025-12-30 00:30:03]   [emp_id: 4894] ✓ Updated: 7.21 → 7.29 (CHANGED)
[2025-12-30 00:30:03]   [emp_id: 4897] ✓ Updated: 22.89 → 22.94 (CHANGED)
[2025-12-30 00:30:03]   [emp_id: 4899] ✓ Updated: 19.06 → 19.11 (CHANGED)
[2025-12-30 00:30:03]   [emp_id: 4902] ✓ Updated: 18.48 → 18.53 (CHANGED)
[2025-12-30 00:30:03]   [emp_id: 4903] ✓ Updated: 20.7 → 20.75 (CHANGED)
[2025-12-30 00:30:03]   [emp_id: 4905] ✓ Updated: 19.36 → 19.41 (CHANGED)
[2025-12-30 00:30:03]   [emp_id: 4907] ✓ Updated: 47.29 → 47.37 (CHANGED)
[2025-12-30 00:30:03]   [emp_id: 4917] ✓ Updated: 16.32 → 16.37 (CHANGED)
[2025-12-30 00:30:03]   [emp_id: 4918] ✓ Updated: 6.09 → 6.14 (CHANGED)
[2025-12-30 00:30:03]   [emp_id: 4919] ✓ Updated: 58.38 → 58.43 (CHANGED)
[2025-12-30 00:30:03]   [emp_id: 4920] ✓ Updated: 5.46 → 5.51 (CHANGED)
[2025-12-30 00:30:03]   [emp_id: 4921] ✓ Updated: 17.55 → 17.6 (CHANGED)
[2025-12-30 00:30:03]   [emp_id: 4927] ✓ Updated: 16.38 → 16.43 (CHANGED)
[2025-12-30 00:30:03]   [emp_id: 4929] ✓ Updated: 17.9 → 17.95 (CHANGED)
[2025-12-30 00:30:03]   [emp_id: 4930] ✓ Updated: 58.67 → 58.72 (CHANGED)
[2025-12-30 00:30:03]   [emp_id: 4932] ✓ Updated: 16.67 → 16.72 (CHANGED)
[2025-12-30 00:30:03]   [emp_id: 4933] ✓ Updated: 20.08 → 20.13 (CHANGED)
[2025-12-30 00:30:03]   [emp_id: 4949] ✓ Updated: 35.51 → 35.56 (CHANGED)
[2025-12-30 00:30:03]   [emp_id: 4956] ✓ Updated: 29.1 → 29.15 (CHANGED)
[2025-12-30 00:30:03]   [emp_id: 4957] ✓ Updated: 29.77 → 29.82 (CHANGED)
[2025-12-30 00:30:03]   [emp_id: 4962] ✓ Updated: 46.65 → 46.73 (CHANGED)
[2025-12-30 00:30:03]   [emp_id: 4969] ✓ Updated: 45.96 → 46.04 (CHANGED)
[2025-12-30 00:30:03]   [emp_id: 4976] ✓ Updated: 9.79 → 9.84 (CHANGED)
[2025-12-30 00:30:03]   [emp_id: 4984] ✓ Updated: 37.21 → 37.29 (CHANGED)
[2025-12-30 00:30:03]   [emp_id: 4995] ✓ Updated: 49.28 → 49.36 (CHANGED)
[2025-12-30 00:30:03]   [emp_id: 5004] ✓ Updated: 26.73 → 26.78 (CHANGED)
[2025-12-30 00:30:03]   [emp_id: 5006] ✓ Updated: 26.47 → 26.52 (CHANGED)
[2025-12-30 00:30:03]   [emp_id: 5011] ✓ Updated: 12.88 → 12.96 (CHANGED)
[2025-12-30 00:30:03]   [emp_id: 5013] ✓ Updated: 66.84 → 66.89 (CHANGED)
[2025-12-30 00:30:03]   [emp_id: 5018] ✓ Updated: 3.33 → 3.38 (CHANGED)
[2025-12-30 00:30:03]   [emp_id: 5021] ✓ Updated: 60.31 → 60.39 (CHANGED)
[2025-12-30 00:30:03]   [emp_id: 5024] ✓ Updated: 1.35 → 1.4 (CHANGED)
[2025-12-30 00:30:03]   [emp_id: 5030] ✓ Updated: 31.3 → 31.35 (CHANGED)
[2025-12-30 00:30:03]   [emp_id: 5033] ✓ Updated: 22.1 → 22.15 (CHANGED)
[2025-12-30 00:30:03]   [emp_id: 5043] ✓ Updated: 29.88 → 29.96 (CHANGED)
[2025-12-30 00:30:03]   [emp_id: 5045] ✓ Updated: 26.38 → 26.46 (CHANGED)
[2025-12-30 00:30:03]   [emp_id: 5046] ✓ Updated: 21.57 → 21.65 (CHANGED)
[2025-12-30 00:30:03]   [emp_id: 5049] ✓ Updated: 38.78 → 38.83 (CHANGED)
[2025-12-30 00:30:03]   [emp_id: 5052] ✓ Updated: 30.06 → 30.11 (CHANGED)
[2025-12-30 00:30:03]   [emp_id: 5055] ✓ Updated: 18.5 → 18.55 (CHANGED)
[2025-12-30 00:30:03]   [emp_id: 5058] ✓ Updated: 27.48 → 27.53 (CHANGED)
[2025-12-30 00:30:03]   [emp_id: 5062] ✓ Updated: 39.31 → 39.36 (CHANGED)
[2025-12-30 00:30:03]   [emp_id: 5064] ✓ Updated: 117.21 → 117.29 (CHANGED)
[2025-12-30 00:30:03]   [emp_id: 5065] ✓ Updated: 38.72 → 38.77 (CHANGED)
[2025-12-30 00:30:03]   [emp_id: 5071] ✓ Updated: 22.71 → 22.79 (CHANGED)
[2025-12-30 00:30:03]   [emp_id: 5073] ✓ Updated: 13.32 → 13.37 (CHANGED)
[2025-12-30 00:30:03]   [emp_id: 5079] ✓ Updated: 33.88 → 33.93 (CHANGED)
[2025-12-30 00:30:03]   [emp_id: 5080] ✓ Updated: 29.21 → 29.26 (CHANGED)
[2025-12-30 00:30:03]   [emp_id: 5081] ✓ Updated: 15.47 → 15.52 (CHANGED)
[2025-12-30 00:30:03]   [emp_id: 5087] ✓ Updated: 35.51 → 35.56 (CHANGED)
[2025-12-30 00:30:03]   [emp_id: 5091] ✓ Updated: 75.36 → 75.41 (CHANGED)
[2025-12-30 00:30:03]   [emp_id: 5093] ✓ Updated: 13.88 → 13.96 (CHANGED)
[2025-12-30 00:30:03]   [emp_id: 5095] ✓ Updated: 0.9 → 0.95 (CHANGED)
[2025-12-30 00:30:03]   [emp_id: 5101] ✓ Updated: 15.96 → 16.04 (CHANGED)
[2025-12-30 00:30:03]   [emp_id: 5107] ✓ Updated: 14.29 → 14.37 (CHANGED)
[2025-12-30 00:30:03]   [emp_id: 5109] ✓ Updated: 11.54 → 11.62 (CHANGED)
[2025-12-30 00:30:03]   [emp_id: 5119] ✓ Updated: 9.71 → 9.79 (CHANGED)
[2025-12-30 00:30:03]   [emp_id: 5122] ✓ Updated: 6.88 → 6.96 (CHANGED)
[2025-12-30 00:30:03]   [emp_id: 5126] ✓ Updated: 26.24 → 26.29 (CHANGED)
[2025-12-30 00:30:03]   [emp_id: 5127] ✓ Updated: 23.03 → 23.08 (CHANGED)
[2025-12-30 00:30:03]   [emp_id: 5128] ✓ Updated: 26.18 → 26.23 (CHANGED)
[2025-12-30 00:30:03]   [emp_id: 5138] ✓ Updated: 65.54 → 65.62 (CHANGED)
[2025-12-30 00:30:03]   [emp_id: 5138] ✓ Updated: 65.54 → 65.62 (CHANGED)
[2025-12-30 00:30:03]   [emp_id: 5141] ✓ Updated: 34.55 → 34.6 (CHANGED)
[2025-12-30 00:30:03]   [emp_id: 5142] ✓ Updated: 13.55 → 13.6 (CHANGED)
[2025-12-30 00:30:03]   [emp_id: 5146] ✓ Updated: 20.55 → 20.6 (CHANGED)
[2025-12-30 00:30:03]   [emp_id: 5147] ✓ Updated: 19.55 → 19.6 (CHANGED)
[2025-12-30 00:30:03]   [emp_id: 5148] ✓ Updated: 24.9 → 24.95 (CHANGED)
[2025-12-30 00:30:04]   [emp_id: 5149] ✓ Updated: 23.79 → 23.84 (CHANGED)
[2025-12-30 00:30:04]   [emp_id: 5150] ✓ Updated: 23.15 → 23.2 (CHANGED)
[2025-12-30 00:30:04]   [emp_id: 5151] ✓ Updated: 22.97 → 23.02 (CHANGED)
[2025-12-30 00:30:04]   [emp_id: 5152] ✓ Updated: 3.39 → 3.44 (CHANGED)
[2025-12-30 00:30:04]   [emp_id: 5157] ✓ Updated: 22.97 → 23.02 (CHANGED)
[2025-12-30 00:30:04]   [emp_id: 5160] ✓ Updated: 22.97 → 23.02 (CHANGED)
[2025-12-30 00:30:04]   [emp_id: 5163] ✓ Updated: 20.76 → 20.81 (CHANGED)
[2025-12-30 00:30:04]   [emp_id: 5165] ✓ Updated: 0.98 → 1.06 (CHANGED)
[2025-12-30 00:30:04]   [emp_id: 5167] ✓ Updated: 29.91 → 29.96 (CHANGED)
[2025-12-30 00:30:04]   [emp_id: 5168] ✓ Updated: 22.45 → 22.5 (CHANGED)
[2025-12-30 00:30:04]   [emp_id: 5173] ✓ Updated: 24.63 → 24.71 (CHANGED)
[2025-12-30 00:30:04]   [emp_id: 5174] ✓ Updated: 22.91 → 22.96 (CHANGED)
[2025-12-30 00:30:04]   [emp_id: 5181] ✓ Updated: 19.3 → 19.35 (CHANGED)
[2025-12-30 00:30:04]   [emp_id: 5186] ✓ Updated: 24.83 → 24.88 (CHANGED)
[2025-12-30 00:30:04]   [emp_id: 5187] ✓ Updated: 35.83 → 35.88 (CHANGED)
[2025-12-30 00:30:04]   [emp_id: 5204] ✓ Updated: 22.13 → 22.21 (CHANGED)
[2025-12-30 00:30:04]   [emp_id: 5205] ✓ Updated: 12.04 → 12.09 (CHANGED)
[2025-12-30 00:30:04]   [emp_id: 5209] ✓ Updated: 15.04 → 15.09 (CHANGED)
[2025-12-30 00:30:04]   [emp_id: 5213] ✓ Updated: 1.45 → 1.5 (CHANGED)
[2025-12-30 00:30:04]   [emp_id: 5214] ✓ Updated: 3.29 → 3.34 (CHANGED)
[2025-12-30 00:30:04]   [emp_id: 5215] ✓ Updated: 10.04 → 10.09 (CHANGED)
[2025-12-30 00:30:04]   [emp_id: 5217] ✓ Updated: 9.04 → 9.09 (CHANGED)
[2025-12-30 00:30:04]   [emp_id: 5219] ✓ Updated: 13.04 → 13.09 (CHANGED)
[2025-12-30 00:30:04]   [emp_id: 5221] ✓ Updated: 4.41 → 4.46 (CHANGED)
[2025-12-30 00:30:04]   [emp_id: 5224] ✓ Updated: 14.04 → 14.09 (CHANGED)
[2025-12-30 00:30:04]   [emp_id: 5225] ✓ Updated: 8.71 → 8.76 (CHANGED)
[2025-12-30 00:30:04]   [emp_id: 5228] ✓ Updated: 9.04 → 9.09 (CHANGED)
[2025-12-30 00:30:04]   [emp_id: 5229] ✓ Updated: 5.04 → 5.09 (CHANGED)
[2025-12-30 00:30:04]   [emp_id: 5230] ✓ Updated: 11.71 → 11.76 (CHANGED)
[2025-12-30 00:30:04]   [emp_id: 5231] ✓ Updated: 6.04 → 6.09 (CHANGED)
[2025-12-30 00:30:04]   [emp_id: 5232] ✓ Updated: 11.04 → 11.09 (CHANGED)
[2025-12-30 00:30:04]   [emp_id: 5233] ✓ Updated: 4.04 → 4.09 (CHANGED)
[2025-12-30 00:30:04]   [emp_id: 5234] ✓ Updated: 4.04 → 4.09 (CHANGED)
[2025-12-30 00:30:04]   [emp_id: 5235] ✓ Updated: 4.71 → 4.76 (CHANGED)
[2025-12-30 00:30:04]   [emp_id: 5237] ✓ Updated: 10.29 → 10.34 (CHANGED)
[2025-12-30 00:30:04]   [emp_id: 5239] ✓ Updated: 7.04 → 7.09 (CHANGED)
[2025-12-30 00:30:04]   [emp_id: 5241] ✓ Updated: 5.04 → 5.09 (CHANGED)
[2025-12-30 00:30:04]   [emp_id: 5242] ✓ Updated: 15.04 → 15.09 (CHANGED)
[2025-12-30 00:30:04]   [emp_id: 5243] ✓ Updated: 1.45 → 1.5 (CHANGED)
[2025-12-30 00:30:04]   [emp_id: 5244] ✓ Updated: 0.75 → 0.8 (CHANGED)
[2025-12-30 00:30:04]   [emp_id: 5246] ✓ Updated: 11.04 → 11.09 (CHANGED)
[2025-12-30 00:30:04]   [emp_id: 5253] ✓ Updated: 23.91 → 23.96 (CHANGED)
[2025-12-30 00:30:04]   [emp_id: 5254] ✓ Updated: 11.89 → 11.94 (CHANGED)
[2025-12-30 00:30:04]   [emp_id: 5257] ✓ Updated: 11.6 → 11.65 (CHANGED)
[2025-12-30 00:30:04]   [emp_id: 5259] ✓ Updated: 48.13 → 48.18 (CHANGED)
[2025-12-30 00:30:04]   [emp_id: 5261] ✓ Updated: 15.73 → 15.81 (CHANGED)
[2025-12-30 00:30:04]   [emp_id: 5264] ✓ Updated: 25.61 → 25.66 (CHANGED)
[2025-12-30 00:30:04]   [emp_id: 5266] ✓ Updated: 20.23 → 20.28 (CHANGED)
[2025-12-30 00:30:04]   [emp_id: 5268] ✓ Updated: 8.8 → 8.85 (CHANGED)
[2025-12-30 00:30:04]   [emp_id: 5271] ✓ Updated: 7.46 → 7.51 (CHANGED)
[2025-12-30 00:30:04]   [emp_id: 5272] ✓ Updated: 8.33 → 8.38 (CHANGED)
[2025-12-30 00:30:04]   [emp_id: 5273] ✓ Updated: 23.4 → 23.45 (CHANGED)
[2025-12-30 00:30:04]   [emp_id: 5275] ✓ Updated: 9.15 → 9.2 (CHANGED)
[2025-12-30 00:30:04]   [emp_id: 5276] ✓ Updated: 23.42 → 23.47 (CHANGED)
[2025-12-30 00:30:04]   [emp_id: 5278] ✓ Updated: 7.81 → 7.86 (CHANGED)
[2025-12-30 00:30:04]   [emp_id: 5280] ✓ Updated: 18.21 → 18.26 (CHANGED)
[2025-12-30 00:30:04]   [emp_id: 5282] ✓ Updated: 11.21 → 11.29 (CHANGED)
[2025-12-30 00:30:04]   [emp_id: 5285] ✓ Updated: 28.21 → 28.26 (CHANGED)
[2025-12-30 00:30:04]   [emp_id: 5286] ✓ Updated: 15.21 → 15.26 (CHANGED)
[2025-12-30 00:30:04]   [emp_id: 5287] ✓ Updated: 49.51 → 49.56 (CHANGED)
[2025-12-30 00:30:04]   [emp_id: 5288] ✓ Updated: 6.78 → 6.83 (CHANGED)
[2025-12-30 00:30:04]   [emp_id: 5289] ✓ Updated: 48.06 → 48.11 (CHANGED)
[2025-12-30 00:30:04]   [emp_id: 5290] ✓ Updated: 46.83 → 46.88 (CHANGED)
[2025-12-30 00:30:04]   [emp_id: 5291] ✓ Updated: 4.83 → 4.88 (CHANGED)
[2025-12-30 00:30:04]   [emp_id: 5292] ✓ Updated: 4.77 → 4.82 (CHANGED)
[2025-12-30 00:30:04]   [emp_id: 5293] ✓ Updated: 37.38 → 37.46 (CHANGED)
[2025-12-30 00:30:04]   [emp_id: 5294] ✓ Updated: 7.13 → 7.21 (CHANGED)
[2025-12-30 00:30:04]   [emp_id: 5295] ✓ Updated: 21.01 → 21.06 (CHANGED)
[2025-12-30 00:30:04]   [emp_id: 5296] ✓ Updated: 34.15 → 34.23 (CHANGED)
[2025-12-30 00:30:04]   [emp_id: 5297] ✓ Updated: 45.43 → 45.48 (CHANGED)
[2025-12-30 00:30:04]   [emp_id: 5298] ✓ Updated: 45.43 → 45.48 (CHANGED)
[2025-12-30 00:30:04]   [emp_id: 5299] ✓ Updated: 45.43 → 45.48 (CHANGED)
[2025-12-30 00:30:04]   [emp_id: 5300] ✓ Updated: 45.43 → 45.48 (CHANGED)
[2025-12-30 00:30:04]   [emp_id: 5301] ✓ Updated: 3.25 → 3.3 (CHANGED)
[2025-12-30 00:30:04]   [emp_id: 5303] ✓ Updated: 3.68 → 3.73 (CHANGED)
[2025-12-30 00:30:04]   [emp_id: 5304] ✓ Updated: 45.43 → 45.48 (CHANGED)
[2025-12-30 00:30:04]   [emp_id: 5305] ✓ Updated: 3.43 → 3.48 (CHANGED)
[2025-12-30 00:30:04]   [emp_id: 5306] ✓ Updated: 45.14 → 45.19 (CHANGED)
[2025-12-30 00:30:04]   [emp_id: 5307] ✓ Updated: 45.14 → 45.19 (CHANGED)
[2025-12-30 00:30:04]   [emp_id: 5312] ✓ Updated: 0.75 → 0.8 (CHANGED)
[2025-12-30 00:30:04]   [emp_id: 5318] ✓ Updated: 25.85 → 25.9 (CHANGED)
[2025-12-30 00:30:04]   [emp_id: 5325] ✓ Updated: 21.81 → 21.86 (CHANGED)
[2025-12-30 00:30:04]   [emp_id: 5327] ✓ Updated: 0.9 → 0.95 (CHANGED)
[2025-12-30 00:30:04]   [emp_id: 5337] ✓ Updated: 35.04 → 35.12 (CHANGED)
[2025-12-30 00:30:04]   [emp_id: 5339] ✓ Updated: 10 → 10.05 (CHANGED)
[2025-12-30 00:30:04]   [emp_id: 5343] ✓ Updated: 44.96 → 45.04 (CHANGED)
[2025-12-30 00:30:04]   [emp_id: 5343] ✓ Updated: 44.96 → 45.04 (CHANGED)
[2025-12-30 00:30:04]   [emp_id: 5345] ✓ Updated: 14.79 → 14.87 (CHANGED)
[2025-12-30 00:30:04]   [emp_id: 5346] ✓ Updated: 1.72 → 1.77 (CHANGED)
[2025-12-30 00:30:04]   [emp_id: 5351] ✓ Updated: 16.66 → 16.71 (CHANGED)
[2025-12-30 00:30:04]   [emp_id: 5352] ✓ Updated: 25.21 → 25.29 (CHANGED)
[2025-12-30 00:30:04]   [emp_id: 5370] ✓ Updated: 15.31 → 15.36 (CHANGED)
[2025-12-30 00:30:04]   [emp_id: 5371] ✓ Updated: 1.12 → 1.2 (CHANGED)
[2025-12-30 00:30:04]   [emp_id: 5376] ✓ Updated: 9.91 → 9.96 (CHANGED)
[2025-12-30 00:30:04]   [emp_id: 5378] ✓ Updated: 17.04 → 17.12 (CHANGED)
[2025-12-30 00:30:04]   [emp_id: 5380] ✓ Updated: 16.32 → 16.37 (CHANGED)
[2025-12-30 00:30:04]   [emp_id: 5381] ✓ Updated: 11.48 → 11.56 (CHANGED)
[2025-12-30 00:30:04]   [emp_id: 5383] ✓ Updated: 15.79 → 15.87 (CHANGED)
[2025-12-30 00:30:04]   [emp_id: 5388] ✓ Updated: 27.1 → 27.15 (CHANGED)
[2025-12-30 00:30:04]   [emp_id: 5396] ✓ Updated: 28.34 → 28.39 (CHANGED)
[2025-12-30 00:30:04]   [emp_id: 5397] ✓ Updated: 19.8 → 19.85 (CHANGED)
[2025-12-30 00:30:04]   [emp_id: 5401] ✓ Updated: 22.91 → 22.96 (CHANGED)
[2025-12-30 00:30:04]   [emp_id: 5402] ✓ Updated: 23.03 → 23.08 (CHANGED)
[2025-12-30 00:30:04]   [emp_id: 5406] ✓ Updated: 21.75 → 21.8 (CHANGED)
[2025-12-30 00:30:04]   [emp_id: 5407] ✓ Updated: 15.56 → 15.64 (CHANGED)
[2025-12-30 00:30:04]   [emp_id: 5409] ✓ Updated: 16.09 → 16.14 (CHANGED)
[2025-12-30 00:30:04]   [emp_id: 5413] ✓ Updated: 27.96 → 28.04 (CHANGED)
[2025-12-30 00:30:04]   [emp_id: 5414] ✓ Updated: 27.63 → 27.71 (CHANGED)
[2025-12-30 00:30:04]   [emp_id: 5415] ✓ Updated: 3.56 → 3.64 (CHANGED)
[2025-12-30 00:30:04]   [emp_id: 5418] ✓ Updated: 15.15 → 15.2 (CHANGED)
[2025-12-30 00:30:04]   [emp_id: 5422] ✓ Updated: 20.29 → 20.37 (CHANGED)
[2025-12-30 00:30:04]   [emp_id: 5423] ✓ Updated: 4.98 → 5.06 (CHANGED)
[2025-12-30 00:30:04]   [emp_id: 5425] ✓ Updated: 13.7 → 13.75 (CHANGED)
[2025-12-30 00:30:04]   [emp_id: 5426] ✓ Updated: 3.53 → 3.61 (CHANGED)
[2025-12-30 00:30:04]   [emp_id: 5426] ✓ Updated: 3.53 → 3.61 (CHANGED)
[2025-12-30 00:30:04]   [emp_id: 5427] ✓ Updated: 13.81 → 13.86 (CHANGED)
[2025-12-30 00:30:04]   [emp_id: 5428] ✓ Updated: 13.7 → 13.75 (CHANGED)
[2025-12-30 00:30:04]   [emp_id: 5430] ✓ Updated: 17.29 → 17.37 (CHANGED)
[2025-12-30 00:30:04]   [emp_id: 5431] ✓ Updated: 12.82 → 12.87 (CHANGED)
[2025-12-30 00:30:04]   [emp_id: 5434] ✓ Updated: 12.59 → 12.64 (CHANGED)
[2025-12-30 00:30:04]   [emp_id: 5435] ✓ Updated: 12.53 → 12.58 (CHANGED)
[2025-12-30 00:30:04]   [emp_id: 5436] ✓ Updated: 12.53 → 12.58 (CHANGED)
[2025-12-30 00:30:04]   [emp_id: 5438] ✓ Updated: 15.21 → 15.29 (CHANGED)
[2025-12-30 00:30:04]   [emp_id: 5439] ✓ Updated: 24.71 → 24.79 (CHANGED)
[2025-12-30 00:30:04]   [emp_id: 5442] ✓ Updated: 13.71 → 13.79 (CHANGED)
[2025-12-30 00:30:04]   [emp_id: 5445] ✓ Updated: 6.99 → 7.04 (CHANGED)
[2025-12-30 00:30:04]   [emp_id: 5446] ✓ Updated: 6.99 → 7.04 (CHANGED)
[2025-12-30 00:30:04]   [emp_id: 5447] ✓ Updated: 6.93 → 6.98 (CHANGED)
[2025-12-30 00:30:04]   [emp_id: 5448] ✓ Updated: 6.73 → 6.81 (CHANGED)
[2025-12-30 00:30:04]   [emp_id: 5449] ✓ Updated: 5.01 → 5.06 (CHANGED)
[2025-12-30 00:30:04]   [emp_id: 5450] ✓ Updated: 4.95 → 5 (CHANGED)
[2025-12-30 00:30:04]   [emp_id: 5451] ✓ Updated: 4.95 → 5 (CHANGED)
[2025-12-30 00:30:04]   [emp_id: 5454] ✓ Updated: 6.79 → 6.87 (CHANGED)
[2025-12-30 00:30:04]   [emp_id: 5455] ✓ Updated: 5.04 → 5.12 (CHANGED)
[2025-12-30 00:30:04]   [emp_id: 5456] ✓ Updated: 6.04 → 6.12 (CHANGED)
[2025-12-30 00:30:04] Report saved to: /home/almutlak/public_html/hr/cron_logs/last_vacation_update_report.json
[2025-12-30 07:59:32] ========== CRON: Vacation Balance Update Started ==========
[2025-12-30 08:21:55] ========== CRON: Vacation Balance Update Started ==========
