[2025-12-31 00:30:02] ========== CRON: Vacation Balance Update Started ==========
[2025-12-31 00:30:02] Database connection established
[2025-12-31 00:30:02] Found 428 active employees with balance records to update
[2025-12-31 00:30:02] (Only employees with status=1 will be processed)
[2025-12-31 00:30:02]   [emp_id: 1061] ✓ Updated: 0.08 → 0.16 (CHANGED)
[2025-12-31 00:30:02]   [emp_id: 1496] ✓ Updated: 16.21 → 16.29 (CHANGED)
[2025-12-31 00:30:02]   [emp_id: 1500] ✓ Updated: 3.89 → 3.97 (CHANGED)
[2025-12-31 00:30:02]   [emp_id: 1574] ✓ Updated: 33.12 → 33.2 (CHANGED)
[2025-12-31 00:30:02]   [emp_id: 1673] ✓ Updated: 44.62 → 44.7 (CHANGED)
[2025-12-31 00:30:02]   [emp_id: 1685] ✓ Updated: 14.54 → 14.62 (CHANGED)
[2025-12-31 00:30:02]   [emp_id: 1764] ✓ Updated: 69.21 → 69.29 (CHANGED)
[2025-12-31 00:30:02]   [emp_id: 1805] ✓ Updated: 63.54 → 63.62 (CHANGED)
[2025-12-31 00:30:02]   [emp_id: 1822] ✓ Updated: 68.29 → 68.37 (CHANGED)
[2025-12-31 00:30:02]   [emp_id: 1837] ✓ Updated: 24.46 → 24.54 (CHANGED)
[2025-12-31 00:30:02]   [emp_id: 1857] ✓ Updated: 19.79 → 19.87 (CHANGED)
[2025-12-31 00:30:02]   [emp_id: 1861] ✓ Updated: 70.62 → 70.7 (CHANGED)
[2025-12-31 00:30:02]   [emp_id: 1872] ✓ Updated: 9.46 → 9.54 (CHANGED)
[2025-12-31 00:30:02]   [emp_id: 1897] ✓ Updated: 4.79 → 4.87 (CHANGED)
[2025-12-31 00:30:02]   [emp_id: 1916] ✓ Updated: 11.09 → 11.17 (CHANGED)
[2025-12-31 00:30:02]   [emp_id: 1928] ✓ Updated: 64.04 → 64.12 (CHANGED)
[2025-12-31 00:30:02]   [emp_id: 1931] ✓ Updated: 83.96 → 84.04 (CHANGED)
[2025-12-31 00:30:02]   [emp_id: 1944] ✓ Updated: 42.12 → 42.2 (CHANGED)
[2025-12-31 00:30:02]   [emp_id: 1996] ✓ Updated: 70.62 → 70.7 (CHANGED)
[2025-12-31 00:30:02]   [emp_id: 1997] ✓ Updated: 35.79 → 35.87 (CHANGED)
[2025-12-31 00:30:02]   [emp_id: 1998] ✓ Updated: 27.23 → 27.31 (CHANGED)
[2025-12-31 00:30:02]   [emp_id: 1999] ✓ Updated: 28.23 → 28.31 (CHANGED)
[2025-12-31 00:30:02]   [emp_id: 2009] ✓ Updated: 34.54 → 34.62 (CHANGED)
[2025-12-31 00:30:02]   [emp_id: 2048] ✓ Updated: 24.37 → 24.45 (CHANGED)
[2025-12-31 00:30:02]   [emp_id: 2057] ✓ Updated: 65.21 → 65.29 (CHANGED)
[2025-12-31 00:30:02]   [emp_id: 2079] ✓ Updated: 47.54 → 47.62 (CHANGED)
[2025-12-31 00:30:02]   [emp_id: 2181] ✓ Updated: 36.54 → 36.62 (CHANGED)
[2025-12-31 00:30:02]   [emp_id: 2190] ✓ Updated: 5.87 → 5.95 (CHANGED)
[2025-12-31 00:30:02]   [emp_id: 2212] ✓ Updated: 23.87 → 23.95 (CHANGED)
[2025-12-31 00:30:02]   [emp_id: 2226] ✓ Updated: 68.62 → 68.7 (CHANGED)
[2025-12-31 00:30:02]   [emp_id: 2238] ✓ Updated: 66.87 → 66.95 (CHANGED)
[2025-12-31 00:30:02]   [emp_id: 2285] ✓ Updated: 35.54 → 35.62 (CHANGED)
[2025-12-31 00:30:02]   [emp_id: 2287] ✓ Updated: 47.21 → 47.29 (CHANGED)
[2025-12-31 00:30:02]   [emp_id: 2288] ✓ Updated: 2.23 → 2.31 (CHANGED)
[2025-12-31 00:30:02]   [emp_id: 2316] ✓ Updated: 16.04 → 16.12 (CHANGED)
[2025-12-31 00:30:02]   [emp_id: 2337] ✓ Updated: 37.12 → 37.2 (CHANGED)
[2025-12-31 00:30:02]   [emp_id: 2352] ✓ Updated: 68.62 → 68.7 (CHANGED)
[2025-12-31 00:30:02]   [emp_id: 2358] ✓ Updated: 5.12 → 5.2 (CHANGED)
[2025-12-31 00:30:02]   [emp_id: 2361] ✓ Updated: 70.79 → 70.87 (CHANGED)
[2025-12-31 00:30:02]   [emp_id: 2363] ✓ Updated: 73.37 → 73.45 (CHANGED)
[2025-12-31 00:30:02]   [emp_id: 2364] ✓ Updated: 72.79 → 72.87 (CHANGED)
[2025-12-31 00:30:02]   [emp_id: 2367] ✓ Updated: 100.46 → 100.54 (CHANGED)
[2025-12-31 00:30:02]   [emp_id: 2368] ✓ Updated: 30.87 → 30.95 (CHANGED)
[2025-12-31 00:30:02]   [emp_id: 2372] ✓ Updated: 68.12 → 68.2 (CHANGED)
[2025-12-31 00:30:02]   [emp_id: 2376] ✓ Updated: 118.12 → 118.2 (CHANGED)
[2025-12-31 00:30:02]   [emp_id: 2423] ✓ Updated: 18.87 → 18.95 (CHANGED)
[2025-12-31 00:30:02]   [emp_id: 2519] ✓ Updated: 172.54 → 172.62 (CHANGED)
[2025-12-31 00:30:02]   [emp_id: 2522] ✓ Updated: 56.12 → 56.2 (CHANGED)
[2025-12-31 00:30:02]   [emp_id: 2530] ✓ Updated: 51.37 → 51.45 (CHANGED)
[2025-12-31 00:30:02]   [emp_id: 2539] ✓ Updated: 48.12 → 48.2 (CHANGED)
[2025-12-31 00:30:02]   [emp_id: 2541] ✓ Updated: 28.71 → 28.79 (CHANGED)
[2025-12-31 00:30:02]   [emp_id: 2550] ✓ Updated: 94.87 → 94.95 (CHANGED)
[2025-12-31 00:30:02]   [emp_id: 2553] ✓ Updated: 31.98 → 32.06 (CHANGED)
[2025-12-31 00:30:02]   [emp_id: 2554] ✓ Updated: 38.46 → 38.54 (CHANGED)
[2025-12-31 00:30:02]   [emp_id: 2565] ✓ Updated: 93.04 → 93.12 (CHANGED)
[2025-12-31 00:30:02]   [emp_id: 2572] ✓ Updated: 43.04 → 43.12 (CHANGED)
[2025-12-31 00:30:02]   [emp_id: 2637] ✓ Updated: 63.62 → 63.7 (CHANGED)
[2025-12-31 00:30:02]   [emp_id: 2642] ✓ Updated: 76.37 → 76.45 (CHANGED)
[2025-12-31 00:30:02]   [emp_id: 2645] ✓ Updated: 92.37 → 92.45 (CHANGED)
[2025-12-31 00:30:02]   [emp_id: 2648] ✓ Updated: 44.04 → 44.12 (CHANGED)
[2025-12-31 00:30:02]   [emp_id: 2654] ✓ Updated: 86.71 → 86.79 (CHANGED)
[2025-12-31 00:30:02]   [emp_id: 2688] ✓ Updated: 24.79 → 24.87 (CHANGED)
[2025-12-31 00:30:02]   [emp_id: 2690] ✓ Updated: 13.54 → 13.62 (CHANGED)
[2025-12-31 00:30:02]   [emp_id: 2709] ✓ Updated: 35.79 → 35.87 (CHANGED)
[2025-12-31 00:30:02]   [emp_id: 2745] ✓ Updated: 32.37 → 32.45 (CHANGED)
[2025-12-31 00:30:02]   [emp_id: 2843] ✓ Updated: 78.96 → 79.04 (CHANGED)
[2025-12-31 00:30:02]   [emp_id: 2854] ✓ Updated: 58.87 → 58.95 (CHANGED)
[2025-12-31 00:30:02]   [emp_id: 2869] ✓ Updated: 63.79 → 63.87 (CHANGED)
[2025-12-31 00:30:02]   [emp_id: 2876] ✓ Updated: 33.62 → 33.7 (CHANGED)
[2025-12-31 00:30:02]   [emp_id: 2924] ✓ Updated: 14.79 → 14.87 (CHANGED)
[2025-12-31 00:30:02]   [emp_id: 2953] ✓ Updated: 100.54 → 100.62 (CHANGED)
[2025-12-31 00:30:02]   [emp_id: 2961] ✓ Updated: 10.54 → 10.62 (CHANGED)
[2025-12-31 00:30:02]   [emp_id: 2975] ✓ Updated: 3.64 → 3.72 (CHANGED)
[2025-12-31 00:30:02]   [emp_id: 3013] ✓ Updated: 9.54 → 9.62 (CHANGED)
[2025-12-31 00:30:02]   [emp_id: 3014] ✓ Updated: 88.79 → 88.87 (CHANGED)
[2025-12-31 00:30:02]   [emp_id: 3015] ✓ Updated: 40.04 → 40.12 (CHANGED)
[2025-12-31 00:30:02]   [emp_id: 3018] ✓ Updated: 58.79 → 58.87 (CHANGED)
[2025-12-31 00:30:02]   [emp_id: 3025] ✓ Updated: 22.56 → 22.64 (CHANGED)
[2025-12-31 00:30:02]   [emp_id: 3037] ✓ Updated: 82.29 → 82.37 (CHANGED)
[2025-12-31 00:30:02]   [emp_id: 3047] ✓ Updated: 70.54 → 70.62 (CHANGED)
[2025-12-31 00:30:02]   [emp_id: 3061] ✓ Updated: 17.46 → 17.54 (CHANGED)
[2025-12-31 00:30:02]   [emp_id: 3062] ✓ Updated: 50.62 → 50.7 (CHANGED)
[2025-12-31 00:30:02]   [emp_id: 3074] ✓ Updated: 107.04 → 107.12 (CHANGED)
[2025-12-31 00:30:02]   [emp_id: 3089] ✓ Updated: 5.96 → 6.04 (CHANGED)
[2025-12-31 00:30:02]   [emp_id: 3090] ✓ Updated: 32.54 → 32.62 (CHANGED)
[2025-12-31 00:30:02]   [emp_id: 3091] ✓ Updated: 44.54 → 44.62 (CHANGED)
[2025-12-31 00:30:02]   [emp_id: 3092] ✓ Updated: 27.21 → 27.29 (CHANGED)
[2025-12-31 00:30:02]   [emp_id: 3105] ✓ Updated: 47.54 → 47.62 (CHANGED)
[2025-12-31 00:30:02]   [emp_id: 3134] ✓ Updated: 43.29 → 43.37 (CHANGED)
[2025-12-31 00:30:02]   [emp_id: 3140] ✓ Updated: 40.37 → 40.45 (CHANGED)
[2025-12-31 00:30:02]   [emp_id: 3144] ✓ Updated: 13.21 → 13.29 (CHANGED)
[2025-12-31 00:30:02]   [emp_id: 3156] ✓ Updated: 16.54 → 16.62 (CHANGED)
[2025-12-31 00:30:02]   [emp_id: 3162] ✓ Updated: 1.52 → 1.6 (CHANGED)
[2025-12-31 00:30:02]   [emp_id: 3163] ✓ Updated: 4.79 → 4.87 (CHANGED)
[2025-12-31 00:30:02]   [emp_id: 3198] ✓ Updated: 39.79 → 39.87 (CHANGED)
[2025-12-31 00:30:02]   [emp_id: 3205] ✓ Updated: 16.46 → 16.54 (CHANGED)
[2025-12-31 00:30:02]   [emp_id: 3209] ✓ Updated: 40.62 → 40.7 (CHANGED)
[2025-12-31 00:30:02]   [emp_id: 3223] ✓ Updated: 89.54 → 89.62 (CHANGED)
[2025-12-31 00:30:02]   [emp_id: 3224] ✓ Updated: 64.29 → 64.37 (CHANGED)
[2025-12-31 00:30:02]   [emp_id: 3230] ✓ Updated: 87.71 → 87.79 (CHANGED)
[2025-12-31 00:30:02]   [emp_id: 3231] ✓ Updated: 0.08 → 0.16 (CHANGED)
[2025-12-31 00:30:02]   [emp_id: 3233] ✓ Updated: 80.54 → 80.62 (CHANGED)
[2025-12-31 00:30:02]   [emp_id: 3249] ✓ Updated: 36.37 → 36.45 (CHANGED)
[2025-12-31 00:30:02]   [emp_id: 3250] ✓ Updated: 9.37 → 9.45 (CHANGED)
[2025-12-31 00:30:02]   [emp_id: 3252] ✓ Updated: 10.29 → 10.37 (CHANGED)
[2025-12-31 00:30:02]   [emp_id: 3254] ✓ Updated: 20.79 → 20.87 (CHANGED)
[2025-12-31 00:30:02]   [emp_id: 3255] ✓ Updated: 17.21 → 17.29 (CHANGED)
[2025-12-31 00:30:02]   [emp_id: 3256] ✓ Updated: 13.46 → 13.54 (CHANGED)
[2025-12-31 00:30:02]   [emp_id: 3263] ✓ Updated: 29.54 → 29.62 (CHANGED)
[2025-12-31 00:30:02]   [emp_id: 3265] ✓ Updated: 25.12 → 25.2 (CHANGED)
[2025-12-31 00:30:02]   [emp_id: 3280] ✓ Updated: 72.04 → 72.12 (CHANGED)
[2025-12-31 00:30:02]   [emp_id: 3286] ✓ Updated: 15.21 → 15.29 (CHANGED)
[2025-12-31 00:30:02]   [emp_id: 3294] ✓ Updated: 14.87 → 14.95 (CHANGED)
[2025-12-31 00:30:02]   [emp_id: 3321] ✓ Updated: 72.04 → 72.12 (CHANGED)
[2025-12-31 00:30:02]   [emp_id: 3325] ✓ Updated: 59.79 → 59.87 (CHANGED)
[2025-12-31 00:30:02]   [emp_id: 3329] ✓ Updated: 62.12 → 62.2 (CHANGED)
[2025-12-31 00:30:02]   [emp_id: 3330] ✓ Updated: 62.12 → 62.2 (CHANGED)
[2025-12-31 00:30:02]   [emp_id: 3332] ✓ Updated: 62.12 → 62.2 (CHANGED)
[2025-12-31 00:30:02]   [emp_id: 3370] ✓ Updated: 53.79 → 53.87 (CHANGED)
[2025-12-31 00:30:02]   [emp_id: 3384] ✓ Updated: 14.29 → 14.37 (CHANGED)
[2025-12-31 00:30:02]   [emp_id: 3386] ✓ Updated: 44.29 → 44.37 (CHANGED)
[2025-12-31 00:30:02]   [emp_id: 3431] ✓ Updated: 18.71 → 18.79 (CHANGED)
[2025-12-31 00:30:02]   [emp_id: 3497] ✓ Updated: 8.87 → 8.95 (CHANGED)
[2025-12-31 00:30:02]   [emp_id: 3532] ✓ Updated: 45.71 → 45.79 (CHANGED)
[2025-12-31 00:30:02]   [emp_id: 3586] ✓ Updated: 9.79 → 9.87 (CHANGED)
[2025-12-31 00:30:02]   [emp_id: 3602] ✓ Updated: 1.28 → 1.36 (CHANGED)
[2025-12-31 00:30:02]   [emp_id: 3618] ✓ Updated: 23.26 → 23.34 (CHANGED)
[2025-12-31 00:30:02]   [emp_id: 3622] ✓ Updated: 34.3 → 34.35 (CHANGED)
[2025-12-31 00:30:02]   [emp_id: 3627] ✓ Updated: 9.21 → 9.29 (CHANGED)
[2025-12-31 00:30:03]   [emp_id: 3665] ✓ Updated: 50.79 → 50.87 (CHANGED)
[2025-12-31 00:30:03]   [emp_id: 3705] ✓ Updated: 27.63 → 27.68 (CHANGED)
[2025-12-31 00:30:03]   [emp_id: 3724] ✓ Updated: 43.79 → 43.87 (CHANGED)
[2025-12-31 00:30:03]   [emp_id: 3726] ✓ Updated: 60.21 → 60.29 (CHANGED)
[2025-12-31 00:30:03]   [emp_id: 3727] ✓ Updated: 65.29 → 65.37 (CHANGED)
[2025-12-31 00:30:03]   [emp_id: 3728] ✓ Updated: 9.62 → 9.7 (CHANGED)
[2025-12-31 00:30:03]   [emp_id: 3742] ✓ Updated: 32.79 → 32.87 (CHANGED)
[2025-12-31 00:30:03]   [emp_id: 3767] ✓ Updated: 60.37 → 60.45 (CHANGED)
[2025-12-31 00:30:03]   [emp_id: 3768] ✓ Updated: 56.62 → 56.7 (CHANGED)
[2025-12-31 00:30:03]   [emp_id: 3787] ✓ Updated: 57.21 → 57.29 (CHANGED)
[2025-12-31 00:30:03]   [emp_id: 3790] ✓ Updated: 1.76 → 1.84 (CHANGED)
[2025-12-31 00:30:03]   [emp_id: 3795] ✓ Updated: 14.71 → 14.79 (CHANGED)
[2025-12-31 00:30:03]   [emp_id: 3798] ✓ Updated: 93.12 → 93.2 (CHANGED)
[2025-12-31 00:30:03]   [emp_id: 3801] ✓ Updated: 1.39 → 1.47 (CHANGED)
[2025-12-31 00:30:03]   [emp_id: 3802] ✓ Updated: 30.37 → 30.45 (CHANGED)
[2025-12-31 00:30:03]   [emp_id: 3803] ✓ Updated: 114.79 → 114.87 (CHANGED)
[2025-12-31 00:30:03]   [emp_id: 3810] ✓ Updated: 60.79 → 60.87 (CHANGED)
[2025-12-31 00:30:03]   [emp_id: 3812] ✓ Updated: 89.79 → 89.87 (CHANGED)
[2025-12-31 00:30:03]   [emp_id: 3815] ✓ Updated: 89.79 → 89.87 (CHANGED)
[2025-12-31 00:30:03]   [emp_id: 3836] ✓ Updated: 57.46 → 57.54 (CHANGED)
[2025-12-31 00:30:03]   [emp_id: 3855] ✓ Updated: 50.62 → 50.7 (CHANGED)
[2025-12-31 00:30:03]   [emp_id: 3857] ✓ Updated: 54.29 → 54.37 (CHANGED)
[2025-12-31 00:30:03]   [emp_id: 3862] ✓ Updated: 102.37 → 102.45 (CHANGED)
[2025-12-31 00:30:03]   [emp_id: 3866] ✓ Updated: 27.62 → 27.7 (CHANGED)
[2025-12-31 00:30:03]   [emp_id: 3876] ✓ Updated: 47.79 → 47.87 (CHANGED)
[2025-12-31 00:30:03]   [emp_id: 3877] ✓ Updated: 49.29 → 49.37 (CHANGED)
[2025-12-31 00:30:03]   [emp_id: 3897] ✓ Updated: 37.54 → 37.62 (CHANGED)
[2025-12-31 00:30:03]   [emp_id: 3899] ✓ Updated: 0.72 → 0.8 (CHANGED)
[2025-12-31 00:30:03]   [emp_id: 3928] ✓ Updated: 13.62 → 13.7 (CHANGED)
[2025-12-31 00:30:03]   [emp_id: 3929] ✓ Updated: 8.62 → 8.7 (CHANGED)
[2025-12-31 00:30:03]   [emp_id: 3935] ✓ Updated: 93.62 → 93.7 (CHANGED)
[2025-12-31 00:30:03]   [emp_id: 3952] ✓ Updated: 75.96 → 76.04 (CHANGED)
[2025-12-31 00:30:03]   [emp_id: 3987] ✓ Updated: 13.87 → 13.95 (CHANGED)
[2025-12-31 00:30:03]   [emp_id: 4059] ✓ Updated: 3.07 → 3.15 (CHANGED)
[2025-12-31 00:30:03]   [emp_id: 4119] ✓ Updated: 56.54 → 56.62 (CHANGED)
[2025-12-31 00:30:03]   [emp_id: 4120] ✓ Updated: 26.12 → 26.2 (CHANGED)
[2025-12-31 00:30:03]   [emp_id: 4124] ✓ Updated: 26.64 → 26.72 (CHANGED)
[2025-12-31 00:30:03]   [emp_id: 4133] ✓ Updated: 105.12 → 105.2 (CHANGED)
[2025-12-31 00:30:03]   [emp_id: 4134] ✓ Updated: 26.12 → 26.2 (CHANGED)
[2025-12-31 00:30:03]   [emp_id: 4136] ✓ Updated: 26.12 → 26.2 (CHANGED)
[2025-12-31 00:30:03]   [emp_id: 4150] ✓ Updated: 24.79 → 24.87 (CHANGED)
[2025-12-31 00:30:03]   [emp_id: 4157] ✓ Updated: 18.29 → 18.37 (CHANGED)
[2025-12-31 00:30:03]   [emp_id: 4172] ✓ Updated: 12.21 → 12.26 (CHANGED)
[2025-12-31 00:30:03]   [emp_id: 4195] ✓ Updated: 61.87 → 61.95 (CHANGED)
[2025-12-31 00:30:03]   [emp_id: 4215] ✓ Updated: 44.54 → 44.62 (CHANGED)
[2025-12-31 00:30:03]   [emp_id: 4220] ✓ Updated: 40.12 → 40.2 (CHANGED)
[2025-12-31 00:30:03]   [emp_id: 4273] ✓ Updated: 8.79 → 8.87 (CHANGED)
[2025-12-31 00:30:03]   [emp_id: 4283] ✓ Updated: 13.3 → 13.35 (CHANGED)
[2025-12-31 00:30:03]   [emp_id: 4288] ✓ Updated: 1.04 → 1.12 (CHANGED)
[2025-12-31 00:30:03]   [emp_id: 4315] ✓ Updated: 12.04 → 12.12 (CHANGED)
[2025-12-31 00:30:03]   [emp_id: 4328] ✓ Updated: 42.13 → 42.18 (CHANGED)
[2025-12-31 00:30:03]   [emp_id: 4329] ✓ Updated: 5.21 → 5.29 (CHANGED)
[2025-12-31 00:30:03]   [emp_id: 4338] ✓ Updated: 46.79 → 46.87 (CHANGED)
[2025-12-31 00:30:03]   [emp_id: 4340] ✓ Updated: 125.79 → 125.87 (CHANGED)
[2025-12-31 00:30:03]   [emp_id: 4365] ✓ Updated: 60.21 → 60.29 (CHANGED)
[2025-12-31 00:30:03]   [emp_id: 4366] ✓ Updated: 59.29 → 59.37 (CHANGED)
[2025-12-31 00:30:03]   [emp_id: 4403] ✓ Updated: 85.12 → 85.2 (CHANGED)
[2025-12-31 00:30:03]   [emp_id: 4438] ✓ Updated: 20.79 → 20.87 (CHANGED)
[2025-12-31 00:30:03]   [emp_id: 4465] ✓ Updated: 12.46 → 12.51 (CHANGED)
[2025-12-31 00:30:03]   [emp_id: 4473] ✓ Updated: 44.37 → 44.45 (CHANGED)
[2025-12-31 00:30:03]   [emp_id: 4474] ✓ Updated: 0.05 → 0.1 (CHANGED)
[2025-12-31 00:30:03]   [emp_id: 4493] ✓ Updated: 163.21 → 163.29 (CHANGED)
[2025-12-31 00:30:03]   [emp_id: 4526] ✓ Updated: 35.46 → 35.54 (CHANGED)
[2025-12-31 00:30:03]   [emp_id: 4528] ✓ Updated: 107.21 → 107.29 (CHANGED)
[2025-12-31 00:30:03]   [emp_id: 4528] ✓ Updated: 107.21 → 107.29 (CHANGED)
[2025-12-31 00:30:03]   [emp_id: 4532] ✓ Updated: 7.58 → 7.63 (CHANGED)
[2025-12-31 00:30:03]   [emp_id: 4533] ✓ Updated: 35.62 → 35.7 (CHANGED)
[2025-12-31 00:30:03]   [emp_id: 4564] ✓ Updated: 25.21 → 25.26 (CHANGED)
[2025-12-31 00:30:03]   [emp_id: 4565] ✓ Updated: 14.96 → 15.01 (CHANGED)
[2025-12-31 00:30:03]   [emp_id: 4567] ✓ Updated: 19.21 → 19.26 (CHANGED)
[2025-12-31 00:30:03]   [emp_id: 4572] ✓ Updated: 58.71 → 58.76 (CHANGED)
[2025-12-31 00:30:03]   [emp_id: 4631] ✓ Updated: 14.96 → 15.01 (CHANGED)
[2025-12-31 00:30:03]   [emp_id: 4655] ✓ Updated: 24.54 → 24.62 (CHANGED)
[2025-12-31 00:30:03]   [emp_id: 4689] ✓ Updated: 2.31 → 2.39 (CHANGED)
[2025-12-31 00:30:03]   [emp_id: 4709] ✓ Updated: 39.79 → 39.87 (CHANGED)
[2025-12-31 00:30:03]   [emp_id: 4717] ✓ Updated: 65.79 → 65.87 (CHANGED)
[2025-12-31 00:30:03]   [emp_id: 4736] ✓ Updated: 27.62 → 27.7 (CHANGED)
[2025-12-31 00:30:03]   [emp_id: 4756] ✓ Updated: 11.4 → 11.45 (CHANGED)
[2025-12-31 00:30:03]   [emp_id: 4768] ✓ Updated: 12.29 → 12.37 (CHANGED)
[2025-12-31 00:30:03]   [emp_id: 4780] ✓ Updated: 65.13 → 65.18 (CHANGED)
[2025-12-31 00:30:03]   [emp_id: 4820] ✓ Updated: 98.62 → 98.7 (CHANGED)
[2025-12-31 00:30:03]   [emp_id: 4825] ✓ Updated: 30.37 → 30.45 (CHANGED)
[2025-12-31 00:30:03]   [emp_id: 4835] ✓ Updated: 47.88 → 47.93 (CHANGED)
[2025-12-31 00:30:03]   [emp_id: 4837] ✓ Updated: 45.12 → 45.17 (CHANGED)
[2025-12-31 00:30:03]   [emp_id: 4838] ✓ Updated: 44.14 → 44.19 (CHANGED)
[2025-12-31 00:30:03]   [emp_id: 4840] ✓ Updated: 45.12 → 45.17 (CHANGED)
[2025-12-31 00:30:03]   [emp_id: 4842] ✓ Updated: 44.36 → 44.41 (CHANGED)
[2025-12-31 00:30:03]   [emp_id: 4843] ✓ Updated: 44.89 → 44.94 (CHANGED)
[2025-12-31 00:30:03]   [emp_id: 4853] ✓ Updated: 88.71 → 88.76 (CHANGED)
[2025-12-31 00:30:03]   [emp_id: 4856] ✓ Updated: 42.03 → 42.08 (CHANGED)
[2025-12-31 00:30:03]   [emp_id: 4857] ✓ Updated: 24.85 → 24.9 (CHANGED)
[2025-12-31 00:30:03]   [emp_id: 4858] ✓ Updated: 21.73 → 21.78 (CHANGED)
[2025-12-31 00:30:03]   [emp_id: 4859] ✓ Updated: 43.2 → 43.25 (CHANGED)
[2025-12-31 00:30:03]   [emp_id: 4860] ✓ Updated: 7.7 → 7.75 (CHANGED)
[2025-12-31 00:30:03]   [emp_id: 4861] ✓ Updated: 41.16 → 41.21 (CHANGED)
[2025-12-31 00:30:03]   [emp_id: 4869] ✓ Updated: 84.04 → 84.09 (CHANGED)
[2025-12-31 00:30:03]   [emp_id: 4894] ✓ Updated: 7.29 → 7.37 (CHANGED)
[2025-12-31 00:30:03]   [emp_id: 4897] ✓ Updated: 22.94 → 22.99 (CHANGED)
[2025-12-31 00:30:03]   [emp_id: 4899] ✓ Updated: 19.11 → 19.16 (CHANGED)
[2025-12-31 00:30:03]   [emp_id: 4902] ✓ Updated: 18.53 → 18.58 (CHANGED)
[2025-12-31 00:30:03]   [emp_id: 4903] ✓ Updated: 20.75 → 20.8 (CHANGED)
[2025-12-31 00:30:03]   [emp_id: 4905] ✓ Updated: 19.41 → 19.46 (CHANGED)
[2025-12-31 00:30:03]   [emp_id: 4907] ✓ Updated: 47.37 → 47.45 (CHANGED)
[2025-12-31 00:30:03]   [emp_id: 4917] ✓ Updated: 16.37 → 16.42 (CHANGED)
[2025-12-31 00:30:03]   [emp_id: 4918] ✓ Updated: 6.14 → 6.19 (CHANGED)
[2025-12-31 00:30:03]   [emp_id: 4919] ✓ Updated: 58.43 → 58.48 (CHANGED)
[2025-12-31 00:30:03]   [emp_id: 4920] ✓ Updated: 5.51 → 5.56 (CHANGED)
[2025-12-31 00:30:03]   [emp_id: 4921] ✓ Updated: 17.6 → 17.65 (CHANGED)
[2025-12-31 00:30:03]   [emp_id: 4927] ✓ Updated: 16.43 → 16.48 (CHANGED)
[2025-12-31 00:30:03]   [emp_id: 4929] ✓ Updated: 17.95 → 18 (CHANGED)
[2025-12-31 00:30:03]   [emp_id: 4930] ✓ Updated: 58.72 → 58.77 (CHANGED)
[2025-12-31 00:30:03]   [emp_id: 4932] ✓ Updated: 16.72 → 16.77 (CHANGED)
[2025-12-31 00:30:03]   [emp_id: 4933] ✓ Updated: 20.13 → 20.18 (CHANGED)
[2025-12-31 00:30:03]   [emp_id: 4949] ✓ Updated: 35.56 → 35.61 (CHANGED)
[2025-12-31 00:30:03]   [emp_id: 4956] ✓ Updated: 29.15 → 29.2 (CHANGED)
[2025-12-31 00:30:03]   [emp_id: 4957] ✓ Updated: 29.82 → 29.87 (CHANGED)
[2025-12-31 00:30:03]   [emp_id: 4962] ✓ Updated: 46.73 → 46.81 (CHANGED)
[2025-12-31 00:30:03]   [emp_id: 4969] ✓ Updated: 46.04 → 46.12 (CHANGED)
[2025-12-31 00:30:03]   [emp_id: 4976] ✓ Updated: 9.84 → 9.89 (CHANGED)
[2025-12-31 00:30:03]   [emp_id: 4984] ✓ Updated: 37.29 → 37.37 (CHANGED)
[2025-12-31 00:30:03]   [emp_id: 4995] ✓ Updated: 49.36 → 49.44 (CHANGED)
[2025-12-31 00:30:03]   [emp_id: 5004] ✓ Updated: 26.78 → 26.83 (CHANGED)
[2025-12-31 00:30:03]   [emp_id: 5006] ✓ Updated: 26.52 → 26.57 (CHANGED)
[2025-12-31 00:30:03]   [emp_id: 5011] ✓ Updated: 12.96 → 13.04 (CHANGED)
[2025-12-31 00:30:03]   [emp_id: 5013] ✓ Updated: 66.89 → 66.94 (CHANGED)
[2025-12-31 00:30:03]   [emp_id: 5018] ✓ Updated: 3.38 → 3.43 (CHANGED)
[2025-12-31 00:30:04]   [emp_id: 5021] ✓ Updated: 60.39 → 60.47 (CHANGED)
[2025-12-31 00:30:04]   [emp_id: 5024] ✓ Updated: 1.4 → 1.45 (CHANGED)
[2025-12-31 00:30:04]   [emp_id: 5030] ✓ Updated: 31.35 → 31.4 (CHANGED)
[2025-12-31 00:30:04]   [emp_id: 5033] ✓ Updated: 22.15 → 22.2 (CHANGED)
[2025-12-31 00:30:04]   [emp_id: 5043] ✓ Updated: 29.96 → 30.04 (CHANGED)
[2025-12-31 00:30:04]   [emp_id: 5045] ✓ Updated: 26.46 → 26.54 (CHANGED)
[2025-12-31 00:30:04]   [emp_id: 5046] ✓ Updated: 21.65 → 21.73 (CHANGED)
[2025-12-31 00:30:04]   [emp_id: 5049] ✓ Updated: 38.83 → 38.88 (CHANGED)
[2025-12-31 00:30:04]   [emp_id: 5052] ✓ Updated: 30.11 → 30.16 (CHANGED)
[2025-12-31 00:30:04]   [emp_id: 5055] ✓ Updated: 18.55 → 18.6 (CHANGED)
[2025-12-31 00:30:04]   [emp_id: 5058] ✓ Updated: 27.53 → 27.58 (CHANGED)
[2025-12-31 00:30:04]   [emp_id: 5062] ✓ Updated: 39.36 → 39.41 (CHANGED)
[2025-12-31 00:30:04]   [emp_id: 5064] ✓ Updated: 117.29 → 117.37 (CHANGED)
[2025-12-31 00:30:04]   [emp_id: 5065] ✓ Updated: 38.77 → 38.82 (CHANGED)
[2025-12-31 00:30:04]   [emp_id: 5071] ✓ Updated: 22.79 → 22.87 (CHANGED)
[2025-12-31 00:30:04]   [emp_id: 5073] ✓ Updated: 13.37 → 13.42 (CHANGED)
[2025-12-31 00:30:04]   [emp_id: 5079] ✓ Updated: 33.93 → 33.98 (CHANGED)
[2025-12-31 00:30:04]   [emp_id: 5080] ✓ Updated: 29.26 → 29.31 (CHANGED)
[2025-12-31 00:30:04]   [emp_id: 5081] ✓ Updated: 15.52 → 15.57 (CHANGED)
[2025-12-31 00:30:04]   [emp_id: 5087] ✓ Updated: 35.56 → 35.61 (CHANGED)
[2025-12-31 00:30:04]   [emp_id: 5091] ✓ Updated: 75.41 → 75.46 (CHANGED)
[2025-12-31 00:30:04]   [emp_id: 5093] ✓ Updated: 13.96 → 14.04 (CHANGED)
[2025-12-31 00:30:04]   [emp_id: 5095] ✓ Updated: 0.95 → 1 (CHANGED)
[2025-12-31 00:30:04]   [emp_id: 5101] ✓ Updated: 16.04 → 16.12 (CHANGED)
[2025-12-31 00:30:04]   [emp_id: 5107] ✓ Updated: 14.37 → 14.45 (CHANGED)
[2025-12-31 00:30:04]   [emp_id: 5109] ✓ Updated: 11.62 → 11.7 (CHANGED)
[2025-12-31 00:30:04]   [emp_id: 5119] ✓ Updated: 9.79 → 9.87 (CHANGED)
[2025-12-31 00:30:04]   [emp_id: 5122] ✓ Updated: 6.96 → 7.04 (CHANGED)
[2025-12-31 00:30:04]   [emp_id: 5126] ✓ Updated: 26.29 → 26.34 (CHANGED)
[2025-12-31 00:30:04]   [emp_id: 5127] ✓ Updated: 23.08 → 23.13 (CHANGED)
[2025-12-31 00:30:04]   [emp_id: 5128] ✓ Updated: 26.23 → 26.28 (CHANGED)
[2025-12-31 00:30:04]   [emp_id: 5138] ✓ Updated: 65.62 → 65.7 (CHANGED)
[2025-12-31 00:30:04]   [emp_id: 5138] ✓ Updated: 65.62 → 65.7 (CHANGED)
[2025-12-31 00:30:04]   [emp_id: 5141] ✓ Updated: 34.6 → 34.65 (CHANGED)
[2025-12-31 00:30:04]   [emp_id: 5142] ✓ Updated: 13.6 → 13.65 (CHANGED)
[2025-12-31 00:30:04]   [emp_id: 5146] ✓ Updated: 20.6 → 20.65 (CHANGED)
[2025-12-31 00:30:04]   [emp_id: 5147] ✓ Updated: 19.6 → 19.65 (CHANGED)
[2025-12-31 00:30:04]   [emp_id: 5148] ✓ Updated: 24.95 → 25 (CHANGED)
[2025-12-31 00:30:04]   [emp_id: 5149] ✓ Updated: 23.84 → 23.89 (CHANGED)
[2025-12-31 00:30:04]   [emp_id: 5150] ✓ Updated: 23.2 → 23.25 (CHANGED)
[2025-12-31 00:30:04]   [emp_id: 5151] ✓ Updated: 23.02 → 23.07 (CHANGED)
[2025-12-31 00:30:04]   [emp_id: 5152] ✓ Updated: 3.44 → 3.49 (CHANGED)
[2025-12-31 00:30:04]   [emp_id: 5157] ✓ Updated: 23.02 → 23.07 (CHANGED)
[2025-12-31 00:30:04]   [emp_id: 5160] ✓ Updated: 23.02 → 23.07 (CHANGED)
[2025-12-31 00:30:04]   [emp_id: 5163] ✓ Updated: 20.81 → 20.86 (CHANGED)
[2025-12-31 00:30:04]   [emp_id: 5165] ✓ Updated: 1.06 → 1.14 (CHANGED)
[2025-12-31 00:30:04]   [emp_id: 5167] ✓ Updated: 29.96 → 30.01 (CHANGED)
[2025-12-31 00:30:04]   [emp_id: 5168] ✓ Updated: 22.5 → 22.55 (CHANGED)
[2025-12-31 00:30:04]   [emp_id: 5173] ✓ Updated: 24.71 → 24.79 (CHANGED)
[2025-12-31 00:30:04]   [emp_id: 5174] ✓ Updated: 22.96 → 23.01 (CHANGED)
[2025-12-31 00:30:04]   [emp_id: 5181] ✓ Updated: 19.35 → 19.4 (CHANGED)
[2025-12-31 00:30:04]   [emp_id: 5186] ✓ Updated: 24.88 → 24.93 (CHANGED)
[2025-12-31 00:30:04]   [emp_id: 5187] ✓ Updated: 35.88 → 35.93 (CHANGED)
[2025-12-31 00:30:04]   [emp_id: 5204] ✓ Updated: 22.21 → 22.29 (CHANGED)
[2025-12-31 00:30:04]   [emp_id: 5205] ✓ Updated: 12.09 → 12.14 (CHANGED)
[2025-12-31 00:30:04]   [emp_id: 5209] ✓ Updated: 15.09 → 15.14 (CHANGED)
[2025-12-31 00:30:04]   [emp_id: 5213] ✓ Updated: 1.5 → 1.55 (CHANGED)
[2025-12-31 00:30:04]   [emp_id: 5214] ✓ Updated: 3.34 → 3.39 (CHANGED)
[2025-12-31 00:30:04]   [emp_id: 5215] ✓ Updated: 10.09 → 10.14 (CHANGED)
[2025-12-31 00:30:04]   [emp_id: 5217] ✓ Updated: 9.09 → 9.14 (CHANGED)
[2025-12-31 00:30:04]   [emp_id: 5219] ✓ Updated: 13.09 → 13.14 (CHANGED)
[2025-12-31 00:30:04]   [emp_id: 5221] ✓ Updated: 4.46 → 4.51 (CHANGED)
[2025-12-31 00:30:04]   [emp_id: 5224] ✓ Updated: 14.09 → 14.14 (CHANGED)
[2025-12-31 00:30:04]   [emp_id: 5225] ✓ Updated: 0.76 → 0.81 (CHANGED)
[2025-12-31 00:30:04]   [emp_id: 5228] ✓ Updated: 9.09 → 9.14 (CHANGED)
[2025-12-31 00:30:04]   [emp_id: 5229] ✓ Updated: 5.09 → 5.14 (CHANGED)
[2025-12-31 00:30:04]   [emp_id: 5230] ✓ Updated: 11.76 → 11.81 (CHANGED)
[2025-12-31 00:30:04]   [emp_id: 5231] ✓ Updated: 6.09 → 6.14 (CHANGED)
[2025-12-31 00:30:04]   [emp_id: 5232] ✓ Updated: 11.09 → 11.14 (CHANGED)
[2025-12-31 00:30:04]   [emp_id: 5233] ✓ Updated: 4.09 → 4.14 (CHANGED)
[2025-12-31 00:30:04]   [emp_id: 5234] ✓ Updated: 4.09 → 4.14 (CHANGED)
[2025-12-31 00:30:04]   [emp_id: 5235] ✓ Updated: 4.76 → 4.81 (CHANGED)
[2025-12-31 00:30:04]   [emp_id: 5237] ✓ Updated: 10.34 → 10.39 (CHANGED)
[2025-12-31 00:30:04]   [emp_id: 5239] ✓ Updated: 7.09 → 7.14 (CHANGED)
[2025-12-31 00:30:04]   [emp_id: 5241] ✓ Updated: 5.09 → 5.14 (CHANGED)
[2025-12-31 00:30:04]   [emp_id: 5242] ✓ Updated: 15.09 → 15.14 (CHANGED)
[2025-12-31 00:30:04]   [emp_id: 5243] ✓ Updated: 1.5 → 1.55 (CHANGED)
[2025-12-31 00:30:04]   [emp_id: 5244] ✓ Updated: 0.8 → 0.85 (CHANGED)
[2025-12-31 00:30:04]   [emp_id: 5246] ✓ Updated: 11.09 → 11.14 (CHANGED)
[2025-12-31 00:30:04]   [emp_id: 5253] ✓ Updated: 23.96 → 24.01 (CHANGED)
[2025-12-31 00:30:04]   [emp_id: 5254] ✓ Updated: 11.94 → 11.99 (CHANGED)
[2025-12-31 00:30:04]   [emp_id: 5257] ✓ Updated: 11.65 → 11.7 (CHANGED)
[2025-12-31 00:30:04]   [emp_id: 5259] ✓ Updated: 48.18 → 48.23 (CHANGED)
[2025-12-31 00:30:04]   [emp_id: 5261] ✓ Updated: 15.81 → 15.89 (CHANGED)
[2025-12-31 00:30:04]   [emp_id: 5264] ✓ Updated: 25.66 → 25.71 (CHANGED)
[2025-12-31 00:30:04]   [emp_id: 5266] ✓ Updated: 20.28 → 20.33 (CHANGED)
[2025-12-31 00:30:04]   [emp_id: 5268] ✓ Updated: 8.85 → 8.9 (CHANGED)
[2025-12-31 00:30:04]   [emp_id: 5271] ✓ Updated: 7.51 → 7.56 (CHANGED)
[2025-12-31 00:30:04]   [emp_id: 5272] ✓ Updated: 8.38 → 8.43 (CHANGED)
[2025-12-31 00:30:04]   [emp_id: 5273] ✓ Updated: 23.45 → 23.5 (CHANGED)
[2025-12-31 00:30:04]   [emp_id: 5275] ✓ Updated: 9.2 → 9.25 (CHANGED)
[2025-12-31 00:30:04]   [emp_id: 5276] ✓ Updated: 23.47 → 23.52 (CHANGED)
[2025-12-31 00:30:04]   [emp_id: 5278] ✓ Updated: 7.86 → 7.91 (CHANGED)
[2025-12-31 00:30:04]   [emp_id: 5280] ✓ Updated: 18.26 → 18.31 (CHANGED)
[2025-12-31 00:30:04]   [emp_id: 5282] ✓ Updated: 11.29 → 11.37 (CHANGED)
[2025-12-31 00:30:04]   [emp_id: 5285] ✓ Updated: 28.26 → 28.31 (CHANGED)
[2025-12-31 00:30:04]   [emp_id: 5286] ✓ Updated: 15.26 → 15.31 (CHANGED)
[2025-12-31 00:30:04]   [emp_id: 5287] ✓ Updated: 49.56 → 49.61 (CHANGED)
[2025-12-31 00:30:04]   [emp_id: 5288] ✓ Updated: 6.83 → 6.88 (CHANGED)
[2025-12-31 00:30:04]   [emp_id: 5289] ✓ Updated: 48.11 → 48.16 (CHANGED)
[2025-12-31 00:30:04]   [emp_id: 5290] ✓ Updated: 46.88 → 46.93 (CHANGED)
[2025-12-31 00:30:04]   [emp_id: 5291] ✓ Updated: 4.88 → 4.93 (CHANGED)
[2025-12-31 00:30:04]   [emp_id: 5292] ✓ Updated: 4.82 → 4.87 (CHANGED)
[2025-12-31 00:30:04]   [emp_id: 5293] ✓ Updated: 37.46 → 37.54 (CHANGED)
[2025-12-31 00:30:04]   [emp_id: 5294] ✓ Updated: 7.21 → 7.29 (CHANGED)
[2025-12-31 00:30:04]   [emp_id: 5295] ✓ Updated: 21.06 → 21.11 (CHANGED)
[2025-12-31 00:30:04]   [emp_id: 5296] ✓ Updated: 34.23 → 34.31 (CHANGED)
[2025-12-31 00:30:04]   [emp_id: 5297] ✓ Updated: 45.48 → 45.53 (CHANGED)
[2025-12-31 00:30:04]   [emp_id: 5298] ✓ Updated: 45.48 → 45.53 (CHANGED)
[2025-12-31 00:30:04]   [emp_id: 5299] ✓ Updated: 45.48 → 45.53 (CHANGED)
[2025-12-31 00:30:04]   [emp_id: 5300] ✓ Updated: 45.48 → 45.53 (CHANGED)
[2025-12-31 00:30:04]   [emp_id: 5301] ✓ Updated: 3.3 → 3.35 (CHANGED)
[2025-12-31 00:30:04]   [emp_id: 5303] ✓ Updated: 3.73 → 3.78 (CHANGED)
[2025-12-31 00:30:04]   [emp_id: 5304] ✓ Updated: 45.48 → 45.53 (CHANGED)
[2025-12-31 00:30:04]   [emp_id: 5305] ✓ Updated: 3.48 → 3.53 (CHANGED)
[2025-12-31 00:30:04]   [emp_id: 5306] ✓ Updated: 45.19 → 45.24 (CHANGED)
[2025-12-31 00:30:04]   [emp_id: 5307] ✓ Updated: 45.19 → 45.24 (CHANGED)
[2025-12-31 00:30:04]   [emp_id: 5312] ✓ Updated: 0.8 → 0.85 (CHANGED)
[2025-12-31 00:30:04]   [emp_id: 5318] ✓ Updated: 25.9 → 25.95 (CHANGED)
[2025-12-31 00:30:04]   [emp_id: 5325] ✓ Updated: 21.86 → 21.91 (CHANGED)
[2025-12-31 00:30:04]   [emp_id: 5327] ✓ Updated: 0.95 → 1 (CHANGED)
[2025-12-31 00:30:04]   [emp_id: 5337] ✓ Updated: 35.12 → 35.2 (CHANGED)
[2025-12-31 00:30:04]   [emp_id: 5339] ✓ Updated: 10.05 → 10.1 (CHANGED)
[2025-12-31 00:30:04]   [emp_id: 5343] ✓ Updated: 45.04 → 45.12 (CHANGED)
[2025-12-31 00:30:04]   [emp_id: 5343] ✓ Updated: 45.04 → 45.12 (CHANGED)
[2025-12-31 00:30:04]   [emp_id: 5345] ✓ Updated: 14.87 → 14.95 (CHANGED)
[2025-12-31 00:30:04]   [emp_id: 5346] ✓ Updated: 1.77 → 1.82 (CHANGED)
[2025-12-31 00:30:04]   [emp_id: 5351] ✓ Updated: 16.71 → 16.76 (CHANGED)
[2025-12-31 00:30:04]   [emp_id: 5352] ✓ Updated: 25.29 → 25.37 (CHANGED)
[2025-12-31 00:30:04]   [emp_id: 5370] ✓ Updated: 15.36 → 15.41 (CHANGED)
[2025-12-31 00:30:04]   [emp_id: 5371] ✓ Updated: 1.2 → 1.28 (CHANGED)
[2025-12-31 00:30:04]   [emp_id: 5376] ✓ Updated: 9.96 → 10.01 (CHANGED)
[2025-12-31 00:30:04]   [emp_id: 5378] ✓ Updated: 17.12 → 17.2 (CHANGED)
[2025-12-31 00:30:04]   [emp_id: 5380] ✓ Updated: 16.37 → 16.42 (CHANGED)
[2025-12-31 00:30:04]   [emp_id: 5381] ✓ Updated: 11.56 → 11.64 (CHANGED)
[2025-12-31 00:30:04]   [emp_id: 5383] ✓ Updated: 15.87 → 15.95 (CHANGED)
[2025-12-31 00:30:04]   [emp_id: 5388] ✓ Updated: 27.15 → 27.2 (CHANGED)
[2025-12-31 00:30:04]   [emp_id: 5396] ✓ Updated: 28.39 → 28.44 (CHANGED)
[2025-12-31 00:30:04]   [emp_id: 5397] ✓ Updated: 19.85 → 19.9 (CHANGED)
[2025-12-31 00:30:04]   [emp_id: 5401] ✓ Updated: 22.96 → 23.01 (CHANGED)
[2025-12-31 00:30:04]   [emp_id: 5402] ✓ Updated: 23.08 → 23.13 (CHANGED)
[2025-12-31 00:30:04]   [emp_id: 5406] ✓ Updated: 21.8 → 21.85 (CHANGED)
[2025-12-31 00:30:04]   [emp_id: 5407] ✓ Updated: 15.64 → 15.72 (CHANGED)
[2025-12-31 00:30:04]   [emp_id: 5409] ✓ Updated: 16.14 → 16.19 (CHANGED)
[2025-12-31 00:30:04]   [emp_id: 5413] ✓ Updated: 28.04 → 28.12 (CHANGED)
[2025-12-31 00:30:04]   [emp_id: 5414] ✓ Updated: 27.71 → 27.79 (CHANGED)
[2025-12-31 00:30:04]   [emp_id: 5415] ✓ Updated: 3.64 → 3.72 (CHANGED)
[2025-12-31 00:30:04]   [emp_id: 5418] ✓ Updated: 15.2 → 15.25 (CHANGED)
[2025-12-31 00:30:04]   [emp_id: 5422] ✓ Updated: 20.37 → 20.45 (CHANGED)
[2025-12-31 00:30:04]   [emp_id: 5423] ✓ Updated: 5.06 → 5.14 (CHANGED)
[2025-12-31 00:30:04]   [emp_id: 5425] ✓ Updated: 13.75 → 13.8 (CHANGED)
[2025-12-31 00:30:04]   [emp_id: 5426] ✓ Updated: 3.61 → 3.69 (CHANGED)
[2025-12-31 00:30:05]   [emp_id: 5426] ✓ Updated: 3.61 → 3.69 (CHANGED)
[2025-12-31 00:30:05]   [emp_id: 5427] ✓ Updated: 13.86 → 13.91 (CHANGED)
[2025-12-31 00:30:05]   [emp_id: 5428] ✓ Updated: 13.75 → 13.8 (CHANGED)
[2025-12-31 00:30:05]   [emp_id: 5430] ✓ Updated: 17.37 → 17.45 (CHANGED)
[2025-12-31 00:30:05]   [emp_id: 5431] ✓ Updated: 12.87 → 12.92 (CHANGED)
[2025-12-31 00:30:05]   [emp_id: 5434] ✓ Updated: 12.64 → 12.69 (CHANGED)
[2025-12-31 00:30:05]   [emp_id: 5435] ✓ Updated: 12.58 → 12.63 (CHANGED)
[2025-12-31 00:30:05]   [emp_id: 5436] ✓ Updated: 12.58 → 12.63 (CHANGED)
[2025-12-31 00:30:05]   [emp_id: 5438] ✓ Updated: 15.29 → 15.37 (CHANGED)
[2025-12-31 00:30:05]   [emp_id: 5439] ✓ Updated: 24.79 → 24.87 (CHANGED)
[2025-12-31 00:30:05]   [emp_id: 5442] ✓ Updated: 13.79 → 13.87 (CHANGED)
[2025-12-31 00:30:05]   [emp_id: 5445] ✓ Updated: 7.04 → 7.09 (CHANGED)
[2025-12-31 00:30:05]   [emp_id: 5446] ✓ Updated: 7.04 → 7.09 (CHANGED)
[2025-12-31 00:30:05]   [emp_id: 5447] ✓ Updated: 6.98 → 7.03 (CHANGED)
[2025-12-31 00:30:05]   [emp_id: 5448] ✓ Updated: 6.81 → 6.89 (CHANGED)
[2025-12-31 00:30:05]   [emp_id: 5449] ✓ Updated: 5.06 → 5.11 (CHANGED)
[2025-12-31 00:30:05]   [emp_id: 5450] ✓ Updated: 5 → 5.05 (CHANGED)
[2025-12-31 00:30:05]   [emp_id: 5451] ✓ Updated: 5 → 5.05 (CHANGED)
[2025-12-31 00:30:05]   [emp_id: 5454] ✓ Updated: 6.87 → 6.95 (CHANGED)
[2025-12-31 00:30:05]   [emp_id: 5455] ✓ Updated: 5.12 → 5.2 (CHANGED)
[2025-12-31 00:30:05]   [emp_id: 5456] ✓ Updated: 6.12 → 6.2 (CHANGED)
[2025-12-31 00:30:05] Report saved to: /home/almutlak/public_html/hr/cron_logs/last_vacation_update_report.json
[2025-12-31 08:06:59] ========== CRON: Vacation Balance Update Started ==========
[2025-12-31 09:24:26] ========== CRON: Vacation Balance Update Started ==========
[2025-12-31 11:14:07] ========== CRON: Vacation Balance Update Started ==========
