[2025-12-20 00:30:02] ========== CRON: Vacation Balance Update Started ==========
[2025-12-20 00:30:02] Database connection established
[2025-12-20 00:30:02] Found 437 active employees with balance records to update
[2025-12-20 00:30:02] (Only employees with status=1 will be processed)
[2025-12-20 00:30:02]   [emp_id: 1061] ✓ Updated: 32.16 → 32.24 (CHANGED)
[2025-12-20 00:30:02]   [emp_id: 1496] ✓ Updated: 15.33 → 15.41 (CHANGED)
[2025-12-20 00:30:02]   [emp_id: 1500] ✓ Updated: 24.58 → 24.66 (CHANGED)
[2025-12-20 00:30:02]   [emp_id: 1574] ✓ Updated: 32.24 → 32.32 (CHANGED)
[2025-12-20 00:30:02]   [emp_id: 1673] ✓ Updated: 43.74 → 43.82 (CHANGED)
[2025-12-20 00:30:02]   [emp_id: 1685] ✓ Updated: 13.66 → 13.74 (CHANGED)
[2025-12-20 00:30:02]   [emp_id: 1764] ✓ Updated: 68.33 → 68.41 (CHANGED)
[2025-12-20 00:30:02]   [emp_id: 1805] ✓ Updated: 62.66 → 62.74 (CHANGED)
[2025-12-20 00:30:02]   [emp_id: 1822] ✓ Updated: 67.41 → 67.49 (CHANGED)
[2025-12-20 00:30:02]   [emp_id: 1837] ✓ Updated: 23.58 → 23.66 (CHANGED)
[2025-12-20 00:30:02]   [emp_id: 1857] ✓ Updated: 18.91 → 18.99 (CHANGED)
[2025-12-20 00:30:02]   [emp_id: 1861] ✓ Updated: 69.74 → 69.82 (CHANGED)
[2025-12-20 00:30:02]   [emp_id: 1872] ✓ Updated: 8.58 → 8.66 (CHANGED)
[2025-12-20 00:30:02]   [emp_id: 1897] ✓ Updated: 30.91 → 30.99 (CHANGED)
[2025-12-20 00:30:02]   [emp_id: 1916] ✓ Updated: 10.21 → 10.29 (CHANGED)
[2025-12-20 00:30:02]   [emp_id: 1928] ✓ Updated: 63.16 → 63.24 (CHANGED)
[2025-12-20 00:30:02]   [emp_id: 1931] ✓ Updated: 83.08 → 83.16 (CHANGED)
[2025-12-20 00:30:02]   [emp_id: 1944] ✓ Updated: 41.24 → 41.32 (CHANGED)
[2025-12-20 00:30:02]   [emp_id: 1996] ✓ Updated: 69.74 → 69.82 (CHANGED)
[2025-12-20 00:30:02]   [emp_id: 1997] ✓ Updated: 34.91 → 34.99 (CHANGED)
[2025-12-20 00:30:02]   [emp_id: 1998] ✓ Updated: 86.24 → 86.32 (CHANGED)
[2025-12-20 00:30:02]   [emp_id: 1999] ✓ Updated: 87.24 → 87.32 (CHANGED)
[2025-12-20 00:30:02]   [emp_id: 2009] ✓ Updated: 33.66 → 33.74 (CHANGED)
[2025-12-20 00:30:02]   [emp_id: 2048] ✓ Updated: 23.49 → 23.57 (CHANGED)
[2025-12-20 00:30:02]   [emp_id: 2057] ✓ Updated: 64.33 → 64.41 (CHANGED)
[2025-12-20 00:30:02]   [emp_id: 2079] ✓ Updated: 46.66 → 46.74 (CHANGED)
[2025-12-20 00:30:02]   [emp_id: 2181] ✓ Updated: 35.66 → 35.74 (CHANGED)
[2025-12-20 00:30:02]   [emp_id: 2190] ✓ Updated: 4.99 → 5.07 (CHANGED)
[2025-12-20 00:30:02]   [emp_id: 2212] ✓ Updated: 22.99 → 23.07 (CHANGED)
[2025-12-20 00:30:02]   [emp_id: 2226] ✓ Updated: 67.74 → 67.82 (CHANGED)
[2025-12-20 00:30:02]   [emp_id: 2238] ✓ Updated: 65.99 → 66.07 (CHANGED)
[2025-12-20 00:30:02]   [emp_id: 2285] ✓ Updated: 34.66 → 34.74 (CHANGED)
[2025-12-20 00:30:02]   [emp_id: 2287] ✓ Updated: 46.33 → 46.41 (CHANGED)
[2025-12-20 00:30:02]   [emp_id: 2288] ✓ Updated: 61.24 → 61.32 (CHANGED)
[2025-12-20 00:30:02]   [emp_id: 2290] ✓ Updated: 78.16 → 78.24 (CHANGED)
[2025-12-20 00:30:02]   [emp_id: 2316] ✓ Updated: 15.16 → 15.24 (CHANGED)
[2025-12-20 00:30:02]   [emp_id: 2337] ✓ Updated: 36.24 → 36.32 (CHANGED)
[2025-12-20 00:30:02]   [emp_id: 2352] ✓ Updated: 67.74 → 67.82 (CHANGED)
[2025-12-20 00:30:02]   [emp_id: 2358] ✓ Updated: 4.24 → 4.32 (CHANGED)
[2025-12-20 00:30:02]   [emp_id: 2361] ✓ Updated: 69.91 → 69.99 (CHANGED)
[2025-12-20 00:30:02]   [emp_id: 2363] ✓ Updated: 72.49 → 72.57 (CHANGED)
[2025-12-20 00:30:02]   [emp_id: 2364] ✓ Updated: 71.91 → 71.99 (CHANGED)
[2025-12-20 00:30:02]   [emp_id: 2367] ✓ Updated: 99.58 → 99.66 (CHANGED)
[2025-12-20 00:30:02]   [emp_id: 2368] ✓ Updated: 29.99 → 30.07 (CHANGED)
[2025-12-20 00:30:02]   [emp_id: 2372] ✓ Updated: 67.24 → 67.32 (CHANGED)
[2025-12-20 00:30:02]   [emp_id: 2376] ✓ Updated: 117.24 → 117.32 (CHANGED)
[2025-12-20 00:30:02]   [emp_id: 2423] ✓ Updated: 17.99 → 18.07 (CHANGED)
[2025-12-20 00:30:02]   [emp_id: 2519] ✓ Updated: 171.66 → 171.74 (CHANGED)
[2025-12-20 00:30:02]   [emp_id: 2522] ✓ Updated: 55.24 → 55.32 (CHANGED)
[2025-12-20 00:30:02]   [emp_id: 2530] ✓ Updated: 50.49 → 50.57 (CHANGED)
[2025-12-20 00:30:02]   [emp_id: 2539] ✓ Updated: 47.24 → 47.32 (CHANGED)
[2025-12-20 00:30:02]   [emp_id: 2541] ✓ Updated: 27.83 → 27.91 (CHANGED)
[2025-12-20 00:30:03]   [emp_id: 2550] ✓ Updated: 93.99 → 94.07 (CHANGED)
[2025-12-20 00:30:03]   [emp_id: 2553] ✓ Updated: 60.99 → 61.07 (CHANGED)
[2025-12-20 00:30:03]   [emp_id: 2554] ✓ Updated: 37.58 → 37.66 (CHANGED)
[2025-12-20 00:30:03]   [emp_id: 2565] ✓ Updated: 92.16 → 92.24 (CHANGED)
[2025-12-20 00:30:03]   [emp_id: 2572] ✓ Updated: 42.16 → 42.24 (CHANGED)
[2025-12-20 00:30:03]   [emp_id: 2637] ✓ Updated: 62.74 → 62.82 (CHANGED)
[2025-12-20 00:30:03]   [emp_id: 2642] ✓ Updated: 75.49 → 75.57 (CHANGED)
[2025-12-20 00:30:03]   [emp_id: 2645] ✓ Updated: 91.49 → 91.57 (CHANGED)
[2025-12-20 00:30:03]   [emp_id: 2648] ✓ Updated: 43.16 → 43.24 (CHANGED)
[2025-12-20 00:30:03]   [emp_id: 2654] ✓ Updated: 85.83 → 85.91 (CHANGED)
[2025-12-20 00:30:03]   [emp_id: 2688] ✓ Updated: 23.91 → 23.99 (CHANGED)
[2025-12-20 00:30:03]   [emp_id: 2690] ✓ Updated: 12.66 → 12.74 (CHANGED)
[2025-12-20 00:30:03]   [emp_id: 2709] ✓ Updated: 34.91 → 34.99 (CHANGED)
[2025-12-20 00:30:03]   [emp_id: 2745] ✓ Updated: 31.49 → 31.57 (CHANGED)
[2025-12-20 00:30:03]   [emp_id: 2843] ✓ Updated: 78.08 → 78.16 (CHANGED)
[2025-12-20 00:30:03]   [emp_id: 2854] ✓ Updated: 57.99 → 58.07 (CHANGED)
[2025-12-20 00:30:03]   [emp_id: 2869] ✓ Updated: 62.91 → 62.99 (CHANGED)
[2025-12-20 00:30:03]   [emp_id: 2876] ✓ Updated: 32.74 → 32.82 (CHANGED)
[2025-12-20 00:30:03]   [emp_id: 2924] ✓ Updated: 13.91 → 13.99 (CHANGED)
[2025-12-20 00:30:03]   [emp_id: 2953] ✓ Updated: 99.66 → 99.74 (CHANGED)
[2025-12-20 00:30:03]   [emp_id: 2961] ✓ Updated: 9.66 → 9.74 (CHANGED)
[2025-12-20 00:30:03]   [emp_id: 2975] ✓ Updated: 11.66 → 11.74 (CHANGED)
[2025-12-20 00:30:03]   [emp_id: 3013] ✓ Updated: 8.66 → 8.74 (CHANGED)
[2025-12-20 00:30:03]   [emp_id: 3014] ✓ Updated: 87.91 → 87.99 (CHANGED)
[2025-12-20 00:30:03]   [emp_id: 3015] ✓ Updated: 39.16 → 39.24 (CHANGED)
[2025-12-20 00:30:03]   [emp_id: 3018] ✓ Updated: 57.91 → 57.99 (CHANGED)
[2025-12-20 00:30:03]   [emp_id: 3025] ✓ Updated: 81.58 → 81.66 (CHANGED)
[2025-12-20 00:30:03]   [emp_id: 3037] ✓ Updated: 81.41 → 81.49 (CHANGED)
[2025-12-20 00:30:03]   [emp_id: 3047] ✓ Updated: 69.66 → 69.74 (CHANGED)
[2025-12-20 00:30:03]   [emp_id: 3061] ✓ Updated: 16.58 → 16.66 (CHANGED)
[2025-12-20 00:30:03]   [emp_id: 3062] ✓ Updated: 49.74 → 49.82 (CHANGED)
[2025-12-20 00:30:03]   [emp_id: 3074] ✓ Updated: 106.16 → 106.24 (CHANGED)
[2025-12-20 00:30:03]   [emp_id: 3089] ✓ Updated: 5.08 → 5.16 (CHANGED)
[2025-12-20 00:30:03]   [emp_id: 3090] ✓ Updated: 31.66 → 31.74 (CHANGED)
[2025-12-20 00:30:03]   [emp_id: 3091] ✓ Updated: 43.66 → 43.74 (CHANGED)
[2025-12-20 00:30:03]   [emp_id: 3092] ✓ Updated: 26.33 → 26.41 (CHANGED)
[2025-12-20 00:30:03]   [emp_id: 3105] ✓ Updated: 46.66 → 46.74 (CHANGED)
[2025-12-20 00:30:03]   [emp_id: 3134] ✓ Updated: 42.41 → 42.49 (CHANGED)
[2025-12-20 00:30:03]   [emp_id: 3140] ✓ Updated: 39.49 → 39.57 (CHANGED)
[2025-12-20 00:30:03]   [emp_id: 3144] ✓ Updated: 12.33 → 12.41 (CHANGED)
[2025-12-20 00:30:03]   [emp_id: 3156] ✓ Updated: 15.66 → 15.74 (CHANGED)
[2025-12-20 00:30:03]   [emp_id: 3162] ✓ Updated: 0.64 → 0.72 (CHANGED)
[2025-12-20 00:30:03]   [emp_id: 3163] ✓ Updated: 3.91 → 3.99 (CHANGED)
[2025-12-20 00:30:03]   [emp_id: 3198] ✓ Updated: 38.91 → 38.99 (CHANGED)
[2025-12-20 00:30:03]   [emp_id: 3205] ✓ Updated: 15.58 → 15.66 (CHANGED)
[2025-12-20 00:30:03]   [emp_id: 3209] ✓ Updated: 39.74 → 39.82 (CHANGED)
[2025-12-20 00:30:03]   [emp_id: 3223] ✓ Updated: 88.66 → 88.74 (CHANGED)
[2025-12-20 00:30:03]   [emp_id: 3224] ✓ Updated: 63.41 → 63.49 (CHANGED)
[2025-12-20 00:30:03]   [emp_id: 3230] ✓ Updated: 86.83 → 86.91 (CHANGED)
[2025-12-20 00:30:03]   [emp_id: 3231] ✓ Updated: 88.08 → 88.16 (CHANGED)
[2025-12-20 00:30:03]   [emp_id: 3233] ✓ Updated: 79.66 → 79.74 (CHANGED)
[2025-12-20 00:30:03]   [emp_id: 3249] ✓ Updated: 35.49 → 35.57 (CHANGED)
[2025-12-20 00:30:03]   [emp_id: 3250] ✓ Updated: 8.49 → 8.57 (CHANGED)
[2025-12-20 00:30:03]   [emp_id: 3252] ✓ Updated: 9.41 → 9.49 (CHANGED)
[2025-12-20 00:30:03]   [emp_id: 3254] ✓ Updated: 19.91 → 19.99 (CHANGED)
[2025-12-20 00:30:03]   [emp_id: 3255] ✓ Updated: 16.33 → 16.41 (CHANGED)
[2025-12-20 00:30:03]   [emp_id: 3256] ✓ Updated: 12.58 → 12.66 (CHANGED)
[2025-12-20 00:30:03]   [emp_id: 3263] ✓ Updated: 28.66 → 28.74 (CHANGED)
[2025-12-20 00:30:03]   [emp_id: 3265] ✓ Updated: 24.24 → 24.32 (CHANGED)
[2025-12-20 00:30:03]   [emp_id: 3280] ✓ Updated: 71.16 → 71.24 (CHANGED)
[2025-12-20 00:30:03]   [emp_id: 3286] ✓ Updated: 14.33 → 14.41 (CHANGED)
[2025-12-20 00:30:03]   [emp_id: 3294] ✓ Updated: 13.99 → 14.07 (CHANGED)
[2025-12-20 00:30:03]   [emp_id: 3321] ✓ Updated: 71.16 → 71.24 (CHANGED)
[2025-12-20 00:30:03]   [emp_id: 3325] ✓ Updated: 58.91 → 58.99 (CHANGED)
[2025-12-20 00:30:03]   [emp_id: 3329] ✓ Updated: 61.24 → 61.32 (CHANGED)
[2025-12-20 00:30:03]   [emp_id: 3330] ✓ Updated: 61.24 → 61.32 (CHANGED)
[2025-12-20 00:30:03]   [emp_id: 3332] ✓ Updated: 61.24 → 61.32 (CHANGED)
[2025-12-20 00:30:03]   [emp_id: 3370] ✓ Updated: 52.91 → 52.99 (CHANGED)
[2025-12-20 00:30:03]   [emp_id: 3384] ✓ Updated: 13.41 → 13.49 (CHANGED)
[2025-12-20 00:30:03]   [emp_id: 3386] ✓ Updated: 43.41 → 43.49 (CHANGED)
[2025-12-20 00:30:03]   [emp_id: 3431] ✓ Updated: 17.83 → 17.91 (CHANGED)
[2025-12-20 00:30:03]   [emp_id: 3497] ✓ Updated: 7.99 → 8.07 (CHANGED)
[2025-12-20 00:30:03]   [emp_id: 3532] ✓ Updated: 44.83 → 44.91 (CHANGED)
[2025-12-20 00:30:03]   [emp_id: 3586] ✓ Updated: 8.91 → 8.99 (CHANGED)
[2025-12-20 00:30:03]   [emp_id: 3602] ✓ Updated: 0.4 → 0.48 (CHANGED)
[2025-12-20 00:30:03]   [emp_id: 3618] ✓ Updated: 22.38 → 22.46 (CHANGED)
[2025-12-20 00:30:03]   [emp_id: 3622] ✓ Updated: 33.75 → 33.8 (CHANGED)
[2025-12-20 00:30:03]   [emp_id: 3627] ✓ Updated: 8.33 → 8.41 (CHANGED)
[2025-12-20 00:30:03]   [emp_id: 3665] ✓ Updated: 49.91 → 49.99 (CHANGED)
[2025-12-20 00:30:03]   [emp_id: 3705] ✓ Updated: 27.08 → 27.13 (CHANGED)
[2025-12-20 00:30:03]   [emp_id: 3724] ✓ Updated: 42.91 → 42.99 (CHANGED)
[2025-12-20 00:30:03]   [emp_id: 3726] ✓ Updated: 59.33 → 59.41 (CHANGED)
[2025-12-20 00:30:03]   [emp_id: 3727] ✓ Updated: 64.41 → 64.49 (CHANGED)
[2025-12-20 00:30:03]   [emp_id: 3728] ✓ Updated: 8.74 → 8.82 (CHANGED)
[2025-12-20 00:30:03]   [emp_id: 3742] ✓ Updated: 31.91 → 31.99 (CHANGED)
[2025-12-20 00:30:03]   [emp_id: 3767] ✓ Updated: 59.49 → 59.57 (CHANGED)
[2025-12-20 00:30:03]   [emp_id: 3768] ✓ Updated: 55.74 → 55.82 (CHANGED)
[2025-12-20 00:30:03]   [emp_id: 3787] ✓ Updated: 56.33 → 56.41 (CHANGED)
[2025-12-20 00:30:03]   [emp_id: 3790] ✓ Updated: 0.88 → 0.96 (CHANGED)
[2025-12-20 00:30:03]   [emp_id: 3795] ✓ Updated: 13.83 → 13.91 (CHANGED)
[2025-12-20 00:30:03]   [emp_id: 3798] ✓ Updated: 92.24 → 92.32 (CHANGED)
[2025-12-20 00:30:03]   [emp_id: 3801] ✓ Updated: 30.41 → 30.49 (CHANGED)
[2025-12-20 00:30:03]   [emp_id: 3802] ✓ Updated: 29.49 → 29.57 (CHANGED)
[2025-12-20 00:30:03]   [emp_id: 3803] ✓ Updated: 113.91 → 113.99 (CHANGED)
[2025-12-20 00:30:03]   [emp_id: 3810] ✓ Updated: 59.91 → 59.99 (CHANGED)
[2025-12-20 00:30:03]   [emp_id: 3812] ✓ Updated: 88.91 → 88.99 (CHANGED)
[2025-12-20 00:30:03]   [emp_id: 3815] ✓ Updated: 88.91 → 88.99 (CHANGED)
[2025-12-20 00:30:03]   [emp_id: 3836] ✓ Updated: 56.58 → 56.66 (CHANGED)
[2025-12-20 00:30:03]   [emp_id: 3855] ✓ Updated: 49.74 → 49.82 (CHANGED)
[2025-12-20 00:30:03]   [emp_id: 3857] ✓ Updated: 53.41 → 53.49 (CHANGED)
[2025-12-20 00:30:03]   [emp_id: 3862] ✓ Updated: 101.49 → 101.57 (CHANGED)
[2025-12-20 00:30:03]   [emp_id: 3866] ✓ Updated: 26.74 → 26.82 (CHANGED)
[2025-12-20 00:30:03]   [emp_id: 3876] ✓ Updated: 46.91 → 46.99 (CHANGED)
[2025-12-20 00:30:03]   [emp_id: 3877] ✓ Updated: 48.41 → 48.49 (CHANGED)
[2025-12-20 00:30:03]   [emp_id: 3897] ✓ Updated: 36.66 → 36.74 (CHANGED)
[2025-12-20 00:30:03]   [emp_id: 3899] ✓ Updated: 51.83 → 51.91 (CHANGED)
[2025-12-20 00:30:03]   [emp_id: 3928] ✓ Updated: 12.74 → 12.82 (CHANGED)
[2025-12-20 00:30:03]   [emp_id: 3929] ✓ Updated: 7.74 → 7.82 (CHANGED)
[2025-12-20 00:30:03]   [emp_id: 3935] ✓ Updated: 92.74 → 92.82 (CHANGED)
[2025-12-20 00:30:03]   [emp_id: 3952] ✓ Updated: 75.08 → 75.16 (CHANGED)
[2025-12-20 00:30:03]   [emp_id: 3987] ✓ Updated: 12.99 → 13.07 (CHANGED)
[2025-12-20 00:30:03]   [emp_id: 4059] ✓ Updated: 2.19 → 2.27 (CHANGED)
[2025-12-20 00:30:03]   [emp_id: 4119] ✓ Updated: 55.66 → 55.74 (CHANGED)
[2025-12-20 00:30:03]   [emp_id: 4120] ✓ Updated: 25.24 → 25.32 (CHANGED)
[2025-12-20 00:30:03]   [emp_id: 4124] ✓ Updated: 55.66 → 55.74 (CHANGED)
[2025-12-20 00:30:03]   [emp_id: 4133] ✓ Updated: 104.24 → 104.32 (CHANGED)
[2025-12-20 00:30:03]   [emp_id: 4134] ✓ Updated: 25.24 → 25.32 (CHANGED)
[2025-12-20 00:30:03]   [emp_id: 4136] ✓ Updated: 25.24 → 25.32 (CHANGED)
[2025-12-20 00:30:03]   [emp_id: 4150] ✓ Updated: 23.91 → 23.99 (CHANGED)
[2025-12-20 00:30:03]   [emp_id: 4157] ✓ Updated: 17.41 → 17.49 (CHANGED)
[2025-12-20 00:30:03]   [emp_id: 4172] ✓ Updated: 11.66 → 11.71 (CHANGED)
[2025-12-20 00:30:03]   [emp_id: 4195] ✓ Updated: 60.99 → 61.07 (CHANGED)
[2025-12-20 00:30:03]   [emp_id: 4215] ✓ Updated: 43.66 → 43.74 (CHANGED)
[2025-12-20 00:30:03]   [emp_id: 4220] ✓ Updated: 39.24 → 39.32 (CHANGED)
[2025-12-20 00:30:03]   [emp_id: 4273] ✓ Updated: 7.91 → 7.99 (CHANGED)
[2025-12-20 00:30:03]   [emp_id: 4283] ✓ Updated: 12.75 → 12.8 (CHANGED)
[2025-12-20 00:30:03]   [emp_id: 4288] ✓ Updated: 0.16 → 0.24 (CHANGED)
[2025-12-20 00:30:03]   [emp_id: 4315] ✓ Updated: 14.16 → 14.24 (CHANGED)
[2025-12-20 00:30:03]   [emp_id: 4328] ✓ Updated: 41.58 → 41.63 (CHANGED)
[2025-12-20 00:30:03]   [emp_id: 4329] ✓ Updated: 4.33 → 4.41 (CHANGED)
[2025-12-20 00:30:03]   [emp_id: 4338] ✓ Updated: 45.91 → 45.99 (CHANGED)
[2025-12-20 00:30:03]   [emp_id: 4340] ✓ Updated: 124.91 → 124.99 (CHANGED)
[2025-12-20 00:30:03]   [emp_id: 4365] ✓ Updated: 59.33 → 59.41 (CHANGED)
[2025-12-20 00:30:03]   [emp_id: 4366] ✓ Updated: 58.41 → 58.49 (CHANGED)
[2025-12-20 00:30:04]   [emp_id: 4403] ✓ Updated: 84.24 → 84.32 (CHANGED)
[2025-12-20 00:30:04]   [emp_id: 4438] ✓ Updated: 19.91 → 19.99 (CHANGED)
[2025-12-20 00:30:04]   [emp_id: 4465] ✓ Updated: 11.91 → 11.96 (CHANGED)
[2025-12-20 00:30:04]   [emp_id: 4473] ✓ Updated: 43.49 → 43.57 (CHANGED)
[2025-12-20 00:30:04]   [emp_id: 4474] ✓ Updated: 58.66 → 58.71 (CHANGED)
[2025-12-20 00:30:04]   [emp_id: 4493] ✓ Updated: 162.33 → 162.41 (CHANGED)
[2025-12-20 00:30:04]   [emp_id: 4526] ✓ Updated: 34.58 → 34.66 (CHANGED)
[2025-12-20 00:30:04]   [emp_id: 4528] ✓ Updated: 106.33 → 106.41 (CHANGED)
[2025-12-20 00:30:04]   [emp_id: 4528] ✓ Updated: 106.33 → 106.41 (CHANGED)
[2025-12-20 00:30:04]   [emp_id: 4532] ✓ Updated: 7.03 → 7.08 (CHANGED)
[2025-12-20 00:30:04]   [emp_id: 4533] ✓ Updated: 34.74 → 34.82 (CHANGED)
[2025-12-20 00:30:04]   [emp_id: 4564] ✓ Updated: 24.66 → 24.71 (CHANGED)
[2025-12-20 00:30:04]   [emp_id: 4565] ✓ Updated: 14.41 → 14.46 (CHANGED)
[2025-12-20 00:30:04]   [emp_id: 4567] ✓ Updated: 18.66 → 18.71 (CHANGED)
[2025-12-20 00:30:04]   [emp_id: 4572] ✓ Updated: 58.16 → 58.21 (CHANGED)
[2025-12-20 00:30:04]   [emp_id: 4631] ✓ Updated: 14.41 → 14.46 (CHANGED)
[2025-12-20 00:30:04]   [emp_id: 4655] ✓ Updated: 23.66 → 23.74 (CHANGED)
[2025-12-20 00:30:04]   [emp_id: 4689] ✓ Updated: 21.33 → 21.41 (CHANGED)
[2025-12-20 00:30:04]   [emp_id: 4709] ✓ Updated: 38.91 → 38.99 (CHANGED)
[2025-12-20 00:30:04]   [emp_id: 4717] ✓ Updated: 64.91 → 64.99 (CHANGED)
[2025-12-20 00:30:04]   [emp_id: 4736] ✓ Updated: 26.74 → 26.82 (CHANGED)
[2025-12-20 00:30:04]   [emp_id: 4756] ✓ Updated: 60.3 → 60.35 (CHANGED)
[2025-12-20 00:30:04]   [emp_id: 4768] ✓ Updated: 11.41 → 11.49 (CHANGED)
[2025-12-20 00:30:04]   [emp_id: 4780] ✓ Updated: 64.58 → 64.63 (CHANGED)
[2025-12-20 00:30:04]   [emp_id: 4820] ✓ Updated: 97.74 → 97.82 (CHANGED)
[2025-12-20 00:30:04]   [emp_id: 4825] ✓ Updated: 29.49 → 29.57 (CHANGED)
[2025-12-20 00:30:04]   [emp_id: 4835] ✓ Updated: 47.33 → 47.38 (CHANGED)
[2025-12-20 00:30:04]   [emp_id: 4837] ✓ Updated: 44.57 → 44.62 (CHANGED)
[2025-12-20 00:30:04]   [emp_id: 4838] ✓ Updated: 43.59 → 43.64 (CHANGED)
[2025-12-20 00:30:04]   [emp_id: 4840] ✓ Updated: 44.57 → 44.62 (CHANGED)
[2025-12-20 00:30:04]   [emp_id: 4842] ✓ Updated: 43.81 → 43.86 (CHANGED)
[2025-12-20 00:30:04]   [emp_id: 4843] ✓ Updated: 44.34 → 44.39 (CHANGED)
[2025-12-20 00:30:04]   [emp_id: 4853] ✓ Updated: 88.16 → 88.21 (CHANGED)
[2025-12-20 00:30:04]   [emp_id: 4856] ✓ Updated: 41.48 → 41.53 (CHANGED)
[2025-12-20 00:30:04]   [emp_id: 4857] ✓ Updated: 24.3 → 24.35 (CHANGED)
[2025-12-20 00:30:04]   [emp_id: 4858] ✓ Updated: 21.18 → 21.23 (CHANGED)
[2025-12-20 00:30:04]   [emp_id: 4859] ✓ Updated: 42.65 → 42.7 (CHANGED)
[2025-12-20 00:30:04]   [emp_id: 4860] ✓ Updated: 7.15 → 7.2 (CHANGED)
[2025-12-20 00:30:04]   [emp_id: 4861] ✓ Updated: 40.61 → 40.66 (CHANGED)
[2025-12-20 00:30:04]   [emp_id: 4869] ✓ Updated: 83.49 → 83.54 (CHANGED)
[2025-12-20 00:30:04]   [emp_id: 4894] ✓ Updated: 6.41 → 6.49 (CHANGED)
[2025-12-20 00:30:04]   [emp_id: 4897] ✓ Updated: 22.39 → 22.44 (CHANGED)
[2025-12-20 00:30:04]   [emp_id: 4899] ✓ Updated: 18.56 → 18.61 (CHANGED)
[2025-12-20 00:30:04]   [emp_id: 4902] ✓ Updated: 17.98 → 18.03 (CHANGED)
[2025-12-20 00:30:04]   [emp_id: 4903] ✓ Updated: 20.2 → 20.25 (CHANGED)
[2025-12-20 00:30:04]   [emp_id: 4905] ✓ Updated: 18.86 → 18.91 (CHANGED)
[2025-12-20 00:30:04]   [emp_id: 4907] ✓ Updated: 46.49 → 46.57 (CHANGED)
[2025-12-20 00:30:04]   [emp_id: 4917] ✓ Updated: 15.82 → 15.87 (CHANGED)
[2025-12-20 00:30:04]   [emp_id: 4918] ✓ Updated: 5.59 → 5.64 (CHANGED)
[2025-12-20 00:30:04]   [emp_id: 4919] ✓ Updated: 57.88 → 57.93 (CHANGED)
[2025-12-20 00:30:04]   [emp_id: 4920] ✓ Updated: 57.71 → 57.76 (CHANGED)
[2025-12-20 00:30:04]   [emp_id: 4921] ✓ Updated: 17.05 → 17.1 (CHANGED)
[2025-12-20 00:30:04]   [emp_id: 4927] ✓ Updated: 15.88 → 15.93 (CHANGED)
[2025-12-20 00:30:04]   [emp_id: 4929] ✓ Updated: 17.4 → 17.45 (CHANGED)
[2025-12-20 00:30:04]   [emp_id: 4930] ✓ Updated: 58.17 → 58.22 (CHANGED)
[2025-12-20 00:30:04]   [emp_id: 4932] ✓ Updated: 16.17 → 16.22 (CHANGED)
[2025-12-20 00:30:04]   [emp_id: 4933] ✓ Updated: 19.58 → 19.63 (CHANGED)
[2025-12-20 00:30:04]   [emp_id: 4949] ✓ Updated: 35.01 → 35.06 (CHANGED)
[2025-12-20 00:30:04]   [emp_id: 4956] ✓ Updated: 28.6 → 28.65 (CHANGED)
[2025-12-20 00:30:04]   [emp_id: 4957] ✓ Updated: 29.27 → 29.32 (CHANGED)
[2025-12-20 00:30:04]   [emp_id: 4962] ✓ Updated: 52.74 → 52.82 (CHANGED)
[2025-12-20 00:30:04]   [emp_id: 4969] ✓ Updated: 45.16 → 45.24 (CHANGED)
[2025-12-20 00:30:04]   [emp_id: 4976] ✓ Updated: 9.29 → 9.34 (CHANGED)
[2025-12-20 00:30:04]   [emp_id: 4984] ✓ Updated: 36.41 → 36.49 (CHANGED)
[2025-12-20 00:30:04]   [emp_id: 4995] ✓ Updated: 48.48 → 48.56 (CHANGED)
[2025-12-20 00:30:04]   [emp_id: 5004] ✓ Updated: 44.97 → 45.02 (CHANGED)
[2025-12-20 00:30:04]   [emp_id: 5006] ✓ Updated: 25.97 → 26.02 (CHANGED)
[2025-12-20 00:30:04]   [emp_id: 5011] ✓ Updated: 12.08 → 12.16 (CHANGED)
[2025-12-20 00:30:04]   [emp_id: 5013] ✓ Updated: 66.34 → 66.39 (CHANGED)
[2025-12-20 00:30:04]   [emp_id: 5018] ✓ Updated: 20.58 → 20.63 (CHANGED)
[2025-12-20 00:30:04]   [emp_id: 5021] ✓ Updated: 63.59 → 63.67 (CHANGED)
[2025-12-20 00:30:04]   [emp_id: 5021] ✓ Updated: 63.59 → 63.67 (CHANGED)
[2025-12-20 00:30:04]   [emp_id: 5024] ✓ Updated: 0.85 → 0.9 (CHANGED)
[2025-12-20 00:30:04]   [emp_id: 5030] ✓ Updated: 30.8 → 30.85 (CHANGED)
[2025-12-20 00:30:04]   [emp_id: 5033] ✓ Updated: 21.6 → 21.65 (CHANGED)
[2025-12-20 00:30:04]   [emp_id: 5043] ✓ Updated: 29.08 → 29.16 (CHANGED)
[2025-12-20 00:30:04]   [emp_id: 5045] ✓ Updated: 25.58 → 25.66 (CHANGED)
[2025-12-20 00:30:04]   [emp_id: 5046] ✓ Updated: 20.77 → 20.85 (CHANGED)
[2025-12-20 00:30:04]   [emp_id: 5049] ✓ Updated: 38.28 → 38.33 (CHANGED)
[2025-12-20 00:30:04]   [emp_id: 5052] ✓ Updated: 29.56 → 29.61 (CHANGED)
[2025-12-20 00:30:04]   [emp_id: 5055] ✓ Updated: 36.75 → 36.8 (CHANGED)
[2025-12-20 00:30:04]   [emp_id: 5058] ✓ Updated: 26.98 → 27.03 (CHANGED)
[2025-12-20 00:30:04]   [emp_id: 5062] ✓ Updated: 38.81 → 38.86 (CHANGED)
[2025-12-20 00:30:04]   [emp_id: 5064] ✓ Updated: 116.41 → 116.49 (CHANGED)
[2025-12-20 00:30:04]   [emp_id: 5065] ✓ Updated: 38.22 → 38.27 (CHANGED)
[2025-12-20 00:30:04]   [emp_id: 5071] ✓ Updated: 21.91 → 21.99 (CHANGED)
[2025-12-20 00:30:04]   [emp_id: 5073] ✓ Updated: 12.82 → 12.87 (CHANGED)
[2025-12-20 00:30:04]   [emp_id: 5079] ✓ Updated: 33.38 → 33.43 (CHANGED)
[2025-12-20 00:30:04]   [emp_id: 5080] ✓ Updated: 30.71 → 30.76 (CHANGED)
[2025-12-20 00:30:04]   [emp_id: 5081] ✓ Updated: 35.71 → 35.76 (CHANGED)
[2025-12-20 00:30:04]   [emp_id: 5087] ✓ Updated: 35.01 → 35.06 (CHANGED)
[2025-12-20 00:30:04]   [emp_id: 5091] ✓ Updated: 74.86 → 74.91 (CHANGED)
[2025-12-20 00:30:04]   [emp_id: 5093] ✓ Updated: 13.08 → 13.16 (CHANGED)
[2025-12-20 00:30:04]   [emp_id: 5095] ✓ Updated: 0.4 → 0.45 (CHANGED)
[2025-12-20 00:30:04]   [emp_id: 5101] ✓ Updated: 15.16 → 15.24 (CHANGED)
[2025-12-20 00:30:04]   [emp_id: 5107] ✓ Updated: 13.49 → 13.57 (CHANGED)
[2025-12-20 00:30:04]   [emp_id: 5109] ✓ Updated: 10.74 → 10.82 (CHANGED)
[2025-12-20 00:30:04]   [emp_id: 5119] ✓ Updated: 8.91 → 8.99 (CHANGED)
[2025-12-20 00:30:04]   [emp_id: 5122] ✓ Updated: 6.08 → 6.16 (CHANGED)
[2025-12-20 00:30:04]   [emp_id: 5126] ✓ Updated: 25.74 → 25.79 (CHANGED)
[2025-12-20 00:30:04]   [emp_id: 5127] ✓ Updated: 22.53 → 22.58 (CHANGED)
[2025-12-20 00:30:04]   [emp_id: 5128] ✓ Updated: 25.68 → 25.73 (CHANGED)
[2025-12-20 00:30:04]   [emp_id: 5138] ✓ Updated: 64.74 → 64.82 (CHANGED)
[2025-12-20 00:30:04]   [emp_id: 5138] ✓ Updated: 64.74 → 64.82 (CHANGED)
[2025-12-20 00:30:04]   [emp_id: 5141] ✓ Updated: 34.05 → 34.1 (CHANGED)
[2025-12-20 00:30:04]   [emp_id: 5142] ✓ Updated: 13.05 → 13.1 (CHANGED)
[2025-12-20 00:30:04]   [emp_id: 5146] ✓ Updated: 20.05 → 20.1 (CHANGED)
[2025-12-20 00:30:04]   [emp_id: 5147] ✓ Updated: 19.05 → 19.1 (CHANGED)
[2025-12-20 00:30:04]   [emp_id: 5148] ✓ Updated: 24.4 → 24.45 (CHANGED)
[2025-12-20 00:30:04]   [emp_id: 5149] ✓ Updated: 23.29 → 23.34 (CHANGED)
[2025-12-20 00:30:04]   [emp_id: 5150] ✓ Updated: 22.65 → 22.7 (CHANGED)
[2025-12-20 00:30:04]   [emp_id: 5151] ✓ Updated: 22.47 → 22.52 (CHANGED)
[2025-12-20 00:30:04]   [emp_id: 5152] ✓ Updated: 2.89 → 2.94 (CHANGED)
[2025-12-20 00:30:04]   [emp_id: 5157] ✓ Updated: 22.47 → 22.52 (CHANGED)
[2025-12-20 00:30:04]   [emp_id: 5160] ✓ Updated: 22.47 → 22.52 (CHANGED)
[2025-12-20 00:30:04]   [emp_id: 5163] ✓ Updated: 20.26 → 20.31 (CHANGED)
[2025-12-20 00:30:04]   [emp_id: 5165] ✓ Updated: 26.08 → 26.16 (CHANGED)
[2025-12-20 00:30:04]   [emp_id: 5167] ✓ Updated: 29.41 → 29.46 (CHANGED)
[2025-12-20 00:30:04]   [emp_id: 5168] ✓ Updated: 21.95 → 22 (CHANGED)
[2025-12-20 00:30:04]   [emp_id: 5173] ✓ Updated: 23.83 → 23.91 (CHANGED)
[2025-12-20 00:30:04]   [emp_id: 5174] ✓ Updated: 22.41 → 22.46 (CHANGED)
[2025-12-20 00:30:04]   [emp_id: 5181] ✓ Updated: 18.8 → 18.85 (CHANGED)
[2025-12-20 00:30:04]   [emp_id: 5186] ✓ Updated: 24.33 → 24.38 (CHANGED)
[2025-12-20 00:30:04]   [emp_id: 5187] ✓ Updated: 35.33 → 35.38 (CHANGED)
[2025-12-20 00:30:04]   [emp_id: 5204] ✓ Updated: 21.33 → 21.41 (CHANGED)
[2025-12-20 00:30:04]   [emp_id: 5205] ✓ Updated: 11.54 → 11.59 (CHANGED)
[2025-12-20 00:30:04]   [emp_id: 5209] ✓ Updated: 14.54 → 14.59 (CHANGED)
[2025-12-20 00:30:04]   [emp_id: 5213] ✓ Updated: 0.95 → 1 (CHANGED)
[2025-12-20 00:30:04]   [emp_id: 5214] ✓ Updated: 14.54 → 14.59 (CHANGED)
[2025-12-20 00:30:04]   [emp_id: 5215] ✓ Updated: 9.54 → 9.59 (CHANGED)
[2025-12-20 00:30:04]   [emp_id: 5217] ✓ Updated: 8.54 → 8.59 (CHANGED)
[2025-12-20 00:30:04]   [emp_id: 5219] ✓ Updated: 12.54 → 12.59 (CHANGED)
[2025-12-20 00:30:04]   [emp_id: 5221] ✓ Updated: 3.91 → 3.96 (CHANGED)
[2025-12-20 00:30:04]   [emp_id: 5224] ✓ Updated: 13.54 → 13.59 (CHANGED)
[2025-12-20 00:30:05]   [emp_id: 5225] ✓ Updated: 8.21 → 8.26 (CHANGED)
[2025-12-20 00:30:05]   [emp_id: 5228] ✓ Updated: 8.54 → 8.59 (CHANGED)
[2025-12-20 00:30:05]   [emp_id: 5229] ✓ Updated: 4.54 → 4.59 (CHANGED)
[2025-12-20 00:30:05]   [emp_id: 5230] ✓ Updated: 11.21 → 11.26 (CHANGED)
[2025-12-20 00:30:05]   [emp_id: 5231] ✓ Updated: 5.54 → 5.59 (CHANGED)
[2025-12-20 00:30:05]   [emp_id: 5232] ✓ Updated: 10.54 → 10.59 (CHANGED)
[2025-12-20 00:30:05]   [emp_id: 5233] ✓ Updated: 3.54 → 3.59 (CHANGED)
[2025-12-20 00:30:05]   [emp_id: 5234] ✓ Updated: 3.54 → 3.59 (CHANGED)
[2025-12-20 00:30:05]   [emp_id: 5235] ✓ Updated: 4.21 → 4.26 (CHANGED)
[2025-12-20 00:30:05]   [emp_id: 5237] ✓ Updated: 14.54 → 14.59 (CHANGED)
[2025-12-20 00:30:05]   [emp_id: 5238] ✓ Updated: 7.16 → 7.21 (CHANGED)
[2025-12-20 00:30:05]   [emp_id: 5239] ✓ Updated: 6.54 → 6.59 (CHANGED)
[2025-12-20 00:30:05]   [emp_id: 5241] ✓ Updated: 4.54 → 4.59 (CHANGED)
[2025-12-20 00:30:05]   [emp_id: 5242] ✓ Updated: 14.54 → 14.59 (CHANGED)
[2025-12-20 00:30:05]   [emp_id: 5243] ✓ Updated: 0.95 → 1 (CHANGED)
[2025-12-20 00:30:05]   [emp_id: 5244] ✓ Updated: 0.25 → 0.3 (CHANGED)
[2025-12-20 00:30:05]   [emp_id: 5246] ✓ Updated: 10.54 → 10.59 (CHANGED)
[2025-12-20 00:30:05]   [emp_id: 5253] ✓ Updated: 29.16 → 29.21 (CHANGED)
[2025-12-20 00:30:05]   [emp_id: 5254] ✓ Updated: 11.39 → 11.44 (CHANGED)
[2025-12-20 00:30:05]   [emp_id: 5257] ✓ Updated: 11.1 → 11.15 (CHANGED)
[2025-12-20 00:30:05]   [emp_id: 5259] ✓ Updated: 47.63 → 47.68 (CHANGED)
[2025-12-20 00:30:05]   [emp_id: 5261] ✓ Updated: 48.83 → 48.91 (CHANGED)
[2025-12-20 00:30:05]   [emp_id: 5264] ✓ Updated: 25.11 → 25.16 (CHANGED)
[2025-12-20 00:30:05]   [emp_id: 5266] ✓ Updated: 19.73 → 19.78 (CHANGED)
[2025-12-20 00:30:05]   [emp_id: 5268] ✓ Updated: 8.3 → 8.35 (CHANGED)
[2025-12-20 00:30:05]   [emp_id: 5271] ✓ Updated: 6.96 → 7.01 (CHANGED)
[2025-12-20 00:30:05]   [emp_id: 5272] ✓ Updated: 7.83 → 7.88 (CHANGED)
[2025-12-20 00:30:05]   [emp_id: 5273] ✓ Updated: 25.62 → 25.67 (CHANGED)
[2025-12-20 00:30:05]   [emp_id: 5275] ✓ Updated: 8.65 → 8.7 (CHANGED)
[2025-12-20 00:30:05]   [emp_id: 5276] ✓ Updated: 22.92 → 22.97 (CHANGED)
[2025-12-20 00:30:05]   [emp_id: 5278] ✓ Updated: 7.31 → 7.36 (CHANGED)
[2025-12-20 00:30:05]   [emp_id: 5280] ✓ Updated: 17.71 → 17.76 (CHANGED)
[2025-12-20 00:30:05]   [emp_id: 5282] ✓ Updated: 10.41 → 10.49 (CHANGED)
[2025-12-20 00:30:05]   [emp_id: 5285] ✓ Updated: 27.71 → 27.76 (CHANGED)
[2025-12-20 00:30:05]   [emp_id: 5286] ✓ Updated: 14.71 → 14.76 (CHANGED)
[2025-12-20 00:30:05]   [emp_id: 5287] ✓ Updated: 49.01 → 49.06 (CHANGED)
[2025-12-20 00:30:05]   [emp_id: 5288] ✓ Updated: 38.02 → 38.07 (CHANGED)
[2025-12-20 00:30:05]   [emp_id: 5289] ✓ Updated: 47.56 → 47.61 (CHANGED)
[2025-12-20 00:30:05]   [emp_id: 5290] ✓ Updated: 46.33 → 46.38 (CHANGED)
[2025-12-20 00:30:05]   [emp_id: 5291] ✓ Updated: 4.33 → 4.38 (CHANGED)
[2025-12-20 00:30:05]   [emp_id: 5292] ✓ Updated: 4.27 → 4.32 (CHANGED)
[2025-12-20 00:30:05]   [emp_id: 5293] ✓ Updated: 36.58 → 36.66 (CHANGED)
[2025-12-20 00:30:05]   [emp_id: 5294] ✓ Updated: 6.33 → 6.41 (CHANGED)
[2025-12-20 00:30:05]   [emp_id: 5295] ✓ Updated: 20.51 → 20.56 (CHANGED)
[2025-12-20 00:30:05]   [emp_id: 5296] ✓ Updated: 30.21 → 30.29 (CHANGED)
[2025-12-20 00:30:05]   [emp_id: 5297] ✓ Updated: 44.93 → 44.98 (CHANGED)
[2025-12-20 00:30:05]   [emp_id: 5298] ✓ Updated: 44.93 → 44.98 (CHANGED)
[2025-12-20 00:30:05]   [emp_id: 5299] ✓ Updated: 44.93 → 44.98 (CHANGED)
[2025-12-20 00:30:05]   [emp_id: 5300] ✓ Updated: 44.93 → 44.98 (CHANGED)
[2025-12-20 00:30:05]   [emp_id: 5301] ✓ Updated: 2.75 → 2.8 (CHANGED)
[2025-12-20 00:30:05]   [emp_id: 5303] ✓ Updated: 44.93 → 44.98 (CHANGED)
[2025-12-20 00:30:05]   [emp_id: 5304] ✓ Updated: 44.93 → 44.98 (CHANGED)
[2025-12-20 00:30:05]   [emp_id: 5305] ✓ Updated: 2.93 → 2.98 (CHANGED)
[2025-12-20 00:30:05]   [emp_id: 5306] ✓ Updated: 44.64 → 44.69 (CHANGED)
[2025-12-20 00:30:05]   [emp_id: 5307] ✓ Updated: 44.64 → 44.69 (CHANGED)
[2025-12-20 00:30:05]   [emp_id: 5312] ✓ Updated: 0.25 → 0.3 (CHANGED)
[2025-12-20 00:30:05]   [emp_id: 5318] ✓ Updated: 25.35 → 25.4 (CHANGED)
[2025-12-20 00:30:05]   [emp_id: 5325] ✓ Updated: 21.31 → 21.36 (CHANGED)
[2025-12-20 00:30:05]   [emp_id: 5327] ✓ Updated: 0.4 → 0.45 (CHANGED)
[2025-12-20 00:30:05]   [emp_id: 5331] ✓ Updated: 20.72 → 20.77 (CHANGED)
[2025-12-20 00:30:05]   [emp_id: 5337] ✓ Updated: 34.24 → 34.32 (CHANGED)
[2025-12-20 00:30:05]   [emp_id: 5339] ✓ Updated: 9.5 → 9.55 (CHANGED)
[2025-12-20 00:30:05]   [emp_id: 5343] ✓ Updated: 44.16 → 44.24 (CHANGED)
[2025-12-20 00:30:05]   [emp_id: 5343] ✓ Updated: 44.16 → 44.24 (CHANGED)
[2025-12-20 00:30:05]   [emp_id: 5345] ✓ Updated: 13.99 → 14.07 (CHANGED)
[2025-12-20 00:30:05]   [emp_id: 5346] ✓ Updated: 1.22 → 1.27 (CHANGED)
[2025-12-20 00:30:05]   [emp_id: 5351] ✓ Updated: 16.16 → 16.21 (CHANGED)
[2025-12-20 00:30:05]   [emp_id: 5352] ✓ Updated: 24.41 → 24.49 (CHANGED)
[2025-12-20 00:30:05]   [emp_id: 5370] ✓ Updated: 14.81 → 14.86 (CHANGED)
[2025-12-20 00:30:05]   [emp_id: 5371] ✓ Updated: 0.32 → 0.4 (CHANGED)
[2025-12-20 00:30:05]   [emp_id: 5376] ✓ Updated: 9.41 → 9.46 (CHANGED)
[2025-12-20 00:30:05]   [emp_id: 5378] ✓ Updated: 22.16 → 22.24 (CHANGED)
[2025-12-20 00:30:05]   [emp_id: 5380] ✓ Updated: 15.82 → 15.87 (CHANGED)
[2025-12-20 00:30:05]   [emp_id: 5381] ✓ Updated: 16.58 → 16.66 (CHANGED)
[2025-12-20 00:30:05]   [emp_id: 5383] ✓ Updated: 14.99 → 15.07 (CHANGED)
[2025-12-20 00:30:05]   [emp_id: 5388] ✓ Updated: 26.6 → 26.65 (CHANGED)
[2025-12-20 00:30:05]   [emp_id: 5396] ✓ Updated: 27.84 → 27.89 (CHANGED)
[2025-12-20 00:30:05]   [emp_id: 5397] ✓ Updated: 24.05 → 24.1 (CHANGED)
[2025-12-20 00:30:05]   [emp_id: 5401] ✓ Updated: 22.41 → 22.46 (CHANGED)
[2025-12-20 00:30:05]   [emp_id: 5402] ✓ Updated: 22.53 → 22.58 (CHANGED)
[2025-12-20 00:30:05]   [emp_id: 5406] ✓ Updated: 21.25 → 21.3 (CHANGED)
[2025-12-20 00:30:05]   [emp_id: 5407] ✓ Updated: 23.66 → 23.74 (CHANGED)
[2025-12-20 00:30:05]   [emp_id: 5408] ✓ Updated: 21.41 → 21.49 (CHANGED)
[2025-12-20 00:30:05]   [emp_id: 5409] ✓ Updated: 15.59 → 15.64 (CHANGED)
[2025-12-20 00:30:05]   [emp_id: 5413] ✓ Updated: 27.16 → 27.24 (CHANGED)
[2025-12-20 00:30:05]   [emp_id: 5414] ✓ Updated: 26.83 → 26.91 (CHANGED)
[2025-12-20 00:30:05]   [emp_id: 5415] ✓ Updated: 17.66 → 17.74 (CHANGED)
[2025-12-20 00:30:05]   [emp_id: 5418] ✓ Updated: 12.37 → 12.42 (CHANGED)
[2025-12-20 00:30:05]   [emp_id: 5422] ✓ Updated: 19.49 → 19.57 (CHANGED)
[2025-12-20 00:30:05]   [emp_id: 5423] ✓ Updated: 16.08 → 16.16 (CHANGED)
[2025-12-20 00:30:05]   [emp_id: 5423] ✓ Updated: 16.08 → 16.16 (CHANGED)
[2025-12-20 00:30:05]   [emp_id: 5423] ✓ Updated: 16.08 → 16.16 (CHANGED)
[2025-12-20 00:30:05]   [emp_id: 5424] ✓ Updated: 13.2 → 13.25 (CHANGED)
[2025-12-20 00:30:05]   [emp_id: 5425] ✓ Updated: 13.2 → 13.25 (CHANGED)
[2025-12-20 00:30:05]   [emp_id: 5426] ✓ Updated: 2.73 → 2.81 (CHANGED)
[2025-12-20 00:30:05]   [emp_id: 5426] ✓ Updated: 2.73 → 2.81 (CHANGED)
[2025-12-20 00:30:05]   [emp_id: 5427] ✓ Updated: 13.31 → 13.36 (CHANGED)
[2025-12-20 00:30:05]   [emp_id: 5428] ✓ Updated: 13.2 → 13.25 (CHANGED)
[2025-12-20 00:30:05]   [emp_id: 5430] ✓ Updated: 16.49 → 16.57 (CHANGED)
[2025-12-20 00:30:05]   [emp_id: 5431] ✓ Updated: 12.32 → 12.37 (CHANGED)
[2025-12-20 00:30:05]   [emp_id: 5434] ✓ Updated: 12.09 → 12.14 (CHANGED)
[2025-12-20 00:30:05]   [emp_id: 5435] ✓ Updated: 12.03 → 12.08 (CHANGED)
[2025-12-20 00:30:05]   [emp_id: 5436] ✓ Updated: 12.03 → 12.08 (CHANGED)
[2025-12-20 00:30:05]   [emp_id: 5438] ✓ Updated: 14.41 → 14.49 (CHANGED)
[2025-12-20 00:30:05]   [emp_id: 5439] ✓ Updated: 23.91 → 23.99 (CHANGED)
[2025-12-20 00:30:05]   [emp_id: 5442] ✓ Updated: 12.91 → 12.99 (CHANGED)
[2025-12-20 00:30:05]   [emp_id: 5443] ✓ Updated: 7.71 → 7.76 (CHANGED)
[2025-12-20 00:30:05]   [emp_id: 5445] ✓ Updated: 6.49 → 6.54 (CHANGED)
[2025-12-20 00:30:05]   [emp_id: 5446] ✓ Updated: 6.49 → 6.54 (CHANGED)
[2025-12-20 00:30:05]   [emp_id: 5447] ✓ Updated: 6.43 → 6.48 (CHANGED)
[2025-12-20 00:30:05]   [emp_id: 5448] ✓ Updated: 4.44 → 4.52 (CHANGED)
[2025-12-20 00:30:05]   [emp_id: 5449] ✓ Updated: 4.51 → 4.56 (CHANGED)
[2025-12-20 00:30:05]   [emp_id: 5450] ✓ Updated: 4.45 → 4.5 (CHANGED)
[2025-12-20 00:30:05]   [emp_id: 5451] ✓ Updated: 4.45 → 4.5 (CHANGED)
[2025-12-20 00:30:05]   [emp_id: 5454] ✓ Updated: 5.99 → 6.07 (CHANGED)
[2025-12-20 00:30:05]   [emp_id: 5455] ✓ Updated: 4.24 → 4.32 (CHANGED)
[2025-12-20 00:30:05]   [emp_id: 5456] ✓ Updated: 5.24 → 5.32 (CHANGED)
[2025-12-20 00:30:05] 
[2025-12-20 00:30:05] ========== SUMMARY ==========
[2025-12-20 00:30:05] Total employees processed: 437
[2025-12-20 00:30:05] Records updated: 437
[2025-12-20 00:30:05] Balances changed: 437
[2025-12-20 00:30:05] Errors: 0
[2025-12-20 00:30:05] ========== CRON: Vacation Balance Update Completed ==========
[2025-12-20 00:30:05] 
