[2026-04-15 09:41:24] ========== CRON: Vacation Balance Update Started ==========
[2026-04-15 09:41:24] Force level: 1 (0=normal, 1=check missing, 2=full bypass)
[2026-04-15 09:41:24] Source: Browser (?force=1)
[2026-04-15 09:41:24] FORCE LEVEL 1: Checking for missing records only
[2026-04-15 09:41:24] Database connection established
[2026-04-15 09:41:24] Running FORCE LEVEL 1: Check missing mode
[2026-04-15 09:41:24]   [emp_id: 1061] 🔄 REFRESHED: 7.46 → 8.21 ❌
[2026-04-15 09:41:24]   [emp_id: 1496] 🔄 REFRESHED: 24.31 → 25.06 ❌
[2026-04-15 09:41:24]   [emp_id: 1500] 🔄 REFRESHED: 11.99 → 12.74 ❌
[2026-04-15 09:41:24]   [emp_id: 1673] 🔄 REFRESHED: 52.72 → 53.47 ❌
[2026-04-15 09:41:24]   [emp_id: 1685] 🔄 REFRESHED: 22.64 → 23.39 ❌
[2026-04-15 09:41:24]   [emp_id: 1764] 🔄 REFRESHED: 77.31 → 78.06 ❌
[2026-04-15 09:41:24]   [emp_id: 1805] 🔄 REFRESHED: 71.64 → 72.39 ❌
[2026-04-15 09:41:24]   [emp_id: 1822] 🔄 REFRESHED: 76.39 → 77.14 ❌
[2026-04-15 09:41:24]   [emp_id: 1837] 🔄 REFRESHED: 32.56 → 33.31 ❌
[2026-04-15 09:41:24]   [emp_id: 1857] 🔄 REFRESHED: 27.89 → 28.64 ❌
[2026-04-15 09:41:24]   [emp_id: 1861] 🔄 REFRESHED: 3.72 → 4.47 ❌
[2026-04-15 09:41:24]   [emp_id: 1872] 🔄 REFRESHED: 17.56 → 18.31 ❌
[2026-04-15 09:41:24]   [emp_id: 1897] 🔄 REFRESHED: 12.89 → 13.64 ❌
[2026-04-15 09:41:24]   [emp_id: 1916] 🔄 REFRESHED: 19.19 → 19.94 ❌
[2026-04-15 09:41:24]   [emp_id: 1928] 🔄 REFRESHED: 72.14 → 72.89 ❌
[2026-04-15 09:41:24]   [emp_id: 1931] 🔄 REFRESHED: 32.06 → 32.81 ❌
[2026-04-15 09:41:24]   [emp_id: 1944] 🔄 REFRESHED: 50.22 → 50.97 ❌
[2026-04-15 09:41:24]   [emp_id: 1996] 🔄 REFRESHED: 11.63 → 12.38 ❌
[2026-04-15 09:41:24]   [emp_id: 1997] 🔄 REFRESHED: 43.89 → 44.64 ❌
[2026-04-15 09:41:24]   [emp_id: 1998] 🔄 REFRESHED: 35.33 → 36.08 ❌
[2026-04-15 09:41:24]   [emp_id: 1999] 🔄 REFRESHED: 36.33 → 37.08 ❌
[2026-04-15 09:41:24]   [emp_id: 2009] 🔄 REFRESHED: 14.55 → 15.3 ❌
[2026-04-15 09:41:24]   [emp_id: 2048] 🔄 REFRESHED: 32.47 → 33.22 ❌
[2026-04-15 09:41:25]   [emp_id: 2057] 🔄 REFRESHED: 73.31 → 74.06 ❌
[2026-04-15 09:41:25]   [emp_id: 2079] 🔄 REFRESHED: 55.64 → 56.39 ❌
[2026-04-15 09:41:25]   [emp_id: 2181] 🔄 REFRESHED: 4.64 → 5.39 ❌
[2026-04-15 09:41:25]   [emp_id: 2190] 🔄 REFRESHED: 8.97 → 9.72 ❌
[2026-04-15 09:41:25]   [emp_id: 2212] 🔄 REFRESHED: 31.97 → 32.72 ❌
[2026-04-15 09:41:25]   [emp_id: 2226] 🔄 REFRESHED: 21.63 → 22.38 ❌
[2026-04-15 09:41:25]   [emp_id: 2238] 🔄 REFRESHED: 74.97 → 75.72 ❌
[2026-04-15 09:41:25]   [emp_id: 2285] 🔄 REFRESHED: 43.64 → 44.39 ❌
[2026-04-15 09:41:25]   [emp_id: 2287] 🔄 REFRESHED: 55.31 → 56.06 ❌
[2026-04-15 09:41:25]   [emp_id: 2288] 🔄 REFRESHED: 10.33 → 11.08 ❌
[2026-04-15 09:41:25]   [emp_id: 2316] 🔄 REFRESHED: 24.14 → 24.89 ❌
[2026-04-15 09:41:25]   [emp_id: 2337] 🔄 REFRESHED: 45.22 → 45.97 ❌
[2026-04-15 09:41:25]   [emp_id: 2352] 🔄 REFRESHED: 76.72 → 77.47 ❌
[2026-04-15 09:41:25]   [emp_id: 2358] 🔄 REFRESHED: 13.22 → 13.97 ❌
[2026-04-15 09:41:25]   [emp_id: 2361] 🔄 REFRESHED: 78.89 → 79.64 ❌
[2026-04-15 09:41:25]   [emp_id: 2363] 🔄 REFRESHED: 81.47 → 82.22 ❌
[2026-04-15 09:41:25]   [emp_id: 2364] 🔄 REFRESHED: 80.89 → 81.64 ❌
[2026-04-15 09:41:25]   [emp_id: 2367] 🔄 REFRESHED: 18.56 → 19.31 ❌
[2026-04-15 09:41:25]   [emp_id: 2368] 🔄 REFRESHED: 38.97 → 39.72 ❌
[2026-04-15 09:41:25]   [emp_id: 2372] 🔄 REFRESHED: 76.22 → 76.97 ❌
[2026-04-15 09:41:25]   [emp_id: 2376] 🔄 REFRESHED: 71.13 → 71.88 ❌
[2026-04-15 09:41:25]   [emp_id: 2423] 🔄 REFRESHED: 26.97 → 27.72 ❌
[2026-04-15 09:41:25]   [emp_id: 2519] 🔄 REFRESHED: 120.64 → 121.39 ❌
[2026-04-15 09:41:25]   [emp_id: 2522] 🔄 REFRESHED: 9.13 → 9.88 ❌
[2026-04-15 09:41:25]   [emp_id: 2530] 🔄 REFRESHED: 10.38 → 11.13 ❌
[2026-04-15 09:41:25]   [emp_id: 2539] 🔄 REFRESHED: 56.22 → 56.97 ❌
[2026-04-15 09:41:25]   [emp_id: 2541] 🔄 REFRESHED: 36.81 → 37.56 ❌
[2026-04-15 09:41:25]   [emp_id: 2550] 🔄 REFRESHED: 102.97 → 103.72 ❌
[2026-04-15 09:41:25]   [emp_id: 2553] 🔄 REFRESHED: 37.08 → 37.83 ❌
[2026-04-15 09:41:25]   [emp_id: 2554] 🔄 REFRESHED: 46.56 → 47.31 ❌
[2026-04-15 09:41:25]   [emp_id: 2565] 🔄 REFRESHED: 16.05 → 16.8 ❌
[2026-04-15 09:41:25]   [emp_id: 2572] 🔄 REFRESHED: 51.14 → 51.89 ❌
[2026-04-15 09:41:25]   [emp_id: 2637] 🔄 REFRESHED: 16.63 → 17.38 ❌
[2026-04-15 09:41:25]   [emp_id: 2642] 🔄 REFRESHED: 84.47 → 85.22 ❌
[2026-04-15 09:41:25]   [emp_id: 2645] 🔄 REFRESHED: 40.47 → 41.22 ❌
[2026-04-15 09:41:25]   [emp_id: 2648] 🔄 REFRESHED: 52.14 → 52.89 ❌
[2026-04-15 09:41:25]   [emp_id: 2654] 🔄 REFRESHED: 94.81 → 95.56 ❌
[2026-04-15 09:41:25]   [emp_id: 2688] 🔄 REFRESHED: 32.89 → 33.64 ❌
[2026-04-15 09:41:25]   [emp_id: 2690] 🔄 REFRESHED: 21.64 → 22.39 ❌
[2026-04-15 09:41:25]   [emp_id: 2709] 🔄 REFRESHED: 43.89 → 44.64 ❌
[2026-04-15 09:41:25]   [emp_id: 2745] 🔄 REFRESHED: 40.47 → 41.22 ❌
[2026-04-15 09:41:25]   [emp_id: 2843] 🔄 REFRESHED: 87.06 → 87.81 ❌
[2026-04-15 09:41:25]   [emp_id: 2854] 🔄 REFRESHED: 66.97 → 67.72 ❌
[2026-04-15 09:41:25]   [emp_id: 2869] 🔄 REFRESHED: 15.8 → 16.55 ❌
[2026-04-15 09:41:25]   [emp_id: 2876] 🔄 REFRESHED: 41.72 → 42.47 ❌
[2026-04-15 09:41:25]   [emp_id: 2924] 🔄 REFRESHED: 22.89 → 23.64 ❌
[2026-04-15 09:41:25]   [emp_id: 2953] 🔄 REFRESHED: 108.64 → 109.39 ❌
[2026-04-15 09:41:25]   [emp_id: 2961] 🔄 REFRESHED: 18.64 → 19.39 ❌
[2026-04-15 09:41:25]   [emp_id: 2975] 🔄 REFRESHED: 8.32 → 9.07 ❌
[2026-04-15 09:41:26]   [emp_id: 3013] 🔄 REFRESHED: 17.64 → 18.39 ❌
[2026-04-15 09:41:26]   [emp_id: 3014] 🔄 REFRESHED: 11.89 → 12.64 ❌
[2026-04-15 09:41:26]   [emp_id: 3015] 🔄 REFRESHED: 13.05 → 13.8 ❌
[2026-04-15 09:41:26]   [emp_id: 3018] 🔄 REFRESHED: 7.8 → 8.55 ❌
[2026-04-15 09:41:26]   [emp_id: 3025] 🔄 REFRESHED: 30.66 → 31.41 ❌
[2026-04-15 09:41:26]   [emp_id: 3037] 🔄 REFRESHED: 15.3 → 16.05 ❌
[2026-04-15 09:41:26]   [emp_id: 3047] 🔄 REFRESHED: 78.64 → 79.39 ❌
[2026-04-15 09:41:26]   [emp_id: 3061] 🔄 REFRESHED: 25.56 → 26.31 ❌
[2026-04-15 09:41:26]   [emp_id: 3062] 🔄 REFRESHED: 58.72 → 59.47 ❌
[2026-04-15 09:41:26]   [emp_id: 3074] 🔄 REFRESHED: 115.14 → 115.89 ❌
[2026-04-15 09:41:26]   [emp_id: 3089] 🔄 REFRESHED: 14.06 → 14.81 ❌
[2026-04-15 09:41:26]   [emp_id: 3090] 🔄 REFRESHED: 40.64 → 41.39 ❌
[2026-04-15 09:41:26]   [emp_id: 3091] 🔄 REFRESHED: 52.64 → 53.39 ❌
[2026-04-15 09:41:26]   [emp_id: 3092] 🔄 REFRESHED: 35.31 → 36.06 ❌
[2026-04-15 09:41:26]   [emp_id: 3105] 🔄 REFRESHED: 55.64 → 56.39 ❌
[2026-04-15 09:41:26]   [emp_id: 3134] 🔄 REFRESHED: 51.39 → 52.14 ❌
[2026-04-15 09:41:26]   [emp_id: 3140] 🔄 REFRESHED: 48.47 → 49.22 ❌
[2026-04-15 09:41:26]   [emp_id: 3144] 🔄 REFRESHED: 21.31 → 22.06 ❌
[2026-04-15 09:41:26]   [emp_id: 3156] 🔄 REFRESHED: 24.64 → 25.39 ❌
[2026-04-15 09:41:26]   [emp_id: 3162] 🔄 REFRESHED: 9.62 → 10.37 ❌
[2026-04-15 09:41:26]   [emp_id: 3163] 🔄 REFRESHED: 12.89 → 13.64 ❌
[2026-04-15 09:41:26]   [emp_id: 3198] 🔄 REFRESHED: 47.89 → 48.64 ❌
[2026-04-15 09:41:26]   [emp_id: 3205] 🔄 REFRESHED: 24.56 → 25.31 ❌
[2026-04-15 09:41:26]   [emp_id: 3209] 🔄 REFRESHED: 48.72 → 49.47 ❌
[2026-04-15 09:41:26]   [emp_id: 3223] 🔄 REFRESHED: 7.64 → 8.39 ❌
[2026-04-15 09:41:26]   [emp_id: 3224] 🔄 REFRESHED: 72.39 → 73.14 ❌
[2026-04-15 09:41:26]   [emp_id: 3230] 🔄 REFRESHED: 95.81 → 96.56 ❌
[2026-04-15 09:41:26]   [emp_id: 3231] 🔄 REFRESHED: 8.18 → 8.93 ❌
[2026-04-15 09:41:26]   [emp_id: 3233] 🔄 REFRESHED: 84.64 → 85.39 ❌
[2026-04-15 09:41:26]   [emp_id: 3249] 🔄 REFRESHED: 44.47 → 45.22 ❌
[2026-04-15 09:41:26]   [emp_id: 3250] 🔄 REFRESHED: 17.47 → 18.22 ❌
[2026-04-15 09:41:26]   [emp_id: 3252] 🔄 REFRESHED: 18.39 → 19.14 ❌
[2026-04-15 09:41:26]   [emp_id: 3254] 🔄 REFRESHED: 28.89 → 29.64 ❌
[2026-04-15 09:41:26]   [emp_id: 3255] 🔄 REFRESHED: 25.31 → 26.06 ❌
[2026-04-15 09:41:26]   [emp_id: 3256] 🔄 REFRESHED: 21.56 → 22.31 ❌
[2026-04-15 09:41:26]   [emp_id: 3263] 🔄 REFRESHED: 37.64 → 38.39 ❌
[2026-04-15 09:41:26]   [emp_id: 3265] 🔄 REFRESHED: 14.13 → 14.88 ❌
[2026-04-15 09:41:26]   [emp_id: 3280] 🔄 REFRESHED: 26.05 → 26.8 ❌
[2026-04-15 09:41:26]   [emp_id: 3286] 🔄 REFRESHED: 23.31 → 24.06 ❌
[2026-04-15 09:41:26]   [emp_id: 3294] 🔄 REFRESHED: 20.97 → 21.72 ❌
[2026-04-15 09:41:26]   [emp_id: 3321] 🔄 REFRESHED: 80.14 → 80.89 ❌
[2026-04-15 09:41:27]   [emp_id: 3325] 🔄 REFRESHED: 67.89 → 68.64 ❌
[2026-04-15 09:41:27]   [emp_id: 3329] 🔄 REFRESHED: 70.22 → 70.97 ❌
[2026-04-15 09:41:27]   [emp_id: 3330] 🔄 REFRESHED: 70.22 → 70.97 ❌
[2026-04-15 09:41:27]   [emp_id: 3332] 🔄 REFRESHED: 10.22 → 10.97 ❌
[2026-04-15 09:41:27]   [emp_id: 3384] 🔄 REFRESHED: 22.39 → 23.14 ❌
[2026-04-15 09:41:27]   [emp_id: 3386] 🔄 REFRESHED: 52.39 → 53.14 ❌
[2026-04-15 09:41:27]   [emp_id: 3431] 🔄 REFRESHED: 0.81 → 1.56 ❌
[2026-04-15 09:41:27]   [emp_id: 3497] 🔄 REFRESHED: 16.97 → 17.72 ❌
[2026-04-15 09:41:27]   [emp_id: 3532] 🔄 REFRESHED: 12.72 → 13.47 ❌
[2026-04-15 09:41:27]   [emp_id: 3602] 🔄 REFRESHED: 9.38 → 10.13 ❌
[2026-04-15 09:41:27]   [emp_id: 3618] 🔄 REFRESHED: 31.36 → 32.11 ❌
[2026-04-15 09:41:27]   [emp_id: 3622] 🔄 REFRESHED: 40.35 → 40.88 ❌
[2026-04-15 09:41:27]   [emp_id: 3627] 🔄 REFRESHED: 16.22 → 16.97 ❌
[2026-04-15 09:41:27]   [emp_id: 3665] 🔄 REFRESHED: 58.89 → 59.64 ❌
[2026-04-15 09:41:27]   [emp_id: 3705] 🔄 REFRESHED: 33.68 → 34.21 ❌
[2026-04-15 09:41:27]   [emp_id: 3724] 🔄 REFRESHED: 51.89 → 52.64 ❌
[2026-04-15 09:41:27]   [emp_id: 3726] 🔄 REFRESHED: 68.31 → 69.06 ❌
[2026-04-15 09:41:27]   [emp_id: 3727] 🔄 REFRESHED: 73.39 → 74.14 ❌
[2026-04-15 09:41:27]   [emp_id: 3728] 🔄 REFRESHED: 17.72 → 18.47 ❌
[2026-04-15 09:41:27]   [emp_id: 3767] 🔄 REFRESHED: 8.47 → 9.22 ❌
[2026-04-15 09:41:27]   [emp_id: 3768] 🔄 REFRESHED: 64.72 → 65.47 ❌
[2026-04-15 09:41:27]   [emp_id: 3787] 🔄 REFRESHED: 65.31 → 66.06 ❌
[2026-04-15 09:41:27]   [emp_id: 3790] 🔄 REFRESHED: 10.77 → 11.52 ❌
[2026-04-15 09:41:27]   [emp_id: 3795] 🔄 REFRESHED: 22.81 → 23.56 ❌
[2026-04-15 09:41:27]   [emp_id: 3798] 🔄 REFRESHED: 101.22 → 101.97 ❌
[2026-04-15 09:41:27]   [emp_id: 3801] 🔄 REFRESHED: 9.49 → 10.24 ❌
[2026-04-15 09:41:27]   [emp_id: 3802] 🔄 REFRESHED: 38.47 → 39.22 ❌
[2026-04-15 09:41:27]   [emp_id: 3803] 🔄 REFRESHED: 37.8 → 38.55 ❌
[2026-04-15 09:41:27]   [emp_id: 3810] 🔄 REFRESHED: 73.8 → 74.55 ❌
[2026-04-15 09:41:27]   [emp_id: 3812] 🔄 REFRESHED: 38.89 → 39.64 ❌
[2026-04-15 09:41:27]   [emp_id: 3815] 🔄 REFRESHED: 97.89 → 98.64 ❌
[2026-04-15 09:41:27]   [emp_id: 3836] 🔄 REFRESHED: 1.47 → 2.22 ❌
[2026-04-15 09:41:27]   [emp_id: 3855] 🔄 REFRESHED: 58.72 → 59.47 ❌
[2026-04-15 09:41:27]   [emp_id: 3857] 🔄 REFRESHED: 62.39 → 63.14 ❌
[2026-04-15 09:41:27]   [emp_id: 3866] 🔄 REFRESHED: 35.72 → 36.47 ❌
[2026-04-15 09:41:27]   [emp_id: 3876] 🔄 REFRESHED: 31.89 → 32.64 ❌
[2026-04-15 09:41:28]   [emp_id: 3877] 🔄 REFRESHED: 57.39 → 58.14 ❌
[2026-04-15 09:41:28]   [emp_id: 3899] 🔄 REFRESHED: 7.46 → 8.21 ❌
[2026-04-15 09:41:28]   [emp_id: 3928] 🔄 REFRESHED: 16.72 → 17.47 ❌
[2026-04-15 09:41:28]   [emp_id: 3929] 🔄 REFRESHED: 16.72 → 17.47 ❌
[2026-04-15 09:41:28]   [emp_id: 3935] 🔄 REFRESHED: 101.72 → 102.47 ❌
[2026-04-15 09:41:28]   [emp_id: 3952] 🔄 REFRESHED: 83.06 → 83.81 ❌
[2026-04-15 09:41:28]   [emp_id: 3987] 🔄 REFRESHED: 0.97 → 1.72 ❌
[2026-04-15 09:41:28]   [emp_id: 4059] 🔄 REFRESHED: 11.17 → 11.92 ❌
[2026-04-15 09:41:28]   [emp_id: 4119] 🔄 REFRESHED: 64.64 → 65.39 ❌
[2026-04-15 09:41:28]   [emp_id: 4120] 🔄 REFRESHED: 34.22 → 34.97 ❌
[2026-04-15 09:41:28]   [emp_id: 4124] 🔄 REFRESHED: 34.74 → 35.49 ❌
[2026-04-15 09:41:28]   [emp_id: 4133] 🔄 REFRESHED: 113.22 → 113.97 ❌
[2026-04-15 09:41:28]   [emp_id: 4134] 🔄 REFRESHED: 34.22 → 34.97 ❌
[2026-04-15 09:41:28]   [emp_id: 4136] 🔄 REFRESHED: 5.22 → 5.97 ❌
[2026-04-15 09:41:28]   [emp_id: 4150] 🔄 REFRESHED: 2.89 → 3.64 ❌
[2026-04-15 09:41:28]   [emp_id: 4157] 🔄 REFRESHED: 26.39 → 27.14 ❌
[2026-04-15 09:41:28]   [emp_id: 4172] 🔄 REFRESHED: 18.26 → 18.79 ❌
[2026-04-15 09:41:28]   [emp_id: 4195] 🔄 REFRESHED: 69.97 → 70.72 ❌
[2026-04-15 09:41:28]   [emp_id: 4220] 🔄 REFRESHED: 3.22 → 3.89 ❌
[2026-04-15 09:41:28]   [emp_id: 4273] 🔄 REFRESHED: 16.89 → 17.64 ❌
[2026-04-15 09:41:28]   [emp_id: 4283] 🔄 REFRESHED: 8.94 → 9.69 ❌
[2026-04-15 09:41:28]   [emp_id: 4288] 🔄 REFRESHED: 20.04 → 20.79 ❌
[2026-04-15 09:41:28]   [emp_id: 4315] 🔄 REFRESHED: 20.14 → 20.89 ❌
[2026-04-15 09:41:28]   [emp_id: 4328] 🔄 REFRESHED: 48.18 → 48.71 ❌
[2026-04-15 09:41:28]   [emp_id: 4329] 🔄 REFRESHED: 13.31 → 14.06 ❌
[2026-04-15 09:41:28]   [emp_id: 4338] 🔄 REFRESHED: 54.89 → 55.64 ❌
[2026-04-15 09:41:28]   [emp_id: 4340] 🔄 REFRESHED: 121.8 → 122.55 ❌
[2026-04-15 09:41:28]   [emp_id: 4365] 🔄 REFRESHED: 5.31 → 6.06 ❌
[2026-04-15 09:41:28]   [emp_id: 4366] 🔄 REFRESHED: 67.39 → 68.14 ❌
[2026-04-15 09:41:28]   [emp_id: 4403] 🔄 REFRESHED: 93.22 → 93.97 ❌
[2026-04-15 09:41:28]   [emp_id: 4438] 🔄 REFRESHED: 28.89 → 29.64 ❌
[2026-04-15 09:41:28]   [emp_id: 4473] 🔄 REFRESHED: 52.47 → 53.22 ❌
[2026-04-15 09:41:28]   [emp_id: 4474] 🔄 REFRESHED: 13.96 → 14.49 ❌
[2026-04-15 09:41:28]   [emp_id: 4493] 🔄 REFRESHED: 171.31 → 172.06 ❌
[2026-04-15 09:41:28]   [emp_id: 4526] 🔄 REFRESHED: 43.56 → 44.31 ❌
[2026-04-15 09:41:28]   [emp_id: 4528] 🔄 REFRESHED: 115.31 → 116.06 ❌
[2026-04-15 09:41:28]   [emp_id: 4532] 🔄 REFRESHED: 9.44 → 9.97 ❌
[2026-04-15 09:41:28]   [emp_id: 4533] 🔄 REFRESHED: 26.63 → 27.38 ❌
[2026-04-15 09:41:28]   [emp_id: 4565] 🔄 REFRESHED: 21.01 → 21.54 ❌
[2026-04-15 09:41:28]   [emp_id: 4567] 🔄 REFRESHED: 25.26 → 25.79 ❌
[2026-04-15 09:41:28]   [emp_id: 4572] 🔄 REFRESHED: 64.76 → 65.29 ❌
[2026-04-15 09:41:28]   [emp_id: 4631] 🔄 REFRESHED: 21.01 → 21.54 ❌
[2026-04-15 09:41:28]   [emp_id: 4655] 🔄 REFRESHED: 32.64 → 33.39 ❌
[2026-04-15 09:41:29]   [emp_id: 4709] 🔄 REFRESHED: 47.89 → 48.64 ❌
[2026-04-15 09:41:29]   [emp_id: 4717] 🔄 REFRESHED: 73.89 → 74.64 ❌
[2026-04-15 09:41:29]   [emp_id: 4736] 🔄 REFRESHED: 0.81 → 1.56 ❌
[2026-04-15 09:41:29]   [emp_id: 4756] 🔄 REFRESHED: 17.45 → 17.98 ❌
[2026-04-15 09:41:29]   [emp_id: 4768] 🔄 REFRESHED: 21.39 → 22.14 ❌
[2026-04-15 09:41:29]   [emp_id: 4780] 🔄 REFRESHED: 71.18 → 71.71 ❌
[2026-04-15 09:41:29]   [emp_id: 4820] 🔄 REFRESHED: 106.72 → 107.47 ❌
[2026-04-15 09:41:29]   [emp_id: 4824] 🔄 REFRESHED: 9.9 → 10.65 ❌
[2026-04-15 09:41:29]   [emp_id: 4825] 🔄 REFRESHED: 38.47 → 39.22 ❌
[2026-04-15 09:41:29]   [emp_id: 4837] 🔄 REFRESHED: 51.17 → 51.7 ❌
[2026-04-15 09:41:29]   [emp_id: 4840] 🔄 REFRESHED: 51.17 → 51.7 ❌
[2026-04-15 09:41:29]   [emp_id: 4842] 🔄 REFRESHED: 4.41 → 4.94 ❌
[2026-04-15 09:41:29]   [emp_id: 4843] 🔄 REFRESHED: 50.94 → 51.47 ❌
[2026-04-15 09:41:29]   [emp_id: 4856] 🔄 REFRESHED: 48.08 → 48.61 ❌
[2026-04-15 09:41:29]   [emp_id: 4858] 🔄 REFRESHED: 27.78 → 28.31 ❌
[2026-04-15 09:41:29]   [emp_id: 4859] 🔄 REFRESHED: 49.25 → 49.78 ❌
[2026-04-15 09:41:29]   [emp_id: 4861] 🔄 REFRESHED: 47.21 → 47.74 ❌
[2026-04-15 09:41:29]   [emp_id: 4869] 🔄 REFRESHED: 90.09 → 90.62 ❌
[2026-04-15 09:41:29]   [emp_id: 4897] 🔄 REFRESHED: 28.99 → 29.52 ❌
[2026-04-15 09:41:29]   [emp_id: 4899] 🔄 REFRESHED: 25.16 → 25.69 ❌
[2026-04-15 09:41:29]   [emp_id: 4902] 🔄 REFRESHED: 24.58 → 25.11 ❌
[2026-04-15 09:41:29]   [emp_id: 4903] 🔄 REFRESHED: 26.8 → 27.33 ❌
[2026-04-15 09:41:29]   [emp_id: 4905] 🔄 REFRESHED: 25.46 → 25.99 ❌
[2026-04-15 09:41:29]   [emp_id: 4907] 🔄 REFRESHED: 55.47 → 56.22 ❌
[2026-04-15 09:41:29]   [emp_id: 4917] 🔄 REFRESHED: 22.42 → 22.95 ❌
[2026-04-15 09:41:29]   [emp_id: 4918] 🔄 REFRESHED: 12.19 → 12.72 ❌
[2026-04-15 09:41:29]   [emp_id: 4919] 🔄 REFRESHED: 64.48 → 65.01 ❌
[2026-04-15 09:41:29]   [emp_id: 4920] 🔄 REFRESHED: 11.56 → 12.09 ❌
[2026-04-15 09:41:29]   [emp_id: 4921] 🔄 REFRESHED: 0.65 → 1.12 ❌
[2026-04-15 09:41:29]   [emp_id: 4927] 🔄 REFRESHED: 22.48 → 23.01 ❌
[2026-04-15 09:41:29]   [emp_id: 4929] 🔄 REFRESHED: 24 → 24.53 ❌
[2026-04-15 09:41:29]   [emp_id: 4930] 🔄 REFRESHED: 64.77 → 65.3 ❌
[2026-04-15 09:41:29]   [emp_id: 4932] 🔄 REFRESHED: 22.77 → 23.3 ❌
[2026-04-15 09:41:29]   [emp_id: 4933] 🔄 REFRESHED: 26.18 → 26.71 ❌
[2026-04-15 09:41:29]   [emp_id: 4949] 🔄 REFRESHED: 29.61 → 30.14 ❌
[2026-04-15 09:41:29]   [emp_id: 4956] 🔄 REFRESHED: 35.2 → 35.73 ❌
[2026-04-15 09:41:29]   [emp_id: 4957] 🔄 REFRESHED: 27.87 → 28.4 ❌
[2026-04-15 09:41:29]   [emp_id: 4962] 🔄 REFRESHED: 47.83 → 48.5 ❌
[2026-04-15 09:41:29]   [emp_id: 4969] 🔄 REFRESHED: 54.14 → 54.89 ❌
[2026-04-15 09:41:29]   [emp_id: 4976] 🔄 REFRESHED: 15.89 → 16.42 ❌
[2026-04-15 09:41:29]   [emp_id: 4984] 🔄 REFRESHED: 45.39 → 46.14 ❌
[2026-04-15 09:41:29]   [emp_id: 4995] 🔄 REFRESHED: 57.46 → 58.21 ❌
[2026-04-15 09:41:29]   [emp_id: 5004] 🔄 REFRESHED: 32.83 → 33.36 ❌
[2026-04-15 09:41:30]   [emp_id: 5006] 🔄 REFRESHED: 32.57 → 33.1 ❌
[2026-04-15 09:41:30]   [emp_id: 5011] 🔄 REFRESHED: 13.24 → 13.99 ❌
[2026-04-15 09:41:30]   [emp_id: 5013] 🔄 REFRESHED: 72.94 → 73.47 ❌
[2026-04-15 09:41:30]   [emp_id: 5018] 🔄 REFRESHED: 9.43 → 9.96 ❌
[2026-04-15 09:41:30]   [emp_id: 5021] 🔄 REFRESHED: 67.49 → 68.24 ❌
[2026-04-15 09:41:30]   [emp_id: 5024] 🔄 REFRESHED: 7.45 → 7.98 ❌
[2026-04-15 09:41:30]   [emp_id: 5030] 🔄 REFRESHED: 37.4 → 37.93 ❌
[2026-04-15 09:41:30]   [emp_id: 5033] 🔄 REFRESHED: 16.2 → 16.73 ❌
[2026-04-15 09:41:30]   [emp_id: 5043] 🔄 REFRESHED: 38.06 → 38.81 ❌
[2026-04-15 09:41:30]   [emp_id: 5045] 🔄 REFRESHED: 4.56 → 5.31 ❌
[2026-04-15 09:41:30]   [emp_id: 5046] 🔄 REFRESHED: 29.75 → 30.5 ❌
[2026-04-15 09:41:30]   [emp_id: 5049] 🔄 REFRESHED: 4.38 → 4.91 ❌
[2026-04-15 09:41:30]   [emp_id: 5055] 🔄 REFRESHED: 24.6 → 25.13 ❌
[2026-04-15 09:41:30]   [emp_id: 5058] 🔄 REFRESHED: 29.52 → 30.05 ❌
[2026-04-15 09:41:30]   [emp_id: 5062] 🔄 REFRESHED: 45.41 → 45.94 ❌
[2026-04-15 09:41:30]   [emp_id: 5064] 🔄 REFRESHED: 125.39 → 126.14 ❌
[2026-04-15 09:41:30]   [emp_id: 5065] 🔄 REFRESHED: 44.82 → 45.35 ❌
[2026-04-15 09:41:30]   [emp_id: 5071] 🔄 REFRESHED: 30.89 → 31.64 ❌
[2026-04-15 09:41:30]   [emp_id: 5079] 🔄 REFRESHED: 39.98 → 40.51 ❌
[2026-04-15 09:41:30]   [emp_id: 5080] 🔄 REFRESHED: 21.25 → 21.78 ❌
[2026-04-15 09:41:30]   [emp_id: 5081] 🔄 REFRESHED: 21.57 → 22.1 ❌
[2026-04-15 09:41:30]   [emp_id: 5087] 🔄 REFRESHED: 41.61 → 42.14 ❌
[2026-04-15 09:41:30]   [emp_id: 5091] 🔄 REFRESHED: 81.46 → 81.99 ❌
[2026-04-15 09:41:30]   [emp_id: 5093] 🔄 REFRESHED: 22.06 → 22.81 ❌
[2026-04-15 09:41:30]   [emp_id: 5095] 🔄 REFRESHED: 7 → 7.53 ❌
[2026-04-15 09:41:30]   [emp_id: 5101] 🔄 REFRESHED: 24.14 → 24.89 ❌
[2026-04-15 09:41:30]   [emp_id: 5107] 🔄 REFRESHED: 22.47 → 23.22 ❌
[2026-04-15 09:41:30]   [emp_id: 5109] 🔄 REFRESHED: 19.72 → 20.47 ❌
[2026-04-15 09:41:30]   [emp_id: 5119] 🔄 REFRESHED: 17.89 → 18.64 ❌
[2026-04-15 09:41:30]   [emp_id: 5122] 🔄 REFRESHED: 14.06 → 14.81 ❌
[2026-04-15 09:41:30]   [emp_id: 5126] 🔄 REFRESHED: 32.34 → 32.87 ❌
[2026-04-15 09:41:30]   [emp_id: 5127] 🔄 REFRESHED: 29.13 → 29.66 ❌
[2026-04-15 09:41:30]   [emp_id: 5128] 🔄 REFRESHED: 32.28 → 32.81 ❌
[2026-04-15 09:41:30]   [emp_id: 5138] 🔄 REFRESHED: 57.72 → 58.47 ❌
[2026-04-15 09:41:30]   [emp_id: 5141] 🔄 REFRESHED: 40.65 → 41.18 ❌
[2026-04-15 09:41:30]   [emp_id: 5142] 🔄 REFRESHED: 9.65 → 10.18 ❌
[2026-04-15 09:41:30]   [emp_id: 5146] 🔄 REFRESHED: 26.65 → 27.18 ❌
[2026-04-15 09:41:30]   [emp_id: 5147] 🔄 REFRESHED: 25.65 → 26.18 ❌
[2026-04-15 09:41:30]   [emp_id: 5148] 🔄 REFRESHED: 31 → 31.53 ❌
[2026-04-15 09:41:30]   [emp_id: 5149] 🔄 REFRESHED: 29.89 → 30.42 ❌
[2026-04-15 09:41:30]   [emp_id: 5150] 🔄 REFRESHED: 29.25 → 29.78 ❌
[2026-04-15 09:41:30]   [emp_id: 5151] 🔄 REFRESHED: 29.07 → 29.6 ❌
[2026-04-15 09:41:30]   [emp_id: 5152] 🔄 REFRESHED: 9.49 → 10.02 ❌
[2026-04-15 09:41:30]   [emp_id: 5157] 🔄 REFRESHED: 29.07 → 29.6 ❌
[2026-04-15 09:41:30]   [emp_id: 5160] 🔄 REFRESHED: 29.07 → 29.6 ❌
[2026-04-15 09:41:30]   [emp_id: 5163] 🔄 REFRESHED: 26.86 → 27.39 ❌
[2026-04-15 09:41:30]   [emp_id: 5165] 🔄 REFRESHED: 9.16 → 9.91 ❌
[2026-04-15 09:41:30]   [emp_id: 5167] 🔄 REFRESHED: 36.01 → 36.54 ❌
[2026-04-15 09:41:30]   [emp_id: 5168] 🔄 REFRESHED: 28.55 → 29.08 ❌
[2026-04-15 09:41:31]   [emp_id: 5173] 🔄 REFRESHED: 32.81 → 33.56 ❌
[2026-04-15 09:41:31]   [emp_id: 5174] 🔄 REFRESHED: 29.01 → 29.54 ❌
[2026-04-15 09:41:31]   [emp_id: 5181] 🔄 REFRESHED: 25.4 → 25.93 ❌
[2026-04-15 09:41:31]   [emp_id: 5187] 🔄 REFRESHED: 41.93 → 42.46 ❌
[2026-04-15 09:41:31]   [emp_id: 5204] 🔄 REFRESHED: 22.31 → 23.06 ❌
[2026-04-15 09:41:31]   [emp_id: 5205] 🔄 REFRESHED: 14.14 → 14.67 ❌
[2026-04-15 09:41:31]   [emp_id: 5209] 🔄 REFRESHED: 10.14 → 10.67 ❌
[2026-04-15 09:41:31]   [emp_id: 5214] 🔄 REFRESHED: 4.39 → 4.92 ❌
[2026-04-15 09:41:31]   [emp_id: 5215] 🔄 REFRESHED: 16.14 → 16.67 ❌
[2026-04-15 09:41:31]   [emp_id: 5217] 🔄 REFRESHED: 5.14 → 5.67 ❌
[2026-04-15 09:41:31]   [emp_id: 5219] 🔄 REFRESHED: 16.08 → 16.61 ❌
[2026-04-15 09:41:31]   [emp_id: 5221] 🔄 REFRESHED: 5.45 → 5.98 ❌
[2026-04-15 09:41:31]   [emp_id: 5224] 🔄 REFRESHED: 17.14 → 17.67 ❌
[2026-04-15 09:41:31]   [emp_id: 5229] 🔄 REFRESHED: 4.08 → 4.61 ❌
[2026-04-15 09:41:31]   [emp_id: 5230] 🔄 REFRESHED: 14.81 → 15.34 ❌
[2026-04-15 09:41:31]   [emp_id: 5231] 🔄 REFRESHED: 7.08 → 7.61 ❌
[2026-04-15 09:41:31]   [emp_id: 5232] 🔄 REFRESHED: 6.14 → 6.67 ❌
[2026-04-15 09:41:31]   [emp_id: 5233] 🔄 REFRESHED: 10.14 → 10.67 ❌
[2026-04-15 09:41:31]   [emp_id: 5235] 🔄 REFRESHED: 1.58 → 2.11 ❌
[2026-04-15 09:41:31]   [emp_id: 5237] 🔄 REFRESHED: 8.33 → 8.86 ❌
[2026-04-15 09:41:31]   [emp_id: 5239] 🔄 REFRESHED: 8.14 → 8.67 ❌
[2026-04-15 09:41:31]   [emp_id: 5241] 🔄 REFRESHED: 11.14 → 11.67 ❌
[2026-04-15 09:41:31]   [emp_id: 5242] 🔄 REFRESHED: 21.14 → 21.67 ❌
[2026-04-15 09:41:31]   [emp_id: 5243] 🔄 REFRESHED: 3.55 → 4.08 ❌
[2026-04-15 09:41:31]   [emp_id: 5244] 🔄 REFRESHED: 2.58 → 3.11 ❌
[2026-04-15 09:41:31]   [emp_id: 5246] 🔄 REFRESHED: 15.14 → 15.67 ❌
[2026-04-15 09:41:31]   [emp_id: 5253] 🔄 REFRESHED: 27.01 → 27.54 ❌
[2026-04-15 09:41:31]   [emp_id: 5254] 🔄 REFRESHED: 6.99 → 7.52 ❌
[2026-04-15 09:41:31]   [emp_id: 5257] 🔄 REFRESHED: 17.7 → 18.23 ❌
[2026-04-15 09:41:31]   [emp_id: 5259] 🔄 REFRESHED: 54.23 → 54.76 ❌
[2026-04-15 09:41:31]   [emp_id: 5261] 🔄 REFRESHED: 14.82 → 15.49 ❌
[2026-04-15 09:41:31]   [emp_id: 5264] 🔄 REFRESHED: 19.71 → 20.24 ❌
[2026-04-15 09:41:31]   [emp_id: 5266] 🔄 REFRESHED: 21.33 → 21.86 ❌
[2026-04-15 09:41:31]   [emp_id: 5268] 🔄 REFRESHED: 14.9 → 15.43 ❌
[2026-04-15 09:41:31]   [emp_id: 5271] 🔄 REFRESHED: 13.56 → 14.09 ❌
[2026-04-15 09:41:31]   [emp_id: 5272] 🔄 REFRESHED: 14.43 → 14.96 ❌
[2026-04-15 09:41:31]   [emp_id: 5273] 🔄 REFRESHED: 29.5 → 30.03 ❌
[2026-04-15 09:41:31]   [emp_id: 5275] 🔄 REFRESHED: 15.25 → 15.78 ❌
[2026-04-15 09:41:31]   [emp_id: 5276] 🔄 REFRESHED: 17.52 → 18.05 ❌
[2026-04-15 09:41:31]   [emp_id: 5278] 🔄 REFRESHED: 13.91 → 14.44 ❌
[2026-04-15 09:41:31]   [emp_id: 5280] 🔄 REFRESHED: 13.25 → 13.78 ❌
[2026-04-15 09:41:31]   [emp_id: 5282] 🔄 REFRESHED: 16.3 → 17.05 ❌
[2026-04-15 09:41:31]   [emp_id: 5285] 🔄 REFRESHED: 34.31 → 34.84 ❌
[2026-04-15 09:41:32]   [emp_id: 5286] 🔄 REFRESHED: 21.31 → 21.84 ❌
[2026-04-15 09:41:32]   [emp_id: 5287] 🔄 REFRESHED: 55.61 → 56.14 ❌
[2026-04-15 09:41:32]   [emp_id: 5288] 🔄 REFRESHED: 12.88 → 13.41 ❌
[2026-04-15 09:41:32]   [emp_id: 5289] 🔄 REFRESHED: 54.16 → 54.69 ❌
[2026-04-15 09:41:32]   [emp_id: 5290] 🔄 REFRESHED: 52.93 → 53.46 ❌
[2026-04-15 09:41:32]   [emp_id: 5291] 🔄 REFRESHED: 10.93 → 11.46 ❌
[2026-04-15 09:41:32]   [emp_id: 5292] 🔄 REFRESHED: 10.87 → 11.4 ❌
[2026-04-15 09:41:32]   [emp_id: 5293] 🔄 REFRESHED: 15.65 → 16.4 ❌
[2026-04-15 09:41:32]   [emp_id: 5294] 🔄 REFRESHED: 15.31 → 16.06 ❌
[2026-04-15 09:41:32]   [emp_id: 5295] 🔄 REFRESHED: 25.11 → 25.64 ❌
[2026-04-15 09:41:32]   [emp_id: 5296] 🔄 REFRESHED: 21.92 → 22.67 ❌
[2026-04-15 09:41:32]   [emp_id: 5297] 🔄 REFRESHED: 50.53 → 51.06 ❌
[2026-04-15 09:41:32]   [emp_id: 5298] 🔄 REFRESHED: 6.53 → 7.06 ❌
[2026-04-15 09:41:32]   [emp_id: 5299] 🔄 REFRESHED: 51.53 → 52.06 ❌
[2026-04-15 09:41:32]   [emp_id: 5300] 🔄 REFRESHED: 51.53 → 52.06 ❌
[2026-04-15 09:41:32]   [emp_id: 5301] 🔄 REFRESHED: 9.35 → 9.88 ❌
[2026-04-15 09:41:32]   [emp_id: 5303] 🔄 REFRESHED: 9.78 → 10.31 ❌
[2026-04-15 09:41:32]   [emp_id: 5304] 🔄 REFRESHED: 6.53 → 7.06 ❌
[2026-04-15 09:41:32]   [emp_id: 5305] 🔄 REFRESHED: 9.53 → 10.06 ❌
[2026-04-15 09:41:32]   [emp_id: 5306] 🔄 REFRESHED: 51.24 → 51.77 ❌
[2026-04-15 09:41:32]   [emp_id: 5307] 🔄 REFRESHED: 51.24 → 51.77 ❌
[2026-04-15 09:41:32]   [emp_id: 5312] 🔄 REFRESHED: 5.58 → 6.11 ❌
[2026-04-15 09:41:32]   [emp_id: 5318] 🔄 REFRESHED: 26.95 → 27.48 ❌
[2026-04-15 09:41:32]   [emp_id: 5325] 🔄 REFRESHED: 6.98 → 7.51 ❌
[2026-04-15 09:41:32]   [emp_id: 5327] 🔄 REFRESHED: 7 → 7.53 ❌
[2026-04-15 09:41:32]   [emp_id: 5337] 🔄 REFRESHED: 38.22 → 38.97 ❌
[2026-04-15 09:41:32]   [emp_id: 5339] 🔄 REFRESHED: 16.1 → 16.63 ❌
[2026-04-15 09:41:32]   [emp_id: 5343] 🔄 REFRESHED: 53.14 → 53.89 ❌
[2026-04-15 09:41:32]   [emp_id: 5345] 🔄 REFRESHED: 22.97 → 23.72 ❌
[2026-04-15 09:41:32]   [emp_id: 5346] 🔄 REFRESHED: 7.82 → 8.35 ❌
[2026-04-15 09:41:32]   [emp_id: 5351] 🔄 REFRESHED: 22.76 → 23.29 ❌
[2026-04-15 09:41:32]   [emp_id: 5370] 🔄 REFRESHED: 16.41 → 16.94 ❌
[2026-04-15 09:41:32]   [emp_id: 5371] 🔄 REFRESHED: 15.14 → 15.89 ❌
[2026-04-15 09:41:32]   [emp_id: 5376] 🔄 REFRESHED: 5.95 → 6.48 ❌
[2026-04-15 09:41:32]   [emp_id: 5380] 🔄 REFRESHED: 22.42 → 22.95 ❌
[2026-04-15 09:41:32]   [emp_id: 5381] 🔄 REFRESHED: 15.57 → 16.32 ❌
[2026-04-15 09:41:32]   [emp_id: 5383] 🔄 REFRESHED: 22.97 → 23.72 ❌
[2026-04-15 09:41:32]   [emp_id: 5388] 🔄 REFRESHED: 33.2 → 33.73 ❌
[2026-04-15 09:41:32]   [emp_id: 5396] 🔄 REFRESHED: 9.38 → 9.91 ❌
[2026-04-15 09:41:32]   [emp_id: 5397] 🔄 REFRESHED: 25.9 → 26.43 ❌
[2026-04-15 09:41:32]   [emp_id: 5401] 🔄 REFRESHED: 29.01 → 29.54 ❌
[2026-04-15 09:41:32]   [emp_id: 5402] 🔄 REFRESHED: 29.13 → 29.66 ❌
[2026-04-15 09:41:32]   [emp_id: 5406] 🔄 REFRESHED: 22.85 → 23.38 ❌
[2026-04-15 09:41:32]   [emp_id: 5407] 🔄 REFRESHED: 19.74 → 20.49 ❌
[2026-04-15 09:41:33]   [emp_id: 5409] 🔄 REFRESHED: 22.19 → 22.72 ❌
[2026-04-15 09:41:33]   [emp_id: 5413] 🔄 REFRESHED: 36.14 → 36.89 ❌
[2026-04-15 09:41:33]   [emp_id: 5415] 🔄 REFRESHED: 11.74 → 12.49 ❌
[2026-04-15 09:41:33]   [emp_id: 5418] 🔄 REFRESHED: 3.25 → 3.78 ❌
[2026-04-15 09:41:33]   [emp_id: 5422] 🔄 REFRESHED: 28.47 → 29.22 ❌
[2026-04-15 09:41:33]   [emp_id: 5423] 🔄 REFRESHED: 8.16 → 8.91 ❌
[2026-04-15 09:41:33]   [emp_id: 5425] 🔄 REFRESHED: 19.8 → 20.33 ❌
[2026-04-15 09:41:33]   [emp_id: 5426] 🔄 REFRESHED: 9.71 → 10.46 ❌
[2026-04-15 09:41:33]   [emp_id: 5427] 🔄 REFRESHED: 19.91 → 20.44 ❌
[2026-04-15 09:41:33]   [emp_id: 5428] 🔄 REFRESHED: 19.8 → 20.33 ❌
[2026-04-15 09:41:33]   [emp_id: 5430] 🔄 REFRESHED: 25.53 → 26.28 ❌
[2026-04-15 09:41:33]   [emp_id: 5431] 🔄 REFRESHED: 18.92 → 19.45 ❌
[2026-04-15 09:41:33]   [emp_id: 5433] 🔄 REFRESHED: 18.94 → 19.47 ❌
[2026-04-15 09:41:33]   [emp_id: 5434] 🔄 REFRESHED: 18.69 → 19.22 ❌
[2026-04-15 09:41:33]   [emp_id: 5435] 🔄 REFRESHED: 18.63 → 19.16 ❌
[2026-04-15 09:41:33]   [emp_id: 5438] 🔄 REFRESHED: 23.39 → 24.14 ❌
[2026-04-15 09:41:33]   [emp_id: 5439] 🔄 REFRESHED: 32.89 → 33.64 ❌
[2026-04-15 09:41:33]   [emp_id: 5442] 🔄 REFRESHED: 20.89 → 21.64 ❌
[2026-04-15 09:41:33]   [emp_id: 5445] 🔄 REFRESHED: 13.09 → 13.62 ❌
[2026-04-15 09:41:33]   [emp_id: 5446] 🔄 REFRESHED: 13.09 → 13.62 ❌
[2026-04-15 09:41:33]   [emp_id: 5447] 🔄 REFRESHED: 13.03 → 13.56 ❌
[2026-04-15 09:41:33]   [emp_id: 5448] 🔄 REFRESHED: 10.02 → 10.77 ❌
[2026-04-15 09:41:33]   [emp_id: 5449] 🔄 REFRESHED: 9.11 → 9.64 ❌
[2026-04-15 09:41:33]   [emp_id: 5450] 🔄 REFRESHED: 11.05 → 11.58 ❌
[2026-04-15 09:41:33]   [emp_id: 5451] 🔄 REFRESHED: 11.05 → 11.58 ❌
[2026-04-15 09:41:33]   [emp_id: 5453] 🔄 REFRESHED: 10.89 → 11.42 ❌
[2026-04-15 09:41:33]   [emp_id: 5454] 🔄 REFRESHED: 11.97 → 12.72 ❌
[2026-04-15 09:41:33]   [emp_id: 5455] 🔄 REFRESHED: 4.22 → 4.97 ❌
[2026-04-15 09:41:33]   [emp_id: 5456] 🔄 REFRESHED: 3.22 → 3.97 ❌
[2026-04-15 09:41:33]   [emp_id: 5457] 🔄 REFRESHED: 10.14 → 10.67 ❌
[2026-04-15 09:41:33]   [emp_id: 5463] 🔄 REFRESHED: 12.2 → 12.95 ❌
[2026-04-15 09:41:33]   [emp_id: 5464] 🔄 REFRESHED: 12.2 → 12.95 ❌
[2026-04-15 09:41:33]   [emp_id: 5468] 🔄 REFRESHED: 7.82 → 8.57 ❌
[2026-04-15 09:41:33]   [emp_id: 5469] 🔄 REFRESHED: 7.73 → 8.48 ❌
[2026-04-15 09:41:33]   [emp_id: 5472] 🔄 REFRESHED: 5.54 → 6.29 ❌
[2026-04-15 09:41:33]   [emp_id: 5473] 🔄 REFRESHED: 4.45 → 5.2 ❌
[2026-04-15 09:41:33]   [emp_id: 5475] 🔄 REFRESHED: 3.7 → 4.45 ❌
[2026-04-15 09:41:33] Report saved to: D:\xampp\htdocs\almutlak\system/cron_logs/last_vacation_update_report.json
[2026-04-15 09:41:51] ========== CRON: Vacation Balance Update Started ==========
[2026-04-15 09:41:51] Force level: 2 (0=normal, 1=check missing, 2=full bypass)
[2026-04-15 09:41:51] Source: Browser (?force=2)
[2026-04-15 09:41:51] FORCE LEVEL 2: Full bypass - updating all balances AND last_updated
[2026-04-15 09:41:51] Database connection established
[2026-04-15 09:41:51] Running FORCE LEVEL 2: Force update mode
[2026-04-15 09:41:51]   [emp_id: 1061] ✅ Updated: 7.46 → 8.21 (VALUE CHANGED)
[2026-04-15 09:41:51]   [emp_id: 1496] ✅ Updated: 24.31 → 25.06 (VALUE CHANGED)
[2026-04-15 09:41:51]   [emp_id: 1500] ✅ Updated: 11.99 → 12.74 (VALUE CHANGED)
[2026-04-15 09:41:51]   [emp_id: 1673] ✅ Updated: 52.72 → 53.47 (VALUE CHANGED)
[2026-04-15 09:41:51]   [emp_id: 1685] ✅ Updated: 22.64 → 23.39 (VALUE CHANGED)
[2026-04-15 09:41:51]   [emp_id: 1764] ✅ Updated: 77.31 → 78.06 (VALUE CHANGED)
[2026-04-15 09:41:51]   [emp_id: 1805] ✅ Updated: 71.64 → 72.39 (VALUE CHANGED)
[2026-04-15 09:41:51]   [emp_id: 1822] ✅ Updated: 76.39 → 77.14 (VALUE CHANGED)
[2026-04-15 09:41:51]   [emp_id: 1837] ✅ Updated: 32.56 → 33.31 (VALUE CHANGED)
[2026-04-15 09:41:51]   [emp_id: 1857] ✅ Updated: 27.89 → 28.64 (VALUE CHANGED)
[2026-04-15 09:41:51]   [emp_id: 1861] ✅ Updated: 3.72 → 4.47 (VALUE CHANGED)
[2026-04-15 09:41:51]   [emp_id: 1872] ✅ Updated: 17.56 → 18.31 (VALUE CHANGED)
[2026-04-15 09:41:51]   [emp_id: 1897] ✅ Updated: 12.89 → 13.64 (VALUE CHANGED)
[2026-04-15 09:41:51]   [emp_id: 1916] ✅ Updated: 19.19 → 19.94 (VALUE CHANGED)
[2026-04-15 09:41:51]   [emp_id: 1928] ✅ Updated: 72.14 → 72.89 (VALUE CHANGED)
[2026-04-15 09:41:51]   [emp_id: 1931] ✅ Updated: 32.06 → 32.81 (VALUE CHANGED)
[2026-04-15 09:41:51]   [emp_id: 1944] ✅ Updated: 50.22 → 50.97 (VALUE CHANGED)
[2026-04-15 09:41:51]   [emp_id: 1996] ✅ Updated: 11.63 → 12.38 (VALUE CHANGED)
[2026-04-15 09:41:51]   [emp_id: 1997] ✅ Updated: 43.89 → 44.64 (VALUE CHANGED)
[2026-04-15 09:41:52]   [emp_id: 1998] ✅ Updated: 35.33 → 36.08 (VALUE CHANGED)
[2026-04-15 09:41:52]   [emp_id: 1999] ✅ Updated: 36.33 → 37.08 (VALUE CHANGED)
[2026-04-15 09:41:52]   [emp_id: 2009] ✅ Updated: 14.55 → 15.3 (VALUE CHANGED)
[2026-04-15 09:41:52]   [emp_id: 2048] ✅ Updated: 32.47 → 33.22 (VALUE CHANGED)
[2026-04-15 09:41:52]   [emp_id: 2057] ✅ Updated: 73.31 → 74.06 (VALUE CHANGED)
[2026-04-15 09:41:52]   [emp_id: 2079] ✅ Updated: 55.64 → 56.39 (VALUE CHANGED)
[2026-04-15 09:41:52]   [emp_id: 2181] ✅ Updated: 4.64 → 5.39 (VALUE CHANGED)
[2026-04-15 09:41:52]   [emp_id: 2190] ✅ Updated: 8.97 → 9.72 (VALUE CHANGED)
[2026-04-15 09:41:52]   [emp_id: 2212] ✅ Updated: 31.97 → 32.72 (VALUE CHANGED)
[2026-04-15 09:41:52]   [emp_id: 2226] ✅ Updated: 21.63 → 22.38 (VALUE CHANGED)
[2026-04-15 09:41:52]   [emp_id: 2238] ✅ Updated: 74.97 → 75.72 (VALUE CHANGED)
[2026-04-15 09:41:52]   [emp_id: 2285] ✅ Updated: 43.64 → 44.39 (VALUE CHANGED)
[2026-04-15 09:41:52]   [emp_id: 2287] ✅ Updated: 55.31 → 56.06 (VALUE CHANGED)
[2026-04-15 09:41:52]   [emp_id: 2288] ✅ Updated: 10.33 → 11.08 (VALUE CHANGED)
[2026-04-15 09:41:52]   [emp_id: 2316] ✅ Updated: 24.14 → 24.89 (VALUE CHANGED)
[2026-04-15 09:41:52]   [emp_id: 2337] ✅ Updated: 45.22 → 45.97 (VALUE CHANGED)
[2026-04-15 09:41:52]   [emp_id: 2352] ✅ Updated: 76.72 → 77.47 (VALUE CHANGED)
[2026-04-15 09:41:52]   [emp_id: 2358] ✅ Updated: 13.22 → 13.97 (VALUE CHANGED)
[2026-04-15 09:41:52]   [emp_id: 2361] ✅ Updated: 78.89 → 79.64 (VALUE CHANGED)
[2026-04-15 09:41:52]   [emp_id: 2363] ✅ Updated: 81.47 → 82.22 (VALUE CHANGED)
[2026-04-15 09:41:52]   [emp_id: 2364] ✅ Updated: 80.89 → 81.64 (VALUE CHANGED)
[2026-04-15 09:41:52]   [emp_id: 2367] ✅ Updated: 18.56 → 19.31 (VALUE CHANGED)
[2026-04-15 09:41:52]   [emp_id: 2368] ✅ Updated: 38.97 → 39.72 (VALUE CHANGED)
[2026-04-15 09:41:52]   [emp_id: 2372] ✅ Updated: 76.22 → 76.97 (VALUE CHANGED)
[2026-04-15 09:41:52]   [emp_id: 2376] ✅ Updated: 71.13 → 71.88 (VALUE CHANGED)
[2026-04-15 09:41:52]   [emp_id: 2423] ✅ Updated: 26.97 → 27.72 (VALUE CHANGED)
[2026-04-15 09:41:52]   [emp_id: 2519] ✅ Updated: 120.64 → 121.39 (VALUE CHANGED)
[2026-04-15 09:41:52]   [emp_id: 2522] ✅ Updated: 9.13 → 9.88 (VALUE CHANGED)
[2026-04-15 09:41:52]   [emp_id: 2530] ✅ Updated: 10.38 → 11.13 (VALUE CHANGED)
[2026-04-15 09:41:52]   [emp_id: 2539] ✅ Updated: 56.22 → 56.97 (VALUE CHANGED)
[2026-04-15 09:41:52]   [emp_id: 2541] ✅ Updated: 36.81 → 37.56 (VALUE CHANGED)
[2026-04-15 09:41:52]   [emp_id: 2550] ✅ Updated: 102.97 → 103.72 (VALUE CHANGED)
[2026-04-15 09:41:52]   [emp_id: 2553] ✅ Updated: 37.08 → 37.83 (VALUE CHANGED)
[2026-04-15 09:41:53]   [emp_id: 2554] ✅ Updated: 46.56 → 47.31 (VALUE CHANGED)
[2026-04-15 09:41:53]   [emp_id: 2565] ✅ Updated: 16.05 → 16.8 (VALUE CHANGED)
[2026-04-15 09:41:53]   [emp_id: 2572] ✅ Updated: 51.14 → 51.89 (VALUE CHANGED)
[2026-04-15 09:41:53]   [emp_id: 2637] ✅ Updated: 16.63 → 17.38 (VALUE CHANGED)
[2026-04-15 09:41:53]   [emp_id: 2642] ✅ Updated: 84.47 → 85.22 (VALUE CHANGED)
[2026-04-15 09:41:53]   [emp_id: 2645] ✅ Updated: 40.47 → 41.22 (VALUE CHANGED)
[2026-04-15 09:41:53]   [emp_id: 2648] ✅ Updated: 52.14 → 52.89 (VALUE CHANGED)
[2026-04-15 09:41:53]   [emp_id: 2654] ✅ Updated: 94.81 → 95.56 (VALUE CHANGED)
[2026-04-15 09:41:53]   [emp_id: 2688] ✅ Updated: 32.89 → 33.64 (VALUE CHANGED)
[2026-04-15 09:41:53]   [emp_id: 2690] ✅ Updated: 21.64 → 22.39 (VALUE CHANGED)
[2026-04-15 09:41:53]   [emp_id: 2709] ✅ Updated: 43.89 → 44.64 (VALUE CHANGED)
[2026-04-15 09:41:53]   [emp_id: 2745] ✅ Updated: 40.47 → 41.22 (VALUE CHANGED)
[2026-04-15 09:41:53]   [emp_id: 2843] ✅ Updated: 87.06 → 87.81 (VALUE CHANGED)
[2026-04-15 09:41:53]   [emp_id: 2854] ✅ Updated: 66.97 → 67.72 (VALUE CHANGED)
[2026-04-15 09:41:53]   [emp_id: 2869] ✅ Updated: 15.8 → 16.55 (VALUE CHANGED)
[2026-04-15 09:41:53]   [emp_id: 2876] ✅ Updated: 41.72 → 42.47 (VALUE CHANGED)
[2026-04-15 09:41:53]   [emp_id: 2924] ✅ Updated: 22.89 → 23.64 (VALUE CHANGED)
[2026-04-15 09:41:53]   [emp_id: 2953] ✅ Updated: 108.64 → 109.39 (VALUE CHANGED)
[2026-04-15 09:41:53]   [emp_id: 2961] ✅ Updated: 18.64 → 19.39 (VALUE CHANGED)
[2026-04-15 09:41:53]   [emp_id: 2975] ✅ Updated: 8.32 → 9.07 (VALUE CHANGED)
[2026-04-15 09:41:53]   [emp_id: 3013] ✅ Updated: 17.64 → 18.39 (VALUE CHANGED)
[2026-04-15 09:41:53]   [emp_id: 3014] ✅ Updated: 11.89 → 12.64 (VALUE CHANGED)
[2026-04-15 09:41:53]   [emp_id: 3015] ✅ Updated: 13.05 → 13.8 (VALUE CHANGED)
[2026-04-15 09:41:53]   [emp_id: 3018] ✅ Updated: 7.8 → 8.55 (VALUE CHANGED)
[2026-04-15 09:41:53]   [emp_id: 3025] ✅ Updated: 30.66 → 31.41 (VALUE CHANGED)
[2026-04-15 09:41:53]   [emp_id: 3037] ✅ Updated: 15.3 → 16.05 (VALUE CHANGED)
[2026-04-15 09:41:53]   [emp_id: 3047] ✅ Updated: 78.64 → 79.39 (VALUE CHANGED)
[2026-04-15 09:41:53]   [emp_id: 3061] ✅ Updated: 25.56 → 26.31 (VALUE CHANGED)
[2026-04-15 09:41:53]   [emp_id: 3062] ✅ Updated: 58.72 → 59.47 (VALUE CHANGED)
[2026-04-15 09:41:53]   [emp_id: 3074] ✅ Updated: 115.14 → 115.89 (VALUE CHANGED)
[2026-04-15 09:41:53]   [emp_id: 3089] ✅ Updated: 14.06 → 14.81 (VALUE CHANGED)
[2026-04-15 09:41:53]   [emp_id: 3090] ✅ Updated: 40.64 → 41.39 (VALUE CHANGED)
[2026-04-15 09:41:53]   [emp_id: 3091] ✅ Updated: 52.64 → 53.39 (VALUE CHANGED)
[2026-04-15 09:41:54]   [emp_id: 3092] ✅ Updated: 35.31 → 36.06 (VALUE CHANGED)
[2026-04-15 09:41:54]   [emp_id: 3105] ✅ Updated: 55.64 → 56.39 (VALUE CHANGED)
[2026-04-15 09:41:54]   [emp_id: 3134] ✅ Updated: 51.39 → 52.14 (VALUE CHANGED)
[2026-04-15 09:41:54]   [emp_id: 3140] ✅ Updated: 48.47 → 49.22 (VALUE CHANGED)
[2026-04-15 09:41:54]   [emp_id: 3144] ✅ Updated: 21.31 → 22.06 (VALUE CHANGED)
[2026-04-15 09:41:54]   [emp_id: 3156] ✅ Updated: 24.64 → 25.39 (VALUE CHANGED)
[2026-04-15 09:41:54]   [emp_id: 3162] ✅ Updated: 9.62 → 10.37 (VALUE CHANGED)
[2026-04-15 09:41:54]   [emp_id: 3163] ✅ Updated: 12.89 → 13.64 (VALUE CHANGED)
[2026-04-15 09:41:54]   [emp_id: 3198] ✅ Updated: 47.89 → 48.64 (VALUE CHANGED)
[2026-04-15 09:41:54]   [emp_id: 3205] ✅ Updated: 24.56 → 25.31 (VALUE CHANGED)
[2026-04-15 09:41:54]   [emp_id: 3209] ✅ Updated: 48.72 → 49.47 (VALUE CHANGED)
[2026-04-15 09:41:54]   [emp_id: 3223] ✅ Updated: 7.64 → 8.39 (VALUE CHANGED)
[2026-04-15 09:41:54]   [emp_id: 3224] ✅ Updated: 72.39 → 73.14 (VALUE CHANGED)
[2026-04-15 09:41:54]   [emp_id: 3230] ✅ Updated: 95.81 → 96.56 (VALUE CHANGED)
[2026-04-15 09:41:54]   [emp_id: 3231] ✅ Updated: 8.18 → 8.93 (VALUE CHANGED)
[2026-04-15 09:41:54]   [emp_id: 3233] ✅ Updated: 84.64 → 85.39 (VALUE CHANGED)
[2026-04-15 09:41:54]   [emp_id: 3249] ✅ Updated: 44.47 → 45.22 (VALUE CHANGED)
[2026-04-15 09:41:54]   [emp_id: 3250] ✅ Updated: 17.47 → 18.22 (VALUE CHANGED)
[2026-04-15 09:41:54]   [emp_id: 3252] ✅ Updated: 18.39 → 19.14 (VALUE CHANGED)
[2026-04-15 09:41:54]   [emp_id: 3254] ✅ Updated: 28.89 → 29.64 (VALUE CHANGED)
[2026-04-15 09:41:54]   [emp_id: 3255] ✅ Updated: 25.31 → 26.06 (VALUE CHANGED)
[2026-04-15 09:41:54]   [emp_id: 3256] ✅ Updated: 21.56 → 22.31 (VALUE CHANGED)
[2026-04-15 09:41:54]   [emp_id: 3263] ✅ Updated: 37.64 → 38.39 (VALUE CHANGED)
[2026-04-15 09:41:54]   [emp_id: 3265] ✅ Updated: 14.13 → 14.88 (VALUE CHANGED)
[2026-04-15 09:41:54]   [emp_id: 3280] ✅ Updated: 26.05 → 26.8 (VALUE CHANGED)
[2026-04-15 09:41:54]   [emp_id: 3286] ✅ Updated: 23.31 → 24.06 (VALUE CHANGED)
[2026-04-15 09:41:54]   [emp_id: 3294] ✅ Updated: 20.97 → 21.72 (VALUE CHANGED)
[2026-04-15 09:41:54]   [emp_id: 3321] ✅ Updated: 80.14 → 80.89 (VALUE CHANGED)
[2026-04-15 09:41:54]   [emp_id: 3325] ✅ Updated: 67.89 → 68.64 (VALUE CHANGED)
[2026-04-15 09:41:54]   [emp_id: 3329] ✅ Updated: 70.22 → 70.97 (VALUE CHANGED)
[2026-04-15 09:41:54]   [emp_id: 3330] ✅ Updated: 70.22 → 70.97 (VALUE CHANGED)
[2026-04-15 09:41:54]   [emp_id: 3332] ✅ Updated: 10.22 → 10.97 (VALUE CHANGED)
[2026-04-15 09:41:54]   [emp_id: 3384] ✅ Updated: 22.39 → 23.14 (VALUE CHANGED)
[2026-04-15 09:41:54]   [emp_id: 3386] ✅ Updated: 52.39 → 53.14 (VALUE CHANGED)
[2026-04-15 09:41:54]   [emp_id: 3431] ✅ Updated: 0.81 → 1.56 (VALUE CHANGED)
[2026-04-15 09:41:55]   [emp_id: 3497] ✅ Updated: 16.97 → 17.72 (VALUE CHANGED)
[2026-04-15 09:41:55]   [emp_id: 3532] ✅ Updated: 12.72 → 13.47 (VALUE CHANGED)
[2026-04-15 09:41:55]   [emp_id: 3602] ✅ Updated: 9.38 → 10.13 (VALUE CHANGED)
[2026-04-15 09:41:55]   [emp_id: 3618] ✅ Updated: 31.36 → 32.11 (VALUE CHANGED)
[2026-04-15 09:41:55]   [emp_id: 3622] ✅ Updated: 40.35 → 40.88 (VALUE CHANGED)
[2026-04-15 09:41:55]   [emp_id: 3627] ✅ Updated: 16.22 → 16.97 (VALUE CHANGED)
[2026-04-15 09:41:55]   [emp_id: 3665] ✅ Updated: 58.89 → 59.64 (VALUE CHANGED)
[2026-04-15 09:41:55]   [emp_id: 3705] ✅ Updated: 33.68 → 34.21 (VALUE CHANGED)
[2026-04-15 09:41:55]   [emp_id: 3724] ✅ Updated: 51.89 → 52.64 (VALUE CHANGED)
[2026-04-15 09:41:55]   [emp_id: 3726] ✅ Updated: 68.31 → 69.06 (VALUE CHANGED)
[2026-04-15 09:41:55]   [emp_id: 3727] ✅ Updated: 73.39 → 74.14 (VALUE CHANGED)
[2026-04-15 09:41:55]   [emp_id: 3728] ✅ Updated: 17.72 → 18.47 (VALUE CHANGED)
[2026-04-15 09:41:55]   [emp_id: 3767] ✅ Updated: 8.47 → 9.22 (VALUE CHANGED)
[2026-04-15 09:41:55]   [emp_id: 3768] ✅ Updated: 64.72 → 65.47 (VALUE CHANGED)
[2026-04-15 09:41:55]   [emp_id: 3787] ✅ Updated: 65.31 → 66.06 (VALUE CHANGED)
[2026-04-15 09:41:55]   [emp_id: 3790] ✅ Updated: 10.77 → 11.52 (VALUE CHANGED)
[2026-04-15 09:41:55]   [emp_id: 3795] ✅ Updated: 22.81 → 23.56 (VALUE CHANGED)
[2026-04-15 09:41:55]   [emp_id: 3798] ✅ Updated: 101.22 → 101.97 (VALUE CHANGED)
[2026-04-15 09:41:55]   [emp_id: 3801] ✅ Updated: 9.49 → 10.24 (VALUE CHANGED)
[2026-04-15 09:41:55]   [emp_id: 3802] ✅ Updated: 38.47 → 39.22 (VALUE CHANGED)
[2026-04-15 09:41:55]   [emp_id: 3803] ✅ Updated: 37.8 → 38.55 (VALUE CHANGED)
[2026-04-15 09:41:55]   [emp_id: 3810] ✅ Updated: 73.8 → 74.55 (VALUE CHANGED)
[2026-04-15 09:41:55]   [emp_id: 3812] ✅ Updated: 38.89 → 39.64 (VALUE CHANGED)
[2026-04-15 09:41:55]   [emp_id: 3815] ✅ Updated: 97.89 → 98.64 (VALUE CHANGED)
[2026-04-15 09:41:55]   [emp_id: 3836] ✅ Updated: 1.47 → 2.22 (VALUE CHANGED)
[2026-04-15 09:41:55]   [emp_id: 3855] ✅ Updated: 58.72 → 59.47 (VALUE CHANGED)
[2026-04-15 09:41:55]   [emp_id: 3857] ✅ Updated: 62.39 → 63.14 (VALUE CHANGED)
[2026-04-15 09:41:55]   [emp_id: 3866] ✅ Updated: 35.72 → 36.47 (VALUE CHANGED)
[2026-04-15 09:41:55]   [emp_id: 3876] ✅ Updated: 31.89 → 32.64 (VALUE CHANGED)
[2026-04-15 09:41:55]   [emp_id: 3877] ✅ Updated: 57.39 → 58.14 (VALUE CHANGED)
[2026-04-15 09:41:55]   [emp_id: 3899] ✅ Updated: 7.46 → 8.21 (VALUE CHANGED)
[2026-04-15 09:41:55]   [emp_id: 3928] ✅ Updated: 16.72 → 17.47 (VALUE CHANGED)
[2026-04-15 09:41:55]   [emp_id: 3929] ✅ Updated: 16.72 → 17.47 (VALUE CHANGED)
[2026-04-15 09:41:55]   [emp_id: 3935] ✅ Updated: 101.72 → 102.47 (VALUE CHANGED)
[2026-04-15 09:41:56]   [emp_id: 3952] ✅ Updated: 83.06 → 83.81 (VALUE CHANGED)
[2026-04-15 09:41:56]   [emp_id: 3987] ✅ Updated: 0.97 → 1.72 (VALUE CHANGED)
[2026-04-15 09:41:56]   [emp_id: 4059] ✅ Updated: 11.17 → 11.92 (VALUE CHANGED)
[2026-04-15 09:41:56]   [emp_id: 4119] ✅ Updated: 64.64 → 65.39 (VALUE CHANGED)
[2026-04-15 09:41:56]   [emp_id: 4120] ✅ Updated: 34.22 → 34.97 (VALUE CHANGED)
[2026-04-15 09:41:56]   [emp_id: 4124] ✅ Updated: 34.74 → 35.49 (VALUE CHANGED)
[2026-04-15 09:41:56]   [emp_id: 4133] ✅ Updated: 113.22 → 113.97 (VALUE CHANGED)
[2026-04-15 09:41:56]   [emp_id: 4134] ✅ Updated: 34.22 → 34.97 (VALUE CHANGED)
[2026-04-15 09:41:56]   [emp_id: 4136] ✅ Updated: 5.22 → 5.97 (VALUE CHANGED)
[2026-04-15 09:41:56]   [emp_id: 4150] ✅ Updated: 2.89 → 3.64 (VALUE CHANGED)
[2026-04-15 09:41:56]   [emp_id: 4157] ✅ Updated: 26.39 → 27.14 (VALUE CHANGED)
[2026-04-15 09:41:56]   [emp_id: 4172] ✅ Updated: 18.26 → 18.79 (VALUE CHANGED)
[2026-04-15 09:41:56]   [emp_id: 4195] ✅ Updated: 69.97 → 70.72 (VALUE CHANGED)
[2026-04-15 09:41:56]   [emp_id: 4220] ✅ Updated: 3.22 → 3.89 (VALUE CHANGED)
[2026-04-15 09:41:56]   [emp_id: 4273] ✅ Updated: 16.89 → 17.64 (VALUE CHANGED)
[2026-04-15 09:41:56]   [emp_id: 4283] ✅ Updated: 8.94 → 9.69 (VALUE CHANGED)
[2026-04-15 09:41:56]   [emp_id: 4288] ✅ Updated: 20.04 → 20.79 (VALUE CHANGED)
[2026-04-15 09:41:56]   [emp_id: 4315] ✅ Updated: 20.14 → 20.89 (VALUE CHANGED)
[2026-04-15 09:41:56]   [emp_id: 4328] ✅ Updated: 48.18 → 48.71 (VALUE CHANGED)
[2026-04-15 09:41:56]   [emp_id: 4329] ✅ Updated: 13.31 → 14.06 (VALUE CHANGED)
[2026-04-15 09:41:56]   [emp_id: 4338] ✅ Updated: 54.89 → 55.64 (VALUE CHANGED)
[2026-04-15 09:41:56]   [emp_id: 4340] ✅ Updated: 121.8 → 122.55 (VALUE CHANGED)
[2026-04-15 09:41:56]   [emp_id: 4365] ✅ Updated: 5.31 → 6.06 (VALUE CHANGED)
[2026-04-15 09:41:56]   [emp_id: 4366] ✅ Updated: 67.39 → 68.14 (VALUE CHANGED)
[2026-04-15 09:41:56]   [emp_id: 4403] ✅ Updated: 93.22 → 93.97 (VALUE CHANGED)
[2026-04-15 09:41:56]   [emp_id: 4438] ✅ Updated: 28.89 → 29.64 (VALUE CHANGED)
[2026-04-15 09:41:56]   [emp_id: 4473] ✅ Updated: 52.47 → 53.22 (VALUE CHANGED)
[2026-04-15 09:41:56]   [emp_id: 4474] ✅ Updated: 13.96 → 14.49 (VALUE CHANGED)
[2026-04-15 09:41:56]   [emp_id: 4493] ✅ Updated: 171.31 → 172.06 (VALUE CHANGED)
[2026-04-15 09:41:56]   [emp_id: 4526] ✅ Updated: 43.56 → 44.31 (VALUE CHANGED)
[2026-04-15 09:41:56]   [emp_id: 4528] ✅ Updated: 115.31 → 116.06 (VALUE CHANGED)
[2026-04-15 09:41:56]   [emp_id: 4532] ✅ Updated: 9.44 → 9.97 (VALUE CHANGED)
[2026-04-15 09:41:56]   [emp_id: 4533] ✅ Updated: 26.63 → 27.38 (VALUE CHANGED)
[2026-04-15 09:41:56]   [emp_id: 4565] ✅ Updated: 21.01 → 21.54 (VALUE CHANGED)
[2026-04-15 09:41:56]   [emp_id: 4567] ✅ Updated: 25.26 → 25.79 (VALUE CHANGED)
[2026-04-15 09:41:56]   [emp_id: 4572] ✅ Updated: 64.76 → 65.29 (VALUE CHANGED)
[2026-04-15 09:41:56]   [emp_id: 4631] ✅ Updated: 21.01 → 21.54 (VALUE CHANGED)
[2026-04-15 09:41:57]   [emp_id: 4655] ✅ Updated: 32.64 → 33.39 (VALUE CHANGED)
[2026-04-15 09:41:57]   [emp_id: 4709] ✅ Updated: 47.89 → 48.64 (VALUE CHANGED)
[2026-04-15 09:41:57]   [emp_id: 4717] ✅ Updated: 73.89 → 74.64 (VALUE CHANGED)
[2026-04-15 09:41:57]   [emp_id: 4736] ✅ Updated: 0.81 → 1.56 (VALUE CHANGED)
[2026-04-15 09:41:57]   [emp_id: 4756] ✅ Updated: 17.45 → 17.98 (VALUE CHANGED)
[2026-04-15 09:41:57]   [emp_id: 4768] ✅ Updated: 21.39 → 22.14 (VALUE CHANGED)
[2026-04-15 09:41:57]   [emp_id: 4780] ✅ Updated: 71.18 → 71.71 (VALUE CHANGED)
[2026-04-15 09:41:57]   [emp_id: 4820] ✅ Updated: 106.72 → 107.47 (VALUE CHANGED)
[2026-04-15 09:41:57]   [emp_id: 4824] ✅ Updated: 9.9 → 10.65 (VALUE CHANGED)
[2026-04-15 09:41:57]   [emp_id: 4825] ✅ Updated: 38.47 → 39.22 (VALUE CHANGED)
[2026-04-15 09:41:57]   [emp_id: 4837] ✅ Updated: 51.17 → 51.7 (VALUE CHANGED)
[2026-04-15 09:41:57]   [emp_id: 4840] ✅ Updated: 51.17 → 51.7 (VALUE CHANGED)
[2026-04-15 09:41:57]   [emp_id: 4842] ✅ Updated: 4.41 → 4.94 (VALUE CHANGED)
[2026-04-15 09:41:57]   [emp_id: 4843] ✅ Updated: 50.94 → 51.47 (VALUE CHANGED)
[2026-04-15 09:41:57]   [emp_id: 4856] ✅ Updated: 48.08 → 48.61 (VALUE CHANGED)
[2026-04-15 09:41:57]   [emp_id: 4858] ✅ Updated: 27.78 → 28.31 (VALUE CHANGED)
[2026-04-15 09:41:57]   [emp_id: 4859] ✅ Updated: 49.25 → 49.78 (VALUE CHANGED)
[2026-04-15 09:41:57]   [emp_id: 4861] ✅ Updated: 47.21 → 47.74 (VALUE CHANGED)
[2026-04-15 09:41:57]   [emp_id: 4869] ✅ Updated: 90.09 → 90.62 (VALUE CHANGED)
[2026-04-15 09:41:57]   [emp_id: 4897] ✅ Updated: 28.99 → 29.52 (VALUE CHANGED)
[2026-04-15 09:41:57]   [emp_id: 4899] ✅ Updated: 25.16 → 25.69 (VALUE CHANGED)
[2026-04-15 09:41:57]   [emp_id: 4902] ✅ Updated: 24.58 → 25.11 (VALUE CHANGED)
[2026-04-15 09:41:57]   [emp_id: 4903] ✅ Updated: 26.8 → 27.33 (VALUE CHANGED)
[2026-04-15 09:41:57]   [emp_id: 4905] ✅ Updated: 25.46 → 25.99 (VALUE CHANGED)
[2026-04-15 09:41:57]   [emp_id: 4907] ✅ Updated: 55.47 → 56.22 (VALUE CHANGED)
[2026-04-15 09:41:57]   [emp_id: 4917] ✅ Updated: 22.42 → 22.95 (VALUE CHANGED)
[2026-04-15 09:41:57]   [emp_id: 4918] ✅ Updated: 12.19 → 12.72 (VALUE CHANGED)
[2026-04-15 09:41:57]   [emp_id: 4919] ✅ Updated: 64.48 → 65.01 (VALUE CHANGED)
[2026-04-15 09:41:57]   [emp_id: 4920] ✅ Updated: 11.56 → 12.09 (VALUE CHANGED)
[2026-04-15 09:41:57]   [emp_id: 4921] ✅ Updated: 0.65 → 1.12 (VALUE CHANGED)
[2026-04-15 09:41:57]   [emp_id: 4927] ✅ Updated: 22.48 → 23.01 (VALUE CHANGED)
[2026-04-15 09:41:57]   [emp_id: 4929] ✅ Updated: 24 → 24.53 (VALUE CHANGED)
[2026-04-15 09:41:57]   [emp_id: 4930] ✅ Updated: 64.77 → 65.3 (VALUE CHANGED)
[2026-04-15 09:41:57]   [emp_id: 4932] ✅ Updated: 22.77 → 23.3 (VALUE CHANGED)
[2026-04-15 09:41:57]   [emp_id: 4933] ✅ Updated: 26.18 → 26.71 (VALUE CHANGED)
[2026-04-15 09:41:57]   [emp_id: 4949] ✅ Updated: 29.61 → 30.14 (VALUE CHANGED)
[2026-04-15 09:41:58]   [emp_id: 4956] ✅ Updated: 35.2 → 35.73 (VALUE CHANGED)
[2026-04-15 09:41:58]   [emp_id: 4957] ✅ Updated: 27.87 → 28.4 (VALUE CHANGED)
[2026-04-15 09:41:58]   [emp_id: 4962] ✅ Updated: 47.83 → 48.5 (VALUE CHANGED)
[2026-04-15 09:41:58]   [emp_id: 4969] ✅ Updated: 54.14 → 54.89 (VALUE CHANGED)
[2026-04-15 09:41:58]   [emp_id: 4976] ✅ Updated: 15.89 → 16.42 (VALUE CHANGED)
[2026-04-15 09:41:58]   [emp_id: 4984] ✅ Updated: 45.39 → 46.14 (VALUE CHANGED)
[2026-04-15 09:41:58]   [emp_id: 4995] ✅ Updated: 57.46 → 58.21 (VALUE CHANGED)
[2026-04-15 09:41:58]   [emp_id: 5004] ✅ Updated: 32.83 → 33.36 (VALUE CHANGED)
[2026-04-15 09:41:58]   [emp_id: 5006] ✅ Updated: 32.57 → 33.1 (VALUE CHANGED)
[2026-04-15 09:41:58]   [emp_id: 5011] ✅ Updated: 13.24 → 13.99 (VALUE CHANGED)
[2026-04-15 09:41:58]   [emp_id: 5013] ✅ Updated: 72.94 → 73.47 (VALUE CHANGED)
[2026-04-15 09:41:58]   [emp_id: 5018] ✅ Updated: 9.43 → 9.96 (VALUE CHANGED)
[2026-04-15 09:41:58]   [emp_id: 5021] ✅ Updated: 67.49 → 68.24 (VALUE CHANGED)
[2026-04-15 09:41:58]   [emp_id: 5024] ✅ Updated: 7.45 → 7.98 (VALUE CHANGED)
[2026-04-15 09:41:58]   [emp_id: 5030] ✅ Updated: 37.4 → 37.93 (VALUE CHANGED)
[2026-04-15 09:41:58]   [emp_id: 5033] ✅ Updated: 16.2 → 16.73 (VALUE CHANGED)
[2026-04-15 09:41:58]   [emp_id: 5043] ✅ Updated: 38.06 → 38.81 (VALUE CHANGED)
[2026-04-15 09:41:58]   [emp_id: 5045] ✅ Updated: 4.56 → 5.31 (VALUE CHANGED)
[2026-04-15 09:41:58]   [emp_id: 5046] ✅ Updated: 29.75 → 30.5 (VALUE CHANGED)
[2026-04-15 09:41:58]   [emp_id: 5049] ✅ Updated: 4.38 → 4.91 (VALUE CHANGED)
[2026-04-15 09:41:58]   [emp_id: 5055] ✅ Updated: 24.6 → 25.13 (VALUE CHANGED)
[2026-04-15 09:41:58]   [emp_id: 5058] ✅ Updated: 29.52 → 30.05 (VALUE CHANGED)
[2026-04-15 09:41:58]   [emp_id: 5062] ✅ Updated: 45.41 → 45.94 (VALUE CHANGED)
[2026-04-15 09:41:58]   [emp_id: 5064] ✅ Updated: 125.39 → 126.14 (VALUE CHANGED)
[2026-04-15 09:41:58]   [emp_id: 5065] ✅ Updated: 44.82 → 45.35 (VALUE CHANGED)
[2026-04-15 09:41:58]   [emp_id: 5071] ✅ Updated: 30.89 → 31.64 (VALUE CHANGED)
[2026-04-15 09:41:58]   [emp_id: 5079] ✅ Updated: 39.98 → 40.51 (VALUE CHANGED)
[2026-04-15 09:41:58]   [emp_id: 5080] ✅ Updated: 21.25 → 21.78 (VALUE CHANGED)
[2026-04-15 09:41:58]   [emp_id: 5081] ✅ Updated: 21.57 → 22.1 (VALUE CHANGED)
[2026-04-15 09:41:58]   [emp_id: 5087] ✅ Updated: 41.61 → 42.14 (VALUE CHANGED)
[2026-04-15 09:41:58]   [emp_id: 5091] ✅ Updated: 81.46 → 81.99 (VALUE CHANGED)
[2026-04-15 09:41:59]   [emp_id: 5093] ✅ Updated: 22.06 → 22.81 (VALUE CHANGED)
[2026-04-15 09:41:59]   [emp_id: 5095] ✅ Updated: 7 → 7.53 (VALUE CHANGED)
[2026-04-15 09:41:59]   [emp_id: 5101] ✅ Updated: 24.14 → 24.89 (VALUE CHANGED)
[2026-04-15 09:41:59]   [emp_id: 5107] ✅ Updated: 22.47 → 23.22 (VALUE CHANGED)
[2026-04-15 09:41:59]   [emp_id: 5109] ✅ Updated: 19.72 → 20.47 (VALUE CHANGED)
[2026-04-15 09:41:59]   [emp_id: 5119] ✅ Updated: 17.89 → 18.64 (VALUE CHANGED)
[2026-04-15 09:41:59]   [emp_id: 5122] ✅ Updated: 14.06 → 14.81 (VALUE CHANGED)
[2026-04-15 09:41:59]   [emp_id: 5126] ✅ Updated: 32.34 → 32.87 (VALUE CHANGED)
[2026-04-15 09:41:59]   [emp_id: 5127] ✅ Updated: 29.13 → 29.66 (VALUE CHANGED)
[2026-04-15 09:41:59]   [emp_id: 5128] ✅ Updated: 32.28 → 32.81 (VALUE CHANGED)
[2026-04-15 09:41:59]   [emp_id: 5138] ✅ Updated: 57.72 → 58.47 (VALUE CHANGED)
[2026-04-15 09:41:59]   [emp_id: 5141] ✅ Updated: 40.65 → 41.18 (VALUE CHANGED)
[2026-04-15 09:41:59]   [emp_id: 5142] ✅ Updated: 9.65 → 10.18 (VALUE CHANGED)
[2026-04-15 09:41:59]   [emp_id: 5146] ✅ Updated: 26.65 → 27.18 (VALUE CHANGED)
[2026-04-15 09:41:59]   [emp_id: 5147] ✅ Updated: 25.65 → 26.18 (VALUE CHANGED)
[2026-04-15 09:41:59]   [emp_id: 5148] ✅ Updated: 31 → 31.53 (VALUE CHANGED)
[2026-04-15 09:41:59]   [emp_id: 5149] ✅ Updated: 29.89 → 30.42 (VALUE CHANGED)
[2026-04-15 09:41:59]   [emp_id: 5150] ✅ Updated: 29.25 → 29.78 (VALUE CHANGED)
[2026-04-15 09:41:59]   [emp_id: 5151] ✅ Updated: 29.07 → 29.6 (VALUE CHANGED)
[2026-04-15 09:41:59]   [emp_id: 5152] ✅ Updated: 9.49 → 10.02 (VALUE CHANGED)
[2026-04-15 09:41:59]   [emp_id: 5157] ✅ Updated: 29.07 → 29.6 (VALUE CHANGED)
[2026-04-15 09:41:59]   [emp_id: 5160] ✅ Updated: 29.07 → 29.6 (VALUE CHANGED)
[2026-04-15 09:41:59]   [emp_id: 5163] ✅ Updated: 26.86 → 27.39 (VALUE CHANGED)
[2026-04-15 09:41:59]   [emp_id: 5165] ✅ Updated: 9.16 → 9.91 (VALUE CHANGED)
[2026-04-15 09:41:59]   [emp_id: 5167] ✅ Updated: 36.01 → 36.54 (VALUE CHANGED)
[2026-04-15 09:41:59]   [emp_id: 5168] ✅ Updated: 28.55 → 29.08 (VALUE CHANGED)
[2026-04-15 09:41:59]   [emp_id: 5173] ✅ Updated: 32.81 → 33.56 (VALUE CHANGED)
[2026-04-15 09:41:59]   [emp_id: 5174] ✅ Updated: 29.01 → 29.54 (VALUE CHANGED)
[2026-04-15 09:41:59]   [emp_id: 5181] ✅ Updated: 25.4 → 25.93 (VALUE CHANGED)
[2026-04-15 09:41:59]   [emp_id: 5187] ✅ Updated: 41.93 → 42.46 (VALUE CHANGED)
[2026-04-15 09:41:59]   [emp_id: 5204] ✅ Updated: 22.31 → 23.06 (VALUE CHANGED)
[2026-04-15 09:41:59]   [emp_id: 5205] ✅ Updated: 14.14 → 14.67 (VALUE CHANGED)
[2026-04-15 09:41:59]   [emp_id: 5209] ✅ Updated: 10.14 → 10.67 (VALUE CHANGED)
[2026-04-15 09:41:59]   [emp_id: 5214] ✅ Updated: 4.39 → 4.92 (VALUE CHANGED)
[2026-04-15 09:41:59]   [emp_id: 5215] ✅ Updated: 16.14 → 16.67 (VALUE CHANGED)
[2026-04-15 09:41:59]   [emp_id: 5217] ✅ Updated: 5.14 → 5.67 (VALUE CHANGED)
[2026-04-15 09:42:00]   [emp_id: 5219] ✅ Updated: 16.08 → 16.61 (VALUE CHANGED)
[2026-04-15 09:42:00]   [emp_id: 5221] ✅ Updated: 5.45 → 5.98 (VALUE CHANGED)
[2026-04-15 09:42:00]   [emp_id: 5224] ✅ Updated: 17.14 → 17.67 (VALUE CHANGED)
[2026-04-15 09:42:00]   [emp_id: 5229] ✅ Updated: 4.08 → 4.61 (VALUE CHANGED)
[2026-04-15 09:42:00]   [emp_id: 5230] ✅ Updated: 14.81 → 15.34 (VALUE CHANGED)
[2026-04-15 09:42:00]   [emp_id: 5231] ✅ Updated: 7.08 → 7.61 (VALUE CHANGED)
[2026-04-15 09:42:00]   [emp_id: 5232] ✅ Updated: 6.14 → 6.67 (VALUE CHANGED)
[2026-04-15 09:42:00]   [emp_id: 5233] ✅ Updated: 10.14 → 10.67 (VALUE CHANGED)
[2026-04-15 09:42:00]   [emp_id: 5235] ✅ Updated: 1.58 → 2.11 (VALUE CHANGED)
[2026-04-15 09:42:00]   [emp_id: 5237] ✅ Updated: 8.33 → 8.86 (VALUE CHANGED)
[2026-04-15 09:42:00]   [emp_id: 5239] ✅ Updated: 8.14 → 8.67 (VALUE CHANGED)
[2026-04-15 09:42:00]   [emp_id: 5241] ✅ Updated: 11.14 → 11.67 (VALUE CHANGED)
[2026-04-15 09:42:00]   [emp_id: 5242] ✅ Updated: 21.14 → 21.67 (VALUE CHANGED)
[2026-04-15 09:42:00]   [emp_id: 5243] ✅ Updated: 3.55 → 4.08 (VALUE CHANGED)
[2026-04-15 09:42:00]   [emp_id: 5244] ✅ Updated: 2.58 → 3.11 (VALUE CHANGED)
[2026-04-15 09:42:00]   [emp_id: 5246] ✅ Updated: 15.14 → 15.67 (VALUE CHANGED)
[2026-04-15 09:42:00]   [emp_id: 5253] ✅ Updated: 27.01 → 27.54 (VALUE CHANGED)
[2026-04-15 09:42:00]   [emp_id: 5254] ✅ Updated: 6.99 → 7.52 (VALUE CHANGED)
[2026-04-15 09:42:00]   [emp_id: 5257] ✅ Updated: 17.7 → 18.23 (VALUE CHANGED)
[2026-04-15 09:42:00]   [emp_id: 5259] ✅ Updated: 54.23 → 54.76 (VALUE CHANGED)
[2026-04-15 09:42:00]   [emp_id: 5261] ✅ Updated: 14.82 → 15.49 (VALUE CHANGED)
[2026-04-15 09:42:00]   [emp_id: 5264] ✅ Updated: 19.71 → 20.24 (VALUE CHANGED)
[2026-04-15 09:42:00]   [emp_id: 5266] ✅ Updated: 21.33 → 21.86 (VALUE CHANGED)
[2026-04-15 09:42:00]   [emp_id: 5268] ✅ Updated: 14.9 → 15.43 (VALUE CHANGED)
[2026-04-15 09:42:00]   [emp_id: 5271] ✅ Updated: 13.56 → 14.09 (VALUE CHANGED)
[2026-04-15 09:42:00]   [emp_id: 5272] ✅ Updated: 14.43 → 14.96 (VALUE CHANGED)
[2026-04-15 09:42:00]   [emp_id: 5273] ✅ Updated: 29.5 → 30.03 (VALUE CHANGED)
[2026-04-15 09:42:00]   [emp_id: 5275] ✅ Updated: 15.25 → 15.78 (VALUE CHANGED)
[2026-04-15 09:42:00]   [emp_id: 5276] ✅ Updated: 17.52 → 18.05 (VALUE CHANGED)
[2026-04-15 09:42:00]   [emp_id: 5278] ✅ Updated: 13.91 → 14.44 (VALUE CHANGED)
[2026-04-15 09:42:00]   [emp_id: 5280] ✅ Updated: 13.25 → 13.78 (VALUE CHANGED)
[2026-04-15 09:42:00]   [emp_id: 5282] ✅ Updated: 16.3 → 17.05 (VALUE CHANGED)
[2026-04-15 09:42:00]   [emp_id: 5285] ✅ Updated: 34.31 → 34.84 (VALUE CHANGED)
[2026-04-15 09:42:00]   [emp_id: 5286] ✅ Updated: 21.31 → 21.84 (VALUE CHANGED)
[2026-04-15 09:42:00]   [emp_id: 5287] ✅ Updated: 55.61 → 56.14 (VALUE CHANGED)
[2026-04-15 09:42:00]   [emp_id: 5288] ✅ Updated: 12.88 → 13.41 (VALUE CHANGED)
[2026-04-15 09:42:01]   [emp_id: 5289] ✅ Updated: 54.16 → 54.69 (VALUE CHANGED)
[2026-04-15 09:42:01]   [emp_id: 5290] ✅ Updated: 52.93 → 53.46 (VALUE CHANGED)
[2026-04-15 09:42:01]   [emp_id: 5291] ✅ Updated: 10.93 → 11.46 (VALUE CHANGED)
[2026-04-15 09:42:01]   [emp_id: 5292] ✅ Updated: 10.87 → 11.4 (VALUE CHANGED)
[2026-04-15 09:42:01]   [emp_id: 5293] ✅ Updated: 15.65 → 16.4 (VALUE CHANGED)
[2026-04-15 09:42:01]   [emp_id: 5294] ✅ Updated: 15.31 → 16.06 (VALUE CHANGED)
[2026-04-15 09:42:01]   [emp_id: 5295] ✅ Updated: 25.11 → 25.64 (VALUE CHANGED)
[2026-04-15 09:42:01]   [emp_id: 5296] ✅ Updated: 21.92 → 22.67 (VALUE CHANGED)
[2026-04-15 09:42:01]   [emp_id: 5297] ✅ Updated: 50.53 → 51.06 (VALUE CHANGED)
[2026-04-15 09:42:01]   [emp_id: 5298] ✅ Updated: 6.53 → 7.06 (VALUE CHANGED)
[2026-04-15 09:42:01]   [emp_id: 5299] ✅ Updated: 51.53 → 52.06 (VALUE CHANGED)
[2026-04-15 09:42:01]   [emp_id: 5300] ✅ Updated: 51.53 → 52.06 (VALUE CHANGED)
[2026-04-15 09:42:01]   [emp_id: 5301] ✅ Updated: 9.35 → 9.88 (VALUE CHANGED)
[2026-04-15 09:42:01]   [emp_id: 5303] ✅ Updated: 9.78 → 10.31 (VALUE CHANGED)
[2026-04-15 09:42:01]   [emp_id: 5304] ✅ Updated: 6.53 → 7.06 (VALUE CHANGED)
[2026-04-15 09:42:01]   [emp_id: 5305] ✅ Updated: 9.53 → 10.06 (VALUE CHANGED)
[2026-04-15 09:42:01]   [emp_id: 5306] ✅ Updated: 51.24 → 51.77 (VALUE CHANGED)
[2026-04-15 09:42:01]   [emp_id: 5307] ✅ Updated: 51.24 → 51.77 (VALUE CHANGED)
[2026-04-15 09:42:01]   [emp_id: 5312] ✅ Updated: 5.58 → 6.11 (VALUE CHANGED)
[2026-04-15 09:42:01]   [emp_id: 5318] ✅ Updated: 26.95 → 27.48 (VALUE CHANGED)
[2026-04-15 09:42:01]   [emp_id: 5325] ✅ Updated: 6.98 → 7.51 (VALUE CHANGED)
[2026-04-15 09:42:01]   [emp_id: 5327] ✅ Updated: 7 → 7.53 (VALUE CHANGED)
[2026-04-15 09:42:01]   [emp_id: 5337] ✅ Updated: 38.22 → 38.97 (VALUE CHANGED)
[2026-04-15 09:42:01]   [emp_id: 5339] ✅ Updated: 16.1 → 16.63 (VALUE CHANGED)
[2026-04-15 09:42:01]   [emp_id: 5343] ✅ Updated: 53.14 → 53.89 (VALUE CHANGED)
[2026-04-15 09:42:01]   [emp_id: 5345] ✅ Updated: 22.97 → 23.72 (VALUE CHANGED)
[2026-04-15 09:42:01]   [emp_id: 5346] ✅ Updated: 7.82 → 8.35 (VALUE CHANGED)
[2026-04-15 09:42:01]   [emp_id: 5351] ✅ Updated: 22.76 → 23.29 (VALUE CHANGED)
[2026-04-15 09:42:01]   [emp_id: 5370] ✅ Updated: 16.41 → 16.94 (VALUE CHANGED)
[2026-04-15 09:42:01]   [emp_id: 5371] ✅ Updated: 15.14 → 15.89 (VALUE CHANGED)
[2026-04-15 09:42:01]   [emp_id: 5376] ✅ Updated: 5.95 → 6.48 (VALUE CHANGED)
[2026-04-15 09:42:01]   [emp_id: 5380] ✅ Updated: 22.42 → 22.95 (VALUE CHANGED)
[2026-04-15 09:42:01]   [emp_id: 5381] ✅ Updated: 15.57 → 16.32 (VALUE CHANGED)
[2026-04-15 09:42:01]   [emp_id: 5383] ✅ Updated: 22.97 → 23.72 (VALUE CHANGED)
[2026-04-15 09:42:02]   [emp_id: 5388] ✅ Updated: 33.2 → 33.73 (VALUE CHANGED)
[2026-04-15 09:42:02]   [emp_id: 5396] ✅ Updated: 9.38 → 9.91 (VALUE CHANGED)
[2026-04-15 09:42:02]   [emp_id: 5397] ✅ Updated: 25.9 → 26.43 (VALUE CHANGED)
[2026-04-15 09:42:02]   [emp_id: 5401] ✅ Updated: 29.01 → 29.54 (VALUE CHANGED)
[2026-04-15 09:42:02]   [emp_id: 5402] ✅ Updated: 29.13 → 29.66 (VALUE CHANGED)
[2026-04-15 09:42:02]   [emp_id: 5406] ✅ Updated: 22.85 → 23.38 (VALUE CHANGED)
[2026-04-15 09:42:02]   [emp_id: 5407] ✅ Updated: 19.74 → 20.49 (VALUE CHANGED)
[2026-04-15 09:42:02]   [emp_id: 5409] ✅ Updated: 22.19 → 22.72 (VALUE CHANGED)
[2026-04-15 09:42:02]   [emp_id: 5413] ✅ Updated: 36.14 → 36.89 (VALUE CHANGED)
[2026-04-15 09:42:02]   [emp_id: 5415] ✅ Updated: 11.74 → 12.49 (VALUE CHANGED)
[2026-04-15 09:42:02]   [emp_id: 5418] ✅ Updated: 3.25 → 3.78 (VALUE CHANGED)
[2026-04-15 09:42:02]   [emp_id: 5422] ✅ Updated: 28.47 → 29.22 (VALUE CHANGED)
[2026-04-15 09:42:02]   [emp_id: 5423] ✅ Updated: 8.16 → 8.91 (VALUE CHANGED)
[2026-04-15 09:42:02]   [emp_id: 5425] ✅ Updated: 19.8 → 20.33 (VALUE CHANGED)
[2026-04-15 09:42:02]   [emp_id: 5426] ✅ Updated: 9.71 → 10.46 (VALUE CHANGED)
[2026-04-15 09:42:02]   [emp_id: 5427] ✅ Updated: 19.91 → 20.44 (VALUE CHANGED)
[2026-04-15 09:42:02]   [emp_id: 5428] ✅ Updated: 19.8 → 20.33 (VALUE CHANGED)
[2026-04-15 09:42:02]   [emp_id: 5430] ✅ Updated: 25.53 → 26.28 (VALUE CHANGED)
[2026-04-15 09:42:02]   [emp_id: 5431] ✅ Updated: 18.92 → 19.45 (VALUE CHANGED)
[2026-04-15 09:42:02]   [emp_id: 5433] ✅ Updated: 18.94 → 19.47 (VALUE CHANGED)
[2026-04-15 09:42:02]   [emp_id: 5434] ✅ Updated: 18.69 → 19.22 (VALUE CHANGED)
[2026-04-15 09:42:02]   [emp_id: 5435] ✅ Updated: 18.63 → 19.16 (VALUE CHANGED)
[2026-04-15 09:42:02]   [emp_id: 5438] ✅ Updated: 23.39 → 24.14 (VALUE CHANGED)
[2026-04-15 09:42:02]   [emp_id: 5439] ✅ Updated: 32.89 → 33.64 (VALUE CHANGED)
[2026-04-15 09:42:02]   [emp_id: 5442] ✅ Updated: 20.89 → 21.64 (VALUE CHANGED)
[2026-04-15 09:42:02]   [emp_id: 5445] ✅ Updated: 13.09 → 13.62 (VALUE CHANGED)
[2026-04-15 09:42:02]   [emp_id: 5446] ✅ Updated: 13.09 → 13.62 (VALUE CHANGED)
[2026-04-15 09:42:02]   [emp_id: 5447] ✅ Updated: 13.03 → 13.56 (VALUE CHANGED)
[2026-04-15 09:42:02]   [emp_id: 5448] ✅ Updated: 10.02 → 10.77 (VALUE CHANGED)
[2026-04-15 09:42:02]   [emp_id: 5449] ✅ Updated: 9.11 → 9.64 (VALUE CHANGED)
[2026-04-15 09:42:02]   [emp_id: 5450] ✅ Updated: 11.05 → 11.58 (VALUE CHANGED)
[2026-04-15 09:42:02]   [emp_id: 5451] ✅ Updated: 11.05 → 11.58 (VALUE CHANGED)
[2026-04-15 09:42:02]   [emp_id: 5453] ✅ Updated: 10.89 → 11.42 (VALUE CHANGED)
[2026-04-15 09:42:03]   [emp_id: 5454] ✅ Updated: 11.97 → 12.72 (VALUE CHANGED)
[2026-04-15 09:42:03]   [emp_id: 5455] ✅ Updated: 4.22 → 4.97 (VALUE CHANGED)
[2026-04-15 09:42:03]   [emp_id: 5456] ✅ Updated: 3.22 → 3.97 (VALUE CHANGED)
[2026-04-15 09:42:03]   [emp_id: 5457] ✅ Updated: 10.14 → 10.67 (VALUE CHANGED)
[2026-04-15 09:42:03]   [emp_id: 5463] ✅ Updated: 12.2 → 12.95 (VALUE CHANGED)
[2026-04-15 09:42:03]   [emp_id: 5464] ✅ Updated: 12.2 → 12.95 (VALUE CHANGED)
[2026-04-15 09:42:03]   [emp_id: 5468] ✅ Updated: 7.82 → 8.57 (VALUE CHANGED)
[2026-04-15 09:42:03]   [emp_id: 5469] ✅ Updated: 7.73 → 8.48 (VALUE CHANGED)
[2026-04-15 09:42:03]   [emp_id: 5472] ✅ Updated: 5.54 → 6.29 (VALUE CHANGED)
[2026-04-15 09:42:03]   [emp_id: 5473] ✅ Updated: 4.45 → 5.2 (VALUE CHANGED)
[2026-04-15 09:42:03]   [emp_id: 5475] ✅ Updated: 3.7 → 4.45 (VALUE CHANGED)
[2026-04-15 09:42:03] Report saved to: D:\xampp\htdocs\almutlak\system/cron_logs/last_vacation_update_report.json
[2026-04-15 09:50:02] ========== CRON: Vacation Balance Update Started ==========
[2026-04-15 09:50:02] Force level: 2 (0=normal, 1=check missing, 2=full bypass)
[2026-04-15 09:50:02] Source: Browser (?force=2)
[2026-04-15 09:50:02] FORCE LEVEL 2: Full bypass - updating all balances AND last_updated
[2026-04-15 09:50:02] Database connection established
[2026-04-15 09:50:02] Running FORCE LEVEL 2: Force update mode
[2026-04-15 09:50:02]   [emp_id: 1061] ✅ Updated: 8.1 → 8.18 (VALUE CHANGED)
[2026-04-15 09:50:02]   [emp_id: 1496] ✅ Updated: 24.95 → 25.03 (VALUE CHANGED)
[2026-04-15 09:50:02]   [emp_id: 1500] ✅ Updated: 12.63 → 12.71 (VALUE CHANGED)
[2026-04-15 09:50:02]   [emp_id: 1673] ✅ Updated: 53.36 → 53.44 (VALUE CHANGED)
[2026-04-15 09:50:02]   [emp_id: 1685] ✅ Updated: 0.28 → 0.36 (VALUE CHANGED)
[2026-04-15 09:50:02]   [emp_id: 1764] ✅ Updated: 77.95 → 78.03 (VALUE CHANGED)
[2026-04-15 09:50:02]   [emp_id: 1805] ✅ Updated: 72.28 → 72.36 (VALUE CHANGED)
[2026-04-15 09:50:02]   [emp_id: 1822] ✅ Updated: 77.03 → 77.11 (VALUE CHANGED)
[2026-04-15 09:50:02]   [emp_id: 1837] ✅ Updated: 33.2 → 33.28 (VALUE CHANGED)
[2026-04-15 09:50:02]   [emp_id: 1857] ✅ Updated: 28.53 → 28.61 (VALUE CHANGED)
[2026-04-15 09:50:02]   [emp_id: 1861] ✅ Updated: 4.36 → 4.44 (VALUE CHANGED)
[2026-04-15 09:50:02]   [emp_id: 1872] ✅ Updated: 18.2 → 18.28 (VALUE CHANGED)
[2026-04-15 09:50:02]   [emp_id: 1897] ✅ Updated: 13.53 → 13.61 (VALUE CHANGED)
[2026-04-15 09:50:02]   [emp_id: 1916] ✅ Updated: 19.83 → 19.91 (VALUE CHANGED)
[2026-04-15 09:50:02]   [emp_id: 1928] ✅ Updated: 72.78 → 72.86 (VALUE CHANGED)
[2026-04-15 09:50:02]   [emp_id: 1931] ✅ Updated: 32.7 → 32.78 (VALUE CHANGED)
[2026-04-15 09:50:02]   [emp_id: 1944] ✅ Updated: 50.86 → 50.94 (VALUE CHANGED)
[2026-04-15 09:50:02]   [emp_id: 1996] ✅ Updated: 12.27 → 12.35 (VALUE CHANGED)
[2026-04-15 09:50:02]   [emp_id: 1997] ✅ Updated: 44.53 → 44.61 (VALUE CHANGED)
[2026-04-15 09:50:02]   [emp_id: 1998] ✅ Updated: 35.97 → 36.05 (VALUE CHANGED)
[2026-04-15 09:50:02]   [emp_id: 1999] ✅ Updated: 36.97 → 37.05 (VALUE CHANGED)
[2026-04-15 09:50:02]   [emp_id: 2009] ✅ Updated: 15.19 → 15.27 (VALUE CHANGED)
[2026-04-15 09:50:02]   [emp_id: 2048] ✅ Updated: 33.11 → 33.19 (VALUE CHANGED)
[2026-04-15 09:50:02]   [emp_id: 2057] ✅ Updated: 13.95 → 14.03 (VALUE CHANGED)
[2026-04-15 09:50:02]   [emp_id: 2079] ✅ Updated: 56.28 → 56.36 (VALUE CHANGED)
[2026-04-15 09:50:02]   [emp_id: 2181] ✅ Updated: 5.28 → 5.36 (VALUE CHANGED)
[2026-04-15 09:50:02]   [emp_id: 2190] ✅ Updated: 9.61 → 9.69 (VALUE CHANGED)
[2026-04-15 09:50:02]   [emp_id: 2212] ✅ Updated: 32.61 → 32.69 (VALUE CHANGED)
[2026-04-15 09:50:02]   [emp_id: 2226] ✅ Updated: 22.27 → 22.35 (VALUE CHANGED)
[2026-04-15 09:50:02]   [emp_id: 2238] ✅ Updated: 75.61 → 75.69 (VALUE CHANGED)
[2026-04-15 09:50:02]   [emp_id: 2285] ✅ Updated: 44.28 → 44.36 (VALUE CHANGED)
[2026-04-15 09:50:02]   [emp_id: 2287] ✅ Updated: 55.95 → 56.03 (VALUE CHANGED)
[2026-04-15 09:50:03]   [emp_id: 2288] ✅ Updated: 10.97 → 11.05 (VALUE CHANGED)
[2026-04-15 09:50:03]   [emp_id: 2316] ✅ Updated: 3.78 → 3.86 (VALUE CHANGED)
[2026-04-15 09:50:03]   [emp_id: 2337] ✅ Updated: 45.86 → 45.94 (VALUE CHANGED)
[2026-04-15 09:50:03]   [emp_id: 2352] ✅ Updated: 77.36 → 77.44 (VALUE CHANGED)
[2026-04-15 09:50:03]   [emp_id: 2358] ✅ Updated: 13.86 → 13.94 (VALUE CHANGED)
[2026-04-15 09:50:03]   [emp_id: 2361] ✅ Updated: 79.53 → 79.61 (VALUE CHANGED)
[2026-04-15 09:50:03]   [emp_id: 2363] ✅ Updated: 82.11 → 82.19 (VALUE CHANGED)
[2026-04-15 09:50:03]   [emp_id: 2364] ✅ Updated: 81.53 → 81.61 (VALUE CHANGED)
[2026-04-15 09:50:03]   [emp_id: 2367] ✅ Updated: 19.2 → 19.28 (VALUE CHANGED)
[2026-04-15 09:50:03]   [emp_id: 2368] ✅ Updated: 39.61 → 39.69 (VALUE CHANGED)
[2026-04-15 09:50:03]   [emp_id: 2372] ✅ Updated: 76.86 → 76.94 (VALUE CHANGED)
[2026-04-15 09:50:03]   [emp_id: 2376] ✅ Updated: 71.77 → 71.85 (VALUE CHANGED)
[2026-04-15 09:50:03]   [emp_id: 2423] ✅ Updated: 27.61 → 27.69 (VALUE CHANGED)
[2026-04-15 09:50:03]   [emp_id: 2519] ✅ Updated: 121.28 → 121.36 (VALUE CHANGED)
[2026-04-15 09:50:03]   [emp_id: 2522] ✅ Updated: 9.77 → 9.85 (VALUE CHANGED)
[2026-04-15 09:50:03]   [emp_id: 2530] ✅ Updated: 11.02 → 11.1 (VALUE CHANGED)
[2026-04-15 09:50:03]   [emp_id: 2539] ✅ Updated: 56.86 → 56.94 (VALUE CHANGED)
[2026-04-15 09:50:03]   [emp_id: 2541] ✅ Updated: 37.45 → 37.53 (VALUE CHANGED)
[2026-04-15 09:50:03]   [emp_id: 2550] ✅ Updated: 103.61 → 103.69 (VALUE CHANGED)
[2026-04-15 09:50:03]   [emp_id: 2553] ✅ Updated: 37.72 → 37.8 (VALUE CHANGED)
[2026-04-15 09:50:03]   [emp_id: 2554] ✅ Updated: 0.08 → 0.16 (VALUE CHANGED)
[2026-04-15 09:50:03]   [emp_id: 2565] ✅ Updated: 16.69 → 16.77 (VALUE CHANGED)
[2026-04-15 09:50:03]   [emp_id: 2572] ✅ Updated: 51.78 → 51.86 (VALUE CHANGED)
[2026-04-15 09:50:03]   [emp_id: 2637] ✅ Updated: 17.27 → 17.35 (VALUE CHANGED)
[2026-04-15 09:50:03]   [emp_id: 2642] ✅ Updated: 85.11 → 85.19 (VALUE CHANGED)
[2026-04-15 09:50:03]   [emp_id: 2645] ✅ Updated: 41.11 → 41.19 (VALUE CHANGED)
[2026-04-15 09:50:03]   [emp_id: 2648] ✅ Updated: 52.78 → 52.86 (VALUE CHANGED)
[2026-04-15 09:50:03]   [emp_id: 2654] ✅ Updated: 95.45 → 95.53 (VALUE CHANGED)
[2026-04-15 09:50:03]   [emp_id: 2688] ✅ Updated: 33.53 → 33.61 (VALUE CHANGED)
[2026-04-15 09:50:03]   [emp_id: 2690] ✅ Updated: 22.28 → 22.36 (VALUE CHANGED)
[2026-04-15 09:50:03]   [emp_id: 2709] ✅ Updated: 44.53 → 44.61 (VALUE CHANGED)
[2026-04-15 09:50:03]   [emp_id: 2745] ✅ Updated: 41.11 → 41.19 (VALUE CHANGED)
[2026-04-15 09:50:03]   [emp_id: 2843] ✅ Updated: 87.7 → 87.78 (VALUE CHANGED)
[2026-04-15 09:50:03]   [emp_id: 2854] ✅ Updated: 67.61 → 67.69 (VALUE CHANGED)
[2026-04-15 09:50:03]   [emp_id: 2869] ✅ Updated: 16.44 → 16.52 (VALUE CHANGED)
[2026-04-15 09:50:03]   [emp_id: 2876] ✅ Updated: 42.36 → 42.44 (VALUE CHANGED)
[2026-04-15 09:50:03]   [emp_id: 2924] ✅ Updated: 23.53 → 23.61 (VALUE CHANGED)
[2026-04-15 09:50:04]   [emp_id: 2953] ✅ Updated: 109.28 → 109.36 (VALUE CHANGED)
[2026-04-15 09:50:04]   [emp_id: 2961] ✅ Updated: 19.28 → 19.36 (VALUE CHANGED)
[2026-04-15 09:50:04]   [emp_id: 2975] ✅ Updated: 8.96 → 9.04 (VALUE CHANGED)
[2026-04-15 09:50:04]   [emp_id: 3013] ✅ Updated: 18.28 → 18.36 (VALUE CHANGED)
[2026-04-15 09:50:04]   [emp_id: 3014] ✅ Updated: 12.53 → 12.61 (VALUE CHANGED)
[2026-04-15 09:50:04]   [emp_id: 3015] ✅ Updated: 13.69 → 13.77 (VALUE CHANGED)
[2026-04-15 09:50:04]   [emp_id: 3018] ✅ Updated: 8.44 → 8.52 (VALUE CHANGED)
[2026-04-15 09:50:04]   [emp_id: 3025] ✅ Updated: 31.3 → 31.38 (VALUE CHANGED)
[2026-04-15 09:50:04]   [emp_id: 3037] ✅ Updated: 15.94 → 16.02 (VALUE CHANGED)
[2026-04-15 09:50:04]   [emp_id: 3047] ✅ Updated: 79.28 → 79.36 (VALUE CHANGED)
[2026-04-15 09:50:04]   [emp_id: 3061] ✅ Updated: 26.2 → 26.28 (VALUE CHANGED)
[2026-04-15 09:50:04]   [emp_id: 3062] ✅ Updated: 59.36 → 59.44 (VALUE CHANGED)
[2026-04-15 09:50:04]   [emp_id: 3074] ✅ Updated: 115.78 → 115.86 (VALUE CHANGED)
[2026-04-15 09:50:04]   [emp_id: 3089] ✅ Updated: 14.7 → 14.78 (VALUE CHANGED)
[2026-04-15 09:50:04]   [emp_id: 3090] ✅ Updated: 41.28 → 41.36 (VALUE CHANGED)
[2026-04-15 09:50:04]   [emp_id: 3091] ✅ Updated: 53.28 → 53.36 (VALUE CHANGED)
[2026-04-15 09:50:04]   [emp_id: 3092] ✅ Updated: 35.95 → 36.03 (VALUE CHANGED)
[2026-04-15 09:50:04]   [emp_id: 3105] ✅ Updated: 56.28 → 56.36 (VALUE CHANGED)
[2026-04-15 09:50:04]   [emp_id: 3134] ✅ Updated: 52.03 → 52.11 (VALUE CHANGED)
[2026-04-15 09:50:04]   [emp_id: 3140] ✅ Updated: 49.11 → 49.19 (VALUE CHANGED)
[2026-04-15 09:50:04]   [emp_id: 3144] ✅ Updated: 21.95 → 22.03 (VALUE CHANGED)
[2026-04-15 09:50:04]   [emp_id: 3156] ✅ Updated: 25.28 → 25.36 (VALUE CHANGED)
[2026-04-15 09:50:04]   [emp_id: 3162] ✅ Updated: 10.26 → 10.34 (VALUE CHANGED)
[2026-04-15 09:50:04]   [emp_id: 3163] ✅ Updated: 13.53 → 13.61 (VALUE CHANGED)
[2026-04-15 09:50:04]   [emp_id: 3198] ✅ Updated: 48.53 → 48.61 (VALUE CHANGED)
[2026-04-15 09:50:04]   [emp_id: 3205] ✅ Updated: 25.2 → 25.28 (VALUE CHANGED)
[2026-04-15 09:50:04]   [emp_id: 3209] ✅ Updated: 49.36 → 49.44 (VALUE CHANGED)
[2026-04-15 09:50:04]   [emp_id: 3223] ✅ Updated: 8.28 → 8.36 (VALUE CHANGED)
[2026-04-15 09:50:04]   [emp_id: 3224] ✅ Updated: 73.03 → 73.11 (VALUE CHANGED)
[2026-04-15 09:50:04]   [emp_id: 3230] ✅ Updated: 96.45 → 96.53 (VALUE CHANGED)
[2026-04-15 09:50:04]   [emp_id: 3231] ✅ Updated: 8.82 → 8.9 (VALUE CHANGED)
[2026-04-15 09:50:04]   [emp_id: 3233] ✅ Updated: 85.28 → 85.36 (VALUE CHANGED)
[2026-04-15 09:50:04]   [emp_id: 3249] ✅ Updated: 45.11 → 45.19 (VALUE CHANGED)
[2026-04-15 09:50:04]   [emp_id: 3250] ✅ Updated: 18.11 → 18.19 (VALUE CHANGED)
[2026-04-15 09:50:04]   [emp_id: 3252] ✅ Updated: 19.03 → 19.11 (VALUE CHANGED)
[2026-04-15 09:50:04]   [emp_id: 3254] ✅ Updated: 29.53 → 29.61 (VALUE CHANGED)
[2026-04-15 09:50:04]   [emp_id: 3255] ✅ Updated: 25.95 → 26.03 (VALUE CHANGED)
[2026-04-15 09:50:04]   [emp_id: 3256] ✅ Updated: 22.2 → 22.28 (VALUE CHANGED)
[2026-04-15 09:50:04]   [emp_id: 3263] ✅ Updated: 38.28 → 38.36 (VALUE CHANGED)
[2026-04-15 09:50:04]   [emp_id: 3265] ✅ Updated: 14.77 → 14.85 (VALUE CHANGED)
[2026-04-15 09:50:05]   [emp_id: 3280] ✅ Updated: 85.69 → 85.77 (VALUE CHANGED)
[2026-04-15 09:50:05]   [emp_id: 3286] ✅ Updated: 23.95 → 24.03 (VALUE CHANGED)
[2026-04-15 09:50:05]   [emp_id: 3294] ✅ Updated: 21.61 → 21.69 (VALUE CHANGED)
[2026-04-15 09:50:05]   [emp_id: 3321] ✅ Updated: 80.78 → 80.86 (VALUE CHANGED)
[2026-04-15 09:50:05]   [emp_id: 3325] ✅ Updated: 68.53 → 68.61 (VALUE CHANGED)
[2026-04-15 09:50:05]   [emp_id: 3329] ✅ Updated: 70.86 → 70.94 (VALUE CHANGED)
[2026-04-15 09:50:05]   [emp_id: 3330] ✅ Updated: 70.86 → 70.94 (VALUE CHANGED)
[2026-04-15 09:50:05]   [emp_id: 3332] ✅ Updated: 10.86 → 10.94 (VALUE CHANGED)
[2026-04-15 09:50:05]   [emp_id: 3384] ✅ Updated: 23.03 → 23.11 (VALUE CHANGED)
[2026-04-15 09:50:05]   [emp_id: 3386] ✅ Updated: 53.03 → 53.11 (VALUE CHANGED)
[2026-04-15 09:50:05]   [emp_id: 3431] ✅ Updated: 0.45 → 0.53 (VALUE CHANGED)
[2026-04-15 09:50:05]   [emp_id: 3497] ✅ Updated: 17.61 → 17.69 (VALUE CHANGED)
[2026-04-15 09:50:05]   [emp_id: 3532] ✅ Updated: 13.36 → 13.44 (VALUE CHANGED)
[2026-04-15 09:50:05]   [emp_id: 3602] ✅ Updated: 10.02 → 10.1 (VALUE CHANGED)
[2026-04-15 09:50:05]   [emp_id: 3618] ✅ Updated: 32 → 32.08 (VALUE CHANGED)
[2026-04-15 09:50:05]   [emp_id: 3622] ✅ Updated: 40.83 → 40.89 (VALUE CHANGED)
[2026-04-15 09:50:05]   [emp_id: 3627] ✅ Updated: 16.86 → 16.94 (VALUE CHANGED)
[2026-04-15 09:50:05]   [emp_id: 3665] ✅ Updated: 59.53 → 59.61 (VALUE CHANGED)
[2026-04-15 09:50:05]   [emp_id: 3705] ✅ Updated: 34.16 → 34.22 (VALUE CHANGED)
[2026-04-15 09:50:05]   [emp_id: 3724] ✅ Updated: 52.53 → 52.61 (VALUE CHANGED)
[2026-04-15 09:50:05]   [emp_id: 3726] ✅ Updated: 1.95 → 2.03 (VALUE CHANGED)
[2026-04-15 09:50:05]   [emp_id: 3727] ✅ Updated: 74.03 → 74.11 (VALUE CHANGED)
[2026-04-15 09:50:05]   [emp_id: 3728] ✅ Updated: 18.36 → 18.44 (VALUE CHANGED)
[2026-04-15 09:50:05]   [emp_id: 3767] ✅ Updated: 9.11 → 9.19 (VALUE CHANGED)
[2026-04-15 09:50:05]   [emp_id: 3768] ✅ Updated: 65.36 → 65.44 (VALUE CHANGED)
[2026-04-15 09:50:05]   [emp_id: 3787] ✅ Updated: 65.95 → 66.03 (VALUE CHANGED)
[2026-04-15 09:50:05]   [emp_id: 3790] ✅ Updated: 11.41 → 11.49 (VALUE CHANGED)
[2026-04-15 09:50:05]   [emp_id: 3795] ✅ Updated: 23.45 → 23.53 (VALUE CHANGED)
[2026-04-15 09:50:05]   [emp_id: 3798] ✅ Updated: 101.86 → 101.94 (VALUE CHANGED)
[2026-04-15 09:50:05]   [emp_id: 3801] ✅ Updated: 10.13 → 10.21 (VALUE CHANGED)
[2026-04-15 09:50:05]   [emp_id: 3802] ✅ Updated: 39.11 → 39.19 (VALUE CHANGED)
[2026-04-15 09:50:05]   [emp_id: 3803] ✅ Updated: 38.44 → 38.52 (VALUE CHANGED)
[2026-04-15 09:50:05]   [emp_id: 3810] ✅ Updated: 74.44 → 74.52 (VALUE CHANGED)
[2026-04-15 09:50:05]   [emp_id: 3812] ✅ Updated: 39.53 → 39.61 (VALUE CHANGED)
[2026-04-15 09:50:05]   [emp_id: 3815] ✅ Updated: 98.53 → 98.61 (VALUE CHANGED)
[2026-04-15 09:50:05]   [emp_id: 3836] ✅ Updated: 2.11 → 2.19 (VALUE CHANGED)
[2026-04-15 09:50:05]   [emp_id: 3855] ✅ Updated: 59.36 → 59.44 (VALUE CHANGED)
[2026-04-15 09:50:05]   [emp_id: 3857] ✅ Updated: 63.03 → 63.11 (VALUE CHANGED)
[2026-04-15 09:50:05]   [emp_id: 3866] ✅ Updated: 36.36 → 36.44 (VALUE CHANGED)
[2026-04-15 09:50:05]   [emp_id: 3876] ✅ Updated: 32.53 → 32.61 (VALUE CHANGED)
[2026-04-15 09:50:05]   [emp_id: 3877] ✅ Updated: 58.03 → 58.11 (VALUE CHANGED)
[2026-04-15 09:50:05]   [emp_id: 3899] ✅ Updated: 8.1 → 8.18 (VALUE CHANGED)
[2026-04-15 09:50:05]   [emp_id: 3928] ✅ Updated: 17.49 → 17.57 (VALUE CHANGED)
[2026-04-15 09:50:06]   [emp_id: 3929] ✅ Updated: 17.36 → 17.44 (VALUE CHANGED)
[2026-04-15 09:50:06]   [emp_id: 3935] ✅ Updated: 102.36 → 102.44 (VALUE CHANGED)
[2026-04-15 09:50:06]   [emp_id: 3952] ✅ Updated: 83.7 → 83.78 (VALUE CHANGED)
[2026-04-15 09:50:06]   [emp_id: 3987] ✅ Updated: 0.24 → 0.32 (VALUE CHANGED)
[2026-04-15 09:50:06]   [emp_id: 4059] ✅ Updated: 11.81 → 11.89 (VALUE CHANGED)
[2026-04-15 09:50:06]   [emp_id: 4119] ✅ Updated: 65.28 → 65.36 (VALUE CHANGED)
[2026-04-15 09:50:06]   [emp_id: 4120] ✅ Updated: 34.86 → 34.94 (VALUE CHANGED)
[2026-04-15 09:50:06]   [emp_id: 4124] ✅ Updated: 35.38 → 35.46 (VALUE CHANGED)
[2026-04-15 09:50:06]   [emp_id: 4133] ✅ Updated: 113.86 → 113.94 (VALUE CHANGED)
[2026-04-15 09:50:06]   [emp_id: 4134] ✅ Updated: 34.86 → 34.94 (VALUE CHANGED)
[2026-04-15 09:50:06]   [emp_id: 4136] ✅ Updated: 5.86 → 5.94 (VALUE CHANGED)
[2026-04-15 09:50:06]   [emp_id: 4150] ✅ Updated: 3.53 → 3.61 (VALUE CHANGED)
[2026-04-15 09:50:06]   [emp_id: 4157] ✅ Updated: 27.03 → 27.11 (VALUE CHANGED)
[2026-04-15 09:50:06]   [emp_id: 4172] ✅ Updated: 18.74 → 18.8 (VALUE CHANGED)
[2026-04-15 09:50:06]   [emp_id: 4195] ✅ Updated: 70.61 → 70.69 (VALUE CHANGED)
[2026-04-15 09:50:06]   [emp_id: 4220] ✅ Updated: 3.86 → 3.94 (VALUE CHANGED)
[2026-04-15 09:50:06]   [emp_id: 4273] ✅ Updated: 17.53 → 17.61 (VALUE CHANGED)
[2026-04-15 09:50:06]   [emp_id: 4283] ✅ Updated: 9.58 → 9.66 (VALUE CHANGED)
[2026-04-15 09:50:06]   [emp_id: 4288] ✅ Updated: 20.68 → 20.76 (VALUE CHANGED)
[2026-04-15 09:50:06]   [emp_id: 4315] ✅ Updated: 20.78 → 20.86 (VALUE CHANGED)
[2026-04-15 09:50:06]   [emp_id: 4328] ✅ Updated: 48.66 → 48.72 (VALUE CHANGED)
[2026-04-15 09:50:06]   [emp_id: 4329] ✅ Updated: 13.95 → 14.03 (VALUE CHANGED)
[2026-04-15 09:50:06]   [emp_id: 4338] ✅ Updated: 55.53 → 55.61 (VALUE CHANGED)
[2026-04-15 09:50:06]   [emp_id: 4340] ✅ Updated: 122.44 → 122.52 (VALUE CHANGED)
[2026-04-15 09:50:06]   [emp_id: 4365] ✅ Updated: 5.95 → 6.03 (VALUE CHANGED)
[2026-04-15 09:50:06]   [emp_id: 4366] ✅ Updated: 68.03 → 68.11 (VALUE CHANGED)
[2026-04-15 09:50:06]   [emp_id: 4403] ✅ Updated: 93.86 → 93.94 (VALUE CHANGED)
[2026-04-15 09:50:06]   [emp_id: 4438] ✅ Updated: 29.53 → 29.61 (VALUE CHANGED)
[2026-04-15 09:50:06]   [emp_id: 4473] ✅ Updated: 53.11 → 53.19 (VALUE CHANGED)
[2026-04-15 09:50:06]   [emp_id: 4474] ✅ Updated: 14.44 → 14.5 (VALUE CHANGED)
[2026-04-15 09:50:06]   [emp_id: 4493] ✅ Updated: 171.95 → 172.03 (VALUE CHANGED)
[2026-04-15 09:50:06]   [emp_id: 4526] ✅ Updated: 44.2 → 44.28 (VALUE CHANGED)
[2026-04-15 09:50:06]   [emp_id: 4528] ✅ Updated: 115.95 → 116.03 (VALUE CHANGED)
[2026-04-15 09:50:06]   [emp_id: 4532] ✅ Updated: 9.92 → 9.98 (VALUE CHANGED)
[2026-04-15 09:50:06]   [emp_id: 4533] ✅ Updated: 27.27 → 27.35 (VALUE CHANGED)
[2026-04-15 09:50:06]   [emp_id: 4565] ✅ Updated: 21.49 → 21.55 (VALUE CHANGED)
[2026-04-15 09:50:06]   [emp_id: 4567] ✅ Updated: 25.74 → 25.8 (VALUE CHANGED)
[2026-04-15 09:50:06]   [emp_id: 4572] ✅ Updated: 65.24 → 65.3 (VALUE CHANGED)
[2026-04-15 09:50:06]   [emp_id: 4631] ✅ Updated: 21.49 → 21.55 (VALUE CHANGED)
[2026-04-15 09:50:06]   [emp_id: 4655] ✅ Updated: 33.28 → 33.36 (VALUE CHANGED)
[2026-04-15 09:50:06]   [emp_id: 4709] ✅ Updated: 48.53 → 48.61 (VALUE CHANGED)
[2026-04-15 09:50:06]   [emp_id: 4717] ✅ Updated: 74.53 → 74.61 (VALUE CHANGED)
[2026-04-15 09:50:06]   [emp_id: 4736] ✅ Updated: 1.45 → 1.53 (VALUE CHANGED)
[2026-04-15 09:50:06]   [emp_id: 4756] ✅ Updated: 17.93 → 17.99 (VALUE CHANGED)
[2026-04-15 09:50:07]   [emp_id: 4768] ✅ Updated: 22.03 → 22.11 (VALUE CHANGED)
[2026-04-15 09:50:07]   [emp_id: 4780] ✅ Updated: 71.66 → 71.72 (VALUE CHANGED)
[2026-04-15 09:50:07]   [emp_id: 4820] ✅ Updated: 107.36 → 107.44 (VALUE CHANGED)
[2026-04-15 09:50:07]   [emp_id: 4824] ✅ Updated: 10.54 → 10.62 (VALUE CHANGED)
[2026-04-15 09:50:07]   [emp_id: 4825] ✅ Updated: 39.11 → 39.19 (VALUE CHANGED)
[2026-04-15 09:50:07]   [emp_id: 4837] ✅ Updated: 51.65 → 51.71 (VALUE CHANGED)
[2026-04-15 09:50:07]   [emp_id: 4840] ✅ Updated: 51.65 → 51.71 (VALUE CHANGED)
[2026-04-15 09:50:07]   [emp_id: 4842] ✅ Updated: 4.89 → 4.95 (VALUE CHANGED)
[2026-04-15 09:50:07]   [emp_id: 4843] ✅ Updated: 51.42 → 51.48 (VALUE CHANGED)
[2026-04-15 09:50:07]   [emp_id: 4856] ✅ Updated: 48.56 → 48.62 (VALUE CHANGED)
[2026-04-15 09:50:07]   [emp_id: 4858] ✅ Updated: 28.26 → 28.32 (VALUE CHANGED)
[2026-04-15 09:50:07]   [emp_id: 4859] ✅ Updated: 49.73 → 49.79 (VALUE CHANGED)
[2026-04-15 09:50:07]   [emp_id: 4861] ✅ Updated: 47.69 → 47.75 (VALUE CHANGED)
[2026-04-15 09:50:07]   [emp_id: 4869] ✅ Updated: 90.57 → 90.63 (VALUE CHANGED)
[2026-04-15 09:50:07]   [emp_id: 4897] ✅ Updated: 29.47 → 29.53 (VALUE CHANGED)
[2026-04-15 09:50:07]   [emp_id: 4899] ✅ Updated: 25.64 → 25.7 (VALUE CHANGED)
[2026-04-15 09:50:07]   [emp_id: 4902] ✅ Updated: 25.06 → 25.12 (VALUE CHANGED)
[2026-04-15 09:50:07]   [emp_id: 4903] ✅ Updated: 27.28 → 27.34 (VALUE CHANGED)
[2026-04-15 09:50:07]   [emp_id: 4905] ✅ Updated: 25.94 → 26 (VALUE CHANGED)
[2026-04-15 09:50:07]   [emp_id: 4907] ✅ Updated: 56.11 → 56.19 (VALUE CHANGED)
[2026-04-15 09:50:07]   [emp_id: 4917] ✅ Updated: 22.9 → 22.96 (VALUE CHANGED)
[2026-04-15 09:50:07]   [emp_id: 4918] ✅ Updated: 12.67 → 12.73 (VALUE CHANGED)
[2026-04-15 09:50:07]   [emp_id: 4919] ✅ Updated: 64.96 → 65.02 (VALUE CHANGED)
[2026-04-15 09:50:07]   [emp_id: 4920] ✅ Updated: 12.04 → 12.1 (VALUE CHANGED)
[2026-04-15 09:50:07]   [emp_id: 4921] ✅ Updated: 0.12 → 0.18 (VALUE CHANGED)
[2026-04-15 09:50:07]   [emp_id: 4927] ✅ Updated: 22.96 → 23.02 (VALUE CHANGED)
[2026-04-15 09:50:07]   [emp_id: 4929] ✅ Updated: 24.48 → 24.54 (VALUE CHANGED)
[2026-04-15 09:50:07]   [emp_id: 4930] ✅ Updated: 65.25 → 65.31 (VALUE CHANGED)
[2026-04-15 09:50:07]   [emp_id: 4932] ✅ Updated: 23.25 → 23.31 (VALUE CHANGED)
[2026-04-15 09:50:07]   [emp_id: 4933] ✅ Updated: 26.66 → 26.72 (VALUE CHANGED)
[2026-04-15 09:50:07]   [emp_id: 4949] ✅ Updated: 30.09 → 30.15 (VALUE CHANGED)
[2026-04-15 09:50:07]   [emp_id: 4956] ✅ Updated: 35.68 → 35.74 (VALUE CHANGED)
[2026-04-15 09:50:07]   [emp_id: 4957] ✅ Updated: 28.35 → 28.41 (VALUE CHANGED)
[2026-04-15 09:50:07]   [emp_id: 4962] ✅ Updated: 44.47 → 44.55 (VALUE CHANGED)
[2026-04-15 09:50:07]   [emp_id: 4969] ✅ Updated: 54.78 → 54.86 (VALUE CHANGED)
[2026-04-15 09:50:07]   [emp_id: 4976] ✅ Updated: 16.37 → 16.43 (VALUE CHANGED)
[2026-04-15 09:50:07]   [emp_id: 4984] ✅ Updated: 46.03 → 46.11 (VALUE CHANGED)
[2026-04-15 09:50:07]   [emp_id: 4995] ✅ Updated: 58.1 → 58.18 (VALUE CHANGED)
[2026-04-15 09:50:07]   [emp_id: 5004] ✅ Updated: 33.31 → 33.37 (VALUE CHANGED)
[2026-04-15 09:50:07]   [emp_id: 5006] ✅ Updated: 33.05 → 33.11 (VALUE CHANGED)
[2026-04-15 09:50:07]   [emp_id: 5011] ✅ Updated: 13.88 → 13.96 (VALUE CHANGED)
[2026-04-15 09:50:07]   [emp_id: 5013] ✅ Updated: 73.42 → 73.48 (VALUE CHANGED)
[2026-04-15 09:50:07]   [emp_id: 5018] ✅ Updated: 9.91 → 9.97 (VALUE CHANGED)
[2026-04-15 09:50:08]   [emp_id: 5021] ✅ Updated: 68.13 → 68.21 (VALUE CHANGED)
[2026-04-15 09:50:08]   [emp_id: 5024] ✅ Updated: 7.93 → 7.99 (VALUE CHANGED)
[2026-04-15 09:50:08]   [emp_id: 5030] ✅ Updated: 37.88 → 37.94 (VALUE CHANGED)
[2026-04-15 09:50:08]   [emp_id: 5033] ✅ Updated: 16.68 → 16.74 (VALUE CHANGED)
[2026-04-15 09:50:08]   [emp_id: 5043] ✅ Updated: 38.7 → 38.78 (VALUE CHANGED)
[2026-04-15 09:50:08]   [emp_id: 5045] ✅ Updated: 5.2 → 5.28 (VALUE CHANGED)
[2026-04-15 09:50:08]   [emp_id: 5046] ✅ Updated: 30.39 → 30.47 (VALUE CHANGED)
[2026-04-15 09:50:08]   [emp_id: 5049] ✅ Updated: 4.86 → 4.92 (VALUE CHANGED)
[2026-04-15 09:50:08]   [emp_id: 5055] ✅ Updated: 25.08 → 25.14 (VALUE CHANGED)
[2026-04-15 09:50:08]   [emp_id: 5058] ✅ Updated: 30 → 30.06 (VALUE CHANGED)
[2026-04-15 09:50:08]   [emp_id: 5062] ✅ Updated: 45.89 → 45.95 (VALUE CHANGED)
[2026-04-15 09:50:08]   [emp_id: 5064] ✅ Updated: 126.03 → 126.11 (VALUE CHANGED)
[2026-04-15 09:50:08]   [emp_id: 5065] ✅ Updated: 45.3 → 45.36 (VALUE CHANGED)
[2026-04-15 09:50:08]   [emp_id: 5071] ✅ Updated: 1.53 → 1.61 (VALUE CHANGED)
[2026-04-15 09:50:08]   [emp_id: 5079] ✅ Updated: 40.46 → 40.52 (VALUE CHANGED)
[2026-04-15 09:50:08]   [emp_id: 5080] ✅ Updated: 21.73 → 21.79 (VALUE CHANGED)
[2026-04-15 09:50:08]   [emp_id: 5081] ✅ Updated: 22.05 → 22.11 (VALUE CHANGED)
[2026-04-15 09:50:08]   [emp_id: 5087] ✅ Updated: 42.03 → 42.15 (VALUE CHANGED)
[2026-04-15 09:50:08]   [emp_id: 5091] ✅ Updated: 81.94 → 82 (VALUE CHANGED)
[2026-04-15 09:50:08]   [emp_id: 5093] ✅ Updated: 22.7 → 22.78 (VALUE CHANGED)
[2026-04-15 09:50:08]   [emp_id: 5095] ✅ Updated: 7.48 → 7.54 (VALUE CHANGED)
[2026-04-15 09:50:08]   [emp_id: 5101] ✅ Updated: 24.78 → 24.86 (VALUE CHANGED)
[2026-04-15 09:50:08]   [emp_id: 5107] ✅ Updated: 23.11 → 23.19 (VALUE CHANGED)
[2026-04-15 09:50:08]   [emp_id: 5109] ✅ Updated: 20.36 → 20.44 (VALUE CHANGED)
[2026-04-15 09:50:08]   [emp_id: 5119] ✅ Updated: 18.53 → 18.61 (VALUE CHANGED)
[2026-04-15 09:50:08]   [emp_id: 5122] ✅ Updated: 14.7 → 14.78 (VALUE CHANGED)
[2026-04-15 09:50:08]   [emp_id: 5126] ✅ Updated: 32.82 → 32.88 (VALUE CHANGED)
[2026-04-15 09:50:08]   [emp_id: 5127] ✅ Updated: 29.61 → 29.67 (VALUE CHANGED)
[2026-04-15 09:50:08]   [emp_id: 5128] ✅ Updated: 32.76 → 32.82 (VALUE CHANGED)
[2026-04-15 09:50:08]   [emp_id: 5138] ✅ Updated: 58.36 → 58.44 (VALUE CHANGED)
[2026-04-15 09:50:08]   [emp_id: 5141] ✅ Updated: 41.13 → 41.19 (VALUE CHANGED)
[2026-04-15 09:50:08]   [emp_id: 5142] ✅ Updated: 10.13 → 10.19 (VALUE CHANGED)
[2026-04-15 09:50:08]   [emp_id: 5146] ✅ Updated: 27.13 → 27.19 (VALUE CHANGED)
[2026-04-15 09:50:08]   [emp_id: 5147] ✅ Updated: 26.13 → 26.19 (VALUE CHANGED)
[2026-04-15 09:50:08]   [emp_id: 5148] ✅ Updated: 31.48 → 31.54 (VALUE CHANGED)
[2026-04-15 09:50:08]   [emp_id: 5149] ✅ Updated: 30.37 → 30.43 (VALUE CHANGED)
[2026-04-15 09:50:08]   [emp_id: 5150] ✅ Updated: 29.73 → 29.79 (VALUE CHANGED)
[2026-04-15 09:50:08]   [emp_id: 5151] ✅ Updated: 29.55 → 29.61 (VALUE CHANGED)
[2026-04-15 09:50:08]   [emp_id: 5152] ✅ Updated: 9.97 → 10.03 (VALUE CHANGED)
[2026-04-15 09:50:08]   [emp_id: 5157] ✅ Updated: 29.55 → 29.61 (VALUE CHANGED)
[2026-04-15 09:50:08]   [emp_id: 5160] ✅ Updated: 29.55 → 29.61 (VALUE CHANGED)
[2026-04-15 09:50:08]   [emp_id: 5163] ✅ Updated: 27.34 → 27.4 (VALUE CHANGED)
[2026-04-15 09:50:08]   [emp_id: 5165] ✅ Updated: 9.8 → 9.88 (VALUE CHANGED)
[2026-04-15 09:50:08]   [emp_id: 5167] ✅ Updated: 36.49 → 36.55 (VALUE CHANGED)
[2026-04-15 09:50:09]   [emp_id: 5168] ✅ Updated: 29.03 → 29.09 (VALUE CHANGED)
[2026-04-15 09:50:09]   [emp_id: 5173] ✅ Updated: 33.45 → 33.53 (VALUE CHANGED)
[2026-04-15 09:50:09]   [emp_id: 5174] ✅ Updated: 29.49 → 29.55 (VALUE CHANGED)
[2026-04-15 09:50:09]   [emp_id: 5181] ✅ Updated: 0.88 → 0.94 (VALUE CHANGED)
[2026-04-15 09:50:09]   [emp_id: 5187] ✅ Updated: 42.41 → 42.47 (VALUE CHANGED)
[2026-04-15 09:50:09]   [emp_id: 5204] ✅ Updated: 22.95 → 23.03 (VALUE CHANGED)
[2026-04-15 09:50:09]   [emp_id: 5205] ✅ Updated: 14.62 → 14.68 (VALUE CHANGED)
[2026-04-15 09:50:09]   [emp_id: 5209] ✅ Updated: 10.62 → 10.68 (VALUE CHANGED)
[2026-04-15 09:50:09]   [emp_id: 5214] ✅ Updated: 4.87 → 4.93 (VALUE CHANGED)
[2026-04-15 09:50:09]   [emp_id: 5215] ✅ Updated: 16.62 → 16.68 (VALUE CHANGED)
[2026-04-15 09:50:09]   [emp_id: 5217] ✅ Updated: 5.62 → 5.68 (VALUE CHANGED)
[2026-04-15 09:50:09]   [emp_id: 5219] ✅ Updated: 16.56 → 16.62 (VALUE CHANGED)
[2026-04-15 09:50:09]   [emp_id: 5221] ✅ Updated: 5.93 → 5.99 (VALUE CHANGED)
[2026-04-15 09:50:09]   [emp_id: 5224] ✅ Updated: 14.62 → 14.68 (VALUE CHANGED)
[2026-04-15 09:50:09]   [emp_id: 5229] ✅ Updated: 0.56 → 0.62 (VALUE CHANGED)
[2026-04-15 09:50:09]   [emp_id: 5230] ✅ Updated: 9.29 → 9.35 (VALUE CHANGED)
[2026-04-15 09:50:09]   [emp_id: 5231] ✅ Updated: 7.56 → 7.62 (VALUE CHANGED)
[2026-04-15 09:50:09]   [emp_id: 5232] ✅ Updated: 6.62 → 6.68 (VALUE CHANGED)
[2026-04-15 09:50:09]   [emp_id: 5233] ✅ Updated: 10.62 → 10.68 (VALUE CHANGED)
[2026-04-15 09:50:09]   [emp_id: 5235] ✅ Updated: 0.12 → 0.18 (VALUE CHANGED)
[2026-04-15 09:50:09]   [emp_id: 5237] ✅ Updated: 8.81 → 8.87 (VALUE CHANGED)
[2026-04-15 09:50:09]   [emp_id: 5239] ✅ Updated: 8.62 → 8.68 (VALUE CHANGED)
[2026-04-15 09:50:09]   [emp_id: 5241] ✅ Updated: 11.62 → 11.68 (VALUE CHANGED)
[2026-04-15 09:50:09]   [emp_id: 5242] ✅ Updated: 21.62 → 21.68 (VALUE CHANGED)
[2026-04-15 09:50:09]   [emp_id: 5243] ✅ Updated: 1.03 → 1.09 (VALUE CHANGED)
[2026-04-15 09:50:09]   [emp_id: 5244] ✅ Updated: 3.06 → 3.12 (VALUE CHANGED)
[2026-04-15 09:50:09]   [emp_id: 5246] ✅ Updated: 10.62 → 10.68 (VALUE CHANGED)
[2026-04-15 09:50:09]   [emp_id: 5253] ✅ Updated: 27.49 → 27.55 (VALUE CHANGED)
[2026-04-15 09:50:09]   [emp_id: 5254] ✅ Updated: 7.47 → 7.53 (VALUE CHANGED)
[2026-04-15 09:50:09]   [emp_id: 5257] ✅ Updated: 18.18 → 18.24 (VALUE CHANGED)
[2026-04-15 09:50:09]   [emp_id: 5259] ✅ Updated: 54.71 → 54.77 (VALUE CHANGED)
[2026-04-15 09:50:09]   [emp_id: 5261] ✅ Updated: 15.46 → 15.54 (VALUE CHANGED)
[2026-04-15 09:50:09]   [emp_id: 5264] ✅ Updated: 20.19 → 20.25 (VALUE CHANGED)
[2026-04-15 09:50:09]   [emp_id: 5266] ✅ Updated: 21.81 → 21.87 (VALUE CHANGED)
[2026-04-15 09:50:09]   [emp_id: 5268] ✅ Updated: 15.38 → 15.44 (VALUE CHANGED)
[2026-04-15 09:50:09]   [emp_id: 5271] ✅ Updated: 14.04 → 14.1 (VALUE CHANGED)
[2026-04-15 09:50:09]   [emp_id: 5272] ✅ Updated: 14.91 → 14.97 (VALUE CHANGED)
[2026-04-15 09:50:09]   [emp_id: 5273] ✅ Updated: 29.98 → 30.04 (VALUE CHANGED)
[2026-04-15 09:50:09]   [emp_id: 5275] ✅ Updated: 15.73 → 15.79 (VALUE CHANGED)
[2026-04-15 09:50:09]   [emp_id: 5276] ✅ Updated: 18 → 18.06 (VALUE CHANGED)
[2026-04-15 09:50:09]   [emp_id: 5278] ✅ Updated: 14.39 → 14.45 (VALUE CHANGED)
[2026-04-15 09:50:09]   [emp_id: 5280] ✅ Updated: 13.73 → 13.79 (VALUE CHANGED)
[2026-04-15 09:50:09]   [emp_id: 5282] ✅ Updated: 16.94 → 17.02 (VALUE CHANGED)
[2026-04-15 09:50:09]   [emp_id: 5285] ✅ Updated: 34.79 → 34.85 (VALUE CHANGED)
[2026-04-15 09:50:10]   [emp_id: 5286] ✅ Updated: 21.79 → 21.85 (VALUE CHANGED)
[2026-04-15 09:50:10]   [emp_id: 5287] ✅ Updated: 56.09 → 56.15 (VALUE CHANGED)
[2026-04-15 09:50:10]   [emp_id: 5288] ✅ Updated: 13.36 → 13.42 (VALUE CHANGED)
[2026-04-15 09:50:10]   [emp_id: 5289] ✅ Updated: 54.64 → 54.7 (VALUE CHANGED)
[2026-04-15 09:50:10]   [emp_id: 5290] ✅ Updated: 53.41 → 53.47 (VALUE CHANGED)
[2026-04-15 09:50:10]   [emp_id: 5291] ✅ Updated: 11.41 → 11.47 (VALUE CHANGED)
[2026-04-15 09:50:10]   [emp_id: 5292] ✅ Updated: 11.35 → 11.41 (VALUE CHANGED)
[2026-04-15 09:50:10]   [emp_id: 5293] ✅ Updated: 16.29 → 16.37 (VALUE CHANGED)
[2026-04-15 09:50:10]   [emp_id: 5294] ✅ Updated: 15.95 → 16.03 (VALUE CHANGED)
[2026-04-15 09:50:10]   [emp_id: 5295] ✅ Updated: 25.59 → 25.65 (VALUE CHANGED)
[2026-04-15 09:50:10]   [emp_id: 5296] ✅ Updated: 22.56 → 22.64 (VALUE CHANGED)
[2026-04-15 09:50:10]   [emp_id: 5297] ✅ Updated: 51.01 → 51.07 (VALUE CHANGED)
[2026-04-15 09:50:10]   [emp_id: 5298] ✅ Updated: 7.01 → 7.07 (VALUE CHANGED)
[2026-04-15 09:50:10]   [emp_id: 5299] ✅ Updated: 52.01 → 52.07 (VALUE CHANGED)
[2026-04-15 09:50:10]   [emp_id: 5300] ✅ Updated: 52.01 → 52.07 (VALUE CHANGED)
[2026-04-15 09:50:10]   [emp_id: 5301] ✅ Updated: 9.83 → 9.89 (VALUE CHANGED)
[2026-04-15 09:50:10]   [emp_id: 5303] ✅ Updated: 10.26 → 10.32 (VALUE CHANGED)
[2026-04-15 09:50:10]   [emp_id: 5304] ✅ Updated: 7.01 → 7.07 (VALUE CHANGED)
[2026-04-15 09:50:10]   [emp_id: 5305] ✅ Updated: 10.01 → 10.07 (VALUE CHANGED)
[2026-04-15 09:50:10]   [emp_id: 5306] ✅ Updated: 51.72 → 51.78 (VALUE CHANGED)
[2026-04-15 09:50:10]   [emp_id: 5307] ✅ Updated: 51.72 → 51.78 (VALUE CHANGED)
[2026-04-15 09:50:10]   [emp_id: 5312] ✅ Updated: 6.06 → 6.12 (VALUE CHANGED)
[2026-04-15 09:50:10]   [emp_id: 5318] ✅ Updated: 27.43 → 27.49 (VALUE CHANGED)
[2026-04-15 09:50:10]   [emp_id: 5325] ✅ Updated: 7.46 → 7.52 (VALUE CHANGED)
[2026-04-15 09:50:10]   [emp_id: 5327] ✅ Updated: 7.48 → 7.54 (VALUE CHANGED)
[2026-04-15 09:50:10]   [emp_id: 5337] ✅ Updated: 38.86 → 38.94 (VALUE CHANGED)
[2026-04-15 09:50:10]   [emp_id: 5339] ✅ Updated: 16.58 → 16.64 (VALUE CHANGED)
[2026-04-15 09:50:10]   [emp_id: 5343] ✅ Updated: 53.78 → 53.86 (VALUE CHANGED)
[2026-04-15 09:50:10]   [emp_id: 5345] ✅ Updated: 23.61 → 23.69 (VALUE CHANGED)
[2026-04-15 09:50:10]   [emp_id: 5346] ✅ Updated: 8.3 → 8.36 (VALUE CHANGED)
[2026-04-15 09:50:10]   [emp_id: 5351] ✅ Updated: 23.24 → 23.3 (VALUE CHANGED)
[2026-04-15 09:50:10]   [emp_id: 5370] ✅ Updated: 16.89 → 16.95 (VALUE CHANGED)
[2026-04-15 09:50:10]   [emp_id: 5371] ✅ Updated: 15.78 → 15.86 (VALUE CHANGED)
[2026-04-15 09:50:10]   [emp_id: 5376] ✅ Updated: 6.43 → 6.49 (VALUE CHANGED)
[2026-04-15 09:50:10]   [emp_id: 5380] ✅ Updated: 22.9 → 22.96 (VALUE CHANGED)
[2026-04-15 09:50:10]   [emp_id: 5381] ✅ Updated: 15.21 → 15.29 (VALUE CHANGED)
[2026-04-15 09:50:10]   [emp_id: 5383] ✅ Updated: 23.61 → 23.69 (VALUE CHANGED)
[2026-04-15 09:50:10]   [emp_id: 5388] ✅ Updated: 33.68 → 33.74 (VALUE CHANGED)
[2026-04-15 09:50:10]   [emp_id: 5396] ✅ Updated: 9.86 → 9.92 (VALUE CHANGED)
[2026-04-15 09:50:10]   [emp_id: 5397] ✅ Updated: 26.38 → 26.44 (VALUE CHANGED)
[2026-04-15 09:50:10]   [emp_id: 5401] ✅ Updated: 29.49 → 29.55 (VALUE CHANGED)
[2026-04-15 09:50:10]   [emp_id: 5402] ✅ Updated: 29.61 → 29.67 (VALUE CHANGED)
[2026-04-15 09:50:10]   [emp_id: 5406] ✅ Updated: 23.33 → 23.39 (VALUE CHANGED)
[2026-04-15 09:50:11]   [emp_id: 5407] ✅ Updated: 20.38 → 20.46 (VALUE CHANGED)
[2026-04-15 09:50:11]   [emp_id: 5409] ✅ Updated: 22.67 → 22.73 (VALUE CHANGED)
[2026-04-15 09:50:11]   [emp_id: 5413] ✅ Updated: 36.78 → 36.86 (VALUE CHANGED)
[2026-04-15 09:50:11]   [emp_id: 5415] ✅ Updated: 12.38 → 12.46 (VALUE CHANGED)
[2026-04-15 09:50:11]   [emp_id: 5418] ✅ Updated: 3.73 → 3.79 (VALUE CHANGED)
[2026-04-15 09:50:11]   [emp_id: 5422] ✅ Updated: 29.11 → 29.19 (VALUE CHANGED)
[2026-04-15 09:50:11]   [emp_id: 5423] ✅ Updated: 8.8 → 8.88 (VALUE CHANGED)
[2026-04-15 09:50:11]   [emp_id: 5425] ✅ Updated: 20.28 → 20.34 (VALUE CHANGED)
[2026-04-15 09:50:11]   [emp_id: 5426] ✅ Updated: 10.35 → 10.43 (VALUE CHANGED)
[2026-04-15 09:50:11]   [emp_id: 5427] ✅ Updated: 20.39 → 20.45 (VALUE CHANGED)
[2026-04-15 09:50:11]   [emp_id: 5428] ✅ Updated: 20.28 → 20.34 (VALUE CHANGED)
[2026-04-15 09:50:11]   [emp_id: 5430] ✅ Updated: 26.17 → 26.25 (VALUE CHANGED)
[2026-04-15 09:50:11]   [emp_id: 5431] ✅ Updated: 19.4 → 19.46 (VALUE CHANGED)
[2026-04-15 09:50:11]   [emp_id: 5433] ✅ Updated: 19.42 → 19.48 (VALUE CHANGED)
[2026-04-15 09:50:11]   [emp_id: 5434] ✅ Updated: 19.17 → 19.23 (VALUE CHANGED)
[2026-04-15 09:50:11]   [emp_id: 5435] ✅ Updated: 19.11 → 19.17 (VALUE CHANGED)
[2026-04-15 09:50:11]   [emp_id: 5438] ✅ Updated: 17.03 → 17.11 (VALUE CHANGED)
[2026-04-15 09:50:11]   [emp_id: 5439] ✅ Updated: 33.53 → 33.61 (VALUE CHANGED)
[2026-04-15 09:50:11]   [emp_id: 5442] ✅ Updated: 21.53 → 21.61 (VALUE CHANGED)
[2026-04-15 09:50:11]   [emp_id: 5445] ✅ Updated: 13.57 → 13.63 (VALUE CHANGED)
[2026-04-15 09:50:11]   [emp_id: 5446] ✅ Updated: 13.57 → 13.63 (VALUE CHANGED)
[2026-04-15 09:50:11]   [emp_id: 5447] ✅ Updated: 13.51 → 13.57 (VALUE CHANGED)
[2026-04-15 09:50:11]   [emp_id: 5448] ✅ Updated: 10.66 → 10.74 (VALUE CHANGED)
[2026-04-15 09:50:11]   [emp_id: 5449] ✅ Updated: 9.59 → 9.65 (VALUE CHANGED)
[2026-04-15 09:50:11]   [emp_id: 5450] ✅ Updated: 11.53 → 11.59 (VALUE CHANGED)
[2026-04-15 09:50:11]   [emp_id: 5451] ✅ Updated: 11.53 → 11.59 (VALUE CHANGED)
[2026-04-15 09:50:11]   [emp_id: 5453] ✅ Updated: 11.37 → 11.43 (VALUE CHANGED)
[2026-04-15 09:50:11]   [emp_id: 5454] ✅ Updated: 12.61 → 12.69 (VALUE CHANGED)
[2026-04-15 09:50:11]   [emp_id: 5455] ✅ Updated: 4.86 → 4.94 (VALUE CHANGED)
[2026-04-15 09:50:11]   [emp_id: 5456] ✅ Updated: 2.86 → 2.94 (VALUE CHANGED)
[2026-04-15 09:50:11]   [emp_id: 5457] ✅ Updated: 10.62 → 10.68 (VALUE CHANGED)
[2026-04-15 09:50:11]   [emp_id: 5463] ✅ Updated: 12.84 → 12.92 (VALUE CHANGED)
[2026-04-15 09:50:11]   [emp_id: 5464] ✅ Updated: 12.84 → 12.92 (VALUE CHANGED)
[2026-04-15 09:50:11]   [emp_id: 5468] ✅ Updated: 8.46 → 8.54 (VALUE CHANGED)
[2026-04-15 09:50:11]   [emp_id: 5469] ✅ Updated: 8.37 → 8.45 (VALUE CHANGED)
[2026-04-15 09:50:11]   [emp_id: 5472] ✅ Updated: 6.18 → 6.26 (VALUE CHANGED)
[2026-04-15 09:50:11]   [emp_id: 5473] ✅ Updated: 5.09 → 5.17 (VALUE CHANGED)
[2026-04-15 09:50:11]   [emp_id: 5475] ✅ Updated: 4.34 → 4.42 (VALUE CHANGED)
[2026-04-15 09:50:11] Report saved to: D:\xampp\htdocs\almutlak\system/cron_logs/last_vacation_update_report.json
