[2026-01-08 08:24:08] ========== CRON: Vacation Balance Update Started ==========
[2026-01-08 08:24:08] Database connection established
[2026-01-08 08:24:08] Found 435 active employees with balance records to update
[2026-01-08 08:24:08] (Only employees with status=1 will be processed)
[2026-01-08 08:24:08]   [emp_id: 1061] ✓ Updated: 0 → 0.08 (CHANGED)
[2026-01-08 08:24:08]   [emp_id: 1496] ✓ Updated: 16.85 → 16.93 (CHANGED)
[2026-01-08 08:24:08]   [emp_id: 1500] ✓ Updated: 4.53 → 4.61 (CHANGED)
[2026-01-08 08:24:08]   [emp_id: 1574] ✓ Updated: 33.76 → 33.84 (CHANGED)
[2026-01-08 08:24:08]   [emp_id: 1673] ✓ Updated: 45.26 → 45.34 (CHANGED)
[2026-01-08 08:24:08]   [emp_id: 1685] ✓ Updated: 15.18 → 15.26 (CHANGED)
[2026-01-08 08:24:08]   [emp_id: 1764] ✓ Updated: 69.85 → 69.93 (CHANGED)
[2026-01-08 08:24:08]   [emp_id: 1805] ✓ Updated: 64.18 → 64.26 (CHANGED)
[2026-01-08 08:24:08]   [emp_id: 1822] ✓ Updated: 68.93 → 69.01 (CHANGED)
[2026-01-08 08:24:08]   [emp_id: 1837] ✓ Updated: 25.1 → 25.18 (CHANGED)
[2026-01-08 08:24:08]   [emp_id: 1857] ✓ Updated: 20.43 → 20.51 (CHANGED)
[2026-01-08 08:24:08]   [emp_id: 1861] ✓ Updated: 71.26 → 71.34 (CHANGED)
[2026-01-08 08:24:08]   [emp_id: 1872] ✓ Updated: 10.1 → 10.18 (CHANGED)
[2026-01-08 08:24:08]   [emp_id: 1897] ✓ Updated: 5.43 → 5.51 (CHANGED)
[2026-01-08 08:24:08]   [emp_id: 1916] ✓ Updated: 11.73 → 11.81 (CHANGED)
[2026-01-08 08:24:08]   [emp_id: 1928] ✓ Updated: 64.68 → 64.76 (CHANGED)
[2026-01-08 08:24:08]   [emp_id: 1931] ✓ Updated: 84.6 → 84.68 (CHANGED)
[2026-01-08 08:24:08]   [emp_id: 1944] ✓ Updated: 42.76 → 42.84 (CHANGED)
[2026-01-08 08:24:08]   [emp_id: 1996] ✓ Updated: 71.26 → 71.34 (CHANGED)
[2026-01-08 08:24:08]   [emp_id: 1997] ✓ Updated: 36.43 → 36.51 (CHANGED)
[2026-01-08 08:24:08]   [emp_id: 1998] ✓ Updated: 27.87 → 27.95 (CHANGED)
[2026-01-08 08:24:08]   [emp_id: 1999] ✓ Updated: 28.87 → 28.95 (CHANGED)
[2026-01-08 08:24:08]   [emp_id: 2009] ✓ Updated: 35.18 → 35.26 (CHANGED)
[2026-01-08 08:24:08]   [emp_id: 2048] ✓ Updated: 25.01 → 25.09 (CHANGED)
[2026-01-08 08:24:08]   [emp_id: 2057] ✓ Updated: 65.85 → 65.93 (CHANGED)
[2026-01-08 08:24:09]   [emp_id: 2079] ✓ Updated: 48.18 → 48.26 (CHANGED)
[2026-01-08 08:24:09]   [emp_id: 2181] ✓ Updated: 37.18 → 37.26 (CHANGED)
[2026-01-08 08:24:09]   [emp_id: 2190] ✓ Updated: 6.51 → 6.59 (CHANGED)
[2026-01-08 08:24:09]   [emp_id: 2212] ✓ Updated: 24.51 → 24.59 (CHANGED)
[2026-01-08 08:24:09]   [emp_id: 2226] ✓ Updated: 69.26 → 69.34 (CHANGED)
[2026-01-08 08:24:09]   [emp_id: 2238] ✓ Updated: 67.51 → 67.59 (CHANGED)
[2026-01-08 08:24:09]   [emp_id: 2285] ✓ Updated: 36.18 → 36.26 (CHANGED)
[2026-01-08 08:24:09]   [emp_id: 2287] ✓ Updated: 47.85 → 47.93 (CHANGED)
[2026-01-08 08:24:09]   [emp_id: 2288] ✓ Updated: 2.87 → 2.95 (CHANGED)
[2026-01-08 08:24:09]   [emp_id: 2316] ✓ Updated: 16.68 → 16.76 (CHANGED)
[2026-01-08 08:24:09]   [emp_id: 2337] ✓ Updated: 37.76 → 37.84 (CHANGED)
[2026-01-08 08:24:09]   [emp_id: 2352] ✓ Updated: 69.26 → 69.34 (CHANGED)
[2026-01-08 08:24:09]   [emp_id: 2358] ✓ Updated: 5.76 → 5.84 (CHANGED)
[2026-01-08 08:24:09]   [emp_id: 2361] ✓ Updated: 71.43 → 71.51 (CHANGED)
[2026-01-08 08:24:09]   [emp_id: 2363] ✓ Updated: 74.01 → 74.09 (CHANGED)
[2026-01-08 08:24:09]   [emp_id: 2364] ✓ Updated: 73.43 → 73.51 (CHANGED)
[2026-01-08 08:24:09]   [emp_id: 2367] ✓ Updated: 101.1 → 101.18 (CHANGED)
[2026-01-08 08:24:09]   [emp_id: 2368] ✓ Updated: 31.51 → 31.59 (CHANGED)
[2026-01-08 08:24:09]   [emp_id: 2372] ✓ Updated: 68.76 → 68.84 (CHANGED)
[2026-01-08 08:24:09]   [emp_id: 2376] ✓ Updated: 118.76 → 118.84 (CHANGED)
[2026-01-08 08:24:09]   [emp_id: 2423] ✓ Updated: 19.51 → 19.59 (CHANGED)
[2026-01-08 08:24:09]   [emp_id: 2519] ✓ Updated: 113.18 → 113.26 (CHANGED)
[2026-01-08 08:24:09]   [emp_id: 2522] ✓ Updated: 56.76 → 56.84 (CHANGED)
[2026-01-08 08:24:09]   [emp_id: 2530] ✓ Updated: 52.01 → 52.09 (CHANGED)
[2026-01-08 08:24:09]   [emp_id: 2539] ✓ Updated: 48.76 → 48.84 (CHANGED)
[2026-01-08 08:24:09]   [emp_id: 2541] ✓ Updated: 29.35 → 29.43 (CHANGED)
[2026-01-08 08:24:09]   [emp_id: 2550] ✓ Updated: 95.51 → 95.59 (CHANGED)
[2026-01-08 08:24:09]   [emp_id: 2553] ✓ Updated: 32.62 → 32.7 (CHANGED)
[2026-01-08 08:24:09]   [emp_id: 2554] ✓ Updated: 39.1 → 39.18 (CHANGED)
[2026-01-08 08:24:09]   [emp_id: 2565] ✓ Updated: 93.68 → 93.76 (CHANGED)
[2026-01-08 08:24:09]   [emp_id: 2572] ✓ Updated: 43.68 → 43.76 (CHANGED)
[2026-01-08 08:24:09]   [emp_id: 2637] ✓ Updated: 64.26 → 64.34 (CHANGED)
[2026-01-08 08:24:09]   [emp_id: 2642] ✓ Updated: 77.01 → 77.09 (CHANGED)
[2026-01-08 08:24:09]   [emp_id: 2645] ✓ Updated: 93.01 → 93.09 (CHANGED)
[2026-01-08 08:24:09]   [emp_id: 2648] ✓ Updated: 44.68 → 44.76 (CHANGED)
[2026-01-08 08:24:09]   [emp_id: 2654] ✓ Updated: 87.35 → 87.43 (CHANGED)
[2026-01-08 08:24:09]   [emp_id: 2688] ✓ Updated: 25.43 → 25.51 (CHANGED)
[2026-01-08 08:24:09]   [emp_id: 2690] ✓ Updated: 14.18 → 14.26 (CHANGED)
[2026-01-08 08:24:09]   [emp_id: 2709] ✓ Updated: 36.43 → 36.51 (CHANGED)
[2026-01-08 08:24:09]   [emp_id: 2745] ✓ Updated: 33.01 → 33.09 (CHANGED)
[2026-01-08 08:24:09]   [emp_id: 2843] ✓ Updated: 79.6 → 79.68 (CHANGED)
[2026-01-08 08:24:09]   [emp_id: 2854] ✓ Updated: 59.51 → 59.59 (CHANGED)
[2026-01-08 08:24:09]   [emp_id: 2869] ✓ Updated: 3.43 → 3.51 (CHANGED)
[2026-01-08 08:24:10]   [emp_id: 2876] ✓ Updated: 34.26 → 34.34 (CHANGED)
[2026-01-08 08:24:10]   [emp_id: 2924] ✓ Updated: 15.43 → 15.51 (CHANGED)
[2026-01-08 08:24:10]   [emp_id: 2953] ✓ Updated: 101.18 → 101.26 (CHANGED)
[2026-01-08 08:24:10]   [emp_id: 2961] ✓ Updated: 11.18 → 11.26 (CHANGED)
[2026-01-08 08:24:10]   [emp_id: 2975] ✓ Updated: 0.86 → 0.94 (CHANGED)
[2026-01-08 08:24:10]   [emp_id: 3013] ✓ Updated: 10.18 → 10.26 (CHANGED)
[2026-01-08 08:24:10]   [emp_id: 3014] ✓ Updated: 89.43 → 89.51 (CHANGED)
[2026-01-08 08:24:10]   [emp_id: 3015] ✓ Updated: 0.68 → 0.76 (CHANGED)
[2026-01-08 08:24:10]   [emp_id: 3018] ✓ Updated: 59.43 → 59.51 (CHANGED)
[2026-01-08 08:24:10]   [emp_id: 3025] ✓ Updated: 23.2 → 23.28 (CHANGED)
[2026-01-08 08:24:10]   [emp_id: 3037] ✓ Updated: 82.93 → 83.01 (CHANGED)
[2026-01-08 08:24:10]   [emp_id: 3047] ✓ Updated: 71.18 → 71.26 (CHANGED)
[2026-01-08 08:24:10]   [emp_id: 3061] ✓ Updated: 18.1 → 18.18 (CHANGED)
[2026-01-08 08:24:10]   [emp_id: 3062] ✓ Updated: 51.26 → 51.34 (CHANGED)
[2026-01-08 08:24:10]   [emp_id: 3074] ✓ Updated: 107.68 → 107.76 (CHANGED)
[2026-01-08 08:24:10]   [emp_id: 3089] ✓ Updated: 6.6 → 6.68 (CHANGED)
[2026-01-08 08:24:10]   [emp_id: 3090] ✓ Updated: 33.18 → 33.26 (CHANGED)
[2026-01-08 08:24:10]   [emp_id: 3091] ✓ Updated: 45.18 → 45.26 (CHANGED)
[2026-01-08 08:24:10]   [emp_id: 3092] ✓ Updated: 27.85 → 27.93 (CHANGED)
[2026-01-08 08:24:10]   [emp_id: 3105] ✓ Updated: 48.18 → 48.26 (CHANGED)
[2026-01-08 08:24:10]   [emp_id: 3134] ✓ Updated: 43.93 → 44.01 (CHANGED)
[2026-01-08 08:24:10]   [emp_id: 3140] ✓ Updated: 41.01 → 41.09 (CHANGED)
[2026-01-08 08:24:10]   [emp_id: 3144] ✓ Updated: 13.85 → 13.93 (CHANGED)
[2026-01-08 08:24:10]   [emp_id: 3156] ✓ Updated: 17.18 → 17.26 (CHANGED)
[2026-01-08 08:24:10]   [emp_id: 3162] ✓ Updated: 2.16 → 2.24 (CHANGED)
[2026-01-08 08:24:10]   [emp_id: 3163] ✓ Updated: 5.43 → 5.51 (CHANGED)
[2026-01-08 08:24:10]   [emp_id: 3198] ✓ Updated: 40.43 → 40.51 (CHANGED)
[2026-01-08 08:24:10]   [emp_id: 3205] ✓ Updated: 17.1 → 17.18 (CHANGED)
[2026-01-08 08:24:10]   [emp_id: 3209] ✓ Updated: 41.26 → 41.34 (CHANGED)
[2026-01-08 08:24:10]   [emp_id: 3223] ✓ Updated: 90.18 → 90.26 (CHANGED)
[2026-01-08 08:24:10]   [emp_id: 3224] ✓ Updated: 64.93 → 65.01 (CHANGED)
[2026-01-08 08:24:10]   [emp_id: 3230] ✓ Updated: 88.35 → 88.43 (CHANGED)
[2026-01-08 08:24:10]   [emp_id: 3231] ✓ Updated: 0.72 → 0.8 (CHANGED)
[2026-01-08 08:24:10]   [emp_id: 3233] ✓ Updated: 81.18 → 81.26 (CHANGED)
[2026-01-08 08:24:10]   [emp_id: 3249] ✓ Updated: 37.01 → 37.09 (CHANGED)
[2026-01-08 08:24:10]   [emp_id: 3250] ✓ Updated: 10.01 → 10.09 (CHANGED)
[2026-01-08 08:24:10]   [emp_id: 3252] ✓ Updated: 10.93 → 11.01 (CHANGED)
[2026-01-08 08:24:10]   [emp_id: 3254] ✓ Updated: 21.43 → 21.51 (CHANGED)
[2026-01-08 08:24:10]   [emp_id: 3255] ✓ Updated: 17.85 → 17.93 (CHANGED)
[2026-01-08 08:24:10]   [emp_id: 3256] ✓ Updated: 14.1 → 14.18 (CHANGED)
[2026-01-08 08:24:10]   [emp_id: 3263] ✓ Updated: 30.18 → 30.26 (CHANGED)
[2026-01-08 08:24:10]   [emp_id: 3265] ✓ Updated: 25.76 → 25.84 (CHANGED)
[2026-01-08 08:24:10]   [emp_id: 3280] ✓ Updated: 72.68 → 72.76 (CHANGED)
[2026-01-08 08:24:10]   [emp_id: 3286] ✓ Updated: 15.85 → 15.93 (CHANGED)
[2026-01-08 08:24:10]   [emp_id: 3294] ✓ Updated: 15.51 → 15.59 (CHANGED)
[2026-01-08 08:24:11]   [emp_id: 3321] ✓ Updated: 72.68 → 72.76 (CHANGED)
[2026-01-08 08:24:11]   [emp_id: 3325] ✓ Updated: 60.43 → 60.51 (CHANGED)
[2026-01-08 08:24:11]   [emp_id: 3329] ✓ Updated: 62.76 → 62.84 (CHANGED)
[2026-01-08 08:24:11]   [emp_id: 3330] ✓ Updated: 62.76 → 62.84 (CHANGED)
[2026-01-08 08:24:11]   [emp_id: 3332] ✓ Updated: 62.76 → 62.84 (CHANGED)
[2026-01-08 08:24:11]   [emp_id: 3370] ✓ Updated: 54.43 → 54.51 (CHANGED)
[2026-01-08 08:24:11]   [emp_id: 3384] ✓ Updated: 14.93 → 15.01 (CHANGED)
[2026-01-08 08:24:11]   [emp_id: 3386] ✓ Updated: 44.93 → 45.01 (CHANGED)
[2026-01-08 08:24:11]   [emp_id: 3431] ✓ Updated: 19.35 → 19.43 (CHANGED)
[2026-01-08 08:24:11]   [emp_id: 3497] ✓ Updated: 9.51 → 9.59 (CHANGED)
[2026-01-08 08:24:11]   [emp_id: 3532] ✓ Updated: 46.35 → 46.43 (CHANGED)
[2026-01-08 08:24:11]   [emp_id: 3586] ✓ Updated: 10.43 → 10.51 (CHANGED)
[2026-01-08 08:24:11]   [emp_id: 3602] ✓ Updated: 1.92 → 2 (CHANGED)
[2026-01-08 08:24:11]   [emp_id: 3618] ✓ Updated: 23.9 → 23.98 (CHANGED)
[2026-01-08 08:24:11]   [emp_id: 3622] ✓ Updated: 34.77 → 34.83 (CHANGED)
[2026-01-08 08:24:11]   [emp_id: 3627] ✓ Updated: 9.85 → 9.93 (CHANGED)
[2026-01-08 08:24:11]   [emp_id: 3665] ✓ Updated: 51.43 → 51.51 (CHANGED)
[2026-01-08 08:24:11]   [emp_id: 3705] ✓ Updated: 28.1 → 28.16 (CHANGED)
[2026-01-08 08:24:11]   [emp_id: 3724] ✓ Updated: 44.43 → 44.51 (CHANGED)
[2026-01-08 08:24:11]   [emp_id: 3726] ✓ Updated: 60.85 → 60.93 (CHANGED)
[2026-01-08 08:24:11]   [emp_id: 3727] ✓ Updated: 65.93 → 66.01 (CHANGED)
[2026-01-08 08:24:11]   [emp_id: 3728] ✓ Updated: 10.26 → 10.34 (CHANGED)
[2026-01-08 08:24:11]   [emp_id: 3767] ✓ Updated: 1.01 → 1.09 (CHANGED)
[2026-01-08 08:24:11]   [emp_id: 3768] ✓ Updated: 57.26 → 57.34 (CHANGED)
[2026-01-08 08:24:11]   [emp_id: 3787] ✓ Updated: 57.85 → 57.93 (CHANGED)
[2026-01-08 08:24:11]   [emp_id: 3790] ✓ Updated: 2.4 → 2.48 (CHANGED)
[2026-01-08 08:24:11]   [emp_id: 3795] ✓ Updated: 15.35 → 15.43 (CHANGED)
[2026-01-08 08:24:11]   [emp_id: 3798] ✓ Updated: 93.76 → 93.84 (CHANGED)
[2026-01-08 08:24:11]   [emp_id: 3801] ✓ Updated: 2.03 → 2.11 (CHANGED)
[2026-01-08 08:24:11]   [emp_id: 3802] ✓ Updated: 31.01 → 31.09 (CHANGED)
[2026-01-08 08:24:11]   [emp_id: 3803] ✓ Updated: 115.43 → 115.51 (CHANGED)
[2026-01-08 08:24:11]   [emp_id: 3810] ✓ Updated: 121.43 → 121.51 (CHANGED)
[2026-01-08 08:24:11]   [emp_id: 3812] ✓ Updated: 90.43 → 90.51 (CHANGED)
[2026-01-08 08:24:11]   [emp_id: 3815] ✓ Updated: 90.43 → 90.51 (CHANGED)
[2026-01-08 08:24:11]   [emp_id: 3836] ✓ Updated: 58.1 → 58.18 (CHANGED)
[2026-01-08 08:24:11]   [emp_id: 3855] ✓ Updated: 51.26 → 51.34 (CHANGED)
[2026-01-08 08:24:11]   [emp_id: 3857] ✓ Updated: 54.93 → 55.01 (CHANGED)
[2026-01-08 08:24:11]   [emp_id: 3862] ✓ Updated: 103.01 → 103.09 (CHANGED)
[2026-01-08 08:24:11]   [emp_id: 3866] ✓ Updated: 28.26 → 28.34 (CHANGED)
[2026-01-08 08:24:11]   [emp_id: 3876] ✓ Updated: 24.43 → 24.51 (CHANGED)
[2026-01-08 08:24:11]   [emp_id: 3877] ✓ Updated: 49.93 → 50.01 (CHANGED)
[2026-01-08 08:24:11]   [emp_id: 3897] ✓ Updated: 38.18 → 38.26 (CHANGED)
[2026-01-08 08:24:11]   [emp_id: 3899] ✓ Updated: 0 → 0.08 (CHANGED)
[2026-01-08 08:24:12]   [emp_id: 3928] ✓ Updated: 14.26 → 14.34 (CHANGED)
[2026-01-08 08:24:12]   [emp_id: 3929] ✓ Updated: 9.26 → 9.34 (CHANGED)
[2026-01-08 08:24:12]   [emp_id: 3935] ✓ Updated: 94.26 → 94.34 (CHANGED)
[2026-01-08 08:24:12]   [emp_id: 3952] ✓ Updated: 75.6 → 75.68 (CHANGED)
[2026-01-08 08:24:12]   [emp_id: 3987] ✓ Updated: 14.51 → 14.59 (CHANGED)
[2026-01-08 08:24:12]   [emp_id: 4059] ✓ Updated: 3.71 → 3.79 (CHANGED)
[2026-01-08 08:24:12]   [emp_id: 4119] ✓ Updated: 57.18 → 57.26 (CHANGED)
[2026-01-08 08:24:12]   [emp_id: 4120] ✓ Updated: 26.76 → 26.84 (CHANGED)
[2026-01-08 08:24:12]   [emp_id: 4124] ✓ Updated: 27.28 → 27.36 (CHANGED)
[2026-01-08 08:24:12]   [emp_id: 4133] ✓ Updated: 105.76 → 105.84 (CHANGED)
[2026-01-08 08:24:12]   [emp_id: 4134] ✓ Updated: 26.76 → 26.84 (CHANGED)
[2026-01-08 08:24:12]   [emp_id: 4136] ✓ Updated: 26.76 → 26.84 (CHANGED)
[2026-01-08 08:24:12]   [emp_id: 4150] ✓ Updated: 25.43 → 25.51 (CHANGED)
[2026-01-08 08:24:12]   [emp_id: 4157] ✓ Updated: 18.93 → 19.01 (CHANGED)
[2026-01-08 08:24:12]   [emp_id: 4172] ✓ Updated: 12.68 → 12.74 (CHANGED)
[2026-01-08 08:24:12]   [emp_id: 4195] ✓ Updated: 62.51 → 62.59 (CHANGED)
[2026-01-08 08:24:12]   [emp_id: 4215] ✓ Updated: 45.18 → 45.26 (CHANGED)
[2026-01-08 08:24:12]   [emp_id: 4220] ✓ Updated: 40.76 → 40.84 (CHANGED)
[2026-01-08 08:24:12]   [emp_id: 4273] ✓ Updated: 9.43 → 9.51 (CHANGED)
[2026-01-08 08:24:12]   [emp_id: 4283] ✓ Updated: 13.77 → 13.83 (CHANGED)
[2026-01-08 08:24:12]   [emp_id: 4288] ✓ Updated: 0 → 0.08 (CHANGED)
[2026-01-08 08:24:12]   [emp_id: 4315] ✓ Updated: 12.68 → 12.76 (CHANGED)
[2026-01-08 08:24:12]   [emp_id: 4328] ✓ Updated: 42.6 → 42.66 (CHANGED)
[2026-01-08 08:24:12]   [emp_id: 4329] ✓ Updated: 5.85 → 5.93 (CHANGED)
[2026-01-08 08:24:12]   [emp_id: 4338] ✓ Updated: 47.43 → 47.51 (CHANGED)
[2026-01-08 08:24:12]   [emp_id: 4340] ✓ Updated: 126.43 → 126.51 (CHANGED)
[2026-01-08 08:24:12]   [emp_id: 4365] ✓ Updated: 60.85 → 60.93 (CHANGED)
[2026-01-08 08:24:12]   [emp_id: 4366] ✓ Updated: 59.93 → 60.01 (CHANGED)
[2026-01-08 08:24:12]   [emp_id: 4403] ✓ Updated: 85.76 → 85.84 (CHANGED)
[2026-01-08 08:24:12]   [emp_id: 4438] ✓ Updated: 21.43 → 21.51 (CHANGED)
[2026-01-08 08:24:12]   [emp_id: 4465] ✓ Updated: 12.93 → 12.99 (CHANGED)
[2026-01-08 08:24:12]   [emp_id: 4473] ✓ Updated: 45.01 → 45.09 (CHANGED)
[2026-01-08 08:24:12]   [emp_id: 4474] ✓ Updated: 3.44 → 3.5 (CHANGED)
[2026-01-08 08:24:12]   [emp_id: 4493] ✓ Updated: 163.85 → 163.93 (CHANGED)
[2026-01-08 08:24:12]   [emp_id: 4526] ✓ Updated: 36.1 → 36.18 (CHANGED)
[2026-01-08 08:24:12]   [emp_id: 4528] ✓ Updated: 107.85 → 107.93 (CHANGED)
[2026-01-08 08:24:12]   [emp_id: 4528] ✓ Updated: 107.85 → 107.93 (CHANGED)
[2026-01-08 08:24:12]   [emp_id: 4532] ✓ Updated: 8.05 → 8.11 (CHANGED)
[2026-01-08 08:24:13]   [emp_id: 4533] ✓ Updated: 36.26 → 36.34 (CHANGED)
[2026-01-08 08:24:13]   [emp_id: 4564] ✓ Updated: 25.62 → 25.74 (CHANGED)
[2026-01-08 08:24:13]   [emp_id: 4565] ✓ Updated: 15.43 → 15.49 (CHANGED)
[2026-01-08 08:24:13]   [emp_id: 4567] ✓ Updated: 19.68 → 19.74 (CHANGED)
[2026-01-08 08:24:13]   [emp_id: 4572] ✓ Updated: 59.18 → 59.24 (CHANGED)
[2026-01-08 08:24:13]   [emp_id: 4631] ✓ Updated: 15.43 → 15.49 (CHANGED)
[2026-01-08 08:24:13]   [emp_id: 4655] ✓ Updated: 25.18 → 25.26 (CHANGED)
[2026-01-08 08:24:13]   [emp_id: 4689] ✓ Updated: 2.87 → 3.04 (CHANGED)
[2026-01-08 08:24:13]   [emp_id: 4709] ✓ Updated: 40.43 → 40.51 (CHANGED)
[2026-01-08 08:24:13]   [emp_id: 4717] ✓ Updated: 66.43 → 66.51 (CHANGED)
[2026-01-08 08:24:13]   [emp_id: 4736] ✓ Updated: 28.26 → 28.34 (CHANGED)
[2026-01-08 08:24:13]   [emp_id: 4756] ✓ Updated: 11.87 → 11.93 (CHANGED)
[2026-01-08 08:24:13]   [emp_id: 4768] ✓ Updated: 12.93 → 13.01 (CHANGED)
[2026-01-08 08:24:13]   [emp_id: 4780] ✓ Updated: 65.6 → 65.66 (CHANGED)
[2026-01-08 08:24:13]   [emp_id: 4820] ✓ Updated: 99.26 → 99.34 (CHANGED)
[2026-01-08 08:24:13]   [emp_id: 4825] ✓ Updated: 31.01 → 31.09 (CHANGED)
[2026-01-08 08:24:13]   [emp_id: 4835] ✓ Updated: 48.35 → 48.41 (CHANGED)
[2026-01-08 08:24:13]   [emp_id: 4837] ✓ Updated: 45.59 → 45.65 (CHANGED)
[2026-01-08 08:24:13]   [emp_id: 4838] ✓ Updated: 44.61 → 44.67 (CHANGED)
[2026-01-08 08:24:13]   [emp_id: 4840] ✓ Updated: 45.59 → 45.65 (CHANGED)
[2026-01-08 08:24:13]   [emp_id: 4842] ✓ Updated: 44.83 → 44.89 (CHANGED)
[2026-01-08 08:24:13]   [emp_id: 4843] ✓ Updated: 45.36 → 45.42 (CHANGED)
[2026-01-08 08:24:13]   [emp_id: 4853] ✓ Updated: 89.18 → 89.24 (CHANGED)
[2026-01-08 08:24:13]   [emp_id: 4856] ✓ Updated: 42.5 → 42.56 (CHANGED)
[2026-01-08 08:24:13]   [emp_id: 4857] ✓ Updated: 25.32 → 25.38 (CHANGED)
[2026-01-08 08:24:13]   [emp_id: 4858] ✓ Updated: 22.2 → 22.26 (CHANGED)
[2026-01-08 08:24:13]   [emp_id: 4859] ✓ Updated: 43.67 → 43.73 (CHANGED)
[2026-01-08 08:24:13]   [emp_id: 4860] ✓ Updated: 8.17 → 8.23 (CHANGED)
[2026-01-08 08:24:13]   [emp_id: 4861] ✓ Updated: 41.63 → 41.69 (CHANGED)
[2026-01-08 08:24:13]   [emp_id: 4869] ✓ Updated: 84.51 → 84.57 (CHANGED)
[2026-01-08 08:24:13]   [emp_id: 4894] ✓ Updated: 7.93 → 8.01 (CHANGED)
[2026-01-08 08:24:13]   [emp_id: 4897] ✓ Updated: 23.41 → 23.47 (CHANGED)
[2026-01-08 08:24:13]   [emp_id: 4899] ✓ Updated: 19.58 → 19.64 (CHANGED)
[2026-01-08 08:24:13]   [emp_id: 4902] ✓ Updated: 19 → 19.06 (CHANGED)
[2026-01-08 08:24:13]   [emp_id: 4903] ✓ Updated: 21.22 → 21.28 (CHANGED)
[2026-01-08 08:24:13]   [emp_id: 4905] ✓ Updated: 19.88 → 19.94 (CHANGED)
[2026-01-08 08:24:13]   [emp_id: 4907] ✓ Updated: 48.01 → 48.09 (CHANGED)
[2026-01-08 08:24:13]   [emp_id: 4917] ✓ Updated: 16.84 → 16.9 (CHANGED)
[2026-01-08 08:24:13]   [emp_id: 4918] ✓ Updated: 6.61 → 6.67 (CHANGED)
[2026-01-08 08:24:13]   [emp_id: 4919] ✓ Updated: 58.9 → 58.96 (CHANGED)
[2026-01-08 08:24:14]   [emp_id: 4920] ✓ Updated: 5.98 → 6.04 (CHANGED)
[2026-01-08 08:24:14]   [emp_id: 4921] ✓ Updated: 18.07 → 18.13 (CHANGED)
[2026-01-08 08:24:14]   [emp_id: 4927] ✓ Updated: 16.9 → 16.96 (CHANGED)
[2026-01-08 08:24:14]   [emp_id: 4929] ✓ Updated: 18.42 → 18.48 (CHANGED)
[2026-01-08 08:24:14]   [emp_id: 4930] ✓ Updated: 59.19 → 59.25 (CHANGED)
[2026-01-08 08:24:14]   [emp_id: 4932] ✓ Updated: 17.19 → 17.25 (CHANGED)
[2026-01-08 08:24:14]   [emp_id: 4933] ✓ Updated: 20.6 → 20.66 (CHANGED)
[2026-01-08 08:24:14]   [emp_id: 4949] ✓ Updated: 24.03 → 24.09 (CHANGED)
[2026-01-08 08:24:14]   [emp_id: 4956] ✓ Updated: 29.62 → 29.68 (CHANGED)
[2026-01-08 08:24:14]   [emp_id: 4957] ✓ Updated: 25.29 → 25.35 (CHANGED)
[2026-01-08 08:24:14]   [emp_id: 4962] ✓ Updated: 47.37 → 47.45 (CHANGED)
[2026-01-08 08:24:14]   [emp_id: 4969] ✓ Updated: 46.68 → 46.76 (CHANGED)
[2026-01-08 08:24:14]   [emp_id: 4976] ✓ Updated: 10.31 → 10.37 (CHANGED)
[2026-01-08 08:24:14]   [emp_id: 4984] ✓ Updated: 37.93 → 38.01 (CHANGED)
[2026-01-08 08:24:14]   [emp_id: 4995] ✓ Updated: 50 → 50.08 (CHANGED)
[2026-01-08 08:24:14]   [emp_id: 5004] ✓ Updated: 27.25 → 27.31 (CHANGED)
[2026-01-08 08:24:14]   [emp_id: 5006] ✓ Updated: 26.99 → 27.05 (CHANGED)
[2026-01-08 08:24:14]   [emp_id: 5011] ✓ Updated: 5.78 → 5.86 (CHANGED)
[2026-01-08 08:24:14]   [emp_id: 5013] ✓ Updated: 67.36 → 67.42 (CHANGED)
[2026-01-08 08:24:14]   [emp_id: 5018] ✓ Updated: 3.85 → 3.91 (CHANGED)
[2026-01-08 08:24:14]   [emp_id: 5021] ✓ Updated: 61.03 → 61.11 (CHANGED)
[2026-01-08 08:24:14]   [emp_id: 5024] ✓ Updated: 1.87 → 1.93 (CHANGED)
[2026-01-08 08:24:14]   [emp_id: 5030] ✓ Updated: 31.82 → 31.88 (CHANGED)
[2026-01-08 08:24:14]   [emp_id: 5033] ✓ Updated: 10.62 → 10.68 (CHANGED)
[2026-01-08 08:24:14]   [emp_id: 5043] ✓ Updated: 30.6 → 30.68 (CHANGED)
[2026-01-08 08:24:14]   [emp_id: 5045] ✓ Updated: 27.1 → 27.18 (CHANGED)
[2026-01-08 08:24:14]   [emp_id: 5046] ✓ Updated: 22.29 → 22.37 (CHANGED)
[2026-01-08 08:24:14]   [emp_id: 5049] ✓ Updated: 39.3 → 39.36 (CHANGED)
[2026-01-08 08:24:14]   [emp_id: 5052] ✓ Updated: 30.58 → 30.64 (CHANGED)
[2026-01-08 08:24:14]   [emp_id: 5055] ✓ Updated: 19.02 → 19.08 (CHANGED)
[2026-01-08 08:24:14]   [emp_id: 5058] ✓ Updated: 28 → 28.06 (CHANGED)
[2026-01-08 08:24:14]   [emp_id: 5062] ✓ Updated: 39.83 → 39.89 (CHANGED)
[2026-01-08 08:24:14]   [emp_id: 5064] ✓ Updated: 117.93 → 118.01 (CHANGED)
[2026-01-08 08:24:14]   [emp_id: 5065] ✓ Updated: 39.24 → 39.3 (CHANGED)
[2026-01-08 08:24:14]   [emp_id: 5071] ✓ Updated: 23.43 → 23.51 (CHANGED)
[2026-01-08 08:24:14]   [emp_id: 5073] ✓ Updated: 13.84 → 13.9 (CHANGED)
[2026-01-08 08:24:14]   [emp_id: 5079] ✓ Updated: 34.4 → 34.46 (CHANGED)
[2026-01-08 08:24:14]   [emp_id: 5080] ✓ Updated: 27.73 → 27.79 (CHANGED)
[2026-01-08 08:24:15]   [emp_id: 5081] ✓ Updated: 15.99 → 16.05 (CHANGED)
[2026-01-08 08:24:15]   [emp_id: 5087] ✓ Updated: 36.03 → 36.09 (CHANGED)
[2026-01-08 08:24:15]   [emp_id: 5091] ✓ Updated: 75.88 → 75.94 (CHANGED)
[2026-01-08 08:24:15]   [emp_id: 5093] ✓ Updated: 14.6 → 14.68 (CHANGED)
[2026-01-08 08:24:15]   [emp_id: 5095] ✓ Updated: 1.42 → 1.48 (CHANGED)
[2026-01-08 08:24:15]   [emp_id: 5101] ✓ Updated: 16.68 → 16.76 (CHANGED)
[2026-01-08 08:24:15]   [emp_id: 5107] ✓ Updated: 15.01 → 15.09 (CHANGED)
[2026-01-08 08:24:15]   [emp_id: 5109] ✓ Updated: 12.26 → 12.34 (CHANGED)
[2026-01-08 08:24:15]   [emp_id: 5119] ✓ Updated: 10.43 → 10.51 (CHANGED)
[2026-01-08 08:24:15]   [emp_id: 5122] ✓ Updated: 7.6 → 7.68 (CHANGED)
[2026-01-08 08:24:15]   [emp_id: 5126] ✓ Updated: 26.76 → 26.82 (CHANGED)
[2026-01-08 08:24:15]   [emp_id: 5127] ✓ Updated: 23.55 → 23.61 (CHANGED)
[2026-01-08 08:24:15]   [emp_id: 5128] ✓ Updated: 26.7 → 26.76 (CHANGED)
[2026-01-08 08:24:15]   [emp_id: 5138] ✓ Updated: 50.26 → 50.34 (CHANGED)
[2026-01-08 08:24:15]   [emp_id: 5138] ✓ Updated: 50.26 → 50.34 (CHANGED)
[2026-01-08 08:24:15]   [emp_id: 5141] ✓ Updated: 35.07 → 35.13 (CHANGED)
[2026-01-08 08:24:15]   [emp_id: 5142] ✓ Updated: 14.07 → 14.13 (CHANGED)
[2026-01-08 08:24:15]   [emp_id: 5146] ✓ Updated: 21.07 → 21.13 (CHANGED)
[2026-01-08 08:24:15]   [emp_id: 5147] ✓ Updated: 20.07 → 20.13 (CHANGED)
[2026-01-08 08:24:15]   [emp_id: 5148] ✓ Updated: 25.42 → 25.48 (CHANGED)
[2026-01-08 08:24:15]   [emp_id: 5149] ✓ Updated: 24.31 → 24.37 (CHANGED)
[2026-01-08 08:24:15]   [emp_id: 5150] ✓ Updated: 23.67 → 23.73 (CHANGED)
[2026-01-08 08:24:15]   [emp_id: 5151] ✓ Updated: 23.49 → 23.55 (CHANGED)
[2026-01-08 08:24:15]   [emp_id: 5152] ✓ Updated: 3.91 → 3.97 (CHANGED)
[2026-01-08 08:24:15]   [emp_id: 5157] ✓ Updated: 23.49 → 23.55 (CHANGED)
[2026-01-08 08:24:15]   [emp_id: 5160] ✓ Updated: 23.49 → 23.55 (CHANGED)
[2026-01-08 08:24:15]   [emp_id: 5163] ✓ Updated: 21.28 → 21.34 (CHANGED)
[2026-01-08 08:24:15]   [emp_id: 5165] ✓ Updated: 1.7 → 1.78 (CHANGED)
[2026-01-08 08:24:15]   [emp_id: 5167] ✓ Updated: 30.43 → 30.49 (CHANGED)
[2026-01-08 08:24:15]   [emp_id: 5168] ✓ Updated: 22.97 → 23.03 (CHANGED)
[2026-01-08 08:24:15]   [emp_id: 5173] ✓ Updated: 25.35 → 25.43 (CHANGED)
[2026-01-08 08:24:15]   [emp_id: 5174] ✓ Updated: 23.43 → 23.49 (CHANGED)
[2026-01-08 08:24:15]   [emp_id: 5181] ✓ Updated: 19.82 → 19.88 (CHANGED)
[2026-01-08 08:24:15]   [emp_id: 5186] ✓ Updated: 25.35 → 25.41 (CHANGED)
[2026-01-08 08:24:15]   [emp_id: 5187] ✓ Updated: 36.35 → 36.41 (CHANGED)
[2026-01-08 08:24:15]   [emp_id: 5204] ✓ Updated: 22.85 → 22.93 (CHANGED)
[2026-01-08 08:24:15]   [emp_id: 5205] ✓ Updated: 12.56 → 12.62 (CHANGED)
[2026-01-08 08:24:15]   [emp_id: 5209] ✓ Updated: 15.56 → 15.62 (CHANGED)
[2026-01-08 08:24:15]   [emp_id: 5213] ✓ Updated: 2.97 → 3.03 (CHANGED)
[2026-01-08 08:24:16]   [emp_id: 5214] ✓ Updated: 1.81 → 1.87 (CHANGED)
[2026-01-08 08:24:16]   [emp_id: 5215] ✓ Updated: 10.56 → 10.62 (CHANGED)
[2026-01-08 08:24:16]   [emp_id: 5217] ✓ Updated: 9.56 → 9.62 (CHANGED)
[2026-01-08 08:24:16]   [emp_id: 5219] ✓ Updated: 13.56 → 13.62 (CHANGED)
[2026-01-08 08:24:16]   [emp_id: 5221] ✓ Updated: 2.87 → 2.93 (CHANGED)
[2026-01-08 08:24:16]   [emp_id: 5224] ✓ Updated: 14.56 → 14.62 (CHANGED)
[2026-01-08 08:24:16]   [emp_id: 5225] ✓ Updated: 6.87 → 6.93 (CHANGED)
[2026-01-08 08:24:16]   [emp_id: 5228] ✓ Updated: 9.56 → 9.62 (CHANGED)
[2026-01-08 08:24:16]   [emp_id: 5229] ✓ Updated: 5.56 → 5.62 (CHANGED)
[2026-01-08 08:24:16]   [emp_id: 5230] ✓ Updated: 14.23 → 14.29 (CHANGED)
[2026-01-08 08:24:16]   [emp_id: 5231] ✓ Updated: 6.56 → 6.62 (CHANGED)
[2026-01-08 08:24:16]   [emp_id: 5232] ✓ Updated: 0.56 → 0.62 (CHANGED)
[2026-01-08 08:24:16]   [emp_id: 5233] ✓ Updated: 4.56 → 4.62 (CHANGED)
[2026-01-08 08:24:16]   [emp_id: 5234] ✓ Updated: 4.56 → 4.62 (CHANGED)
[2026-01-08 08:24:16]   [emp_id: 5235] ✓ Updated: 0 → 0.06 (CHANGED)
[2026-01-08 08:24:16]   [emp_id: 5237] ✓ Updated: 10.81 → 10.87 (CHANGED)
[2026-01-08 08:24:16]   [emp_id: 5239] ✓ Updated: 7.56 → 7.62 (CHANGED)
[2026-01-08 08:24:16]   [emp_id: 5241] ✓ Updated: 5.56 → 5.62 (CHANGED)
[2026-01-08 08:24:16]   [emp_id: 5242] ✓ Updated: 15.56 → 15.62 (CHANGED)
[2026-01-08 08:24:16]   [emp_id: 5243] ✓ Updated: 1.97 → 2.03 (CHANGED)
[2026-01-08 08:24:16]   [emp_id: 5244] ✓ Updated: 0 → 0.06 (CHANGED)
[2026-01-08 08:24:16]   [emp_id: 5246] ✓ Updated: 11.56 → 11.62 (CHANGED)
[2026-01-08 08:24:16]   [emp_id: 5253] ✓ Updated: 24.43 → 24.49 (CHANGED)
[2026-01-08 08:24:16]   [emp_id: 5254] ✓ Updated: 12.41 → 12.47 (CHANGED)
[2026-01-08 08:24:16]   [emp_id: 5257] ✓ Updated: 12.12 → 12.18 (CHANGED)
[2026-01-08 08:24:16]   [emp_id: 5259] ✓ Updated: 48.65 → 48.71 (CHANGED)
[2026-01-08 08:24:16]   [emp_id: 5261] ✓ Updated: 16.45 → 16.53 (CHANGED)
[2026-01-08 08:24:16]   [emp_id: 5264] ✓ Updated: 14.13 → 14.19 (CHANGED)
[2026-01-08 08:24:16]   [emp_id: 5266] ✓ Updated: 20.75 → 20.81 (CHANGED)
[2026-01-08 08:24:16]   [emp_id: 5268] ✓ Updated: 9.32 → 9.38 (CHANGED)
[2026-01-08 08:24:16]   [emp_id: 5271] ✓ Updated: 7.98 → 8.04 (CHANGED)
[2026-01-08 08:24:16]   [emp_id: 5272] ✓ Updated: 8.85 → 8.91 (CHANGED)
[2026-01-08 08:24:16]   [emp_id: 5273] ✓ Updated: 23.92 → 23.98 (CHANGED)
[2026-01-08 08:24:16]   [emp_id: 5275] ✓ Updated: 9.67 → 9.73 (CHANGED)
[2026-01-08 08:24:16]   [emp_id: 5276] ✓ Updated: 23.94 → 24 (CHANGED)
[2026-01-08 08:24:16]   [emp_id: 5278] ✓ Updated: 8.33 → 8.39 (CHANGED)
[2026-01-08 08:24:16]   [emp_id: 5280] ✓ Updated: 18.73 → 18.79 (CHANGED)
[2026-01-08 08:24:16]   [emp_id: 5282] ✓ Updated: 11.93 → 12.01 (CHANGED)
[2026-01-08 08:24:17]   [emp_id: 5285] ✓ Updated: 28.73 → 28.79 (CHANGED)
[2026-01-08 08:24:17]   [emp_id: 5286] ✓ Updated: 15.73 → 15.79 (CHANGED)
[2026-01-08 08:24:17]   [emp_id: 5287] ✓ Updated: 50.03 → 50.09 (CHANGED)
[2026-01-08 08:24:17]   [emp_id: 5288] ✓ Updated: 7.3 → 7.36 (CHANGED)
[2026-01-08 08:24:17]   [emp_id: 5289] ✓ Updated: 48.58 → 48.64 (CHANGED)
[2026-01-08 08:24:17]   [emp_id: 5290] ✓ Updated: 47.35 → 47.41 (CHANGED)
[2026-01-08 08:24:17]   [emp_id: 5291] ✓ Updated: 5.35 → 5.41 (CHANGED)
[2026-01-08 08:24:17]   [emp_id: 5292] ✓ Updated: 5.29 → 5.35 (CHANGED)
[2026-01-08 08:24:17]   [emp_id: 5293] ✓ Updated: 38.1 → 38.18 (CHANGED)
[2026-01-08 08:24:17]   [emp_id: 5294] ✓ Updated: 7.85 → 7.93 (CHANGED)
[2026-01-08 08:24:17]   [emp_id: 5295] ✓ Updated: 21.53 → 21.59 (CHANGED)
[2026-01-08 08:24:17]   [emp_id: 5296] ✓ Updated: 34.87 → 34.95 (CHANGED)
[2026-01-08 08:24:17]   [emp_id: 5297] ✓ Updated: 45.95 → 46.01 (CHANGED)
[2026-01-08 08:24:17]   [emp_id: 5298] ✓ Updated: 45.95 → 46.01 (CHANGED)
[2026-01-08 08:24:17]   [emp_id: 5299] ✓ Updated: 45.95 → 46.01 (CHANGED)
[2026-01-08 08:24:17]   [emp_id: 5300] ✓ Updated: 45.95 → 46.01 (CHANGED)
[2026-01-08 08:24:17]   [emp_id: 5301] ✓ Updated: 3.77 → 3.83 (CHANGED)
[2026-01-08 08:24:17]   [emp_id: 5303] ✓ Updated: 4.2 → 4.26 (CHANGED)
[2026-01-08 08:24:17]   [emp_id: 5304] ✓ Updated: 45.95 → 46.01 (CHANGED)
[2026-01-08 08:24:17]   [emp_id: 5305] ✓ Updated: 3.95 → 4.01 (CHANGED)
[2026-01-08 08:24:17]   [emp_id: 5306] ✓ Updated: 45.66 → 45.72 (CHANGED)
[2026-01-08 08:24:17]   [emp_id: 5307] ✓ Updated: 45.66 → 45.72 (CHANGED)
[2026-01-08 08:24:17]   [emp_id: 5312] ✓ Updated: 0 → 0.06 (CHANGED)
[2026-01-08 08:24:17]   [emp_id: 5318] ✓ Updated: 26.37 → 26.43 (CHANGED)
[2026-01-08 08:24:17]   [emp_id: 5325] ✓ Updated: 22.33 → 22.39 (CHANGED)
[2026-01-08 08:24:17]   [emp_id: 5327] ✓ Updated: 1.42 → 1.48 (CHANGED)
[2026-01-08 08:24:17]   [emp_id: 5337] ✓ Updated: 35.76 → 35.84 (CHANGED)
[2026-01-08 08:24:17]   [emp_id: 5339] ✓ Updated: 10.52 → 10.58 (CHANGED)
[2026-01-08 08:24:17]   [emp_id: 5343] ✓ Updated: 45.68 → 45.76 (CHANGED)
[2026-01-08 08:24:17]   [emp_id: 5343] ✓ Updated: 45.68 → 45.76 (CHANGED)
[2026-01-08 08:24:17]   [emp_id: 5345] ✓ Updated: 15.51 → 15.59 (CHANGED)
[2026-01-08 08:24:17]   [emp_id: 5346] ✓ Updated: 2.24 → 2.3 (CHANGED)
[2026-01-08 08:24:17]   [emp_id: 5351] ✓ Updated: 17.18 → 17.24 (CHANGED)
[2026-01-08 08:24:17]   [emp_id: 5352] ✓ Updated: 25.93 → 26.01 (CHANGED)
[2026-01-08 08:24:17]   [emp_id: 5370] ✓ Updated: 15.83 → 15.89 (CHANGED)
[2026-01-08 08:24:17]   [emp_id: 5371] ✓ Updated: 0 → 0.08 (CHANGED)
[2026-01-08 08:24:17]   [emp_id: 5376] ✓ Updated: 10.43 → 10.49 (CHANGED)
[2026-01-08 08:24:17]   [emp_id: 5378] ✓ Updated: 17.76 → 17.84 (CHANGED)
[2026-01-08 08:24:18]   [emp_id: 5380] ✓ Updated: 16.84 → 16.9 (CHANGED)
[2026-01-08 08:24:18]   [emp_id: 5381] ✓ Updated: 12.2 → 12.28 (CHANGED)
[2026-01-08 08:24:18]   [emp_id: 5383] ✓ Updated: 16.51 → 16.59 (CHANGED)
[2026-01-08 08:24:18]   [emp_id: 5388] ✓ Updated: 27.62 → 27.68 (CHANGED)
[2026-01-08 08:24:18]   [emp_id: 5396] ✓ Updated: 28.86 → 28.92 (CHANGED)
[2026-01-08 08:24:18]   [emp_id: 5397] ✓ Updated: 20.32 → 20.38 (CHANGED)
[2026-01-08 08:24:18]   [emp_id: 5401] ✓ Updated: 23.43 → 23.49 (CHANGED)
[2026-01-08 08:24:18]   [emp_id: 5402] ✓ Updated: 23.55 → 23.61 (CHANGED)
[2026-01-08 08:24:18]   [emp_id: 5406] ✓ Updated: 17.27 → 17.33 (CHANGED)
[2026-01-08 08:24:18]   [emp_id: 5407] ✓ Updated: 16.28 → 16.36 (CHANGED)
[2026-01-08 08:24:18]   [emp_id: 5409] ✓ Updated: 16.61 → 16.67 (CHANGED)
[2026-01-08 08:24:18]   [emp_id: 5413] ✓ Updated: 28.68 → 28.76 (CHANGED)
[2026-01-08 08:24:18]   [emp_id: 5414] ✓ Updated: 28.35 → 28.43 (CHANGED)
[2026-01-08 08:24:18]   [emp_id: 5415] ✓ Updated: 4.28 → 4.36 (CHANGED)
[2026-01-08 08:24:18]   [emp_id: 5418] ✓ Updated: 15.67 → 15.73 (CHANGED)
[2026-01-08 08:24:18]   [emp_id: 5422] ✓ Updated: 21.01 → 21.09 (CHANGED)
[2026-01-08 08:24:18]   [emp_id: 5423] ✓ Updated: 5.7 → 5.78 (CHANGED)
[2026-01-08 08:24:18]   [emp_id: 5425] ✓ Updated: 14.22 → 14.28 (CHANGED)
[2026-01-08 08:24:18]   [emp_id: 5426] ✓ Updated: 2.25 → 2.33 (CHANGED)
[2026-01-08 08:24:18]   [emp_id: 5426] ✓ Updated: 2.25 → 2.33 (CHANGED)
[2026-01-08 08:24:18]   [emp_id: 5427] ✓ Updated: 14.33 → 14.39 (CHANGED)
[2026-01-08 08:24:18]   [emp_id: 5428] ✓ Updated: 14.22 → 14.28 (CHANGED)
[2026-01-08 08:24:18]   [emp_id: 5430] ✓ Updated: 18.07 → 18.15 (CHANGED)
[2026-01-08 08:24:18]   [emp_id: 5431] ✓ Updated: 13.34 → 13.4 (CHANGED)
[2026-01-08 08:24:18]   [emp_id: 5433] ✓ Updated: 13.36 → 13.42 (CHANGED)
[2026-01-08 08:24:18]   [emp_id: 5434] ✓ Updated: 13.11 → 13.17 (CHANGED)
[2026-01-08 08:24:18]   [emp_id: 5435] ✓ Updated: 13.05 → 13.11 (CHANGED)
[2026-01-08 08:24:18]   [emp_id: 5436] ✓ Updated: 13.05 → 13.11 (CHANGED)
[2026-01-08 08:24:18]   [emp_id: 5438] ✓ Updated: 15.93 → 16.01 (CHANGED)
[2026-01-08 08:24:18]   [emp_id: 5439] ✓ Updated: 25.43 → 25.51 (CHANGED)
[2026-01-08 08:24:18]   [emp_id: 5442] ✓ Updated: 14.43 → 14.51 (CHANGED)
[2026-01-08 08:24:18]   [emp_id: 5445] ✓ Updated: 7.51 → 7.57 (CHANGED)
[2026-01-08 08:24:18]   [emp_id: 5446] ✓ Updated: 7.51 → 7.57 (CHANGED)
[2026-01-08 08:24:18]   [emp_id: 5447] ✓ Updated: 7.45 → 7.51 (CHANGED)
[2026-01-08 08:24:18]   [emp_id: 5448] ✓ Updated: 1.45 → 1.53 (CHANGED)
[2026-01-08 08:24:18]   [emp_id: 5449] ✓ Updated: 5.53 → 5.59 (CHANGED)
[2026-01-08 08:24:18]   [emp_id: 5450] ✓ Updated: 5.47 → 5.53 (CHANGED)
[2026-01-08 08:24:18]   [emp_id: 5451] ✓ Updated: 5.47 → 5.53 (CHANGED)
[2026-01-08 08:24:18]   [emp_id: 5453] ✓ Updated: 5.31 → 5.37 (CHANGED)
[2026-01-08 08:24:18]   [emp_id: 5454] ✓ Updated: 7.51 → 7.59 (CHANGED)
[2026-01-08 08:24:18]   [emp_id: 5455] ✓ Updated: 1.76 → 1.84 (CHANGED)
[2026-01-08 08:24:18]   [emp_id: 5456] ✓ Updated: 6.76 → 6.84 (CHANGED)
[2026-01-08 08:24:19]   [emp_id: 5457] ✓ Updated: 4.56 → 4.62 (CHANGED)
[2026-01-08 08:24:19]   [emp_id: 5460] ✓ Updated: 5.41 → 5.49 (CHANGED)
[2026-01-08 08:24:19]   [emp_id: 5463] ✓ Updated: 4.74 → 4.82 (CHANGED)
[2026-01-08 08:24:19]   [emp_id: 5464] ✓ Updated: 4.74 → 4.82 (CHANGED)
[2026-01-08 08:24:19]   [emp_id: 5466] ✓ Updated: 2.49 → 2.57 (CHANGED)
[2026-01-08 08:24:19]   [emp_id: 5467] ✓ Updated: 1.41 → 1.49 (CHANGED)
[2026-01-08 08:24:19] Report saved to: D:\xampp\htdocs\almutlak\system/cron_logs/last_vacation_update_report.json
[2026-01-08 08:24:43] ========== CRON: Vacation Balance Update Started ==========
[2026-01-08 12:07:33] ========== CRON: Vacation Balance Update Started ==========
