[2026-01-12 10:07:10] ========== CRON: Vacation Balance Update Started ==========
[2026-01-12 10:07:10] Database connection established
[2026-01-12 10:07:10] Found 435 active employees with balance records to update
[2026-01-12 10:07:10] (Only employees with status=1 will be processed)
[2026-01-12 10:07:10]   [emp_id: 1061] ✓ Updated: 0.32 → 0.4 (CHANGED)
[2026-01-12 10:07:10]   [emp_id: 1496] ✓ Updated: 17.17 → 17.25 (CHANGED)
[2026-01-12 10:07:10]   [emp_id: 1500] ✓ Updated: 4.85 → 4.93 (CHANGED)
[2026-01-12 10:07:10]   [emp_id: 1574] ✓ Updated: 34.08 → 34.16 (CHANGED)
[2026-01-12 10:07:10]   [emp_id: 1673] ✓ Updated: 45.58 → 45.66 (CHANGED)
[2026-01-12 10:07:10]   [emp_id: 1685] ✓ Updated: 15.5 → 15.58 (CHANGED)
[2026-01-12 10:07:10]   [emp_id: 1764] ✓ Updated: 70.17 → 70.25 (CHANGED)
[2026-01-12 10:07:10]   [emp_id: 1805] ✓ Updated: 64.5 → 64.58 (CHANGED)
[2026-01-12 10:07:10]   [emp_id: 1822] ✓ Updated: 69.25 → 69.33 (CHANGED)
[2026-01-12 10:07:10]   [emp_id: 1837] ✓ Updated: 25.42 → 25.5 (CHANGED)
[2026-01-12 10:07:10]   [emp_id: 1857] ✓ Updated: 20.75 → 20.83 (CHANGED)
[2026-01-12 10:07:10]   [emp_id: 1861] ✓ Updated: 71.58 → 71.66 (CHANGED)
[2026-01-12 10:07:10]   [emp_id: 1872] ✓ Updated: 10.42 → 10.5 (CHANGED)
[2026-01-12 10:07:10]   [emp_id: 1897] ✓ Updated: 5.75 → 5.83 (CHANGED)
[2026-01-12 10:07:10]   [emp_id: 1916] ✓ Updated: 12.05 → 12.13 (CHANGED)
[2026-01-12 10:07:10]   [emp_id: 1928] ✓ Updated: 65 → 65.08 (CHANGED)
[2026-01-12 10:07:10]   [emp_id: 1931] ✓ Updated: 84.92 → 85 (CHANGED)
[2026-01-12 10:07:10]   [emp_id: 1944] ✓ Updated: 43.08 → 43.16 (CHANGED)
[2026-01-12 10:07:10]   [emp_id: 1996] ✓ Updated: 71.58 → 71.66 (CHANGED)
[2026-01-12 10:07:10]   [emp_id: 1997] ✓ Updated: 36.75 → 36.83 (CHANGED)
[2026-01-12 10:07:10]   [emp_id: 1998] ✓ Updated: 28.19 → 28.27 (CHANGED)
[2026-01-12 10:07:10]   [emp_id: 1999] ✓ Updated: 29.19 → 29.27 (CHANGED)
[2026-01-12 10:07:10]   [emp_id: 2009] ✓ Updated: 35.5 → 35.58 (CHANGED)
[2026-01-12 10:07:10]   [emp_id: 2048] ✓ Updated: 25.33 → 25.41 (CHANGED)
[2026-01-12 10:07:10]   [emp_id: 2057] ✓ Updated: 66.17 → 66.25 (CHANGED)
[2026-01-12 10:07:10]   [emp_id: 2079] ✓ Updated: 48.5 → 48.58 (CHANGED)
[2026-01-12 10:07:10]   [emp_id: 2181] ✓ Updated: 37.5 → 37.58 (CHANGED)
[2026-01-12 10:07:10]   [emp_id: 2190] ✓ Updated: 6.83 → 6.91 (CHANGED)
[2026-01-12 10:07:10]   [emp_id: 2212] ✓ Updated: 24.83 → 24.91 (CHANGED)
[2026-01-12 10:07:10]   [emp_id: 2226] ✓ Updated: 69.58 → 69.66 (CHANGED)
[2026-01-12 10:07:11]   [emp_id: 2238] ✓ Updated: 67.83 → 67.91 (CHANGED)
[2026-01-12 10:07:11]   [emp_id: 2285] ✓ Updated: 36.5 → 36.58 (CHANGED)
[2026-01-12 10:07:11]   [emp_id: 2287] ✓ Updated: 48.17 → 48.25 (CHANGED)
[2026-01-12 10:07:11]   [emp_id: 2288] ✓ Updated: 3.19 → 3.27 (CHANGED)
[2026-01-12 10:07:11]   [emp_id: 2316] ✓ Updated: 17 → 17.08 (CHANGED)
[2026-01-12 10:07:11]   [emp_id: 2337] ✓ Updated: 38.08 → 38.16 (CHANGED)
[2026-01-12 10:07:11]   [emp_id: 2352] ✓ Updated: 69.58 → 69.66 (CHANGED)
[2026-01-12 10:07:11]   [emp_id: 2358] ✓ Updated: 6.08 → 6.16 (CHANGED)
[2026-01-12 10:07:11]   [emp_id: 2361] ✓ Updated: 71.75 → 71.83 (CHANGED)
[2026-01-12 10:07:11]   [emp_id: 2363] ✓ Updated: 74.33 → 74.41 (CHANGED)
[2026-01-12 10:07:11]   [emp_id: 2364] ✓ Updated: 73.75 → 73.83 (CHANGED)
[2026-01-12 10:07:11]   [emp_id: 2367] ✓ Updated: 101.42 → 101.5 (CHANGED)
[2026-01-12 10:07:11]   [emp_id: 2368] ✓ Updated: 31.83 → 31.91 (CHANGED)
[2026-01-12 10:07:11]   [emp_id: 2372] ✓ Updated: 69.08 → 69.16 (CHANGED)
[2026-01-12 10:07:11]   [emp_id: 2376] ✓ Updated: 119.08 → 119.16 (CHANGED)
[2026-01-12 10:07:11]   [emp_id: 2423] ✓ Updated: 19.83 → 19.91 (CHANGED)
[2026-01-12 10:07:11]   [emp_id: 2519] ✓ Updated: 113.5 → 113.58 (CHANGED)
[2026-01-12 10:07:11]   [emp_id: 2522] ✓ Updated: 57.08 → 57.16 (CHANGED)
[2026-01-12 10:07:11]   [emp_id: 2530] ✓ Updated: 52.33 → 52.41 (CHANGED)
[2026-01-12 10:07:11]   [emp_id: 2539] ✓ Updated: 49.08 → 49.16 (CHANGED)
[2026-01-12 10:07:11]   [emp_id: 2541] ✓ Updated: 29.67 → 29.75 (CHANGED)
[2026-01-12 10:07:11]   [emp_id: 2550] ✓ Updated: 95.83 → 95.91 (CHANGED)
[2026-01-12 10:07:11]   [emp_id: 2553] ✓ Updated: 32.94 → 33.02 (CHANGED)
[2026-01-12 10:07:11]   [emp_id: 2554] ✓ Updated: 39.42 → 39.5 (CHANGED)
[2026-01-12 10:07:11]   [emp_id: 2565] ✓ Updated: 94 → 94.08 (CHANGED)
[2026-01-12 10:07:11]   [emp_id: 2572] ✓ Updated: 44 → 44.08 (CHANGED)
[2026-01-12 10:07:11]   [emp_id: 2637] ✓ Updated: 64.58 → 64.66 (CHANGED)
[2026-01-12 10:07:11]   [emp_id: 2642] ✓ Updated: 77.33 → 77.41 (CHANGED)
[2026-01-12 10:07:11]   [emp_id: 2645] ✓ Updated: 93.33 → 93.41 (CHANGED)
[2026-01-12 10:07:11]   [emp_id: 2648] ✓ Updated: 45 → 45.08 (CHANGED)
[2026-01-12 10:07:11]   [emp_id: 2654] ✓ Updated: 87.67 → 87.75 (CHANGED)
[2026-01-12 10:07:11]   [emp_id: 2688] ✓ Updated: 25.75 → 25.83 (CHANGED)
[2026-01-12 10:07:11]   [emp_id: 2690] ✓ Updated: 14.5 → 14.58 (CHANGED)
[2026-01-12 10:07:11]   [emp_id: 2709] ✓ Updated: 36.75 → 36.83 (CHANGED)
[2026-01-12 10:07:11]   [emp_id: 2745] ✓ Updated: 33.33 → 33.41 (CHANGED)
[2026-01-12 10:07:11]   [emp_id: 2843] ✓ Updated: 79.92 → 80 (CHANGED)
[2026-01-12 10:07:11]   [emp_id: 2854] ✓ Updated: 59.83 → 59.91 (CHANGED)
[2026-01-12 10:07:11]   [emp_id: 2869] ✓ Updated: 3.75 → 3.83 (CHANGED)
[2026-01-12 10:07:11]   [emp_id: 2876] ✓ Updated: 34.58 → 34.66 (CHANGED)
[2026-01-12 10:07:11]   [emp_id: 2924] ✓ Updated: 15.75 → 15.83 (CHANGED)
[2026-01-12 10:07:11]   [emp_id: 2953] ✓ Updated: 101.5 → 101.58 (CHANGED)
[2026-01-12 10:07:11]   [emp_id: 2961] ✓ Updated: 11.5 → 11.58 (CHANGED)
[2026-01-12 10:07:11]   [emp_id: 2975] ✓ Updated: 1.18 → 1.26 (CHANGED)
[2026-01-12 10:07:11]   [emp_id: 3013] ✓ Updated: 10.5 → 10.58 (CHANGED)
[2026-01-12 10:07:12]   [emp_id: 3014] ✓ Updated: 89.75 → 89.83 (CHANGED)
[2026-01-12 10:07:12]   [emp_id: 3015] ✓ Updated: 1 → 1.08 (CHANGED)
[2026-01-12 10:07:12]   [emp_id: 3018] ✓ Updated: 59.75 → 59.83 (CHANGED)
[2026-01-12 10:07:12]   [emp_id: 3025] ✓ Updated: 23.52 → 23.6 (CHANGED)
[2026-01-12 10:07:12]   [emp_id: 3037] ✓ Updated: 83.25 → 83.33 (CHANGED)
[2026-01-12 10:07:12]   [emp_id: 3047] ✓ Updated: 71.5 → 71.58 (CHANGED)
[2026-01-12 10:07:12]   [emp_id: 3061] ✓ Updated: 18.42 → 18.5 (CHANGED)
[2026-01-12 10:07:12]   [emp_id: 3062] ✓ Updated: 51.58 → 51.66 (CHANGED)
[2026-01-12 10:07:12]   [emp_id: 3074] ✓ Updated: 108 → 108.08 (CHANGED)
[2026-01-12 10:07:12]   [emp_id: 3089] ✓ Updated: 6.92 → 7 (CHANGED)
[2026-01-12 10:07:12]   [emp_id: 3090] ✓ Updated: 33.5 → 33.58 (CHANGED)
[2026-01-12 10:07:12]   [emp_id: 3091] ✓ Updated: 45.5 → 45.58 (CHANGED)
[2026-01-12 10:07:12]   [emp_id: 3092] ✓ Updated: 28.17 → 28.25 (CHANGED)
[2026-01-12 10:07:12]   [emp_id: 3105] ✓ Updated: 48.5 → 48.58 (CHANGED)
[2026-01-12 10:07:12]   [emp_id: 3134] ✓ Updated: 44.25 → 44.33 (CHANGED)
[2026-01-12 10:07:12]   [emp_id: 3140] ✓ Updated: 41.33 → 41.41 (CHANGED)
[2026-01-12 10:07:12]   [emp_id: 3144] ✓ Updated: 14.17 → 14.25 (CHANGED)
[2026-01-12 10:07:12]   [emp_id: 3156] ✓ Updated: 17.5 → 17.58 (CHANGED)
[2026-01-12 10:07:12]   [emp_id: 3162] ✓ Updated: 2.48 → 2.56 (CHANGED)
[2026-01-12 10:07:12]   [emp_id: 3163] ✓ Updated: 5.75 → 5.83 (CHANGED)
[2026-01-12 10:07:12]   [emp_id: 3198] ✓ Updated: 40.75 → 40.83 (CHANGED)
[2026-01-12 10:07:12]   [emp_id: 3205] ✓ Updated: 17.42 → 17.5 (CHANGED)
[2026-01-12 10:07:12]   [emp_id: 3209] ✓ Updated: 41.58 → 41.66 (CHANGED)
[2026-01-12 10:07:12]   [emp_id: 3223] ✓ Updated: 90.5 → 90.58 (CHANGED)
[2026-01-12 10:07:12]   [emp_id: 3224] ✓ Updated: 65.25 → 65.33 (CHANGED)
[2026-01-12 10:07:12]   [emp_id: 3230] ✓ Updated: 88.67 → 88.75 (CHANGED)
[2026-01-12 10:07:12]   [emp_id: 3231] ✓ Updated: 1.04 → 1.12 (CHANGED)
[2026-01-12 10:07:12]   [emp_id: 3233] ✓ Updated: 81.5 → 81.58 (CHANGED)
[2026-01-12 10:07:12]   [emp_id: 3249] ✓ Updated: 37.33 → 37.41 (CHANGED)
[2026-01-12 10:07:12]   [emp_id: 3250] ✓ Updated: 10.33 → 10.41 (CHANGED)
[2026-01-12 10:07:12]   [emp_id: 3252] ✓ Updated: 11.25 → 11.33 (CHANGED)
[2026-01-12 10:07:12]   [emp_id: 3254] ✓ Updated: 21.75 → 21.83 (CHANGED)
[2026-01-12 10:07:12]   [emp_id: 3255] ✓ Updated: 18.17 → 18.25 (CHANGED)
[2026-01-12 10:07:12]   [emp_id: 3256] ✓ Updated: 14.42 → 14.5 (CHANGED)
[2026-01-12 10:07:12]   [emp_id: 3263] ✓ Updated: 30.5 → 30.58 (CHANGED)
[2026-01-12 10:07:12]   [emp_id: 3265] ✓ Updated: 26.08 → 26.16 (CHANGED)
[2026-01-12 10:07:12]   [emp_id: 3280] ✓ Updated: 73 → 73.08 (CHANGED)
[2026-01-12 10:07:12]   [emp_id: 3286] ✓ Updated: 16.17 → 16.25 (CHANGED)
[2026-01-12 10:07:12]   [emp_id: 3294] ✓ Updated: 15.83 → 15.91 (CHANGED)
[2026-01-12 10:07:12]   [emp_id: 3321] ✓ Updated: 73 → 73.08 (CHANGED)
[2026-01-12 10:07:12]   [emp_id: 3325] ✓ Updated: 60.75 → 60.83 (CHANGED)
[2026-01-12 10:07:12]   [emp_id: 3329] ✓ Updated: 63.08 → 63.16 (CHANGED)
[2026-01-12 10:07:13]   [emp_id: 3330] ✓ Updated: 63.08 → 63.16 (CHANGED)
[2026-01-12 10:07:13]   [emp_id: 3332] ✓ Updated: 63.08 → 63.16 (CHANGED)
[2026-01-12 10:07:13]   [emp_id: 3370] ✓ Updated: 54.75 → 54.83 (CHANGED)
[2026-01-12 10:07:13]   [emp_id: 3384] ✓ Updated: 15.25 → 15.33 (CHANGED)
[2026-01-12 10:07:13]   [emp_id: 3386] ✓ Updated: 45.25 → 45.33 (CHANGED)
[2026-01-12 10:07:13]   [emp_id: 3431] ✓ Updated: 19.67 → 19.75 (CHANGED)
[2026-01-12 10:07:13]   [emp_id: 3497] ✓ Updated: 9.83 → 9.91 (CHANGED)
[2026-01-12 10:07:13]   [emp_id: 3532] ✓ Updated: 46.67 → 46.75 (CHANGED)
[2026-01-12 10:07:13]   [emp_id: 3586] ✓ Updated: 10.75 → 10.83 (CHANGED)
[2026-01-12 10:07:13]   [emp_id: 3602] ✓ Updated: 2.24 → 2.32 (CHANGED)
[2026-01-12 10:07:13]   [emp_id: 3618] ✓ Updated: 24.22 → 24.3 (CHANGED)
[2026-01-12 10:07:13]   [emp_id: 3622] ✓ Updated: 35.01 → 35.07 (CHANGED)
[2026-01-12 10:07:13]   [emp_id: 3627] ✓ Updated: 10.17 → 10.25 (CHANGED)
[2026-01-12 10:07:13]   [emp_id: 3665] ✓ Updated: 51.75 → 51.83 (CHANGED)
[2026-01-12 10:07:13]   [emp_id: 3705] ✓ Updated: 28.34 → 28.4 (CHANGED)
[2026-01-12 10:07:13]   [emp_id: 3724] ✓ Updated: 44.75 → 44.83 (CHANGED)
[2026-01-12 10:07:13]   [emp_id: 3726] ✓ Updated: 61.17 → 61.25 (CHANGED)
[2026-01-12 10:07:13]   [emp_id: 3727] ✓ Updated: 66.25 → 66.33 (CHANGED)
[2026-01-12 10:07:13]   [emp_id: 3728] ✓ Updated: 10.58 → 10.66 (CHANGED)
[2026-01-12 10:07:13]   [emp_id: 3767] ✓ Updated: 1.33 → 1.41 (CHANGED)
[2026-01-12 10:07:13]   [emp_id: 3768] ✓ Updated: 57.58 → 57.66 (CHANGED)
[2026-01-12 10:07:13]   [emp_id: 3787] ✓ Updated: 58.17 → 58.25 (CHANGED)
[2026-01-12 10:07:13]   [emp_id: 3790] ✓ Updated: 2.72 → 2.8 (CHANGED)
[2026-01-12 10:07:13]   [emp_id: 3795] ✓ Updated: 15.67 → 15.75 (CHANGED)
[2026-01-12 10:07:13]   [emp_id: 3798] ✓ Updated: 94.08 → 94.16 (CHANGED)
[2026-01-12 10:07:13]   [emp_id: 3801] ✓ Updated: 2.35 → 2.43 (CHANGED)
[2026-01-12 10:07:13]   [emp_id: 3802] ✓ Updated: 31.33 → 31.41 (CHANGED)
[2026-01-12 10:07:13]   [emp_id: 3803] ✓ Updated: 115.75 → 115.83 (CHANGED)
[2026-01-12 10:07:13]   [emp_id: 3810] ✓ Updated: 121.75 → 121.83 (CHANGED)
[2026-01-12 10:07:13]   [emp_id: 3812] ✓ Updated: 90.75 → 90.83 (CHANGED)
[2026-01-12 10:07:13]   [emp_id: 3815] ✓ Updated: 90.75 → 90.83 (CHANGED)
[2026-01-12 10:07:13]   [emp_id: 3836] ✓ Updated: 58.42 → 58.5 (CHANGED)
[2026-01-12 10:07:13]   [emp_id: 3855] ✓ Updated: 51.58 → 51.66 (CHANGED)
[2026-01-12 10:07:13]   [emp_id: 3857] ✓ Updated: 55.25 → 55.33 (CHANGED)
[2026-01-12 10:07:13]   [emp_id: 3862] ✓ Updated: 103.33 → 103.41 (CHANGED)
[2026-01-12 10:07:13]   [emp_id: 3866] ✓ Updated: 28.58 → 28.66 (CHANGED)
[2026-01-12 10:07:13]   [emp_id: 3876] ✓ Updated: 24.75 → 24.83 (CHANGED)
[2026-01-12 10:07:13]   [emp_id: 3877] ✓ Updated: 50.25 → 50.33 (CHANGED)
[2026-01-12 10:07:13]   [emp_id: 3897] ✓ Updated: 38.5 → 38.58 (CHANGED)
[2026-01-12 10:07:13]   [emp_id: 3899] ✓ Updated: 0.32 → 0.4 (CHANGED)
[2026-01-12 10:07:13]   [emp_id: 3928] ✓ Updated: 14.58 → 14.66 (CHANGED)
[2026-01-12 10:07:13]   [emp_id: 3929] ✓ Updated: 9.58 → 9.66 (CHANGED)
[2026-01-12 10:07:13]   [emp_id: 3935] ✓ Updated: 94.58 → 94.66 (CHANGED)
[2026-01-12 10:07:13]   [emp_id: 3952] ✓ Updated: 75.92 → 76 (CHANGED)
[2026-01-12 10:07:14]   [emp_id: 3987] ✓ Updated: 14.83 → 14.91 (CHANGED)
[2026-01-12 10:07:14]   [emp_id: 4059] ✓ Updated: 4.03 → 4.11 (CHANGED)
[2026-01-12 10:07:14]   [emp_id: 4119] ✓ Updated: 57.5 → 57.58 (CHANGED)
[2026-01-12 10:07:14]   [emp_id: 4120] ✓ Updated: 27.08 → 27.16 (CHANGED)
[2026-01-12 10:07:14]   [emp_id: 4124] ✓ Updated: 27.6 → 27.68 (CHANGED)
[2026-01-12 10:07:14]   [emp_id: 4133] ✓ Updated: 106.08 → 106.16 (CHANGED)
[2026-01-12 10:07:14]   [emp_id: 4134] ✓ Updated: 27.08 → 27.16 (CHANGED)
[2026-01-12 10:07:14]   [emp_id: 4136] ✓ Updated: 27.08 → 27.16 (CHANGED)
[2026-01-12 10:07:14]   [emp_id: 4150] ✓ Updated: 25.75 → 25.83 (CHANGED)
[2026-01-12 10:07:14]   [emp_id: 4157] ✓ Updated: 19.25 → 19.33 (CHANGED)
[2026-01-12 10:07:14]   [emp_id: 4172] ✓ Updated: 12.92 → 12.98 (CHANGED)
[2026-01-12 10:07:14]   [emp_id: 4195] ✓ Updated: 62.83 → 62.91 (CHANGED)
[2026-01-12 10:07:14]   [emp_id: 4215] ✓ Updated: 45.5 → 45.58 (CHANGED)
[2026-01-12 10:07:14]   [emp_id: 4220] ✓ Updated: 41.08 → 41.16 (CHANGED)
[2026-01-12 10:07:14]   [emp_id: 4273] ✓ Updated: 9.75 → 9.83 (CHANGED)
[2026-01-12 10:07:14]   [emp_id: 4283] ✓ Updated: 14.01 → 14.07 (CHANGED)
[2026-01-12 10:07:14]   [emp_id: 4288] ✓ Updated: 0.32 → 0.4 (CHANGED)
[2026-01-12 10:07:14]   [emp_id: 4315] ✓ Updated: 13 → 13.08 (CHANGED)
[2026-01-12 10:07:14]   [emp_id: 4328] ✓ Updated: 42.84 → 42.9 (CHANGED)
[2026-01-12 10:07:14]   [emp_id: 4329] ✓ Updated: 6.17 → 6.25 (CHANGED)
[2026-01-12 10:07:14]   [emp_id: 4338] ✓ Updated: 47.75 → 47.83 (CHANGED)
[2026-01-12 10:07:14]   [emp_id: 4340] ✓ Updated: 126.75 → 126.83 (CHANGED)
[2026-01-12 10:07:14]   [emp_id: 4365] ✓ Updated: 61.17 → 61.25 (CHANGED)
[2026-01-12 10:07:14]   [emp_id: 4366] ✓ Updated: 60.25 → 60.33 (CHANGED)
[2026-01-12 10:07:14]   [emp_id: 4403] ✓ Updated: 86.08 → 86.16 (CHANGED)
[2026-01-12 10:07:14]   [emp_id: 4438] ✓ Updated: 21.75 → 21.83 (CHANGED)
[2026-01-12 10:07:14]   [emp_id: 4465] ✓ Updated: 13.17 → 13.23 (CHANGED)
[2026-01-12 10:07:14]   [emp_id: 4473] ✓ Updated: 45.33 → 45.41 (CHANGED)
[2026-01-12 10:07:14]   [emp_id: 4474] ✓ Updated: 3.68 → 3.74 (CHANGED)
[2026-01-12 10:07:14]   [emp_id: 4493] ✓ Updated: 164.17 → 164.25 (CHANGED)
[2026-01-12 10:07:14]   [emp_id: 4526] ✓ Updated: 36.42 → 36.5 (CHANGED)
[2026-01-12 10:07:14]   [emp_id: 4528] ✓ Updated: 108.17 → 108.25 (CHANGED)
[2026-01-12 10:07:14]   [emp_id: 4528] ✓ Updated: 108.17 → 108.25 (CHANGED)
[2026-01-12 10:07:14]   [emp_id: 4532] ✓ Updated: 8.29 → 8.35 (CHANGED)
[2026-01-12 10:07:14]   [emp_id: 4533] ✓ Updated: 36.58 → 36.66 (CHANGED)
[2026-01-12 10:07:14]   [emp_id: 4564] ✓ Updated: 25.62 → 25.97 (CHANGED)
[2026-01-12 10:07:14]   [emp_id: 4565] ✓ Updated: 15.67 → 15.73 (CHANGED)
[2026-01-12 10:07:14]   [emp_id: 4567] ✓ Updated: 19.92 → 19.98 (CHANGED)
[2026-01-12 10:07:14]   [emp_id: 4572] ✓ Updated: 59.42 → 59.48 (CHANGED)
[2026-01-12 10:07:14]   [emp_id: 4631] ✓ Updated: 15.67 → 15.73 (CHANGED)
[2026-01-12 10:07:14]   [emp_id: 4655] ✓ Updated: 25.5 → 25.58 (CHANGED)
[2026-01-12 10:07:14]   [emp_id: 4689] ✓ Updated: 2.87 → 3.37 (CHANGED)
[2026-01-12 10:07:15]   [emp_id: 4709] ✓ Updated: 40.75 → 40.83 (CHANGED)
[2026-01-12 10:07:15]   [emp_id: 4717] ✓ Updated: 66.75 → 66.83 (CHANGED)
[2026-01-12 10:07:15]   [emp_id: 4736] ✓ Updated: 28.58 → 28.66 (CHANGED)
[2026-01-12 10:07:15]   [emp_id: 4756] ✓ Updated: 12.11 → 12.17 (CHANGED)
[2026-01-12 10:07:15]   [emp_id: 4768] ✓ Updated: 13.25 → 13.33 (CHANGED)
[2026-01-12 10:07:15]   [emp_id: 4780] ✓ Updated: 65.84 → 65.9 (CHANGED)
[2026-01-12 10:07:15]   [emp_id: 4820] ✓ Updated: 99.58 → 99.66 (CHANGED)
[2026-01-12 10:07:15]   [emp_id: 4825] ✓ Updated: 31.33 → 31.41 (CHANGED)
[2026-01-12 10:07:15]   [emp_id: 4835] ✓ Updated: 48.59 → 48.65 (CHANGED)
[2026-01-12 10:07:15]   [emp_id: 4837] ✓ Updated: 45.83 → 45.89 (CHANGED)
[2026-01-12 10:07:15]   [emp_id: 4838] ✓ Updated: 44.85 → 44.91 (CHANGED)
[2026-01-12 10:07:15]   [emp_id: 4840] ✓ Updated: 45.83 → 45.89 (CHANGED)
[2026-01-12 10:07:15]   [emp_id: 4842] ✓ Updated: 45.07 → 45.13 (CHANGED)
[2026-01-12 10:07:15]   [emp_id: 4843] ✓ Updated: 45.6 → 45.66 (CHANGED)
[2026-01-12 10:07:15]   [emp_id: 4853] ✓ Updated: 89.42 → 89.48 (CHANGED)
[2026-01-12 10:07:15]   [emp_id: 4856] ✓ Updated: 42.74 → 42.8 (CHANGED)
[2026-01-12 10:07:15]   [emp_id: 4857] ✓ Updated: 25.56 → 25.62 (CHANGED)
[2026-01-12 10:07:15]   [emp_id: 4858] ✓ Updated: 22.44 → 22.5 (CHANGED)
[2026-01-12 10:07:15]   [emp_id: 4859] ✓ Updated: 43.91 → 43.97 (CHANGED)
[2026-01-12 10:07:15]   [emp_id: 4860] ✓ Updated: 8.41 → 8.47 (CHANGED)
[2026-01-12 10:07:15]   [emp_id: 4861] ✓ Updated: 41.87 → 41.93 (CHANGED)
[2026-01-12 10:07:15]   [emp_id: 4869] ✓ Updated: 84.75 → 84.81 (CHANGED)
[2026-01-12 10:07:15]   [emp_id: 4894] ✓ Updated: 8.25 → 8.33 (CHANGED)
[2026-01-12 10:07:15]   [emp_id: 4897] ✓ Updated: 23.65 → 23.71 (CHANGED)
[2026-01-12 10:07:15]   [emp_id: 4899] ✓ Updated: 19.82 → 19.88 (CHANGED)
[2026-01-12 10:07:15]   [emp_id: 4902] ✓ Updated: 19.24 → 19.3 (CHANGED)
[2026-01-12 10:07:15]   [emp_id: 4903] ✓ Updated: 21.46 → 21.52 (CHANGED)
[2026-01-12 10:07:15]   [emp_id: 4905] ✓ Updated: 20.12 → 20.18 (CHANGED)
[2026-01-12 10:07:15]   [emp_id: 4907] ✓ Updated: 48.33 → 48.41 (CHANGED)
[2026-01-12 10:07:15]   [emp_id: 4917] ✓ Updated: 17.08 → 17.14 (CHANGED)
[2026-01-12 10:07:15]   [emp_id: 4918] ✓ Updated: 6.85 → 6.91 (CHANGED)
[2026-01-12 10:07:15]   [emp_id: 4919] ✓ Updated: 59.14 → 59.2 (CHANGED)
[2026-01-12 10:07:15]   [emp_id: 4920] ✓ Updated: 6.22 → 6.28 (CHANGED)
[2026-01-12 10:07:15]   [emp_id: 4921] ✓ Updated: 18.31 → 18.37 (CHANGED)
[2026-01-12 10:07:15]   [emp_id: 4927] ✓ Updated: 17.14 → 17.2 (CHANGED)
[2026-01-12 10:07:15]   [emp_id: 4929] ✓ Updated: 18.66 → 18.72 (CHANGED)
[2026-01-12 10:07:15]   [emp_id: 4930] ✓ Updated: 59.43 → 59.49 (CHANGED)
[2026-01-12 10:07:15]   [emp_id: 4932] ✓ Updated: 17.43 → 17.49 (CHANGED)
[2026-01-12 10:07:15]   [emp_id: 4933] ✓ Updated: 20.84 → 20.9 (CHANGED)
[2026-01-12 10:07:15]   [emp_id: 4949] ✓ Updated: 24.27 → 24.33 (CHANGED)
[2026-01-12 10:07:15]   [emp_id: 4956] ✓ Updated: 29.86 → 29.92 (CHANGED)
[2026-01-12 10:07:15]   [emp_id: 4957] ✓ Updated: 25.53 → 25.59 (CHANGED)
[2026-01-12 10:07:15]   [emp_id: 4962] ✓ Updated: 47.69 → 47.77 (CHANGED)
[2026-01-12 10:07:15]   [emp_id: 4969] ✓ Updated: 47 → 47.08 (CHANGED)
[2026-01-12 10:07:15]   [emp_id: 4976] ✓ Updated: 10.55 → 10.61 (CHANGED)
[2026-01-12 10:07:15]   [emp_id: 4984] ✓ Updated: 38.25 → 38.33 (CHANGED)
[2026-01-12 10:07:16]   [emp_id: 4995] ✓ Updated: 50.32 → 50.4 (CHANGED)
[2026-01-12 10:07:16]   [emp_id: 5004] ✓ Updated: 27.49 → 27.55 (CHANGED)
[2026-01-12 10:07:16]   [emp_id: 5006] ✓ Updated: 27.23 → 27.29 (CHANGED)
[2026-01-12 10:07:16]   [emp_id: 5011] ✓ Updated: 6.1 → 6.18 (CHANGED)
[2026-01-12 10:07:16]   [emp_id: 5013] ✓ Updated: 67.6 → 67.66 (CHANGED)
[2026-01-12 10:07:16]   [emp_id: 5018] ✓ Updated: 4.09 → 4.15 (CHANGED)
[2026-01-12 10:07:16]   [emp_id: 5021] ✓ Updated: 61.35 → 61.43 (CHANGED)
[2026-01-12 10:07:16]   [emp_id: 5024] ✓ Updated: 2.11 → 2.17 (CHANGED)
[2026-01-12 10:07:16]   [emp_id: 5030] ✓ Updated: 32.06 → 32.12 (CHANGED)
[2026-01-12 10:07:16]   [emp_id: 5033] ✓ Updated: 10.86 → 10.92 (CHANGED)
[2026-01-12 10:07:16]   [emp_id: 5043] ✓ Updated: 30.92 → 31 (CHANGED)
[2026-01-12 10:07:16]   [emp_id: 5045] ✓ Updated: 27.42 → 27.5 (CHANGED)
[2026-01-12 10:07:16]   [emp_id: 5046] ✓ Updated: 22.61 → 22.69 (CHANGED)
[2026-01-12 10:07:16]   [emp_id: 5049] ✓ Updated: 39.54 → 39.6 (CHANGED)
[2026-01-12 10:07:16]   [emp_id: 5052] ✓ Updated: 30.82 → 30.88 (CHANGED)
[2026-01-12 10:07:16]   [emp_id: 5055] ✓ Updated: 19.26 → 19.32 (CHANGED)
[2026-01-12 10:07:16]   [emp_id: 5058] ✓ Updated: 28.24 → 28.3 (CHANGED)
[2026-01-12 10:07:16]   [emp_id: 5062] ✓ Updated: 40.07 → 40.13 (CHANGED)
[2026-01-12 10:07:16]   [emp_id: 5064] ✓ Updated: 118.25 → 118.33 (CHANGED)
[2026-01-12 10:07:16]   [emp_id: 5065] ✓ Updated: 39.48 → 39.54 (CHANGED)
[2026-01-12 10:07:16]   [emp_id: 5071] ✓ Updated: 23.75 → 23.83 (CHANGED)
[2026-01-12 10:07:16]   [emp_id: 5073] ✓ Updated: 14.08 → 14.14 (CHANGED)
[2026-01-12 10:07:16]   [emp_id: 5079] ✓ Updated: 34.64 → 34.7 (CHANGED)
[2026-01-12 10:07:16]   [emp_id: 5080] ✓ Updated: 27.97 → 28.03 (CHANGED)
[2026-01-12 10:07:16]   [emp_id: 5081] ✓ Updated: 16.23 → 16.29 (CHANGED)
[2026-01-12 10:07:16]   [emp_id: 5087] ✓ Updated: 36.27 → 36.33 (CHANGED)
[2026-01-12 10:07:16]   [emp_id: 5091] ✓ Updated: 76.12 → 76.18 (CHANGED)
[2026-01-12 10:07:16]   [emp_id: 5093] ✓ Updated: 14.92 → 15 (CHANGED)
[2026-01-12 10:07:16]   [emp_id: 5095] ✓ Updated: 1.66 → 1.72 (CHANGED)
[2026-01-12 10:07:16]   [emp_id: 5101] ✓ Updated: 17 → 17.08 (CHANGED)
[2026-01-12 10:07:16]   [emp_id: 5107] ✓ Updated: 15.33 → 15.41 (CHANGED)
[2026-01-12 10:07:16]   [emp_id: 5109] ✓ Updated: 12.58 → 12.66 (CHANGED)
[2026-01-12 10:07:16]   [emp_id: 5119] ✓ Updated: 10.75 → 10.83 (CHANGED)
[2026-01-12 10:07:16]   [emp_id: 5122] ✓ Updated: 7.92 → 8 (CHANGED)
[2026-01-12 10:07:16]   [emp_id: 5126] ✓ Updated: 27 → 27.06 (CHANGED)
[2026-01-12 10:07:16]   [emp_id: 5127] ✓ Updated: 23.79 → 23.85 (CHANGED)
[2026-01-12 10:07:16]   [emp_id: 5128] ✓ Updated: 26.94 → 27 (CHANGED)
[2026-01-12 10:07:16]   [emp_id: 5138] ✓ Updated: 50.58 → 50.66 (CHANGED)
[2026-01-12 10:07:16]   [emp_id: 5138] ✓ Updated: 50.58 → 50.66 (CHANGED)
[2026-01-12 10:07:16]   [emp_id: 5141] ✓ Updated: 35.31 → 35.37 (CHANGED)
[2026-01-12 10:07:16]   [emp_id: 5142] ✓ Updated: 14.31 → 14.37 (CHANGED)
[2026-01-12 10:07:16]   [emp_id: 5146] ✓ Updated: 21.31 → 21.37 (CHANGED)
[2026-01-12 10:07:16]   [emp_id: 5147] ✓ Updated: 20.31 → 20.37 (CHANGED)
[2026-01-12 10:07:16]   [emp_id: 5148] ✓ Updated: 25.66 → 25.72 (CHANGED)
[2026-01-12 10:07:16]   [emp_id: 5149] ✓ Updated: 24.55 → 24.61 (CHANGED)
[2026-01-12 10:07:16]   [emp_id: 5150] ✓ Updated: 23.91 → 23.97 (CHANGED)
[2026-01-12 10:07:16]   [emp_id: 5151] ✓ Updated: 23.73 → 23.79 (CHANGED)
[2026-01-12 10:07:16]   [emp_id: 5152] ✓ Updated: 4.15 → 4.21 (CHANGED)
[2026-01-12 10:07:16]   [emp_id: 5157] ✓ Updated: 23.73 → 23.79 (CHANGED)
[2026-01-12 10:07:17]   [emp_id: 5160] ✓ Updated: 23.73 → 23.79 (CHANGED)
[2026-01-12 10:07:17]   [emp_id: 5163] ✓ Updated: 21.52 → 21.58 (CHANGED)
[2026-01-12 10:07:17]   [emp_id: 5165] ✓ Updated: 2.02 → 2.1 (CHANGED)
[2026-01-12 10:07:17]   [emp_id: 5167] ✓ Updated: 30.67 → 30.73 (CHANGED)
[2026-01-12 10:07:17]   [emp_id: 5168] ✓ Updated: 23.21 → 23.27 (CHANGED)
[2026-01-12 10:07:17]   [emp_id: 5173] ✓ Updated: 25.67 → 25.75 (CHANGED)
[2026-01-12 10:07:17]   [emp_id: 5174] ✓ Updated: 23.67 → 23.73 (CHANGED)
[2026-01-12 10:07:17]   [emp_id: 5181] ✓ Updated: 20.06 → 20.12 (CHANGED)
[2026-01-12 10:07:17]   [emp_id: 5186] ✓ Updated: 25.59 → 25.65 (CHANGED)
[2026-01-12 10:07:17]   [emp_id: 5187] ✓ Updated: 36.59 → 36.65 (CHANGED)
[2026-01-12 10:07:17]   [emp_id: 5204] ✓ Updated: 23.17 → 23.25 (CHANGED)
[2026-01-12 10:07:17]   [emp_id: 5205] ✓ Updated: 12.8 → 12.86 (CHANGED)
[2026-01-12 10:07:17]   [emp_id: 5209] ✓ Updated: 15.8 → 15.86 (CHANGED)
[2026-01-12 10:07:17]   [emp_id: 5213] ✓ Updated: 3.21 → 3.27 (CHANGED)
[2026-01-12 10:07:17]   [emp_id: 5214] ✓ Updated: 2.05 → 2.11 (CHANGED)
[2026-01-12 10:07:17]   [emp_id: 5215] ✓ Updated: 10.8 → 10.86 (CHANGED)
[2026-01-12 10:07:17]   [emp_id: 5217] ✓ Updated: 9.8 → 9.86 (CHANGED)
[2026-01-12 10:07:17]   [emp_id: 5219] ✓ Updated: 13.8 → 13.86 (CHANGED)
[2026-01-12 10:07:17]   [emp_id: 5221] ✓ Updated: 3.11 → 3.17 (CHANGED)
[2026-01-12 10:07:17]   [emp_id: 5224] ✓ Updated: 14.8 → 14.86 (CHANGED)
[2026-01-12 10:07:17]   [emp_id: 5225] ✓ Updated: 7.11 → 7.17 (CHANGED)
[2026-01-12 10:07:17]   [emp_id: 5228] ✓ Updated: 9.8 → 9.86 (CHANGED)
[2026-01-12 10:07:17]   [emp_id: 5229] ✓ Updated: 5.8 → 5.86 (CHANGED)
[2026-01-12 10:07:17]   [emp_id: 5230] ✓ Updated: 14.47 → 14.53 (CHANGED)
[2026-01-12 10:07:17]   [emp_id: 5231] ✓ Updated: 6.8 → 6.86 (CHANGED)
[2026-01-12 10:07:17]   [emp_id: 5232] ✓ Updated: 0.8 → 0.86 (CHANGED)
[2026-01-12 10:07:17]   [emp_id: 5233] ✓ Updated: 4.8 → 4.86 (CHANGED)
[2026-01-12 10:07:17]   [emp_id: 5234] ✓ Updated: 4.8 → 4.86 (CHANGED)
[2026-01-12 10:07:17]   [emp_id: 5235] ✓ Updated: 0.24 → 0.3 (CHANGED)
[2026-01-12 10:07:17]   [emp_id: 5237] ✓ Updated: 11.05 → 11.11 (CHANGED)
[2026-01-12 10:07:17]   [emp_id: 5239] ✓ Updated: 7.8 → 7.86 (CHANGED)
[2026-01-12 10:07:17]   [emp_id: 5241] ✓ Updated: 5.8 → 5.86 (CHANGED)
[2026-01-12 10:07:17]   [emp_id: 5242] ✓ Updated: 15.8 → 15.86 (CHANGED)
[2026-01-12 10:07:17]   [emp_id: 5243] ✓ Updated: 2.21 → 2.27 (CHANGED)
[2026-01-12 10:07:17]   [emp_id: 5244] ✓ Updated: 0.24 → 0.3 (CHANGED)
[2026-01-12 10:07:17]   [emp_id: 5246] ✓ Updated: 11.8 → 11.86 (CHANGED)
[2026-01-12 10:07:17]   [emp_id: 5253] ✓ Updated: 24.67 → 24.73 (CHANGED)
[2026-01-12 10:07:17]   [emp_id: 5254] ✓ Updated: 12.65 → 12.71 (CHANGED)
[2026-01-12 10:07:17]   [emp_id: 5257] ✓ Updated: 12.36 → 12.42 (CHANGED)
[2026-01-12 10:07:17]   [emp_id: 5259] ✓ Updated: 48.89 → 48.95 (CHANGED)
[2026-01-12 10:07:17]   [emp_id: 5261] ✓ Updated: 16.77 → 16.85 (CHANGED)
[2026-01-12 10:07:17]   [emp_id: 5264] ✓ Updated: 14.37 → 14.43 (CHANGED)
[2026-01-12 10:07:17]   [emp_id: 5266] ✓ Updated: 20.99 → 21.05 (CHANGED)
[2026-01-12 10:07:17]   [emp_id: 5268] ✓ Updated: 9.56 → 9.62 (CHANGED)
[2026-01-12 10:07:17]   [emp_id: 5271] ✓ Updated: 8.22 → 8.28 (CHANGED)
[2026-01-12 10:07:18]   [emp_id: 5272] ✓ Updated: 9.09 → 9.15 (CHANGED)
[2026-01-12 10:07:18]   [emp_id: 5273] ✓ Updated: 24.16 → 24.22 (CHANGED)
[2026-01-12 10:07:18]   [emp_id: 5275] ✓ Updated: 9.91 → 9.97 (CHANGED)
[2026-01-12 10:07:18]   [emp_id: 5276] ✓ Updated: 24.18 → 24.24 (CHANGED)
[2026-01-12 10:07:18]   [emp_id: 5278] ✓ Updated: 8.57 → 8.63 (CHANGED)
[2026-01-12 10:07:18]   [emp_id: 5280] ✓ Updated: 18.97 → 19.03 (CHANGED)
[2026-01-12 10:07:18]   [emp_id: 5282] ✓ Updated: 12.25 → 12.33 (CHANGED)
[2026-01-12 10:07:18]   [emp_id: 5285] ✓ Updated: 28.97 → 29.03 (CHANGED)
[2026-01-12 10:07:18]   [emp_id: 5286] ✓ Updated: 15.97 → 16.03 (CHANGED)
[2026-01-12 10:07:18]   [emp_id: 5287] ✓ Updated: 50.27 → 50.33 (CHANGED)
[2026-01-12 10:07:18]   [emp_id: 5288] ✓ Updated: 7.54 → 7.6 (CHANGED)
[2026-01-12 10:07:18]   [emp_id: 5289] ✓ Updated: 48.82 → 48.88 (CHANGED)
[2026-01-12 10:07:18]   [emp_id: 5290] ✓ Updated: 47.59 → 47.65 (CHANGED)
[2026-01-12 10:07:18]   [emp_id: 5291] ✓ Updated: 5.59 → 5.65 (CHANGED)
[2026-01-12 10:07:18]   [emp_id: 5292] ✓ Updated: 5.53 → 5.59 (CHANGED)
[2026-01-12 10:07:18]   [emp_id: 5293] ✓ Updated: 8.42 → 8.5 (CHANGED)
[2026-01-12 10:07:18]   [emp_id: 5294] ✓ Updated: 8.17 → 8.25 (CHANGED)
[2026-01-12 10:07:18]   [emp_id: 5295] ✓ Updated: 21.77 → 21.83 (CHANGED)
[2026-01-12 10:07:18]   [emp_id: 5296] ✓ Updated: 35.19 → 35.27 (CHANGED)
[2026-01-12 10:07:18]   [emp_id: 5297] ✓ Updated: 46.19 → 46.25 (CHANGED)
[2026-01-12 10:07:18]   [emp_id: 5298] ✓ Updated: 46.19 → 46.25 (CHANGED)
[2026-01-12 10:07:18]   [emp_id: 5299] ✓ Updated: 46.19 → 46.25 (CHANGED)
[2026-01-12 10:07:18]   [emp_id: 5300] ✓ Updated: 46.19 → 46.25 (CHANGED)
[2026-01-12 10:07:18]   [emp_id: 5301] ✓ Updated: 4.01 → 4.07 (CHANGED)
[2026-01-12 10:07:18]   [emp_id: 5303] ✓ Updated: 4.44 → 4.5 (CHANGED)
[2026-01-12 10:07:18]   [emp_id: 5304] ✓ Updated: 46.19 → 46.25 (CHANGED)
[2026-01-12 10:07:18]   [emp_id: 5305] ✓ Updated: 4.19 → 4.25 (CHANGED)
[2026-01-12 10:07:18]   [emp_id: 5306] ✓ Updated: 45.9 → 45.96 (CHANGED)
[2026-01-12 10:07:18]   [emp_id: 5307] ✓ Updated: 45.9 → 45.96 (CHANGED)
[2026-01-12 10:07:18]   [emp_id: 5312] ✓ Updated: 0.24 → 0.3 (CHANGED)
[2026-01-12 10:07:18]   [emp_id: 5318] ✓ Updated: 26.61 → 26.67 (CHANGED)
[2026-01-12 10:07:18]   [emp_id: 5325] ✓ Updated: 22.57 → 22.63 (CHANGED)
[2026-01-12 10:07:18]   [emp_id: 5327] ✓ Updated: 1.66 → 1.72 (CHANGED)
[2026-01-12 10:07:18]   [emp_id: 5337] ✓ Updated: 36.08 → 36.16 (CHANGED)
[2026-01-12 10:07:18]   [emp_id: 5339] ✓ Updated: 10.76 → 10.82 (CHANGED)
[2026-01-12 10:07:18]   [emp_id: 5343] ✓ Updated: 46 → 46.08 (CHANGED)
[2026-01-12 10:07:18]   [emp_id: 5343] ✓ Updated: 46 → 46.08 (CHANGED)
[2026-01-12 10:07:18]   [emp_id: 5345] ✓ Updated: 15.83 → 15.91 (CHANGED)
[2026-01-12 10:07:18]   [emp_id: 5346] ✓ Updated: 2.48 → 2.54 (CHANGED)
[2026-01-12 10:07:18]   [emp_id: 5351] ✓ Updated: 17.42 → 17.48 (CHANGED)
[2026-01-12 10:07:18]   [emp_id: 5352] ✓ Updated: 26.25 → 26.33 (CHANGED)
[2026-01-12 10:07:18]   [emp_id: 5370] ✓ Updated: 16.07 → 16.13 (CHANGED)
[2026-01-12 10:07:18]   [emp_id: 5371] ✓ Updated: 0.32 → 0.4 (CHANGED)
[2026-01-12 10:07:18]   [emp_id: 5376] ✓ Updated: 10.67 → 10.73 (CHANGED)
[2026-01-12 10:07:18]   [emp_id: 5378] ✓ Updated: 18.08 → 18.16 (CHANGED)
[2026-01-12 10:07:18]   [emp_id: 5380] ✓ Updated: 17.08 → 17.14 (CHANGED)
[2026-01-12 10:07:19]   [emp_id: 5381] ✓ Updated: 12.52 → 12.6 (CHANGED)
[2026-01-12 10:07:19]   [emp_id: 5383] ✓ Updated: 16.83 → 16.91 (CHANGED)
[2026-01-12 10:07:19]   [emp_id: 5388] ✓ Updated: 27.86 → 27.92 (CHANGED)
[2026-01-12 10:07:19]   [emp_id: 5396] ✓ Updated: 29.1 → 29.16 (CHANGED)
[2026-01-12 10:07:19]   [emp_id: 5397] ✓ Updated: 20.56 → 20.62 (CHANGED)
[2026-01-12 10:07:19]   [emp_id: 5401] ✓ Updated: 23.67 → 23.73 (CHANGED)
[2026-01-12 10:07:19]   [emp_id: 5402] ✓ Updated: 23.79 → 23.85 (CHANGED)
[2026-01-12 10:07:19]   [emp_id: 5406] ✓ Updated: 17.51 → 17.57 (CHANGED)
[2026-01-12 10:07:19]   [emp_id: 5407] ✓ Updated: 16.6 → 16.68 (CHANGED)
[2026-01-12 10:07:19]   [emp_id: 5409] ✓ Updated: 16.85 → 16.91 (CHANGED)
[2026-01-12 10:07:19]   [emp_id: 5413] ✓ Updated: 29 → 29.08 (CHANGED)
[2026-01-12 10:07:19]   [emp_id: 5414] ✓ Updated: 28.67 → 28.75 (CHANGED)
[2026-01-12 10:07:19]   [emp_id: 5415] ✓ Updated: 4.6 → 4.68 (CHANGED)
[2026-01-12 10:07:19]   [emp_id: 5418] ✓ Updated: 15.91 → 15.97 (CHANGED)
[2026-01-12 10:07:19]   [emp_id: 5422] ✓ Updated: 21.33 → 21.41 (CHANGED)
[2026-01-12 10:07:19]   [emp_id: 5423] ✓ Updated: 6.02 → 6.1 (CHANGED)
[2026-01-12 10:07:19]   [emp_id: 5425] ✓ Updated: 14.46 → 14.52 (CHANGED)
[2026-01-12 10:07:19]   [emp_id: 5426] ✓ Updated: 2.57 → 2.65 (CHANGED)
[2026-01-12 10:07:19]   [emp_id: 5426] ✓ Updated: 2.57 → 2.65 (CHANGED)
[2026-01-12 10:07:19]   [emp_id: 5427] ✓ Updated: 14.57 → 14.63 (CHANGED)
[2026-01-12 10:07:19]   [emp_id: 5428] ✓ Updated: 14.46 → 14.52 (CHANGED)
[2026-01-12 10:07:19]   [emp_id: 5430] ✓ Updated: 18.39 → 18.47 (CHANGED)
[2026-01-12 10:07:19]   [emp_id: 5431] ✓ Updated: 13.58 → 13.64 (CHANGED)
[2026-01-12 10:07:19]   [emp_id: 5433] ✓ Updated: 13.6 → 13.66 (CHANGED)
[2026-01-12 10:07:19]   [emp_id: 5434] ✓ Updated: 13.35 → 13.41 (CHANGED)
[2026-01-12 10:07:19]   [emp_id: 5435] ✓ Updated: 13.29 → 13.35 (CHANGED)
[2026-01-12 10:07:19]   [emp_id: 5436] ✓ Updated: 13.29 → 13.35 (CHANGED)
[2026-01-12 10:07:19]   [emp_id: 5438] ✓ Updated: 16.25 → 16.33 (CHANGED)
[2026-01-12 10:07:19]   [emp_id: 5439] ✓ Updated: 25.75 → 25.83 (CHANGED)
[2026-01-12 10:07:19]   [emp_id: 5442] ✓ Updated: 14.75 → 14.83 (CHANGED)
[2026-01-12 10:07:19]   [emp_id: 5445] ✓ Updated: 7.75 → 7.81 (CHANGED)
[2026-01-12 10:07:19]   [emp_id: 5446] ✓ Updated: 7.75 → 7.81 (CHANGED)
[2026-01-12 10:07:19]   [emp_id: 5447] ✓ Updated: 7.69 → 7.75 (CHANGED)
[2026-01-12 10:07:19]   [emp_id: 5448] ✓ Updated: 1.77 → 1.85 (CHANGED)
[2026-01-12 10:07:19]   [emp_id: 5449] ✓ Updated: 5.77 → 5.83 (CHANGED)
[2026-01-12 10:07:19]   [emp_id: 5450] ✓ Updated: 5.71 → 5.77 (CHANGED)
[2026-01-12 10:07:19]   [emp_id: 5451] ✓ Updated: 5.71 → 5.77 (CHANGED)
[2026-01-12 10:07:19]   [emp_id: 5453] ✓ Updated: 5.55 → 5.61 (CHANGED)
[2026-01-12 10:07:19]   [emp_id: 5454] ✓ Updated: 7.83 → 7.91 (CHANGED)
[2026-01-12 10:07:19]   [emp_id: 5455] ✓ Updated: 2.08 → 2.16 (CHANGED)
[2026-01-12 10:07:19]   [emp_id: 5456] ✓ Updated: 7.08 → 7.16 (CHANGED)
[2026-01-12 10:07:19]   [emp_id: 5457] ✓ Updated: 4.8 → 4.86 (CHANGED)
[2026-01-12 10:07:19]   [emp_id: 5460] ✓ Updated: 5.73 → 5.81 (CHANGED)
[2026-01-12 10:07:20]   [emp_id: 5463] ✓ Updated: 5.06 → 5.14 (CHANGED)
[2026-01-12 10:07:20]   [emp_id: 5464] ✓ Updated: 5.06 → 5.14 (CHANGED)
[2026-01-12 10:07:20]   [emp_id: 5466] ✓ Updated: 2.81 → 2.89 (CHANGED)
[2026-01-12 10:07:20]   [emp_id: 5467] ✓ Updated: 1.73 → 1.81 (CHANGED)
[2026-01-12 10:07:20] Report saved to: D:\xampp\htdocs\almutlak\system/cron_logs/last_vacation_update_report.json
