[2026-01-31 00:30:01] ========== CRON: Vacation Balance Update Started ==========
[2026-01-31 00:30:01] Database connection established
[2026-01-31 00:30:01] Found 422 active employees with balance records to update
[2026-01-31 00:30:01] (Only employees with status=1 will be processed)
[2026-01-31 00:30:01]   [emp_id: 1061] ✓ Updated: 1.84 → 1.92 (CHANGED)
[2026-01-31 00:30:02]   [emp_id: 1496] ✓ Updated: 18.69 → 18.77 (CHANGED)
[2026-01-31 00:30:02]   [emp_id: 1500] ✓ Updated: 6.37 → 6.45 (CHANGED)
[2026-01-31 00:30:02]   [emp_id: 1673] ✓ Updated: 47.1 → 47.18 (CHANGED)
[2026-01-31 00:30:02]   [emp_id: 1685] ✓ Updated: 17.02 → 17.1 (CHANGED)
[2026-01-31 00:30:02]   [emp_id: 1764] ✓ Updated: 71.69 → 71.77 (CHANGED)
[2026-01-31 00:30:02]   [emp_id: 1805] ✓ Updated: 66.02 → 66.1 (CHANGED)
[2026-01-31 00:30:02]   [emp_id: 1822] ✓ Updated: 70.77 → 70.85 (CHANGED)
[2026-01-31 00:30:02]   [emp_id: 1837] ✓ Updated: 26.94 → 27.02 (CHANGED)
[2026-01-31 00:30:02]   [emp_id: 1857] ✓ Updated: 22.27 → 22.35 (CHANGED)
[2026-01-31 00:30:02]   [emp_id: 1861] ✓ Updated: 73.1 → 73.18 (CHANGED)
[2026-01-31 00:30:02]   [emp_id: 1872] ✓ Updated: 11.94 → 12.02 (CHANGED)
[2026-01-31 00:30:02]   [emp_id: 1897] ✓ Updated: 7.27 → 7.35 (CHANGED)
[2026-01-31 00:30:02]   [emp_id: 1916] ✓ Updated: 13.57 → 13.65 (CHANGED)
[2026-01-31 00:30:02]   [emp_id: 1928] ✓ Updated: 66.52 → 66.6 (CHANGED)
[2026-01-31 00:30:02]   [emp_id: 1931] ✓ Updated: 86.44 → 86.52 (CHANGED)
[2026-01-31 00:30:02]   [emp_id: 1944] ✓ Updated: 44.6 → 44.68 (CHANGED)
[2026-01-31 00:30:02]   [emp_id: 1996] ✓ Updated: 1.1 → 1.18 (CHANGED)
[2026-01-31 00:30:02]   [emp_id: 1997] ✓ Updated: 38.27 → 38.35 (CHANGED)
[2026-01-31 00:30:02]   [emp_id: 1998] ✓ Updated: 29.71 → 29.79 (CHANGED)
[2026-01-31 00:30:02]   [emp_id: 1999] ✓ Updated: 30.71 → 30.79 (CHANGED)
[2026-01-31 00:30:02]   [emp_id: 2009] ✓ Updated: 37.02 → 37.1 (CHANGED)
[2026-01-31 00:30:02]   [emp_id: 2048] ✓ Updated: 26.85 → 26.93 (CHANGED)
[2026-01-31 00:30:02]   [emp_id: 2057] ✓ Updated: 67.69 → 67.77 (CHANGED)
[2026-01-31 00:30:02]   [emp_id: 2079] ✓ Updated: 50.02 → 50.1 (CHANGED)
[2026-01-31 00:30:02]   [emp_id: 2181] ✓ Updated: 39.02 → 39.1 (CHANGED)
[2026-01-31 00:30:02]   [emp_id: 2190] ✓ Updated: 8.35 → 8.43 (CHANGED)
[2026-01-31 00:30:02]   [emp_id: 2212] ✓ Updated: 26.35 → 26.43 (CHANGED)
[2026-01-31 00:30:02]   [emp_id: 2226] ✓ Updated: 71.1 → 71.18 (CHANGED)
[2026-01-31 00:30:02]   [emp_id: 2238] ✓ Updated: 69.35 → 69.43 (CHANGED)
[2026-01-31 00:30:02]   [emp_id: 2285] ✓ Updated: 38.02 → 38.1 (CHANGED)
[2026-01-31 00:30:02]   [emp_id: 2287] ✓ Updated: 49.69 → 49.77 (CHANGED)
[2026-01-31 00:30:02]   [emp_id: 2288] ✓ Updated: 4.71 → 4.79 (CHANGED)
[2026-01-31 00:30:02]   [emp_id: 2316] ✓ Updated: 18.52 → 18.6 (CHANGED)
[2026-01-31 00:30:02]   [emp_id: 2337] ✓ Updated: 39.6 → 39.68 (CHANGED)
[2026-01-31 00:30:02]   [emp_id: 2352] ✓ Updated: 71.1 → 71.18 (CHANGED)
[2026-01-31 00:30:02]   [emp_id: 2358] ✓ Updated: 7.6 → 7.68 (CHANGED)
[2026-01-31 00:30:02]   [emp_id: 2361] ✓ Updated: 73.27 → 73.35 (CHANGED)
[2026-01-31 00:30:02]   [emp_id: 2363] ✓ Updated: 75.85 → 75.93 (CHANGED)
[2026-01-31 00:30:02]   [emp_id: 2364] ✓ Updated: 75.27 → 75.35 (CHANGED)
[2026-01-31 00:30:02]   [emp_id: 2367] ✓ Updated: 102.94 → 103.02 (CHANGED)
[2026-01-31 00:30:02]   [emp_id: 2368] ✓ Updated: 33.35 → 33.43 (CHANGED)
[2026-01-31 00:30:02]   [emp_id: 2372] ✓ Updated: 70.6 → 70.68 (CHANGED)
[2026-01-31 00:30:02]   [emp_id: 2376] ✓ Updated: 120.6 → 120.68 (CHANGED)
[2026-01-31 00:30:02]   [emp_id: 2423] ✓ Updated: 21.35 → 21.43 (CHANGED)
[2026-01-31 00:30:02]   [emp_id: 2519] ✓ Updated: 115.02 → 115.1 (CHANGED)
[2026-01-31 00:30:02]   [emp_id: 2522] ✓ Updated: 58.6 → 58.68 (CHANGED)
[2026-01-31 00:30:02]   [emp_id: 2530] ✓ Updated: 53.85 → 53.93 (CHANGED)
[2026-01-31 00:30:02]   [emp_id: 2539] ✓ Updated: 50.6 → 50.68 (CHANGED)
[2026-01-31 00:30:02]   [emp_id: 2541] ✓ Updated: 31.19 → 31.27 (CHANGED)
[2026-01-31 00:30:02]   [emp_id: 2550] ✓ Updated: 97.35 → 97.43 (CHANGED)
[2026-01-31 00:30:02]   [emp_id: 2553] ✓ Updated: 34.46 → 34.54 (CHANGED)
[2026-01-31 00:30:02]   [emp_id: 2554] ✓ Updated: 40.94 → 41.02 (CHANGED)
[2026-01-31 00:30:02]   [emp_id: 2565] ✓ Updated: 5.52 → 5.6 (CHANGED)
[2026-01-31 00:30:02]   [emp_id: 2572] ✓ Updated: 45.52 → 45.6 (CHANGED)
[2026-01-31 00:30:02]   [emp_id: 2637] ✓ Updated: 6.1 → 6.18 (CHANGED)
[2026-01-31 00:30:02]   [emp_id: 2642] ✓ Updated: 78.85 → 78.93 (CHANGED)
[2026-01-31 00:30:02]   [emp_id: 2645] ✓ Updated: 94.85 → 94.93 (CHANGED)
[2026-01-31 00:30:02]   [emp_id: 2648] ✓ Updated: 46.52 → 46.6 (CHANGED)
[2026-01-31 00:30:02]   [emp_id: 2654] ✓ Updated: 89.19 → 89.27 (CHANGED)
[2026-01-31 00:30:02]   [emp_id: 2688] ✓ Updated: 27.27 → 27.35 (CHANGED)
[2026-01-31 00:30:02]   [emp_id: 2690] ✓ Updated: 16.02 → 16.1 (CHANGED)
[2026-01-31 00:30:02]   [emp_id: 2709] ✓ Updated: 38.27 → 38.35 (CHANGED)
[2026-01-31 00:30:02]   [emp_id: 2745] ✓ Updated: 34.85 → 34.93 (CHANGED)
[2026-01-31 00:30:02]   [emp_id: 2843] ✓ Updated: 81.44 → 81.52 (CHANGED)
[2026-01-31 00:30:02]   [emp_id: 2854] ✓ Updated: 61.35 → 61.43 (CHANGED)
[2026-01-31 00:30:02]   [emp_id: 2869] ✓ Updated: 5.27 → 5.35 (CHANGED)
[2026-01-31 00:30:02]   [emp_id: 2876] ✓ Updated: 36.1 → 36.18 (CHANGED)
[2026-01-31 00:30:02]   [emp_id: 2924] ✓ Updated: 17.27 → 17.35 (CHANGED)
[2026-01-31 00:30:02]   [emp_id: 2953] ✓ Updated: 103.02 → 103.1 (CHANGED)
[2026-01-31 00:30:02]   [emp_id: 2961] ✓ Updated: 13.02 → 13.1 (CHANGED)
[2026-01-31 00:30:02]   [emp_id: 2975] ✓ Updated: 2.7 → 2.78 (CHANGED)
[2026-01-31 00:30:02]   [emp_id: 3013] ✓ Updated: 12.02 → 12.1 (CHANGED)
[2026-01-31 00:30:02]   [emp_id: 3014] ✓ Updated: 91.27 → 91.35 (CHANGED)
[2026-01-31 00:30:02]   [emp_id: 3015] ✓ Updated: 2.52 → 2.6 (CHANGED)
[2026-01-31 00:30:02]   [emp_id: 3018] ✓ Updated: 61.27 → 61.35 (CHANGED)
[2026-01-31 00:30:02]   [emp_id: 3025] ✓ Updated: 25.04 → 25.12 (CHANGED)
[2026-01-31 00:30:02]   [emp_id: 3037] ✓ Updated: 4.77 → 4.85 (CHANGED)
[2026-01-31 00:30:03]   [emp_id: 3047] ✓ Updated: 73.02 → 73.1 (CHANGED)
[2026-01-31 00:30:03]   [emp_id: 3061] ✓ Updated: 19.94 → 20.02 (CHANGED)
[2026-01-31 00:30:03]   [emp_id: 3062] ✓ Updated: 53.1 → 53.18 (CHANGED)
[2026-01-31 00:30:03]   [emp_id: 3074] ✓ Updated: 109.52 → 109.6 (CHANGED)
[2026-01-31 00:30:03]   [emp_id: 3089] ✓ Updated: 8.44 → 8.52 (CHANGED)
[2026-01-31 00:30:03]   [emp_id: 3090] ✓ Updated: 35.02 → 35.1 (CHANGED)
[2026-01-31 00:30:03]   [emp_id: 3091] ✓ Updated: 47.02 → 47.1 (CHANGED)
[2026-01-31 00:30:03]   [emp_id: 3092] ✓ Updated: 29.69 → 29.77 (CHANGED)
[2026-01-31 00:30:03]   [emp_id: 3105] ✓ Updated: 50.02 → 50.1 (CHANGED)
[2026-01-31 00:30:03]   [emp_id: 3134] ✓ Updated: 45.77 → 45.85 (CHANGED)
[2026-01-31 00:30:03]   [emp_id: 3140] ✓ Updated: 42.85 → 42.93 (CHANGED)
[2026-01-31 00:30:03]   [emp_id: 3144] ✓ Updated: 15.69 → 15.77 (CHANGED)
[2026-01-31 00:30:03]   [emp_id: 3156] ✓ Updated: 19.02 → 19.1 (CHANGED)
[2026-01-31 00:30:03]   [emp_id: 3162] ✓ Updated: 4 → 4.08 (CHANGED)
[2026-01-31 00:30:03]   [emp_id: 3163] ✓ Updated: 7.27 → 7.35 (CHANGED)
[2026-01-31 00:30:03]   [emp_id: 3198] ✓ Updated: 42.27 → 42.35 (CHANGED)
[2026-01-31 00:30:03]   [emp_id: 3205] ✓ Updated: 18.94 → 19.02 (CHANGED)
[2026-01-31 00:30:03]   [emp_id: 3209] ✓ Updated: 43.1 → 43.18 (CHANGED)
[2026-01-31 00:30:03]   [emp_id: 3223] ✓ Updated: 92.02 → 92.1 (CHANGED)
[2026-01-31 00:30:03]   [emp_id: 3224] ✓ Updated: 66.77 → 66.85 (CHANGED)
[2026-01-31 00:30:03]   [emp_id: 3230] ✓ Updated: 90.19 → 90.27 (CHANGED)
[2026-01-31 00:30:03]   [emp_id: 3231] ✓ Updated: 2.56 → 2.64 (CHANGED)
[2026-01-31 00:30:03]   [emp_id: 3233] ✓ Updated: 79.02 → 79.1 (CHANGED)
[2026-01-31 00:30:03]   [emp_id: 3249] ✓ Updated: 38.85 → 38.93 (CHANGED)
[2026-01-31 00:30:03]   [emp_id: 3250] ✓ Updated: 11.85 → 11.93 (CHANGED)
[2026-01-31 00:30:03]   [emp_id: 3252] ✓ Updated: 12.77 → 12.85 (CHANGED)
[2026-01-31 00:30:03]   [emp_id: 3254] ✓ Updated: 23.27 → 23.35 (CHANGED)
[2026-01-31 00:30:03]   [emp_id: 3255] ✓ Updated: 19.69 → 19.77 (CHANGED)
[2026-01-31 00:30:03]   [emp_id: 3256] ✓ Updated: 15.94 → 16.02 (CHANGED)
[2026-01-31 00:30:03]   [emp_id: 3263] ✓ Updated: 32.02 → 32.1 (CHANGED)
[2026-01-31 00:30:03]   [emp_id: 3265] ✓ Updated: 27.6 → 27.68 (CHANGED)
[2026-01-31 00:30:03]   [emp_id: 3280] ✓ Updated: 15.52 → 15.6 (CHANGED)
[2026-01-31 00:30:03]   [emp_id: 3286] ✓ Updated: 17.69 → 17.77 (CHANGED)
[2026-01-31 00:30:03]   [emp_id: 3294] ✓ Updated: 15.35 → 15.43 (CHANGED)
[2026-01-31 00:30:03]   [emp_id: 3321] ✓ Updated: 74.52 → 74.6 (CHANGED)
[2026-01-31 00:30:03]   [emp_id: 3325] ✓ Updated: 62.27 → 62.35 (CHANGED)
[2026-01-31 00:30:03]   [emp_id: 3329] ✓ Updated: 64.6 → 64.68 (CHANGED)
[2026-01-31 00:30:03]   [emp_id: 3330] ✓ Updated: 64.6 → 64.68 (CHANGED)
[2026-01-31 00:30:03]   [emp_id: 3332] ✓ Updated: 64.6 → 64.68 (CHANGED)
[2026-01-31 00:30:03]   [emp_id: 3384] ✓ Updated: 16.77 → 16.85 (CHANGED)
[2026-01-31 00:30:03]   [emp_id: 3386] ✓ Updated: 46.77 → 46.85 (CHANGED)
[2026-01-31 00:30:03]   [emp_id: 3431] ✓ Updated: 21.19 → 21.27 (CHANGED)
[2026-01-31 00:30:03]   [emp_id: 3497] ✓ Updated: 11.35 → 11.43 (CHANGED)
[2026-01-31 00:30:03]   [emp_id: 3532] ✓ Updated: 2.19 → 2.27 (CHANGED)
[2026-01-31 00:30:03]   [emp_id: 3602] ✓ Updated: 3.76 → 3.84 (CHANGED)
[2026-01-31 00:30:03]   [emp_id: 3618] ✓ Updated: 25.74 → 25.82 (CHANGED)
[2026-01-31 00:30:03]   [emp_id: 3622] ✓ Updated: 36.15 → 36.21 (CHANGED)
[2026-01-31 00:30:03]   [emp_id: 3627] ✓ Updated: 11.69 → 11.77 (CHANGED)
[2026-01-31 00:30:03]   [emp_id: 3665] ✓ Updated: 53.27 → 53.35 (CHANGED)
[2026-01-31 00:30:03]   [emp_id: 3705] ✓ Updated: 29.48 → 29.54 (CHANGED)
[2026-01-31 00:30:03]   [emp_id: 3724] ✓ Updated: 46.27 → 46.35 (CHANGED)
[2026-01-31 00:30:03]   [emp_id: 3726] ✓ Updated: 62.69 → 62.77 (CHANGED)
[2026-01-31 00:30:03]   [emp_id: 3727] ✓ Updated: 67.77 → 67.85 (CHANGED)
[2026-01-31 00:30:03]   [emp_id: 3728] ✓ Updated: 12.1 → 12.18 (CHANGED)
[2026-01-31 00:30:03]   [emp_id: 3767] ✓ Updated: 2.85 → 2.93 (CHANGED)
[2026-01-31 00:30:03]   [emp_id: 3768] ✓ Updated: 59.1 → 59.18 (CHANGED)
[2026-01-31 00:30:03]   [emp_id: 3787] ✓ Updated: 59.69 → 59.77 (CHANGED)
[2026-01-31 00:30:03]   [emp_id: 3790] ✓ Updated: 4.24 → 4.32 (CHANGED)
[2026-01-31 00:30:03]   [emp_id: 3795] ✓ Updated: 17.19 → 17.27 (CHANGED)
[2026-01-31 00:30:03]   [emp_id: 3798] ✓ Updated: 95.6 → 95.68 (CHANGED)
[2026-01-31 00:30:03]   [emp_id: 3801] ✓ Updated: 3.87 → 3.95 (CHANGED)
[2026-01-31 00:30:03]   [emp_id: 3802] ✓ Updated: 32.85 → 32.93 (CHANGED)
[2026-01-31 00:30:03]   [emp_id: 3803] ✓ Updated: 27.27 → 27.35 (CHANGED)
[2026-01-31 00:30:03]   [emp_id: 3810] ✓ Updated: 63.27 → 63.35 (CHANGED)
[2026-01-31 00:30:03]   [emp_id: 3812] ✓ Updated: 92.27 → 92.35 (CHANGED)
[2026-01-31 00:30:03]   [emp_id: 3815] ✓ Updated: 92.27 → 92.35 (CHANGED)
[2026-01-31 00:30:03]   [emp_id: 3836] ✓ Updated: 59.94 → 60.02 (CHANGED)
[2026-01-31 00:30:03]   [emp_id: 3855] ✓ Updated: 53.1 → 53.18 (CHANGED)
[2026-01-31 00:30:03]   [emp_id: 3857] ✓ Updated: 56.77 → 56.85 (CHANGED)
[2026-01-31 00:30:03]   [emp_id: 3862] ✓ Updated: 104.85 → 104.93 (CHANGED)
[2026-01-31 00:30:03]   [emp_id: 3866] ✓ Updated: 30.1 → 30.18 (CHANGED)
[2026-01-31 00:30:03]   [emp_id: 3876] ✓ Updated: 26.27 → 26.35 (CHANGED)
[2026-01-31 00:30:03]   [emp_id: 3877] ✓ Updated: 51.77 → 51.85 (CHANGED)
[2026-01-31 00:30:03]   [emp_id: 3897] ✓ Updated: 1.02 → 1.1 (CHANGED)
[2026-01-31 00:30:03]   [emp_id: 3899] ✓ Updated: 1.84 → 1.92 (CHANGED)
[2026-01-31 00:30:03]   [emp_id: 3928] ✓ Updated: 16.1 → 16.18 (CHANGED)
[2026-01-31 00:30:03]   [emp_id: 3929] ✓ Updated: 11.1 → 11.18 (CHANGED)
[2026-01-31 00:30:03]   [emp_id: 3935] ✓ Updated: 96.1 → 96.18 (CHANGED)
[2026-01-31 00:30:03]   [emp_id: 3952] ✓ Updated: 77.44 → 77.52 (CHANGED)
[2026-01-31 00:30:03]   [emp_id: 3987] ✓ Updated: 16.35 → 16.43 (CHANGED)
[2026-01-31 00:30:03]   [emp_id: 4059] ✓ Updated: 5.55 → 5.63 (CHANGED)
[2026-01-31 00:30:03]   [emp_id: 4119] ✓ Updated: 59.02 → 59.1 (CHANGED)
[2026-01-31 00:30:03]   [emp_id: 4120] ✓ Updated: 28.6 → 28.68 (CHANGED)
[2026-01-31 00:30:03]   [emp_id: 4124] ✓ Updated: 29.12 → 29.2 (CHANGED)
[2026-01-31 00:30:04]   [emp_id: 4133] ✓ Updated: 107.6 → 107.68 (CHANGED)
[2026-01-31 00:30:04]   [emp_id: 4134] ✓ Updated: 28.6 → 28.68 (CHANGED)
[2026-01-31 00:30:04]   [emp_id: 4136] ✓ Updated: 28.6 → 28.68 (CHANGED)
[2026-01-31 00:30:04]   [emp_id: 4150] ✓ Updated: 27.27 → 27.35 (CHANGED)
[2026-01-31 00:30:04]   [emp_id: 4157] ✓ Updated: 20.77 → 20.85 (CHANGED)
[2026-01-31 00:30:04]   [emp_id: 4172] ✓ Updated: 14.06 → 14.12 (CHANGED)
[2026-01-31 00:30:04]   [emp_id: 4195] ✓ Updated: 64.35 → 64.43 (CHANGED)
[2026-01-31 00:30:04]   [emp_id: 4215] ✓ Updated: 47.02 → 47.1 (CHANGED)
[2026-01-31 00:30:04]   [emp_id: 4220] ✓ Updated: 42.6 → 42.68 (CHANGED)
[2026-01-31 00:30:04]   [emp_id: 4273] ✓ Updated: 11.27 → 11.35 (CHANGED)
[2026-01-31 00:30:04]   [emp_id: 4283] ✓ Updated: 15.15 → 15.21 (CHANGED)
[2026-01-31 00:30:04]   [emp_id: 4288] ✓ Updated: 1.84 → 1.92 (CHANGED)
[2026-01-31 00:30:04]   [emp_id: 4315] ✓ Updated: 14.52 → 14.6 (CHANGED)
[2026-01-31 00:30:04]   [emp_id: 4328] ✓ Updated: 43.98 → 44.04 (CHANGED)
[2026-01-31 00:30:04]   [emp_id: 4329] ✓ Updated: 7.69 → 7.77 (CHANGED)
[2026-01-31 00:30:04]   [emp_id: 4338] ✓ Updated: 49.27 → 49.35 (CHANGED)
[2026-01-31 00:30:04]   [emp_id: 4340] ✓ Updated: 111.27 → 111.35 (CHANGED)
[2026-01-31 00:30:04]   [emp_id: 4365] ✓ Updated: 62.69 → 62.77 (CHANGED)
[2026-01-31 00:30:04]   [emp_id: 4366] ✓ Updated: 61.77 → 61.85 (CHANGED)
[2026-01-31 00:30:04]   [emp_id: 4403] ✓ Updated: 87.6 → 87.68 (CHANGED)
[2026-01-31 00:30:04]   [emp_id: 4438] ✓ Updated: 23.27 → 23.35 (CHANGED)
[2026-01-31 00:30:04]   [emp_id: 4473] ✓ Updated: 46.85 → 46.93 (CHANGED)
[2026-01-31 00:30:04]   [emp_id: 4474] ✓ Updated: 4.82 → 4.88 (CHANGED)
[2026-01-31 00:30:04]   [emp_id: 4493] ✓ Updated: 165.69 → 165.77 (CHANGED)
[2026-01-31 00:30:04]   [emp_id: 4526] ✓ Updated: 37.94 → 38.02 (CHANGED)
[2026-01-31 00:30:04]   [emp_id: 4528] ✓ Updated: 109.69 → 109.77 (CHANGED)
[2026-01-31 00:30:04]   [emp_id: 4528] ✓ Updated: 109.69 → 109.77 (CHANGED)
[2026-01-31 00:30:04]   [emp_id: 4532] ✓ Updated: 0.3 → 0.36 (CHANGED)
[2026-01-31 00:30:04]   [emp_id: 4533] ✓ Updated: 38.1 → 38.18 (CHANGED)
[2026-01-31 00:30:04]   [emp_id: 4565] ✓ Updated: 16.81 → 16.87 (CHANGED)
[2026-01-31 00:30:04]   [emp_id: 4567] ✓ Updated: 21.06 → 21.12 (CHANGED)
[2026-01-31 00:30:04]   [emp_id: 4572] ✓ Updated: 60.56 → 60.62 (CHANGED)
[2026-01-31 00:30:04]   [emp_id: 4631] ✓ Updated: 16.81 → 16.87 (CHANGED)
[2026-01-31 00:30:04]   [emp_id: 4655] ✓ Updated: 27.02 → 27.1 (CHANGED)
[2026-01-31 00:30:04]   [emp_id: 4709] ✓ Updated: 42.27 → 42.35 (CHANGED)
[2026-01-31 00:30:04]   [emp_id: 4717] ✓ Updated: 68.27 → 68.35 (CHANGED)
[2026-01-31 00:30:04]   [emp_id: 4736] ✓ Updated: 30.1 → 30.18 (CHANGED)
[2026-01-31 00:30:04]   [emp_id: 4756] ✓ Updated: 13.25 → 13.31 (CHANGED)
[2026-01-31 00:30:04]   [emp_id: 4768] ✓ Updated: 15.77 → 15.85 (CHANGED)
[2026-01-31 00:30:04]   [emp_id: 4780] ✓ Updated: 66.98 → 67.04 (CHANGED)
[2026-01-31 00:30:04]   [emp_id: 4820] ✓ Updated: 101.1 → 101.18 (CHANGED)
[2026-01-31 00:30:04]   [emp_id: 4824] ✓ Updated: 4.28 → 4.36 (CHANGED)
[2026-01-31 00:30:04]   [emp_id: 4825] ✓ Updated: 32.85 → 32.93 (CHANGED)
[2026-01-31 00:30:04]   [emp_id: 4837] ✓ Updated: 46.97 → 47.03 (CHANGED)
[2026-01-31 00:30:04]   [emp_id: 4840] ✓ Updated: 46.97 → 47.03 (CHANGED)
[2026-01-31 00:30:04]   [emp_id: 4842] ✓ Updated: 46.21 → 46.27 (CHANGED)
[2026-01-31 00:30:04]   [emp_id: 4843] ✓ Updated: 46.74 → 46.8 (CHANGED)
[2026-01-31 00:30:04]   [emp_id: 4856] ✓ Updated: 43.88 → 43.94 (CHANGED)
[2026-01-31 00:30:04]   [emp_id: 4857] ✓ Updated: 26.7 → 26.76 (CHANGED)
[2026-01-31 00:30:04]   [emp_id: 4858] ✓ Updated: 23.58 → 23.64 (CHANGED)
[2026-01-31 00:30:04]   [emp_id: 4859] ✓ Updated: 45.05 → 45.11 (CHANGED)
[2026-01-31 00:30:04]   [emp_id: 4860] ✓ Updated: 9.55 → 9.61 (CHANGED)
[2026-01-31 00:30:04]   [emp_id: 4861] ✓ Updated: 43.01 → 43.07 (CHANGED)
[2026-01-31 00:30:04]   [emp_id: 4869] ✓ Updated: 85.89 → 85.95 (CHANGED)
[2026-01-31 00:30:04]   [emp_id: 4894] ✓ Updated: 9.77 → 9.85 (CHANGED)
[2026-01-31 00:30:04]   [emp_id: 4897] ✓ Updated: 24.79 → 24.85 (CHANGED)
[2026-01-31 00:30:04]   [emp_id: 4899] ✓ Updated: 20.96 → 21.02 (CHANGED)
[2026-01-31 00:30:04]   [emp_id: 4902] ✓ Updated: 20.38 → 20.44 (CHANGED)
[2026-01-31 00:30:04]   [emp_id: 4903] ✓ Updated: 22.6 → 22.66 (CHANGED)
[2026-01-31 00:30:04]   [emp_id: 4905] ✓ Updated: 21.26 → 21.32 (CHANGED)
[2026-01-31 00:30:04]   [emp_id: 4907] ✓ Updated: 49.85 → 49.93 (CHANGED)
[2026-01-31 00:30:04]   [emp_id: 4917] ✓ Updated: 18.22 → 18.28 (CHANGED)
[2026-01-31 00:30:04]   [emp_id: 4918] ✓ Updated: 7.99 → 8.05 (CHANGED)
[2026-01-31 00:30:04]   [emp_id: 4919] ✓ Updated: 60.28 → 60.34 (CHANGED)
[2026-01-31 00:30:04]   [emp_id: 4920] ✓ Updated: 7.36 → 7.42 (CHANGED)
[2026-01-31 00:30:04]   [emp_id: 4921] ✓ Updated: 19.45 → 19.51 (CHANGED)
[2026-01-31 00:30:04]   [emp_id: 4927] ✓ Updated: 18.28 → 18.34 (CHANGED)
[2026-01-31 00:30:04]   [emp_id: 4929] ✓ Updated: 19.8 → 19.86 (CHANGED)
[2026-01-31 00:30:04]   [emp_id: 4930] ✓ Updated: 60.57 → 60.63 (CHANGED)
[2026-01-31 00:30:04]   [emp_id: 4932] ✓ Updated: 18.57 → 18.63 (CHANGED)
[2026-01-31 00:30:04]   [emp_id: 4933] ✓ Updated: 21.98 → 22.04 (CHANGED)
[2026-01-31 00:30:04]   [emp_id: 4949] ✓ Updated: 25.41 → 25.47 (CHANGED)
[2026-01-31 00:30:04]   [emp_id: 4956] ✓ Updated: 31 → 31.06 (CHANGED)
[2026-01-31 00:30:04]   [emp_id: 4957] ✓ Updated: 26.67 → 26.73 (CHANGED)
[2026-01-31 00:30:04]   [emp_id: 4962] ✓ Updated: 49.21 → 49.29 (CHANGED)
[2026-01-31 00:30:04]   [emp_id: 4969] ✓ Updated: 48.52 → 48.6 (CHANGED)
[2026-01-31 00:30:04]   [emp_id: 4976] ✓ Updated: 11.69 → 11.75 (CHANGED)
[2026-01-31 00:30:04]   [emp_id: 4984] ✓ Updated: 39.77 → 39.85 (CHANGED)
[2026-01-31 00:30:04]   [emp_id: 4995] ✓ Updated: 51.84 → 51.92 (CHANGED)
[2026-01-31 00:30:04]   [emp_id: 5004] ✓ Updated: 28.63 → 28.69 (CHANGED)
[2026-01-31 00:30:05]   [emp_id: 5006] ✓ Updated: 28.37 → 28.43 (CHANGED)
[2026-01-31 00:30:05]   [emp_id: 5011] ✓ Updated: 7.62 → 7.7 (CHANGED)
[2026-01-31 00:30:05]   [emp_id: 5013] ✓ Updated: 68.74 → 68.8 (CHANGED)
[2026-01-31 00:30:05]   [emp_id: 5018] ✓ Updated: 5.23 → 5.29 (CHANGED)
[2026-01-31 00:30:05]   [emp_id: 5021] ✓ Updated: 62.87 → 62.95 (CHANGED)
[2026-01-31 00:30:05]   [emp_id: 5024] ✓ Updated: 3.25 → 3.31 (CHANGED)
[2026-01-31 00:30:05]   [emp_id: 5030] ✓ Updated: 33.2 → 33.26 (CHANGED)
[2026-01-31 00:30:05]   [emp_id: 5033] ✓ Updated: 12 → 12.06 (CHANGED)
[2026-01-31 00:30:05]   [emp_id: 5043] ✓ Updated: 32.44 → 32.52 (CHANGED)
[2026-01-31 00:30:05]   [emp_id: 5045] ✓ Updated: 28.94 → 29.02 (CHANGED)
[2026-01-31 00:30:05]   [emp_id: 5046] ✓ Updated: 24.13 → 24.21 (CHANGED)
[2026-01-31 00:30:05]   [emp_id: 5049] ✓ Updated: 0.18 → 0.24 (CHANGED)
[2026-01-31 00:30:05]   [emp_id: 5055] ✓ Updated: 20.4 → 20.46 (CHANGED)
[2026-01-31 00:30:05]   [emp_id: 5058] ✓ Updated: 29.38 → 29.44 (CHANGED)
[2026-01-31 00:30:05]   [emp_id: 5062] ✓ Updated: 41.21 → 41.27 (CHANGED)
[2026-01-31 00:30:05]   [emp_id: 5064] ✓ Updated: 119.77 → 119.85 (CHANGED)
[2026-01-31 00:30:05]   [emp_id: 5065] ✓ Updated: 40.62 → 40.68 (CHANGED)
[2026-01-31 00:30:05]   [emp_id: 5071] ✓ Updated: 25.27 → 25.35 (CHANGED)
[2026-01-31 00:30:05]   [emp_id: 5073] ✓ Updated: 15.22 → 15.28 (CHANGED)
[2026-01-31 00:30:05]   [emp_id: 5079] ✓ Updated: 35.78 → 35.84 (CHANGED)
[2026-01-31 00:30:05]   [emp_id: 5080] ✓ Updated: 29.11 → 29.17 (CHANGED)
[2026-01-31 00:30:05]   [emp_id: 5081] ✓ Updated: 17.37 → 17.43 (CHANGED)
[2026-01-31 00:30:05]   [emp_id: 5087] ✓ Updated: 37.41 → 37.47 (CHANGED)
[2026-01-31 00:30:05]   [emp_id: 5091] ✓ Updated: 77.26 → 77.32 (CHANGED)
[2026-01-31 00:30:05]   [emp_id: 5093] ✓ Updated: 16.44 → 16.52 (CHANGED)
[2026-01-31 00:30:05]   [emp_id: 5095] ✓ Updated: 2.8 → 2.86 (CHANGED)
[2026-01-31 00:30:05]   [emp_id: 5101] ✓ Updated: 18.52 → 18.6 (CHANGED)
[2026-01-31 00:30:05]   [emp_id: 5107] ✓ Updated: 16.85 → 16.93 (CHANGED)
[2026-01-31 00:30:05]   [emp_id: 5109] ✓ Updated: 14.1 → 14.18 (CHANGED)
[2026-01-31 00:30:05]   [emp_id: 5119] ✓ Updated: 12.27 → 12.35 (CHANGED)
[2026-01-31 00:30:05]   [emp_id: 5122] ✓ Updated: 9.44 → 9.52 (CHANGED)
[2026-01-31 00:30:05]   [emp_id: 5126] ✓ Updated: 28.14 → 28.2 (CHANGED)
[2026-01-31 00:30:05]   [emp_id: 5127] ✓ Updated: 24.93 → 24.99 (CHANGED)
[2026-01-31 00:30:05]   [emp_id: 5128] ✓ Updated: 28.08 → 28.14 (CHANGED)
[2026-01-31 00:30:05]   [emp_id: 5138] ✓ Updated: 52.1 → 52.18 (CHANGED)
[2026-01-31 00:30:05]   [emp_id: 5138] ✓ Updated: 52.1 → 52.18 (CHANGED)
[2026-01-31 00:30:05]   [emp_id: 5141] ✓ Updated: 36.45 → 36.51 (CHANGED)
[2026-01-31 00:30:05]   [emp_id: 5142] ✓ Updated: 5.45 → 5.51 (CHANGED)
[2026-01-31 00:30:05]   [emp_id: 5146] ✓ Updated: 22.45 → 22.51 (CHANGED)
[2026-01-31 00:30:05]   [emp_id: 5147] ✓ Updated: 21.45 → 21.51 (CHANGED)
[2026-01-31 00:30:05]   [emp_id: 5148] ✓ Updated: 26.8 → 26.86 (CHANGED)
[2026-01-31 00:30:05]   [emp_id: 5149] ✓ Updated: 25.69 → 25.75 (CHANGED)
[2026-01-31 00:30:05]   [emp_id: 5150] ✓ Updated: 25.05 → 25.11 (CHANGED)
[2026-01-31 00:30:05]   [emp_id: 5151] ✓ Updated: 24.87 → 24.93 (CHANGED)
[2026-01-31 00:30:05]   [emp_id: 5152] ✓ Updated: 5.29 → 5.35 (CHANGED)
[2026-01-31 00:30:05]   [emp_id: 5157] ✓ Updated: 24.87 → 24.93 (CHANGED)
[2026-01-31 00:30:05]   [emp_id: 5160] ✓ Updated: 24.87 → 24.93 (CHANGED)
[2026-01-31 00:30:05]   [emp_id: 5163] ✓ Updated: 22.66 → 22.72 (CHANGED)
[2026-01-31 00:30:05]   [emp_id: 5165] ✓ Updated: 3.54 → 3.62 (CHANGED)
[2026-01-31 00:30:05]   [emp_id: 5167] ✓ Updated: 31.81 → 31.87 (CHANGED)
[2026-01-31 00:30:05]   [emp_id: 5168] ✓ Updated: 24.35 → 24.41 (CHANGED)
[2026-01-31 00:30:05]   [emp_id: 5173] ✓ Updated: 27.19 → 27.27 (CHANGED)
[2026-01-31 00:30:05]   [emp_id: 5174] ✓ Updated: 24.81 → 24.87 (CHANGED)
[2026-01-31 00:30:05]   [emp_id: 5181] ✓ Updated: 21.2 → 21.26 (CHANGED)
[2026-01-31 00:30:05]   [emp_id: 5187] ✓ Updated: 37.73 → 37.79 (CHANGED)
[2026-01-31 00:30:05]   [emp_id: 5204] ✓ Updated: 20.69 → 20.77 (CHANGED)
[2026-01-31 00:30:05]   [emp_id: 5205] ✓ Updated: 13.94 → 14 (CHANGED)
[2026-01-31 00:30:05]   [emp_id: 5209] ✓ Updated: 15.94 → 16 (CHANGED)
[2026-01-31 00:30:05]   [emp_id: 5213] ✓ Updated: 4.35 → 4.41 (CHANGED)
[2026-01-31 00:30:05]   [emp_id: 5214] ✓ Updated: 3.19 → 3.25 (CHANGED)
[2026-01-31 00:30:05]   [emp_id: 5215] ✓ Updated: 11.94 → 12 (CHANGED)
[2026-01-31 00:30:05]   [emp_id: 5217] ✓ Updated: 9.94 → 10 (CHANGED)
[2026-01-31 00:30:05]   [emp_id: 5219] ✓ Updated: 14.94 → 15 (CHANGED)
[2026-01-31 00:30:05]   [emp_id: 5221] ✓ Updated: 4.25 → 4.31 (CHANGED)
[2026-01-31 00:30:05]   [emp_id: 5224] ✓ Updated: 15.94 → 16 (CHANGED)
[2026-01-31 00:30:05]   [emp_id: 5229] ✓ Updated: 6.94 → 7 (CHANGED)
[2026-01-31 00:30:05]   [emp_id: 5230] ✓ Updated: 11.61 → 11.67 (CHANGED)
[2026-01-31 00:30:05]   [emp_id: 5231] ✓ Updated: 7.94 → 8 (CHANGED)
[2026-01-31 00:30:05]   [emp_id: 5232] ✓ Updated: 1.94 → 2 (CHANGED)
[2026-01-31 00:30:05]   [emp_id: 5233] ✓ Updated: 5.94 → 6 (CHANGED)
[2026-01-31 00:30:05]   [emp_id: 5235] ✓ Updated: 1.38 → 1.44 (CHANGED)
[2026-01-31 00:30:05]   [emp_id: 5237] ✓ Updated: 12.19 → 12.25 (CHANGED)
[2026-01-31 00:30:05]   [emp_id: 5239] ✓ Updated: 4.94 → 5 (CHANGED)
[2026-01-31 00:30:05]   [emp_id: 5241] ✓ Updated: 6.94 → 7 (CHANGED)
[2026-01-31 00:30:06]   [emp_id: 5242] ✓ Updated: 16.94 → 17 (CHANGED)
[2026-01-31 00:30:06]   [emp_id: 5243] ✓ Updated: 3.35 → 3.41 (CHANGED)
[2026-01-31 00:30:06]   [emp_id: 5244] ✓ Updated: 1.38 → 1.44 (CHANGED)
[2026-01-31 00:30:06]   [emp_id: 5246] ✓ Updated: 12.94 → 13 (CHANGED)
[2026-01-31 00:30:06]   [emp_id: 5253] ✓ Updated: 24.81 → 24.87 (CHANGED)
[2026-01-31 00:30:06]   [emp_id: 5254] ✓ Updated: 2.79 → 2.85 (CHANGED)
[2026-01-31 00:30:06]   [emp_id: 5257] ✓ Updated: 13.5 → 13.56 (CHANGED)
[2026-01-31 00:30:06]   [emp_id: 5259] ✓ Updated: 50.03 → 50.09 (CHANGED)
[2026-01-31 00:30:06]   [emp_id: 5261] ✓ Updated: 6.29 → 6.37 (CHANGED)
[2026-01-31 00:30:06]   [emp_id: 5264] ✓ Updated: 15.51 → 15.57 (CHANGED)
[2026-01-31 00:30:06]   [emp_id: 5266] ✓ Updated: 22.13 → 22.19 (CHANGED)
[2026-01-31 00:30:06]   [emp_id: 5268] ✓ Updated: 10.7 → 10.76 (CHANGED)
[2026-01-31 00:30:06]   [emp_id: 5271] ✓ Updated: 9.36 → 9.42 (CHANGED)
[2026-01-31 00:30:06]   [emp_id: 5272] ✓ Updated: 10.23 → 10.29 (CHANGED)
[2026-01-31 00:30:06]   [emp_id: 5273] ✓ Updated: 25.3 → 25.36 (CHANGED)
[2026-01-31 00:30:06]   [emp_id: 5275] ✓ Updated: 11.05 → 11.11 (CHANGED)
[2026-01-31 00:30:06]   [emp_id: 5276] ✓ Updated: 25.32 → 25.38 (CHANGED)
[2026-01-31 00:30:06]   [emp_id: 5278] ✓ Updated: 9.71 → 9.77 (CHANGED)
[2026-01-31 00:30:06]   [emp_id: 5280] ✓ Updated: 20.11 → 20.17 (CHANGED)
[2026-01-31 00:30:06]   [emp_id: 5282] ✓ Updated: 13.77 → 13.85 (CHANGED)
[2026-01-31 00:30:06]   [emp_id: 5285] ✓ Updated: 30.11 → 30.17 (CHANGED)
[2026-01-31 00:30:06]   [emp_id: 5286] ✓ Updated: 17.11 → 17.17 (CHANGED)
[2026-01-31 00:30:06]   [emp_id: 5287] ✓ Updated: 51.41 → 51.47 (CHANGED)
[2026-01-31 00:30:06]   [emp_id: 5288] ✓ Updated: 8.68 → 8.74 (CHANGED)
[2026-01-31 00:30:06]   [emp_id: 5289] ✓ Updated: 49.96 → 50.02 (CHANGED)
[2026-01-31 00:30:06]   [emp_id: 5290] ✓ Updated: 48.73 → 48.79 (CHANGED)
[2026-01-31 00:30:06]   [emp_id: 5291] ✓ Updated: 6.73 → 6.79 (CHANGED)
[2026-01-31 00:30:06]   [emp_id: 5292] ✓ Updated: 6.67 → 6.73 (CHANGED)
[2026-01-31 00:30:06]   [emp_id: 5293] ✓ Updated: 10.03 → 10.11 (CHANGED)
[2026-01-31 00:30:06]   [emp_id: 5294] ✓ Updated: 9.69 → 9.77 (CHANGED)
[2026-01-31 00:30:06]   [emp_id: 5295] ✓ Updated: 22.91 → 22.97 (CHANGED)
[2026-01-31 00:30:06]   [emp_id: 5296] ✓ Updated: 30.71 → 30.79 (CHANGED)
[2026-01-31 00:30:06]   [emp_id: 5297] ✓ Updated: 47.33 → 47.39 (CHANGED)
[2026-01-31 00:30:06]   [emp_id: 5298] ✓ Updated: 47.33 → 47.39 (CHANGED)
[2026-01-31 00:30:06]   [emp_id: 5299] ✓ Updated: 47.33 → 47.39 (CHANGED)
[2026-01-31 00:30:06]   [emp_id: 5300] ✓ Updated: 47.33 → 47.39 (CHANGED)
[2026-01-31 00:30:06]   [emp_id: 5301] ✓ Updated: 5.15 → 5.21 (CHANGED)
[2026-01-31 00:30:06]   [emp_id: 5303] ✓ Updated: 5.58 → 5.64 (CHANGED)
[2026-01-31 00:30:06]   [emp_id: 5304] ✓ Updated: 2.33 → 2.39 (CHANGED)
[2026-01-31 00:30:06]   [emp_id: 5305] ✓ Updated: 5.33 → 5.39 (CHANGED)
[2026-01-31 00:30:06]   [emp_id: 5306] ✓ Updated: 47.04 → 47.1 (CHANGED)
[2026-01-31 00:30:06]   [emp_id: 5307] ✓ Updated: 47.04 → 47.1 (CHANGED)
[2026-01-31 00:30:06]   [emp_id: 5312] ✓ Updated: 1.38 → 1.44 (CHANGED)
[2026-01-31 00:30:06]   [emp_id: 5318] ✓ Updated: 22.75 → 22.81 (CHANGED)
[2026-01-31 00:30:06]   [emp_id: 5325] ✓ Updated: 1.71 → 1.77 (CHANGED)
[2026-01-31 00:30:06]   [emp_id: 5327] ✓ Updated: 2.8 → 2.86 (CHANGED)
[2026-01-31 00:30:06]   [emp_id: 5337] ✓ Updated: 37.6 → 37.68 (CHANGED)
[2026-01-31 00:30:06]   [emp_id: 5339] ✓ Updated: 11.9 → 11.96 (CHANGED)
[2026-01-31 00:30:06]   [emp_id: 5343] ✓ Updated: 47.52 → 47.6 (CHANGED)
[2026-01-31 00:30:06]   [emp_id: 5343] ✓ Updated: 47.52 → 47.6 (CHANGED)
[2026-01-31 00:30:06]   [emp_id: 5345] ✓ Updated: 17.35 → 17.43 (CHANGED)
[2026-01-31 00:30:06]   [emp_id: 5346] ✓ Updated: 3.62 → 3.68 (CHANGED)
[2026-01-31 00:30:06]   [emp_id: 5351] ✓ Updated: 18.56 → 18.62 (CHANGED)
[2026-01-31 00:30:06]   [emp_id: 5352] ✓ Updated: 27.77 → 27.85 (CHANGED)
[2026-01-31 00:30:06]   [emp_id: 5370] ✓ Updated: 17.21 → 17.27 (CHANGED)
[2026-01-31 00:30:06]   [emp_id: 5371] ✓ Updated: 9.52 → 9.6 (CHANGED)
[2026-01-31 00:30:06]   [emp_id: 5376] ✓ Updated: 11.81 → 11.87 (CHANGED)
[2026-01-31 00:30:06]   [emp_id: 5378] ✓ Updated: 19.6 → 19.68 (CHANGED)
[2026-01-31 00:30:06]   [emp_id: 5380] ✓ Updated: 18.22 → 18.28 (CHANGED)
[2026-01-31 00:30:06]   [emp_id: 5381] ✓ Updated: 12.04 → 12.12 (CHANGED)
[2026-01-31 00:30:06]   [emp_id: 5383] ✓ Updated: 17.35 → 17.43 (CHANGED)
[2026-01-31 00:30:06]   [emp_id: 5388] ✓ Updated: 29 → 29.06 (CHANGED)
[2026-01-31 00:30:06]   [emp_id: 5396] ✓ Updated: 30.24 → 30.3 (CHANGED)
[2026-01-31 00:30:06]   [emp_id: 5397] ✓ Updated: 21.7 → 21.76 (CHANGED)
[2026-01-31 00:30:06]   [emp_id: 5401] ✓ Updated: 24.81 → 24.87 (CHANGED)
[2026-01-31 00:30:06]   [emp_id: 5402] ✓ Updated: 24.93 → 24.99 (CHANGED)
[2026-01-31 00:30:06]   [emp_id: 5406] ✓ Updated: 18.65 → 18.71 (CHANGED)
[2026-01-31 00:30:06]   [emp_id: 5407] ✓ Updated: 18.12 → 18.2 (CHANGED)
[2026-01-31 00:30:06]   [emp_id: 5409] ✓ Updated: 17.99 → 18.05 (CHANGED)
[2026-01-31 00:30:06]   [emp_id: 5413] ✓ Updated: 30.52 → 30.6 (CHANGED)
[2026-01-31 00:30:06]   [emp_id: 5415] ✓ Updated: 6.12 → 6.2 (CHANGED)
[2026-01-31 00:30:06]   [emp_id: 5418] ✓ Updated: 17.05 → 17.11 (CHANGED)
[2026-01-31 00:30:06]   [emp_id: 5422] ✓ Updated: 22.85 → 22.93 (CHANGED)
[2026-01-31 00:30:06]   [emp_id: 5423] ✓ Updated: 5.54 → 5.62 (CHANGED)
[2026-01-31 00:30:06]   [emp_id: 5425] ✓ Updated: 15.6 → 15.66 (CHANGED)
[2026-01-31 00:30:06]   [emp_id: 5426] ✓ Updated: 4.09 → 4.17 (CHANGED)
[2026-01-31 00:30:06]   [emp_id: 5426] ✓ Updated: 4.09 → 4.17 (CHANGED)
[2026-01-31 00:30:06]   [emp_id: 5427] ✓ Updated: 15.71 → 15.77 (CHANGED)
[2026-01-31 00:30:06]   [emp_id: 5428] ✓ Updated: 15.6 → 15.66 (CHANGED)
[2026-01-31 00:30:06]   [emp_id: 5430] ✓ Updated: 19.91 → 19.99 (CHANGED)
[2026-01-31 00:30:06]   [emp_id: 5431] ✓ Updated: 14.72 → 14.78 (CHANGED)
[2026-01-31 00:30:06]   [emp_id: 5433] ✓ Updated: 14.74 → 14.8 (CHANGED)
[2026-01-31 00:30:07]   [emp_id: 5434] ✓ Updated: 14.49 → 14.55 (CHANGED)
[2026-01-31 00:30:07]   [emp_id: 5435] ✓ Updated: 14.43 → 14.49 (CHANGED)
[2026-01-31 00:30:07]   [emp_id: 5438] ✓ Updated: 17.77 → 17.85 (CHANGED)
[2026-01-31 00:30:07]   [emp_id: 5439] ✓ Updated: 27.27 → 27.35 (CHANGED)
[2026-01-31 00:30:07]   [emp_id: 5442] ✓ Updated: 16.27 → 16.35 (CHANGED)
[2026-01-31 00:30:07]   [emp_id: 5445] ✓ Updated: 8.89 → 8.95 (CHANGED)
[2026-01-31 00:30:07]   [emp_id: 5446] ✓ Updated: 8.89 → 8.95 (CHANGED)
[2026-01-31 00:30:07]   [emp_id: 5447] ✓ Updated: 8.83 → 8.89 (CHANGED)
[2026-01-31 00:30:07]   [emp_id: 5448] ✓ Updated: 3.29 → 3.37 (CHANGED)
[2026-01-31 00:30:07]   [emp_id: 5449] ✓ Updated: 6.91 → 6.97 (CHANGED)
[2026-01-31 00:30:07]   [emp_id: 5450] ✓ Updated: 6.85 → 6.91 (CHANGED)
[2026-01-31 00:30:07]   [emp_id: 5451] ✓ Updated: 6.85 → 6.91 (CHANGED)
[2026-01-31 00:30:07]   [emp_id: 5453] ✓ Updated: 6.69 → 6.75 (CHANGED)
[2026-01-31 00:30:07]   [emp_id: 5454] ✓ Updated: 9.35 → 9.43 (CHANGED)
[2026-01-31 00:30:07]   [emp_id: 5455] ✓ Updated: 3.6 → 3.68 (CHANGED)
[2026-01-31 00:30:07]   [emp_id: 5456] ✓ Updated: 8.6 → 8.68 (CHANGED)
[2026-01-31 00:30:07]   [emp_id: 5457] ✓ Updated: 5.94 → 6 (CHANGED)
[2026-01-31 00:30:07]   [emp_id: 5460] ✓ Updated: 7.25 → 7.33 (CHANGED)
[2026-01-31 00:30:07]   [emp_id: 5463] ✓ Updated: 6.58 → 6.66 (CHANGED)
[2026-01-31 00:30:07]   [emp_id: 5464] ✓ Updated: 6.58 → 6.66 (CHANGED)
[2026-01-31 00:30:07]   [emp_id: 5466] ✓ Updated: 4.33 → 4.41 (CHANGED)
[2026-01-31 00:30:07]   [emp_id: 5468] ✓ Updated: 2.2 → 2.28 (CHANGED)
[2026-01-31 00:30:07]   [emp_id: 5469] ✓ Updated: 2.11 → 2.19 (CHANGED)
[2026-01-31 00:30:07]   [emp_id: 5471] ✓ Updated: 0.96 → 1.04 (CHANGED)
[2026-01-31 00:30:07] Report saved to: /home/almutlak/public_html/hr/cron_logs/last_vacation_update_report.json
