[2026-01-21 07:59:11] ========== CRON: Vacation Balance Update Started ==========
[2026-01-21 07:59:11] Database connection established
[2026-01-21 07:59:11] Found 434 active employees with balance records to update
[2026-01-21 07:59:11] (Only employees with status=1 will be processed)
[2026-01-21 07:59:11]   [emp_id: 1061] ✓ Updated: 1.04 → 1.12 (CHANGED)
[2026-01-21 07:59:11]   [emp_id: 1496] ✓ Updated: 17.89 → 17.97 (CHANGED)
[2026-01-21 07:59:11]   [emp_id: 1500] ✓ Updated: 5.57 → 5.65 (CHANGED)
[2026-01-21 07:59:11]   [emp_id: 1574] ✓ Updated: 34.8 → 34.88 (CHANGED)
[2026-01-21 07:59:11]   [emp_id: 1673] ✓ Updated: 46.3 → 46.38 (CHANGED)
[2026-01-21 07:59:11]   [emp_id: 1685] ✓ Updated: 16.22 → 16.3 (CHANGED)
[2026-01-21 07:59:11]   [emp_id: 1764] ✓ Updated: 70.89 → 70.97 (CHANGED)
[2026-01-21 07:59:11]   [emp_id: 1805] ✓ Updated: 65.22 → 65.3 (CHANGED)
[2026-01-21 07:59:11]   [emp_id: 1822] ✓ Updated: 69.97 → 70.05 (CHANGED)
[2026-01-21 07:59:11]   [emp_id: 1837] ✓ Updated: 26.14 → 26.22 (CHANGED)
[2026-01-21 07:59:11]   [emp_id: 1857] ✓ Updated: 21.47 → 21.55 (CHANGED)
[2026-01-21 07:59:11]   [emp_id: 1861] ✓ Updated: 72.3 → 72.38 (CHANGED)
[2026-01-21 07:59:11]   [emp_id: 1872] ✓ Updated: 11.14 → 11.22 (CHANGED)
[2026-01-21 07:59:11]   [emp_id: 1897] ✓ Updated: 6.47 → 6.55 (CHANGED)
[2026-01-21 07:59:11]   [emp_id: 1916] ✓ Updated: 12.77 → 12.85 (CHANGED)
[2026-01-21 07:59:11]   [emp_id: 1928] ✓ Updated: 65.72 → 65.8 (CHANGED)
[2026-01-21 07:59:11]   [emp_id: 1931] ✓ Updated: 85.64 → 85.72 (CHANGED)
[2026-01-21 07:59:11]   [emp_id: 1944] ✓ Updated: 43.8 → 43.88 (CHANGED)
[2026-01-21 07:59:11]   [emp_id: 1996] ✓ Updated: 72.3 → 72.38 (CHANGED)
[2026-01-21 07:59:11]   [emp_id: 1997] ✓ Updated: 37.47 → 37.55 (CHANGED)
[2026-01-21 07:59:11]   [emp_id: 1998] ✓ Updated: 28.91 → 28.99 (CHANGED)
[2026-01-21 07:59:11]   [emp_id: 1999] ✓ Updated: 29.91 → 29.99 (CHANGED)
[2026-01-21 07:59:11]   [emp_id: 2009] ✓ Updated: 36.22 → 36.3 (CHANGED)
[2026-01-21 07:59:11]   [emp_id: 2048] ✓ Updated: 26.05 → 26.13 (CHANGED)
[2026-01-21 07:59:11]   [emp_id: 2057] ✓ Updated: 66.89 → 66.97 (CHANGED)
[2026-01-21 07:59:11]   [emp_id: 2079] ✓ Updated: 49.22 → 49.3 (CHANGED)
[2026-01-21 07:59:11]   [emp_id: 2181] ✓ Updated: 38.22 → 38.3 (CHANGED)
[2026-01-21 07:59:11]   [emp_id: 2190] ✓ Updated: 7.55 → 7.63 (CHANGED)
[2026-01-21 07:59:11]   [emp_id: 2212] ✓ Updated: 25.55 → 25.63 (CHANGED)
[2026-01-21 07:59:11]   [emp_id: 2226] ✓ Updated: 70.3 → 70.38 (CHANGED)
[2026-01-21 07:59:11]   [emp_id: 2238] ✓ Updated: 68.55 → 68.63 (CHANGED)
[2026-01-21 07:59:11]   [emp_id: 2285] ✓ Updated: 37.22 → 37.3 (CHANGED)
[2026-01-21 07:59:12]   [emp_id: 2287] ✓ Updated: 48.89 → 48.97 (CHANGED)
[2026-01-21 07:59:12]   [emp_id: 2288] ✓ Updated: 3.91 → 3.99 (CHANGED)
[2026-01-21 07:59:12]   [emp_id: 2316] ✓ Updated: 17.72 → 17.8 (CHANGED)
[2026-01-21 07:59:12]   [emp_id: 2337] ✓ Updated: 38.8 → 38.88 (CHANGED)
[2026-01-21 07:59:12]   [emp_id: 2352] ✓ Updated: 70.3 → 70.38 (CHANGED)
[2026-01-21 07:59:12]   [emp_id: 2358] ✓ Updated: 6.8 → 6.88 (CHANGED)
[2026-01-21 07:59:12]   [emp_id: 2361] ✓ Updated: 72.47 → 72.55 (CHANGED)
[2026-01-21 07:59:12]   [emp_id: 2363] ✓ Updated: 75.05 → 75.13 (CHANGED)
[2026-01-21 07:59:12]   [emp_id: 2364] ✓ Updated: 74.47 → 74.55 (CHANGED)
[2026-01-21 07:59:12]   [emp_id: 2367] ✓ Updated: 102.14 → 102.22 (CHANGED)
[2026-01-21 07:59:12]   [emp_id: 2368] ✓ Updated: 32.55 → 32.63 (CHANGED)
[2026-01-21 07:59:12]   [emp_id: 2372] ✓ Updated: 69.8 → 69.88 (CHANGED)
[2026-01-21 07:59:12]   [emp_id: 2376] ✓ Updated: 119.8 → 119.88 (CHANGED)
[2026-01-21 07:59:12]   [emp_id: 2423] ✓ Updated: 20.55 → 20.63 (CHANGED)
[2026-01-21 07:59:12]   [emp_id: 2519] ✓ Updated: 114.22 → 114.3 (CHANGED)
[2026-01-21 07:59:12]   [emp_id: 2522] ✓ Updated: 57.8 → 57.88 (CHANGED)
[2026-01-21 07:59:12]   [emp_id: 2530] ✓ Updated: 53.05 → 53.13 (CHANGED)
[2026-01-21 07:59:12]   [emp_id: 2539] ✓ Updated: 49.8 → 49.88 (CHANGED)
[2026-01-21 07:59:12]   [emp_id: 2541] ✓ Updated: 30.39 → 30.47 (CHANGED)
[2026-01-21 07:59:12]   [emp_id: 2550] ✓ Updated: 96.55 → 96.63 (CHANGED)
[2026-01-21 07:59:12]   [emp_id: 2553] ✓ Updated: 33.66 → 33.74 (CHANGED)
[2026-01-21 07:59:12]   [emp_id: 2554] ✓ Updated: 40.14 → 40.22 (CHANGED)
[2026-01-21 07:59:12]   [emp_id: 2565] ✓ Updated: 94.72 → 94.8 (CHANGED)
[2026-01-21 07:59:12]   [emp_id: 2572] ✓ Updated: 44.72 → 44.8 (CHANGED)
[2026-01-21 07:59:12]   [emp_id: 2637] ✓ Updated: 65.3 → 65.38 (CHANGED)
[2026-01-21 07:59:12]   [emp_id: 2642] ✓ Updated: 78.05 → 78.13 (CHANGED)
[2026-01-21 07:59:12]   [emp_id: 2645] ✓ Updated: 94.05 → 94.13 (CHANGED)
[2026-01-21 07:59:12]   [emp_id: 2648] ✓ Updated: 45.72 → 45.8 (CHANGED)
[2026-01-21 07:59:12]   [emp_id: 2654] ✓ Updated: 88.39 → 88.47 (CHANGED)
[2026-01-21 07:59:12]   [emp_id: 2688] ✓ Updated: 26.47 → 26.55 (CHANGED)
[2026-01-21 07:59:12]   [emp_id: 2690] ✓ Updated: 15.22 → 15.3 (CHANGED)
[2026-01-21 07:59:12]   [emp_id: 2709] ✓ Updated: 37.47 → 37.55 (CHANGED)
[2026-01-21 07:59:12]   [emp_id: 2745] ✓ Updated: 34.05 → 34.13 (CHANGED)
[2026-01-21 07:59:12]   [emp_id: 2843] ✓ Updated: 80.64 → 80.72 (CHANGED)
[2026-01-21 07:59:12]   [emp_id: 2854] ✓ Updated: 60.55 → 60.63 (CHANGED)
[2026-01-21 07:59:12]   [emp_id: 2869] ✓ Updated: 4.47 → 4.55 (CHANGED)
[2026-01-21 07:59:12]   [emp_id: 2876] ✓ Updated: 35.3 → 35.38 (CHANGED)
[2026-01-21 07:59:12]   [emp_id: 2924] ✓ Updated: 16.47 → 16.55 (CHANGED)
[2026-01-21 07:59:12]   [emp_id: 2953] ✓ Updated: 102.22 → 102.3 (CHANGED)
[2026-01-21 07:59:12]   [emp_id: 2961] ✓ Updated: 12.22 → 12.3 (CHANGED)
[2026-01-21 07:59:12]   [emp_id: 2975] ✓ Updated: 1.9 → 1.98 (CHANGED)
[2026-01-21 07:59:12]   [emp_id: 3013] ✓ Updated: 11.22 → 11.3 (CHANGED)
[2026-01-21 07:59:12]   [emp_id: 3014] ✓ Updated: 90.47 → 90.55 (CHANGED)
[2026-01-21 07:59:12]   [emp_id: 3015] ✓ Updated: 1.72 → 1.8 (CHANGED)
[2026-01-21 07:59:12]   [emp_id: 3018] ✓ Updated: 60.47 → 60.55 (CHANGED)
[2026-01-21 07:59:12]   [emp_id: 3025] ✓ Updated: 24.24 → 24.32 (CHANGED)
[2026-01-21 07:59:12]   [emp_id: 3037] ✓ Updated: 83.97 → 84.05 (CHANGED)
[2026-01-21 07:59:13]   [emp_id: 3047] ✓ Updated: 72.22 → 72.3 (CHANGED)
[2026-01-21 07:59:13]   [emp_id: 3061] ✓ Updated: 19.14 → 19.22 (CHANGED)
[2026-01-21 07:59:13]   [emp_id: 3062] ✓ Updated: 52.3 → 52.38 (CHANGED)
[2026-01-21 07:59:13]   [emp_id: 3074] ✓ Updated: 108.72 → 108.8 (CHANGED)
[2026-01-21 07:59:13]   [emp_id: 3089] ✓ Updated: 7.64 → 7.72 (CHANGED)
[2026-01-21 07:59:13]   [emp_id: 3090] ✓ Updated: 34.22 → 34.3 (CHANGED)
[2026-01-21 07:59:13]   [emp_id: 3091] ✓ Updated: 46.22 → 46.3 (CHANGED)
[2026-01-21 07:59:13]   [emp_id: 3092] ✓ Updated: 28.89 → 28.97 (CHANGED)
[2026-01-21 07:59:13]   [emp_id: 3105] ✓ Updated: 49.22 → 49.3 (CHANGED)
[2026-01-21 07:59:13]   [emp_id: 3134] ✓ Updated: 44.97 → 45.05 (CHANGED)
[2026-01-21 07:59:13]   [emp_id: 3140] ✓ Updated: 42.05 → 42.13 (CHANGED)
[2026-01-21 07:59:13]   [emp_id: 3144] ✓ Updated: 14.89 → 14.97 (CHANGED)
[2026-01-21 07:59:13]   [emp_id: 3156] ✓ Updated: 18.22 → 18.3 (CHANGED)
[2026-01-21 07:59:13]   [emp_id: 3162] ✓ Updated: 3.2 → 3.28 (CHANGED)
[2026-01-21 07:59:13]   [emp_id: 3163] ✓ Updated: 6.47 → 6.55 (CHANGED)
[2026-01-21 07:59:13]   [emp_id: 3198] ✓ Updated: 41.47 → 41.55 (CHANGED)
[2026-01-21 07:59:13]   [emp_id: 3205] ✓ Updated: 18.14 → 18.22 (CHANGED)
[2026-01-21 07:59:13]   [emp_id: 3209] ✓ Updated: 42.3 → 42.38 (CHANGED)
[2026-01-21 07:59:13]   [emp_id: 3223] ✓ Updated: 91.22 → 91.3 (CHANGED)
[2026-01-21 07:59:13]   [emp_id: 3224] ✓ Updated: 65.97 → 66.05 (CHANGED)
[2026-01-21 07:59:13]   [emp_id: 3230] ✓ Updated: 89.39 → 89.47 (CHANGED)
[2026-01-21 07:59:13]   [emp_id: 3231] ✓ Updated: 1.76 → 1.84 (CHANGED)
[2026-01-21 07:59:13]   [emp_id: 3233] ✓ Updated: 82.22 → 82.3 (CHANGED)
[2026-01-21 07:59:13]   [emp_id: 3249] ✓ Updated: 38.05 → 38.13 (CHANGED)
[2026-01-21 07:59:13]   [emp_id: 3250] ✓ Updated: 11.05 → 11.13 (CHANGED)
[2026-01-21 07:59:13]   [emp_id: 3252] ✓ Updated: 11.97 → 12.05 (CHANGED)
[2026-01-21 07:59:13]   [emp_id: 3254] ✓ Updated: 22.47 → 22.55 (CHANGED)
[2026-01-21 07:59:13]   [emp_id: 3255] ✓ Updated: 18.89 → 18.97 (CHANGED)
[2026-01-21 07:59:13]   [emp_id: 3256] ✓ Updated: 15.14 → 15.22 (CHANGED)
[2026-01-21 07:59:13]   [emp_id: 3263] ✓ Updated: 31.22 → 31.3 (CHANGED)
[2026-01-21 07:59:13]   [emp_id: 3265] ✓ Updated: 26.8 → 26.88 (CHANGED)
[2026-01-21 07:59:13]   [emp_id: 3280] ✓ Updated: 73.72 → 73.8 (CHANGED)
[2026-01-21 07:59:13]   [emp_id: 3286] ✓ Updated: 16.89 → 16.97 (CHANGED)
[2026-01-21 07:59:13]   [emp_id: 3294] ✓ Updated: 16.55 → 16.63 (CHANGED)
[2026-01-21 07:59:13]   [emp_id: 3321] ✓ Updated: 73.72 → 73.8 (CHANGED)
[2026-01-21 07:59:13]   [emp_id: 3325] ✓ Updated: 61.47 → 61.55 (CHANGED)
[2026-01-21 07:59:13]   [emp_id: 3329] ✓ Updated: 63.8 → 63.88 (CHANGED)
[2026-01-21 07:59:13]   [emp_id: 3330] ✓ Updated: 63.8 → 63.88 (CHANGED)
[2026-01-21 07:59:13]   [emp_id: 3332] ✓ Updated: 63.8 → 63.88 (CHANGED)
[2026-01-21 07:59:13]   [emp_id: 3370] ✓ Updated: 55.39 → 55.56 (CHANGED)
[2026-01-21 07:59:13]   [emp_id: 3384] ✓ Updated: 15.97 → 16.05 (CHANGED)
[2026-01-21 07:59:13]   [emp_id: 3386] ✓ Updated: 45.97 → 46.05 (CHANGED)
[2026-01-21 07:59:14]   [emp_id: 3431] ✓ Updated: 20.39 → 20.47 (CHANGED)
[2026-01-21 07:59:14]   [emp_id: 3497] ✓ Updated: 10.55 → 10.63 (CHANGED)
[2026-01-21 07:59:14]   [emp_id: 3532] ✓ Updated: 1.39 → 1.47 (CHANGED)
[2026-01-21 07:59:14]   [emp_id: 3602] ✓ Updated: 2.96 → 3.04 (CHANGED)
[2026-01-21 07:59:14]   [emp_id: 3618] ✓ Updated: 24.94 → 25.02 (CHANGED)
[2026-01-21 07:59:14]   [emp_id: 3622] ✓ Updated: 35.55 → 35.61 (CHANGED)
[2026-01-21 07:59:14]   [emp_id: 3627] ✓ Updated: 10.89 → 10.97 (CHANGED)
[2026-01-21 07:59:14]   [emp_id: 3665] ✓ Updated: 52.47 → 52.55 (CHANGED)
[2026-01-21 07:59:14]   [emp_id: 3705] ✓ Updated: 28.88 → 28.94 (CHANGED)
[2026-01-21 07:59:14]   [emp_id: 3724] ✓ Updated: 45.47 → 45.55 (CHANGED)
[2026-01-21 07:59:14]   [emp_id: 3726] ✓ Updated: 61.89 → 61.97 (CHANGED)
[2026-01-21 07:59:14]   [emp_id: 3727] ✓ Updated: 66.97 → 67.05 (CHANGED)
[2026-01-21 07:59:14]   [emp_id: 3728] ✓ Updated: 11.3 → 11.38 (CHANGED)
[2026-01-21 07:59:14]   [emp_id: 3767] ✓ Updated: 2.05 → 2.13 (CHANGED)
[2026-01-21 07:59:14]   [emp_id: 3768] ✓ Updated: 58.3 → 58.38 (CHANGED)
[2026-01-21 07:59:14]   [emp_id: 3787] ✓ Updated: 58.89 → 58.97 (CHANGED)
[2026-01-21 07:59:14]   [emp_id: 3790] ✓ Updated: 3.44 → 3.52 (CHANGED)
[2026-01-21 07:59:14]   [emp_id: 3795] ✓ Updated: 16.39 → 16.47 (CHANGED)
[2026-01-21 07:59:14]   [emp_id: 3798] ✓ Updated: 94.8 → 94.88 (CHANGED)
[2026-01-21 07:59:14]   [emp_id: 3801] ✓ Updated: 3.07 → 3.15 (CHANGED)
[2026-01-21 07:59:14]   [emp_id: 3802] ✓ Updated: 32.05 → 32.13 (CHANGED)
[2026-01-21 07:59:14]   [emp_id: 3803] ✓ Updated: 116.47 → 116.55 (CHANGED)
[2026-01-21 07:59:14]   [emp_id: 3810] ✓ Updated: 62.47 → 62.55 (CHANGED)
[2026-01-21 07:59:14]   [emp_id: 3812] ✓ Updated: 91.47 → 91.55 (CHANGED)
[2026-01-21 07:59:14]   [emp_id: 3815] ✓ Updated: 91.47 → 91.55 (CHANGED)
[2026-01-21 07:59:14]   [emp_id: 3836] ✓ Updated: 59.14 → 59.22 (CHANGED)
[2026-01-21 07:59:14]   [emp_id: 3855] ✓ Updated: 52.3 → 52.38 (CHANGED)
[2026-01-21 07:59:14]   [emp_id: 3857] ✓ Updated: 55.97 → 56.05 (CHANGED)
[2026-01-21 07:59:14]   [emp_id: 3862] ✓ Updated: 104.05 → 104.13 (CHANGED)
[2026-01-21 07:59:14]   [emp_id: 3866] ✓ Updated: 29.3 → 29.38 (CHANGED)
[2026-01-21 07:59:14]   [emp_id: 3876] ✓ Updated: 25.47 → 25.55 (CHANGED)
[2026-01-21 07:59:14]   [emp_id: 3877] ✓ Updated: 50.97 → 51.05 (CHANGED)
[2026-01-21 07:59:14]   [emp_id: 3897] ✓ Updated: 39.22 → 39.3 (CHANGED)
[2026-01-21 07:59:14]   [emp_id: 3899] ✓ Updated: 1.04 → 1.12 (CHANGED)
[2026-01-21 07:59:14]   [emp_id: 3928] ✓ Updated: 15.3 → 15.38 (CHANGED)
[2026-01-21 07:59:14]   [emp_id: 3929] ✓ Updated: 10.3 → 10.38 (CHANGED)
[2026-01-21 07:59:14]   [emp_id: 3935] ✓ Updated: 95.3 → 95.38 (CHANGED)
[2026-01-21 07:59:14]   [emp_id: 3952] ✓ Updated: 76.64 → 76.72 (CHANGED)
[2026-01-21 07:59:14]   [emp_id: 3987] ✓ Updated: 15.55 → 15.63 (CHANGED)
[2026-01-21 07:59:14]   [emp_id: 4059] ✓ Updated: 4.75 → 4.83 (CHANGED)
[2026-01-21 07:59:14]   [emp_id: 4119] ✓ Updated: 58.22 → 58.3 (CHANGED)
[2026-01-21 07:59:14]   [emp_id: 4120] ✓ Updated: 27.8 → 27.88 (CHANGED)
[2026-01-21 07:59:14]   [emp_id: 4124] ✓ Updated: 28.32 → 28.4 (CHANGED)
[2026-01-21 07:59:14]   [emp_id: 4133] ✓ Updated: 106.8 → 106.88 (CHANGED)
[2026-01-21 07:59:14]   [emp_id: 4134] ✓ Updated: 27.8 → 27.88 (CHANGED)
[2026-01-21 07:59:14]   [emp_id: 4136] ✓ Updated: 27.8 → 27.88 (CHANGED)
[2026-01-21 07:59:14]   [emp_id: 4150] ✓ Updated: 26.47 → 26.55 (CHANGED)
[2026-01-21 07:59:14]   [emp_id: 4157] ✓ Updated: 19.97 → 20.05 (CHANGED)
[2026-01-21 07:59:14]   [emp_id: 4172] ✓ Updated: 13.46 → 13.52 (CHANGED)
[2026-01-21 07:59:15]   [emp_id: 4195] ✓ Updated: 63.55 → 63.63 (CHANGED)
[2026-01-21 07:59:15]   [emp_id: 4215] ✓ Updated: 46.22 → 46.3 (CHANGED)
[2026-01-21 07:59:15]   [emp_id: 4220] ✓ Updated: 41.8 → 41.88 (CHANGED)
[2026-01-21 07:59:15]   [emp_id: 4273] ✓ Updated: 10.47 → 10.55 (CHANGED)
[2026-01-21 07:59:15]   [emp_id: 4283] ✓ Updated: 14.55 → 14.61 (CHANGED)
[2026-01-21 07:59:15]   [emp_id: 4288] ✓ Updated: 1.04 → 1.12 (CHANGED)
[2026-01-21 07:59:15]   [emp_id: 4315] ✓ Updated: 13.72 → 13.8 (CHANGED)
[2026-01-21 07:59:15]   [emp_id: 4328] ✓ Updated: 43.38 → 43.44 (CHANGED)
[2026-01-21 07:59:15]   [emp_id: 4329] ✓ Updated: 6.89 → 6.97 (CHANGED)
[2026-01-21 07:59:15]   [emp_id: 4338] ✓ Updated: 48.47 → 48.55 (CHANGED)
[2026-01-21 07:59:15]   [emp_id: 4340] ✓ Updated: 110.47 → 110.55 (CHANGED)
[2026-01-21 07:59:15]   [emp_id: 4365] ✓ Updated: 61.89 → 61.97 (CHANGED)
[2026-01-21 07:59:15]   [emp_id: 4366] ✓ Updated: 60.97 → 61.05 (CHANGED)
[2026-01-21 07:59:15]   [emp_id: 4403] ✓ Updated: 86.8 → 86.88 (CHANGED)
[2026-01-21 07:59:15]   [emp_id: 4438] ✓ Updated: 22.47 → 22.55 (CHANGED)
[2026-01-21 07:59:15]   [emp_id: 4465] ✓ Updated: 13.71 → 13.77 (CHANGED)
[2026-01-21 07:59:15]   [emp_id: 4473] ✓ Updated: 46.05 → 46.13 (CHANGED)
[2026-01-21 07:59:15]   [emp_id: 4474] ✓ Updated: 4.22 → 4.28 (CHANGED)
[2026-01-21 07:59:15]   [emp_id: 4493] ✓ Updated: 164.89 → 164.97 (CHANGED)
[2026-01-21 07:59:15]   [emp_id: 4526] ✓ Updated: 37.14 → 37.22 (CHANGED)
[2026-01-21 07:59:15]   [emp_id: 4528] ✓ Updated: 108.89 → 108.97 (CHANGED)
[2026-01-21 07:59:15]   [emp_id: 4528] ✓ Updated: 108.89 → 108.97 (CHANGED)
[2026-01-21 07:59:15]   [emp_id: 4532] ✓ Updated: 8.83 → 8.89 (CHANGED)
[2026-01-21 07:59:15]   [emp_id: 4533] ✓ Updated: 37.3 → 37.38 (CHANGED)
[2026-01-21 07:59:15]   [emp_id: 4565] ✓ Updated: 16.21 → 16.27 (CHANGED)
[2026-01-21 07:59:15]   [emp_id: 4567] ✓ Updated: 20.46 → 20.52 (CHANGED)
[2026-01-21 07:59:15]   [emp_id: 4572] ✓ Updated: 59.96 → 60.02 (CHANGED)
[2026-01-21 07:59:15]   [emp_id: 4631] ✓ Updated: 16.21 → 16.27 (CHANGED)
[2026-01-21 07:59:15]   [emp_id: 4655] ✓ Updated: 26.22 → 26.3 (CHANGED)
[2026-01-21 07:59:15]   [emp_id: 4709] ✓ Updated: 41.47 → 41.55 (CHANGED)
[2026-01-21 07:59:15]   [emp_id: 4717] ✓ Updated: 67.47 → 67.55 (CHANGED)
[2026-01-21 07:59:15]   [emp_id: 4736] ✓ Updated: 29.3 → 29.38 (CHANGED)
[2026-01-21 07:59:15]   [emp_id: 4756] ✓ Updated: 12.65 → 12.71 (CHANGED)
[2026-01-21 07:59:15]   [emp_id: 4768] ✓ Updated: 14.97 → 15.05 (CHANGED)
[2026-01-21 07:59:15]   [emp_id: 4780] ✓ Updated: 66.38 → 66.44 (CHANGED)
[2026-01-21 07:59:15]   [emp_id: 4820] ✓ Updated: 100.3 → 100.38 (CHANGED)
[2026-01-21 07:59:15]   [emp_id: 4824] ✓ Updated: 3.48 → 3.56 (CHANGED)
[2026-01-21 07:59:15]   [emp_id: 4825] ✓ Updated: 32.05 → 32.13 (CHANGED)
[2026-01-21 07:59:15]   [emp_id: 4837] ✓ Updated: 46.37 → 46.43 (CHANGED)
[2026-01-21 07:59:15]   [emp_id: 4840] ✓ Updated: 46.37 → 46.43 (CHANGED)
[2026-01-21 07:59:15]   [emp_id: 4842] ✓ Updated: 45.61 → 45.67 (CHANGED)
[2026-01-21 07:59:15]   [emp_id: 4843] ✓ Updated: 46.14 → 46.2 (CHANGED)
[2026-01-21 07:59:15]   [emp_id: 4853] ✓ Updated: 89.96 → 90.02 (CHANGED)
[2026-01-21 07:59:15]   [emp_id: 4856] ✓ Updated: 43.28 → 43.34 (CHANGED)
[2026-01-21 07:59:15]   [emp_id: 4857] ✓ Updated: 26.1 → 26.16 (CHANGED)
[2026-01-21 07:59:15]   [emp_id: 4858] ✓ Updated: 22.98 → 23.04 (CHANGED)
[2026-01-21 07:59:15]   [emp_id: 4859] ✓ Updated: 44.45 → 44.51 (CHANGED)
[2026-01-21 07:59:16]   [emp_id: 4860] ✓ Updated: 8.95 → 9.01 (CHANGED)
[2026-01-21 07:59:16]   [emp_id: 4861] ✓ Updated: 42.41 → 42.47 (CHANGED)
[2026-01-21 07:59:16]   [emp_id: 4869] ✓ Updated: 85.29 → 85.35 (CHANGED)
[2026-01-21 07:59:16]   [emp_id: 4894] ✓ Updated: 8.97 → 9.05 (CHANGED)
[2026-01-21 07:59:16]   [emp_id: 4897] ✓ Updated: 24.19 → 24.25 (CHANGED)
[2026-01-21 07:59:16]   [emp_id: 4899] ✓ Updated: 20.36 → 20.42 (CHANGED)
[2026-01-21 07:59:16]   [emp_id: 4902] ✓ Updated: 19.78 → 19.84 (CHANGED)
[2026-01-21 07:59:16]   [emp_id: 4903] ✓ Updated: 22 → 22.06 (CHANGED)
[2026-01-21 07:59:16]   [emp_id: 4905] ✓ Updated: 20.66 → 20.72 (CHANGED)
[2026-01-21 07:59:16]   [emp_id: 4907] ✓ Updated: 49.05 → 49.13 (CHANGED)
[2026-01-21 07:59:16]   [emp_id: 4917] ✓ Updated: 17.62 → 17.68 (CHANGED)
[2026-01-21 07:59:16]   [emp_id: 4918] ✓ Updated: 7.39 → 7.45 (CHANGED)
[2026-01-21 07:59:16]   [emp_id: 4919] ✓ Updated: 59.68 → 59.74 (CHANGED)
[2026-01-21 07:59:16]   [emp_id: 4920] ✓ Updated: 6.76 → 6.82 (CHANGED)
[2026-01-21 07:59:16]   [emp_id: 4921] ✓ Updated: 18.85 → 18.91 (CHANGED)
[2026-01-21 07:59:16]   [emp_id: 4927] ✓ Updated: 17.68 → 17.74 (CHANGED)
[2026-01-21 07:59:16]   [emp_id: 4929] ✓ Updated: 19.2 → 19.26 (CHANGED)
[2026-01-21 07:59:16]   [emp_id: 4930] ✓ Updated: 59.97 → 60.03 (CHANGED)
[2026-01-21 07:59:16]   [emp_id: 4932] ✓ Updated: 17.97 → 18.03 (CHANGED)
[2026-01-21 07:59:16]   [emp_id: 4933] ✓ Updated: 21.38 → 21.44 (CHANGED)
[2026-01-21 07:59:16]   [emp_id: 4949] ✓ Updated: 24.81 → 24.87 (CHANGED)
[2026-01-21 07:59:16]   [emp_id: 4956] ✓ Updated: 30.4 → 30.46 (CHANGED)
[2026-01-21 07:59:16]   [emp_id: 4957] ✓ Updated: 26.07 → 26.13 (CHANGED)
[2026-01-21 07:59:16]   [emp_id: 4962] ✓ Updated: 48.41 → 48.49 (CHANGED)
[2026-01-21 07:59:16]   [emp_id: 4969] ✓ Updated: 47.72 → 47.8 (CHANGED)
[2026-01-21 07:59:16]   [emp_id: 4976] ✓ Updated: 11.09 → 11.15 (CHANGED)
[2026-01-21 07:59:16]   [emp_id: 4984] ✓ Updated: 38.97 → 39.05 (CHANGED)
[2026-01-21 07:59:16]   [emp_id: 4995] ✓ Updated: 51.04 → 51.12 (CHANGED)
[2026-01-21 07:59:16]   [emp_id: 5004] ✓ Updated: 28.03 → 28.09 (CHANGED)
[2026-01-21 07:59:16]   [emp_id: 5006] ✓ Updated: 27.77 → 27.83 (CHANGED)
[2026-01-21 07:59:16]   [emp_id: 5011] ✓ Updated: 6.82 → 6.9 (CHANGED)
[2026-01-21 07:59:16]   [emp_id: 5013] ✓ Updated: 68.14 → 68.2 (CHANGED)
[2026-01-21 07:59:16]   [emp_id: 5018] ✓ Updated: 4.63 → 4.69 (CHANGED)
[2026-01-21 07:59:16]   [emp_id: 5021] ✓ Updated: 62.07 → 62.15 (CHANGED)
[2026-01-21 07:59:16]   [emp_id: 5024] ✓ Updated: 2.65 → 2.71 (CHANGED)
[2026-01-21 07:59:16]   [emp_id: 5030] ✓ Updated: 32.6 → 32.66 (CHANGED)
[2026-01-21 07:59:16]   [emp_id: 5033] ✓ Updated: 11.4 → 11.46 (CHANGED)
[2026-01-21 07:59:16]   [emp_id: 5043] ✓ Updated: 31.64 → 31.72 (CHANGED)
[2026-01-21 07:59:16]   [emp_id: 5045] ✓ Updated: 28.14 → 28.22 (CHANGED)
[2026-01-21 07:59:16]   [emp_id: 5046] ✓ Updated: 23.33 → 23.41 (CHANGED)
[2026-01-21 07:59:16]   [emp_id: 5049] ✓ Updated: 40.08 → 40.14 (CHANGED)
[2026-01-21 07:59:16]   [emp_id: 5052] ✓ Updated: 31.36 → 31.42 (CHANGED)
[2026-01-21 07:59:16]   [emp_id: 5055] ✓ Updated: 19.8 → 19.86 (CHANGED)
[2026-01-21 07:59:16]   [emp_id: 5058] ✓ Updated: 28.78 → 28.84 (CHANGED)
[2026-01-21 07:59:16]   [emp_id: 5062] ✓ Updated: 40.61 → 40.67 (CHANGED)
[2026-01-21 07:59:16]   [emp_id: 5064] ✓ Updated: 118.97 → 119.05 (CHANGED)
[2026-01-21 07:59:17]   [emp_id: 5065] ✓ Updated: 40.02 → 40.08 (CHANGED)
[2026-01-21 07:59:17]   [emp_id: 5071] ✓ Updated: 24.47 → 24.55 (CHANGED)
[2026-01-21 07:59:17]   [emp_id: 5073] ✓ Updated: 14.62 → 14.68 (CHANGED)
[2026-01-21 07:59:17]   [emp_id: 5079] ✓ Updated: 35.18 → 35.24 (CHANGED)
[2026-01-21 07:59:17]   [emp_id: 5080] ✓ Updated: 28.51 → 28.57 (CHANGED)
[2026-01-21 07:59:17]   [emp_id: 5081] ✓ Updated: 16.77 → 16.83 (CHANGED)
[2026-01-21 07:59:17]   [emp_id: 5087] ✓ Updated: 36.81 → 36.87 (CHANGED)
[2026-01-21 07:59:17]   [emp_id: 5091] ✓ Updated: 76.66 → 76.72 (CHANGED)
[2026-01-21 07:59:17]   [emp_id: 5093] ✓ Updated: 15.64 → 15.72 (CHANGED)
[2026-01-21 07:59:17]   [emp_id: 5095] ✓ Updated: 2.2 → 2.26 (CHANGED)
[2026-01-21 07:59:17]   [emp_id: 5101] ✓ Updated: 17.72 → 17.8 (CHANGED)
[2026-01-21 07:59:17]   [emp_id: 5107] ✓ Updated: 16.05 → 16.13 (CHANGED)
[2026-01-21 07:59:17]   [emp_id: 5109] ✓ Updated: 13.3 → 13.38 (CHANGED)
[2026-01-21 07:59:17]   [emp_id: 5119] ✓ Updated: 11.47 → 11.55 (CHANGED)
[2026-01-21 07:59:17]   [emp_id: 5122] ✓ Updated: 8.64 → 8.72 (CHANGED)
[2026-01-21 07:59:17]   [emp_id: 5126] ✓ Updated: 27.54 → 27.6 (CHANGED)
[2026-01-21 07:59:17]   [emp_id: 5127] ✓ Updated: 39.33 → 39.39 (CHANGED)
[2026-01-21 07:59:17]   [emp_id: 5128] ✓ Updated: 27.48 → 27.54 (CHANGED)
[2026-01-21 07:59:17]   [emp_id: 5138] ✓ Updated: 51.3 → 51.38 (CHANGED)
[2026-01-21 07:59:17]   [emp_id: 5138] ✓ Updated: 51.3 → 51.38 (CHANGED)
[2026-01-21 07:59:17]   [emp_id: 5141] ✓ Updated: 35.85 → 35.91 (CHANGED)
[2026-01-21 07:59:17]   [emp_id: 5142] ✓ Updated: 14.85 → 14.91 (CHANGED)
[2026-01-21 07:59:17]   [emp_id: 5146] ✓ Updated: 21.85 → 21.91 (CHANGED)
[2026-01-21 07:59:17]   [emp_id: 5147] ✓ Updated: 20.85 → 20.91 (CHANGED)
[2026-01-21 07:59:17]   [emp_id: 5148] ✓ Updated: 26.2 → 26.26 (CHANGED)
[2026-01-21 07:59:17]   [emp_id: 5149] ✓ Updated: 25.09 → 25.15 (CHANGED)
[2026-01-21 07:59:17]   [emp_id: 5150] ✓ Updated: 24.45 → 24.51 (CHANGED)
[2026-01-21 07:59:17]   [emp_id: 5151] ✓ Updated: 24.27 → 24.33 (CHANGED)
[2026-01-21 07:59:17]   [emp_id: 5152] ✓ Updated: 4.69 → 4.75 (CHANGED)
[2026-01-21 07:59:17]   [emp_id: 5157] ✓ Updated: 24.27 → 24.33 (CHANGED)
[2026-01-21 07:59:17]   [emp_id: 5160] ✓ Updated: 24.27 → 24.33 (CHANGED)
[2026-01-21 07:59:17]   [emp_id: 5163] ✓ Updated: 22.06 → 22.12 (CHANGED)
[2026-01-21 07:59:17]   [emp_id: 5165] ✓ Updated: 2.74 → 2.82 (CHANGED)
[2026-01-21 07:59:17]   [emp_id: 5167] ✓ Updated: 31.21 → 31.27 (CHANGED)
[2026-01-21 07:59:17]   [emp_id: 5168] ✓ Updated: 23.75 → 23.81 (CHANGED)
[2026-01-21 07:59:17]   [emp_id: 5173] ✓ Updated: 26.39 → 26.47 (CHANGED)
[2026-01-21 07:59:17]   [emp_id: 5174] ✓ Updated: 24.21 → 24.27 (CHANGED)
[2026-01-21 07:59:17]   [emp_id: 5181] ✓ Updated: 20.6 → 20.66 (CHANGED)
[2026-01-21 07:59:17]   [emp_id: 5186] ✓ Updated: 26.13 → 26.19 (CHANGED)
[2026-01-21 07:59:17]   [emp_id: 5187] ✓ Updated: 37.13 → 37.19 (CHANGED)
[2026-01-21 07:59:17]   [emp_id: 5204] ✓ Updated: 23.89 → 23.97 (CHANGED)
[2026-01-21 07:59:17]   [emp_id: 5205] ✓ Updated: 13.34 → 13.4 (CHANGED)
[2026-01-21 07:59:17]   [emp_id: 5209] ✓ Updated: 16.34 → 16.4 (CHANGED)
[2026-01-21 07:59:17]   [emp_id: 5213] ✓ Updated: 3.75 → 3.81 (CHANGED)
[2026-01-21 07:59:18]   [emp_id: 5214] ✓ Updated: 2.59 → 2.65 (CHANGED)
[2026-01-21 07:59:18]   [emp_id: 5215] ✓ Updated: 11.34 → 11.4 (CHANGED)
[2026-01-21 07:59:18]   [emp_id: 5217] ✓ Updated: 10.34 → 10.4 (CHANGED)
[2026-01-21 07:59:18]   [emp_id: 5219] ✓ Updated: 14.34 → 14.4 (CHANGED)
[2026-01-21 07:59:18]   [emp_id: 5221] ✓ Updated: 3.65 → 3.71 (CHANGED)
[2026-01-21 07:59:18]   [emp_id: 5224] ✓ Updated: 15.34 → 15.4 (CHANGED)
[2026-01-21 07:59:18]   [emp_id: 5225] ✓ Updated: 7.65 → 7.71 (CHANGED)
[2026-01-21 07:59:18]   [emp_id: 5228] ✓ Updated: 10.34 → 10.4 (CHANGED)
[2026-01-21 07:59:18]   [emp_id: 5229] ✓ Updated: 6.34 → 6.4 (CHANGED)
[2026-01-21 07:59:18]   [emp_id: 5230] ✓ Updated: 11.01 → 11.07 (CHANGED)
[2026-01-21 07:59:18]   [emp_id: 5231] ✓ Updated: 7.34 → 7.4 (CHANGED)
[2026-01-21 07:59:18]   [emp_id: 5232] ✓ Updated: 1.34 → 1.4 (CHANGED)
[2026-01-21 07:59:18]   [emp_id: 5233] ✓ Updated: 5.34 → 5.4 (CHANGED)
[2026-01-21 07:59:18]   [emp_id: 5234] ✓ Updated: 5.34 → 5.4 (CHANGED)
[2026-01-21 07:59:18]   [emp_id: 5235] ✓ Updated: 0.78 → 0.84 (CHANGED)
[2026-01-21 07:59:18]   [emp_id: 5237] ✓ Updated: 11.59 → 11.65 (CHANGED)
[2026-01-21 07:59:18]   [emp_id: 5239] ✓ Updated: 8.34 → 8.4 (CHANGED)
[2026-01-21 07:59:18]   [emp_id: 5241] ✓ Updated: 6.34 → 6.4 (CHANGED)
[2026-01-21 07:59:18]   [emp_id: 5242] ✓ Updated: 16.34 → 16.4 (CHANGED)
[2026-01-21 07:59:18]   [emp_id: 5243] ✓ Updated: 2.75 → 2.81 (CHANGED)
[2026-01-21 07:59:18]   [emp_id: 5244] ✓ Updated: 0.78 → 0.84 (CHANGED)
[2026-01-21 07:59:18]   [emp_id: 5246] ✓ Updated: 12.34 → 12.4 (CHANGED)
[2026-01-21 07:59:18]   [emp_id: 5253] ✓ Updated: 25.21 → 25.27 (CHANGED)
[2026-01-21 07:59:18]   [emp_id: 5254] ✓ Updated: 13.19 → 13.25 (CHANGED)
[2026-01-21 07:59:18]   [emp_id: 5257] ✓ Updated: 12.9 → 12.96 (CHANGED)
[2026-01-21 07:59:18]   [emp_id: 5259] ✓ Updated: 49.43 → 49.49 (CHANGED)
[2026-01-21 07:59:18]   [emp_id: 5261] ✓ Updated: 17.49 → 17.57 (CHANGED)
[2026-01-21 07:59:18]   [emp_id: 5264] ✓ Updated: 14.91 → 14.97 (CHANGED)
[2026-01-21 07:59:18]   [emp_id: 5266] ✓ Updated: 21.53 → 21.59 (CHANGED)
[2026-01-21 07:59:18]   [emp_id: 5268] ✓ Updated: 10.1 → 10.16 (CHANGED)
[2026-01-21 07:59:18]   [emp_id: 5271] ✓ Updated: 8.76 → 8.82 (CHANGED)
[2026-01-21 07:59:18]   [emp_id: 5272] ✓ Updated: 9.63 → 9.69 (CHANGED)
[2026-01-21 07:59:18]   [emp_id: 5273] ✓ Updated: 24.7 → 24.76 (CHANGED)
[2026-01-21 07:59:18]   [emp_id: 5275] ✓ Updated: 10.45 → 10.51 (CHANGED)
[2026-01-21 07:59:18]   [emp_id: 5276] ✓ Updated: 24.72 → 24.78 (CHANGED)
[2026-01-21 07:59:18]   [emp_id: 5278] ✓ Updated: 9.11 → 9.17 (CHANGED)
[2026-01-21 07:59:18]   [emp_id: 5280] ✓ Updated: 19.51 → 19.57 (CHANGED)
[2026-01-21 07:59:18]   [emp_id: 5282] ✓ Updated: 12.97 → 13.05 (CHANGED)
[2026-01-21 07:59:18]   [emp_id: 5285] ✓ Updated: 29.51 → 29.57 (CHANGED)
[2026-01-21 07:59:18]   [emp_id: 5286] ✓ Updated: 16.51 → 16.57 (CHANGED)
[2026-01-21 07:59:18]   [emp_id: 5287] ✓ Updated: 50.81 → 50.87 (CHANGED)
[2026-01-21 07:59:19]   [emp_id: 5288] ✓ Updated: 8.08 → 8.14 (CHANGED)
[2026-01-21 07:59:19]   [emp_id: 5289] ✓ Updated: 49.36 → 49.42 (CHANGED)
[2026-01-21 07:59:19]   [emp_id: 5290] ✓ Updated: 48.13 → 48.19 (CHANGED)
[2026-01-21 07:59:19]   [emp_id: 5291] ✓ Updated: 6.13 → 6.19 (CHANGED)
[2026-01-21 07:59:19]   [emp_id: 5292] ✓ Updated: 6.07 → 6.13 (CHANGED)
[2026-01-21 07:59:19]   [emp_id: 5293] ✓ Updated: 9.23 → 9.31 (CHANGED)
[2026-01-21 07:59:19]   [emp_id: 5294] ✓ Updated: 8.89 → 8.97 (CHANGED)
[2026-01-21 07:59:19]   [emp_id: 5295] ✓ Updated: 22.31 → 22.37 (CHANGED)
[2026-01-21 07:59:19]   [emp_id: 5296] ✓ Updated: 35.91 → 35.99 (CHANGED)
[2026-01-21 07:59:19]   [emp_id: 5297] ✓ Updated: 46.73 → 46.79 (CHANGED)
[2026-01-21 07:59:19]   [emp_id: 5298] ✓ Updated: 46.73 → 46.79 (CHANGED)
[2026-01-21 07:59:19]   [emp_id: 5299] ✓ Updated: 46.73 → 46.79 (CHANGED)
[2026-01-21 07:59:19]   [emp_id: 5300] ✓ Updated: 46.73 → 46.79 (CHANGED)
[2026-01-21 07:59:19]   [emp_id: 5301] ✓ Updated: 4.55 → 4.61 (CHANGED)
[2026-01-21 07:59:19]   [emp_id: 5303] ✓ Updated: 4.98 → 5.04 (CHANGED)
[2026-01-21 07:59:19]   [emp_id: 5304] ✓ Updated: 1.73 → 1.79 (CHANGED)
[2026-01-21 07:59:19]   [emp_id: 5305] ✓ Updated: 4.73 → 4.79 (CHANGED)
[2026-01-21 07:59:19]   [emp_id: 5306] ✓ Updated: 46.44 → 46.5 (CHANGED)
[2026-01-21 07:59:19]   [emp_id: 5307] ✓ Updated: 46.44 → 46.5 (CHANGED)
[2026-01-21 07:59:19]   [emp_id: 5312] ✓ Updated: 0.78 → 0.84 (CHANGED)
[2026-01-21 07:59:19]   [emp_id: 5318] ✓ Updated: 27.15 → 27.21 (CHANGED)
[2026-01-21 07:59:19]   [emp_id: 5325] ✓ Updated: 1.11 → 1.17 (CHANGED)
[2026-01-21 07:59:19]   [emp_id: 5327] ✓ Updated: 2.2 → 2.26 (CHANGED)
[2026-01-21 07:59:19]   [emp_id: 5337] ✓ Updated: 36.8 → 36.88 (CHANGED)
[2026-01-21 07:59:19]   [emp_id: 5339] ✓ Updated: 11.3 → 11.36 (CHANGED)
[2026-01-21 07:59:19]   [emp_id: 5343] ✓ Updated: 46.72 → 46.8 (CHANGED)
[2026-01-21 07:59:19]   [emp_id: 5343] ✓ Updated: 46.72 → 46.8 (CHANGED)
[2026-01-21 07:59:19]   [emp_id: 5345] ✓ Updated: 16.55 → 16.63 (CHANGED)
[2026-01-21 07:59:19]   [emp_id: 5346] ✓ Updated: 3.02 → 3.08 (CHANGED)
[2026-01-21 07:59:19]   [emp_id: 5351] ✓ Updated: 17.96 → 18.02 (CHANGED)
[2026-01-21 07:59:19]   [emp_id: 5352] ✓ Updated: 26.97 → 27.05 (CHANGED)
[2026-01-21 07:59:19]   [emp_id: 5370] ✓ Updated: 16.61 → 16.67 (CHANGED)
[2026-01-21 07:59:19]   [emp_id: 5371] ✓ Updated: 8.72 → 8.8 (CHANGED)
[2026-01-21 07:59:19]   [emp_id: 5376] ✓ Updated: 11.21 → 11.27 (CHANGED)
[2026-01-21 07:59:19]   [emp_id: 5378] ✓ Updated: 18.8 → 18.88 (CHANGED)
[2026-01-21 07:59:19]   [emp_id: 5380] ✓ Updated: 17.62 → 17.68 (CHANGED)
[2026-01-21 07:59:19]   [emp_id: 5381] ✓ Updated: 13.24 → 13.32 (CHANGED)
[2026-01-21 07:59:19]   [emp_id: 5383] ✓ Updated: 17.55 → 17.63 (CHANGED)
[2026-01-21 07:59:19]   [emp_id: 5388] ✓ Updated: 28.4 → 28.46 (CHANGED)
[2026-01-21 07:59:19]   [emp_id: 5396] ✓ Updated: 29.64 → 29.7 (CHANGED)
[2026-01-21 07:59:19]   [emp_id: 5397] ✓ Updated: 21.1 → 21.16 (CHANGED)
[2026-01-21 07:59:20]   [emp_id: 5401] ✓ Updated: 24.21 → 24.27 (CHANGED)
[2026-01-21 07:59:20]   [emp_id: 5402] ✓ Updated: 24.33 → 24.39 (CHANGED)
[2026-01-21 07:59:20]   [emp_id: 5406] ✓ Updated: 18.05 → 18.11 (CHANGED)
[2026-01-21 07:59:20]   [emp_id: 5407] ✓ Updated: 17.32 → 17.4 (CHANGED)
[2026-01-21 07:59:20]   [emp_id: 5409] ✓ Updated: 17.39 → 17.45 (CHANGED)
[2026-01-21 07:59:20]   [emp_id: 5413] ✓ Updated: 29.72 → 29.8 (CHANGED)
[2026-01-21 07:59:20]   [emp_id: 5414] ✓ Updated: 29.39 → 29.47 (CHANGED)
[2026-01-21 07:59:20]   [emp_id: 5415] ✓ Updated: 5.32 → 5.4 (CHANGED)
[2026-01-21 07:59:20]   [emp_id: 5418] ✓ Updated: 16.45 → 16.51 (CHANGED)
[2026-01-21 07:59:20]   [emp_id: 5422] ✓ Updated: 22.05 → 22.13 (CHANGED)
[2026-01-21 07:59:20]   [emp_id: 5423] ✓ Updated: 6.74 → 6.82 (CHANGED)
[2026-01-21 07:59:20]   [emp_id: 5425] ✓ Updated: 15 → 15.06 (CHANGED)
[2026-01-21 07:59:20]   [emp_id: 5426] ✓ Updated: 3.29 → 3.37 (CHANGED)
[2026-01-21 07:59:20]   [emp_id: 5426] ✓ Updated: 3.29 → 3.37 (CHANGED)
[2026-01-21 07:59:20]   [emp_id: 5427] ✓ Updated: 15.11 → 15.17 (CHANGED)
[2026-01-21 07:59:20]   [emp_id: 5428] ✓ Updated: 15 → 15.06 (CHANGED)
[2026-01-21 07:59:20]   [emp_id: 5430] ✓ Updated: 19.11 → 19.19 (CHANGED)
[2026-01-21 07:59:20]   [emp_id: 5431] ✓ Updated: 14.12 → 14.18 (CHANGED)
[2026-01-21 07:59:20]   [emp_id: 5433] ✓ Updated: 14.14 → 14.2 (CHANGED)
[2026-01-21 07:59:20]   [emp_id: 5434] ✓ Updated: 13.89 → 13.95 (CHANGED)
[2026-01-21 07:59:20]   [emp_id: 5435] ✓ Updated: 13.83 → 13.89 (CHANGED)
[2026-01-21 07:59:20]   [emp_id: 5436] ✓ Updated: 13.83 → 13.89 (CHANGED)
[2026-01-21 07:59:20]   [emp_id: 5438] ✓ Updated: 16.97 → 17.05 (CHANGED)
[2026-01-21 07:59:20]   [emp_id: 5439] ✓ Updated: 26.47 → 26.55 (CHANGED)
[2026-01-21 07:59:20]   [emp_id: 5442] ✓ Updated: 15.47 → 15.55 (CHANGED)
[2026-01-21 07:59:20]   [emp_id: 5445] ✓ Updated: 8.29 → 8.35 (CHANGED)
[2026-01-21 07:59:20]   [emp_id: 5446] ✓ Updated: 8.29 → 8.35 (CHANGED)
[2026-01-21 07:59:20]   [emp_id: 5447] ✓ Updated: 8.23 → 8.29 (CHANGED)
[2026-01-21 07:59:20]   [emp_id: 5448] ✓ Updated: 2.49 → 2.57 (CHANGED)
[2026-01-21 07:59:20]   [emp_id: 5449] ✓ Updated: 6.31 → 6.37 (CHANGED)
[2026-01-21 07:59:20]   [emp_id: 5450] ✓ Updated: 6.25 → 6.31 (CHANGED)
[2026-01-21 07:59:20]   [emp_id: 5451] ✓ Updated: 6.25 → 6.31 (CHANGED)
[2026-01-21 07:59:20]   [emp_id: 5453] ✓ Updated: 6.09 → 6.15 (CHANGED)
[2026-01-21 07:59:20]   [emp_id: 5454] ✓ Updated: 8.55 → 8.63 (CHANGED)
[2026-01-21 07:59:20]   [emp_id: 5455] ✓ Updated: 2.8 → 2.88 (CHANGED)
[2026-01-21 07:59:20]   [emp_id: 5456] ✓ Updated: 7.8 → 7.88 (CHANGED)
[2026-01-21 07:59:20]   [emp_id: 5457] ✓ Updated: 5.34 → 5.4 (CHANGED)
[2026-01-21 07:59:20]   [emp_id: 5460] ✓ Updated: 6.45 → 6.53 (CHANGED)
[2026-01-21 07:59:20]   [emp_id: 5463] ✓ Updated: 5.78 → 5.86 (CHANGED)
[2026-01-21 07:59:20]   [emp_id: 5464] ✓ Updated: 5.78 → 5.86 (CHANGED)
[2026-01-21 07:59:21]   [emp_id: 5466] ✓ Updated: 3.53 → 3.61 (CHANGED)
[2026-01-21 07:59:21]   [emp_id: 5467] ✓ Updated: 2.45 → 2.53 (CHANGED)
[2026-01-21 07:59:21]   [emp_id: 5468] ✓ Updated: 1.4 → 1.48 (CHANGED)
[2026-01-21 07:59:21]   [emp_id: 5469] ✓ Updated: 1.31 → 1.39 (CHANGED)
[2026-01-21 07:59:21]   [emp_id: 5470] ✓ Updated: 0.98 → 1.06 (CHANGED)
[2026-01-21 07:59:21] Report saved to: D:\xampp\htdocs\almutlak\system/cron_logs/last_vacation_update_report.json
[2026-01-21 08:00:17] ========== CRON: Vacation Balance Update Started ==========
[2026-01-21 08:00:17] FORCE RUN enabled: Bypassing once-per-day restriction
[2026-01-21 08:00:17] Database connection established
[2026-01-21 08:00:17] Found 434 active employees with balance records to update
[2026-01-21 08:00:17] (Only employees with status=1 will be processed)
[2026-01-21 08:00:17]   [emp_id: 1061] ✓ Refreshed: 1.12 (unchanged value, timestamp updated)
[2026-01-21 08:00:17]   [emp_id: 1496] ✓ Refreshed: 17.97 (unchanged value, timestamp updated)
[2026-01-21 08:00:17]   [emp_id: 1500] ✓ Refreshed: 5.65 (unchanged value, timestamp updated)
[2026-01-21 08:00:17]   [emp_id: 1574] ✓ Refreshed: 34.88 (unchanged value, timestamp updated)
[2026-01-21 08:00:17]   [emp_id: 1673] ✓ Refreshed: 46.38 (unchanged value, timestamp updated)
[2026-01-21 08:00:17]   [emp_id: 1685] ✓ Refreshed: 16.3 (unchanged value, timestamp updated)
[2026-01-21 08:00:17]   [emp_id: 1764] ✓ Refreshed: 70.97 (unchanged value, timestamp updated)
[2026-01-21 08:00:17]   [emp_id: 1805] ✓ Refreshed: 65.3 (unchanged value, timestamp updated)
[2026-01-21 08:00:17]   [emp_id: 1822] ✓ Refreshed: 70.05 (unchanged value, timestamp updated)
[2026-01-21 08:00:17]   [emp_id: 1837] ✓ Refreshed: 26.22 (unchanged value, timestamp updated)
[2026-01-21 08:00:17]   [emp_id: 1857] ✓ Refreshed: 21.55 (unchanged value, timestamp updated)
[2026-01-21 08:00:17]   [emp_id: 1861] ✓ Refreshed: 72.38 (unchanged value, timestamp updated)
[2026-01-21 08:00:17]   [emp_id: 1872] ✓ Refreshed: 11.22 (unchanged value, timestamp updated)
[2026-01-21 08:00:17]   [emp_id: 1897] ✓ Refreshed: 6.55 (unchanged value, timestamp updated)
[2026-01-21 08:00:17]   [emp_id: 1916] ✓ Refreshed: 12.85 (unchanged value, timestamp updated)
[2026-01-21 08:00:17]   [emp_id: 1928] ✓ Refreshed: 65.8 (unchanged value, timestamp updated)
[2026-01-21 08:00:17]   [emp_id: 1931] ✓ Refreshed: 85.72 (unchanged value, timestamp updated)
[2026-01-21 08:00:17]   [emp_id: 1944] ✓ Refreshed: 43.88 (unchanged value, timestamp updated)
[2026-01-21 08:00:17]   [emp_id: 1996] ✓ Refreshed: 72.38 (unchanged value, timestamp updated)
[2026-01-21 08:00:17]   [emp_id: 1997] ✓ Refreshed: 37.55 (unchanged value, timestamp updated)
[2026-01-21 08:00:17]   [emp_id: 1998] ✓ Refreshed: 28.99 (unchanged value, timestamp updated)
[2026-01-21 08:00:17]   [emp_id: 1999] ✓ Refreshed: 29.99 (unchanged value, timestamp updated)
[2026-01-21 08:00:17]   [emp_id: 2009] ✓ Refreshed: 36.3 (unchanged value, timestamp updated)
[2026-01-21 08:00:17]   [emp_id: 2048] ✓ Refreshed: 26.13 (unchanged value, timestamp updated)
[2026-01-21 08:00:17]   [emp_id: 2057] ✓ Refreshed: 66.97 (unchanged value, timestamp updated)
[2026-01-21 08:00:17]   [emp_id: 2079] ✓ Refreshed: 49.3 (unchanged value, timestamp updated)
[2026-01-21 08:00:17]   [emp_id: 2181] ✓ Refreshed: 38.3 (unchanged value, timestamp updated)
[2026-01-21 08:00:17]   [emp_id: 2190] ✓ Refreshed: 7.63 (unchanged value, timestamp updated)
[2026-01-21 08:00:18]   [emp_id: 2212] ✓ Refreshed: 25.63 (unchanged value, timestamp updated)
[2026-01-21 08:00:18]   [emp_id: 2226] ✓ Refreshed: 70.38 (unchanged value, timestamp updated)
[2026-01-21 08:00:18]   [emp_id: 2238] ✓ Refreshed: 68.63 (unchanged value, timestamp updated)
[2026-01-21 08:00:18]   [emp_id: 2285] ✓ Refreshed: 37.3 (unchanged value, timestamp updated)
[2026-01-21 08:00:18]   [emp_id: 2287] ✓ Refreshed: 48.97 (unchanged value, timestamp updated)
[2026-01-21 08:00:18]   [emp_id: 2288] ✓ Refreshed: 3.99 (unchanged value, timestamp updated)
[2026-01-21 08:00:18]   [emp_id: 2316] ✓ Refreshed: 17.8 (unchanged value, timestamp updated)
[2026-01-21 08:00:18]   [emp_id: 2337] ✓ Refreshed: 38.88 (unchanged value, timestamp updated)
[2026-01-21 08:00:18]   [emp_id: 2352] ✓ Refreshed: 70.38 (unchanged value, timestamp updated)
[2026-01-21 08:00:18]   [emp_id: 2358] ✓ Refreshed: 6.88 (unchanged value, timestamp updated)
[2026-01-21 08:00:18]   [emp_id: 2361] ✓ Refreshed: 72.55 (unchanged value, timestamp updated)
[2026-01-21 08:00:18]   [emp_id: 2363] ✓ Refreshed: 75.13 (unchanged value, timestamp updated)
[2026-01-21 08:00:18]   [emp_id: 2364] ✓ Refreshed: 74.55 (unchanged value, timestamp updated)
[2026-01-21 08:00:18]   [emp_id: 2367] ✓ Refreshed: 102.22 (unchanged value, timestamp updated)
[2026-01-21 08:00:18]   [emp_id: 2368] ✓ Refreshed: 32.63 (unchanged value, timestamp updated)
[2026-01-21 08:00:18]   [emp_id: 2372] ✓ Refreshed: 69.88 (unchanged value, timestamp updated)
[2026-01-21 08:00:18]   [emp_id: 2376] ✓ Refreshed: 119.88 (unchanged value, timestamp updated)
[2026-01-21 08:00:18]   [emp_id: 2423] ✓ Refreshed: 20.63 (unchanged value, timestamp updated)
[2026-01-21 08:00:18]   [emp_id: 2519] ✓ Refreshed: 114.3 (unchanged value, timestamp updated)
[2026-01-21 08:00:18]   [emp_id: 2522] ✓ Refreshed: 57.88 (unchanged value, timestamp updated)
[2026-01-21 08:00:18]   [emp_id: 2530] ✓ Refreshed: 53.13 (unchanged value, timestamp updated)
[2026-01-21 08:00:18]   [emp_id: 2539] ✓ Refreshed: 49.88 (unchanged value, timestamp updated)
[2026-01-21 08:00:18]   [emp_id: 2541] ✓ Refreshed: 30.47 (unchanged value, timestamp updated)
[2026-01-21 08:00:18]   [emp_id: 2550] ✓ Refreshed: 96.63 (unchanged value, timestamp updated)
[2026-01-21 08:00:18]   [emp_id: 2553] ✓ Refreshed: 33.74 (unchanged value, timestamp updated)
[2026-01-21 08:00:18]   [emp_id: 2554] ✓ Refreshed: 40.22 (unchanged value, timestamp updated)
[2026-01-21 08:00:18]   [emp_id: 2565] ✓ Refreshed: 94.8 (unchanged value, timestamp updated)
[2026-01-21 08:00:18]   [emp_id: 2572] ✓ Refreshed: 44.8 (unchanged value, timestamp updated)
[2026-01-21 08:00:18]   [emp_id: 2637] ✓ Refreshed: 65.38 (unchanged value, timestamp updated)
[2026-01-21 08:00:18]   [emp_id: 2642] ✓ Refreshed: 78.13 (unchanged value, timestamp updated)
[2026-01-21 08:00:18]   [emp_id: 2645] ✓ Refreshed: 94.13 (unchanged value, timestamp updated)
[2026-01-21 08:00:18]   [emp_id: 2648] ✓ Refreshed: 45.8 (unchanged value, timestamp updated)
[2026-01-21 08:00:18]   [emp_id: 2654] ✓ Refreshed: 88.47 (unchanged value, timestamp updated)
[2026-01-21 08:00:18]   [emp_id: 2688] ✓ Refreshed: 26.55 (unchanged value, timestamp updated)
[2026-01-21 08:00:18]   [emp_id: 2690] ✓ Refreshed: 15.3 (unchanged value, timestamp updated)
[2026-01-21 08:00:18]   [emp_id: 2709] ✓ Refreshed: 37.55 (unchanged value, timestamp updated)
[2026-01-21 08:00:18]   [emp_id: 2745] ✓ Refreshed: 34.13 (unchanged value, timestamp updated)
[2026-01-21 08:00:18]   [emp_id: 2843] ✓ Refreshed: 80.72 (unchanged value, timestamp updated)
[2026-01-21 08:00:18]   [emp_id: 2854] ✓ Refreshed: 60.63 (unchanged value, timestamp updated)
[2026-01-21 08:00:19]   [emp_id: 2869] ✓ Refreshed: 4.55 (unchanged value, timestamp updated)
[2026-01-21 08:00:19]   [emp_id: 2876] ✓ Refreshed: 35.38 (unchanged value, timestamp updated)
[2026-01-21 08:00:19]   [emp_id: 2924] ✓ Refreshed: 16.55 (unchanged value, timestamp updated)
[2026-01-21 08:00:19]   [emp_id: 2953] ✓ Refreshed: 102.3 (unchanged value, timestamp updated)
[2026-01-21 08:00:19]   [emp_id: 2961] ✓ Refreshed: 12.3 (unchanged value, timestamp updated)
[2026-01-21 08:00:19]   [emp_id: 2975] ✓ Refreshed: 1.98 (unchanged value, timestamp updated)
[2026-01-21 08:00:19]   [emp_id: 3013] ✓ Refreshed: 11.3 (unchanged value, timestamp updated)
[2026-01-21 08:00:19]   [emp_id: 3014] ✓ Refreshed: 90.55 (unchanged value, timestamp updated)
[2026-01-21 08:00:19]   [emp_id: 3015] ✓ Refreshed: 1.8 (unchanged value, timestamp updated)
[2026-01-21 08:00:19]   [emp_id: 3018] ✓ Refreshed: 60.55 (unchanged value, timestamp updated)
[2026-01-21 08:00:19]   [emp_id: 3025] ✓ Refreshed: 24.32 (unchanged value, timestamp updated)
[2026-01-21 08:00:19]   [emp_id: 3037] ✓ Refreshed: 84.05 (unchanged value, timestamp updated)
[2026-01-21 08:00:19]   [emp_id: 3047] ✓ Refreshed: 72.3 (unchanged value, timestamp updated)
[2026-01-21 08:00:19]   [emp_id: 3061] ✓ Refreshed: 19.22 (unchanged value, timestamp updated)
[2026-01-21 08:00:19]   [emp_id: 3062] ✓ Refreshed: 52.38 (unchanged value, timestamp updated)
[2026-01-21 08:00:19]   [emp_id: 3074] ✓ Refreshed: 108.8 (unchanged value, timestamp updated)
[2026-01-21 08:00:19]   [emp_id: 3089] ✓ Refreshed: 7.72 (unchanged value, timestamp updated)
[2026-01-21 08:00:19]   [emp_id: 3090] ✓ Refreshed: 34.3 (unchanged value, timestamp updated)
[2026-01-21 08:00:19]   [emp_id: 3091] ✓ Refreshed: 46.3 (unchanged value, timestamp updated)
[2026-01-21 08:00:19]   [emp_id: 3092] ✓ Refreshed: 28.97 (unchanged value, timestamp updated)
[2026-01-21 08:00:19]   [emp_id: 3105] ✓ Refreshed: 49.3 (unchanged value, timestamp updated)
[2026-01-21 08:00:19]   [emp_id: 3134] ✓ Refreshed: 45.05 (unchanged value, timestamp updated)
[2026-01-21 08:00:19]   [emp_id: 3140] ✓ Refreshed: 42.13 (unchanged value, timestamp updated)
[2026-01-21 08:00:19]   [emp_id: 3144] ✓ Refreshed: 14.97 (unchanged value, timestamp updated)
[2026-01-21 08:00:19]   [emp_id: 3156] ✓ Refreshed: 18.3 (unchanged value, timestamp updated)
[2026-01-21 08:00:19]   [emp_id: 3162] ✓ Refreshed: 3.28 (unchanged value, timestamp updated)
[2026-01-21 08:00:19]   [emp_id: 3163] ✓ Refreshed: 6.55 (unchanged value, timestamp updated)
[2026-01-21 08:00:19]   [emp_id: 3198] ✓ Refreshed: 41.55 (unchanged value, timestamp updated)
[2026-01-21 08:00:19]   [emp_id: 3205] ✓ Refreshed: 18.22 (unchanged value, timestamp updated)
[2026-01-21 08:00:19]   [emp_id: 3209] ✓ Refreshed: 42.38 (unchanged value, timestamp updated)
[2026-01-21 08:00:19]   [emp_id: 3223] ✓ Refreshed: 91.3 (unchanged value, timestamp updated)
[2026-01-21 08:00:19]   [emp_id: 3224] ✓ Refreshed: 66.05 (unchanged value, timestamp updated)
[2026-01-21 08:00:19]   [emp_id: 3230] ✓ Refreshed: 89.47 (unchanged value, timestamp updated)
[2026-01-21 08:00:19]   [emp_id: 3231] ✓ Refreshed: 1.84 (unchanged value, timestamp updated)
[2026-01-21 08:00:19]   [emp_id: 3233] ✓ Refreshed: 82.3 (unchanged value, timestamp updated)
[2026-01-21 08:00:19]   [emp_id: 3249] ✓ Refreshed: 38.13 (unchanged value, timestamp updated)
[2026-01-21 08:00:19]   [emp_id: 3250] ✓ Refreshed: 11.13 (unchanged value, timestamp updated)
[2026-01-21 08:00:19]   [emp_id: 3252] ✓ Refreshed: 12.05 (unchanged value, timestamp updated)
[2026-01-21 08:00:19]   [emp_id: 3254] ✓ Refreshed: 22.55 (unchanged value, timestamp updated)
[2026-01-21 08:00:19]   [emp_id: 3255] ✓ Refreshed: 18.97 (unchanged value, timestamp updated)
[2026-01-21 08:00:19]   [emp_id: 3256] ✓ Refreshed: 15.22 (unchanged value, timestamp updated)
[2026-01-21 08:00:19]   [emp_id: 3263] ✓ Refreshed: 31.3 (unchanged value, timestamp updated)
[2026-01-21 08:00:20]   [emp_id: 3265] ✓ Refreshed: 26.88 (unchanged value, timestamp updated)
[2026-01-21 08:00:20]   [emp_id: 3280] ✓ Refreshed: 73.8 (unchanged value, timestamp updated)
[2026-01-21 08:00:20]   [emp_id: 3286] ✓ Refreshed: 16.97 (unchanged value, timestamp updated)
[2026-01-21 08:00:20]   [emp_id: 3294] ✓ Refreshed: 16.63 (unchanged value, timestamp updated)
[2026-01-21 08:00:20]   [emp_id: 3321] ✓ Refreshed: 73.8 (unchanged value, timestamp updated)
[2026-01-21 08:00:20]   [emp_id: 3325] ✓ Refreshed: 61.55 (unchanged value, timestamp updated)
[2026-01-21 08:00:20]   [emp_id: 3329] ✓ Refreshed: 63.88 (unchanged value, timestamp updated)
[2026-01-21 08:00:20]   [emp_id: 3330] ✓ Refreshed: 63.88 (unchanged value, timestamp updated)
[2026-01-21 08:00:20]   [emp_id: 3332] ✓ Refreshed: 63.88 (unchanged value, timestamp updated)
[2026-01-21 08:00:20]   [emp_id: 3370] ✓ Refreshed: 55.56 (unchanged value, timestamp updated)
[2026-01-21 08:00:20]   [emp_id: 3384] ✓ Refreshed: 16.05 (unchanged value, timestamp updated)
[2026-01-21 08:00:20]   [emp_id: 3386] ✓ Refreshed: 46.05 (unchanged value, timestamp updated)
[2026-01-21 08:00:20]   [emp_id: 3431] ✓ Refreshed: 20.47 (unchanged value, timestamp updated)
[2026-01-21 08:00:20]   [emp_id: 3497] ✓ Refreshed: 10.63 (unchanged value, timestamp updated)
[2026-01-21 08:00:20]   [emp_id: 3532] ✓ Refreshed: 1.47 (unchanged value, timestamp updated)
[2026-01-21 08:00:20]   [emp_id: 3602] ✓ Refreshed: 3.04 (unchanged value, timestamp updated)
[2026-01-21 08:00:20]   [emp_id: 3618] ✓ Refreshed: 25.02 (unchanged value, timestamp updated)
[2026-01-21 08:00:20]   [emp_id: 3622] ✓ Refreshed: 35.61 (unchanged value, timestamp updated)
[2026-01-21 08:00:20]   [emp_id: 3627] ✓ Refreshed: 10.97 (unchanged value, timestamp updated)
[2026-01-21 08:00:20]   [emp_id: 3665] ✓ Refreshed: 52.55 (unchanged value, timestamp updated)
[2026-01-21 08:00:20]   [emp_id: 3705] ✓ Refreshed: 28.94 (unchanged value, timestamp updated)
[2026-01-21 08:00:20]   [emp_id: 3724] ✓ Refreshed: 45.55 (unchanged value, timestamp updated)
[2026-01-21 08:00:20]   [emp_id: 3726] ✓ Refreshed: 61.97 (unchanged value, timestamp updated)
[2026-01-21 08:00:20]   [emp_id: 3727] ✓ Refreshed: 67.05 (unchanged value, timestamp updated)
[2026-01-21 08:00:20]   [emp_id: 3728] ✓ Refreshed: 11.38 (unchanged value, timestamp updated)
[2026-01-21 08:00:20]   [emp_id: 3767] ✓ Refreshed: 2.13 (unchanged value, timestamp updated)
[2026-01-21 08:00:20]   [emp_id: 3768] ✓ Refreshed: 58.38 (unchanged value, timestamp updated)
[2026-01-21 08:00:20]   [emp_id: 3787] ✓ Refreshed: 58.97 (unchanged value, timestamp updated)
[2026-01-21 08:00:20]   [emp_id: 3790] ✓ Refreshed: 3.52 (unchanged value, timestamp updated)
[2026-01-21 08:00:20]   [emp_id: 3795] ✓ Refreshed: 16.47 (unchanged value, timestamp updated)
[2026-01-21 08:00:20]   [emp_id: 3798] ✓ Refreshed: 94.88 (unchanged value, timestamp updated)
[2026-01-21 08:00:20]   [emp_id: 3801] ✓ Refreshed: 3.15 (unchanged value, timestamp updated)
[2026-01-21 08:00:20]   [emp_id: 3802] ✓ Refreshed: 32.13 (unchanged value, timestamp updated)
[2026-01-21 08:00:20]   [emp_id: 3803] ✓ Refreshed: 116.55 (unchanged value, timestamp updated)
[2026-01-21 08:00:20]   [emp_id: 3810] ✓ Refreshed: 62.55 (unchanged value, timestamp updated)
[2026-01-21 08:00:20]   [emp_id: 3812] ✓ Refreshed: 91.55 (unchanged value, timestamp updated)
[2026-01-21 08:00:20]   [emp_id: 3815] ✓ Refreshed: 91.55 (unchanged value, timestamp updated)
[2026-01-21 08:00:20]   [emp_id: 3836] ✓ Refreshed: 59.22 (unchanged value, timestamp updated)
[2026-01-21 08:00:20]   [emp_id: 3855] ✓ Refreshed: 52.38 (unchanged value, timestamp updated)
[2026-01-21 08:00:21]   [emp_id: 3857] ✓ Refreshed: 56.05 (unchanged value, timestamp updated)
[2026-01-21 08:00:21]   [emp_id: 3862] ✓ Refreshed: 104.13 (unchanged value, timestamp updated)
[2026-01-21 08:00:21]   [emp_id: 3866] ✓ Refreshed: 29.38 (unchanged value, timestamp updated)
[2026-01-21 08:00:21]   [emp_id: 3876] ✓ Refreshed: 25.55 (unchanged value, timestamp updated)
[2026-01-21 08:00:21]   [emp_id: 3877] ✓ Refreshed: 51.05 (unchanged value, timestamp updated)
[2026-01-21 08:00:21]   [emp_id: 3897] ✓ Refreshed: 39.3 (unchanged value, timestamp updated)
[2026-01-21 08:00:21]   [emp_id: 3899] ✓ Refreshed: 1.12 (unchanged value, timestamp updated)
[2026-01-21 08:00:21]   [emp_id: 3928] ✓ Refreshed: 15.38 (unchanged value, timestamp updated)
[2026-01-21 08:00:21]   [emp_id: 3929] ✓ Refreshed: 10.38 (unchanged value, timestamp updated)
[2026-01-21 08:00:21]   [emp_id: 3935] ✓ Refreshed: 95.38 (unchanged value, timestamp updated)
[2026-01-21 08:00:21]   [emp_id: 3952] ✓ Refreshed: 76.72 (unchanged value, timestamp updated)
[2026-01-21 08:00:21]   [emp_id: 3987] ✓ Refreshed: 15.63 (unchanged value, timestamp updated)
[2026-01-21 08:00:21]   [emp_id: 4059] ✓ Refreshed: 4.83 (unchanged value, timestamp updated)
[2026-01-21 08:00:21]   [emp_id: 4119] ✓ Refreshed: 58.3 (unchanged value, timestamp updated)
[2026-01-21 08:00:21]   [emp_id: 4120] ✓ Refreshed: 27.88 (unchanged value, timestamp updated)
[2026-01-21 08:00:21]   [emp_id: 4124] ✓ Refreshed: 28.4 (unchanged value, timestamp updated)
[2026-01-21 08:00:21]   [emp_id: 4133] ✓ Refreshed: 106.88 (unchanged value, timestamp updated)
[2026-01-21 08:00:21]   [emp_id: 4134] ✓ Refreshed: 27.88 (unchanged value, timestamp updated)
[2026-01-21 08:00:21]   [emp_id: 4136] ✓ Refreshed: 27.88 (unchanged value, timestamp updated)
[2026-01-21 08:00:21]   [emp_id: 4150] ✓ Refreshed: 26.55 (unchanged value, timestamp updated)
[2026-01-21 08:00:21]   [emp_id: 4157] ✓ Refreshed: 20.05 (unchanged value, timestamp updated)
[2026-01-21 08:00:21]   [emp_id: 4172] ✓ Refreshed: 13.52 (unchanged value, timestamp updated)
[2026-01-21 08:00:21]   [emp_id: 4195] ✓ Refreshed: 63.63 (unchanged value, timestamp updated)
[2026-01-21 08:00:21]   [emp_id: 4215] ✓ Refreshed: 46.3 (unchanged value, timestamp updated)
[2026-01-21 08:00:21]   [emp_id: 4220] ✓ Refreshed: 41.88 (unchanged value, timestamp updated)
[2026-01-21 08:00:21]   [emp_id: 4273] ✓ Refreshed: 10.55 (unchanged value, timestamp updated)
[2026-01-21 08:00:21]   [emp_id: 4283] ✓ Refreshed: 14.61 (unchanged value, timestamp updated)
[2026-01-21 08:00:21]   [emp_id: 4288] ✓ Refreshed: 1.12 (unchanged value, timestamp updated)
[2026-01-21 08:00:21]   [emp_id: 4315] ✓ Refreshed: 13.8 (unchanged value, timestamp updated)
[2026-01-21 08:00:21]   [emp_id: 4328] ✓ Refreshed: 43.44 (unchanged value, timestamp updated)
[2026-01-21 08:00:21]   [emp_id: 4329] ✓ Refreshed: 6.97 (unchanged value, timestamp updated)
[2026-01-21 08:00:21]   [emp_id: 4338] ✓ Refreshed: 48.55 (unchanged value, timestamp updated)
[2026-01-21 08:00:21]   [emp_id: 4340] ✓ Refreshed: 110.55 (unchanged value, timestamp updated)
[2026-01-21 08:00:21]   [emp_id: 4365] ✓ Refreshed: 61.97 (unchanged value, timestamp updated)
[2026-01-21 08:00:21]   [emp_id: 4366] ✓ Refreshed: 61.05 (unchanged value, timestamp updated)
[2026-01-21 08:00:21]   [emp_id: 4403] ✓ Refreshed: 86.88 (unchanged value, timestamp updated)
[2026-01-21 08:00:21]   [emp_id: 4438] ✓ Refreshed: 22.55 (unchanged value, timestamp updated)
[2026-01-21 08:00:21]   [emp_id: 4465] ✓ Refreshed: 13.77 (unchanged value, timestamp updated)
[2026-01-21 08:00:21]   [emp_id: 4473] ✓ Refreshed: 46.13 (unchanged value, timestamp updated)
[2026-01-21 08:00:21]   [emp_id: 4474] ✓ Refreshed: 4.28 (unchanged value, timestamp updated)
[2026-01-21 08:00:21]   [emp_id: 4493] ✓ Refreshed: 164.97 (unchanged value, timestamp updated)
[2026-01-21 08:00:21]   [emp_id: 4526] ✓ Refreshed: 37.22 (unchanged value, timestamp updated)
[2026-01-21 08:00:21]   [emp_id: 4528] ✓ Refreshed: 108.97 (unchanged value, timestamp updated)
[2026-01-21 08:00:22]   [emp_id: 4528] ✓ Refreshed: 108.97 (unchanged value, timestamp updated)
[2026-01-21 08:00:22]   [emp_id: 4532] ✓ Refreshed: 8.89 (unchanged value, timestamp updated)
[2026-01-21 08:00:22]   [emp_id: 4533] ✓ Refreshed: 37.38 (unchanged value, timestamp updated)
[2026-01-21 08:00:22]   [emp_id: 4565] ✓ Refreshed: 16.27 (unchanged value, timestamp updated)
[2026-01-21 08:00:22]   [emp_id: 4567] ✓ Refreshed: 20.52 (unchanged value, timestamp updated)
[2026-01-21 08:00:22]   [emp_id: 4572] ✓ Refreshed: 60.02 (unchanged value, timestamp updated)
[2026-01-21 08:00:22]   [emp_id: 4631] ✓ Refreshed: 16.27 (unchanged value, timestamp updated)
[2026-01-21 08:00:22]   [emp_id: 4655] ✓ Refreshed: 26.3 (unchanged value, timestamp updated)
[2026-01-21 08:00:22]   [emp_id: 4709] ✓ Refreshed: 41.55 (unchanged value, timestamp updated)
[2026-01-21 08:00:22]   [emp_id: 4717] ✓ Refreshed: 67.55 (unchanged value, timestamp updated)
[2026-01-21 08:00:22]   [emp_id: 4736] ✓ Refreshed: 29.38 (unchanged value, timestamp updated)
[2026-01-21 08:00:22]   [emp_id: 4756] ✓ Refreshed: 12.71 (unchanged value, timestamp updated)
[2026-01-21 08:00:22]   [emp_id: 4768] ✓ Refreshed: 15.05 (unchanged value, timestamp updated)
[2026-01-21 08:00:22]   [emp_id: 4780] ✓ Refreshed: 66.44 (unchanged value, timestamp updated)
[2026-01-21 08:00:22]   [emp_id: 4820] ✓ Refreshed: 100.38 (unchanged value, timestamp updated)
[2026-01-21 08:00:22]   [emp_id: 4824] ✓ Refreshed: 3.56 (unchanged value, timestamp updated)
[2026-01-21 08:00:22]   [emp_id: 4825] ✓ Refreshed: 32.13 (unchanged value, timestamp updated)
[2026-01-21 08:00:22]   [emp_id: 4837] ✓ Refreshed: 46.43 (unchanged value, timestamp updated)
[2026-01-21 08:00:22]   [emp_id: 4840] ✓ Refreshed: 46.43 (unchanged value, timestamp updated)
[2026-01-21 08:00:22]   [emp_id: 4842] ✓ Refreshed: 45.67 (unchanged value, timestamp updated)
[2026-01-21 08:00:22]   [emp_id: 4843] ✓ Refreshed: 46.2 (unchanged value, timestamp updated)
[2026-01-21 08:00:22]   [emp_id: 4853] ✓ Refreshed: 90.02 (unchanged value, timestamp updated)
[2026-01-21 08:00:22]   [emp_id: 4856] ✓ Refreshed: 43.34 (unchanged value, timestamp updated)
[2026-01-21 08:00:22] ========== CRON: Vacation Balance Update Started ==========
[2026-01-21 08:00:22]   [emp_id: 4857] ✓ Refreshed: 26.16 (unchanged value, timestamp updated)
[2026-01-21 08:00:22]   [emp_id: 4858] ✓ Refreshed: 23.04 (unchanged value, timestamp updated)
[2026-01-21 08:00:22]   [emp_id: 4859] ✓ Refreshed: 44.51 (unchanged value, timestamp updated)
[2026-01-21 08:00:22]   [emp_id: 4860] ✓ Refreshed: 9.01 (unchanged value, timestamp updated)
[2026-01-21 08:00:22]   [emp_id: 4861] ✓ Refreshed: 42.47 (unchanged value, timestamp updated)
[2026-01-21 08:00:22]   [emp_id: 4869] ✓ Refreshed: 85.35 (unchanged value, timestamp updated)
[2026-01-21 08:00:22]   [emp_id: 4894] ✓ Refreshed: 9.05 (unchanged value, timestamp updated)
[2026-01-21 08:00:22]   [emp_id: 4897] ✓ Refreshed: 24.25 (unchanged value, timestamp updated)
[2026-01-21 08:00:22]   [emp_id: 4899] ✓ Refreshed: 20.42 (unchanged value, timestamp updated)
[2026-01-21 08:00:22]   [emp_id: 4902] ✓ Refreshed: 19.84 (unchanged value, timestamp updated)
[2026-01-21 08:00:22]   [emp_id: 4903] ✓ Refreshed: 22.06 (unchanged value, timestamp updated)
[2026-01-21 08:00:22]   [emp_id: 4905] ✓ Refreshed: 20.72 (unchanged value, timestamp updated)
[2026-01-21 08:00:22]   [emp_id: 4907] ✓ Refreshed: 49.13 (unchanged value, timestamp updated)
[2026-01-21 08:00:22]   [emp_id: 4917] ✓ Refreshed: 17.68 (unchanged value, timestamp updated)
[2026-01-21 08:00:22]   [emp_id: 4918] ✓ Refreshed: 7.45 (unchanged value, timestamp updated)
[2026-01-21 08:00:22]   [emp_id: 4919] ✓ Refreshed: 59.74 (unchanged value, timestamp updated)
[2026-01-21 08:00:22]   [emp_id: 4920] ✓ Refreshed: 6.82 (unchanged value, timestamp updated)
[2026-01-21 08:00:22]   [emp_id: 4921] ✓ Refreshed: 18.91 (unchanged value, timestamp updated)
[2026-01-21 08:00:23]   [emp_id: 4927] ✓ Refreshed: 17.74 (unchanged value, timestamp updated)
[2026-01-21 08:00:23]   [emp_id: 4929] ✓ Refreshed: 19.26 (unchanged value, timestamp updated)
[2026-01-21 08:00:23]   [emp_id: 4930] ✓ Refreshed: 60.03 (unchanged value, timestamp updated)
[2026-01-21 08:00:23]   [emp_id: 4932] ✓ Refreshed: 18.03 (unchanged value, timestamp updated)
[2026-01-21 08:00:23]   [emp_id: 4933] ✓ Refreshed: 21.44 (unchanged value, timestamp updated)
[2026-01-21 08:00:23]   [emp_id: 4949] ✓ Refreshed: 24.87 (unchanged value, timestamp updated)
[2026-01-21 08:00:23]   [emp_id: 4956] ✓ Refreshed: 30.46 (unchanged value, timestamp updated)
[2026-01-21 08:00:23]   [emp_id: 4957] ✓ Refreshed: 26.13 (unchanged value, timestamp updated)
[2026-01-21 08:00:23]   [emp_id: 4962] ✓ Refreshed: 48.49 (unchanged value, timestamp updated)
[2026-01-21 08:00:23]   [emp_id: 4969] ✓ Refreshed: 47.8 (unchanged value, timestamp updated)
[2026-01-21 08:00:23]   [emp_id: 4976] ✓ Refreshed: 11.15 (unchanged value, timestamp updated)
[2026-01-21 08:00:23]   [emp_id: 4984] ✓ Refreshed: 39.05 (unchanged value, timestamp updated)
[2026-01-21 08:00:23]   [emp_id: 4995] ✓ Refreshed: 51.12 (unchanged value, timestamp updated)
[2026-01-21 08:00:23]   [emp_id: 5004] ✓ Refreshed: 28.09 (unchanged value, timestamp updated)
[2026-01-21 08:00:23]   [emp_id: 5006] ✓ Refreshed: 27.83 (unchanged value, timestamp updated)
[2026-01-21 08:00:23]   [emp_id: 5011] ✓ Refreshed: 6.9 (unchanged value, timestamp updated)
[2026-01-21 08:00:23]   [emp_id: 5013] ✓ Refreshed: 68.2 (unchanged value, timestamp updated)
[2026-01-21 08:00:23]   [emp_id: 5018] ✓ Refreshed: 4.69 (unchanged value, timestamp updated)
[2026-01-21 08:00:23]   [emp_id: 5021] ✓ Refreshed: 62.15 (unchanged value, timestamp updated)
[2026-01-21 08:00:23]   [emp_id: 5024] ✓ Refreshed: 2.71 (unchanged value, timestamp updated)
[2026-01-21 08:00:23]   [emp_id: 5030] ✓ Refreshed: 32.66 (unchanged value, timestamp updated)
[2026-01-21 08:00:23]   [emp_id: 5033] ✓ Refreshed: 11.46 (unchanged value, timestamp updated)
[2026-01-21 08:00:23]   [emp_id: 5043] ✓ Refreshed: 31.72 (unchanged value, timestamp updated)
[2026-01-21 08:00:23]   [emp_id: 5045] ✓ Refreshed: 28.22 (unchanged value, timestamp updated)
[2026-01-21 08:00:23]   [emp_id: 5046] ✓ Refreshed: 23.41 (unchanged value, timestamp updated)
[2026-01-21 08:00:23]   [emp_id: 5049] ✓ Refreshed: 40.14 (unchanged value, timestamp updated)
[2026-01-21 08:00:23]   [emp_id: 5052] ✓ Refreshed: 31.42 (unchanged value, timestamp updated)
[2026-01-21 08:00:23]   [emp_id: 5055] ✓ Refreshed: 19.86 (unchanged value, timestamp updated)
[2026-01-21 08:00:23]   [emp_id: 5058] ✓ Refreshed: 28.84 (unchanged value, timestamp updated)
[2026-01-21 08:00:23]   [emp_id: 5062] ✓ Refreshed: 40.67 (unchanged value, timestamp updated)
[2026-01-21 08:00:23]   [emp_id: 5064] ✓ Refreshed: 119.05 (unchanged value, timestamp updated)
[2026-01-21 08:00:23]   [emp_id: 5065] ✓ Refreshed: 40.08 (unchanged value, timestamp updated)
[2026-01-21 08:00:23]   [emp_id: 5071] ✓ Refreshed: 24.55 (unchanged value, timestamp updated)
[2026-01-21 08:00:23]   [emp_id: 5073] ✓ Refreshed: 14.68 (unchanged value, timestamp updated)
[2026-01-21 08:00:23]   [emp_id: 5079] ✓ Refreshed: 35.24 (unchanged value, timestamp updated)
[2026-01-21 08:00:23]   [emp_id: 5080] ✓ Refreshed: 28.57 (unchanged value, timestamp updated)
[2026-01-21 08:00:23]   [emp_id: 5081] ✓ Refreshed: 16.83 (unchanged value, timestamp updated)
[2026-01-21 08:00:23]   [emp_id: 5087] ✓ Refreshed: 36.87 (unchanged value, timestamp updated)
[2026-01-21 08:00:23]   [emp_id: 5091] ✓ Refreshed: 76.72 (unchanged value, timestamp updated)
[2026-01-21 08:00:23]   [emp_id: 5093] ✓ Refreshed: 15.72 (unchanged value, timestamp updated)
[2026-01-21 08:00:24]   [emp_id: 5095] ✓ Refreshed: 2.26 (unchanged value, timestamp updated)
[2026-01-21 08:00:24]   [emp_id: 5101] ✓ Refreshed: 17.8 (unchanged value, timestamp updated)
[2026-01-21 08:00:24]   [emp_id: 5107] ✓ Refreshed: 16.13 (unchanged value, timestamp updated)
[2026-01-21 08:00:24]   [emp_id: 5109] ✓ Refreshed: 13.38 (unchanged value, timestamp updated)
[2026-01-21 08:00:24]   [emp_id: 5119] ✓ Refreshed: 11.55 (unchanged value, timestamp updated)
[2026-01-21 08:00:24]   [emp_id: 5122] ✓ Refreshed: 8.72 (unchanged value, timestamp updated)
[2026-01-21 08:00:24]   [emp_id: 5126] ✓ Refreshed: 27.6 (unchanged value, timestamp updated)
[2026-01-21 08:00:24]   [emp_id: 5127] ✓ Refreshed: 39.39 (unchanged value, timestamp updated)
[2026-01-21 08:00:24]   [emp_id: 5128] ✓ Refreshed: 27.54 (unchanged value, timestamp updated)
[2026-01-21 08:00:24]   [emp_id: 5138] ✓ Refreshed: 51.38 (unchanged value, timestamp updated)
[2026-01-21 08:00:24]   [emp_id: 5138] ✓ Refreshed: 51.38 (unchanged value, timestamp updated)
[2026-01-21 08:00:24]   [emp_id: 5141] ✓ Refreshed: 35.91 (unchanged value, timestamp updated)
[2026-01-21 08:00:24]   [emp_id: 5142] ✓ Refreshed: 14.91 (unchanged value, timestamp updated)
[2026-01-21 08:00:24]   [emp_id: 5146] ✓ Refreshed: 21.91 (unchanged value, timestamp updated)
[2026-01-21 08:00:24]   [emp_id: 5147] ✓ Refreshed: 20.91 (unchanged value, timestamp updated)
[2026-01-21 08:00:24]   [emp_id: 5148] ✓ Refreshed: 26.26 (unchanged value, timestamp updated)
[2026-01-21 08:00:24]   [emp_id: 5149] ✓ Refreshed: 25.15 (unchanged value, timestamp updated)
[2026-01-21 08:00:24]   [emp_id: 5150] ✓ Refreshed: 24.51 (unchanged value, timestamp updated)
[2026-01-21 08:00:24]   [emp_id: 5151] ✓ Refreshed: 24.33 (unchanged value, timestamp updated)
[2026-01-21 08:00:24]   [emp_id: 5152] ✓ Refreshed: 4.75 (unchanged value, timestamp updated)
[2026-01-21 08:00:24]   [emp_id: 5157] ✓ Refreshed: 24.33 (unchanged value, timestamp updated)
[2026-01-21 08:00:24]   [emp_id: 5160] ✓ Refreshed: 24.33 (unchanged value, timestamp updated)
[2026-01-21 08:00:24]   [emp_id: 5163] ✓ Refreshed: 22.12 (unchanged value, timestamp updated)
[2026-01-21 08:00:24]   [emp_id: 5165] ✓ Refreshed: 2.82 (unchanged value, timestamp updated)
[2026-01-21 08:00:24]   [emp_id: 5167] ✓ Refreshed: 31.27 (unchanged value, timestamp updated)
[2026-01-21 08:00:24]   [emp_id: 5168] ✓ Refreshed: 23.81 (unchanged value, timestamp updated)
[2026-01-21 08:00:24]   [emp_id: 5173] ✓ Refreshed: 26.47 (unchanged value, timestamp updated)
[2026-01-21 08:00:24]   [emp_id: 5174] ✓ Refreshed: 24.27 (unchanged value, timestamp updated)
[2026-01-21 08:00:24]   [emp_id: 5181] ✓ Refreshed: 20.66 (unchanged value, timestamp updated)
[2026-01-21 08:00:24]   [emp_id: 5186] ✓ Refreshed: 26.19 (unchanged value, timestamp updated)
[2026-01-21 08:00:24]   [emp_id: 5187] ✓ Refreshed: 37.19 (unchanged value, timestamp updated)
[2026-01-21 08:00:24]   [emp_id: 5204] ✓ Refreshed: 23.97 (unchanged value, timestamp updated)
[2026-01-21 08:00:24]   [emp_id: 5205] ✓ Refreshed: 13.4 (unchanged value, timestamp updated)
[2026-01-21 08:00:24]   [emp_id: 5209] ✓ Refreshed: 16.4 (unchanged value, timestamp updated)
[2026-01-21 08:00:24]   [emp_id: 5213] ✓ Refreshed: 3.81 (unchanged value, timestamp updated)
[2026-01-21 08:00:24]   [emp_id: 5214] ✓ Refreshed: 2.65 (unchanged value, timestamp updated)
[2026-01-21 08:00:24]   [emp_id: 5215] ✓ Refreshed: 11.4 (unchanged value, timestamp updated)
[2026-01-21 08:00:24]   [emp_id: 5217] ✓ Refreshed: 10.4 (unchanged value, timestamp updated)
[2026-01-21 08:00:24]   [emp_id: 5219] ✓ Refreshed: 14.4 (unchanged value, timestamp updated)
[2026-01-21 08:00:24]   [emp_id: 5221] ✓ Refreshed: 3.71 (unchanged value, timestamp updated)
[2026-01-21 08:00:24]   [emp_id: 5224] ✓ Refreshed: 15.4 (unchanged value, timestamp updated)
[2026-01-21 08:00:24]   [emp_id: 5225] ✓ Refreshed: 7.71 (unchanged value, timestamp updated)
[2026-01-21 08:00:25]   [emp_id: 5228] ✓ Refreshed: 10.4 (unchanged value, timestamp updated)
[2026-01-21 08:00:25]   [emp_id: 5229] ✓ Refreshed: 6.4 (unchanged value, timestamp updated)
[2026-01-21 08:00:25]   [emp_id: 5230] ✓ Refreshed: 11.07 (unchanged value, timestamp updated)
[2026-01-21 08:00:25]   [emp_id: 5231] ✓ Refreshed: 7.4 (unchanged value, timestamp updated)
[2026-01-21 08:00:25]   [emp_id: 5232] ✓ Refreshed: 1.4 (unchanged value, timestamp updated)
[2026-01-21 08:00:25]   [emp_id: 5233] ✓ Refreshed: 5.4 (unchanged value, timestamp updated)
[2026-01-21 08:00:25]   [emp_id: 5234] ✓ Refreshed: 5.4 (unchanged value, timestamp updated)
[2026-01-21 08:00:25]   [emp_id: 5235] ✓ Refreshed: 0.84 (unchanged value, timestamp updated)
[2026-01-21 08:00:25]   [emp_id: 5237] ✓ Refreshed: 11.65 (unchanged value, timestamp updated)
[2026-01-21 08:00:25]   [emp_id: 5239] ✓ Refreshed: 8.4 (unchanged value, timestamp updated)
[2026-01-21 08:00:25]   [emp_id: 5241] ✓ Refreshed: 6.4 (unchanged value, timestamp updated)
[2026-01-21 08:00:25]   [emp_id: 5242] ✓ Refreshed: 16.4 (unchanged value, timestamp updated)
[2026-01-21 08:00:25]   [emp_id: 5243] ✓ Refreshed: 2.81 (unchanged value, timestamp updated)
[2026-01-21 08:00:25]   [emp_id: 5244] ✓ Refreshed: 0.84 (unchanged value, timestamp updated)
[2026-01-21 08:00:25]   [emp_id: 5246] ✓ Refreshed: 12.4 (unchanged value, timestamp updated)
[2026-01-21 08:00:25]   [emp_id: 5253] ✓ Refreshed: 25.27 (unchanged value, timestamp updated)
[2026-01-21 08:00:25]   [emp_id: 5254] ✓ Refreshed: 13.25 (unchanged value, timestamp updated)
[2026-01-21 08:00:25]   [emp_id: 5257] ✓ Refreshed: 12.96 (unchanged value, timestamp updated)
[2026-01-21 08:00:25]   [emp_id: 5259] ✓ Refreshed: 49.49 (unchanged value, timestamp updated)
[2026-01-21 08:00:25]   [emp_id: 5261] ✓ Refreshed: 17.57 (unchanged value, timestamp updated)
[2026-01-21 08:00:25]   [emp_id: 5264] ✓ Refreshed: 14.97 (unchanged value, timestamp updated)
[2026-01-21 08:00:25]   [emp_id: 5266] ✓ Refreshed: 21.59 (unchanged value, timestamp updated)
[2026-01-21 08:00:25]   [emp_id: 5268] ✓ Refreshed: 10.16 (unchanged value, timestamp updated)
[2026-01-21 08:00:25]   [emp_id: 5271] ✓ Refreshed: 8.82 (unchanged value, timestamp updated)
[2026-01-21 08:00:25]   [emp_id: 5272] ✓ Refreshed: 9.69 (unchanged value, timestamp updated)
[2026-01-21 08:00:25]   [emp_id: 5273] ✓ Refreshed: 24.76 (unchanged value, timestamp updated)
[2026-01-21 08:00:25]   [emp_id: 5275] ✓ Refreshed: 10.51 (unchanged value, timestamp updated)
[2026-01-21 08:00:25]   [emp_id: 5276] ✓ Refreshed: 24.78 (unchanged value, timestamp updated)
[2026-01-21 08:00:25]   [emp_id: 5278] ✓ Refreshed: 9.17 (unchanged value, timestamp updated)
[2026-01-21 08:00:25]   [emp_id: 5280] ✓ Refreshed: 19.57 (unchanged value, timestamp updated)
[2026-01-21 08:00:25]   [emp_id: 5282] ✓ Refreshed: 13.05 (unchanged value, timestamp updated)
[2026-01-21 08:00:25]   [emp_id: 5285] ✓ Refreshed: 29.57 (unchanged value, timestamp updated)
[2026-01-21 08:00:25]   [emp_id: 5286] ✓ Refreshed: 16.57 (unchanged value, timestamp updated)
[2026-01-21 08:00:25]   [emp_id: 5287] ✓ Refreshed: 50.87 (unchanged value, timestamp updated)
[2026-01-21 08:00:25]   [emp_id: 5288] ✓ Refreshed: 8.14 (unchanged value, timestamp updated)
[2026-01-21 08:00:25]   [emp_id: 5289] ✓ Refreshed: 49.42 (unchanged value, timestamp updated)
[2026-01-21 08:00:25]   [emp_id: 5290] ✓ Refreshed: 48.19 (unchanged value, timestamp updated)
[2026-01-21 08:00:26]   [emp_id: 5291] ✓ Refreshed: 6.19 (unchanged value, timestamp updated)
[2026-01-21 08:00:26]   [emp_id: 5292] ✓ Refreshed: 6.13 (unchanged value, timestamp updated)
[2026-01-21 08:00:26]   [emp_id: 5293] ✓ Refreshed: 9.31 (unchanged value, timestamp updated)
[2026-01-21 08:00:26]   [emp_id: 5294] ✓ Refreshed: 8.97 (unchanged value, timestamp updated)
[2026-01-21 08:00:26]   [emp_id: 5295] ✓ Refreshed: 22.37 (unchanged value, timestamp updated)
[2026-01-21 08:00:26]   [emp_id: 5296] ✓ Refreshed: 35.99 (unchanged value, timestamp updated)
[2026-01-21 08:00:26]   [emp_id: 5297] ✓ Refreshed: 46.79 (unchanged value, timestamp updated)
[2026-01-21 08:00:26]   [emp_id: 5298] ✓ Refreshed: 46.79 (unchanged value, timestamp updated)
[2026-01-21 08:00:26]   [emp_id: 5299] ✓ Refreshed: 46.79 (unchanged value, timestamp updated)
[2026-01-21 08:00:26]   [emp_id: 5300] ✓ Refreshed: 46.79 (unchanged value, timestamp updated)
[2026-01-21 08:00:26]   [emp_id: 5301] ✓ Refreshed: 4.61 (unchanged value, timestamp updated)
[2026-01-21 08:00:26]   [emp_id: 5303] ✓ Refreshed: 5.04 (unchanged value, timestamp updated)
[2026-01-21 08:00:26]   [emp_id: 5304] ✓ Refreshed: 1.79 (unchanged value, timestamp updated)
[2026-01-21 08:00:26]   [emp_id: 5305] ✓ Refreshed: 4.79 (unchanged value, timestamp updated)
[2026-01-21 08:00:26]   [emp_id: 5306] ✓ Refreshed: 46.5 (unchanged value, timestamp updated)
[2026-01-21 08:00:26]   [emp_id: 5307] ✓ Refreshed: 46.5 (unchanged value, timestamp updated)
[2026-01-21 08:00:26]   [emp_id: 5312] ✓ Refreshed: 0.84 (unchanged value, timestamp updated)
[2026-01-21 08:00:26]   [emp_id: 5318] ✓ Refreshed: 27.21 (unchanged value, timestamp updated)
[2026-01-21 08:00:26]   [emp_id: 5325] ✓ Refreshed: 1.17 (unchanged value, timestamp updated)
[2026-01-21 08:00:26]   [emp_id: 5327] ✓ Refreshed: 2.26 (unchanged value, timestamp updated)
[2026-01-21 08:00:26]   [emp_id: 5337] ✓ Refreshed: 36.88 (unchanged value, timestamp updated)
[2026-01-21 08:00:26]   [emp_id: 5339] ✓ Refreshed: 11.36 (unchanged value, timestamp updated)
[2026-01-21 08:00:26]   [emp_id: 5343] ✓ Refreshed: 46.8 (unchanged value, timestamp updated)
[2026-01-21 08:00:26]   [emp_id: 5343] ✓ Refreshed: 46.8 (unchanged value, timestamp updated)
[2026-01-21 08:00:26]   [emp_id: 5345] ✓ Refreshed: 16.63 (unchanged value, timestamp updated)
[2026-01-21 08:00:26]   [emp_id: 5346] ✓ Refreshed: 3.08 (unchanged value, timestamp updated)
[2026-01-21 08:00:26]   [emp_id: 5351] ✓ Refreshed: 18.02 (unchanged value, timestamp updated)
[2026-01-21 08:00:26]   [emp_id: 5352] ✓ Refreshed: 27.05 (unchanged value, timestamp updated)
[2026-01-21 08:00:26]   [emp_id: 5370] ✓ Refreshed: 16.67 (unchanged value, timestamp updated)
[2026-01-21 08:00:26]   [emp_id: 5371] ✓ Refreshed: 8.8 (unchanged value, timestamp updated)
[2026-01-21 08:00:26]   [emp_id: 5376] ✓ Refreshed: 11.27 (unchanged value, timestamp updated)
[2026-01-21 08:00:26]   [emp_id: 5378] ✓ Refreshed: 18.88 (unchanged value, timestamp updated)
[2026-01-21 08:00:26]   [emp_id: 5380] ✓ Refreshed: 17.68 (unchanged value, timestamp updated)
[2026-01-21 08:00:26]   [emp_id: 5381] ✓ Refreshed: 13.32 (unchanged value, timestamp updated)
[2026-01-21 08:00:26]   [emp_id: 5383] ✓ Refreshed: 17.63 (unchanged value, timestamp updated)
[2026-01-21 08:00:26]   [emp_id: 5388] ✓ Refreshed: 28.46 (unchanged value, timestamp updated)
[2026-01-21 08:00:27]   [emp_id: 5396] ✓ Refreshed: 29.7 (unchanged value, timestamp updated)
[2026-01-21 08:00:27]   [emp_id: 5397] ✓ Refreshed: 21.16 (unchanged value, timestamp updated)
[2026-01-21 08:00:27]   [emp_id: 5401] ✓ Refreshed: 24.27 (unchanged value, timestamp updated)
[2026-01-21 08:00:27]   [emp_id: 5402] ✓ Refreshed: 24.39 (unchanged value, timestamp updated)
[2026-01-21 08:00:27]   [emp_id: 5406] ✓ Refreshed: 18.11 (unchanged value, timestamp updated)
[2026-01-21 08:00:27]   [emp_id: 5407] ✓ Refreshed: 17.4 (unchanged value, timestamp updated)
[2026-01-21 08:00:27]   [emp_id: 5409] ✓ Refreshed: 17.45 (unchanged value, timestamp updated)
[2026-01-21 08:00:27]   [emp_id: 5413] ✓ Refreshed: 29.8 (unchanged value, timestamp updated)
[2026-01-21 08:00:27]   [emp_id: 5414] ✓ Refreshed: 29.47 (unchanged value, timestamp updated)
[2026-01-21 08:00:27]   [emp_id: 5415] ✓ Refreshed: 5.4 (unchanged value, timestamp updated)
[2026-01-21 08:00:27]   [emp_id: 5418] ✓ Refreshed: 16.51 (unchanged value, timestamp updated)
[2026-01-21 08:00:27]   [emp_id: 5422] ✓ Refreshed: 22.13 (unchanged value, timestamp updated)
[2026-01-21 08:00:27]   [emp_id: 5423] ✓ Refreshed: 6.82 (unchanged value, timestamp updated)
[2026-01-21 08:00:27]   [emp_id: 5425] ✓ Refreshed: 15.06 (unchanged value, timestamp updated)
[2026-01-21 08:00:27]   [emp_id: 5426] ✓ Refreshed: 3.37 (unchanged value, timestamp updated)
[2026-01-21 08:00:27]   [emp_id: 5426] ✓ Refreshed: 3.37 (unchanged value, timestamp updated)
[2026-01-21 08:00:27]   [emp_id: 5427] ✓ Refreshed: 15.17 (unchanged value, timestamp updated)
[2026-01-21 08:00:27]   [emp_id: 5428] ✓ Refreshed: 15.06 (unchanged value, timestamp updated)
[2026-01-21 08:00:27]   [emp_id: 5430] ✓ Refreshed: 19.19 (unchanged value, timestamp updated)
[2026-01-21 08:00:27]   [emp_id: 5431] ✓ Refreshed: 14.18 (unchanged value, timestamp updated)
[2026-01-21 08:00:27]   [emp_id: 5433] ✓ Refreshed: 14.2 (unchanged value, timestamp updated)
[2026-01-21 08:00:27]   [emp_id: 5434] ✓ Refreshed: 13.95 (unchanged value, timestamp updated)
[2026-01-21 08:00:27]   [emp_id: 5435] ✓ Refreshed: 13.89 (unchanged value, timestamp updated)
[2026-01-21 08:00:27]   [emp_id: 5436] ✓ Refreshed: 13.89 (unchanged value, timestamp updated)
[2026-01-21 08:00:27]   [emp_id: 5438] ✓ Refreshed: 17.05 (unchanged value, timestamp updated)
[2026-01-21 08:00:27]   [emp_id: 5439] ✓ Refreshed: 26.55 (unchanged value, timestamp updated)
[2026-01-21 08:00:27]   [emp_id: 5442] ✓ Refreshed: 15.55 (unchanged value, timestamp updated)
[2026-01-21 08:00:27]   [emp_id: 5445] ✓ Refreshed: 8.35 (unchanged value, timestamp updated)
[2026-01-21 08:00:27]   [emp_id: 5446] ✓ Refreshed: 8.35 (unchanged value, timestamp updated)
[2026-01-21 08:00:27]   [emp_id: 5447] ✓ Refreshed: 8.29 (unchanged value, timestamp updated)
[2026-01-21 08:00:27]   [emp_id: 5448] ✓ Refreshed: 2.57 (unchanged value, timestamp updated)
[2026-01-21 08:00:27]   [emp_id: 5449] ✓ Refreshed: 6.37 (unchanged value, timestamp updated)
[2026-01-21 08:00:27]   [emp_id: 5450] ✓ Refreshed: 6.31 (unchanged value, timestamp updated)
[2026-01-21 08:00:27]   [emp_id: 5451] ✓ Refreshed: 6.31 (unchanged value, timestamp updated)
[2026-01-21 08:00:27]   [emp_id: 5453] ✓ Refreshed: 6.15 (unchanged value, timestamp updated)
[2026-01-21 08:00:27]   [emp_id: 5454] ✓ Refreshed: 8.63 (unchanged value, timestamp updated)
[2026-01-21 08:00:27]   [emp_id: 5455] ✓ Refreshed: 2.88 (unchanged value, timestamp updated)
[2026-01-21 08:00:27]   [emp_id: 5456] ✓ Refreshed: 7.88 (unchanged value, timestamp updated)
[2026-01-21 08:00:27]   [emp_id: 5457] ✓ Refreshed: 5.4 (unchanged value, timestamp updated)
[2026-01-21 08:00:28]   [emp_id: 5460] ✓ Refreshed: 6.53 (unchanged value, timestamp updated)
[2026-01-21 08:00:28]   [emp_id: 5463] ✓ Refreshed: 5.86 (unchanged value, timestamp updated)
[2026-01-21 08:00:28]   [emp_id: 5464] ✓ Refreshed: 5.86 (unchanged value, timestamp updated)
[2026-01-21 08:00:28]   [emp_id: 5466] ✓ Refreshed: 3.61 (unchanged value, timestamp updated)
[2026-01-21 08:00:28]   [emp_id: 5467] ✓ Refreshed: 2.53 (unchanged value, timestamp updated)
[2026-01-21 08:00:28]   [emp_id: 5468] ✓ Refreshed: 1.48 (unchanged value, timestamp updated)
[2026-01-21 08:00:28]   [emp_id: 5469] ✓ Refreshed: 1.39 (unchanged value, timestamp updated)
[2026-01-21 08:00:28]   [emp_id: 5470] ✓ Refreshed: 1.06 (unchanged value, timestamp updated)
[2026-01-21 08:00:28] Report saved to: D:\xampp\htdocs\almutlak\system/cron_logs/last_vacation_update_report.json
[2026-01-21 09:54:00] ========== CRON: Vacation Balance Update Started ==========
