[2025-12-04 00:30:02] ========== CRON: Vacation Balance Update Started ==========
[2025-12-04 00:30:02] Database connection established
[2025-12-04 00:30:02] Found 445 active employees with balance records to update
[2025-12-04 00:30:02] (Only employees with status=1 will be processed)
[2025-12-04 00:30:02]   [emp_id: 1061] ✓ Updated: 30.88 → 30.96 (CHANGED)
[2025-12-04 00:30:02]   [emp_id: 1496] ✓ Updated: 14.05 → 14.13 (CHANGED)
[2025-12-04 00:30:02]   [emp_id: 1500] ✓ Updated: 23.3 → 23.38 (CHANGED)
[2025-12-04 00:30:02]   [emp_id: 1574] ✓ Updated: 30.96 → 31.04 (CHANGED)
[2025-12-04 00:30:02]   [emp_id: 1673] ✓ Updated: 42.46 → 42.54 (CHANGED)
[2025-12-04 00:30:02]   [emp_id: 1685] ✓ Updated: 12.38 → 12.46 (CHANGED)
[2025-12-04 00:30:02]   [emp_id: 1764] ✓ Updated: 67.05 → 67.13 (CHANGED)
[2025-12-04 00:30:02]   [emp_id: 1805] ✓ Updated: 61.38 → 61.46 (CHANGED)
[2025-12-04 00:30:02]   [emp_id: 1822] ✓ Updated: 66.13 → 66.21 (CHANGED)
[2025-12-04 00:30:02]   [emp_id: 1837] ✓ Updated: 22.3 → 22.38 (CHANGED)
[2025-12-04 00:30:02]   [emp_id: 1857] ✓ Updated: 17.63 → 17.71 (CHANGED)
[2025-12-04 00:30:02]   [emp_id: 1861] ✓ Updated: 68.46 → 68.54 (CHANGED)
[2025-12-04 00:30:02]   [emp_id: 1872] ✓ Updated: 7.3 → 7.38 (CHANGED)
[2025-12-04 00:30:02]   [emp_id: 1897] ✓ Updated: 29.63 → 29.71 (CHANGED)
[2025-12-04 00:30:02]   [emp_id: 1916] ✓ Updated: 71.96 → 72.04 (CHANGED)
[2025-12-04 00:30:02]   [emp_id: 1928] ✓ Updated: 61.88 → 61.96 (CHANGED)
[2025-12-04 00:30:02]   [emp_id: 1931] ✓ Updated: 81.8 → 81.88 (CHANGED)
[2025-12-04 00:30:02]   [emp_id: 1944] ✓ Updated: 39.96 → 40.04 (CHANGED)
[2025-12-04 00:30:02]   [emp_id: 1996] ✓ Updated: 68.46 → 68.54 (CHANGED)
[2025-12-04 00:30:02]   [emp_id: 1997] ✓ Updated: 33.63 → 33.71 (CHANGED)
[2025-12-04 00:30:02]   [emp_id: 1998] ✓ Updated: 84.96 → 85.04 (CHANGED)
[2025-12-04 00:30:02]   [emp_id: 1999] ✓ Updated: 85.96 → 86.04 (CHANGED)
[2025-12-04 00:30:02]   [emp_id: 2009] ✓ Updated: 32.38 → 32.46 (CHANGED)
[2025-12-04 00:30:02]   [emp_id: 2048] ✓ Updated: 22.21 → 22.29 (CHANGED)
[2025-12-04 00:30:02]   [emp_id: 2057] ✓ Updated: 63.05 → 63.13 (CHANGED)
[2025-12-04 00:30:02]   [emp_id: 2079] ✓ Updated: 45.38 → 45.46 (CHANGED)
[2025-12-04 00:30:02]   [emp_id: 2181] ✓ Updated: 34.38 → 34.46 (CHANGED)
[2025-12-04 00:30:02]   [emp_id: 2190] ✓ Updated: 3.71 → 3.79 (CHANGED)
[2025-12-04 00:30:02]   [emp_id: 2212] ✓ Updated: 21.71 → 21.79 (CHANGED)
[2025-12-04 00:30:02]   [emp_id: 2226] ✓ Updated: 66.46 → 66.54 (CHANGED)
[2025-12-04 00:30:02]   [emp_id: 2238] ✓ Updated: 64.71 → 64.79 (CHANGED)
[2025-12-04 00:30:02]   [emp_id: 2285] ✓ Updated: 33.38 → 33.46 (CHANGED)
[2025-12-04 00:30:02]   [emp_id: 2287] ✓ Updated: 45.05 → 45.13 (CHANGED)
[2025-12-04 00:30:02]   [emp_id: 2288] ✓ Updated: 59.96 → 60.04 (CHANGED)
[2025-12-04 00:30:02]   [emp_id: 2290] ✓ Updated: 76.88 → 76.96 (CHANGED)
[2025-12-04 00:30:02]   [emp_id: 2316] ✓ Updated: 13.88 → 13.96 (CHANGED)
[2025-12-04 00:30:02]   [emp_id: 2337] ✓ Updated: 34.96 → 35.04 (CHANGED)
[2025-12-04 00:30:02]   [emp_id: 2352] ✓ Updated: 66.46 → 66.54 (CHANGED)
[2025-12-04 00:30:02]   [emp_id: 2358] ✓ Updated: 2.96 → 3.04 (CHANGED)
[2025-12-04 00:30:02]   [emp_id: 2361] ✓ Updated: 68.63 → 68.71 (CHANGED)
[2025-12-04 00:30:02]   [emp_id: 2363] ✓ Updated: 71.21 → 71.29 (CHANGED)
[2025-12-04 00:30:02]   [emp_id: 2364] ✓ Updated: 70.63 → 70.71 (CHANGED)
[2025-12-04 00:30:02]   [emp_id: 2367] ✓ Updated: 98.3 → 98.38 (CHANGED)
[2025-12-04 00:30:02]   [emp_id: 2368] ✓ Updated: 28.71 → 28.79 (CHANGED)
[2025-12-04 00:30:02]   [emp_id: 2372] ✓ Updated: 65.96 → 66.04 (CHANGED)
[2025-12-04 00:30:02]   [emp_id: 2376] ✓ Updated: 115.96 → 116.04 (CHANGED)
[2025-12-04 00:30:02]   [emp_id: 2423] ✓ Updated: 16.71 → 16.79 (CHANGED)
[2025-12-04 00:30:02]   [emp_id: 2519] ✓ Updated: 170.38 → 170.46 (CHANGED)
[2025-12-04 00:30:02]   [emp_id: 2522] ✓ Updated: 53.96 → 54.04 (CHANGED)
[2025-12-04 00:30:02]   [emp_id: 2530] ✓ Updated: 49.21 → 49.29 (CHANGED)
[2025-12-04 00:30:02]   [emp_id: 2539] ✓ Updated: 45.96 → 46.04 (CHANGED)
[2025-12-04 00:30:02]   [emp_id: 2541] ✓ Updated: 26.55 → 26.63 (CHANGED)
[2025-12-04 00:30:02]   [emp_id: 2550] ✓ Updated: 92.71 → 92.79 (CHANGED)
[2025-12-04 00:30:02]   [emp_id: 2553] ✓ Updated: 59.71 → 59.79 (CHANGED)
[2025-12-04 00:30:02]   [emp_id: 2554] ✓ Updated: 36.3 → 36.38 (CHANGED)
[2025-12-04 00:30:02]   [emp_id: 2565] ✓ Updated: 90.88 → 90.96 (CHANGED)
[2025-12-04 00:30:02]   [emp_id: 2572] ✓ Updated: 40.88 → 40.96 (CHANGED)
[2025-12-04 00:30:02]   [emp_id: 2637] ✓ Updated: 61.46 → 61.54 (CHANGED)
[2025-12-04 00:30:02]   [emp_id: 2642] ✓ Updated: 74.21 → 74.29 (CHANGED)
[2025-12-04 00:30:02]   [emp_id: 2645] ✓ Updated: 90.21 → 90.29 (CHANGED)
[2025-12-04 00:30:02]   [emp_id: 2648] ✓ Updated: 41.88 → 41.96 (CHANGED)
[2025-12-04 00:30:02]   [emp_id: 2654] ✓ Updated: 84.55 → 84.63 (CHANGED)
[2025-12-04 00:30:02]   [emp_id: 2688] ✓ Updated: 22.63 → 22.71 (CHANGED)
[2025-12-04 00:30:02]   [emp_id: 2690] ✓ Updated: 11.38 → 11.46 (CHANGED)
[2025-12-04 00:30:02]   [emp_id: 2709] ✓ Updated: 33.63 → 33.71 (CHANGED)
[2025-12-04 00:30:02]   [emp_id: 2745] ✓ Updated: 30.21 → 30.29 (CHANGED)
[2025-12-04 00:30:02]   [emp_id: 2843] ✓ Updated: 76.8 → 76.88 (CHANGED)
[2025-12-04 00:30:02]   [emp_id: 2854] ✓ Updated: 56.71 → 56.79 (CHANGED)
[2025-12-04 00:30:02]   [emp_id: 2869] ✓ Updated: 61.63 → 61.71 (CHANGED)
[2025-12-04 00:30:02]   [emp_id: 2876] ✓ Updated: 31.46 → 31.54 (CHANGED)
[2025-12-04 00:30:02]   [emp_id: 2924] ✓ Updated: 12.63 → 12.71 (CHANGED)
[2025-12-04 00:30:02]   [emp_id: 2953] ✓ Updated: 98.38 → 98.46 (CHANGED)
[2025-12-04 00:30:02]   [emp_id: 2961] ✓ Updated: 8.38 → 8.46 (CHANGED)
[2025-12-04 00:30:02]   [emp_id: 2975] ✓ Updated: 10.38 → 10.46 (CHANGED)
[2025-12-04 00:30:02]   [emp_id: 3013] ✓ Updated: 7.38 → 7.46 (CHANGED)
[2025-12-04 00:30:02]   [emp_id: 3014] ✓ Updated: 86.63 → 86.71 (CHANGED)
[2025-12-04 00:30:02]   [emp_id: 3015] ✓ Updated: 37.88 → 37.96 (CHANGED)
[2025-12-04 00:30:02]   [emp_id: 3018] ✓ Updated: 56.63 → 56.71 (CHANGED)
[2025-12-04 00:30:02]   [emp_id: 3025] ✓ Updated: 80.3 → 80.38 (CHANGED)
[2025-12-04 00:30:02]   [emp_id: 3037] ✓ Updated: 80.13 → 80.21 (CHANGED)
[2025-12-04 00:30:02]   [emp_id: 3047] ✓ Updated: 68.38 → 68.46 (CHANGED)
[2025-12-04 00:30:02]   [emp_id: 3061] ✓ Updated: 15.3 → 15.38 (CHANGED)
[2025-12-04 00:30:02]   [emp_id: 3062] ✓ Updated: 48.46 → 48.54 (CHANGED)
[2025-12-04 00:30:02]   [emp_id: 3074] ✓ Updated: 104.88 → 104.96 (CHANGED)
[2025-12-04 00:30:02]   [emp_id: 3089] ✓ Updated: 3.8 → 3.88 (CHANGED)
[2025-12-04 00:30:02]   [emp_id: 3090] ✓ Updated: 30.38 → 30.46 (CHANGED)
[2025-12-04 00:30:02]   [emp_id: 3091] ✓ Updated: 42.38 → 42.46 (CHANGED)
[2025-12-04 00:30:02]   [emp_id: 3092] ✓ Updated: 25.05 → 25.13 (CHANGED)
[2025-12-04 00:30:02]   [emp_id: 3105] ✓ Updated: 45.38 → 45.46 (CHANGED)
[2025-12-04 00:30:02]   [emp_id: 3134] ✓ Updated: 41.13 → 41.21 (CHANGED)
[2025-12-04 00:30:02]   [emp_id: 3140] ✓ Updated: 38.21 → 38.29 (CHANGED)
[2025-12-04 00:30:02]   [emp_id: 3144] ✓ Updated: 11.05 → 11.13 (CHANGED)
[2025-12-04 00:30:02]   [emp_id: 3156] ✓ Updated: 14.38 → 14.46 (CHANGED)
[2025-12-04 00:30:02]   [emp_id: 3162] ✓ Updated: 29.38 → 29.46 (CHANGED)
[2025-12-04 00:30:02]   [emp_id: 3163] ✓ Updated: 2.63 → 2.71 (CHANGED)
[2025-12-04 00:30:02]   [emp_id: 3198] ✓ Updated: 37.63 → 37.71 (CHANGED)
[2025-12-04 00:30:02]   [emp_id: 3205] ✓ Updated: 14.3 → 14.38 (CHANGED)
[2025-12-04 00:30:02]   [emp_id: 3209] ✓ Updated: 38.46 → 38.54 (CHANGED)
[2025-12-04 00:30:02]   [emp_id: 3223] ✓ Updated: 87.38 → 87.46 (CHANGED)
[2025-12-04 00:30:02]   [emp_id: 3224] ✓ Updated: 62.13 → 62.21 (CHANGED)
[2025-12-04 00:30:02]   [emp_id: 3230] ✓ Updated: 85.55 → 85.63 (CHANGED)
[2025-12-04 00:30:02]   [emp_id: 3231] ✓ Updated: 86.8 → 86.88 (CHANGED)
[2025-12-04 00:30:02]   [emp_id: 3233] ✓ Updated: 78.38 → 78.46 (CHANGED)
[2025-12-04 00:30:02]   [emp_id: 3249] ✓ Updated: 34.21 → 34.29 (CHANGED)
[2025-12-04 00:30:02]   [emp_id: 3250] ✓ Updated: 7.21 → 7.29 (CHANGED)
[2025-12-04 00:30:02]   [emp_id: 3252] ✓ Updated: 8.13 → 8.21 (CHANGED)
[2025-12-04 00:30:02]   [emp_id: 3254] ✓ Updated: 18.63 → 18.71 (CHANGED)
[2025-12-04 00:30:02]   [emp_id: 3255] ✓ Updated: 15.05 → 15.13 (CHANGED)
[2025-12-04 00:30:02]   [emp_id: 3256] ✓ Updated: 11.3 → 11.38 (CHANGED)
[2025-12-04 00:30:02]   [emp_id: 3263] ✓ Updated: 27.38 → 27.46 (CHANGED)
[2025-12-04 00:30:02]   [emp_id: 3265] ✓ Updated: 22.96 → 23.04 (CHANGED)
[2025-12-04 00:30:02]   [emp_id: 3280] ✓ Updated: 69.88 → 69.96 (CHANGED)
[2025-12-04 00:30:02]   [emp_id: 3286] ✓ Updated: 13.05 → 13.13 (CHANGED)
[2025-12-04 00:30:02]   [emp_id: 3294] ✓ Updated: 12.71 → 12.79 (CHANGED)
[2025-12-04 00:30:02]   [emp_id: 3321] ✓ Updated: 69.88 → 69.96 (CHANGED)
[2025-12-04 00:30:02]   [emp_id: 3325] ✓ Updated: 57.63 → 57.71 (CHANGED)
[2025-12-04 00:30:02]   [emp_id: 3329] ✓ Updated: 59.96 → 60.04 (CHANGED)
[2025-12-04 00:30:02]   [emp_id: 3330] ✓ Updated: 59.96 → 60.04 (CHANGED)
[2025-12-04 00:30:02]   [emp_id: 3332] ✓ Updated: 59.96 → 60.04 (CHANGED)
[2025-12-04 00:30:02]   [emp_id: 3370] ✓ Updated: 51.63 → 51.71 (CHANGED)
[2025-12-04 00:30:02]   [emp_id: 3384] ✓ Updated: 12.13 → 12.21 (CHANGED)
[2025-12-04 00:30:02]   [emp_id: 3386] ✓ Updated: 42.13 → 42.21 (CHANGED)
[2025-12-04 00:30:02]   [emp_id: 3431] ✓ Updated: 17.55 → 17.63 (CHANGED)
[2025-12-04 00:30:02]   [emp_id: 3497] ✓ Updated: 6.71 → 6.79 (CHANGED)
[2025-12-04 00:30:02]   [emp_id: 3532] ✓ Updated: 43.55 → 43.63 (CHANGED)
[2025-12-04 00:30:02]   [emp_id: 3586] ✓ Updated: 7.63 → 7.71 (CHANGED)
[2025-12-04 00:30:02]   [emp_id: 3602] ✓ Updated: 50.63 → 50.71 (CHANGED)
[2025-12-04 00:30:02]   [emp_id: 3618] ✓ Updated: 55.13 → 55.21 (CHANGED)
[2025-12-04 00:30:02]   [emp_id: 3622] ✓ Updated: 32.95 → 33 (CHANGED)
[2025-12-04 00:30:02]   [emp_id: 3627] ✓ Updated: 7.05 → 7.13 (CHANGED)
[2025-12-04 00:30:02]   [emp_id: 3665] ✓ Updated: 48.63 → 48.71 (CHANGED)
[2025-12-04 00:30:02]   [emp_id: 3705] ✓ Updated: 26.28 → 26.33 (CHANGED)
[2025-12-04 00:30:02]   [emp_id: 3724] ✓ Updated: 41.63 → 41.71 (CHANGED)
[2025-12-04 00:30:02]   [emp_id: 3726] ✓ Updated: 58.05 → 58.13 (CHANGED)
[2025-12-04 00:30:02]   [emp_id: 3727] ✓ Updated: 63.13 → 63.21 (CHANGED)
[2025-12-04 00:30:03]   [emp_id: 3728] ✓ Updated: 7.46 → 7.54 (CHANGED)
[2025-12-04 00:30:03]   [emp_id: 3742] ✓ Updated: 30.63 → 30.71 (CHANGED)
[2025-12-04 00:30:03]   [emp_id: 3767] ✓ Updated: 58.21 → 58.29 (CHANGED)
[2025-12-04 00:30:03]   [emp_id: 3768] ✓ Updated: 54.46 → 54.54 (CHANGED)
[2025-12-04 00:30:03]   [emp_id: 3787] ✓ Updated: 55.05 → 55.13 (CHANGED)
[2025-12-04 00:30:03]   [emp_id: 3790] ✓ Updated: 59.21 → 59.29 (CHANGED)
[2025-12-04 00:30:03]   [emp_id: 3795] ✓ Updated: 12.55 → 12.63 (CHANGED)
[2025-12-04 00:30:03]   [emp_id: 3798] ✓ Updated: 90.96 → 91.04 (CHANGED)
[2025-12-04 00:30:03]   [emp_id: 3801] ✓ Updated: 29.13 → 29.21 (CHANGED)
[2025-12-04 00:30:03]   [emp_id: 3802] ✓ Updated: 28.21 → 28.29 (CHANGED)
[2025-12-04 00:30:03]   [emp_id: 3803] ✓ Updated: 112.63 → 112.71 (CHANGED)
[2025-12-04 00:30:03]   [emp_id: 3810] ✓ Updated: 58.63 → 58.71 (CHANGED)
[2025-12-04 00:30:03]   [emp_id: 3812] ✓ Updated: 87.63 → 87.71 (CHANGED)
[2025-12-04 00:30:03]   [emp_id: 3815] ✓ Updated: 87.63 → 87.71 (CHANGED)
[2025-12-04 00:30:03]   [emp_id: 3836] ✓ Updated: 55.3 → 55.38 (CHANGED)
[2025-12-04 00:30:03]   [emp_id: 3855] ✓ Updated: 48.46 → 48.54 (CHANGED)
[2025-12-04 00:30:03]   [emp_id: 3857] ✓ Updated: 52.13 → 52.21 (CHANGED)
[2025-12-04 00:30:03]   [emp_id: 3862] ✓ Updated: 100.21 → 100.29 (CHANGED)
[2025-12-04 00:30:03]   [emp_id: 3866] ✓ Updated: 25.46 → 25.54 (CHANGED)
[2025-12-04 00:30:03]   [emp_id: 3876] ✓ Updated: 45.63 → 45.71 (CHANGED)
[2025-12-04 00:30:03]   [emp_id: 3877] ✓ Updated: 47.13 → 47.21 (CHANGED)
[2025-12-04 00:30:03]   [emp_id: 3897] ✓ Updated: 35.38 → 35.46 (CHANGED)
[2025-12-04 00:30:03]   [emp_id: 3899] ✓ Updated: 50.55 → 50.63 (CHANGED)
[2025-12-04 00:30:03]   [emp_id: 3928] ✓ Updated: 11.46 → 11.54 (CHANGED)
[2025-12-04 00:30:03]   [emp_id: 3929] ✓ Updated: 6.46 → 6.54 (CHANGED)
[2025-12-04 00:30:03]   [emp_id: 3935] ✓ Updated: 91.46 → 91.54 (CHANGED)
[2025-12-04 00:30:03]   [emp_id: 3952] ✓ Updated: 73.8 → 73.88 (CHANGED)
[2025-12-04 00:30:03]   [emp_id: 3987] ✓ Updated: 11.71 → 11.79 (CHANGED)
[2025-12-04 00:30:03]   [emp_id: 4059] ✓ Updated: 0.91 → 0.99 (CHANGED)
[2025-12-04 00:30:03]   [emp_id: 4119] ✓ Updated: 54.38 → 54.46 (CHANGED)
[2025-12-04 00:30:03]   [emp_id: 4120] ✓ Updated: 23.96 → 24.04 (CHANGED)
[2025-12-04 00:30:03]   [emp_id: 4124] ✓ Updated: 54.38 → 54.46 (CHANGED)
[2025-12-04 00:30:03]   [emp_id: 4133] ✓ Updated: 102.96 → 103.04 (CHANGED)
[2025-12-04 00:30:03]   [emp_id: 4134] ✓ Updated: 23.96 → 24.04 (CHANGED)
[2025-12-04 00:30:03]   [emp_id: 4136] ✓ Updated: 23.96 → 24.04 (CHANGED)
[2025-12-04 00:30:03]   [emp_id: 4150] ✓ Updated: 22.63 → 22.71 (CHANGED)
[2025-12-04 00:30:03]   [emp_id: 4157] ✓ Updated: 16.13 → 16.21 (CHANGED)
[2025-12-04 00:30:03]   [emp_id: 4172] ✓ Updated: 10.86 → 10.91 (CHANGED)
[2025-12-04 00:30:03]   [emp_id: 4195] ✓ Updated: 59.71 → 59.79 (CHANGED)
[2025-12-04 00:30:03]   [emp_id: 4215] ✓ Updated: 42.38 → 42.46 (CHANGED)
[2025-12-04 00:30:03]   [emp_id: 4220] ✓ Updated: 37.96 → 38.04 (CHANGED)
[2025-12-04 00:30:03]   [emp_id: 4273] ✓ Updated: 6.63 → 6.71 (CHANGED)
[2025-12-04 00:30:03]   [emp_id: 4283] ✓ Updated: 11.95 → 12 (CHANGED)
[2025-12-04 00:30:03]   [emp_id: 4288] ✓ Updated: 41.46 → 41.54 (CHANGED)
[2025-12-04 00:30:03]   [emp_id: 4315] ✓ Updated: 12.88 → 12.96 (CHANGED)
[2025-12-04 00:30:03]   [emp_id: 4328] ✓ Updated: 40.78 → 40.83 (CHANGED)
[2025-12-04 00:30:03]   [emp_id: 4329] ✓ Updated: 3.05 → 3.13 (CHANGED)
[2025-12-04 00:30:03]   [emp_id: 4338] ✓ Updated: 44.63 → 44.71 (CHANGED)
[2025-12-04 00:30:03]   [emp_id: 4340] ✓ Updated: 123.63 → 123.71 (CHANGED)
[2025-12-04 00:30:03]   [emp_id: 4365] ✓ Updated: 58.05 → 58.13 (CHANGED)
[2025-12-04 00:30:03]   [emp_id: 4366] ✓ Updated: 57.13 → 57.21 (CHANGED)
[2025-12-04 00:30:03]   [emp_id: 4385] ✓ Updated: 47.8 → 47.88 (CHANGED)
[2025-12-04 00:30:03]   [emp_id: 4403] ✓ Updated: 82.96 → 83.04 (CHANGED)
[2025-12-04 00:30:03]   [emp_id: 4438] ✓ Updated: 18.63 → 18.71 (CHANGED)
[2025-12-04 00:30:03]   [emp_id: 4465] ✓ Updated: 11.11 → 11.16 (CHANGED)
[2025-12-04 00:30:03]   [emp_id: 4473] ✓ Updated: 42.21 → 42.29 (CHANGED)
[2025-12-04 00:30:03]   [emp_id: 4474] ✓ Updated: 57.86 → 57.91 (CHANGED)
[2025-12-04 00:30:03]   [emp_id: 4493] ✓ Updated: 161.05 → 161.13 (CHANGED)
[2025-12-04 00:30:03]   [emp_id: 4526] ✓ Updated: 33.3 → 33.38 (CHANGED)
[2025-12-04 00:30:03]   [emp_id: 4528] ✓ Updated: 105.05 → 105.13 (CHANGED)
[2025-12-04 00:30:03]   [emp_id: 4528] ✓ Updated: 105.05 → 105.13 (CHANGED)
[2025-12-04 00:30:03]   [emp_id: 4532] ✓ Updated: 68.61 → 68.66 (CHANGED)
[2025-12-04 00:30:03]   [emp_id: 4533] ✓ Updated: 33.46 → 33.54 (CHANGED)
[2025-12-04 00:30:03]   [emp_id: 4564] ✓ Updated: 23.86 → 23.91 (CHANGED)
[2025-12-04 00:30:03]   [emp_id: 4565] ✓ Updated: 13.61 → 13.66 (CHANGED)
[2025-12-04 00:30:03]   [emp_id: 4567] ✓ Updated: 17.86 → 17.91 (CHANGED)
[2025-12-04 00:30:03]   [emp_id: 4572] ✓ Updated: 57.36 → 57.41 (CHANGED)
[2025-12-04 00:30:03]   [emp_id: 4631] ✓ Updated: 13.61 → 13.66 (CHANGED)
[2025-12-04 00:30:03]   [emp_id: 4655] ✓ Updated: 22.38 → 22.46 (CHANGED)
[2025-12-04 00:30:03]   [emp_id: 4689] ✓ Updated: 20.05 → 20.13 (CHANGED)
[2025-12-04 00:30:03]   [emp_id: 4709] ✓ Updated: 37.63 → 37.71 (CHANGED)
[2025-12-04 00:30:03]   [emp_id: 4717] ✓ Updated: 63.63 → 63.71 (CHANGED)
[2025-12-04 00:30:03]   [emp_id: 4736] ✓ Updated: 25.46 → 25.54 (CHANGED)
[2025-12-04 00:30:03]   [emp_id: 4756] ✓ Updated: 59.5 → 59.55 (CHANGED)
[2025-12-04 00:30:03]   [emp_id: 4768] ✓ Updated: 10.13 → 10.21 (CHANGED)
[2025-12-04 00:30:03]   [emp_id: 4780] ✓ Updated: 63.78 → 63.83 (CHANGED)
[2025-12-04 00:30:03]   [emp_id: 4820] ✓ Updated: 96.46 → 96.54 (CHANGED)
[2025-12-04 00:30:03]   [emp_id: 4825] ✓ Updated: 28.21 → 28.29 (CHANGED)
[2025-12-04 00:30:03]   [emp_id: 4835] ✓ Updated: 46.53 → 46.58 (CHANGED)
[2025-12-04 00:30:03]   [emp_id: 4837] ✓ Updated: 43.77 → 43.82 (CHANGED)
[2025-12-04 00:30:03]   [emp_id: 4838] ✓ Updated: 42.79 → 42.84 (CHANGED)
[2025-12-04 00:30:03]   [emp_id: 4840] ✓ Updated: 43.77 → 43.82 (CHANGED)
[2025-12-04 00:30:03]   [emp_id: 4842] ✓ Updated: 43.01 → 43.06 (CHANGED)
[2025-12-04 00:30:03]   [emp_id: 4843] ✓ Updated: 43.54 → 43.59 (CHANGED)
[2025-12-04 00:30:03]   [emp_id: 4853] ✓ Updated: 87.36 → 87.41 (CHANGED)
[2025-12-04 00:30:03]   [emp_id: 4856] ✓ Updated: 40.68 → 40.73 (CHANGED)
[2025-12-04 00:30:03]   [emp_id: 4857] ✓ Updated: 23.5 → 23.55 (CHANGED)
[2025-12-04 00:30:03]   [emp_id: 4858] ✓ Updated: 20.38 → 20.43 (CHANGED)
[2025-12-04 00:30:03]   [emp_id: 4859] ✓ Updated: 41.85 → 41.9 (CHANGED)
[2025-12-04 00:30:03]   [emp_id: 4860] ✓ Updated: 6.35 → 6.4 (CHANGED)
[2025-12-04 00:30:03]   [emp_id: 4861] ✓ Updated: 39.81 → 39.86 (CHANGED)
[2025-12-04 00:30:03]   [emp_id: 4869] ✓ Updated: 82.69 → 82.74 (CHANGED)
[2025-12-04 00:30:03]   [emp_id: 4894] ✓ Updated: 5.13 → 5.21 (CHANGED)
[2025-12-04 00:30:03]   [emp_id: 4897] ✓ Updated: 21.59 → 21.64 (CHANGED)
[2025-12-04 00:30:03]   [emp_id: 4899] ✓ Updated: 17.76 → 17.81 (CHANGED)
[2025-12-04 00:30:03]   [emp_id: 4902] ✓ Updated: 17.18 → 17.23 (CHANGED)
[2025-12-04 00:30:03]   [emp_id: 4903] ✓ Updated: 19.4 → 19.45 (CHANGED)
[2025-12-04 00:30:03]   [emp_id: 4905] ✓ Updated: 18.06 → 18.11 (CHANGED)
[2025-12-04 00:30:03]   [emp_id: 4907] ✓ Updated: 45.21 → 45.29 (CHANGED)
[2025-12-04 00:30:03]   [emp_id: 4917] ✓ Updated: 15.02 → 15.07 (CHANGED)
[2025-12-04 00:30:03]   [emp_id: 4918] ✓ Updated: 4.79 → 4.84 (CHANGED)
[2025-12-04 00:30:03]   [emp_id: 4919] ✓ Updated: 57.08 → 57.13 (CHANGED)
[2025-12-04 00:30:03]   [emp_id: 4920] ✓ Updated: 56.91 → 56.96 (CHANGED)
[2025-12-04 00:30:03]   [emp_id: 4921] ✓ Updated: 16.25 → 16.3 (CHANGED)
[2025-12-04 00:30:03]   [emp_id: 4927] ✓ Updated: 15.08 → 15.13 (CHANGED)
[2025-12-04 00:30:03]   [emp_id: 4929] ✓ Updated: 16.6 → 16.65 (CHANGED)
[2025-12-04 00:30:03]   [emp_id: 4930] ✓ Updated: 57.37 → 57.42 (CHANGED)
[2025-12-04 00:30:03]   [emp_id: 4932] ✓ Updated: 15.37 → 15.42 (CHANGED)
[2025-12-04 00:30:03]   [emp_id: 4933] ✓ Updated: 18.78 → 18.83 (CHANGED)
[2025-12-04 00:30:03]   [emp_id: 4949] ✓ Updated: 34.21 → 34.26 (CHANGED)
[2025-12-04 00:30:03]   [emp_id: 4956] ✓ Updated: 27.8 → 27.85 (CHANGED)
[2025-12-04 00:30:03]   [emp_id: 4957] ✓ Updated: 28.47 → 28.52 (CHANGED)
[2025-12-04 00:30:03]   [emp_id: 4962] ✓ Updated: 51.46 → 51.54 (CHANGED)
[2025-12-04 00:30:03]   [emp_id: 4969] ✓ Updated: 43.88 → 43.96 (CHANGED)
[2025-12-04 00:30:03]   [emp_id: 4976] ✓ Updated: 8.49 → 8.54 (CHANGED)
[2025-12-04 00:30:03]   [emp_id: 4984] ✓ Updated: 35.13 → 35.21 (CHANGED)
[2025-12-04 00:30:03]   [emp_id: 4995] ✓ Updated: 47.2 → 47.28 (CHANGED)
[2025-12-04 00:30:03]   [emp_id: 5004] ✓ Updated: 44.17 → 44.22 (CHANGED)
[2025-12-04 00:30:03]   [emp_id: 5006] ✓ Updated: 25.17 → 25.22 (CHANGED)
[2025-12-04 00:30:03]   [emp_id: 5011] ✓ Updated: 10.8 → 10.88 (CHANGED)
[2025-12-04 00:30:03]   [emp_id: 5013] ✓ Updated: 65.54 → 65.59 (CHANGED)
[2025-12-04 00:30:03]   [emp_id: 5018] ✓ Updated: 19.78 → 19.83 (CHANGED)
[2025-12-04 00:30:03]   [emp_id: 5021] ✓ Updated: 62.31 → 62.39 (CHANGED)
[2025-12-04 00:30:03]   [emp_id: 5021] ✓ Updated: 62.31 → 62.39 (CHANGED)
[2025-12-04 00:30:03]   [emp_id: 5024] ✓ Updated: 0.05 → 0.1 (CHANGED)
[2025-12-04 00:30:03]   [emp_id: 5029] ✓ Updated: 22.03 → 22.08 (CHANGED)
[2025-12-04 00:30:03]   [emp_id: 5030] ✓ Updated: 37.03 → 37.08 (CHANGED)
[2025-12-04 00:30:03]   [emp_id: 5033] ✓ Updated: 20.8 → 20.85 (CHANGED)
[2025-12-04 00:30:03]   [emp_id: 5043] ✓ Updated: 27.8 → 27.88 (CHANGED)
[2025-12-04 00:30:03]   [emp_id: 5045] ✓ Updated: 24.3 → 24.38 (CHANGED)
[2025-12-04 00:30:03]   [emp_id: 5046] ✓ Updated: 19.49 → 19.57 (CHANGED)
[2025-12-04 00:30:03]   [emp_id: 5049] ✓ Updated: 37.48 → 37.53 (CHANGED)
[2025-12-04 00:30:03]   [emp_id: 5052] ✓ Updated: 28.76 → 28.81 (CHANGED)
[2025-12-04 00:30:03]   [emp_id: 5055] ✓ Updated: 35.95 → 36 (CHANGED)
[2025-12-04 00:30:03]   [emp_id: 5058] ✓ Updated: 26.18 → 26.23 (CHANGED)
[2025-12-04 00:30:03]   [emp_id: 5062] ✓ Updated: 38.01 → 38.06 (CHANGED)
[2025-12-04 00:30:03]   [emp_id: 5064] ✓ Updated: 115.13 → 115.21 (CHANGED)
[2025-12-04 00:30:03]   [emp_id: 5065] ✓ Updated: 37.42 → 37.47 (CHANGED)
[2025-12-04 00:30:03]   [emp_id: 5071] ✓ Updated: 20.63 → 20.71 (CHANGED)
[2025-12-04 00:30:03]   [emp_id: 5073] ✓ Updated: 12.02 → 12.07 (CHANGED)
[2025-12-04 00:30:03]   [emp_id: 5079] ✓ Updated: 32.58 → 32.63 (CHANGED)
[2025-12-04 00:30:03]   [emp_id: 5080] ✓ Updated: 29.91 → 29.96 (CHANGED)
[2025-12-04 00:30:03]   [emp_id: 5081] ✓ Updated: 34.91 → 34.96 (CHANGED)
[2025-12-04 00:30:03]   [emp_id: 5087] ✓ Updated: 34.21 → 34.26 (CHANGED)
[2025-12-04 00:30:03]   [emp_id: 5091] ✓ Updated: 74.06 → 74.11 (CHANGED)
[2025-12-04 00:30:03]   [emp_id: 5093] ✓ Updated: 11.8 → 11.88 (CHANGED)
[2025-12-04 00:30:03]   [emp_id: 5095] ✓ Updated: 31.53 → 31.58 (CHANGED)
[2025-12-04 00:30:03]   [emp_id: 5101] ✓ Updated: 13.88 → 13.96 (CHANGED)
[2025-12-04 00:30:03]   [emp_id: 5107] ✓ Updated: 12.21 → 12.29 (CHANGED)
[2025-12-04 00:30:03]   [emp_id: 5109] ✓ Updated: 9.46 → 9.54 (CHANGED)
[2025-12-04 00:30:03]   [emp_id: 5119] ✓ Updated: 7.63 → 7.71 (CHANGED)
[2025-12-04 00:30:03]   [emp_id: 5122] ✓ Updated: 4.8 → 4.88 (CHANGED)
[2025-12-04 00:30:03]   [emp_id: 5126] ✓ Updated: 24.94 → 24.99 (CHANGED)
[2025-12-04 00:30:03]   [emp_id: 5127] ✓ Updated: 21.73 → 21.78 (CHANGED)
[2025-12-04 00:30:03]   [emp_id: 5128] ✓ Updated: 24.88 → 24.93 (CHANGED)
[2025-12-04 00:30:03]   [emp_id: 5138] ✓ Updated: 63.46 → 63.54 (CHANGED)
[2025-12-04 00:30:03]   [emp_id: 5138] ✓ Updated: 63.46 → 63.54 (CHANGED)
[2025-12-04 00:30:03]   [emp_id: 5141] ✓ Updated: 33.25 → 33.3 (CHANGED)
[2025-12-04 00:30:03]   [emp_id: 5142] ✓ Updated: 12.25 → 12.3 (CHANGED)
[2025-12-04 00:30:03]   [emp_id: 5146] ✓ Updated: 19.25 → 19.3 (CHANGED)
[2025-12-04 00:30:03]   [emp_id: 5147] ✓ Updated: 18.25 → 18.3 (CHANGED)
[2025-12-04 00:30:03]   [emp_id: 5148] ✓ Updated: 23.6 → 23.65 (CHANGED)
[2025-12-04 00:30:03]   [emp_id: 5149] ✓ Updated: 22.49 → 22.54 (CHANGED)
[2025-12-04 00:30:03]   [emp_id: 5150] ✓ Updated: 21.85 → 21.9 (CHANGED)
[2025-12-04 00:30:03]   [emp_id: 5151] ✓ Updated: 21.67 → 21.72 (CHANGED)
[2025-12-04 00:30:03]   [emp_id: 5152] ✓ Updated: 2.09 → 2.14 (CHANGED)
[2025-12-04 00:30:03]   [emp_id: 5157] ✓ Updated: 21.67 → 21.72 (CHANGED)
[2025-12-04 00:30:03]   [emp_id: 5160] ✓ Updated: 21.67 → 21.72 (CHANGED)
[2025-12-04 00:30:03]   [emp_id: 5163] ✓ Updated: 19.46 → 19.51 (CHANGED)
[2025-12-04 00:30:03]   [emp_id: 5165] ✓ Updated: 27.8 → 27.88 (CHANGED)
[2025-12-04 00:30:03]   [emp_id: 5167] ✓ Updated: 28.61 → 28.66 (CHANGED)
[2025-12-04 00:30:03]   [emp_id: 5168] ✓ Updated: 21.15 → 21.2 (CHANGED)
[2025-12-04 00:30:03]   [emp_id: 5173] ✓ Updated: 22.55 → 22.63 (CHANGED)
[2025-12-04 00:30:04]   [emp_id: 5174] ✓ Updated: 21.61 → 21.66 (CHANGED)
[2025-12-04 00:30:04]   [emp_id: 5181] ✓ Updated: 18 → 18.05 (CHANGED)
[2025-12-04 00:30:04]   [emp_id: 5186] ✓ Updated: 23.53 → 23.58 (CHANGED)
[2025-12-04 00:30:04]   [emp_id: 5187] ✓ Updated: 34.53 → 34.58 (CHANGED)
[2025-12-04 00:30:04]   [emp_id: 5204] ✓ Updated: 20.05 → 20.13 (CHANGED)
[2025-12-04 00:30:04]   [emp_id: 5205] ✓ Updated: 10.74 → 10.79 (CHANGED)
[2025-12-04 00:30:04]   [emp_id: 5209] ✓ Updated: 13.74 → 13.79 (CHANGED)
[2025-12-04 00:30:04]   [emp_id: 5211] ✓ Updated: 5.74 → 5.79 (CHANGED)
[2025-12-04 00:30:04]   [emp_id: 5213] ✓ Updated: 0.15 → 0.2 (CHANGED)
[2025-12-04 00:30:04]   [emp_id: 5214] ✓ Updated: 13.74 → 13.79 (CHANGED)
[2025-12-04 00:30:04]   [emp_id: 5215] ✓ Updated: 8.74 → 8.79 (CHANGED)
[2025-12-04 00:30:04]   [emp_id: 5217] ✓ Updated: 7.74 → 7.79 (CHANGED)
[2025-12-04 00:30:04]   [emp_id: 5218] ✓ Updated: 13.74 → 13.79 (CHANGED)
[2025-12-04 00:30:04]   [emp_id: 5219] ✓ Updated: 11.74 → 11.79 (CHANGED)
[2025-12-04 00:30:04]   [emp_id: 5221] ✓ Updated: 3.11 → 3.16 (CHANGED)
[2025-12-04 00:30:04]   [emp_id: 5224] ✓ Updated: 12.74 → 12.79 (CHANGED)
[2025-12-04 00:30:04]   [emp_id: 5225] ✓ Updated: 7.41 → 7.46 (CHANGED)
[2025-12-04 00:30:04]   [emp_id: 5228] ✓ Updated: 7.74 → 7.79 (CHANGED)
[2025-12-04 00:30:04]   [emp_id: 5229] ✓ Updated: 3.74 → 3.79 (CHANGED)
[2025-12-04 00:30:04]   [emp_id: 5230] ✓ Updated: 13.74 → 13.79 (CHANGED)
[2025-12-04 00:30:04]   [emp_id: 5231] ✓ Updated: 4.74 → 4.79 (CHANGED)
[2025-12-04 00:30:04]   [emp_id: 5232] ✓ Updated: 9.74 → 9.79 (CHANGED)
[2025-12-04 00:30:04]   [emp_id: 5233] ✓ Updated: 2.74 → 2.79 (CHANGED)
[2025-12-04 00:30:04]   [emp_id: 5234] ✓ Updated: 2.74 → 2.79 (CHANGED)
[2025-12-04 00:30:04]   [emp_id: 5235] ✓ Updated: 13.74 → 13.79 (CHANGED)
[2025-12-04 00:30:04]   [emp_id: 5237] ✓ Updated: 13.74 → 13.79 (CHANGED)
[2025-12-04 00:30:04]   [emp_id: 5238] ✓ Updated: 6.36 → 6.41 (CHANGED)
[2025-12-04 00:30:04]   [emp_id: 5239] ✓ Updated: 5.74 → 5.79 (CHANGED)
[2025-12-04 00:30:04]   [emp_id: 5241] ✓ Updated: 3.74 → 3.79 (CHANGED)
[2025-12-04 00:30:04]   [emp_id: 5242] ✓ Updated: 13.74 → 13.79 (CHANGED)
[2025-12-04 00:30:04]   [emp_id: 5243] ✓ Updated: 0.15 → 0.2 (CHANGED)
[2025-12-04 00:30:04]   [emp_id: 5244] ✓ Updated: 3.01 → 3.06 (CHANGED)
[2025-12-04 00:30:04]   [emp_id: 5246] ✓ Updated: 9.74 → 9.79 (CHANGED)
[2025-12-04 00:30:04]   [emp_id: 5253] ✓ Updated: 28.36 → 28.41 (CHANGED)
[2025-12-04 00:30:04]   [emp_id: 5254] ✓ Updated: 10.59 → 10.64 (CHANGED)
[2025-12-04 00:30:04]   [emp_id: 5257] ✓ Updated: 10.3 → 10.35 (CHANGED)
[2025-12-04 00:30:04]   [emp_id: 5259] ✓ Updated: 46.83 → 46.88 (CHANGED)
[2025-12-04 00:30:04]   [emp_id: 5261] ✓ Updated: 47.55 → 47.63 (CHANGED)
[2025-12-04 00:30:04]   [emp_id: 5264] ✓ Updated: 24.31 → 24.36 (CHANGED)
[2025-12-04 00:30:04]   [emp_id: 5266] ✓ Updated: 24.26 → 24.31 (CHANGED)
[2025-12-04 00:30:04]   [emp_id: 5268] ✓ Updated: 7.5 → 7.55 (CHANGED)
[2025-12-04 00:30:04]   [emp_id: 5271] ✓ Updated: 6.16 → 6.21 (CHANGED)
[2025-12-04 00:30:04]   [emp_id: 5272] ✓ Updated: 7.03 → 7.08 (CHANGED)
[2025-12-04 00:30:04]   [emp_id: 5273] ✓ Updated: 28.85 → 28.9 (CHANGED)
[2025-12-04 00:30:04]   [emp_id: 5275] ✓ Updated: 7.85 → 7.9 (CHANGED)
[2025-12-04 00:30:04]   [emp_id: 5276] ✓ Updated: 22.12 → 22.17 (CHANGED)
[2025-12-04 00:30:04]   [emp_id: 5278] ✓ Updated: 6.51 → 6.56 (CHANGED)
[2025-12-04 00:30:04]   [emp_id: 5280] ✓ Updated: 16.91 → 16.96 (CHANGED)
[2025-12-04 00:30:04]   [emp_id: 5282] ✓ Updated: 9.13 → 9.21 (CHANGED)
[2025-12-04 00:30:04]   [emp_id: 5285] ✓ Updated: 26.91 → 26.96 (CHANGED)
[2025-12-04 00:30:04]   [emp_id: 5286] ✓ Updated: 13.91 → 13.96 (CHANGED)
[2025-12-04 00:30:04]   [emp_id: 5287] ✓ Updated: 48.21 → 48.26 (CHANGED)
[2025-12-04 00:30:04]   [emp_id: 5288] ✓ Updated: 37.22 → 37.27 (CHANGED)
[2025-12-04 00:30:04]   [emp_id: 5289] ✓ Updated: 46.76 → 46.81 (CHANGED)
[2025-12-04 00:30:04]   [emp_id: 5290] ✓ Updated: 45.53 → 45.58 (CHANGED)
[2025-12-04 00:30:04]   [emp_id: 5291] ✓ Updated: 3.53 → 3.58 (CHANGED)
[2025-12-04 00:30:04]   [emp_id: 5292] ✓ Updated: 3.47 → 3.52 (CHANGED)
[2025-12-04 00:30:04]   [emp_id: 5293] ✓ Updated: 35.3 → 35.38 (CHANGED)
[2025-12-04 00:30:04]   [emp_id: 5294] ✓ Updated: 5.05 → 5.13 (CHANGED)
[2025-12-04 00:30:04]   [emp_id: 5295] ✓ Updated: 19.71 → 19.76 (CHANGED)
[2025-12-04 00:30:04]   [emp_id: 5296] ✓ Updated: 37.96 → 38.04 (CHANGED)
[2025-12-04 00:30:04]   [emp_id: 5297] ✓ Updated: 44.13 → 44.18 (CHANGED)
[2025-12-04 00:30:04]   [emp_id: 5298] ✓ Updated: 44.13 → 44.18 (CHANGED)
[2025-12-04 00:30:04]   [emp_id: 5299] ✓ Updated: 44.13 → 44.18 (CHANGED)
[2025-12-04 00:30:04]   [emp_id: 5300] ✓ Updated: 44.13 → 44.18 (CHANGED)
[2025-12-04 00:30:04]   [emp_id: 5301] ✓ Updated: 44.13 → 44.18 (CHANGED)
[2025-12-04 00:30:04]   [emp_id: 5303] ✓ Updated: 44.13 → 44.18 (CHANGED)
[2025-12-04 00:30:04]   [emp_id: 5304] ✓ Updated: 44.13 → 44.18 (CHANGED)
[2025-12-04 00:30:04]   [emp_id: 5305] ✓ Updated: 2.13 → 2.18 (CHANGED)
[2025-12-04 00:30:04]   [emp_id: 5306] ✓ Updated: 43.84 → 43.89 (CHANGED)
[2025-12-04 00:30:04]   [emp_id: 5307] ✓ Updated: 43.84 → 43.89 (CHANGED)
[2025-12-04 00:30:04]   [emp_id: 5312] ✓ Updated: 41.51 → 41.56 (CHANGED)
[2025-12-04 00:30:04]   [emp_id: 5318] ✓ Updated: 24.55 → 24.6 (CHANGED)
[2025-12-04 00:30:04]   [emp_id: 5325] ✓ Updated: 20.51 → 20.56 (CHANGED)
[2025-12-04 00:30:04]   [emp_id: 5326] ✓ Updated: 41.33 → 41.38 (CHANGED)
[2025-12-04 00:30:04]   [emp_id: 5327] ✓ Updated: 40.51 → 40.56 (CHANGED)
[2025-12-04 00:30:04]   [emp_id: 5328] ✓ Updated: 40.51 → 40.56 (CHANGED)
[2025-12-04 00:30:04]   [emp_id: 5329] ✓ Updated: 40.51 → 40.56 (CHANGED)
[2025-12-04 00:30:04]   [emp_id: 5331] ✓ Updated: 19.92 → 19.97 (CHANGED)
[2025-12-04 00:30:04]   [emp_id: 5337] ✓ Updated: 32.96 → 33.04 (CHANGED)
[2025-12-04 00:30:04]   [emp_id: 5339] ✓ Updated: 8.7 → 8.75 (CHANGED)
[2025-12-04 00:30:04]   [emp_id: 5343] ✓ Updated: 42.88 → 42.96 (CHANGED)
[2025-12-04 00:30:04]   [emp_id: 5343] ✓ Updated: 42.88 → 42.96 (CHANGED)
[2025-12-04 00:30:04]   [emp_id: 5345] ✓ Updated: 12.71 → 12.79 (CHANGED)
[2025-12-04 00:30:04]   [emp_id: 5346] ✓ Updated: 37.42 → 37.47 (CHANGED)
[2025-12-04 00:30:04]   [emp_id: 5351] ✓ Updated: 16.36 → 16.41 (CHANGED)
[2025-12-04 00:30:04]   [emp_id: 5352] ✓ Updated: 23.13 → 23.21 (CHANGED)
[2025-12-04 00:30:04]   [emp_id: 5370] ✓ Updated: 14.01 → 14.06 (CHANGED)
[2025-12-04 00:30:04]   [emp_id: 5371] ✓ Updated: 6.71 → 6.79 (CHANGED)
[2025-12-04 00:30:04]   [emp_id: 5376] ✓ Updated: 8.61 → 8.66 (CHANGED)
[2025-12-04 00:30:04]   [emp_id: 5378] ✓ Updated: 20.88 → 20.96 (CHANGED)
[2025-12-04 00:30:04]   [emp_id: 5380] ✓ Updated: 15.02 → 15.07 (CHANGED)
[2025-12-04 00:30:04]   [emp_id: 5381] ✓ Updated: 15.3 → 15.38 (CHANGED)
[2025-12-04 00:30:04]   [emp_id: 5383] ✓ Updated: 13.71 → 13.79 (CHANGED)
[2025-12-04 00:30:04]   [emp_id: 5388] ✓ Updated: 25.8 → 25.85 (CHANGED)
[2025-12-04 00:30:04]   [emp_id: 5392] ✓ Updated: 11.63 → 11.71 (CHANGED)
[2025-12-04 00:30:04]   [emp_id: 5396] ✓ Updated: 27.04 → 27.09 (CHANGED)
[2025-12-04 00:30:04]   [emp_id: 5397] ✓ Updated: 23.25 → 23.3 (CHANGED)
[2025-12-04 00:30:04]   [emp_id: 5401] ✓ Updated: 21.61 → 21.66 (CHANGED)
[2025-12-04 00:30:04]   [emp_id: 5402] ✓ Updated: 21.73 → 21.78 (CHANGED)
[2025-12-04 00:30:04]   [emp_id: 5406] ✓ Updated: 20.45 → 20.5 (CHANGED)
[2025-12-04 00:30:04]   [emp_id: 5407] ✓ Updated: 22.38 → 22.46 (CHANGED)
[2025-12-04 00:30:04]   [emp_id: 5408] ✓ Updated: 20.13 → 20.21 (CHANGED)
[2025-12-04 00:30:04]   [emp_id: 5409] ✓ Updated: 14.79 → 14.84 (CHANGED)
[2025-12-04 00:30:04]   [emp_id: 5413] ✓ Updated: 25.88 → 25.96 (CHANGED)
[2025-12-04 00:30:04]   [emp_id: 5414] ✓ Updated: 25.55 → 25.63 (CHANGED)
[2025-12-04 00:30:04]   [emp_id: 5415] ✓ Updated: 16.38 → 16.46 (CHANGED)
[2025-12-04 00:30:04]   [emp_id: 5418] ✓ Updated: 16.6 → 16.65 (CHANGED)
[2025-12-04 00:30:04]   [emp_id: 5422] ✓ Updated: 18.21 → 18.29 (CHANGED)
[2025-12-04 00:30:04]   [emp_id: 5423] ✓ Updated: 14.8 → 14.88 (CHANGED)
[2025-12-04 00:30:04]   [emp_id: 5423] ✓ Updated: 14.8 → 14.88 (CHANGED)
[2025-12-04 00:30:04]   [emp_id: 5423] ✓ Updated: 14.8 → 14.88 (CHANGED)
[2025-12-04 00:30:04]   [emp_id: 5424] ✓ Updated: 12.4 → 12.45 (CHANGED)
[2025-12-04 00:30:04]   [emp_id: 5425] ✓ Updated: 12.4 → 12.45 (CHANGED)
[2025-12-04 00:30:04]   [emp_id: 5426] ✓ Updated: 3.97 → 4.05 (CHANGED)
[2025-12-04 00:30:04]   [emp_id: 5426] ✓ Updated: 3.97 → 4.05 (CHANGED)
[2025-12-04 00:30:04]   [emp_id: 5427] ✓ Updated: 12.51 → 12.56 (CHANGED)
[2025-12-04 00:30:04]   [emp_id: 5428] ✓ Updated: 12.4 → 12.45 (CHANGED)
[2025-12-04 00:30:04]   [emp_id: 5430] ✓ Updated: 15.21 → 15.29 (CHANGED)
[2025-12-04 00:30:04]   [emp_id: 5431] ✓ Updated: 11.52 → 11.57 (CHANGED)
[2025-12-04 00:30:04]   [emp_id: 5434] ✓ Updated: 11.29 → 11.34 (CHANGED)
[2025-12-04 00:30:04]   [emp_id: 5435] ✓ Updated: 11.23 → 11.28 (CHANGED)
[2025-12-04 00:30:04]   [emp_id: 5436] ✓ Updated: 11.23 → 11.28 (CHANGED)
[2025-12-04 00:30:04]   [emp_id: 5438] ✓ Updated: 13.13 → 13.21 (CHANGED)
[2025-12-04 00:30:04]   [emp_id: 5439] ✓ Updated: 22.63 → 22.71 (CHANGED)
[2025-12-04 00:30:04]   [emp_id: 5442] ✓ Updated: 11.63 → 11.71 (CHANGED)
[2025-12-04 00:30:04]   [emp_id: 5443] ✓ Updated: 6.91 → 6.96 (CHANGED)
[2025-12-04 00:30:04]   [emp_id: 5445] ✓ Updated: 5.69 → 5.74 (CHANGED)
[2025-12-04 00:30:04]   [emp_id: 5446] ✓ Updated: 5.69 → 5.74 (CHANGED)
[2025-12-04 00:30:04]   [emp_id: 5447] ✓ Updated: 5.63 → 5.68 (CHANGED)
[2025-12-04 00:30:04]   [emp_id: 5448] ✓ Updated: 3.16 → 3.24 (CHANGED)
[2025-12-04 00:30:04]   [emp_id: 5449] ✓ Updated: 3.71 → 3.76 (CHANGED)
[2025-12-04 00:30:04]   [emp_id: 5450] ✓ Updated: 3.65 → 3.7 (CHANGED)
[2025-12-04 00:30:04]   [emp_id: 5451] ✓ Updated: 3.65 → 3.7 (CHANGED)
[2025-12-04 00:30:04]   [emp_id: 5454] ✓ Updated: 4.71 → 4.79 (CHANGED)
[2025-12-04 00:30:04]   [emp_id: 5455] ✓ Updated: 2.96 → 3.04 (CHANGED)
[2025-12-04 00:30:04]   [emp_id: 5456] ✓ Updated: 3.96 → 4.04 (CHANGED)
[2025-12-04 00:30:04] 
[2025-12-04 00:30:04] ========== SUMMARY ==========
[2025-12-04 00:30:04] Total employees processed: 445
[2025-12-04 00:30:04] Records updated: 445
[2025-12-04 00:30:04] Balances changed: 445
[2025-12-04 00:30:04] Errors: 0
[2025-12-04 00:30:04] ========== CRON: Vacation Balance Update Completed ==========
[2025-12-04 00:30:04] 
[2025-12-04 08:41:22] ========== CRON: Vacation Balance Update Started ==========
[2025-12-04 08:41:22] Database connection established
[2025-12-04 08:41:22] Found 445 active employees with balance records to update
[2025-12-04 08:41:22] (Only employees with status=1 will be processed)
[2025-12-04 08:41:22]   [emp_id: 1061] SKIPPED: Already updated today (2025-12-04 03:00:02)
[2025-12-04 08:41:22]   [emp_id: 1496] SKIPPED: Already updated today (2025-12-04 03:00:02)
[2025-12-04 08:41:22]   [emp_id: 1500] SKIPPED: Already updated today (2025-12-04 03:00:02)
[2025-12-04 08:41:22]   [emp_id: 1574] SKIPPED: Already updated today (2025-12-04 03:00:02)
[2025-12-04 08:41:22]   [emp_id: 1673] SKIPPED: Already updated today (2025-12-04 03:00:02)
[2025-12-04 08:41:22]   [emp_id: 1685] SKIPPED: Already updated today (2025-12-04 03:00:02)
[2025-12-04 08:41:22]   [emp_id: 1764] SKIPPED: Already updated today (2025-12-04 03:00:02)
[2025-12-04 08:41:22]   [emp_id: 1805] SKIPPED: Already updated today (2025-12-04 03:00:02)
[2025-12-04 08:41:22]   [emp_id: 1822] SKIPPED: Already updated today (2025-12-04 03:00:02)
[2025-12-04 08:41:22]   [emp_id: 1837] SKIPPED: Already updated today (2025-12-04 03:00:02)
[2025-12-04 08:41:22]   [emp_id: 1857] SKIPPED: Already updated today (2025-12-04 03:00:02)
[2025-12-04 08:41:22]   [emp_id: 1861] SKIPPED: Already updated today (2025-12-04 03:00:02)
[2025-12-04 08:41:22]   [emp_id: 1872] SKIPPED: Already updated today (2025-12-04 03:00:02)
[2025-12-04 08:41:22]   [emp_id: 1897] SKIPPED: Already updated today (2025-12-04 03:00:02)
[2025-12-04 08:41:22]   [emp_id: 1916] SKIPPED: Already updated today (2025-12-04 03:00:02)
[2025-12-04 08:41:22]   [emp_id: 1928] SKIPPED: Already updated today (2025-12-04 03:00:02)
[2025-12-04 08:41:22]   [emp_id: 1931] SKIPPED: Already updated today (2025-12-04 03:00:02)
[2025-12-04 08:41:22]   [emp_id: 1944] SKIPPED: Already updated today (2025-12-04 03:00:02)
[2025-12-04 08:41:22]   [emp_id: 1996] SKIPPED: Already updated today (2025-12-04 03:00:02)
[2025-12-04 08:41:22]   [emp_id: 1997] SKIPPED: Already updated today (2025-12-04 03:00:02)
[2025-12-04 08:41:22]   [emp_id: 1998] SKIPPED: Already updated today (2025-12-04 03:00:02)
[2025-12-04 08:41:22]   [emp_id: 1999] SKIPPED: Already updated today (2025-12-04 03:00:02)
[2025-12-04 08:41:22]   [emp_id: 2009] SKIPPED: Already updated today (2025-12-04 03:00:02)
[2025-12-04 08:41:22]   [emp_id: 2048] SKIPPED: Already updated today (2025-12-04 03:00:02)
[2025-12-04 08:41:22]   [emp_id: 2057] SKIPPED: Already updated today (2025-12-04 03:00:02)
[2025-12-04 08:41:22]   [emp_id: 2079] SKIPPED: Already updated today (2025-12-04 03:00:02)
[2025-12-04 08:41:22]   [emp_id: 2181] SKIPPED: Already updated today (2025-12-04 03:00:02)
[2025-12-04 08:41:22]   [emp_id: 2190] SKIPPED: Already updated today (2025-12-04 03:00:02)
[2025-12-04 08:41:22]   [emp_id: 2212] SKIPPED: Already updated today (2025-12-04 03:00:02)
[2025-12-04 08:41:22]   [emp_id: 2226] SKIPPED: Already updated today (2025-12-04 03:00:02)
[2025-12-04 08:41:22]   [emp_id: 2238] SKIPPED: Already updated today (2025-12-04 03:00:02)
[2025-12-04 08:41:22]   [emp_id: 2285] SKIPPED: Already updated today (2025-12-04 03:00:02)
[2025-12-04 08:41:22]   [emp_id: 2287] SKIPPED: Already updated today (2025-12-04 03:00:02)
[2025-12-04 08:41:22]   [emp_id: 2288] SKIPPED: Already updated today (2025-12-04 03:00:02)
[2025-12-04 08:41:22]   [emp_id: 2290] SKIPPED: Already updated today (2025-12-04 03:00:02)
[2025-12-04 08:41:22]   [emp_id: 2316] SKIPPED: Already updated today (2025-12-04 03:00:02)
[2025-12-04 08:41:22]   [emp_id: 2337] SKIPPED: Already updated today (2025-12-04 03:00:02)
[2025-12-04 08:41:22]   [emp_id: 2352] SKIPPED: Already updated today (2025-12-04 03:00:02)
[2025-12-04 08:41:22]   [emp_id: 2358] SKIPPED: Already updated today (2025-12-04 03:00:02)
[2025-12-04 08:41:22]   [emp_id: 2361] SKIPPED: Already updated today (2025-12-04 03:00:02)
[2025-12-04 08:41:22]   [emp_id: 2363] SKIPPED: Already updated today (2025-12-04 03:00:02)
[2025-12-04 08:41:22]   [emp_id: 2364] SKIPPED: Already updated today (2025-12-04 03:00:02)
[2025-12-04 08:41:22]   [emp_id: 2367] SKIPPED: Already updated today (2025-12-04 03:00:02)
[2025-12-04 08:41:22]   [emp_id: 2368] SKIPPED: Already updated today (2025-12-04 03:00:02)
[2025-12-04 08:41:22]   [emp_id: 2372] SKIPPED: Already updated today (2025-12-04 03:00:02)
[2025-12-04 08:41:22]   [emp_id: 2376] SKIPPED: Already updated today (2025-12-04 03:00:02)
[2025-12-04 08:41:22]   [emp_id: 2423] SKIPPED: Already updated today (2025-12-04 03:00:02)
[2025-12-04 08:41:22]   [emp_id: 2519] SKIPPED: Already updated today (2025-12-04 03:00:02)
[2025-12-04 08:41:22]   [emp_id: 2522] SKIPPED: Already updated today (2025-12-04 03:00:02)
[2025-12-04 08:41:22]   [emp_id: 2530] SKIPPED: Already updated today (2025-12-04 03:00:02)
[2025-12-04 08:41:22]   [emp_id: 2539] SKIPPED: Already updated today (2025-12-04 03:00:02)
[2025-12-04 08:41:22]   [emp_id: 2541] SKIPPED: Already updated today (2025-12-04 03:00:02)
[2025-12-04 08:41:22]   [emp_id: 2550] SKIPPED: Already updated today (2025-12-04 03:00:02)
[2025-12-04 08:41:22]   [emp_id: 2553] SKIPPED: Already updated today (2025-12-04 03:00:02)
[2025-12-04 08:41:22]   [emp_id: 2554] SKIPPED: Already updated today (2025-12-04 03:00:02)
[2025-12-04 08:41:22]   [emp_id: 2565] SKIPPED: Already updated today (2025-12-04 03:00:02)
[2025-12-04 08:41:22]   [emp_id: 2572] SKIPPED: Already updated today (2025-12-04 03:00:02)
[2025-12-04 08:41:22]   [emp_id: 2637] SKIPPED: Already updated today (2025-12-04 03:00:02)
[2025-12-04 08:41:22]   [emp_id: 2642] SKIPPED: Already updated today (2025-12-04 03:00:02)
[2025-12-04 08:41:22]   [emp_id: 2645] SKIPPED: Already updated today (2025-12-04 03:00:02)
[2025-12-04 08:41:22]   [emp_id: 2648] SKIPPED: Already updated today (2025-12-04 03:00:02)
[2025-12-04 08:41:22]   [emp_id: 2654] SKIPPED: Already updated today (2025-12-04 03:00:02)
[2025-12-04 08:41:22]   [emp_id: 2688] SKIPPED: Already updated today (2025-12-04 03:00:02)
[2025-12-04 08:41:22]   [emp_id: 2690] SKIPPED: Already updated today (2025-12-04 03:00:02)
[2025-12-04 08:41:22]   [emp_id: 2709] SKIPPED: Already updated today (2025-12-04 03:00:02)
[2025-12-04 08:41:22]   [emp_id: 2745] SKIPPED: Already updated today (2025-12-04 03:00:02)
[2025-12-04 08:41:22]   [emp_id: 2843] SKIPPED: Already updated today (2025-12-04 03:00:02)
[2025-12-04 08:41:22]   [emp_id: 2854] SKIPPED: Already updated today (2025-12-04 03:00:02)
[2025-12-04 08:41:22]   [emp_id: 2869] SKIPPED: Already updated today (2025-12-04 03:00:02)
[2025-12-04 08:41:22]   [emp_id: 2876] SKIPPED: Already updated today (2025-12-04 03:00:02)
[2025-12-04 08:41:22]   [emp_id: 2924] SKIPPED: Already updated today (2025-12-04 03:00:02)
[2025-12-04 08:41:22]   [emp_id: 2953] SKIPPED: Already updated today (2025-12-04 03:00:02)
[2025-12-04 08:41:22]   [emp_id: 2961] SKIPPED: Already updated today (2025-12-04 03:00:02)
[2025-12-04 08:41:22]   [emp_id: 2975] SKIPPED: Already updated today (2025-12-04 03:00:02)
[2025-12-04 08:41:22]   [emp_id: 3013] SKIPPED: Already updated today (2025-12-04 03:00:02)
[2025-12-04 08:41:22]   [emp_id: 3014] SKIPPED: Already updated today (2025-12-04 03:00:02)
[2025-12-04 08:41:22]   [emp_id: 3015] SKIPPED: Already updated today (2025-12-04 03:00:02)
[2025-12-04 08:41:22]   [emp_id: 3018] SKIPPED: Already updated today (2025-12-04 03:00:02)
[2025-12-04 08:41:22]   [emp_id: 3025] SKIPPED: Already updated today (2025-12-04 03:00:02)
[2025-12-04 08:41:22]   [emp_id: 3037] SKIPPED: Already updated today (2025-12-04 03:00:02)
[2025-12-04 08:41:22]   [emp_id: 3047] SKIPPED: Already updated today (2025-12-04 03:00:02)
[2025-12-04 08:41:22]   [emp_id: 3061] SKIPPED: Already updated today (2025-12-04 03:00:02)
[2025-12-04 08:41:22]   [emp_id: 3062] SKIPPED: Already updated today (2025-12-04 03:00:02)
[2025-12-04 08:41:22]   [emp_id: 3074] SKIPPED: Already updated today (2025-12-04 03:00:02)
[2025-12-04 08:41:22]   [emp_id: 3089] SKIPPED: Already updated today (2025-12-04 03:00:02)
[2025-12-04 08:41:22]   [emp_id: 3090] SKIPPED: Already updated today (2025-12-04 03:00:02)
[2025-12-04 08:41:22]   [emp_id: 3091] SKIPPED: Already updated today (2025-12-04 03:00:02)
[2025-12-04 08:41:22]   [emp_id: 3092] SKIPPED: Already updated today (2025-12-04 03:00:02)
[2025-12-04 08:41:22]   [emp_id: 3105] SKIPPED: Already updated today (2025-12-04 03:00:02)
[2025-12-04 08:41:22]   [emp_id: 3134] SKIPPED: Already updated today (2025-12-04 03:00:02)
[2025-12-04 08:41:22]   [emp_id: 3140] SKIPPED: Already updated today (2025-12-04 03:00:02)
[2025-12-04 08:41:22]   [emp_id: 3144] SKIPPED: Already updated today (2025-12-04 03:00:02)
[2025-12-04 08:41:22]   [emp_id: 3156] SKIPPED: Already updated today (2025-12-04 03:00:02)
[2025-12-04 08:41:22]   [emp_id: 3162] SKIPPED: Already updated today (2025-12-04 03:00:02)
[2025-12-04 08:41:22]   [emp_id: 3163] SKIPPED: Already updated today (2025-12-04 03:00:02)
[2025-12-04 08:41:22]   [emp_id: 3198] SKIPPED: Already updated today (2025-12-04 03:00:02)
[2025-12-04 08:41:22]   [emp_id: 3205] SKIPPED: Already updated today (2025-12-04 03:00:02)
[2025-12-04 08:41:22]   [emp_id: 3209] SKIPPED: Already updated today (2025-12-04 03:00:02)
[2025-12-04 08:41:22]   [emp_id: 3223] SKIPPED: Already updated today (2025-12-04 03:00:02)
[2025-12-04 08:41:22]   [emp_id: 3224] SKIPPED: Already updated today (2025-12-04 03:00:02)
[2025-12-04 08:41:22]   [emp_id: 3230] SKIPPED: Already updated today (2025-12-04 03:00:02)
[2025-12-04 08:41:22]   [emp_id: 3231] SKIPPED: Already updated today (2025-12-04 03:00:02)
[2025-12-04 08:41:22]   [emp_id: 3233] SKIPPED: Already updated today (2025-12-04 03:00:02)
[2025-12-04 08:41:22]   [emp_id: 3249] SKIPPED: Already updated today (2025-12-04 03:00:02)
[2025-12-04 08:41:22]   [emp_id: 3250] SKIPPED: Already updated today (2025-12-04 03:00:02)
[2025-12-04 08:41:22]   [emp_id: 3252] SKIPPED: Already updated today (2025-12-04 03:00:02)
[2025-12-04 08:41:22]   [emp_id: 3254] SKIPPED: Already updated today (2025-12-04 03:00:02)
[2025-12-04 08:41:22]   [emp_id: 3255] SKIPPED: Already updated today (2025-12-04 03:00:02)
[2025-12-04 08:41:22]   [emp_id: 3256] SKIPPED: Already updated today (2025-12-04 03:00:02)
[2025-12-04 08:41:22]   [emp_id: 3263] SKIPPED: Already updated today (2025-12-04 03:00:02)
[2025-12-04 08:41:22]   [emp_id: 3265] SKIPPED: Already updated today (2025-12-04 03:00:02)
[2025-12-04 08:41:22]   [emp_id: 3280] SKIPPED: Already updated today (2025-12-04 03:00:02)
[2025-12-04 08:41:22]   [emp_id: 3286] SKIPPED: Already updated today (2025-12-04 03:00:02)
[2025-12-04 08:41:22]   [emp_id: 3294] SKIPPED: Already updated today (2025-12-04 03:00:02)
[2025-12-04 08:41:22]   [emp_id: 3321] SKIPPED: Already updated today (2025-12-04 03:00:02)
[2025-12-04 08:41:22]   [emp_id: 3325] SKIPPED: Already updated today (2025-12-04 03:00:02)
[2025-12-04 08:41:22]   [emp_id: 3329] SKIPPED: Already updated today (2025-12-04 03:00:02)
[2025-12-04 08:41:22]   [emp_id: 3330] SKIPPED: Already updated today (2025-12-04 03:00:02)
[2025-12-04 08:41:22]   [emp_id: 3332] SKIPPED: Already updated today (2025-12-04 03:00:02)
[2025-12-04 08:41:22]   [emp_id: 3370] SKIPPED: Already updated today (2025-12-04 03:00:02)
[2025-12-04 08:41:22]   [emp_id: 3384] SKIPPED: Already updated today (2025-12-04 03:00:02)
[2025-12-04 08:41:22]   [emp_id: 3386] SKIPPED: Already updated today (2025-12-04 03:00:02)
[2025-12-04 08:41:22]   [emp_id: 3431] SKIPPED: Already updated today (2025-12-04 03:00:02)
[2025-12-04 08:41:22]   [emp_id: 3497] SKIPPED: Already updated today (2025-12-04 03:00:02)
[2025-12-04 08:41:22]   [emp_id: 3532] SKIPPED: Already updated today (2025-12-04 03:00:02)
[2025-12-04 08:41:22]   [emp_id: 3586] SKIPPED: Already updated today (2025-12-04 03:00:02)
[2025-12-04 08:41:22]   [emp_id: 3602] SKIPPED: Already updated today (2025-12-04 03:00:02)
[2025-12-04 08:41:22]   [emp_id: 3618] SKIPPED: Already updated today (2025-12-04 03:00:02)
[2025-12-04 08:41:22]   [emp_id: 3622] SKIPPED: Already updated today (2025-12-04 03:00:02)
[2025-12-04 08:41:22]   [emp_id: 3627] SKIPPED: Already updated today (2025-12-04 03:00:02)
[2025-12-04 08:41:22]   [emp_id: 3665] SKIPPED: Already updated today (2025-12-04 03:00:02)
[2025-12-04 08:41:22]   [emp_id: 3705] SKIPPED: Already updated today (2025-12-04 03:00:02)
[2025-12-04 08:41:22]   [emp_id: 3724] SKIPPED: Already updated today (2025-12-04 03:00:02)
[2025-12-04 08:41:22]   [emp_id: 3726] SKIPPED: Already updated today (2025-12-04 03:00:02)
[2025-12-04 08:41:22]   [emp_id: 3727] SKIPPED: Already updated today (2025-12-04 03:00:02)
[2025-12-04 08:41:22]   [emp_id: 3728] SKIPPED: Already updated today (2025-12-04 03:00:02)
[2025-12-04 08:41:22]   [emp_id: 3742] SKIPPED: Already updated today (2025-12-04 03:00:03)
[2025-12-04 08:41:22]   [emp_id: 3767] SKIPPED: Already updated today (2025-12-04 03:00:03)
[2025-12-04 08:41:22]   [emp_id: 3768] SKIPPED: Already updated today (2025-12-04 03:00:03)
[2025-12-04 08:41:22]   [emp_id: 3787] SKIPPED: Already updated today (2025-12-04 03:00:03)
[2025-12-04 08:41:22]   [emp_id: 3790] SKIPPED: Already updated today (2025-12-04 03:00:03)
[2025-12-04 08:41:22]   [emp_id: 3795] SKIPPED: Already updated today (2025-12-04 03:00:03)
[2025-12-04 08:41:22]   [emp_id: 3798] SKIPPED: Already updated today (2025-12-04 03:00:03)
[2025-12-04 08:41:22]   [emp_id: 3801] SKIPPED: Already updated today (2025-12-04 03:00:03)
[2025-12-04 08:41:22]   [emp_id: 3802] SKIPPED: Already updated today (2025-12-04 03:00:03)
[2025-12-04 08:41:22]   [emp_id: 3803] SKIPPED: Already updated today (2025-12-04 03:00:03)
[2025-12-04 08:41:22]   [emp_id: 3810] SKIPPED: Already updated today (2025-12-04 03:00:03)
[2025-12-04 08:41:22]   [emp_id: 3812] SKIPPED: Already updated today (2025-12-04 03:00:03)
[2025-12-04 08:41:22]   [emp_id: 3815] SKIPPED: Already updated today (2025-12-04 03:00:03)
[2025-12-04 08:41:22]   [emp_id: 3836] SKIPPED: Already updated today (2025-12-04 03:00:03)
[2025-12-04 08:41:22]   [emp_id: 3855] SKIPPED: Already updated today (2025-12-04 03:00:03)
[2025-12-04 08:41:22]   [emp_id: 3857] SKIPPED: Already updated today (2025-12-04 03:00:03)
[2025-12-04 08:41:22]   [emp_id: 3862] SKIPPED: Already updated today (2025-12-04 03:00:03)
[2025-12-04 08:41:22]   [emp_id: 3866] SKIPPED: Already updated today (2025-12-04 03:00:03)
[2025-12-04 08:41:22]   [emp_id: 3876] SKIPPED: Already updated today (2025-12-04 03:00:03)
[2025-12-04 08:41:22]   [emp_id: 3877] SKIPPED: Already updated today (2025-12-04 03:00:03)
[2025-12-04 08:41:22]   [emp_id: 3897] SKIPPED: Already updated today (2025-12-04 03:00:03)
[2025-12-04 08:41:22]   [emp_id: 3899] SKIPPED: Already updated today (2025-12-04 03:00:03)
[2025-12-04 08:41:22]   [emp_id: 3928] SKIPPED: Already updated today (2025-12-04 03:00:03)
[2025-12-04 08:41:22]   [emp_id: 3929] SKIPPED: Already updated today (2025-12-04 03:00:03)
[2025-12-04 08:41:22]   [emp_id: 3935] SKIPPED: Already updated today (2025-12-04 03:00:03)
[2025-12-04 08:41:22]   [emp_id: 3952] SKIPPED: Already updated today (2025-12-04 03:00:03)
[2025-12-04 08:41:22]   [emp_id: 3987] SKIPPED: Already updated today (2025-12-04 03:00:03)
[2025-12-04 08:41:22]   [emp_id: 4059] SKIPPED: Already updated today (2025-12-04 03:00:03)
[2025-12-04 08:41:22]   [emp_id: 4119] SKIPPED: Already updated today (2025-12-04 03:00:03)
[2025-12-04 08:41:22]   [emp_id: 4120] SKIPPED: Already updated today (2025-12-04 03:00:03)
[2025-12-04 08:41:22]   [emp_id: 4124] SKIPPED: Already updated today (2025-12-04 03:00:03)
[2025-12-04 08:41:22]   [emp_id: 4133] SKIPPED: Already updated today (2025-12-04 03:00:03)
[2025-12-04 08:41:22]   [emp_id: 4134] SKIPPED: Already updated today (2025-12-04 03:00:03)
[2025-12-04 08:41:22]   [emp_id: 4136] SKIPPED: Already updated today (2025-12-04 03:00:03)
[2025-12-04 08:41:22]   [emp_id: 4150] SKIPPED: Already updated today (2025-12-04 03:00:03)
[2025-12-04 08:41:22]   [emp_id: 4157] SKIPPED: Already updated today (2025-12-04 03:00:03)
[2025-12-04 08:41:22]   [emp_id: 4172] SKIPPED: Already updated today (2025-12-04 03:00:03)
[2025-12-04 08:41:22]   [emp_id: 4195] SKIPPED: Already updated today (2025-12-04 03:00:03)
[2025-12-04 08:41:22]   [emp_id: 4215] SKIPPED: Already updated today (2025-12-04 03:00:03)
[2025-12-04 08:41:22]   [emp_id: 4220] SKIPPED: Already updated today (2025-12-04 03:00:03)
[2025-12-04 08:41:22]   [emp_id: 4273] SKIPPED: Already updated today (2025-12-04 03:00:03)
[2025-12-04 08:41:22]   [emp_id: 4283] SKIPPED: Already updated today (2025-12-04 03:00:03)
[2025-12-04 08:41:22]   [emp_id: 4288] SKIPPED: Already updated today (2025-12-04 03:00:03)
[2025-12-04 08:41:22]   [emp_id: 4315] SKIPPED: Already updated today (2025-12-04 03:00:03)
[2025-12-04 08:41:22]   [emp_id: 4328] SKIPPED: Already updated today (2025-12-04 03:00:03)
[2025-12-04 08:41:22]   [emp_id: 4329] SKIPPED: Already updated today (2025-12-04 03:00:03)
[2025-12-04 08:41:22]   [emp_id: 4338] SKIPPED: Already updated today (2025-12-04 03:00:03)
[2025-12-04 08:41:22]   [emp_id: 4340] SKIPPED: Already updated today (2025-12-04 03:00:03)
[2025-12-04 08:41:22]   [emp_id: 4365] SKIPPED: Already updated today (2025-12-04 03:00:03)
[2025-12-04 08:41:22]   [emp_id: 4366] SKIPPED: Already updated today (2025-12-04 03:00:03)
[2025-12-04 08:41:22]   [emp_id: 4385] SKIPPED: Already updated today (2025-12-04 03:00:03)
[2025-12-04 08:41:22]   [emp_id: 4403] SKIPPED: Already updated today (2025-12-04 03:00:03)
[2025-12-04 08:41:22]   [emp_id: 4438] SKIPPED: Already updated today (2025-12-04 03:00:03)
[2025-12-04 08:41:22]   [emp_id: 4465] SKIPPED: Already updated today (2025-12-04 03:00:03)
[2025-12-04 08:41:22]   [emp_id: 4473] SKIPPED: Already updated today (2025-12-04 03:00:03)
[2025-12-04 08:41:22]   [emp_id: 4474] SKIPPED: Already updated today (2025-12-04 03:00:03)
[2025-12-04 08:41:22]   [emp_id: 4493] SKIPPED: Already updated today (2025-12-04 03:00:03)
[2025-12-04 08:41:22]   [emp_id: 4526] SKIPPED: Already updated today (2025-12-04 03:00:03)
[2025-12-04 08:41:22]   [emp_id: 4528] SKIPPED: Already updated today (2025-12-04 03:00:03)
[2025-12-04 08:41:22]   [emp_id: 4528] SKIPPED: Already updated today (2025-12-04 03:00:03)
[2025-12-04 08:41:22]   [emp_id: 4532] SKIPPED: Already updated today (2025-12-04 03:00:03)
[2025-12-04 08:41:22]   [emp_id: 4533] SKIPPED: Already updated today (2025-12-04 03:00:03)
[2025-12-04 08:41:22]   [emp_id: 4564] SKIPPED: Already updated today (2025-12-04 03:00:03)
[2025-12-04 08:41:22]   [emp_id: 4565] SKIPPED: Already updated today (2025-12-04 03:00:03)
[2025-12-04 08:41:22]   [emp_id: 4567] SKIPPED: Already updated today (2025-12-04 03:00:03)
[2025-12-04 08:41:22]   [emp_id: 4572] SKIPPED: Already updated today (2025-12-04 03:00:03)
[2025-12-04 08:41:22]   [emp_id: 4631] SKIPPED: Already updated today (2025-12-04 03:00:03)
[2025-12-04 08:41:22]   [emp_id: 4655] SKIPPED: Already updated today (2025-12-04 03:00:03)
[2025-12-04 08:41:22]   [emp_id: 4689] SKIPPED: Already updated today (2025-12-04 03:00:03)
[2025-12-04 08:41:22]   [emp_id: 4709] SKIPPED: Already updated today (2025-12-04 03:00:03)
[2025-12-04 08:41:22]   [emp_id: 4717] SKIPPED: Already updated today (2025-12-04 03:00:03)
[2025-12-04 08:41:22]   [emp_id: 4736] SKIPPED: Already updated today (2025-12-04 03:00:03)
[2025-12-04 08:41:22]   [emp_id: 4756] SKIPPED: Already updated today (2025-12-04 03:00:03)
[2025-12-04 08:41:22]   [emp_id: 4768] SKIPPED: Already updated today (2025-12-04 03:00:03)
[2025-12-04 08:41:22]   [emp_id: 4780] SKIPPED: Already updated today (2025-12-04 03:00:03)
[2025-12-04 08:41:22]   [emp_id: 4820] SKIPPED: Already updated today (2025-12-04 03:00:03)
[2025-12-04 08:41:22]   [emp_id: 4825] SKIPPED: Already updated today (2025-12-04 03:00:03)
[2025-12-04 08:41:22]   [emp_id: 4835] SKIPPED: Already updated today (2025-12-04 03:00:03)
[2025-12-04 08:41:22]   [emp_id: 4837] SKIPPED: Already updated today (2025-12-04 03:00:03)
[2025-12-04 08:41:22]   [emp_id: 4838] SKIPPED: Already updated today (2025-12-04 03:00:03)
[2025-12-04 08:41:22]   [emp_id: 4840] SKIPPED: Already updated today (2025-12-04 03:00:03)
[2025-12-04 08:41:22]   [emp_id: 4842] SKIPPED: Already updated today (2025-12-04 03:00:03)
[2025-12-04 08:41:22]   [emp_id: 4843] SKIPPED: Already updated today (2025-12-04 03:00:03)
[2025-12-04 08:41:22]   [emp_id: 4853] SKIPPED: Already updated today (2025-12-04 03:00:03)
[2025-12-04 08:41:22]   [emp_id: 4856] SKIPPED: Already updated today (2025-12-04 03:00:03)
[2025-12-04 08:41:22]   [emp_id: 4857] SKIPPED: Already updated today (2025-12-04 03:00:03)
[2025-12-04 08:41:22]   [emp_id: 4858] SKIPPED: Already updated today (2025-12-04 03:00:03)
[2025-12-04 08:41:22]   [emp_id: 4859] SKIPPED: Already updated today (2025-12-04 03:00:03)
[2025-12-04 08:41:22]   [emp_id: 4860] SKIPPED: Already updated today (2025-12-04 03:00:03)
[2025-12-04 08:41:22]   [emp_id: 4861] SKIPPED: Already updated today (2025-12-04 03:00:03)
[2025-12-04 08:41:22]   [emp_id: 4869] SKIPPED: Already updated today (2025-12-04 03:00:03)
[2025-12-04 08:41:22]   [emp_id: 4894] SKIPPED: Already updated today (2025-12-04 03:00:03)
[2025-12-04 08:41:22]   [emp_id: 4897] SKIPPED: Already updated today (2025-12-04 03:00:03)
[2025-12-04 08:41:22]   [emp_id: 4899] SKIPPED: Already updated today (2025-12-04 03:00:03)
[2025-12-04 08:41:22]   [emp_id: 4902] SKIPPED: Already updated today (2025-12-04 03:00:03)
[2025-12-04 08:41:22]   [emp_id: 4903] SKIPPED: Already updated today (2025-12-04 03:00:03)
[2025-12-04 08:41:22]   [emp_id: 4905] SKIPPED: Already updated today (2025-12-04 03:00:03)
[2025-12-04 08:41:22]   [emp_id: 4907] SKIPPED: Already updated today (2025-12-04 03:00:03)
[2025-12-04 08:41:22]   [emp_id: 4917] SKIPPED: Already updated today (2025-12-04 03:00:03)
[2025-12-04 08:41:22]   [emp_id: 4918] SKIPPED: Already updated today (2025-12-04 03:00:03)
[2025-12-04 08:41:22]   [emp_id: 4919] SKIPPED: Already updated today (2025-12-04 03:00:03)
[2025-12-04 08:41:22]   [emp_id: 4920] SKIPPED: Already updated today (2025-12-04 03:00:03)
[2025-12-04 08:41:22]   [emp_id: 4921] SKIPPED: Already updated today (2025-12-04 03:00:03)
[2025-12-04 08:41:22]   [emp_id: 4927] SKIPPED: Already updated today (2025-12-04 03:00:03)
[2025-12-04 08:41:22]   [emp_id: 4929] SKIPPED: Already updated today (2025-12-04 03:00:03)
[2025-12-04 08:41:22]   [emp_id: 4930] SKIPPED: Already updated today (2025-12-04 03:00:03)
[2025-12-04 08:41:22]   [emp_id: 4932] SKIPPED: Already updated today (2025-12-04 03:00:03)
[2025-12-04 08:41:22]   [emp_id: 4933] SKIPPED: Already updated today (2025-12-04 03:00:03)
[2025-12-04 08:41:22]   [emp_id: 4949] SKIPPED: Already updated today (2025-12-04 03:00:03)
[2025-12-04 08:41:22]   [emp_id: 4956] SKIPPED: Already updated today (2025-12-04 03:00:03)
[2025-12-04 08:41:22]   [emp_id: 4957] SKIPPED: Already updated today (2025-12-04 03:00:03)
[2025-12-04 08:41:22]   [emp_id: 4962] SKIPPED: Already updated today (2025-12-04 03:00:03)
[2025-12-04 08:41:22]   [emp_id: 4969] SKIPPED: Already updated today (2025-12-04 03:00:03)
[2025-12-04 08:41:22]   [emp_id: 4976] SKIPPED: Already updated today (2025-12-04 03:00:03)
[2025-12-04 08:41:22]   [emp_id: 4984] SKIPPED: Already updated today (2025-12-04 03:00:03)
[2025-12-04 08:41:22]   [emp_id: 4995] SKIPPED: Already updated today (2025-12-04 03:00:03)
[2025-12-04 08:41:22]   [emp_id: 5004] SKIPPED: Already updated today (2025-12-04 03:00:03)
[2025-12-04 08:41:22]   [emp_id: 5006] SKIPPED: Already updated today (2025-12-04 03:00:03)
[2025-12-04 08:41:22]   [emp_id: 5011] SKIPPED: Already updated today (2025-12-04 03:00:03)
[2025-12-04 08:41:22]   [emp_id: 5013] SKIPPED: Already updated today (2025-12-04 03:00:03)
[2025-12-04 08:41:22]   [emp_id: 5018] SKIPPED: Already updated today (2025-12-04 03:00:03)
[2025-12-04 08:41:22]   [emp_id: 5021] SKIPPED: Already updated today (2025-12-04 03:00:03)
[2025-12-04 08:41:22]   [emp_id: 5021] SKIPPED: Already updated today (2025-12-04 03:00:03)
[2025-12-04 08:41:22]   [emp_id: 5024] SKIPPED: Already updated today (2025-12-04 03:00:03)
[2025-12-04 08:41:22]   [emp_id: 5029] SKIPPED: Already updated today (2025-12-04 03:00:03)
[2025-12-04 08:41:22]   [emp_id: 5030] SKIPPED: Already updated today (2025-12-04 03:00:03)
[2025-12-04 08:41:22]   [emp_id: 5033] SKIPPED: Already updated today (2025-12-04 03:00:03)
[2025-12-04 08:41:22]   [emp_id: 5043] SKIPPED: Already updated today (2025-12-04 03:00:03)
[2025-12-04 08:41:22]   [emp_id: 5045] SKIPPED: Already updated today (2025-12-04 03:00:03)
[2025-12-04 08:41:22]   [emp_id: 5046] SKIPPED: Already updated today (2025-12-04 03:00:03)
[2025-12-04 08:41:22]   [emp_id: 5049] SKIPPED: Already updated today (2025-12-04 03:00:03)
[2025-12-04 08:41:22]   [emp_id: 5052] SKIPPED: Already updated today (2025-12-04 03:00:03)
[2025-12-04 08:41:22]   [emp_id: 5055] SKIPPED: Already updated today (2025-12-04 03:00:03)
[2025-12-04 08:41:22]   [emp_id: 5058] SKIPPED: Already updated today (2025-12-04 03:00:03)
[2025-12-04 08:41:22]   [emp_id: 5062] SKIPPED: Already updated today (2025-12-04 03:00:03)
[2025-12-04 08:41:22]   [emp_id: 5064] SKIPPED: Already updated today (2025-12-04 03:00:03)
[2025-12-04 08:41:22]   [emp_id: 5065] SKIPPED: Already updated today (2025-12-04 03:00:03)
[2025-12-04 08:41:22]   [emp_id: 5071] SKIPPED: Already updated today (2025-12-04 03:00:03)
[2025-12-04 08:41:22]   [emp_id: 5073] SKIPPED: Already updated today (2025-12-04 03:00:03)
[2025-12-04 08:41:22]   [emp_id: 5079] SKIPPED: Already updated today (2025-12-04 03:00:03)
[2025-12-04 08:41:22]   [emp_id: 5080] SKIPPED: Already updated today (2025-12-04 03:00:03)
[2025-12-04 08:41:22]   [emp_id: 5081] SKIPPED: Already updated today (2025-12-04 03:00:03)
[2025-12-04 08:41:22]   [emp_id: 5087] SKIPPED: Already updated today (2025-12-04 03:00:03)
[2025-12-04 08:41:22]   [emp_id: 5091] SKIPPED: Already updated today (2025-12-04 03:00:03)
[2025-12-04 08:41:22]   [emp_id: 5093] SKIPPED: Already updated today (2025-12-04 03:00:03)
[2025-12-04 08:41:22]   [emp_id: 5095] SKIPPED: Already updated today (2025-12-04 03:00:03)
[2025-12-04 08:41:22]   [emp_id: 5101] SKIPPED: Already updated today (2025-12-04 03:00:03)
[2025-12-04 08:41:22]   [emp_id: 5107] SKIPPED: Already updated today (2025-12-04 03:00:03)
[2025-12-04 08:41:22]   [emp_id: 5109] SKIPPED: Already updated today (2025-12-04 03:00:03)
[2025-12-04 08:41:22]   [emp_id: 5119] SKIPPED: Already updated today (2025-12-04 03:00:03)
[2025-12-04 08:41:22]   [emp_id: 5122] SKIPPED: Already updated today (2025-12-04 03:00:03)
[2025-12-04 08:41:22]   [emp_id: 5126] SKIPPED: Already updated today (2025-12-04 03:00:03)
[2025-12-04 08:41:22]   [emp_id: 5127] SKIPPED: Already updated today (2025-12-04 03:00:03)
[2025-12-04 08:41:22]   [emp_id: 5128] SKIPPED: Already updated today (2025-12-04 03:00:03)
[2025-12-04 08:41:22]   [emp_id: 5138] SKIPPED: Already updated today (2025-12-04 03:00:03)
[2025-12-04 08:41:22]   [emp_id: 5138] SKIPPED: Already updated today (2025-12-04 03:00:03)
[2025-12-04 08:41:22]   [emp_id: 5141] SKIPPED: Already updated today (2025-12-04 03:00:03)
[2025-12-04 08:41:22]   [emp_id: 5142] SKIPPED: Already updated today (2025-12-04 03:00:03)
[2025-12-04 08:41:22]   [emp_id: 5146] SKIPPED: Already updated today (2025-12-04 03:00:03)
[2025-12-04 08:41:22]   [emp_id: 5147] SKIPPED: Already updated today (2025-12-04 03:00:03)
[2025-12-04 08:41:22]   [emp_id: 5148] SKIPPED: Already updated today (2025-12-04 03:00:03)
[2025-12-04 08:41:22]   [emp_id: 5149] SKIPPED: Already updated today (2025-12-04 03:00:03)
[2025-12-04 08:41:22]   [emp_id: 5150] SKIPPED: Already updated today (2025-12-04 03:00:03)
[2025-12-04 08:41:22]   [emp_id: 5151] SKIPPED: Already updated today (2025-12-04 03:00:03)
[2025-12-04 08:41:22]   [emp_id: 5152] SKIPPED: Already updated today (2025-12-04 03:00:03)
[2025-12-04 08:41:22]   [emp_id: 5157] SKIPPED: Already updated today (2025-12-04 03:00:03)
[2025-12-04 08:41:22]   [emp_id: 5160] SKIPPED: Already updated today (2025-12-04 03:00:03)
[2025-12-04 08:41:22]   [emp_id: 5163] SKIPPED: Already updated today (2025-12-04 03:00:03)
[2025-12-04 08:41:22]   [emp_id: 5165] SKIPPED: Already updated today (2025-12-04 03:00:03)
[2025-12-04 08:41:22]   [emp_id: 5167] SKIPPED: Already updated today (2025-12-04 03:00:03)
[2025-12-04 08:41:22]   [emp_id: 5168] SKIPPED: Already updated today (2025-12-04 03:00:03)
[2025-12-04 08:41:22]   [emp_id: 5173] SKIPPED: Already updated today (2025-12-04 03:00:03)
[2025-12-04 08:41:22]   [emp_id: 5174] SKIPPED: Already updated today (2025-12-04 03:00:03)
[2025-12-04 08:41:22]   [emp_id: 5181] SKIPPED: Already updated today (2025-12-04 03:00:04)
[2025-12-04 08:41:22]   [emp_id: 5186] SKIPPED: Already updated today (2025-12-04 03:00:04)
[2025-12-04 08:41:22]   [emp_id: 5187] SKIPPED: Already updated today (2025-12-04 03:00:04)
[2025-12-04 08:41:22]   [emp_id: 5204] SKIPPED: Already updated today (2025-12-04 03:00:04)
[2025-12-04 08:41:22]   [emp_id: 5205] SKIPPED: Already updated today (2025-12-04 03:00:04)
[2025-12-04 08:41:22]   [emp_id: 5209] SKIPPED: Already updated today (2025-12-04 03:00:04)
[2025-12-04 08:41:22]   [emp_id: 5211] SKIPPED: Already updated today (2025-12-04 03:00:04)
[2025-12-04 08:41:22]   [emp_id: 5213] SKIPPED: Already updated today (2025-12-04 03:00:04)
[2025-12-04 08:41:22]   [emp_id: 5214] SKIPPED: Already updated today (2025-12-04 03:00:04)
[2025-12-04 08:41:22]   [emp_id: 5215] SKIPPED: Already updated today (2025-12-04 03:00:04)
[2025-12-04 08:41:22]   [emp_id: 5217] SKIPPED: Already updated today (2025-12-04 03:00:04)
[2025-12-04 08:41:22]   [emp_id: 5218] SKIPPED: Already updated today (2025-12-04 03:00:04)
[2025-12-04 08:41:22]   [emp_id: 5219] SKIPPED: Already updated today (2025-12-04 03:00:04)
[2025-12-04 08:41:22]   [emp_id: 5221] SKIPPED: Already updated today (2025-12-04 03:00:04)
[2025-12-04 08:41:22]   [emp_id: 5224] SKIPPED: Already updated today (2025-12-04 03:00:04)
[2025-12-04 08:41:22]   [emp_id: 5225] SKIPPED: Already updated today (2025-12-04 03:00:04)
[2025-12-04 08:41:22]   [emp_id: 5228] SKIPPED: Already updated today (2025-12-04 03:00:04)
[2025-12-04 08:41:22]   [emp_id: 5229] SKIPPED: Already updated today (2025-12-04 03:00:04)
[2025-12-04 08:41:22]   [emp_id: 5230] SKIPPED: Already updated today (2025-12-04 03:00:04)
[2025-12-04 08:41:22]   [emp_id: 5231] SKIPPED: Already updated today (2025-12-04 03:00:04)
[2025-12-04 08:41:22]   [emp_id: 5232] SKIPPED: Already updated today (2025-12-04 03:00:04)
[2025-12-04 08:41:22]   [emp_id: 5233] SKIPPED: Already updated today (2025-12-04 03:00:04)
[2025-12-04 08:41:22]   [emp_id: 5234] SKIPPED: Already updated today (2025-12-04 03:00:04)
[2025-12-04 08:41:22]   [emp_id: 5235] SKIPPED: Already updated today (2025-12-04 03:00:04)
[2025-12-04 08:41:22]   [emp_id: 5237] SKIPPED: Already updated today (2025-12-04 03:00:04)
[2025-12-04 08:41:22]   [emp_id: 5238] SKIPPED: Already updated today (2025-12-04 03:00:04)
[2025-12-04 08:41:22]   [emp_id: 5239] SKIPPED: Already updated today (2025-12-04 03:00:04)
[2025-12-04 08:41:22]   [emp_id: 5241] SKIPPED: Already updated today (2025-12-04 03:00:04)
[2025-12-04 08:41:22]   [emp_id: 5242] SKIPPED: Already updated today (2025-12-04 03:00:04)
[2025-12-04 08:41:22]   [emp_id: 5243] SKIPPED: Already updated today (2025-12-04 03:00:04)
[2025-12-04 08:41:22]   [emp_id: 5244] SKIPPED: Already updated today (2025-12-04 03:00:04)
[2025-12-04 08:41:22]   [emp_id: 5246] SKIPPED: Already updated today (2025-12-04 03:00:04)
[2025-12-04 08:41:22]   [emp_id: 5253] SKIPPED: Already updated today (2025-12-04 03:00:04)
[2025-12-04 08:41:22]   [emp_id: 5254] SKIPPED: Already updated today (2025-12-04 03:00:04)
[2025-12-04 08:41:22]   [emp_id: 5257] SKIPPED: Already updated today (2025-12-04 03:00:04)
[2025-12-04 08:41:22]   [emp_id: 5259] SKIPPED: Already updated today (2025-12-04 03:00:04)
[2025-12-04 08:41:22]   [emp_id: 5261] SKIPPED: Already updated today (2025-12-04 03:00:04)
[2025-12-04 08:41:22]   [emp_id: 5264] SKIPPED: Already updated today (2025-12-04 03:00:04)
[2025-12-04 08:41:22]   [emp_id: 5266] SKIPPED: Already updated today (2025-12-04 03:00:04)
[2025-12-04 08:41:22]   [emp_id: 5268] SKIPPED: Already updated today (2025-12-04 03:00:04)
[2025-12-04 08:41:22]   [emp_id: 5271] SKIPPED: Already updated today (2025-12-04 03:00:04)
[2025-12-04 08:41:22]   [emp_id: 5272] SKIPPED: Already updated today (2025-12-04 03:00:04)
[2025-12-04 08:41:22]   [emp_id: 5273] SKIPPED: Already updated today (2025-12-04 03:00:04)
[2025-12-04 08:41:22]   [emp_id: 5275] SKIPPED: Already updated today (2025-12-04 03:00:04)
[2025-12-04 08:41:22]   [emp_id: 5276] SKIPPED: Already updated today (2025-12-04 03:00:04)
[2025-12-04 08:41:22]   [emp_id: 5278] SKIPPED: Already updated today (2025-12-04 03:00:04)
[2025-12-04 08:41:22]   [emp_id: 5280] SKIPPED: Already updated today (2025-12-04 03:00:04)
[2025-12-04 08:41:22]   [emp_id: 5282] SKIPPED: Already updated today (2025-12-04 03:00:04)
[2025-12-04 08:41:22]   [emp_id: 5285] SKIPPED: Already updated today (2025-12-04 03:00:04)
[2025-12-04 08:41:22]   [emp_id: 5286] SKIPPED: Already updated today (2025-12-04 03:00:04)
[2025-12-04 08:41:22]   [emp_id: 5287] SKIPPED: Already updated today (2025-12-04 03:00:04)
[2025-12-04 08:41:22]   [emp_id: 5288] SKIPPED: Already updated today (2025-12-04 03:00:04)
[2025-12-04 08:41:22]   [emp_id: 5289] SKIPPED: Already updated today (2025-12-04 03:00:04)
[2025-12-04 08:41:22]   [emp_id: 5290] SKIPPED: Already updated today (2025-12-04 03:00:04)
[2025-12-04 08:41:22]   [emp_id: 5291] SKIPPED: Already updated today (2025-12-04 03:00:04)
[2025-12-04 08:41:22]   [emp_id: 5292] SKIPPED: Already updated today (2025-12-04 03:00:04)
[2025-12-04 08:41:22]   [emp_id: 5293] SKIPPED: Already updated today (2025-12-04 03:00:04)
[2025-12-04 08:41:22]   [emp_id: 5294] SKIPPED: Already updated today (2025-12-04 03:00:04)
[2025-12-04 08:41:22]   [emp_id: 5295] SKIPPED: Already updated today (2025-12-04 03:00:04)
[2025-12-04 08:41:22]   [emp_id: 5296] SKIPPED: Already updated today (2025-12-04 03:00:04)
[2025-12-04 08:41:22]   [emp_id: 5297] SKIPPED: Already updated today (2025-12-04 03:00:04)
[2025-12-04 08:41:22]   [emp_id: 5298] SKIPPED: Already updated today (2025-12-04 03:00:04)
[2025-12-04 08:41:22]   [emp_id: 5299] SKIPPED: Already updated today (2025-12-04 03:00:04)
[2025-12-04 08:41:22]   [emp_id: 5300] SKIPPED: Already updated today (2025-12-04 03:00:04)
[2025-12-04 08:41:22]   [emp_id: 5301] SKIPPED: Already updated today (2025-12-04 03:00:04)
[2025-12-04 08:41:22]   [emp_id: 5303] SKIPPED: Already updated today (2025-12-04 03:00:04)
[2025-12-04 08:41:22]   [emp_id: 5304] SKIPPED: Already updated today (2025-12-04 03:00:04)
[2025-12-04 08:41:22]   [emp_id: 5305] SKIPPED: Already updated today (2025-12-04 03:00:04)
[2025-12-04 08:41:22]   [emp_id: 5306] SKIPPED: Already updated today (2025-12-04 03:00:04)
[2025-12-04 08:41:22]   [emp_id: 5307] SKIPPED: Already updated today (2025-12-04 03:00:04)
[2025-12-04 08:41:22]   [emp_id: 5312] SKIPPED: Already updated today (2025-12-04 03:00:04)
[2025-12-04 08:41:22]   [emp_id: 5318] SKIPPED: Already updated today (2025-12-04 03:00:04)
[2025-12-04 08:41:22]   [emp_id: 5325] SKIPPED: Already updated today (2025-12-04 03:00:04)
[2025-12-04 08:41:22]   [emp_id: 5326] SKIPPED: Already updated today (2025-12-04 03:00:04)
[2025-12-04 08:41:22]   [emp_id: 5327] SKIPPED: Already updated today (2025-12-04 03:00:04)
[2025-12-04 08:41:22]   [emp_id: 5328] SKIPPED: Already updated today (2025-12-04 03:00:04)
[2025-12-04 08:41:22]   [emp_id: 5329] SKIPPED: Already updated today (2025-12-04 03:00:04)
[2025-12-04 08:41:22]   [emp_id: 5331] SKIPPED: Already updated today (2025-12-04 03:00:04)
[2025-12-04 08:41:22]   [emp_id: 5337] SKIPPED: Already updated today (2025-12-04 03:00:04)
[2025-12-04 08:41:22]   [emp_id: 5339] SKIPPED: Already updated today (2025-12-04 03:00:04)
[2025-12-04 08:41:22]   [emp_id: 5343] SKIPPED: Already updated today (2025-12-04 03:00:04)
[2025-12-04 08:41:22]   [emp_id: 5343] SKIPPED: Already updated today (2025-12-04 03:00:04)
[2025-12-04 08:41:22]   [emp_id: 5345] SKIPPED: Already updated today (2025-12-04 03:00:04)
[2025-12-04 08:41:22]   [emp_id: 5346] SKIPPED: Already updated today (2025-12-04 03:00:04)
[2025-12-04 08:41:22]   [emp_id: 5351] SKIPPED: Already updated today (2025-12-04 03:00:04)
[2025-12-04 08:41:22]   [emp_id: 5352] SKIPPED: Already updated today (2025-12-04 03:00:04)
[2025-12-04 08:41:22]   [emp_id: 5370] SKIPPED: Already updated today (2025-12-04 03:00:04)
[2025-12-04 08:41:22]   [emp_id: 5371] SKIPPED: Already updated today (2025-12-04 03:00:04)
[2025-12-04 08:41:22]   [emp_id: 5376] SKIPPED: Already updated today (2025-12-04 03:00:04)
[2025-12-04 08:41:22]   [emp_id: 5378] SKIPPED: Already updated today (2025-12-04 03:00:04)
[2025-12-04 08:41:22]   [emp_id: 5380] SKIPPED: Already updated today (2025-12-04 03:00:04)
[2025-12-04 08:41:22]   [emp_id: 5381] SKIPPED: Already updated today (2025-12-04 03:00:04)
[2025-12-04 08:41:22]   [emp_id: 5383] SKIPPED: Already updated today (2025-12-04 03:00:04)
[2025-12-04 08:41:22]   [emp_id: 5388] SKIPPED: Already updated today (2025-12-04 03:00:04)
[2025-12-04 08:41:22]   [emp_id: 5392] SKIPPED: Already updated today (2025-12-04 03:00:04)
[2025-12-04 08:41:22]   [emp_id: 5396] SKIPPED: Already updated today (2025-12-04 03:00:04)
[2025-12-04 08:41:22]   [emp_id: 5397] SKIPPED: Already updated today (2025-12-04 03:00:04)
[2025-12-04 08:41:22]   [emp_id: 5401] SKIPPED: Already updated today (2025-12-04 03:00:04)
[2025-12-04 08:41:22]   [emp_id: 5402] SKIPPED: Already updated today (2025-12-04 03:00:04)
[2025-12-04 08:41:22]   [emp_id: 5406] SKIPPED: Already updated today (2025-12-04 03:00:04)
[2025-12-04 08:41:22]   [emp_id: 5407] SKIPPED: Already updated today (2025-12-04 03:00:04)
[2025-12-04 08:41:22]   [emp_id: 5408] SKIPPED: Already updated today (2025-12-04 03:00:04)
[2025-12-04 08:41:22]   [emp_id: 5409] SKIPPED: Already updated today (2025-12-04 03:00:04)
[2025-12-04 08:41:22]   [emp_id: 5413] SKIPPED: Already updated today (2025-12-04 03:00:04)
[2025-12-04 08:41:22]   [emp_id: 5414] SKIPPED: Already updated today (2025-12-04 03:00:04)
[2025-12-04 08:41:22]   [emp_id: 5415] SKIPPED: Already updated today (2025-12-04 03:00:04)
[2025-12-04 08:41:22]   [emp_id: 5418] SKIPPED: Already updated today (2025-12-04 03:00:04)
[2025-12-04 08:41:22]   [emp_id: 5422] SKIPPED: Already updated today (2025-12-04 03:00:04)
[2025-12-04 08:41:22]   [emp_id: 5423] SKIPPED: Already updated today (2025-12-04 03:00:04)
[2025-12-04 08:41:22]   [emp_id: 5423] SKIPPED: Already updated today (2025-12-04 03:00:04)
[2025-12-04 08:41:22]   [emp_id: 5423] SKIPPED: Already updated today (2025-12-04 03:00:04)
[2025-12-04 08:41:22]   [emp_id: 5424] SKIPPED: Already updated today (2025-12-04 03:00:04)
[2025-12-04 08:41:22]   [emp_id: 5425] SKIPPED: Already updated today (2025-12-04 03:00:04)
[2025-12-04 08:41:22]   [emp_id: 5426] SKIPPED: Already updated today (2025-12-04 03:00:04)
[2025-12-04 08:41:22]   [emp_id: 5426] SKIPPED: Already updated today (2025-12-04 03:00:04)
[2025-12-04 08:41:22]   [emp_id: 5427] SKIPPED: Already updated today (2025-12-04 03:00:04)
[2025-12-04 08:41:22]   [emp_id: 5428] SKIPPED: Already updated today (2025-12-04 03:00:04)
[2025-12-04 08:41:22]   [emp_id: 5430] SKIPPED: Already updated today (2025-12-04 03:00:04)
[2025-12-04 08:41:22]   [emp_id: 5431] SKIPPED: Already updated today (2025-12-04 03:00:04)
[2025-12-04 08:41:22]   [emp_id: 5434] SKIPPED: Already updated today (2025-12-04 03:00:04)
[2025-12-04 08:41:22]   [emp_id: 5435] SKIPPED: Already updated today (2025-12-04 03:00:04)
[2025-12-04 08:41:22]   [emp_id: 5436] SKIPPED: Already updated today (2025-12-04 03:00:04)
[2025-12-04 08:41:22]   [emp_id: 5438] SKIPPED: Already updated today (2025-12-04 03:00:04)
[2025-12-04 08:41:22]   [emp_id: 5439] SKIPPED: Already updated today (2025-12-04 03:00:04)
[2025-12-04 08:41:22]   [emp_id: 5442] SKIPPED: Already updated today (2025-12-04 03:00:04)
[2025-12-04 08:41:22]   [emp_id: 5443] SKIPPED: Already updated today (2025-12-04 03:00:04)
[2025-12-04 08:41:22]   [emp_id: 5445] SKIPPED: Already updated today (2025-12-04 03:00:04)
[2025-12-04 08:41:22]   [emp_id: 5446] SKIPPED: Already updated today (2025-12-04 03:00:04)
[2025-12-04 08:41:22]   [emp_id: 5447] SKIPPED: Already updated today (2025-12-04 03:00:04)
[2025-12-04 08:41:22]   [emp_id: 5448] SKIPPED: Already updated today (2025-12-04 03:00:04)
[2025-12-04 08:41:22]   [emp_id: 5449] SKIPPED: Already updated today (2025-12-04 03:00:04)
[2025-12-04 08:41:22]   [emp_id: 5450] SKIPPED: Already updated today (2025-12-04 03:00:04)
[2025-12-04 08:41:22]   [emp_id: 5451] SKIPPED: Already updated today (2025-12-04 03:00:04)
[2025-12-04 08:41:22]   [emp_id: 5454] SKIPPED: Already updated today (2025-12-04 03:00:04)
[2025-12-04 08:41:22]   [emp_id: 5455] SKIPPED: Already updated today (2025-12-04 03:00:04)
[2025-12-04 08:41:22]   [emp_id: 5456] SKIPPED: Already updated today (2025-12-04 03:00:04)
[2025-12-04 08:41:22] 
[2025-12-04 08:41:22] ========== SUMMARY ==========
[2025-12-04 08:41:22] Total employees processed: 445
[2025-12-04 08:41:22] Records updated: 0
[2025-12-04 08:41:22] Balances changed: 0
[2025-12-04 08:41:22] Errors: 0
[2025-12-04 08:41:22] ========== CRON: Vacation Balance Update Completed ==========
[2025-12-04 08:41:22] 
