[2025-12-21 09:05:53] ========== CRON: Vacation Balance Update Started ==========
[2025-12-21 09:05:53] Database connection established
[2025-12-21 09:05:53] Found 445 active employees with balance records to update
[2025-12-21 09:05:53] (Only employees with status=1 will be processed)
[2025-12-21 09:05:53]   [emp_id: 1061] ✓ Updated: 30.73 → 32.48 (CHANGED)
[2025-12-21 09:05:53]   [emp_id: 1496] ✓ Updated: 13.9 → 15.65 (CHANGED)
[2025-12-21 09:05:53]   [emp_id: 1500] ✓ Updated: 23.15 → 24.9 (CHANGED)
[2025-12-21 09:05:53]   [emp_id: 1574] ✓ Updated: 30.81 → 32.56 (CHANGED)
[2025-12-21 09:05:53]   [emp_id: 1673] ✓ Updated: 42.31 → 44.06 (CHANGED)
[2025-12-21 09:05:53]   [emp_id: 1685] ✓ Updated: 12.23 → 13.98 (CHANGED)
[2025-12-21 09:05:53]   [emp_id: 1764] ✓ Updated: 66.9 → 68.65 (CHANGED)
[2025-12-21 09:05:53]   [emp_id: 1805] ✓ Updated: 61.23 → 62.98 (CHANGED)
[2025-12-21 09:05:53]   [emp_id: 1822] ✓ Updated: 65.98 → 67.73 (CHANGED)
[2025-12-21 09:05:53]   [emp_id: 1837] ✓ Updated: 22.15 → 23.9 (CHANGED)
[2025-12-21 09:05:53]   [emp_id: 1857] ✓ Updated: 17.48 → 19.23 (CHANGED)
[2025-12-21 09:05:53]   [emp_id: 1861] ✓ Updated: 68.31 → 70.06 (CHANGED)
[2025-12-21 09:05:53]   [emp_id: 1872] ✓ Updated: 7.15 → 8.9 (CHANGED)
[2025-12-21 09:05:53]   [emp_id: 1897] ✓ Updated: 29.48 → 31.23 (CHANGED)
[2025-12-21 09:05:53]   [emp_id: 1916] ✓ Updated: 71.81 → 73.56 (CHANGED)
[2025-12-21 09:05:53]   [emp_id: 1928] ✓ Updated: 61.73 → 63.48 (CHANGED)
[2025-12-21 09:05:53]   [emp_id: 1931] ✓ Updated: 81.65 → 83.4 (CHANGED)
[2025-12-21 09:05:53]   [emp_id: 1944] ✓ Updated: 39.81 → 41.56 (CHANGED)
[2025-12-21 09:05:53]   [emp_id: 1996] ✓ Updated: 68.31 → 70.06 (CHANGED)
[2025-12-21 09:05:53]   [emp_id: 1997] ✓ Updated: 33.48 → 35.23 (CHANGED)
[2025-12-21 09:05:53]   [emp_id: 1998] ✓ Updated: 84.81 → 86.56 (CHANGED)
[2025-12-21 09:05:53]   [emp_id: 1999] ✓ Updated: 85.81 → 87.56 (CHANGED)
[2025-12-21 09:05:53]   [emp_id: 2009] ✓ Updated: 32.23 → 33.98 (CHANGED)
[2025-12-21 09:05:53]   [emp_id: 2048] ✓ Updated: 22.06 → 23.81 (CHANGED)
[2025-12-21 09:05:53]   [emp_id: 2057] ✓ Updated: 62.9 → 64.65 (CHANGED)
[2025-12-21 09:05:53]   [emp_id: 2079] ✓ Updated: 45.23 → 46.98 (CHANGED)
[2025-12-21 09:05:53]   [emp_id: 2181] ✓ Updated: 34.23 → 35.98 (CHANGED)
[2025-12-21 09:05:53]   [emp_id: 2190] ✓ Updated: 3.56 → 5.31 (CHANGED)
[2025-12-21 09:05:53]   [emp_id: 2212] ✓ Updated: 21.56 → 23.31 (CHANGED)
[2025-12-21 09:05:53]   [emp_id: 2226] ✓ Updated: 66.31 → 68.06 (CHANGED)
[2025-12-21 09:05:53]   [emp_id: 2238] ✓ Updated: 64.56 → 66.31 (CHANGED)
[2025-12-21 09:05:53]   [emp_id: 2285] ✓ Updated: 33.23 → 34.98 (CHANGED)
[2025-12-21 09:05:53]   [emp_id: 2287] ✓ Updated: 44.9 → 46.65 (CHANGED)
[2025-12-21 09:05:53]   [emp_id: 2288] ✓ Updated: 59.81 → 61.56 (CHANGED)
[2025-12-21 09:05:53]   [emp_id: 2290] ✓ Updated: 76.73 → 78.48 (CHANGED)
[2025-12-21 09:05:53]   [emp_id: 2316] ✓ Updated: 13.73 → 15.48 (CHANGED)
[2025-12-21 09:05:53]   [emp_id: 2337] ✓ Updated: 34.81 → 36.56 (CHANGED)
[2025-12-21 09:05:53]   [emp_id: 2352] ✓ Updated: 66.31 → 68.06 (CHANGED)
[2025-12-21 09:05:53]   [emp_id: 2358] ✓ Updated: 2.81 → 4.56 (CHANGED)
[2025-12-21 09:05:53]   [emp_id: 2361] ✓ Updated: 68.48 → 70.23 (CHANGED)
[2025-12-21 09:05:53]   [emp_id: 2363] ✓ Updated: 71.06 → 72.81 (CHANGED)
[2025-12-21 09:05:53]   [emp_id: 2364] ✓ Updated: 70.48 → 72.23 (CHANGED)
[2025-12-21 09:05:53]   [emp_id: 2367] ✓ Updated: 98.15 → 99.9 (CHANGED)
[2025-12-21 09:05:53]   [emp_id: 2368] ✓ Updated: 28.56 → 30.31 (CHANGED)
[2025-12-21 09:05:53]   [emp_id: 2372] ✓ Updated: 65.81 → 67.56 (CHANGED)
[2025-12-21 09:05:53]   [emp_id: 2376] ✓ Updated: 115.81 → 117.56 (CHANGED)
[2025-12-21 09:05:53]   [emp_id: 2423] ✓ Updated: 16.56 → 18.31 (CHANGED)
[2025-12-21 09:05:53]   [emp_id: 2519] ✓ Updated: 170.23 → 171.98 (CHANGED)
[2025-12-21 09:05:54]   [emp_id: 2522] ✓ Updated: 53.81 → 55.56 (CHANGED)
[2025-12-21 09:05:54]   [emp_id: 2530] ✓ Updated: 49.06 → 50.81 (CHANGED)
[2025-12-21 09:05:54]   [emp_id: 2539] ✓ Updated: 45.81 → 47.56 (CHANGED)
[2025-12-21 09:05:54]   [emp_id: 2541] ✓ Updated: 26.4 → 28.15 (CHANGED)
[2025-12-21 09:05:54]   [emp_id: 2550] ✓ Updated: 92.56 → 94.31 (CHANGED)
[2025-12-21 09:05:54]   [emp_id: 2553] ✓ Updated: 59.56 → 61.31 (CHANGED)
[2025-12-21 09:05:54]   [emp_id: 2554] ✓ Updated: 36.15 → 37.9 (CHANGED)
[2025-12-21 09:05:54]   [emp_id: 2565] ✓ Updated: 90.73 → 92.48 (CHANGED)
[2025-12-21 09:05:54]   [emp_id: 2572] ✓ Updated: 40.73 → 42.48 (CHANGED)
[2025-12-21 09:05:54]   [emp_id: 2637] ✓ Updated: 61.31 → 63.06 (CHANGED)
[2025-12-21 09:05:54]   [emp_id: 2642] ✓ Updated: 74.06 → 75.81 (CHANGED)
[2025-12-21 09:05:54]   [emp_id: 2645] ✓ Updated: 90.06 → 91.81 (CHANGED)
[2025-12-21 09:05:54]   [emp_id: 2648] ✓ Updated: 41.73 → 43.48 (CHANGED)
[2025-12-21 09:05:54]   [emp_id: 2654] ✓ Updated: 84.4 → 86.15 (CHANGED)
[2025-12-21 09:05:54]   [emp_id: 2688] ✓ Updated: 22.48 → 24.23 (CHANGED)
[2025-12-21 09:05:54]   [emp_id: 2690] ✓ Updated: 11.23 → 12.98 (CHANGED)
[2025-12-21 09:05:54]   [emp_id: 2709] ✓ Updated: 33.48 → 35.23 (CHANGED)
[2025-12-21 09:05:54]   [emp_id: 2745] ✓ Updated: 30.06 → 31.81 (CHANGED)
[2025-12-21 09:05:54]   [emp_id: 2843] ✓ Updated: 76.65 → 78.4 (CHANGED)
[2025-12-21 09:05:54]   [emp_id: 2854] ✓ Updated: 56.56 → 58.31 (CHANGED)
[2025-12-21 09:05:54]   [emp_id: 2869] ✓ Updated: 61.48 → 63.23 (CHANGED)
[2025-12-21 09:05:54]   [emp_id: 2876] ✓ Updated: 31.31 → 33.06 (CHANGED)
[2025-12-21 09:05:54]   [emp_id: 2924] ✓ Updated: 12.48 → 14.23 (CHANGED)
[2025-12-21 09:05:54]   [emp_id: 2953] ✓ Updated: 98.23 → 99.98 (CHANGED)
[2025-12-21 09:05:54]   [emp_id: 2961] ✓ Updated: 8.23 → 9.98 (CHANGED)
[2025-12-21 09:05:54]   [emp_id: 2975] ✓ Updated: 10.23 → 11.98 (CHANGED)
[2025-12-21 09:05:54]   [emp_id: 3013] ✓ Updated: 7.23 → 8.98 (CHANGED)
[2025-12-21 09:05:54]   [emp_id: 3014] ✓ Updated: 86.48 → 88.23 (CHANGED)
[2025-12-21 09:05:54]   [emp_id: 3015] ✓ Updated: 37.73 → 39.48 (CHANGED)
[2025-12-21 09:05:54]   [emp_id: 3018] ✓ Updated: 56.48 → 58.23 (CHANGED)
[2025-12-21 09:05:54]   [emp_id: 3025] ✓ Updated: 80.15 → 81.9 (CHANGED)
[2025-12-21 09:05:54]   [emp_id: 3037] ✓ Updated: 79.98 → 81.73 (CHANGED)
[2025-12-21 09:05:54]   [emp_id: 3047] ✓ Updated: 68.23 → 69.98 (CHANGED)
[2025-12-21 09:05:54]   [emp_id: 3061] ✓ Updated: 15.15 → 16.9 (CHANGED)
[2025-12-21 09:05:54]   [emp_id: 3062] ✓ Updated: 48.31 → 50.06 (CHANGED)
[2025-12-21 09:05:54]   [emp_id: 3074] ✓ Updated: 104.73 → 106.48 (CHANGED)
[2025-12-21 09:05:54]   [emp_id: 3089] ✓ Updated: 3.65 → 5.4 (CHANGED)
[2025-12-21 09:05:54]   [emp_id: 3090] ✓ Updated: 30.23 → 31.98 (CHANGED)
[2025-12-21 09:05:54]   [emp_id: 3091] ✓ Updated: 42.23 → 43.98 (CHANGED)
[2025-12-21 09:05:54]   [emp_id: 3092] ✓ Updated: 24.9 → 26.65 (CHANGED)
[2025-12-21 09:05:54]   [emp_id: 3105] ✓ Updated: 45.23 → 46.98 (CHANGED)
[2025-12-21 09:05:54]   [emp_id: 3134] ✓ Updated: 40.98 → 42.73 (CHANGED)
[2025-12-21 09:05:54]   [emp_id: 3140] ✓ Updated: 38.06 → 39.81 (CHANGED)
[2025-12-21 09:05:54]   [emp_id: 3144] ✓ Updated: 10.9 → 12.65 (CHANGED)
[2025-12-21 09:05:54]   [emp_id: 3156] ✓ Updated: 14.23 → 15.98 (CHANGED)
[2025-12-21 09:05:54]   [emp_id: 3162] ✓ Updated: 29.23 → 30.98 (CHANGED)
[2025-12-21 09:05:54]   [emp_id: 3163] ✓ Updated: 2.48 → 4.23 (CHANGED)
[2025-12-21 09:05:54]   [emp_id: 3198] ✓ Updated: 37.48 → 39.23 (CHANGED)
[2025-12-21 09:05:54]   [emp_id: 3205] ✓ Updated: 14.15 → 15.9 (CHANGED)
[2025-12-21 09:05:54]   [emp_id: 3209] ✓ Updated: 38.31 → 40.06 (CHANGED)
[2025-12-21 09:05:54]   [emp_id: 3223] ✓ Updated: 87.23 → 88.98 (CHANGED)
[2025-12-21 09:05:54]   [emp_id: 3224] ✓ Updated: 61.98 → 63.73 (CHANGED)
[2025-12-21 09:05:54]   [emp_id: 3230] ✓ Updated: 85.4 → 87.15 (CHANGED)
[2025-12-21 09:05:54]   [emp_id: 3231] ✓ Updated: 86.65 → 88.4 (CHANGED)
[2025-12-21 09:05:54]   [emp_id: 3233] ✓ Updated: 78.23 → 79.98 (CHANGED)
[2025-12-21 09:05:54]   [emp_id: 3249] ✓ Updated: 34.06 → 35.81 (CHANGED)
[2025-12-21 09:05:54]   [emp_id: 3250] ✓ Updated: 7.06 → 8.81 (CHANGED)
[2025-12-21 09:05:54]   [emp_id: 3252] ✓ Updated: 7.98 → 9.73 (CHANGED)
[2025-12-21 09:05:54]   [emp_id: 3254] ✓ Updated: 18.48 → 20.23 (CHANGED)
[2025-12-21 09:05:54]   [emp_id: 3255] ✓ Updated: 14.9 → 16.65 (CHANGED)
[2025-12-21 09:05:54]   [emp_id: 3256] ✓ Updated: 11.15 → 12.9 (CHANGED)
[2025-12-21 09:05:54]   [emp_id: 3263] ✓ Updated: 27.23 → 28.98 (CHANGED)
[2025-12-21 09:05:54]   [emp_id: 3265] ✓ Updated: 22.81 → 24.56 (CHANGED)
[2025-12-21 09:05:54]   [emp_id: 3280] ✓ Updated: 69.73 → 71.48 (CHANGED)
[2025-12-21 09:05:54]   [emp_id: 3286] ✓ Updated: 12.9 → 14.65 (CHANGED)
[2025-12-21 09:05:54]   [emp_id: 3294] ✓ Updated: 12.56 → 14.31 (CHANGED)
[2025-12-21 09:05:54]   [emp_id: 3321] ✓ Updated: 69.73 → 71.48 (CHANGED)
[2025-12-21 09:05:54]   [emp_id: 3325] ✓ Updated: 57.48 → 59.23 (CHANGED)
[2025-12-21 09:05:54]   [emp_id: 3329] ✓ Updated: 59.81 → 61.56 (CHANGED)
[2025-12-21 09:05:54]   [emp_id: 3330] ✓ Updated: 59.81 → 61.56 (CHANGED)
[2025-12-21 09:05:54]   [emp_id: 3332] ✓ Updated: 17.33 → 18.91 (CHANGED)
[2025-12-21 09:05:54]   [emp_id: 3370] ✓ Updated: 51.48 → 53.23 (CHANGED)
[2025-12-21 09:05:54]   [emp_id: 3384] ✓ Updated: 11.98 → 13.73 (CHANGED)
[2025-12-21 09:05:54]   [emp_id: 3386] ✓ Updated: 41.98 → 43.73 (CHANGED)
[2025-12-21 09:05:54]   [emp_id: 3431] ✓ Updated: 17.4 → 19.15 (CHANGED)
[2025-12-21 09:05:54]   [emp_id: 3497] ✓ Updated: 6.56 → 8.31 (CHANGED)
[2025-12-21 09:05:54]   [emp_id: 3532] ✓ Updated: 43.4 → 45.15 (CHANGED)
[2025-12-21 09:05:54]   [emp_id: 3586] ✓ Updated: 7.48 → 9.23 (CHANGED)
[2025-12-21 09:05:54]   [emp_id: 3602] ✓ Updated: 50.48 → 52.23 (CHANGED)
[2025-12-21 09:05:54]   [emp_id: 3618] ✓ Updated: 54.98 → 56.73 (CHANGED)
[2025-12-21 09:05:54]   [emp_id: 3622] ✓ Updated: 32.89 → 34.11 (CHANGED)
[2025-12-21 09:05:54]   [emp_id: 3627] ✓ Updated: 6.9 → 8.65 (CHANGED)
[2025-12-21 09:05:54]   [emp_id: 3665] ✓ Updated: 48.48 → 50.23 (CHANGED)
[2025-12-21 09:05:54]   [emp_id: 3705] ✓ Updated: 26.22 → 27.44 (CHANGED)
[2025-12-21 09:05:54]   [emp_id: 3724] ✓ Updated: 41.48 → 43.23 (CHANGED)
[2025-12-21 09:05:54]   [emp_id: 3726] ✓ Updated: 57.9 → 59.65 (CHANGED)
[2025-12-21 09:05:54]   [emp_id: 3727] ✓ Updated: 62.98 → 64.73 (CHANGED)
[2025-12-21 09:05:54]   [emp_id: 3728] ✓ Updated: 7.31 → 9.06 (CHANGED)
[2025-12-21 09:05:54]   [emp_id: 3742] ✓ Updated: 30.48 → 32.23 (CHANGED)
[2025-12-21 09:05:54]   [emp_id: 3767] ✓ Updated: 58.06 → 59.81 (CHANGED)
[2025-12-21 09:05:54]   [emp_id: 3768] ✓ Updated: 54.31 → 56.06 (CHANGED)
[2025-12-21 09:05:55]   [emp_id: 3787] ✓ Updated: 54.9 → 56.65 (CHANGED)
[2025-12-21 09:05:55]   [emp_id: 3790] ✓ Updated: 59.06 → 60.81 (CHANGED)
[2025-12-21 09:05:55]   [emp_id: 3795] ✓ Updated: 12.4 → 14.15 (CHANGED)
[2025-12-21 09:05:55]   [emp_id: 3798] ✓ Updated: 90.81 → 92.56 (CHANGED)
[2025-12-21 09:05:55]   [emp_id: 3801] ✓ Updated: 28.98 → 30.73 (CHANGED)
[2025-12-21 09:05:55]   [emp_id: 3802] ✓ Updated: 28.06 → 29.81 (CHANGED)
[2025-12-21 09:05:55]   [emp_id: 3803] ✓ Updated: 112.48 → 114.23 (CHANGED)
[2025-12-21 09:05:55]   [emp_id: 3810] ✓ Updated: 58.48 → 60.23 (CHANGED)
[2025-12-21 09:05:55]   [emp_id: 3812] ✓ Updated: 87.48 → 89.23 (CHANGED)
[2025-12-21 09:05:55]   [emp_id: 3815] ✓ Updated: 87.48 → 89.23 (CHANGED)
[2025-12-21 09:05:55]   [emp_id: 3836] ✓ Updated: 55.15 → 56.9 (CHANGED)
[2025-12-21 09:05:55]   [emp_id: 3855] ✓ Updated: 48.31 → 50.06 (CHANGED)
[2025-12-21 09:05:55]   [emp_id: 3857] ✓ Updated: 51.98 → 53.73 (CHANGED)
[2025-12-21 09:05:55]   [emp_id: 3862] ✓ Updated: 100.06 → 101.81 (CHANGED)
[2025-12-21 09:05:55]   [emp_id: 3866] ✓ Updated: 25.31 → 27.06 (CHANGED)
[2025-12-21 09:05:55]   [emp_id: 3876] ✓ Updated: 45.48 → 47.23 (CHANGED)
[2025-12-21 09:05:55]   [emp_id: 3877] ✓ Updated: 46.98 → 48.73 (CHANGED)
[2025-12-21 09:05:55]   [emp_id: 3897] ✓ Updated: 35.23 → 36.98 (CHANGED)
[2025-12-21 09:05:55]   [emp_id: 3899] ✓ Updated: 50.4 → 52.15 (CHANGED)
[2025-12-21 09:05:55]   [emp_id: 3928] ✓ Updated: 11.31 → 13.06 (CHANGED)
[2025-12-21 09:05:55]   [emp_id: 3929] ✓ Updated: 6.31 → 8.06 (CHANGED)
[2025-12-21 09:05:55]   [emp_id: 3935] ✓ Updated: 91.31 → 93.06 (CHANGED)
[2025-12-21 09:05:55]   [emp_id: 3952] ✓ Updated: 73.65 → 75.4 (CHANGED)
[2025-12-21 09:05:55]   [emp_id: 3987] ✓ Updated: 11.56 → 13.31 (CHANGED)
[2025-12-21 09:05:55]   [emp_id: 4059] ✓ Updated: 14.31 → 16.06 (CHANGED)
[2025-12-21 09:05:55]   [emp_id: 4119] ✓ Updated: 54.23 → 55.98 (CHANGED)
[2025-12-21 09:05:55]   [emp_id: 4120] ✓ Updated: 23.81 → 25.56 (CHANGED)
[2025-12-21 09:05:55]   [emp_id: 4124] ✓ Updated: 54.23 → 55.98 (CHANGED)
[2025-12-21 09:05:55]   [emp_id: 4133] ✓ Updated: 102.81 → 104.56 (CHANGED)
[2025-12-21 09:05:55]   [emp_id: 4134] ✓ Updated: 23.81 → 25.56 (CHANGED)
[2025-12-21 09:05:55]   [emp_id: 4136] ✓ Updated: 23.81 → 25.56 (CHANGED)
[2025-12-21 09:05:55]   [emp_id: 4150] ✓ Updated: 22.48 → 24.23 (CHANGED)
[2025-12-21 09:05:55]   [emp_id: 4157] ✓ Updated: 15.98 → 17.73 (CHANGED)
[2025-12-21 09:05:55]   [emp_id: 4172] ✓ Updated: 10.8 → 12.02 (CHANGED)
[2025-12-21 09:05:55]   [emp_id: 4195] ✓ Updated: 59.56 → 61.31 (CHANGED)
[2025-12-21 09:05:55]   [emp_id: 4215] ✓ Updated: 42.23 → 43.98 (CHANGED)
[2025-12-21 09:05:55]   [emp_id: 4220] ✓ Updated: 37.81 → 39.56 (CHANGED)
[2025-12-21 09:05:55]   [emp_id: 4273] ✓ Updated: 6.48 → 8.23 (CHANGED)
[2025-12-21 09:05:55]   [emp_id: 4283] ✓ Updated: 11.89 → 13.11 (CHANGED)
[2025-12-21 09:05:55]   [emp_id: 4288] ✓ Updated: 41.31 → 43.06 (CHANGED)
[2025-12-21 09:05:55]   [emp_id: 4315] ✓ Updated: 12.73 → 14.48 (CHANGED)
[2025-12-21 09:05:55]   [emp_id: 4328] ✓ Updated: 40.72 → 41.94 (CHANGED)
[2025-12-21 09:05:55]   [emp_id: 4329] ✓ Updated: 2.9 → 4.65 (CHANGED)
[2025-12-21 09:05:55]   [emp_id: 4338] ✓ Updated: 44.48 → 46.23 (CHANGED)
[2025-12-21 09:05:55]   [emp_id: 4340] ✓ Updated: 123.48 → 125.23 (CHANGED)
[2025-12-21 09:05:55]   [emp_id: 4365] ✓ Updated: 57.9 → 59.65 (CHANGED)
[2025-12-21 09:05:55]   [emp_id: 4366] ✓ Updated: 56.98 → 58.73 (CHANGED)
[2025-12-21 09:05:55]   [emp_id: 4385] ✓ Updated: 47.65 → 49.4 (CHANGED)
[2025-12-21 09:05:55]   [emp_id: 4403] ✓ Updated: 82.81 → 84.56 (CHANGED)
[2025-12-21 09:05:55]   [emp_id: 4438] ✓ Updated: 18.48 → 20.23 (CHANGED)
[2025-12-21 09:05:55]   [emp_id: 4465] ✓ Updated: 11.05 → 12.27 (CHANGED)
[2025-12-21 09:05:55]   [emp_id: 4473] ✓ Updated: 42.06 → 43.81 (CHANGED)
[2025-12-21 09:05:55]   [emp_id: 4474] ✓ Updated: 57.8 → 59.02 (CHANGED)
[2025-12-21 09:05:55]   [emp_id: 4493] ✓ Updated: 160.9 → 162.65 (CHANGED)
[2025-12-21 09:05:55]   [emp_id: 4526] ✓ Updated: 33.15 → 34.9 (CHANGED)
[2025-12-21 09:05:55]   [emp_id: 4528] ✓ Updated: 104.9 → 106.65 (CHANGED)
[2025-12-21 09:05:55]   [emp_id: 4528] ✓ Updated: 104.9 → 106.65 (CHANGED)
[2025-12-21 09:05:55]   [emp_id: 4532] ✓ Updated: 68.55 → 69.77 (CHANGED)
[2025-12-21 09:05:55]   [emp_id: 4533] ✓ Updated: 33.31 → 35.06 (CHANGED)
[2025-12-21 09:05:55]   [emp_id: 4564] ✓ Updated: 23.8 → 25.02 (CHANGED)
[2025-12-21 09:05:55]   [emp_id: 4565] ✓ Updated: 13.55 → 14.77 (CHANGED)
[2025-12-21 09:05:55]   [emp_id: 4567] ✓ Updated: 17.8 → 19.02 (CHANGED)
[2025-12-21 09:05:55]   [emp_id: 4572] ✓ Updated: 57.3 → 58.52 (CHANGED)
[2025-12-21 09:05:55]   [emp_id: 4631] ✓ Updated: 13.55 → 14.77 (CHANGED)
[2025-12-21 09:05:55]   [emp_id: 4655] ✓ Updated: 22.23 → 23.98 (CHANGED)
[2025-12-21 09:05:55]   [emp_id: 4689] ✓ Updated: 19.9 → 21.65 (CHANGED)
[2025-12-21 09:05:55]   [emp_id: 4709] ✓ Updated: 37.48 → 39.23 (CHANGED)
[2025-12-21 09:05:55]   [emp_id: 4717] ✓ Updated: 63.48 → 65.23 (CHANGED)
[2025-12-21 09:05:55]   [emp_id: 4736] ✓ Updated: 25.31 → 27.06 (CHANGED)
[2025-12-21 09:05:55]   [emp_id: 4756] ✓ Updated: 59.44 → 60.66 (CHANGED)
[2025-12-21 09:05:55]   [emp_id: 4768] ✓ Updated: 9.98 → 11.73 (CHANGED)
[2025-12-21 09:05:55]   [emp_id: 4780] ✓ Updated: 63.72 → 64.94 (CHANGED)
[2025-12-21 09:05:55]   [emp_id: 4820] ✓ Updated: 96.31 → 98.06 (CHANGED)
[2025-12-21 09:05:55]   [emp_id: 4825] ✓ Updated: 28.06 → 29.81 (CHANGED)
[2025-12-21 09:05:55]   [emp_id: 4835] ✓ Updated: 46.47 → 47.69 (CHANGED)
[2025-12-21 09:05:55]   [emp_id: 4837] ✓ Updated: 43.71 → 44.93 (CHANGED)
[2025-12-21 09:05:55]   [emp_id: 4838] ✓ Updated: 42.73 → 43.95 (CHANGED)
[2025-12-21 09:05:55]   [emp_id: 4840] ✓ Updated: 43.71 → 44.93 (CHANGED)
[2025-12-21 09:05:55]   [emp_id: 4842] ✓ Updated: 42.95 → 44.17 (CHANGED)
[2025-12-21 09:05:55]   [emp_id: 4843] ✓ Updated: 43.48 → 44.7 (CHANGED)
[2025-12-21 09:05:55]   [emp_id: 4853] ✓ Updated: 87.3 → 88.52 (CHANGED)
[2025-12-21 09:05:55]   [emp_id: 4856] ✓ Updated: 40.62 → 41.84 (CHANGED)
[2025-12-21 09:05:55]   [emp_id: 4857] ✓ Updated: 23.44 → 24.66 (CHANGED)
[2025-12-21 09:05:55]   [emp_id: 4858] ✓ Updated: 20.32 → 21.54 (CHANGED)
[2025-12-21 09:05:55]   [emp_id: 4859] ✓ Updated: 41.79 → 43.01 (CHANGED)
[2025-12-21 09:05:55]   [emp_id: 4860] ✓ Updated: 6.29 → 7.51 (CHANGED)
[2025-12-21 09:05:55]   [emp_id: 4861] ✓ Updated: 39.75 → 40.97 (CHANGED)
[2025-12-21 09:05:55]   [emp_id: 4869] ✓ Updated: 82.63 → 83.85 (CHANGED)
[2025-12-21 09:05:55]   [emp_id: 4894] ✓ Updated: 4.98 → 6.73 (CHANGED)
[2025-12-21 09:05:56]   [emp_id: 4897] ✓ Updated: 21.53 → 22.75 (CHANGED)
[2025-12-21 09:05:56]   [emp_id: 4899] ✓ Updated: 17.7 → 18.92 (CHANGED)
[2025-12-21 09:05:56]   [emp_id: 4902] ✓ Updated: 17.12 → 18.34 (CHANGED)
[2025-12-21 09:05:56]   [emp_id: 4903] ✓ Updated: 19.34 → 20.56 (CHANGED)
[2025-12-21 09:05:56]   [emp_id: 4905] ✓ Updated: 18 → 19.22 (CHANGED)
[2025-12-21 09:05:56]   [emp_id: 4907] ✓ Updated: 45.06 → 46.81 (CHANGED)
[2025-12-21 09:05:56]   [emp_id: 4917] ✓ Updated: 14.96 → 16.18 (CHANGED)
[2025-12-21 09:05:56]   [emp_id: 4918] ✓ Updated: 4.73 → 5.95 (CHANGED)
[2025-12-21 09:05:56]   [emp_id: 4919] ✓ Updated: 57.02 → 58.24 (CHANGED)
[2025-12-21 09:05:56]   [emp_id: 4920] ✓ Updated: 56.85 → 58.07 (CHANGED)
[2025-12-21 09:05:56]   [emp_id: 4921] ✓ Updated: 16.19 → 17.41 (CHANGED)
[2025-12-21 09:05:56]   [emp_id: 4927] ✓ Updated: 15.02 → 16.24 (CHANGED)
[2025-12-21 09:05:56]   [emp_id: 4929] ✓ Updated: 16.54 → 17.76 (CHANGED)
[2025-12-21 09:05:56]   [emp_id: 4930] ✓ Updated: 57.31 → 58.53 (CHANGED)
[2025-12-21 09:05:56]   [emp_id: 4932] ✓ Updated: 15.31 → 16.53 (CHANGED)
[2025-12-21 09:05:56]   [emp_id: 4933] ✓ Updated: 18.72 → 19.94 (CHANGED)
[2025-12-21 09:05:56]   [emp_id: 4949] ✓ Updated: 34.15 → 35.37 (CHANGED)
[2025-12-21 09:05:56]   [emp_id: 4956] ✓ Updated: 31.47 → 32.69 (CHANGED)
[2025-12-21 09:05:56]   [emp_id: 4957] ✓ Updated: 28.41 → 29.63 (CHANGED)
[2025-12-21 09:05:56]   [emp_id: 4962] ✓ Updated: 51.31 → 53.06 (CHANGED)
[2025-12-21 09:05:56]   [emp_id: 4969] ✓ Updated: 43.73 → 45.48 (CHANGED)
[2025-12-21 09:05:56]   [emp_id: 4976] ✓ Updated: 8.43 → 9.65 (CHANGED)
[2025-12-21 09:05:56]   [emp_id: 4984] ✓ Updated: 34.98 → 36.73 (CHANGED)
[2025-12-21 09:05:56]   [emp_id: 4995] ✓ Updated: 47.05 → 48.8 (CHANGED)
[2025-12-21 09:05:56]   [emp_id: 5004] ✓ Updated: 44.11 → 45.33 (CHANGED)
[2025-12-21 09:05:56]   [emp_id: 5006] ✓ Updated: 25.11 → 26.33 (CHANGED)
[2025-12-21 09:05:56]   [emp_id: 5011] ✓ Updated: 10.65 → 12.4 (CHANGED)
[2025-12-21 09:05:56]   [emp_id: 5013] ✓ Updated: 65.48 → 66.7 (CHANGED)
[2025-12-21 09:05:56]   [emp_id: 5018] ✓ Updated: 19.72 → 20.94 (CHANGED)
[2025-12-21 09:05:56]   [emp_id: 5021] ✓ Updated: 62.22 → 63.44 (CHANGED)
[2025-12-21 09:05:56]   [emp_id: 5021] ✓ Updated: 62.22 → 63.44 (CHANGED)
[2025-12-21 09:05:56]   [emp_id: 5024] ✓ Updated: 12.37 → 13.59 (CHANGED)
[2025-12-21 09:05:56]   [emp_id: 5029] ✓ Updated: 21.97 → 23.19 (CHANGED)
[2025-12-21 09:05:56]   [emp_id: 5030] ✓ Updated: 36.97 → 38.19 (CHANGED)
[2025-12-21 09:05:56]   [emp_id: 5033] ✓ Updated: 20.74 → 21.96 (CHANGED)
[2025-12-21 09:05:56]   [emp_id: 5043] ✓ Updated: 27.65 → 29.4 (CHANGED)
[2025-12-21 09:05:56]   [emp_id: 5045] ✓ Updated: 24.15 → 25.9 (CHANGED)
[2025-12-21 09:05:56]   [emp_id: 5046] ✓ Updated: 19.34 → 21.09 (CHANGED)
[2025-12-21 09:05:56]   [emp_id: 5049] ✓ Updated: 37.42 → 38.64 (CHANGED)
[2025-12-21 09:05:56]   [emp_id: 5052] ✓ Updated: 28.7 → 29.92 (CHANGED)
[2025-12-21 09:05:56]   [emp_id: 5055] ✓ Updated: 35.89 → 37.11 (CHANGED)
[2025-12-21 09:05:56]   [emp_id: 5058] ✓ Updated: 26.12 → 27.34 (CHANGED)
[2025-12-21 09:05:56]   [emp_id: 5062] ✓ Updated: 37.95 → 39.17 (CHANGED)
[2025-12-21 09:05:56]   [emp_id: 5064] ✓ Updated: 114.98 → 116.73 (CHANGED)
[2025-12-21 09:05:56]   [emp_id: 5065] ✓ Updated: 37.36 → 38.58 (CHANGED)
[2025-12-21 09:05:56]   [emp_id: 5071] ✓ Updated: 20.48 → 22.23 (CHANGED)
[2025-12-21 09:05:56]   [emp_id: 5073] ✓ Updated: 11.96 → 13.18 (CHANGED)
[2025-12-21 09:05:56]   [emp_id: 5079] ✓ Updated: 32.52 → 33.74 (CHANGED)
[2025-12-21 09:05:56]   [emp_id: 5080] ✓ Updated: 29.85 → 31.07 (CHANGED)
[2025-12-21 09:05:56]   [emp_id: 5081] ✓ Updated: 34.85 → 36.07 (CHANGED)
[2025-12-21 09:05:56]   [emp_id: 5087] ✓ Updated: 34.15 → 35.37 (CHANGED)
[2025-12-21 09:05:56]   [emp_id: 5091] ✓ Updated: 74 → 75.22 (CHANGED)
[2025-12-21 09:05:56]   [emp_id: 5093] ✓ Updated: 11.65 → 13.4 (CHANGED)
[2025-12-21 09:05:56]   [emp_id: 5095] ✓ Updated: 0.75 → 1.85 (CHANGED)
[2025-12-21 09:05:56]   [emp_id: 5101] ✓ Updated: 13.73 → 15.48 (CHANGED)
[2025-12-21 09:05:56]   [emp_id: 5107] ✓ Updated: 12.06 → 13.81 (CHANGED)
[2025-12-21 09:05:56]   [emp_id: 5109] ✓ Updated: 9.31 → 11.06 (CHANGED)
[2025-12-21 09:05:56]   [emp_id: 5119] ✓ Updated: 7.48 → 9.23 (CHANGED)
[2025-12-21 09:05:56]   [emp_id: 5122] ✓ Updated: 4.65 → 6.4 (CHANGED)
[2025-12-21 09:05:56]   [emp_id: 5126] ✓ Updated: 24.88 → 26.1 (CHANGED)
[2025-12-21 09:05:56]   [emp_id: 5127] ✓ Updated: 22.03 → 22.73 (CHANGED)
[2025-12-21 09:05:56]   [emp_id: 5128] ✓ Updated: 24.82 → 26.04 (CHANGED)
[2025-12-21 09:05:56]   [emp_id: 5138] ✓ Updated: 63.31 → 65.06 (CHANGED)
[2025-12-21 09:05:56]   [emp_id: 5138] ✓ Updated: 63.31 → 65.06 (CHANGED)
[2025-12-21 09:05:56]   [emp_id: 5141] ✓ Updated: 33.19 → 34.41 (CHANGED)
[2025-12-21 09:05:56]   [emp_id: 5142] ✓ Updated: 12.19 → 13.41 (CHANGED)
[2025-12-21 09:05:56]   [emp_id: 5146] ✓ Updated: 19.19 → 20.41 (CHANGED)
[2025-12-21 09:05:56]   [emp_id: 5147] ✓ Updated: 18.19 → 19.41 (CHANGED)
[2025-12-21 09:05:56]   [emp_id: 5148] ✓ Updated: 23.54 → 24.76 (CHANGED)
[2025-12-21 09:05:56]   [emp_id: 5149] ✓ Updated: 22.43 → 23.65 (CHANGED)
[2025-12-21 09:05:56]   [emp_id: 5150] ✓ Updated: 21.79 → 23.01 (CHANGED)
[2025-12-21 09:05:56]   [emp_id: 5151] ✓ Updated: 21.61 → 22.83 (CHANGED)
[2025-12-21 09:05:56]   [emp_id: 5152] ✓ Updated: 2.03 → 3.25 (CHANGED)
[2025-12-21 09:05:56]   [emp_id: 5157] ✓ Updated: 21.61 → 22.83 (CHANGED)
[2025-12-21 09:05:56]   [emp_id: 5160] ✓ Updated: 21.61 → 22.83 (CHANGED)
[2025-12-21 09:05:56]   [emp_id: 5163] ✓ Updated: 19.4 → 20.62 (CHANGED)
[2025-12-21 09:05:56]   [emp_id: 5165] ✓ Updated: 27.65 → 29.4 (CHANGED)
[2025-12-21 09:05:56]   [emp_id: 5167] ✓ Updated: 28.55 → 29.77 (CHANGED)
[2025-12-21 09:05:56]   [emp_id: 5168] ✓ Updated: 21.09 → 22.31 (CHANGED)
[2025-12-21 09:05:56]   [emp_id: 5173] ✓ Updated: 22.4 → 24.15 (CHANGED)
[2025-12-21 09:05:56]   [emp_id: 5174] ✓ Updated: 21.55 → 22.77 (CHANGED)
[2025-12-21 09:05:56]   [emp_id: 5181] ✓ Updated: 17.94 → 19.16 (CHANGED)
[2025-12-21 09:05:56]   [emp_id: 5186] ✓ Updated: 23.47 → 24.69 (CHANGED)
[2025-12-21 09:05:56]   [emp_id: 5187] ✓ Updated: 34.47 → 35.69 (CHANGED)
[2025-12-21 09:05:56]   [emp_id: 5204] ✓ Updated: 19.9 → 21.65 (CHANGED)
[2025-12-21 09:05:56]   [emp_id: 5205] ✓ Updated: 10.68 → 11.9 (CHANGED)
[2025-12-21 09:05:56]   [emp_id: 5209] ✓ Updated: 13.68 → 14.9 (CHANGED)
[2025-12-21 09:05:56]   [emp_id: 5211] ✓ Updated: 5.68 → 6.9 (CHANGED)
[2025-12-21 09:05:56]   [emp_id: 5213] ✓ Updated: 5.68 → 6.9 (CHANGED)
[2025-12-21 09:05:56]   [emp_id: 5214] ✓ Updated: 13.68 → 14.9 (CHANGED)
[2025-12-21 09:05:56]   [emp_id: 5215] ✓ Updated: 8.68 → 9.9 (CHANGED)
[2025-12-21 09:05:56]   [emp_id: 5217] ✓ Updated: 7.68 → 8.9 (CHANGED)
[2025-12-21 09:05:56]   [emp_id: 5218] ✓ Updated: 13.68 → 14.9 (CHANGED)
[2025-12-21 09:05:57]   [emp_id: 5219] ✓ Updated: 11.68 → 12.9 (CHANGED)
[2025-12-21 09:05:57]   [emp_id: 5221] ✓ Updated: 7.68 → 8.9 (CHANGED)
[2025-12-21 09:05:57]   [emp_id: 5224] ✓ Updated: 12.68 → 13.9 (CHANGED)
[2025-12-21 09:05:57]   [emp_id: 5225] ✓ Updated: 7.35 → 8.57 (CHANGED)
[2025-12-21 09:05:57]   [emp_id: 5228] ✓ Updated: 7.68 → 8.9 (CHANGED)
[2025-12-21 09:05:57]   [emp_id: 5229] ✓ Updated: 3.68 → 4.9 (CHANGED)
[2025-12-21 09:05:57]   [emp_id: 5230] ✓ Updated: 13.68 → 14.9 (CHANGED)
[2025-12-21 09:05:57]   [emp_id: 5231] ✓ Updated: 4.68 → 5.9 (CHANGED)
[2025-12-21 09:05:57]   [emp_id: 5232] ✓ Updated: 9.68 → 10.9 (CHANGED)
[2025-12-21 09:05:57]   [emp_id: 5233] ✓ Updated: 2.68 → 3.9 (CHANGED)
[2025-12-21 09:05:57]   [emp_id: 5234] ✓ Updated: 2.68 → 3.9 (CHANGED)
[2025-12-21 09:05:57]   [emp_id: 5235] ✓ Updated: 13.68 → 14.9 (CHANGED)
[2025-12-21 09:05:57]   [emp_id: 5237] ✓ Updated: 13.68 → 14.9 (CHANGED)
[2025-12-21 09:05:57]   [emp_id: 5238] ✓ Updated: 6.3 → 7.52 (CHANGED)
[2025-12-21 09:05:57]   [emp_id: 5239] ✓ Updated: 5.68 → 6.9 (CHANGED)
[2025-12-21 09:05:57]   [emp_id: 5241] ✓ Updated: 3.68 → 4.9 (CHANGED)
[2025-12-21 09:05:57]   [emp_id: 5242] ✓ Updated: 13.68 → 14.9 (CHANGED)
[2025-12-21 09:05:57]   [emp_id: 5243] ✓ Updated: 5.68 → 6.9 (CHANGED)
[2025-12-21 09:05:57]   [emp_id: 5244] ✓ Updated: 9.68 → 10.9 (CHANGED)
[2025-12-21 09:05:57]   [emp_id: 5246] ✓ Updated: 9.68 → 10.9 (CHANGED)
[2025-12-21 09:05:57]   [emp_id: 5253] ✓ Updated: 28.3 → 29.52 (CHANGED)
[2025-12-21 09:05:57]   [emp_id: 5254] ✓ Updated: 10.53 → 11.75 (CHANGED)
[2025-12-21 09:05:57]   [emp_id: 5257] ✓ Updated: 10.24 → 11.46 (CHANGED)
[2025-12-21 09:05:57]   [emp_id: 5259] ✓ Updated: 46.77 → 47.99 (CHANGED)
[2025-12-21 09:05:57]   [emp_id: 5261] ✓ Updated: 47.4 → 49.15 (CHANGED)
[2025-12-21 09:05:57]   [emp_id: 5264] ✓ Updated: 24.25 → 25.47 (CHANGED)
[2025-12-21 09:05:57]   [emp_id: 5266] ✓ Updated: 24.2 → 25.42 (CHANGED)
[2025-12-21 09:05:57]   [emp_id: 5268] ✓ Updated: 7.44 → 8.66 (CHANGED)
[2025-12-21 09:05:57]   [emp_id: 5271] ✓ Updated: 6.1 → 7.32 (CHANGED)
[2025-12-21 09:05:57]   [emp_id: 5272] ✓ Updated: 6.97 → 8.19 (CHANGED)
[2025-12-21 09:05:57]   [emp_id: 5273] ✓ Updated: 28.79 → 30.01 (CHANGED)
[2025-12-21 09:05:57]   [emp_id: 5275] ✓ Updated: 7.79 → 9.01 (CHANGED)
[2025-12-21 09:05:57]   [emp_id: 5276] ✓ Updated: 28.79 → 30.01 (CHANGED)
[2025-12-21 09:05:57]   [emp_id: 5278] ✓ Updated: 6.45 → 7.67 (CHANGED)
[2025-12-21 09:05:57]   [emp_id: 5280] ✓ Updated: 16.85 → 18.07 (CHANGED)
[2025-12-21 09:05:57]   [emp_id: 5282] ✓ Updated: 8.98 → 10.73 (CHANGED)
[2025-12-21 09:05:57]   [emp_id: 5285] ✓ Updated: 26.85 → 28.07 (CHANGED)
[2025-12-21 09:05:57]   [emp_id: 5286] ✓ Updated: 13.85 → 15.07 (CHANGED)
[2025-12-21 09:05:57]   [emp_id: 5287] ✓ Updated: 48.15 → 49.37 (CHANGED)
[2025-12-21 09:05:57]   [emp_id: 5288] ✓ Updated: 37.16 → 38.38 (CHANGED)
[2025-12-21 09:05:57]   [emp_id: 5289] ✓ Updated: 46.7 → 47.92 (CHANGED)
[2025-12-21 09:05:57]   [emp_id: 5290] ✓ Updated: 45.47 → 46.69 (CHANGED)
[2025-12-21 09:05:57]   [emp_id: 5291] ✓ Updated: 3.47 → 4.69 (CHANGED)
[2025-12-21 09:05:57]   [emp_id: 5292] ✓ Updated: 3.41 → 4.63 (CHANGED)
[2025-12-21 09:05:57]   [emp_id: 5293] ✓ Updated: 35.15 → 36.9 (CHANGED)
[2025-12-21 09:05:57]   [emp_id: 5294] ✓ Updated: 4.9 → 6.65 (CHANGED)
[2025-12-21 09:05:57]   [emp_id: 5295] ✓ Updated: 19.65 → 20.87 (CHANGED)
[2025-12-21 09:05:57]   [emp_id: 5296] ✓ Updated: 37.81 → 39.56 (CHANGED)
[2025-12-21 09:05:57]   [emp_id: 5297] ✓ Updated: 44.07 → 45.29 (CHANGED)
[2025-12-21 09:05:57]   [emp_id: 5298] ✓ Updated: 44.07 → 45.29 (CHANGED)
[2025-12-21 09:05:57]   [emp_id: 5299] ✓ Updated: 44.07 → 45.29 (CHANGED)
[2025-12-21 09:05:57]   [emp_id: 5300] ✓ Updated: 44.07 → 45.29 (CHANGED)
[2025-12-21 09:05:57]   [emp_id: 5301] ✓ Updated: 44.07 → 45.29 (CHANGED)
[2025-12-21 09:05:57]   [emp_id: 5303] ✓ Updated: 44.07 → 45.29 (CHANGED)
[2025-12-21 09:05:57]   [emp_id: 5304] ✓ Updated: 44.07 → 45.29 (CHANGED)
[2025-12-21 09:05:57]   [emp_id: 5305] ✓ Updated: 2.07 → 3.29 (CHANGED)
[2025-12-21 09:05:57]   [emp_id: 5306] ✓ Updated: 43.78 → 45 (CHANGED)
[2025-12-21 09:05:57]   [emp_id: 5307] ✓ Updated: 43.78 → 45 (CHANGED)
[2025-12-21 09:05:57]   [emp_id: 5312] ✓ Updated: 41.45 → 42.67 (CHANGED)
[2025-12-21 09:05:57]   [emp_id: 5318] ✓ Updated: 24.49 → 25.71 (CHANGED)
[2025-12-21 09:05:57]   [emp_id: 5325] ✓ Updated: 20.45 → 21.67 (CHANGED)
[2025-12-21 09:05:57]   [emp_id: 5326] ✓ Updated: 41.27 → 42.49 (CHANGED)
[2025-12-21 09:05:57]   [emp_id: 5327] ✓ Updated: 40.45 → 41.67 (CHANGED)
[2025-12-21 09:05:57]   [emp_id: 5328] ✓ Updated: 40.45 → 41.67 (CHANGED)
[2025-12-21 09:05:57]   [emp_id: 5329] ✓ Updated: 40.45 → 41.67 (CHANGED)
[2025-12-21 09:05:57]   [emp_id: 5331] ✓ Updated: 19.86 → 21.08 (CHANGED)
[2025-12-21 09:05:57]   [emp_id: 5337] ✓ Updated: 32.81 → 34.56 (CHANGED)
[2025-12-21 09:05:57]   [emp_id: 5339] ✓ Updated: 8.64 → 9.86 (CHANGED)
[2025-12-21 09:05:57]   [emp_id: 5343] ✓ Updated: 42.73 → 44.48 (CHANGED)
[2025-12-21 09:05:57]   [emp_id: 5343] ✓ Updated: 42.73 → 44.48 (CHANGED)
[2025-12-21 09:05:57]   [emp_id: 5345] ✓ Updated: 12.56 → 14.31 (CHANGED)
[2025-12-21 09:05:57]   [emp_id: 5346] ✓ Updated: 37.36 → 38.58 (CHANGED)
[2025-12-21 09:05:57]   [emp_id: 5351] ✓ Updated: 16.3 → 17.52 (CHANGED)
[2025-12-21 09:05:57]   [emp_id: 5352] ✓ Updated: 22.98 → 24.73 (CHANGED)
[2025-12-21 09:05:57]   [emp_id: 5370] ✓ Updated: 13.95 → 15.17 (CHANGED)
[2025-12-21 09:05:57]   [emp_id: 5371] ✓ Updated: 6.56 → 8.31 (CHANGED)
[2025-12-21 09:05:57]   [emp_id: 5376] ✓ Updated: 8.55 → 9.77 (CHANGED)
[2025-12-21 09:05:57]   [emp_id: 5378] ✓ Updated: 20.73 → 22.48 (CHANGED)
[2025-12-21 09:05:57]   [emp_id: 5380] ✓ Updated: 14.96 → 16.18 (CHANGED)
[2025-12-21 09:05:57]   [emp_id: 5381] ✓ Updated: 15.15 → 16.9 (CHANGED)
[2025-12-21 09:05:57]   [emp_id: 5383] ✓ Updated: 13.56 → 15.31 (CHANGED)
[2025-12-21 09:05:57]   [emp_id: 5388] ✓ Updated: 25.74 → 26.96 (CHANGED)
[2025-12-21 09:05:57]   [emp_id: 5392] ✓ Updated: 11.48 → 13.23 (CHANGED)
[2025-12-21 09:05:57]   [emp_id: 5396] ✓ Updated: 26.98 → 28.2 (CHANGED)
[2025-12-21 09:05:57]   [emp_id: 5397] ✓ Updated: 23.19 → 24.41 (CHANGED)
[2025-12-21 09:05:57]   [emp_id: 5401] ✓ Updated: 21.55 → 22.77 (CHANGED)
[2025-12-21 09:05:57]   [emp_id: 5402] ✓ Updated: 21.67 → 22.89 (CHANGED)
[2025-12-21 09:05:57]   [emp_id: 5406] ✓ Updated: 20.39 → 21.61 (CHANGED)
[2025-12-21 09:05:58]   [emp_id: 5407] ✓ Updated: 22.23 → 23.98 (CHANGED)
[2025-12-21 09:05:58]   [emp_id: 5408] ✓ Updated: 19.98 → 21.73 (CHANGED)
[2025-12-21 09:05:58]   [emp_id: 5409] ✓ Updated: 18.46 → 19.68 (CHANGED)
[2025-12-21 09:05:58]   [emp_id: 5413] ✓ Updated: 25.73 → 27.48 (CHANGED)
[2025-12-21 09:05:58]   [emp_id: 5414] ✓ Updated: 25.4 → 27.15 (CHANGED)
[2025-12-21 09:05:58]   [emp_id: 5415] ✓ Updated: 16.23 → 17.98 (CHANGED)
[2025-12-21 09:05:58]   [emp_id: 5418] ✓ Updated: 16.54 → 17.76 (CHANGED)
[2025-12-21 09:05:58]   [emp_id: 5422] ✓ Updated: 18.06 → 19.81 (CHANGED)
[2025-12-21 09:05:58]   [emp_id: 5423] ✓ Updated: 14.65 → 16.4 (CHANGED)
[2025-12-21 09:05:58]   [emp_id: 5423] ✓ Updated: 14.65 → 16.4 (CHANGED)
[2025-12-21 09:05:58]   [emp_id: 5423] ✓ Updated: 14.65 → 16.4 (CHANGED)
[2025-12-21 09:05:58]   [emp_id: 5424] ✓ Updated: 12.34 → 13.56 (CHANGED)
[2025-12-21 09:05:58]   [emp_id: 5425] ✓ Updated: 12.34 → 13.56 (CHANGED)
[2025-12-21 09:05:58]   [emp_id: 5426] ✓ Updated: 3.82 → 5.57 (CHANGED)
[2025-12-21 09:05:58]   [emp_id: 5426] ✓ Updated: 3.82 → 5.57 (CHANGED)
[2025-12-21 09:05:58]   [emp_id: 5427] ✓ Updated: 12.45 → 13.67 (CHANGED)
[2025-12-21 09:05:58]   [emp_id: 5428] ✓ Updated: 12.34 → 13.56 (CHANGED)
[2025-12-21 09:05:58]   [emp_id: 5430] ✓ Updated: 15.06 → 16.81 (CHANGED)
[2025-12-21 09:05:58]   [emp_id: 5431] ✓ Updated: 11.46 → 12.68 (CHANGED)
[2025-12-21 09:05:58]   [emp_id: 5434] ✓ Updated: 11.23 → 12.45 (CHANGED)
[2025-12-21 09:05:58]   [emp_id: 5435] ✓ Updated: 11.17 → 12.39 (CHANGED)
[2025-12-21 09:05:58]   [emp_id: 5436] ✓ Updated: 11.17 → 12.39 (CHANGED)
[2025-12-21 09:05:58]   [emp_id: 5438] ✓ Updated: 12.98 → 14.73 (CHANGED)
[2025-12-21 09:05:58]   [emp_id: 5439] ✓ Updated: 22.48 → 24.23 (CHANGED)
[2025-12-21 09:05:58]   [emp_id: 5442] ✓ Updated: 11.48 → 13.23 (CHANGED)
[2025-12-21 09:05:58]   [emp_id: 5443] ✓ Updated: 6.85 → 8.07 (CHANGED)
[2025-12-21 09:05:58]   [emp_id: 5445] ✓ Updated: 5.63 → 6.85 (CHANGED)
[2025-12-21 09:05:58]   [emp_id: 5446] ✓ Updated: 5.63 → 6.85 (CHANGED)
[2025-12-21 09:05:58]   [emp_id: 5447] ✓ Updated: 5.57 → 6.79 (CHANGED)
[2025-12-21 09:05:58]   [emp_id: 5448] ✓ Updated: 6.4 → 8.15 (CHANGED)
[2025-12-21 09:05:58]   [emp_id: 5449] ✓ Updated: 3.65 → 4.87 (CHANGED)
[2025-12-21 09:05:58]   [emp_id: 5450] ✓ Updated: 3.59 → 4.81 (CHANGED)
[2025-12-21 09:05:58]   [emp_id: 5451] ✓ Updated: 3.59 → 4.81 (CHANGED)
[2025-12-21 09:05:58]   [emp_id: 5454] ✓ Updated: 4.56 → 6.31 (CHANGED)
[2025-12-21 09:05:58]   [emp_id: 5455] ✓ Updated: 2.81 → 4.56 (CHANGED)
[2025-12-21 09:05:58]   [emp_id: 5456] ✓ Updated: 3.81 → 5.56 (CHANGED)
[2025-12-21 09:05:58] 
[2025-12-21 09:05:58] ========== SUMMARY ==========
[2025-12-21 09:05:58] Total employees processed: 445
[2025-12-21 09:05:58] Records updated: 445
[2025-12-21 09:05:58] Balances changed: 445
[2025-12-21 09:05:58] Errors: 0
[2025-12-21 09:05:58] ========== CRON: Vacation Balance Update Completed ==========
[2025-12-21 09:05:58] 
