[2025-12-19 00:30:02] ========== CRON: Vacation Balance Update Started ==========
[2025-12-19 00:30:02] Database connection established
[2025-12-19 00:30:02] Found 437 active employees with balance records to update
[2025-12-19 00:30:02] (Only employees with status=1 will be processed)
[2025-12-19 00:30:02]   [emp_id: 1061] ✓ Updated: 32.08 → 32.16 (CHANGED)
[2025-12-19 00:30:02]   [emp_id: 1496] ✓ Updated: 15.25 → 15.33 (CHANGED)
[2025-12-19 00:30:02]   [emp_id: 1500] ✓ Updated: 24.5 → 24.58 (CHANGED)
[2025-12-19 00:30:02]   [emp_id: 1574] ✓ Updated: 32.16 → 32.24 (CHANGED)
[2025-12-19 00:30:02]   [emp_id: 1673] ✓ Updated: 43.66 → 43.74 (CHANGED)
[2025-12-19 00:30:02]   [emp_id: 1685] ✓ Updated: 13.58 → 13.66 (CHANGED)
[2025-12-19 00:30:02]   [emp_id: 1764] ✓ Updated: 68.25 → 68.33 (CHANGED)
[2025-12-19 00:30:02]   [emp_id: 1805] ✓ Updated: 62.58 → 62.66 (CHANGED)
[2025-12-19 00:30:02]   [emp_id: 1822] ✓ Updated: 67.33 → 67.41 (CHANGED)
[2025-12-19 00:30:02]   [emp_id: 1837] ✓ Updated: 23.5 → 23.58 (CHANGED)
[2025-12-19 00:30:02]   [emp_id: 1857] ✓ Updated: 18.83 → 18.91 (CHANGED)
[2025-12-19 00:30:02]   [emp_id: 1861] ✓ Updated: 69.66 → 69.74 (CHANGED)
[2025-12-19 00:30:02]   [emp_id: 1872] ✓ Updated: 8.5 → 8.58 (CHANGED)
[2025-12-19 00:30:02]   [emp_id: 1897] ✓ Updated: 30.83 → 30.91 (CHANGED)
[2025-12-19 00:30:02]   [emp_id: 1916] ✓ Updated: 10.13 → 10.21 (CHANGED)
[2025-12-19 00:30:02]   [emp_id: 1928] ✓ Updated: 63.08 → 63.16 (CHANGED)
[2025-12-19 00:30:02]   [emp_id: 1931] ✓ Updated: 83 → 83.08 (CHANGED)
[2025-12-19 00:30:02]   [emp_id: 1944] ✓ Updated: 41.16 → 41.24 (CHANGED)
[2025-12-19 00:30:02]   [emp_id: 1996] ✓ Updated: 69.66 → 69.74 (CHANGED)
[2025-12-19 00:30:02]   [emp_id: 1997] ✓ Updated: 34.83 → 34.91 (CHANGED)
[2025-12-19 00:30:02]   [emp_id: 1998] ✓ Updated: 86.16 → 86.24 (CHANGED)
[2025-12-19 00:30:02]   [emp_id: 1999] ✓ Updated: 87.16 → 87.24 (CHANGED)
[2025-12-19 00:30:02]   [emp_id: 2009] ✓ Updated: 33.58 → 33.66 (CHANGED)
[2025-12-19 00:30:02]   [emp_id: 2048] ✓ Updated: 23.41 → 23.49 (CHANGED)
[2025-12-19 00:30:02]   [emp_id: 2057] ✓ Updated: 64.25 → 64.33 (CHANGED)
[2025-12-19 00:30:02]   [emp_id: 2079] ✓ Updated: 46.58 → 46.66 (CHANGED)
[2025-12-19 00:30:02]   [emp_id: 2181] ✓ Updated: 35.58 → 35.66 (CHANGED)
[2025-12-19 00:30:02]   [emp_id: 2190] ✓ Updated: 4.91 → 4.99 (CHANGED)
[2025-12-19 00:30:02]   [emp_id: 2212] ✓ Updated: 22.91 → 22.99 (CHANGED)
[2025-12-19 00:30:02]   [emp_id: 2226] ✓ Updated: 67.66 → 67.74 (CHANGED)
[2025-12-19 00:30:02]   [emp_id: 2238] ✓ Updated: 65.91 → 65.99 (CHANGED)
[2025-12-19 00:30:02]   [emp_id: 2285] ✓ Updated: 34.58 → 34.66 (CHANGED)
[2025-12-19 00:30:02]   [emp_id: 2287] ✓ Updated: 46.25 → 46.33 (CHANGED)
[2025-12-19 00:30:02]   [emp_id: 2288] ✓ Updated: 61.16 → 61.24 (CHANGED)
[2025-12-19 00:30:02]   [emp_id: 2290] ✓ Updated: 78.08 → 78.16 (CHANGED)
[2025-12-19 00:30:02]   [emp_id: 2316] ✓ Updated: 15.08 → 15.16 (CHANGED)
[2025-12-19 00:30:02]   [emp_id: 2337] ✓ Updated: 36.16 → 36.24 (CHANGED)
[2025-12-19 00:30:02]   [emp_id: 2352] ✓ Updated: 67.66 → 67.74 (CHANGED)
[2025-12-19 00:30:02]   [emp_id: 2358] ✓ Updated: 4.16 → 4.24 (CHANGED)
[2025-12-19 00:30:02]   [emp_id: 2361] ✓ Updated: 69.83 → 69.91 (CHANGED)
[2025-12-19 00:30:02]   [emp_id: 2363] ✓ Updated: 72.41 → 72.49 (CHANGED)
[2025-12-19 00:30:02]   [emp_id: 2364] ✓ Updated: 71.83 → 71.91 (CHANGED)
[2025-12-19 00:30:02]   [emp_id: 2367] ✓ Updated: 99.5 → 99.58 (CHANGED)
[2025-12-19 00:30:02]   [emp_id: 2368] ✓ Updated: 29.91 → 29.99 (CHANGED)
[2025-12-19 00:30:02]   [emp_id: 2372] ✓ Updated: 67.16 → 67.24 (CHANGED)
[2025-12-19 00:30:02]   [emp_id: 2376] ✓ Updated: 117.16 → 117.24 (CHANGED)
[2025-12-19 00:30:02]   [emp_id: 2423] ✓ Updated: 17.91 → 17.99 (CHANGED)
[2025-12-19 00:30:02]   [emp_id: 2519] ✓ Updated: 171.58 → 171.66 (CHANGED)
[2025-12-19 00:30:02]   [emp_id: 2522] ✓ Updated: 55.16 → 55.24 (CHANGED)
[2025-12-19 00:30:02]   [emp_id: 2530] ✓ Updated: 50.41 → 50.49 (CHANGED)
[2025-12-19 00:30:03]   [emp_id: 2539] ✓ Updated: 47.16 → 47.24 (CHANGED)
[2025-12-19 00:30:03]   [emp_id: 2541] ✓ Updated: 27.75 → 27.83 (CHANGED)
[2025-12-19 00:30:03]   [emp_id: 2550] ✓ Updated: 93.91 → 93.99 (CHANGED)
[2025-12-19 00:30:03]   [emp_id: 2553] ✓ Updated: 60.91 → 60.99 (CHANGED)
[2025-12-19 00:30:03]   [emp_id: 2554] ✓ Updated: 37.5 → 37.58 (CHANGED)
[2025-12-19 00:30:03]   [emp_id: 2565] ✓ Updated: 92.08 → 92.16 (CHANGED)
[2025-12-19 00:30:03]   [emp_id: 2572] ✓ Updated: 42.08 → 42.16 (CHANGED)
[2025-12-19 00:30:03]   [emp_id: 2637] ✓ Updated: 62.66 → 62.74 (CHANGED)
[2025-12-19 00:30:03]   [emp_id: 2642] ✓ Updated: 75.41 → 75.49 (CHANGED)
[2025-12-19 00:30:03]   [emp_id: 2645] ✓ Updated: 91.41 → 91.49 (CHANGED)
[2025-12-19 00:30:03]   [emp_id: 2648] ✓ Updated: 43.08 → 43.16 (CHANGED)
[2025-12-19 00:30:03]   [emp_id: 2654] ✓ Updated: 85.75 → 85.83 (CHANGED)
[2025-12-19 00:30:03]   [emp_id: 2688] ✓ Updated: 23.83 → 23.91 (CHANGED)
[2025-12-19 00:30:03]   [emp_id: 2690] ✓ Updated: 12.58 → 12.66 (CHANGED)
[2025-12-19 00:30:03]   [emp_id: 2709] ✓ Updated: 34.83 → 34.91 (CHANGED)
[2025-12-19 00:30:03]   [emp_id: 2745] ✓ Updated: 31.41 → 31.49 (CHANGED)
[2025-12-19 00:30:03]   [emp_id: 2843] ✓ Updated: 78 → 78.08 (CHANGED)
[2025-12-19 00:30:03]   [emp_id: 2854] ✓ Updated: 57.91 → 57.99 (CHANGED)
[2025-12-19 00:30:03]   [emp_id: 2869] ✓ Updated: 62.83 → 62.91 (CHANGED)
[2025-12-19 00:30:03]   [emp_id: 2876] ✓ Updated: 32.66 → 32.74 (CHANGED)
[2025-12-19 00:30:03]   [emp_id: 2924] ✓ Updated: 13.83 → 13.91 (CHANGED)
[2025-12-19 00:30:03]   [emp_id: 2953] ✓ Updated: 99.58 → 99.66 (CHANGED)
[2025-12-19 00:30:03]   [emp_id: 2961] ✓ Updated: 9.58 → 9.66 (CHANGED)
[2025-12-19 00:30:03]   [emp_id: 2975] ✓ Updated: 11.58 → 11.66 (CHANGED)
[2025-12-19 00:30:03]   [emp_id: 3013] ✓ Updated: 8.58 → 8.66 (CHANGED)
[2025-12-19 00:30:03]   [emp_id: 3014] ✓ Updated: 87.83 → 87.91 (CHANGED)
[2025-12-19 00:30:03]   [emp_id: 3015] ✓ Updated: 39.08 → 39.16 (CHANGED)
[2025-12-19 00:30:03]   [emp_id: 3018] ✓ Updated: 57.83 → 57.91 (CHANGED)
[2025-12-19 00:30:03]   [emp_id: 3025] ✓ Updated: 81.5 → 81.58 (CHANGED)
[2025-12-19 00:30:03]   [emp_id: 3037] ✓ Updated: 81.33 → 81.41 (CHANGED)
[2025-12-19 00:30:03]   [emp_id: 3047] ✓ Updated: 69.58 → 69.66 (CHANGED)
[2025-12-19 00:30:03]   [emp_id: 3061] ✓ Updated: 16.5 → 16.58 (CHANGED)
[2025-12-19 00:30:03]   [emp_id: 3062] ✓ Updated: 49.66 → 49.74 (CHANGED)
[2025-12-19 00:30:03]   [emp_id: 3074] ✓ Updated: 106.08 → 106.16 (CHANGED)
[2025-12-19 00:30:03]   [emp_id: 3089] ✓ Updated: 5 → 5.08 (CHANGED)
[2025-12-19 00:30:03]   [emp_id: 3090] ✓ Updated: 31.58 → 31.66 (CHANGED)
[2025-12-19 00:30:03]   [emp_id: 3091] ✓ Updated: 43.58 → 43.66 (CHANGED)
[2025-12-19 00:30:03]   [emp_id: 3092] ✓ Updated: 26.25 → 26.33 (CHANGED)
[2025-12-19 00:30:03]   [emp_id: 3105] ✓ Updated: 46.58 → 46.66 (CHANGED)
[2025-12-19 00:30:03]   [emp_id: 3134] ✓ Updated: 42.33 → 42.41 (CHANGED)
[2025-12-19 00:30:03]   [emp_id: 3140] ✓ Updated: 39.41 → 39.49 (CHANGED)
[2025-12-19 00:30:03]   [emp_id: 3144] ✓ Updated: 12.25 → 12.33 (CHANGED)
[2025-12-19 00:30:03]   [emp_id: 3156] ✓ Updated: 15.58 → 15.66 (CHANGED)
[2025-12-19 00:30:03]   [emp_id: 3162] ✓ Updated: 0.56 → 0.64 (CHANGED)
[2025-12-19 00:30:03]   [emp_id: 3163] ✓ Updated: 3.83 → 3.91 (CHANGED)
[2025-12-19 00:30:03]   [emp_id: 3198] ✓ Updated: 38.83 → 38.91 (CHANGED)
[2025-12-19 00:30:03]   [emp_id: 3205] ✓ Updated: 15.5 → 15.58 (CHANGED)
[2025-12-19 00:30:03]   [emp_id: 3209] ✓ Updated: 39.66 → 39.74 (CHANGED)
[2025-12-19 00:30:03]   [emp_id: 3223] ✓ Updated: 88.58 → 88.66 (CHANGED)
[2025-12-19 00:30:03]   [emp_id: 3224] ✓ Updated: 63.33 → 63.41 (CHANGED)
[2025-12-19 00:30:03]   [emp_id: 3230] ✓ Updated: 86.75 → 86.83 (CHANGED)
[2025-12-19 00:30:03]   [emp_id: 3231] ✓ Updated: 88 → 88.08 (CHANGED)
[2025-12-19 00:30:03]   [emp_id: 3233] ✓ Updated: 79.58 → 79.66 (CHANGED)
[2025-12-19 00:30:03]   [emp_id: 3249] ✓ Updated: 35.41 → 35.49 (CHANGED)
[2025-12-19 00:30:03]   [emp_id: 3250] ✓ Updated: 8.41 → 8.49 (CHANGED)
[2025-12-19 00:30:03]   [emp_id: 3252] ✓ Updated: 9.33 → 9.41 (CHANGED)
[2025-12-19 00:30:03]   [emp_id: 3254] ✓ Updated: 19.83 → 19.91 (CHANGED)
[2025-12-19 00:30:03]   [emp_id: 3255] ✓ Updated: 16.25 → 16.33 (CHANGED)
[2025-12-19 00:30:03]   [emp_id: 3256] ✓ Updated: 12.5 → 12.58 (CHANGED)
[2025-12-19 00:30:03]   [emp_id: 3263] ✓ Updated: 28.58 → 28.66 (CHANGED)
[2025-12-19 00:30:03]   [emp_id: 3265] ✓ Updated: 24.16 → 24.24 (CHANGED)
[2025-12-19 00:30:03]   [emp_id: 3280] ✓ Updated: 71.08 → 71.16 (CHANGED)
[2025-12-19 00:30:03]   [emp_id: 3286] ✓ Updated: 14.25 → 14.33 (CHANGED)
[2025-12-19 00:30:03]   [emp_id: 3294] ✓ Updated: 13.91 → 13.99 (CHANGED)
[2025-12-19 00:30:03]   [emp_id: 3321] ✓ Updated: 71.08 → 71.16 (CHANGED)
[2025-12-19 00:30:03]   [emp_id: 3325] ✓ Updated: 58.83 → 58.91 (CHANGED)
[2025-12-19 00:30:03]   [emp_id: 3329] ✓ Updated: 61.16 → 61.24 (CHANGED)
[2025-12-19 00:30:03]   [emp_id: 3330] ✓ Updated: 61.16 → 61.24 (CHANGED)
[2025-12-19 00:30:03]   [emp_id: 3332] ✓ Updated: 61.16 → 61.24 (CHANGED)
[2025-12-19 00:30:03]   [emp_id: 3370] ✓ Updated: 52.83 → 52.91 (CHANGED)
[2025-12-19 00:30:03]   [emp_id: 3384] ✓ Updated: 13.33 → 13.41 (CHANGED)
[2025-12-19 00:30:03]   [emp_id: 3386] ✓ Updated: 43.33 → 43.41 (CHANGED)
[2025-12-19 00:30:03]   [emp_id: 3431] ✓ Updated: 17.75 → 17.83 (CHANGED)
[2025-12-19 00:30:03]   [emp_id: 3497] ✓ Updated: 7.91 → 7.99 (CHANGED)
[2025-12-19 00:30:03]   [emp_id: 3532] ✓ Updated: 44.75 → 44.83 (CHANGED)
[2025-12-19 00:30:03]   [emp_id: 3586] ✓ Updated: 8.83 → 8.91 (CHANGED)
[2025-12-19 00:30:03]   [emp_id: 3602] ✓ Updated: 0.32 → 0.4 (CHANGED)
[2025-12-19 00:30:03]   [emp_id: 3618] ✓ Updated: 22.3 → 22.38 (CHANGED)
[2025-12-19 00:30:03]   [emp_id: 3622] ✓ Updated: 33.7 → 33.75 (CHANGED)
[2025-12-19 00:30:03]   [emp_id: 3627] ✓ Updated: 8.25 → 8.33 (CHANGED)
[2025-12-19 00:30:03]   [emp_id: 3665] ✓ Updated: 49.83 → 49.91 (CHANGED)
[2025-12-19 00:30:03]   [emp_id: 3705] ✓ Updated: 27.03 → 27.08 (CHANGED)
[2025-12-19 00:30:03]   [emp_id: 3724] ✓ Updated: 42.83 → 42.91 (CHANGED)
[2025-12-19 00:30:03]   [emp_id: 3726] ✓ Updated: 59.25 → 59.33 (CHANGED)
[2025-12-19 00:30:03]   [emp_id: 3727] ✓ Updated: 64.33 → 64.41 (CHANGED)
[2025-12-19 00:30:03]   [emp_id: 3728] ✓ Updated: 8.66 → 8.74 (CHANGED)
[2025-12-19 00:30:03]   [emp_id: 3742] ✓ Updated: 31.83 → 31.91 (CHANGED)
[2025-12-19 00:30:03]   [emp_id: 3767] ✓ Updated: 59.41 → 59.49 (CHANGED)
[2025-12-19 00:30:03]   [emp_id: 3768] ✓ Updated: 55.66 → 55.74 (CHANGED)
[2025-12-19 00:30:03]   [emp_id: 3787] ✓ Updated: 56.25 → 56.33 (CHANGED)
[2025-12-19 00:30:03]   [emp_id: 3790] ✓ Updated: 0.8 → 0.88 (CHANGED)
[2025-12-19 00:30:03]   [emp_id: 3795] ✓ Updated: 13.75 → 13.83 (CHANGED)
[2025-12-19 00:30:03]   [emp_id: 3798] ✓ Updated: 92.16 → 92.24 (CHANGED)
[2025-12-19 00:30:03]   [emp_id: 3801] ✓ Updated: 30.33 → 30.41 (CHANGED)
[2025-12-19 00:30:03]   [emp_id: 3802] ✓ Updated: 29.41 → 29.49 (CHANGED)
[2025-12-19 00:30:03]   [emp_id: 3803] ✓ Updated: 113.83 → 113.91 (CHANGED)
[2025-12-19 00:30:03]   [emp_id: 3810] ✓ Updated: 59.83 → 59.91 (CHANGED)
[2025-12-19 00:30:03]   [emp_id: 3812] ✓ Updated: 88.83 → 88.91 (CHANGED)
[2025-12-19 00:30:03]   [emp_id: 3815] ✓ Updated: 88.83 → 88.91 (CHANGED)
[2025-12-19 00:30:03]   [emp_id: 3836] ✓ Updated: 56.5 → 56.58 (CHANGED)
[2025-12-19 00:30:03]   [emp_id: 3855] ✓ Updated: 49.66 → 49.74 (CHANGED)
[2025-12-19 00:30:03]   [emp_id: 3857] ✓ Updated: 53.33 → 53.41 (CHANGED)
[2025-12-19 00:30:03]   [emp_id: 3862] ✓ Updated: 101.41 → 101.49 (CHANGED)
[2025-12-19 00:30:03]   [emp_id: 3866] ✓ Updated: 26.66 → 26.74 (CHANGED)
[2025-12-19 00:30:03]   [emp_id: 3876] ✓ Updated: 46.83 → 46.91 (CHANGED)
[2025-12-19 00:30:03]   [emp_id: 3877] ✓ Updated: 48.33 → 48.41 (CHANGED)
[2025-12-19 00:30:03]   [emp_id: 3897] ✓ Updated: 36.58 → 36.66 (CHANGED)
[2025-12-19 00:30:03]   [emp_id: 3899] ✓ Updated: 51.75 → 51.83 (CHANGED)
[2025-12-19 00:30:03]   [emp_id: 3928] ✓ Updated: 12.66 → 12.74 (CHANGED)
[2025-12-19 00:30:03]   [emp_id: 3929] ✓ Updated: 7.66 → 7.74 (CHANGED)
[2025-12-19 00:30:03]   [emp_id: 3935] ✓ Updated: 92.66 → 92.74 (CHANGED)
[2025-12-19 00:30:03]   [emp_id: 3952] ✓ Updated: 75 → 75.08 (CHANGED)
[2025-12-19 00:30:03]   [emp_id: 3987] ✓ Updated: 12.91 → 12.99 (CHANGED)
[2025-12-19 00:30:03]   [emp_id: 4059] ✓ Updated: 2.11 → 2.19 (CHANGED)
[2025-12-19 00:30:03]   [emp_id: 4119] ✓ Updated: 55.58 → 55.66 (CHANGED)
[2025-12-19 00:30:03]   [emp_id: 4120] ✓ Updated: 25.16 → 25.24 (CHANGED)
[2025-12-19 00:30:03]   [emp_id: 4124] ✓ Updated: 55.58 → 55.66 (CHANGED)
[2025-12-19 00:30:03]   [emp_id: 4133] ✓ Updated: 104.16 → 104.24 (CHANGED)
[2025-12-19 00:30:03]   [emp_id: 4134] ✓ Updated: 25.16 → 25.24 (CHANGED)
[2025-12-19 00:30:03]   [emp_id: 4136] ✓ Updated: 25.16 → 25.24 (CHANGED)
[2025-12-19 00:30:03]   [emp_id: 4150] ✓ Updated: 23.83 → 23.91 (CHANGED)
[2025-12-19 00:30:03]   [emp_id: 4157] ✓ Updated: 17.33 → 17.41 (CHANGED)
[2025-12-19 00:30:03]   [emp_id: 4172] ✓ Updated: 11.61 → 11.66 (CHANGED)
[2025-12-19 00:30:03]   [emp_id: 4195] ✓ Updated: 60.91 → 60.99 (CHANGED)
[2025-12-19 00:30:03]   [emp_id: 4215] ✓ Updated: 43.58 → 43.66 (CHANGED)
[2025-12-19 00:30:03]   [emp_id: 4220] ✓ Updated: 39.16 → 39.24 (CHANGED)
[2025-12-19 00:30:03]   [emp_id: 4273] ✓ Updated: 7.83 → 7.91 (CHANGED)
[2025-12-19 00:30:03]   [emp_id: 4283] ✓ Updated: 12.7 → 12.75 (CHANGED)
[2025-12-19 00:30:03]   [emp_id: 4288] ✓ Updated: 0.08 → 0.16 (CHANGED)
[2025-12-19 00:30:03]   [emp_id: 4315] ✓ Updated: 14.08 → 14.16 (CHANGED)
[2025-12-19 00:30:03]   [emp_id: 4328] ✓ Updated: 41.53 → 41.58 (CHANGED)
[2025-12-19 00:30:03]   [emp_id: 4329] ✓ Updated: 4.25 → 4.33 (CHANGED)
[2025-12-19 00:30:03]   [emp_id: 4338] ✓ Updated: 45.83 → 45.91 (CHANGED)
[2025-12-19 00:30:03]   [emp_id: 4340] ✓ Updated: 124.83 → 124.91 (CHANGED)
[2025-12-19 00:30:03]   [emp_id: 4365] ✓ Updated: 59.25 → 59.33 (CHANGED)
[2025-12-19 00:30:03]   [emp_id: 4366] ✓ Updated: 58.33 → 58.41 (CHANGED)
[2025-12-19 00:30:03]   [emp_id: 4403] ✓ Updated: 84.16 → 84.24 (CHANGED)
[2025-12-19 00:30:03]   [emp_id: 4438] ✓ Updated: 19.83 → 19.91 (CHANGED)
[2025-12-19 00:30:03]   [emp_id: 4465] ✓ Updated: 11.86 → 11.91 (CHANGED)
[2025-12-19 00:30:03]   [emp_id: 4473] ✓ Updated: 43.41 → 43.49 (CHANGED)
[2025-12-19 00:30:03]   [emp_id: 4474] ✓ Updated: 58.61 → 58.66 (CHANGED)
[2025-12-19 00:30:03]   [emp_id: 4493] ✓ Updated: 162.25 → 162.33 (CHANGED)
[2025-12-19 00:30:03]   [emp_id: 4526] ✓ Updated: 34.5 → 34.58 (CHANGED)
[2025-12-19 00:30:03]   [emp_id: 4528] ✓ Updated: 106.25 → 106.33 (CHANGED)
[2025-12-19 00:30:03]   [emp_id: 4528] ✓ Updated: 106.25 → 106.33 (CHANGED)
[2025-12-19 00:30:03]   [emp_id: 4532] ✓ Updated: 6.98 → 7.03 (CHANGED)
[2025-12-19 00:30:03]   [emp_id: 4533] ✓ Updated: 34.66 → 34.74 (CHANGED)
[2025-12-19 00:30:04]   [emp_id: 4564] ✓ Updated: 24.61 → 24.66 (CHANGED)
[2025-12-19 00:30:04]   [emp_id: 4565] ✓ Updated: 14.36 → 14.41 (CHANGED)
[2025-12-19 00:30:04]   [emp_id: 4567] ✓ Updated: 18.61 → 18.66 (CHANGED)
[2025-12-19 00:30:04]   [emp_id: 4572] ✓ Updated: 58.11 → 58.16 (CHANGED)
[2025-12-19 00:30:04]   [emp_id: 4631] ✓ Updated: 14.36 → 14.41 (CHANGED)
[2025-12-19 00:30:04]   [emp_id: 4655] ✓ Updated: 23.58 → 23.66 (CHANGED)
[2025-12-19 00:30:04]   [emp_id: 4689] ✓ Updated: 21.25 → 21.33 (CHANGED)
[2025-12-19 00:30:04]   [emp_id: 4709] ✓ Updated: 38.83 → 38.91 (CHANGED)
[2025-12-19 00:30:04]   [emp_id: 4717] ✓ Updated: 64.83 → 64.91 (CHANGED)
[2025-12-19 00:30:04]   [emp_id: 4736] ✓ Updated: 26.66 → 26.74 (CHANGED)
[2025-12-19 00:30:04]   [emp_id: 4756] ✓ Updated: 60.25 → 60.3 (CHANGED)
[2025-12-19 00:30:04]   [emp_id: 4768] ✓ Updated: 11.33 → 11.41 (CHANGED)
[2025-12-19 00:30:04]   [emp_id: 4780] ✓ Updated: 64.53 → 64.58 (CHANGED)
[2025-12-19 00:30:04]   [emp_id: 4820] ✓ Updated: 97.66 → 97.74 (CHANGED)
[2025-12-19 00:30:04]   [emp_id: 4825] ✓ Updated: 29.41 → 29.49 (CHANGED)
[2025-12-19 00:30:04]   [emp_id: 4835] ✓ Updated: 47.28 → 47.33 (CHANGED)
[2025-12-19 00:30:04]   [emp_id: 4837] ✓ Updated: 44.52 → 44.57 (CHANGED)
[2025-12-19 00:30:04]   [emp_id: 4838] ✓ Updated: 43.54 → 43.59 (CHANGED)
[2025-12-19 00:30:04]   [emp_id: 4840] ✓ Updated: 44.52 → 44.57 (CHANGED)
[2025-12-19 00:30:04]   [emp_id: 4842] ✓ Updated: 43.76 → 43.81 (CHANGED)
[2025-12-19 00:30:04]   [emp_id: 4843] ✓ Updated: 44.29 → 44.34 (CHANGED)
[2025-12-19 00:30:04]   [emp_id: 4853] ✓ Updated: 88.11 → 88.16 (CHANGED)
[2025-12-19 00:30:04]   [emp_id: 4856] ✓ Updated: 41.43 → 41.48 (CHANGED)
[2025-12-19 00:30:04]   [emp_id: 4857] ✓ Updated: 24.25 → 24.3 (CHANGED)
[2025-12-19 00:30:04]   [emp_id: 4858] ✓ Updated: 21.13 → 21.18 (CHANGED)
[2025-12-19 00:30:04]   [emp_id: 4859] ✓ Updated: 42.6 → 42.65 (CHANGED)
[2025-12-19 00:30:04]   [emp_id: 4860] ✓ Updated: 7.1 → 7.15 (CHANGED)
[2025-12-19 00:30:04]   [emp_id: 4861] ✓ Updated: 40.56 → 40.61 (CHANGED)
[2025-12-19 00:30:04]   [emp_id: 4869] ✓ Updated: 83.44 → 83.49 (CHANGED)
[2025-12-19 00:30:04]   [emp_id: 4894] ✓ Updated: 6.33 → 6.41 (CHANGED)
[2025-12-19 00:30:04]   [emp_id: 4897] ✓ Updated: 22.34 → 22.39 (CHANGED)
[2025-12-19 00:30:04]   [emp_id: 4899] ✓ Updated: 18.51 → 18.56 (CHANGED)
[2025-12-19 00:30:04]   [emp_id: 4902] ✓ Updated: 17.93 → 17.98 (CHANGED)
[2025-12-19 00:30:04]   [emp_id: 4903] ✓ Updated: 20.15 → 20.2 (CHANGED)
[2025-12-19 00:30:04]   [emp_id: 4905] ✓ Updated: 18.81 → 18.86 (CHANGED)
[2025-12-19 00:30:04]   [emp_id: 4907] ✓ Updated: 46.41 → 46.49 (CHANGED)
[2025-12-19 00:30:04]   [emp_id: 4917] ✓ Updated: 15.77 → 15.82 (CHANGED)
[2025-12-19 00:30:04]   [emp_id: 4918] ✓ Updated: 5.54 → 5.59 (CHANGED)
[2025-12-19 00:30:04]   [emp_id: 4919] ✓ Updated: 57.83 → 57.88 (CHANGED)
[2025-12-19 00:30:04]   [emp_id: 4920] ✓ Updated: 57.66 → 57.71 (CHANGED)
[2025-12-19 00:30:04]   [emp_id: 4921] ✓ Updated: 17 → 17.05 (CHANGED)
[2025-12-19 00:30:04]   [emp_id: 4927] ✓ Updated: 15.83 → 15.88 (CHANGED)
[2025-12-19 00:30:04]   [emp_id: 4929] ✓ Updated: 17.35 → 17.4 (CHANGED)
[2025-12-19 00:30:04]   [emp_id: 4930] ✓ Updated: 58.12 → 58.17 (CHANGED)
[2025-12-19 00:30:04]   [emp_id: 4932] ✓ Updated: 16.12 → 16.17 (CHANGED)
[2025-12-19 00:30:04]   [emp_id: 4933] ✓ Updated: 19.53 → 19.58 (CHANGED)
[2025-12-19 00:30:04]   [emp_id: 4949] ✓ Updated: 34.96 → 35.01 (CHANGED)
[2025-12-19 00:30:04]   [emp_id: 4956] ✓ Updated: 28.55 → 28.6 (CHANGED)
[2025-12-19 00:30:04]   [emp_id: 4957] ✓ Updated: 29.22 → 29.27 (CHANGED)
[2025-12-19 00:30:04]   [emp_id: 4962] ✓ Updated: 52.66 → 52.74 (CHANGED)
[2025-12-19 00:30:04]   [emp_id: 4969] ✓ Updated: 45.08 → 45.16 (CHANGED)
[2025-12-19 00:30:04]   [emp_id: 4976] ✓ Updated: 9.24 → 9.29 (CHANGED)
[2025-12-19 00:30:04]   [emp_id: 4984] ✓ Updated: 36.33 → 36.41 (CHANGED)
[2025-12-19 00:30:04]   [emp_id: 4995] ✓ Updated: 48.4 → 48.48 (CHANGED)
[2025-12-19 00:30:04]   [emp_id: 5004] ✓ Updated: 44.92 → 44.97 (CHANGED)
[2025-12-19 00:30:04]   [emp_id: 5006] ✓ Updated: 25.92 → 25.97 (CHANGED)
[2025-12-19 00:30:04]   [emp_id: 5011] ✓ Updated: 12 → 12.08 (CHANGED)
[2025-12-19 00:30:04]   [emp_id: 5013] ✓ Updated: 66.29 → 66.34 (CHANGED)
[2025-12-19 00:30:04]   [emp_id: 5018] ✓ Updated: 20.53 → 20.58 (CHANGED)
[2025-12-19 00:30:04]   [emp_id: 5021] ✓ Updated: 63.51 → 63.59 (CHANGED)
[2025-12-19 00:30:04]   [emp_id: 5021] ✓ Updated: 63.51 → 63.59 (CHANGED)
[2025-12-19 00:30:04]   [emp_id: 5024] ✓ Updated: 0.8 → 0.85 (CHANGED)
[2025-12-19 00:30:04]   [emp_id: 5030] ✓ Updated: 30.75 → 30.8 (CHANGED)
[2025-12-19 00:30:04]   [emp_id: 5033] ✓ Updated: 21.55 → 21.6 (CHANGED)
[2025-12-19 00:30:04]   [emp_id: 5043] ✓ Updated: 29 → 29.08 (CHANGED)
[2025-12-19 00:30:04]   [emp_id: 5045] ✓ Updated: 25.5 → 25.58 (CHANGED)
[2025-12-19 00:30:04]   [emp_id: 5046] ✓ Updated: 20.69 → 20.77 (CHANGED)
[2025-12-19 00:30:04]   [emp_id: 5049] ✓ Updated: 38.23 → 38.28 (CHANGED)
[2025-12-19 00:30:04]   [emp_id: 5052] ✓ Updated: 29.51 → 29.56 (CHANGED)
[2025-12-19 00:30:04]   [emp_id: 5055] ✓ Updated: 36.7 → 36.75 (CHANGED)
[2025-12-19 00:30:04]   [emp_id: 5058] ✓ Updated: 26.93 → 26.98 (CHANGED)
[2025-12-19 00:30:04]   [emp_id: 5062] ✓ Updated: 38.76 → 38.81 (CHANGED)
[2025-12-19 00:30:04]   [emp_id: 5064] ✓ Updated: 116.33 → 116.41 (CHANGED)
[2025-12-19 00:30:04]   [emp_id: 5065] ✓ Updated: 38.17 → 38.22 (CHANGED)
[2025-12-19 00:30:04]   [emp_id: 5071] ✓ Updated: 21.83 → 21.91 (CHANGED)
[2025-12-19 00:30:04]   [emp_id: 5073] ✓ Updated: 12.77 → 12.82 (CHANGED)
[2025-12-19 00:30:04]   [emp_id: 5079] ✓ Updated: 33.33 → 33.38 (CHANGED)
[2025-12-19 00:30:04]   [emp_id: 5080] ✓ Updated: 30.66 → 30.71 (CHANGED)
[2025-12-19 00:30:04]   [emp_id: 5081] ✓ Updated: 35.66 → 35.71 (CHANGED)
[2025-12-19 00:30:04]   [emp_id: 5087] ✓ Updated: 34.96 → 35.01 (CHANGED)
[2025-12-19 00:30:04]   [emp_id: 5091] ✓ Updated: 74.81 → 74.86 (CHANGED)
[2025-12-19 00:30:04]   [emp_id: 5093] ✓ Updated: 13 → 13.08 (CHANGED)
[2025-12-19 00:30:04]   [emp_id: 5095] ✓ Updated: 0.35 → 0.4 (CHANGED)
[2025-12-19 00:30:04]   [emp_id: 5101] ✓ Updated: 15.08 → 15.16 (CHANGED)
[2025-12-19 00:30:04]   [emp_id: 5107] ✓ Updated: 13.41 → 13.49 (CHANGED)
[2025-12-19 00:30:04]   [emp_id: 5109] ✓ Updated: 10.66 → 10.74 (CHANGED)
[2025-12-19 00:30:04]   [emp_id: 5119] ✓ Updated: 8.83 → 8.91 (CHANGED)
[2025-12-19 00:30:04]   [emp_id: 5122] ✓ Updated: 6 → 6.08 (CHANGED)
[2025-12-19 00:30:04]   [emp_id: 5126] ✓ Updated: 25.69 → 25.74 (CHANGED)
[2025-12-19 00:30:04]   [emp_id: 5127] ✓ Updated: 22.48 → 22.53 (CHANGED)
[2025-12-19 00:30:04]   [emp_id: 5128] ✓ Updated: 25.63 → 25.68 (CHANGED)
[2025-12-19 00:30:04]   [emp_id: 5138] ✓ Updated: 64.66 → 64.74 (CHANGED)
[2025-12-19 00:30:04]   [emp_id: 5138] ✓ Updated: 64.66 → 64.74 (CHANGED)
[2025-12-19 00:30:04]   [emp_id: 5141] ✓ Updated: 34 → 34.05 (CHANGED)
[2025-12-19 00:30:04]   [emp_id: 5142] ✓ Updated: 13 → 13.05 (CHANGED)
[2025-12-19 00:30:04]   [emp_id: 5146] ✓ Updated: 20 → 20.05 (CHANGED)
[2025-12-19 00:30:04]   [emp_id: 5147] ✓ Updated: 19 → 19.05 (CHANGED)
[2025-12-19 00:30:04]   [emp_id: 5148] ✓ Updated: 24.35 → 24.4 (CHANGED)
[2025-12-19 00:30:04]   [emp_id: 5149] ✓ Updated: 23.24 → 23.29 (CHANGED)
[2025-12-19 00:30:04]   [emp_id: 5150] ✓ Updated: 22.6 → 22.65 (CHANGED)
[2025-12-19 00:30:04]   [emp_id: 5151] ✓ Updated: 22.42 → 22.47 (CHANGED)
[2025-12-19 00:30:04]   [emp_id: 5152] ✓ Updated: 2.84 → 2.89 (CHANGED)
[2025-12-19 00:30:04]   [emp_id: 5157] ✓ Updated: 22.42 → 22.47 (CHANGED)
[2025-12-19 00:30:04]   [emp_id: 5160] ✓ Updated: 22.42 → 22.47 (CHANGED)
[2025-12-19 00:30:04]   [emp_id: 5163] ✓ Updated: 20.21 → 20.26 (CHANGED)
[2025-12-19 00:30:04]   [emp_id: 5165] ✓ Updated: 26 → 26.08 (CHANGED)
[2025-12-19 00:30:04]   [emp_id: 5167] ✓ Updated: 29.36 → 29.41 (CHANGED)
[2025-12-19 00:30:04]   [emp_id: 5168] ✓ Updated: 21.9 → 21.95 (CHANGED)
[2025-12-19 00:30:04]   [emp_id: 5173] ✓ Updated: 23.75 → 23.83 (CHANGED)
[2025-12-19 00:30:04]   [emp_id: 5174] ✓ Updated: 22.36 → 22.41 (CHANGED)
[2025-12-19 00:30:04]   [emp_id: 5181] ✓ Updated: 18.75 → 18.8 (CHANGED)
[2025-12-19 00:30:04]   [emp_id: 5186] ✓ Updated: 24.28 → 24.33 (CHANGED)
[2025-12-19 00:30:04]   [emp_id: 5187] ✓ Updated: 35.28 → 35.33 (CHANGED)
[2025-12-19 00:30:04]   [emp_id: 5204] ✓ Updated: 21.25 → 21.33 (CHANGED)
[2025-12-19 00:30:04]   [emp_id: 5205] ✓ Updated: 11.49 → 11.54 (CHANGED)
[2025-12-19 00:30:04]   [emp_id: 5209] ✓ Updated: 14.49 → 14.54 (CHANGED)
[2025-12-19 00:30:04]   [emp_id: 5213] ✓ Updated: 0.9 → 0.95 (CHANGED)
[2025-12-19 00:30:04]   [emp_id: 5214] ✓ Updated: 14.49 → 14.54 (CHANGED)
[2025-12-19 00:30:04]   [emp_id: 5215] ✓ Updated: 9.49 → 9.54 (CHANGED)
[2025-12-19 00:30:04]   [emp_id: 5217] ✓ Updated: 8.49 → 8.54 (CHANGED)
[2025-12-19 00:30:04]   [emp_id: 5219] ✓ Updated: 12.49 → 12.54 (CHANGED)
[2025-12-19 00:30:04]   [emp_id: 5221] ✓ Updated: 3.86 → 3.91 (CHANGED)
[2025-12-19 00:30:04]   [emp_id: 5224] ✓ Updated: 13.49 → 13.54 (CHANGED)
[2025-12-19 00:30:04]   [emp_id: 5225] ✓ Updated: 8.16 → 8.21 (CHANGED)
[2025-12-19 00:30:04]   [emp_id: 5228] ✓ Updated: 8.49 → 8.54 (CHANGED)
[2025-12-19 00:30:04]   [emp_id: 5229] ✓ Updated: 4.49 → 4.54 (CHANGED)
[2025-12-19 00:30:04]   [emp_id: 5230] ✓ Updated: 11.16 → 11.21 (CHANGED)
[2025-12-19 00:30:04]   [emp_id: 5231] ✓ Updated: 5.49 → 5.54 (CHANGED)
[2025-12-19 00:30:04]   [emp_id: 5232] ✓ Updated: 10.49 → 10.54 (CHANGED)
[2025-12-19 00:30:04]   [emp_id: 5233] ✓ Updated: 3.49 → 3.54 (CHANGED)
[2025-12-19 00:30:04]   [emp_id: 5234] ✓ Updated: 3.49 → 3.54 (CHANGED)
[2025-12-19 00:30:04]   [emp_id: 5235] ✓ Updated: 4.16 → 4.21 (CHANGED)
[2025-12-19 00:30:04]   [emp_id: 5237] ✓ Updated: 14.49 → 14.54 (CHANGED)
[2025-12-19 00:30:04]   [emp_id: 5238] ✓ Updated: 7.11 → 7.16 (CHANGED)
[2025-12-19 00:30:04]   [emp_id: 5239] ✓ Updated: 6.49 → 6.54 (CHANGED)
[2025-12-19 00:30:04]   [emp_id: 5241] ✓ Updated: 4.49 → 4.54 (CHANGED)
[2025-12-19 00:30:04]   [emp_id: 5242] ✓ Updated: 14.49 → 14.54 (CHANGED)
[2025-12-19 00:30:04]   [emp_id: 5243] ✓ Updated: 0.9 → 0.95 (CHANGED)
[2025-12-19 00:30:04]   [emp_id: 5244] ✓ Updated: 0.2 → 0.25 (CHANGED)
[2025-12-19 00:30:04]   [emp_id: 5246] ✓ Updated: 10.49 → 10.54 (CHANGED)
[2025-12-19 00:30:04]   [emp_id: 5253] ✓ Updated: 29.11 → 29.16 (CHANGED)
[2025-12-19 00:30:04]   [emp_id: 5254] ✓ Updated: 11.34 → 11.39 (CHANGED)
[2025-12-19 00:30:04]   [emp_id: 5257] ✓ Updated: 11.05 → 11.1 (CHANGED)
[2025-12-19 00:30:04]   [emp_id: 5259] ✓ Updated: 47.58 → 47.63 (CHANGED)
[2025-12-19 00:30:05]   [emp_id: 5261] ✓ Updated: 48.75 → 48.83 (CHANGED)
[2025-12-19 00:30:05]   [emp_id: 5264] ✓ Updated: 25.06 → 25.11 (CHANGED)
[2025-12-19 00:30:05]   [emp_id: 5266] ✓ Updated: 19.68 → 19.73 (CHANGED)
[2025-12-19 00:30:05]   [emp_id: 5268] ✓ Updated: 8.25 → 8.3 (CHANGED)
[2025-12-19 00:30:05]   [emp_id: 5271] ✓ Updated: 6.91 → 6.96 (CHANGED)
[2025-12-19 00:30:05]   [emp_id: 5272] ✓ Updated: 7.78 → 7.83 (CHANGED)
[2025-12-19 00:30:05]   [emp_id: 5273] ✓ Updated: 25.57 → 25.62 (CHANGED)
[2025-12-19 00:30:05]   [emp_id: 5275] ✓ Updated: 8.6 → 8.65 (CHANGED)
[2025-12-19 00:30:05]   [emp_id: 5276] ✓ Updated: 22.87 → 22.92 (CHANGED)
[2025-12-19 00:30:05]   [emp_id: 5278] ✓ Updated: 7.26 → 7.31 (CHANGED)
[2025-12-19 00:30:05]   [emp_id: 5280] ✓ Updated: 17.66 → 17.71 (CHANGED)
[2025-12-19 00:30:05]   [emp_id: 5282] ✓ Updated: 10.33 → 10.41 (CHANGED)
[2025-12-19 00:30:05]   [emp_id: 5285] ✓ Updated: 27.66 → 27.71 (CHANGED)
[2025-12-19 00:30:05]   [emp_id: 5286] ✓ Updated: 14.66 → 14.71 (CHANGED)
[2025-12-19 00:30:05]   [emp_id: 5287] ✓ Updated: 48.96 → 49.01 (CHANGED)
[2025-12-19 00:30:05]   [emp_id: 5288] ✓ Updated: 37.97 → 38.02 (CHANGED)
[2025-12-19 00:30:05]   [emp_id: 5289] ✓ Updated: 47.51 → 47.56 (CHANGED)
[2025-12-19 00:30:05]   [emp_id: 5290] ✓ Updated: 46.28 → 46.33 (CHANGED)
[2025-12-19 00:30:05]   [emp_id: 5291] ✓ Updated: 4.28 → 4.33 (CHANGED)
[2025-12-19 00:30:05]   [emp_id: 5292] ✓ Updated: 4.22 → 4.27 (CHANGED)
[2025-12-19 00:30:05]   [emp_id: 5293] ✓ Updated: 36.5 → 36.58 (CHANGED)
[2025-12-19 00:30:05]   [emp_id: 5294] ✓ Updated: 6.25 → 6.33 (CHANGED)
[2025-12-19 00:30:05]   [emp_id: 5295] ✓ Updated: 20.46 → 20.51 (CHANGED)
[2025-12-19 00:30:05]   [emp_id: 5296] ✓ Updated: 30.13 → 30.21 (CHANGED)
[2025-12-19 00:30:05]   [emp_id: 5297] ✓ Updated: 44.88 → 44.93 (CHANGED)
[2025-12-19 00:30:05]   [emp_id: 5298] ✓ Updated: 44.88 → 44.93 (CHANGED)
[2025-12-19 00:30:05]   [emp_id: 5299] ✓ Updated: 44.88 → 44.93 (CHANGED)
[2025-12-19 00:30:05]   [emp_id: 5300] ✓ Updated: 44.88 → 44.93 (CHANGED)
[2025-12-19 00:30:05]   [emp_id: 5301] ✓ Updated: 2.7 → 2.75 (CHANGED)
[2025-12-19 00:30:05]   [emp_id: 5303] ✓ Updated: 44.88 → 44.93 (CHANGED)
[2025-12-19 00:30:05]   [emp_id: 5304] ✓ Updated: 44.88 → 44.93 (CHANGED)
[2025-12-19 00:30:05]   [emp_id: 5305] ✓ Updated: 2.88 → 2.93 (CHANGED)
[2025-12-19 00:30:05]   [emp_id: 5306] ✓ Updated: 44.59 → 44.64 (CHANGED)
[2025-12-19 00:30:05]   [emp_id: 5307] ✓ Updated: 44.59 → 44.64 (CHANGED)
[2025-12-19 00:30:05]   [emp_id: 5312] ✓ Updated: 0.2 → 0.25 (CHANGED)
[2025-12-19 00:30:05]   [emp_id: 5318] ✓ Updated: 25.3 → 25.35 (CHANGED)
[2025-12-19 00:30:05]   [emp_id: 5325] ✓ Updated: 21.26 → 21.31 (CHANGED)
[2025-12-19 00:30:05]   [emp_id: 5327] ✓ Updated: 0.35 → 0.4 (CHANGED)
[2025-12-19 00:30:05]   [emp_id: 5331] ✓ Updated: 20.67 → 20.72 (CHANGED)
[2025-12-19 00:30:05]   [emp_id: 5337] ✓ Updated: 34.16 → 34.24 (CHANGED)
[2025-12-19 00:30:05]   [emp_id: 5339] ✓ Updated: 9.45 → 9.5 (CHANGED)
[2025-12-19 00:30:05]   [emp_id: 5343] ✓ Updated: 44.08 → 44.16 (CHANGED)
[2025-12-19 00:30:05]   [emp_id: 5343] ✓ Updated: 44.08 → 44.16 (CHANGED)
[2025-12-19 00:30:05]   [emp_id: 5345] ✓ Updated: 13.91 → 13.99 (CHANGED)
[2025-12-19 00:30:05]   [emp_id: 5346] ✓ Updated: 1.17 → 1.22 (CHANGED)
[2025-12-19 00:30:05]   [emp_id: 5351] ✓ Updated: 16.11 → 16.16 (CHANGED)
[2025-12-19 00:30:05]   [emp_id: 5352] ✓ Updated: 24.33 → 24.41 (CHANGED)
[2025-12-19 00:30:05]   [emp_id: 5370] ✓ Updated: 14.76 → 14.81 (CHANGED)
[2025-12-19 00:30:05]   [emp_id: 5371] ✓ Updated: 0.24 → 0.32 (CHANGED)
[2025-12-19 00:30:05]   [emp_id: 5376] ✓ Updated: 9.36 → 9.41 (CHANGED)
[2025-12-19 00:30:05]   [emp_id: 5378] ✓ Updated: 22.08 → 22.16 (CHANGED)
[2025-12-19 00:30:05]   [emp_id: 5380] ✓ Updated: 15.77 → 15.82 (CHANGED)
[2025-12-19 00:30:05]   [emp_id: 5381] ✓ Updated: 16.5 → 16.58 (CHANGED)
[2025-12-19 00:30:05]   [emp_id: 5383] ✓ Updated: 14.91 → 14.99 (CHANGED)
[2025-12-19 00:30:05]   [emp_id: 5388] ✓ Updated: 26.55 → 26.6 (CHANGED)
[2025-12-19 00:30:05]   [emp_id: 5396] ✓ Updated: 27.79 → 27.84 (CHANGED)
[2025-12-19 00:30:05]   [emp_id: 5397] ✓ Updated: 24 → 24.05 (CHANGED)
[2025-12-19 00:30:05]   [emp_id: 5401] ✓ Updated: 22.36 → 22.41 (CHANGED)
[2025-12-19 00:30:05]   [emp_id: 5402] ✓ Updated: 22.48 → 22.53 (CHANGED)
[2025-12-19 00:30:05]   [emp_id: 5406] ✓ Updated: 21.2 → 21.25 (CHANGED)
[2025-12-19 00:30:05]   [emp_id: 5407] ✓ Updated: 23.58 → 23.66 (CHANGED)
[2025-12-19 00:30:05]   [emp_id: 5408] ✓ Updated: 21.33 → 21.41 (CHANGED)
[2025-12-19 00:30:05]   [emp_id: 5409] ✓ Updated: 15.54 → 15.59 (CHANGED)
[2025-12-19 00:30:05]   [emp_id: 5413] ✓ Updated: 27.08 → 27.16 (CHANGED)
[2025-12-19 00:30:05]   [emp_id: 5414] ✓ Updated: 26.75 → 26.83 (CHANGED)
[2025-12-19 00:30:05]   [emp_id: 5415] ✓ Updated: 17.58 → 17.66 (CHANGED)
[2025-12-19 00:30:05]   [emp_id: 5418] ✓ Updated: 12.32 → 12.37 (CHANGED)
[2025-12-19 00:30:05]   [emp_id: 5422] ✓ Updated: 19.41 → 19.49 (CHANGED)
[2025-12-19 00:30:05]   [emp_id: 5423] ✓ Updated: 16 → 16.08 (CHANGED)
[2025-12-19 00:30:05]   [emp_id: 5423] ✓ Updated: 16 → 16.08 (CHANGED)
[2025-12-19 00:30:05]   [emp_id: 5423] ✓ Updated: 16 → 16.08 (CHANGED)
[2025-12-19 00:30:05]   [emp_id: 5424] ✓ Updated: 13.15 → 13.2 (CHANGED)
[2025-12-19 00:30:05]   [emp_id: 5425] ✓ Updated: 13.15 → 13.2 (CHANGED)
[2025-12-19 00:30:05]   [emp_id: 5426] ✓ Updated: 2.65 → 2.73 (CHANGED)
[2025-12-19 00:30:05]   [emp_id: 5426] ✓ Updated: 2.65 → 2.73 (CHANGED)
[2025-12-19 00:30:05]   [emp_id: 5427] ✓ Updated: 13.26 → 13.31 (CHANGED)
[2025-12-19 00:30:05]   [emp_id: 5428] ✓ Updated: 13.15 → 13.2 (CHANGED)
[2025-12-19 00:30:05]   [emp_id: 5430] ✓ Updated: 16.41 → 16.49 (CHANGED)
[2025-12-19 00:30:05]   [emp_id: 5431] ✓ Updated: 12.27 → 12.32 (CHANGED)
[2025-12-19 00:30:05]   [emp_id: 5434] ✓ Updated: 12.04 → 12.09 (CHANGED)
[2025-12-19 00:30:05]   [emp_id: 5435] ✓ Updated: 11.98 → 12.03 (CHANGED)
[2025-12-19 00:30:05]   [emp_id: 5436] ✓ Updated: 11.98 → 12.03 (CHANGED)
[2025-12-19 00:30:05]   [emp_id: 5438] ✓ Updated: 14.33 → 14.41 (CHANGED)
[2025-12-19 00:30:05]   [emp_id: 5439] ✓ Updated: 23.83 → 23.91 (CHANGED)
[2025-12-19 00:30:05]   [emp_id: 5442] ✓ Updated: 12.83 → 12.91 (CHANGED)
[2025-12-19 00:30:05]   [emp_id: 5443] ✓ Updated: 7.66 → 7.71 (CHANGED)
[2025-12-19 00:30:05]   [emp_id: 5445] ✓ Updated: 6.44 → 6.49 (CHANGED)
[2025-12-19 00:30:05]   [emp_id: 5446] ✓ Updated: 6.44 → 6.49 (CHANGED)
[2025-12-19 00:30:05]   [emp_id: 5447] ✓ Updated: 6.38 → 6.43 (CHANGED)
[2025-12-19 00:30:05]   [emp_id: 5448] ✓ Updated: 4.36 → 4.44 (CHANGED)
[2025-12-19 00:30:05]   [emp_id: 5449] ✓ Updated: 4.46 → 4.51 (CHANGED)
[2025-12-19 00:30:05]   [emp_id: 5450] ✓ Updated: 4.4 → 4.45 (CHANGED)
[2025-12-19 00:30:05]   [emp_id: 5451] ✓ Updated: 4.4 → 4.45 (CHANGED)
[2025-12-19 00:30:05]   [emp_id: 5454] ✓ Updated: 5.91 → 5.99 (CHANGED)
[2025-12-19 00:30:05]   [emp_id: 5455] ✓ Updated: 4.16 → 4.24 (CHANGED)
[2025-12-19 00:30:05]   [emp_id: 5456] ✓ Updated: 5.16 → 5.24 (CHANGED)
[2025-12-19 00:30:05] 
[2025-12-19 00:30:05] ========== SUMMARY ==========
[2025-12-19 00:30:05] Total employees processed: 437
[2025-12-19 00:30:05] Records updated: 437
[2025-12-19 00:30:05] Balances changed: 437
[2025-12-19 00:30:05] Errors: 0
[2025-12-19 00:30:05] ========== CRON: Vacation Balance Update Completed ==========
[2025-12-19 00:30:05] 
