[2026-01-27 08:36:19] ========== CRON: Vacation Balance Update Started ==========
[2026-01-27 08:36:19] Database connection established
[2026-01-27 08:36:19] Found 433 active employees with balance records to update
[2026-01-27 08:36:19] (Only employees with status=1 will be processed)
[2026-01-27 08:36:19]   [emp_id: 1061] ✓ Updated: 1.53 → 1.61 (CHANGED)
[2026-01-27 08:36:19]   [emp_id: 1496] ✓ Updated: 18.38 → 18.46 (CHANGED)
[2026-01-27 08:36:19]   [emp_id: 1500] ✓ Updated: 6.06 → 6.14 (CHANGED)
[2026-01-27 08:36:19]   [emp_id: 1574] ✓ Updated: 35.29 → 35.37 (CHANGED)
[2026-01-27 08:36:19]   [emp_id: 1673] ✓ Updated: 46.79 → 46.87 (CHANGED)
[2026-01-27 08:36:19]   [emp_id: 1685] ✓ Updated: 16.71 → 16.79 (CHANGED)
[2026-01-27 08:36:19]   [emp_id: 1764] ✓ Updated: 71.38 → 71.46 (CHANGED)
[2026-01-27 08:36:19]   [emp_id: 1805] ✓ Updated: 65.71 → 65.79 (CHANGED)
[2026-01-27 08:36:19]   [emp_id: 1822] ✓ Updated: 70.46 → 70.54 (CHANGED)
[2026-01-27 08:36:19]   [emp_id: 1837] ✓ Updated: 26.63 → 26.71 (CHANGED)
[2026-01-27 08:36:19]   [emp_id: 1857] ✓ Updated: 21.96 → 22.04 (CHANGED)
[2026-01-27 08:36:19]   [emp_id: 1861] ✓ Updated: 72.79 → 72.87 (CHANGED)
[2026-01-27 08:36:19]   [emp_id: 1872] ✓ Updated: 11.63 → 11.71 (CHANGED)
[2026-01-27 08:36:19]   [emp_id: 1897] ✓ Updated: 6.96 → 7.04 (CHANGED)
[2026-01-27 08:36:19]   [emp_id: 1916] ✓ Updated: 13.26 → 13.34 (CHANGED)
[2026-01-27 08:36:19]   [emp_id: 1928] ✓ Updated: 66.21 → 66.29 (CHANGED)
[2026-01-27 08:36:19]   [emp_id: 1931] ✓ Updated: 86.13 → 86.21 (CHANGED)
[2026-01-27 08:36:19]   [emp_id: 1944] ✓ Updated: 44.29 → 44.37 (CHANGED)
[2026-01-27 08:36:19]   [emp_id: 1996] ✓ Updated: 72.79 → 72.87 (CHANGED)
[2026-01-27 08:36:19]   [emp_id: 1997] ✓ Updated: 37.96 → 38.04 (CHANGED)
[2026-01-27 08:36:19]   [emp_id: 1998] ✓ Updated: 29.4 → 29.48 (CHANGED)
[2026-01-27 08:36:19]   [emp_id: 1999] ✓ Updated: 30.4 → 30.48 (CHANGED)
[2026-01-27 08:36:19]   [emp_id: 2009] ✓ Updated: 36.71 → 36.79 (CHANGED)
[2026-01-27 08:36:19]   [emp_id: 2048] ✓ Updated: 26.54 → 26.62 (CHANGED)
[2026-01-27 08:36:19]   [emp_id: 2057] ✓ Updated: 67.38 → 67.46 (CHANGED)
[2026-01-27 08:36:19]   [emp_id: 2079] ✓ Updated: 49.71 → 49.79 (CHANGED)
[2026-01-27 08:36:19]   [emp_id: 2181] ✓ Updated: 38.71 → 38.79 (CHANGED)
[2026-01-27 08:36:19]   [emp_id: 2190] ✓ Updated: 8.04 → 8.12 (CHANGED)
[2026-01-27 08:36:19]   [emp_id: 2212] ✓ Updated: 26.04 → 26.12 (CHANGED)
[2026-01-27 08:36:19]   [emp_id: 2226] ✓ Updated: 70.79 → 70.87 (CHANGED)
[2026-01-27 08:36:19]   [emp_id: 2238] ✓ Updated: 69.04 → 69.12 (CHANGED)
[2026-01-27 08:36:19]   [emp_id: 2285] ✓ Updated: 37.71 → 37.79 (CHANGED)
[2026-01-27 08:36:19]   [emp_id: 2287] ✓ Updated: 49.38 → 49.46 (CHANGED)
[2026-01-27 08:36:19]   [emp_id: 2288] ✓ Updated: 4.4 → 4.48 (CHANGED)
[2026-01-27 08:36:19]   [emp_id: 2316] ✓ Updated: 18.21 → 18.29 (CHANGED)
[2026-01-27 08:36:19]   [emp_id: 2337] ✓ Updated: 39.29 → 39.37 (CHANGED)
[2026-01-27 08:36:19]   [emp_id: 2352] ✓ Updated: 70.79 → 70.87 (CHANGED)
[2026-01-27 08:36:19]   [emp_id: 2358] ✓ Updated: 7.29 → 7.37 (CHANGED)
[2026-01-27 08:36:19]   [emp_id: 2361] ✓ Updated: 72.96 → 73.04 (CHANGED)
[2026-01-27 08:36:19]   [emp_id: 2363] ✓ Updated: 75.54 → 75.62 (CHANGED)
[2026-01-27 08:36:19]   [emp_id: 2364] ✓ Updated: 74.96 → 75.04 (CHANGED)
[2026-01-27 08:36:19]   [emp_id: 2367] ✓ Updated: 102.63 → 102.71 (CHANGED)
[2026-01-27 08:36:19]   [emp_id: 2368] ✓ Updated: 33.04 → 33.12 (CHANGED)
[2026-01-27 08:36:19]   [emp_id: 2372] ✓ Updated: 70.29 → 70.37 (CHANGED)
[2026-01-27 08:36:19]   [emp_id: 2376] ✓ Updated: 120.29 → 120.37 (CHANGED)
[2026-01-27 08:36:19]   [emp_id: 2423] ✓ Updated: 21.04 → 21.12 (CHANGED)
[2026-01-27 08:36:19]   [emp_id: 2519] ✓ Updated: 114.71 → 114.79 (CHANGED)
[2026-01-27 08:36:19]   [emp_id: 2522] ✓ Updated: 58.29 → 58.37 (CHANGED)
[2026-01-27 08:36:19]   [emp_id: 2530] ✓ Updated: 53.54 → 53.62 (CHANGED)
[2026-01-27 08:36:19]   [emp_id: 2539] ✓ Updated: 50.29 → 50.37 (CHANGED)
[2026-01-27 08:36:19]   [emp_id: 2541] ✓ Updated: 30.88 → 30.96 (CHANGED)
[2026-01-27 08:36:20]   [emp_id: 2550] ✓ Updated: 97.04 → 97.12 (CHANGED)
[2026-01-27 08:36:20]   [emp_id: 2553] ✓ Updated: 34.15 → 34.23 (CHANGED)
[2026-01-27 08:36:20]   [emp_id: 2554] ✓ Updated: 40.63 → 40.71 (CHANGED)
[2026-01-27 08:36:20]   [emp_id: 2565] ✓ Updated: 95.21 → 95.29 (CHANGED)
[2026-01-27 08:36:20]   [emp_id: 2572] ✓ Updated: 45.21 → 45.29 (CHANGED)
[2026-01-27 08:36:20]   [emp_id: 2637] ✓ Updated: 65.79 → 65.87 (CHANGED)
[2026-01-27 08:36:20]   [emp_id: 2642] ✓ Updated: 78.54 → 78.62 (CHANGED)
[2026-01-27 08:36:20]   [emp_id: 2645] ✓ Updated: 94.54 → 94.62 (CHANGED)
[2026-01-27 08:36:20]   [emp_id: 2648] ✓ Updated: 46.21 → 46.29 (CHANGED)
[2026-01-27 08:36:20]   [emp_id: 2654] ✓ Updated: 88.88 → 88.96 (CHANGED)
[2026-01-27 08:36:20]   [emp_id: 2688] ✓ Updated: 26.96 → 27.04 (CHANGED)
[2026-01-27 08:36:20]   [emp_id: 2690] ✓ Updated: 15.71 → 15.79 (CHANGED)
[2026-01-27 08:36:20]   [emp_id: 2709] ✓ Updated: 37.96 → 38.04 (CHANGED)
[2026-01-27 08:36:20]   [emp_id: 2745] ✓ Updated: 34.54 → 34.62 (CHANGED)
[2026-01-27 08:36:20]   [emp_id: 2843] ✓ Updated: 81.13 → 81.21 (CHANGED)
[2026-01-27 08:36:20]   [emp_id: 2854] ✓ Updated: 61.04 → 61.12 (CHANGED)
[2026-01-27 08:36:20]   [emp_id: 2869] ✓ Updated: 4.96 → 5.04 (CHANGED)
[2026-01-27 08:36:20]   [emp_id: 2876] ✓ Updated: 35.79 → 35.87 (CHANGED)
[2026-01-27 08:36:20]   [emp_id: 2924] ✓ Updated: 16.96 → 17.04 (CHANGED)
[2026-01-27 08:36:20]   [emp_id: 2953] ✓ Updated: 102.71 → 102.79 (CHANGED)
[2026-01-27 08:36:20]   [emp_id: 2961] ✓ Updated: 12.71 → 12.79 (CHANGED)
[2026-01-27 08:36:20]   [emp_id: 2975] ✓ Updated: 2.39 → 2.47 (CHANGED)
[2026-01-27 08:36:20]   [emp_id: 3013] ✓ Updated: 11.71 → 11.79 (CHANGED)
[2026-01-27 08:36:20]   [emp_id: 3014] ✓ Updated: 90.96 → 91.04 (CHANGED)
[2026-01-27 08:36:20]   [emp_id: 3015] ✓ Updated: 2.21 → 2.29 (CHANGED)
[2026-01-27 08:36:20]   [emp_id: 3018] ✓ Updated: 60.96 → 61.04 (CHANGED)
[2026-01-27 08:36:20]   [emp_id: 3025] ✓ Updated: 24.73 → 24.81 (CHANGED)
[2026-01-27 08:36:20]   [emp_id: 3037] ✓ Updated: 84.46 → 84.54 (CHANGED)
[2026-01-27 08:36:20]   [emp_id: 3047] ✓ Updated: 72.71 → 72.79 (CHANGED)
[2026-01-27 08:36:20]   [emp_id: 3061] ✓ Updated: 19.63 → 19.71 (CHANGED)
[2026-01-27 08:36:20]   [emp_id: 3062] ✓ Updated: 52.79 → 52.87 (CHANGED)
[2026-01-27 08:36:20]   [emp_id: 3074] ✓ Updated: 109.21 → 109.29 (CHANGED)
[2026-01-27 08:36:20]   [emp_id: 3089] ✓ Updated: 8.13 → 8.21 (CHANGED)
[2026-01-27 08:36:20]   [emp_id: 3090] ✓ Updated: 34.71 → 34.79 (CHANGED)
[2026-01-27 08:36:20]   [emp_id: 3091] ✓ Updated: 46.71 → 46.79 (CHANGED)
[2026-01-27 08:36:20]   [emp_id: 3092] ✓ Updated: 29.38 → 29.46 (CHANGED)
[2026-01-27 08:36:20]   [emp_id: 3105] ✓ Updated: 49.71 → 49.79 (CHANGED)
[2026-01-27 08:36:20]   [emp_id: 3134] ✓ Updated: 45.46 → 45.54 (CHANGED)
[2026-01-27 08:36:20]   [emp_id: 3140] ✓ Updated: 42.54 → 42.62 (CHANGED)
[2026-01-27 08:36:20]   [emp_id: 3144] ✓ Updated: 15.38 → 15.46 (CHANGED)
[2026-01-27 08:36:20]   [emp_id: 3156] ✓ Updated: 18.71 → 18.79 (CHANGED)
[2026-01-27 08:36:20]   [emp_id: 3162] ✓ Updated: 3.69 → 3.77 (CHANGED)
[2026-01-27 08:36:20]   [emp_id: 3163] ✓ Updated: 6.96 → 7.04 (CHANGED)
[2026-01-27 08:36:20]   [emp_id: 3198] ✓ Updated: 41.96 → 42.04 (CHANGED)
[2026-01-27 08:36:20]   [emp_id: 3205] ✓ Updated: 18.63 → 18.71 (CHANGED)
[2026-01-27 08:36:20]   [emp_id: 3209] ✓ Updated: 42.79 → 42.87 (CHANGED)
[2026-01-27 08:36:20]   [emp_id: 3223] ✓ Updated: 91.71 → 91.79 (CHANGED)
[2026-01-27 08:36:20]   [emp_id: 3224] ✓ Updated: 66.46 → 66.54 (CHANGED)
[2026-01-27 08:36:20]   [emp_id: 3230] ✓ Updated: 89.88 → 89.96 (CHANGED)
[2026-01-27 08:36:20]   [emp_id: 3231] ✓ Updated: 2.25 → 2.33 (CHANGED)
[2026-01-27 08:36:20]   [emp_id: 3233] ✓ Updated: 82.71 → 82.79 (CHANGED)
[2026-01-27 08:36:20]   [emp_id: 3249] ✓ Updated: 38.54 → 38.62 (CHANGED)
[2026-01-27 08:36:20]   [emp_id: 3250] ✓ Updated: 11.54 → 11.62 (CHANGED)
[2026-01-27 08:36:20]   [emp_id: 3252] ✓ Updated: 12.46 → 12.54 (CHANGED)
[2026-01-27 08:36:20]   [emp_id: 3254] ✓ Updated: 22.96 → 23.04 (CHANGED)
[2026-01-27 08:36:20]   [emp_id: 3255] ✓ Updated: 19.38 → 19.46 (CHANGED)
[2026-01-27 08:36:20]   [emp_id: 3256] ✓ Updated: 15.63 → 15.71 (CHANGED)
[2026-01-27 08:36:20]   [emp_id: 3263] ✓ Updated: 31.71 → 31.79 (CHANGED)
[2026-01-27 08:36:20]   [emp_id: 3265] ✓ Updated: 27.29 → 27.37 (CHANGED)
[2026-01-27 08:36:20]   [emp_id: 3280] ✓ Updated: 74.21 → 74.29 (CHANGED)
[2026-01-27 08:36:20]   [emp_id: 3286] ✓ Updated: 17.38 → 17.46 (CHANGED)
[2026-01-27 08:36:20]   [emp_id: 3294] ✓ Updated: 17.04 → 17.12 (CHANGED)
[2026-01-27 08:36:20]   [emp_id: 3321] ✓ Updated: 74.21 → 74.29 (CHANGED)
[2026-01-27 08:36:20]   [emp_id: 3325] ✓ Updated: 61.96 → 62.04 (CHANGED)
[2026-01-27 08:36:20]   [emp_id: 3329] ✓ Updated: 64.29 → 64.37 (CHANGED)
[2026-01-27 08:36:20]   [emp_id: 3330] ✓ Updated: 64.29 → 64.37 (CHANGED)
[2026-01-27 08:36:20]   [emp_id: 3332] ✓ Updated: 64.29 → 64.37 (CHANGED)
[2026-01-27 08:36:20]   [emp_id: 3370] ✓ Updated: 55.8 → 55.88 (CHANGED)
[2026-01-27 08:36:20]   [emp_id: 3384] ✓ Updated: 16.46 → 16.54 (CHANGED)
[2026-01-27 08:36:20]   [emp_id: 3386] ✓ Updated: 46.46 → 46.54 (CHANGED)
[2026-01-27 08:36:20]   [emp_id: 3431] ✓ Updated: 20.88 → 20.96 (CHANGED)
[2026-01-27 08:36:20]   [emp_id: 3497] ✓ Updated: 11.04 → 11.12 (CHANGED)
[2026-01-27 08:36:20]   [emp_id: 3532] ✓ Updated: 1.88 → 1.96 (CHANGED)
[2026-01-27 08:36:20]   [emp_id: 3602] ✓ Updated: 3.45 → 3.53 (CHANGED)
[2026-01-27 08:36:20]   [emp_id: 3618] ✓ Updated: 25.43 → 25.51 (CHANGED)
[2026-01-27 08:36:20]   [emp_id: 3622] ✓ Updated: 35.91 → 35.97 (CHANGED)
[2026-01-27 08:36:20]   [emp_id: 3627] ✓ Updated: 11.38 → 11.46 (CHANGED)
[2026-01-27 08:36:21]   [emp_id: 3665] ✓ Updated: 52.96 → 53.04 (CHANGED)
[2026-01-27 08:36:21]   [emp_id: 3705] ✓ Updated: 29.24 → 29.3 (CHANGED)
[2026-01-27 08:36:21]   [emp_id: 3724] ✓ Updated: 45.96 → 46.04 (CHANGED)
[2026-01-27 08:36:21]   [emp_id: 3726] ✓ Updated: 62.38 → 62.46 (CHANGED)
[2026-01-27 08:36:21]   [emp_id: 3727] ✓ Updated: 67.46 → 67.54 (CHANGED)
[2026-01-27 08:36:21]   [emp_id: 3728] ✓ Updated: 11.79 → 11.87 (CHANGED)
[2026-01-27 08:36:21]   [emp_id: 3767] ✓ Updated: 2.54 → 2.62 (CHANGED)
[2026-01-27 08:36:21]   [emp_id: 3768] ✓ Updated: 58.79 → 58.87 (CHANGED)
[2026-01-27 08:36:21]   [emp_id: 3787] ✓ Updated: 59.38 → 59.46 (CHANGED)
[2026-01-27 08:36:21]   [emp_id: 3790] ✓ Updated: 3.93 → 4.01 (CHANGED)
[2026-01-27 08:36:21]   [emp_id: 3795] ✓ Updated: 16.88 → 16.96 (CHANGED)
[2026-01-27 08:36:21]   [emp_id: 3798] ✓ Updated: 95.29 → 95.37 (CHANGED)
[2026-01-27 08:36:21]   [emp_id: 3801] ✓ Updated: 3.56 → 3.64 (CHANGED)
[2026-01-27 08:36:21]   [emp_id: 3802] ✓ Updated: 32.54 → 32.62 (CHANGED)
[2026-01-27 08:36:21]   [emp_id: 3803] ✓ Updated: 116.96 → 117.04 (CHANGED)
[2026-01-27 08:36:21]   [emp_id: 3810] ✓ Updated: 62.96 → 63.04 (CHANGED)
[2026-01-27 08:36:21]   [emp_id: 3812] ✓ Updated: 91.96 → 92.04 (CHANGED)
[2026-01-27 08:36:21]   [emp_id: 3815] ✓ Updated: 91.96 → 92.04 (CHANGED)
[2026-01-27 08:36:21]   [emp_id: 3836] ✓ Updated: 59.63 → 59.71 (CHANGED)
[2026-01-27 08:36:21]   [emp_id: 3855] ✓ Updated: 52.79 → 52.87 (CHANGED)
[2026-01-27 08:36:21]   [emp_id: 3857] ✓ Updated: 56.46 → 56.54 (CHANGED)
[2026-01-27 08:36:21]   [emp_id: 3862] ✓ Updated: 104.54 → 104.62 (CHANGED)
[2026-01-27 08:36:21]   [emp_id: 3866] ✓ Updated: 29.79 → 29.87 (CHANGED)
[2026-01-27 08:36:21]   [emp_id: 3876] ✓ Updated: 25.96 → 26.04 (CHANGED)
[2026-01-27 08:36:21]   [emp_id: 3877] ✓ Updated: 51.46 → 51.54 (CHANGED)
[2026-01-27 08:36:21]   [emp_id: 3897] ✓ Updated: 39.71 → 39.79 (CHANGED)
[2026-01-27 08:36:21]   [emp_id: 3899] ✓ Updated: 1.53 → 1.61 (CHANGED)
[2026-01-27 08:36:21]   [emp_id: 3928] ✓ Updated: 15.79 → 15.87 (CHANGED)
[2026-01-27 08:36:21]   [emp_id: 3929] ✓ Updated: 10.79 → 10.87 (CHANGED)
[2026-01-27 08:36:21]   [emp_id: 3935] ✓ Updated: 95.79 → 95.87 (CHANGED)
[2026-01-27 08:36:21]   [emp_id: 3952] ✓ Updated: 77.13 → 77.21 (CHANGED)
[2026-01-27 08:36:21]   [emp_id: 3987] ✓ Updated: 16.04 → 16.12 (CHANGED)
[2026-01-27 08:36:21]   [emp_id: 4059] ✓ Updated: 5.24 → 5.32 (CHANGED)
[2026-01-27 08:36:21]   [emp_id: 4119] ✓ Updated: 58.71 → 58.79 (CHANGED)
[2026-01-27 08:36:21]   [emp_id: 4120] ✓ Updated: 28.29 → 28.37 (CHANGED)
[2026-01-27 08:36:21]   [emp_id: 4124] ✓ Updated: 28.81 → 28.89 (CHANGED)
[2026-01-27 08:36:21]   [emp_id: 4133] ✓ Updated: 107.29 → 107.37 (CHANGED)
[2026-01-27 08:36:21]   [emp_id: 4134] ✓ Updated: 28.29 → 28.37 (CHANGED)
[2026-01-27 08:36:21]   [emp_id: 4136] ✓ Updated: 28.29 → 28.37 (CHANGED)
[2026-01-27 08:36:21]   [emp_id: 4150] ✓ Updated: 26.96 → 27.04 (CHANGED)
[2026-01-27 08:36:21]   [emp_id: 4157] ✓ Updated: 20.46 → 20.54 (CHANGED)
[2026-01-27 08:36:21]   [emp_id: 4172] ✓ Updated: 13.82 → 13.88 (CHANGED)
[2026-01-27 08:36:21]   [emp_id: 4195] ✓ Updated: 64.04 → 64.12 (CHANGED)
[2026-01-27 08:36:21]   [emp_id: 4215] ✓ Updated: 46.71 → 46.79 (CHANGED)
[2026-01-27 08:36:21]   [emp_id: 4220] ✓ Updated: 42.29 → 42.37 (CHANGED)
[2026-01-27 08:36:21]   [emp_id: 4273] ✓ Updated: 10.96 → 11.04 (CHANGED)
[2026-01-27 08:36:21]   [emp_id: 4283] ✓ Updated: 14.91 → 14.97 (CHANGED)
[2026-01-27 08:36:21]   [emp_id: 4288] ✓ Updated: 1.53 → 1.61 (CHANGED)
[2026-01-27 08:36:21]   [emp_id: 4315] ✓ Updated: 14.21 → 14.29 (CHANGED)
[2026-01-27 08:36:21]   [emp_id: 4328] ✓ Updated: 43.74 → 43.8 (CHANGED)
[2026-01-27 08:36:21]   [emp_id: 4329] ✓ Updated: 7.38 → 7.46 (CHANGED)
[2026-01-27 08:36:21]   [emp_id: 4338] ✓ Updated: 48.96 → 49.04 (CHANGED)
[2026-01-27 08:36:21]   [emp_id: 4340] ✓ Updated: 110.96 → 111.04 (CHANGED)
[2026-01-27 08:36:21]   [emp_id: 4365] ✓ Updated: 62.38 → 62.46 (CHANGED)
[2026-01-27 08:36:21]   [emp_id: 4366] ✓ Updated: 61.46 → 61.54 (CHANGED)
[2026-01-27 08:36:21]   [emp_id: 4403] ✓ Updated: 87.29 → 87.37 (CHANGED)
[2026-01-27 08:36:21]   [emp_id: 4438] ✓ Updated: 22.96 → 23.04 (CHANGED)
[2026-01-27 08:36:21]   [emp_id: 4465] ✓ Updated: 14.07 → 14.13 (CHANGED)
[2026-01-27 08:36:21]   [emp_id: 4473] ✓ Updated: 46.54 → 46.62 (CHANGED)
[2026-01-27 08:36:21]   [emp_id: 4474] ✓ Updated: 4.58 → 4.64 (CHANGED)
[2026-01-27 08:36:21]   [emp_id: 4493] ✓ Updated: 165.38 → 165.46 (CHANGED)
[2026-01-27 08:36:21]   [emp_id: 4526] ✓ Updated: 37.63 → 37.71 (CHANGED)
[2026-01-27 08:36:21]   [emp_id: 4528] ✓ Updated: 109.38 → 109.46 (CHANGED)
[2026-01-27 08:36:21]   [emp_id: 4528] ✓ Updated: 109.38 → 109.46 (CHANGED)
[2026-01-27 08:36:21]   [emp_id: 4532] ✓ Updated: 9.19 → 9.25 (CHANGED)
[2026-01-27 08:36:21]   [emp_id: 4533] ✓ Updated: 37.79 → 37.87 (CHANGED)
[2026-01-27 08:36:21]   [emp_id: 4565] ✓ Updated: 16.57 → 16.63 (CHANGED)
[2026-01-27 08:36:21]   [emp_id: 4567] ✓ Updated: 20.82 → 20.88 (CHANGED)
[2026-01-27 08:36:21]   [emp_id: 4572] ✓ Updated: 60.32 → 60.38 (CHANGED)
[2026-01-27 08:36:21]   [emp_id: 4631] ✓ Updated: 16.57 → 16.63 (CHANGED)
[2026-01-27 08:36:22]   [emp_id: 4655] ✓ Updated: 26.71 → 26.79 (CHANGED)
[2026-01-27 08:36:22]   [emp_id: 4709] ✓ Updated: 41.96 → 42.04 (CHANGED)
[2026-01-27 08:36:22]   [emp_id: 4717] ✓ Updated: 67.96 → 68.04 (CHANGED)
[2026-01-27 08:36:22]   [emp_id: 4736] ✓ Updated: 29.79 → 29.87 (CHANGED)
[2026-01-27 08:36:22]   [emp_id: 4756] ✓ Updated: 13.01 → 13.07 (CHANGED)
[2026-01-27 08:36:22]   [emp_id: 4768] ✓ Updated: 15.46 → 15.54 (CHANGED)
[2026-01-27 08:36:22]   [emp_id: 4780] ✓ Updated: 66.74 → 66.8 (CHANGED)
[2026-01-27 08:36:22]   [emp_id: 4820] ✓ Updated: 100.79 → 100.87 (CHANGED)
[2026-01-27 08:36:22]   [emp_id: 4824] ✓ Updated: 3.97 → 4.05 (CHANGED)
[2026-01-27 08:36:22]   [emp_id: 4825] ✓ Updated: 32.54 → 32.62 (CHANGED)
[2026-01-27 08:36:22]   [emp_id: 4837] ✓ Updated: 46.73 → 46.79 (CHANGED)
[2026-01-27 08:36:22]   [emp_id: 4840] ✓ Updated: 46.73 → 46.79 (CHANGED)
[2026-01-27 08:36:22]   [emp_id: 4842] ✓ Updated: 45.97 → 46.03 (CHANGED)
[2026-01-27 08:36:22]   [emp_id: 4843] ✓ Updated: 46.5 → 46.56 (CHANGED)
[2026-01-27 08:36:22]   [emp_id: 4853] ✓ Updated: 90.32 → 90.38 (CHANGED)
[2026-01-27 08:36:22]   [emp_id: 4856] ✓ Updated: 43.64 → 43.7 (CHANGED)
[2026-01-27 08:36:22]   [emp_id: 4857] ✓ Updated: 26.46 → 26.52 (CHANGED)
[2026-01-27 08:36:22]   [emp_id: 4858] ✓ Updated: 23.34 → 23.4 (CHANGED)
[2026-01-27 08:36:22]   [emp_id: 4859] ✓ Updated: 44.81 → 44.87 (CHANGED)
[2026-01-27 08:36:22]   [emp_id: 4860] ✓ Updated: 9.31 → 9.37 (CHANGED)
[2026-01-27 08:36:22]   [emp_id: 4861] ✓ Updated: 42.77 → 42.83 (CHANGED)
[2026-01-27 08:36:22]   [emp_id: 4869] ✓ Updated: 85.65 → 85.71 (CHANGED)
[2026-01-27 08:36:22]   [emp_id: 4894] ✓ Updated: 9.46 → 9.54 (CHANGED)
[2026-01-27 08:36:22]   [emp_id: 4897] ✓ Updated: 24.55 → 24.61 (CHANGED)
[2026-01-27 08:36:22]   [emp_id: 4899] ✓ Updated: 20.72 → 20.78 (CHANGED)
[2026-01-27 08:36:22]   [emp_id: 4902] ✓ Updated: 20.14 → 20.2 (CHANGED)
[2026-01-27 08:36:22]   [emp_id: 4903] ✓ Updated: 22.36 → 22.42 (CHANGED)
[2026-01-27 08:36:22]   [emp_id: 4905] ✓ Updated: 21.02 → 21.08 (CHANGED)
[2026-01-27 08:36:22]   [emp_id: 4907] ✓ Updated: 49.54 → 49.62 (CHANGED)
[2026-01-27 08:36:22]   [emp_id: 4917] ✓ Updated: 17.98 → 18.04 (CHANGED)
[2026-01-27 08:36:22]   [emp_id: 4918] ✓ Updated: 7.75 → 7.81 (CHANGED)
[2026-01-27 08:36:22]   [emp_id: 4919] ✓ Updated: 60.04 → 60.1 (CHANGED)
[2026-01-27 08:36:22]   [emp_id: 4920] ✓ Updated: 7.12 → 7.18 (CHANGED)
[2026-01-27 08:36:22]   [emp_id: 4921] ✓ Updated: 19.21 → 19.27 (CHANGED)
[2026-01-27 08:36:22]   [emp_id: 4927] ✓ Updated: 18.04 → 18.1 (CHANGED)
[2026-01-27 08:36:22]   [emp_id: 4929] ✓ Updated: 19.56 → 19.62 (CHANGED)
[2026-01-27 08:36:22]   [emp_id: 4930] ✓ Updated: 60.33 → 60.39 (CHANGED)
[2026-01-27 08:36:22]   [emp_id: 4932] ✓ Updated: 18.33 → 18.39 (CHANGED)
[2026-01-27 08:36:22]   [emp_id: 4933] ✓ Updated: 21.74 → 21.8 (CHANGED)
[2026-01-27 08:36:22]   [emp_id: 4949] ✓ Updated: 25.17 → 25.23 (CHANGED)
[2026-01-27 08:36:22]   [emp_id: 4956] ✓ Updated: 30.76 → 30.82 (CHANGED)
[2026-01-27 08:36:22]   [emp_id: 4957] ✓ Updated: 26.43 → 26.49 (CHANGED)
[2026-01-27 08:36:22]   [emp_id: 4962] ✓ Updated: 48.9 → 48.98 (CHANGED)
[2026-01-27 08:36:22]   [emp_id: 4969] ✓ Updated: 48.21 → 48.29 (CHANGED)
[2026-01-27 08:36:22]   [emp_id: 4976] ✓ Updated: 11.45 → 11.51 (CHANGED)
[2026-01-27 08:36:22]   [emp_id: 4984] ✓ Updated: 39.46 → 39.54 (CHANGED)
[2026-01-27 08:36:22]   [emp_id: 4995] ✓ Updated: 51.53 → 51.61 (CHANGED)
[2026-01-27 08:36:22]   [emp_id: 5004] ✓ Updated: 28.39 → 28.45 (CHANGED)
[2026-01-27 08:36:22]   [emp_id: 5006] ✓ Updated: 28.13 → 28.19 (CHANGED)
[2026-01-27 08:36:22]   [emp_id: 5011] ✓ Updated: 7.31 → 7.39 (CHANGED)
[2026-01-27 08:36:22]   [emp_id: 5013] ✓ Updated: 68.5 → 68.56 (CHANGED)
[2026-01-27 08:36:22]   [emp_id: 5018] ✓ Updated: 4.99 → 5.05 (CHANGED)
[2026-01-27 08:36:22]   [emp_id: 5021] ✓ Updated: 62.56 → 62.64 (CHANGED)
[2026-01-27 08:36:22]   [emp_id: 5024] ✓ Updated: 3.01 → 3.07 (CHANGED)
[2026-01-27 08:36:22]   [emp_id: 5030] ✓ Updated: 32.96 → 33.02 (CHANGED)
[2026-01-27 08:36:22]   [emp_id: 5033] ✓ Updated: 11.76 → 11.82 (CHANGED)
[2026-01-27 08:36:22]   [emp_id: 5043] ✓ Updated: 32.13 → 32.21 (CHANGED)
[2026-01-27 08:36:22]   [emp_id: 5045] ✓ Updated: 28.63 → 28.71 (CHANGED)
[2026-01-27 08:36:22]   [emp_id: 5046] ✓ Updated: 23.82 → 23.9 (CHANGED)
[2026-01-27 08:36:22]   [emp_id: 5049] ✓ Updated: 0.44 → 0.5 (CHANGED)
[2026-01-27 08:36:22]   [emp_id: 5052] ✓ Updated: 31.72 → 31.78 (CHANGED)
[2026-01-27 08:36:22]   [emp_id: 5055] ✓ Updated: 20.16 → 20.22 (CHANGED)
[2026-01-27 08:36:22]   [emp_id: 5058] ✓ Updated: 29.14 → 29.2 (CHANGED)
[2026-01-27 08:36:22]   [emp_id: 5062] ✓ Updated: 40.97 → 41.03 (CHANGED)
[2026-01-27 08:36:22]   [emp_id: 5064] ✓ Updated: 119.46 → 119.54 (CHANGED)
[2026-01-27 08:36:22]   [emp_id: 5065] ✓ Updated: 40.38 → 40.44 (CHANGED)
[2026-01-27 08:36:22]   [emp_id: 5071] ✓ Updated: 24.96 → 25.04 (CHANGED)
[2026-01-27 08:36:22]   [emp_id: 5073] ✓ Updated: 14.98 → 15.04 (CHANGED)
[2026-01-27 08:36:22]   [emp_id: 5079] ✓ Updated: 35.54 → 35.6 (CHANGED)
[2026-01-27 08:36:22]   [emp_id: 5080] ✓ Updated: 28.87 → 28.93 (CHANGED)
[2026-01-27 08:36:22]   [emp_id: 5081] ✓ Updated: 17.13 → 17.19 (CHANGED)
[2026-01-27 08:36:22]   [emp_id: 5087] ✓ Updated: 37.17 → 37.23 (CHANGED)
[2026-01-27 08:36:23]   [emp_id: 5091] ✓ Updated: 77.02 → 77.08 (CHANGED)
[2026-01-27 08:36:23]   [emp_id: 5093] ✓ Updated: 16.13 → 16.21 (CHANGED)
[2026-01-27 08:36:23]   [emp_id: 5095] ✓ Updated: 2.56 → 2.62 (CHANGED)
[2026-01-27 08:36:23]   [emp_id: 5101] ✓ Updated: 18.21 → 18.29 (CHANGED)
[2026-01-27 08:36:23]   [emp_id: 5107] ✓ Updated: 16.54 → 16.62 (CHANGED)
[2026-01-27 08:36:23]   [emp_id: 5109] ✓ Updated: 13.79 → 13.87 (CHANGED)
[2026-01-27 08:36:23]   [emp_id: 5119] ✓ Updated: 11.96 → 12.04 (CHANGED)
[2026-01-27 08:36:23]   [emp_id: 5122] ✓ Updated: 9.13 → 9.21 (CHANGED)
[2026-01-27 08:36:23]   [emp_id: 5126] ✓ Updated: 27.9 → 27.96 (CHANGED)
[2026-01-27 08:36:23]   [emp_id: 5127] ✓ Updated: 24.69 → 24.75 (CHANGED)
[2026-01-27 08:36:23]   [emp_id: 5128] ✓ Updated: 27.84 → 27.9 (CHANGED)
[2026-01-27 08:36:23]   [emp_id: 5138] ✓ Updated: 51.79 → 51.87 (CHANGED)
[2026-01-27 08:36:23]   [emp_id: 5138] ✓ Updated: 51.79 → 51.87 (CHANGED)
[2026-01-27 08:36:23]   [emp_id: 5141] ✓ Updated: 36.21 → 36.27 (CHANGED)
[2026-01-27 08:36:23]   [emp_id: 5142] ✓ Updated: 15.21 → 15.27 (CHANGED)
[2026-01-27 08:36:23]   [emp_id: 5146] ✓ Updated: 22.21 → 22.27 (CHANGED)
[2026-01-27 08:36:23]   [emp_id: 5147] ✓ Updated: 21.21 → 21.27 (CHANGED)
[2026-01-27 08:36:23]   [emp_id: 5148] ✓ Updated: 26.56 → 26.62 (CHANGED)
[2026-01-27 08:36:23]   [emp_id: 5149] ✓ Updated: 25.45 → 25.51 (CHANGED)
[2026-01-27 08:36:23]   [emp_id: 5150] ✓ Updated: 24.81 → 24.87 (CHANGED)
[2026-01-27 08:36:23]   [emp_id: 5151] ✓ Updated: 24.63 → 24.69 (CHANGED)
[2026-01-27 08:36:23]   [emp_id: 5152] ✓ Updated: 5.05 → 5.11 (CHANGED)
[2026-01-27 08:36:23]   [emp_id: 5157] ✓ Updated: 24.63 → 24.69 (CHANGED)
[2026-01-27 08:36:23]   [emp_id: 5160] ✓ Updated: 24.63 → 24.69 (CHANGED)
[2026-01-27 08:36:23]   [emp_id: 5163] ✓ Updated: 22.42 → 22.48 (CHANGED)
[2026-01-27 08:36:23]   [emp_id: 5165] ✓ Updated: 3.23 → 3.31 (CHANGED)
[2026-01-27 08:36:23]   [emp_id: 5167] ✓ Updated: 31.57 → 31.63 (CHANGED)
[2026-01-27 08:36:23]   [emp_id: 5168] ✓ Updated: 24.11 → 24.17 (CHANGED)
[2026-01-27 08:36:23]   [emp_id: 5173] ✓ Updated: 26.88 → 26.96 (CHANGED)
[2026-01-27 08:36:23]   [emp_id: 5174] ✓ Updated: 24.57 → 24.63 (CHANGED)
[2026-01-27 08:36:23]   [emp_id: 5181] ✓ Updated: 20.96 → 21.02 (CHANGED)
[2026-01-27 08:36:23]   [emp_id: 5186] ✓ Updated: 26.49 → 26.55 (CHANGED)
[2026-01-27 08:36:23]   [emp_id: 5187] ✓ Updated: 37.49 → 37.55 (CHANGED)
[2026-01-27 08:36:23]   [emp_id: 5204] ✓ Updated: 24.38 → 24.46 (CHANGED)
[2026-01-27 08:36:23]   [emp_id: 5205] ✓ Updated: 13.7 → 13.76 (CHANGED)
[2026-01-27 08:36:23]   [emp_id: 5209] ✓ Updated: 16.7 → 16.76 (CHANGED)
[2026-01-27 08:36:23]   [emp_id: 5213] ✓ Updated: 4.11 → 4.17 (CHANGED)
[2026-01-27 08:36:23]   [emp_id: 5214] ✓ Updated: 2.95 → 3.01 (CHANGED)
[2026-01-27 08:36:23]   [emp_id: 5215] ✓ Updated: 11.7 → 11.76 (CHANGED)
[2026-01-27 08:36:23]   [emp_id: 5217] ✓ Updated: 10.7 → 10.76 (CHANGED)
[2026-01-27 08:36:23]   [emp_id: 5219] ✓ Updated: 14.7 → 14.76 (CHANGED)
[2026-01-27 08:36:23]   [emp_id: 5221] ✓ Updated: 4.01 → 4.07 (CHANGED)
[2026-01-27 08:36:23]   [emp_id: 5224] ✓ Updated: 15.7 → 15.76 (CHANGED)
[2026-01-27 08:36:23]   [emp_id: 5225] ✓ Updated: 8.01 → 8.07 (CHANGED)
[2026-01-27 08:36:23]   [emp_id: 5228] ✓ Updated: 10.7 → 10.76 (CHANGED)
[2026-01-27 08:36:23]   [emp_id: 5229] ✓ Updated: 6.7 → 6.76 (CHANGED)
[2026-01-27 08:36:23]   [emp_id: 5230] ✓ Updated: 11.37 → 11.43 (CHANGED)
[2026-01-27 08:36:23]   [emp_id: 5231] ✓ Updated: 7.7 → 7.76 (CHANGED)
[2026-01-27 08:36:23]   [emp_id: 5232] ✓ Updated: 1.7 → 1.76 (CHANGED)
[2026-01-27 08:36:23]   [emp_id: 5233] ✓ Updated: 5.7 → 5.76 (CHANGED)
[2026-01-27 08:36:23]   [emp_id: 5234] ✓ Updated: 5.7 → 5.76 (CHANGED)
[2026-01-27 08:36:23]   [emp_id: 5235] ✓ Updated: 1.14 → 1.2 (CHANGED)
[2026-01-27 08:36:23]   [emp_id: 5237] ✓ Updated: 11.95 → 12.01 (CHANGED)
[2026-01-27 08:36:23]   [emp_id: 5239] ✓ Updated: 8.7 → 8.76 (CHANGED)
[2026-01-27 08:36:23]   [emp_id: 5241] ✓ Updated: 6.7 → 6.76 (CHANGED)
[2026-01-27 08:36:23]   [emp_id: 5242] ✓ Updated: 16.7 → 16.76 (CHANGED)
[2026-01-27 08:36:23]   [emp_id: 5243] ✓ Updated: 3.11 → 3.17 (CHANGED)
[2026-01-27 08:36:23]   [emp_id: 5244] ✓ Updated: 1.14 → 1.2 (CHANGED)
[2026-01-27 08:36:23]   [emp_id: 5246] ✓ Updated: 12.7 → 12.76 (CHANGED)
[2026-01-27 08:36:23]   [emp_id: 5253] ✓ Updated: 25.57 → 25.63 (CHANGED)
[2026-01-27 08:36:24]   [emp_id: 5254] ✓ Updated: 13.55 → 13.61 (CHANGED)
[2026-01-27 08:36:24]   [emp_id: 5257] ✓ Updated: 13.26 → 13.32 (CHANGED)
[2026-01-27 08:36:24]   [emp_id: 5259] ✓ Updated: 49.79 → 49.85 (CHANGED)
[2026-01-27 08:36:24]   [emp_id: 5261] ✓ Updated: 17.98 → 18.06 (CHANGED)
[2026-01-27 08:36:24]   [emp_id: 5264] ✓ Updated: 15.27 → 15.33 (CHANGED)
[2026-01-27 08:36:24]   [emp_id: 5266] ✓ Updated: 21.89 → 21.95 (CHANGED)
[2026-01-27 08:36:24]   [emp_id: 5268] ✓ Updated: 10.46 → 10.52 (CHANGED)
[2026-01-27 08:36:24]   [emp_id: 5271] ✓ Updated: 9.12 → 9.18 (CHANGED)
[2026-01-27 08:36:24]   [emp_id: 5272] ✓ Updated: 9.99 → 10.05 (CHANGED)
[2026-01-27 08:36:24]   [emp_id: 5273] ✓ Updated: 25.06 → 25.12 (CHANGED)
[2026-01-27 08:36:24]   [emp_id: 5275] ✓ Updated: 10.81 → 10.87 (CHANGED)
[2026-01-27 08:36:24]   [emp_id: 5276] ✓ Updated: 25.08 → 25.14 (CHANGED)
[2026-01-27 08:36:24]   [emp_id: 5278] ✓ Updated: 9.47 → 9.53 (CHANGED)
[2026-01-27 08:36:24]   [emp_id: 5280] ✓ Updated: 19.87 → 19.93 (CHANGED)
[2026-01-27 08:36:24]   [emp_id: 5282] ✓ Updated: 13.46 → 13.54 (CHANGED)
[2026-01-27 08:36:24]   [emp_id: 5285] ✓ Updated: 29.87 → 29.93 (CHANGED)
[2026-01-27 08:36:24]   [emp_id: 5286] ✓ Updated: 16.87 → 16.93 (CHANGED)
[2026-01-27 08:36:24]   [emp_id: 5287] ✓ Updated: 51.17 → 51.23 (CHANGED)
[2026-01-27 08:36:24]   [emp_id: 5288] ✓ Updated: 8.44 → 8.5 (CHANGED)
[2026-01-27 08:36:24]   [emp_id: 5289] ✓ Updated: 49.72 → 49.78 (CHANGED)
[2026-01-27 08:36:24]   [emp_id: 5290] ✓ Updated: 48.49 → 48.55 (CHANGED)
[2026-01-27 08:36:24]   [emp_id: 5291] ✓ Updated: 6.49 → 6.55 (CHANGED)
[2026-01-27 08:36:24]   [emp_id: 5292] ✓ Updated: 6.43 → 6.49 (CHANGED)
[2026-01-27 08:36:24]   [emp_id: 5293] ✓ Updated: 9.72 → 9.8 (CHANGED)
[2026-01-27 08:36:24]   [emp_id: 5294] ✓ Updated: 9.38 → 9.46 (CHANGED)
[2026-01-27 08:36:24]   [emp_id: 5295] ✓ Updated: 22.67 → 22.73 (CHANGED)
[2026-01-27 08:36:24]   [emp_id: 5296] ✓ Updated: 36.4 → 36.48 (CHANGED)
[2026-01-27 08:36:24]   [emp_id: 5297] ✓ Updated: 47.09 → 47.15 (CHANGED)
[2026-01-27 08:36:24]   [emp_id: 5298] ✓ Updated: 47.09 → 47.15 (CHANGED)
[2026-01-27 08:36:24]   [emp_id: 5299] ✓ Updated: 47.09 → 47.15 (CHANGED)
[2026-01-27 08:36:24]   [emp_id: 5300] ✓ Updated: 47.09 → 47.15 (CHANGED)
[2026-01-27 08:36:24]   [emp_id: 5301] ✓ Updated: 4.91 → 4.97 (CHANGED)
[2026-01-27 08:36:24]   [emp_id: 5303] ✓ Updated: 5.34 → 5.4 (CHANGED)
[2026-01-27 08:36:24]   [emp_id: 5304] ✓ Updated: 2.09 → 2.15 (CHANGED)
[2026-01-27 08:36:24]   [emp_id: 5305] ✓ Updated: 5.09 → 5.15 (CHANGED)
[2026-01-27 08:36:24]   [emp_id: 5306] ✓ Updated: 46.8 → 46.86 (CHANGED)
[2026-01-27 08:36:24]   [emp_id: 5307] ✓ Updated: 46.8 → 46.86 (CHANGED)
[2026-01-27 08:36:24]   [emp_id: 5312] ✓ Updated: 1.14 → 1.2 (CHANGED)
[2026-01-27 08:36:24]   [emp_id: 5318] ✓ Updated: 27.51 → 27.57 (CHANGED)
[2026-01-27 08:36:24]   [emp_id: 5325] ✓ Updated: 1.47 → 1.53 (CHANGED)
[2026-01-27 08:36:24]   [emp_id: 5327] ✓ Updated: 2.56 → 2.62 (CHANGED)
[2026-01-27 08:36:24]   [emp_id: 5337] ✓ Updated: 37.29 → 37.37 (CHANGED)
[2026-01-27 08:36:24]   [emp_id: 5339] ✓ Updated: 11.66 → 11.72 (CHANGED)
[2026-01-27 08:36:24]   [emp_id: 5343] ✓ Updated: 47.21 → 47.29 (CHANGED)
[2026-01-27 08:36:24]   [emp_id: 5343] ✓ Updated: 47.21 → 47.29 (CHANGED)
[2026-01-27 08:36:24]   [emp_id: 5345] ✓ Updated: 17.04 → 17.12 (CHANGED)
[2026-01-27 08:36:24]   [emp_id: 5346] ✓ Updated: 3.38 → 3.44 (CHANGED)
[2026-01-27 08:36:24]   [emp_id: 5351] ✓ Updated: 18.32 → 18.38 (CHANGED)
[2026-01-27 08:36:24]   [emp_id: 5352] ✓ Updated: 27.46 → 27.54 (CHANGED)
[2026-01-27 08:36:24]   [emp_id: 5370] ✓ Updated: 16.97 → 17.03 (CHANGED)
[2026-01-27 08:36:24]   [emp_id: 5371] ✓ Updated: 9.21 → 9.29 (CHANGED)
[2026-01-27 08:36:24]   [emp_id: 5376] ✓ Updated: 11.57 → 11.63 (CHANGED)
[2026-01-27 08:36:24]   [emp_id: 5378] ✓ Updated: 19.29 → 19.37 (CHANGED)
[2026-01-27 08:36:24]   [emp_id: 5380] ✓ Updated: 17.98 → 18.04 (CHANGED)
[2026-01-27 08:36:24]   [emp_id: 5381] ✓ Updated: 13.73 → 13.81 (CHANGED)
[2026-01-27 08:36:24]   [emp_id: 5383] ✓ Updated: 17.04 → 17.12 (CHANGED)
[2026-01-27 08:36:24]   [emp_id: 5388] ✓ Updated: 28.76 → 28.82 (CHANGED)
[2026-01-27 08:36:24]   [emp_id: 5396] ✓ Updated: 30 → 30.06 (CHANGED)
[2026-01-27 08:36:24]   [emp_id: 5397] ✓ Updated: 21.46 → 21.52 (CHANGED)
[2026-01-27 08:36:24]   [emp_id: 5401] ✓ Updated: 24.57 → 24.63 (CHANGED)
[2026-01-27 08:36:24]   [emp_id: 5402] ✓ Updated: 24.69 → 24.75 (CHANGED)
[2026-01-27 08:36:24]   [emp_id: 5406] ✓ Updated: 18.41 → 18.47 (CHANGED)
[2026-01-27 08:36:24]   [emp_id: 5407] ✓ Updated: 17.81 → 17.89 (CHANGED)
[2026-01-27 08:36:24]   [emp_id: 5409] ✓ Updated: 17.75 → 17.81 (CHANGED)
[2026-01-27 08:36:24]   [emp_id: 5413] ✓ Updated: 30.21 → 30.29 (CHANGED)
[2026-01-27 08:36:24]   [emp_id: 5414] ✓ Updated: 29.88 → 29.96 (CHANGED)
[2026-01-27 08:36:24]   [emp_id: 5415] ✓ Updated: 5.81 → 5.89 (CHANGED)
[2026-01-27 08:36:24]   [emp_id: 5418] ✓ Updated: 16.81 → 16.87 (CHANGED)
[2026-01-27 08:36:24]   [emp_id: 5422] ✓ Updated: 22.54 → 22.62 (CHANGED)
[2026-01-27 08:36:24]   [emp_id: 5423] ✓ Updated: 7.23 → 7.31 (CHANGED)
[2026-01-27 08:36:24]   [emp_id: 5425] ✓ Updated: 15.36 → 15.42 (CHANGED)
[2026-01-27 08:36:24]   [emp_id: 5426] ✓ Updated: 3.78 → 3.86 (CHANGED)
[2026-01-27 08:36:25]   [emp_id: 5426] ✓ Updated: 3.78 → 3.86 (CHANGED)
[2026-01-27 08:36:25]   [emp_id: 5427] ✓ Updated: 15.47 → 15.53 (CHANGED)
[2026-01-27 08:36:25]   [emp_id: 5428] ✓ Updated: 15.36 → 15.42 (CHANGED)
[2026-01-27 08:36:25]   [emp_id: 5430] ✓ Updated: 19.6 → 19.68 (CHANGED)
[2026-01-27 08:36:25]   [emp_id: 5431] ✓ Updated: 14.48 → 14.54 (CHANGED)
[2026-01-27 08:36:25]   [emp_id: 5433] ✓ Updated: 14.5 → 14.56 (CHANGED)
[2026-01-27 08:36:25]   [emp_id: 5434] ✓ Updated: 14.25 → 14.31 (CHANGED)
[2026-01-27 08:36:25]   [emp_id: 5435] ✓ Updated: 14.19 → 14.25 (CHANGED)
[2026-01-27 08:36:25]   [emp_id: 5436] ✓ Updated: 14.19 → 14.25 (CHANGED)
[2026-01-27 08:36:25]   [emp_id: 5438] ✓ Updated: 17.46 → 17.54 (CHANGED)
[2026-01-27 08:36:25]   [emp_id: 5439] ✓ Updated: 26.96 → 27.04 (CHANGED)
[2026-01-27 08:36:25]   [emp_id: 5442] ✓ Updated: 15.96 → 16.04 (CHANGED)
[2026-01-27 08:36:25]   [emp_id: 5445] ✓ Updated: 8.65 → 8.71 (CHANGED)
[2026-01-27 08:36:25]   [emp_id: 5446] ✓ Updated: 8.65 → 8.71 (CHANGED)
[2026-01-27 08:36:25]   [emp_id: 5447] ✓ Updated: 8.59 → 8.65 (CHANGED)
[2026-01-27 08:36:25]   [emp_id: 5448] ✓ Updated: 2.98 → 3.06 (CHANGED)
[2026-01-27 08:36:25]   [emp_id: 5449] ✓ Updated: 6.67 → 6.73 (CHANGED)
[2026-01-27 08:36:25]   [emp_id: 5450] ✓ Updated: 6.61 → 6.67 (CHANGED)
[2026-01-27 08:36:25]   [emp_id: 5451] ✓ Updated: 6.61 → 6.67 (CHANGED)
[2026-01-27 08:36:25]   [emp_id: 5453] ✓ Updated: 6.45 → 6.51 (CHANGED)
[2026-01-27 08:36:25]   [emp_id: 5454] ✓ Updated: 9.04 → 9.12 (CHANGED)
[2026-01-27 08:36:25]   [emp_id: 5455] ✓ Updated: 3.29 → 3.37 (CHANGED)
[2026-01-27 08:36:25]   [emp_id: 5456] ✓ Updated: 8.29 → 8.37 (CHANGED)
[2026-01-27 08:36:25]   [emp_id: 5457] ✓ Updated: 5.7 → 5.76 (CHANGED)
[2026-01-27 08:36:25]   [emp_id: 5460] ✓ Updated: 6.94 → 7.02 (CHANGED)
[2026-01-27 08:36:25]   [emp_id: 5463] ✓ Updated: 6.27 → 6.35 (CHANGED)
[2026-01-27 08:36:25]   [emp_id: 5464] ✓ Updated: 6.27 → 6.35 (CHANGED)
[2026-01-27 08:36:25]   [emp_id: 5466] ✓ Updated: 4.02 → 4.1 (CHANGED)
[2026-01-27 08:36:25]   [emp_id: 5467] ✓ Updated: 2.94 → 3.02 (CHANGED)
[2026-01-27 08:36:25]   [emp_id: 5468] ✓ Updated: 1.89 → 1.97 (CHANGED)
[2026-01-27 08:36:25]   [emp_id: 5469] ✓ Updated: 1.8 → 1.88 (CHANGED)
[2026-01-27 08:36:25] Report saved to: D:\xampp\htdocs\almutlak\system/cron_logs/last_vacation_update_report.json
[2026-01-27 13:55:30] ========== CRON: Vacation Balance Update Started ==========
