[2026-01-29 08:05:25] ========== CRON: Vacation Balance Update Started ==========
[2026-01-29 08:05:25] Database connection established
[2026-01-29 08:05:25] Found 433 active employees with balance records to update
[2026-01-29 08:05:25] (Only employees with status=1 will be processed)
[2026-01-29 08:05:25]   [emp_id: 1061] ✓ Updated: 1.69 → 1.77 (CHANGED)
[2026-01-29 08:05:25]   [emp_id: 1496] ✓ Updated: 18.54 → 18.62 (CHANGED)
[2026-01-29 08:05:26]   [emp_id: 1500] ✓ Updated: 6.22 → 6.3 (CHANGED)
[2026-01-29 08:05:26]   [emp_id: 1574] ✓ Updated: 35.45 → 35.53 (CHANGED)
[2026-01-29 08:05:26]   [emp_id: 1673] ✓ Updated: 46.95 → 47.03 (CHANGED)
[2026-01-29 08:05:26]   [emp_id: 1685] ✓ Updated: 16.87 → 16.95 (CHANGED)
[2026-01-29 08:05:26]   [emp_id: 1764] ✓ Updated: 71.54 → 71.62 (CHANGED)
[2026-01-29 08:05:26]   [emp_id: 1805] ✓ Updated: 65.87 → 65.95 (CHANGED)
[2026-01-29 08:05:26]   [emp_id: 1822] ✓ Updated: 70.62 → 70.7 (CHANGED)
[2026-01-29 08:05:26]   [emp_id: 1837] ✓ Updated: 26.79 → 26.87 (CHANGED)
[2026-01-29 08:05:26]   [emp_id: 1857] ✓ Updated: 22.12 → 22.2 (CHANGED)
[2026-01-29 08:05:26]   [emp_id: 1861] ✓ Updated: 72.95 → 73.03 (CHANGED)
[2026-01-29 08:05:26]   [emp_id: 1872] ✓ Updated: 11.79 → 11.87 (CHANGED)
[2026-01-29 08:05:26]   [emp_id: 1897] ✓ Updated: 7.12 → 7.2 (CHANGED)
[2026-01-29 08:05:26]   [emp_id: 1916] ✓ Updated: 13.42 → 13.5 (CHANGED)
[2026-01-29 08:05:26]   [emp_id: 1928] ✓ Updated: 66.37 → 66.45 (CHANGED)
[2026-01-29 08:05:26]   [emp_id: 1931] ✓ Updated: 86.29 → 86.37 (CHANGED)
[2026-01-29 08:05:26]   [emp_id: 1944] ✓ Updated: 44.45 → 44.53 (CHANGED)
[2026-01-29 08:05:26]   [emp_id: 1996] ✓ Updated: 72.95 → 73.03 (CHANGED)
[2026-01-29 08:05:26]   [emp_id: 1997] ✓ Updated: 38.12 → 38.2 (CHANGED)
[2026-01-29 08:05:26]   [emp_id: 1998] ✓ Updated: 29.56 → 29.64 (CHANGED)
[2026-01-29 08:05:26]   [emp_id: 1999] ✓ Updated: 30.56 → 30.64 (CHANGED)
[2026-01-29 08:05:26]   [emp_id: 2009] ✓ Updated: 36.87 → 36.95 (CHANGED)
[2026-01-29 08:05:26]   [emp_id: 2048] ✓ Updated: 26.7 → 26.78 (CHANGED)
[2026-01-29 08:05:26]   [emp_id: 2057] ✓ Updated: 67.54 → 67.62 (CHANGED)
[2026-01-29 08:05:26]   [emp_id: 2079] ✓ Updated: 49.87 → 49.95 (CHANGED)
[2026-01-29 08:05:26]   [emp_id: 2181] ✓ Updated: 38.87 → 38.95 (CHANGED)
[2026-01-29 08:05:26]   [emp_id: 2190] ✓ Updated: 8.2 → 8.28 (CHANGED)
[2026-01-29 08:05:26]   [emp_id: 2212] ✓ Updated: 26.2 → 26.28 (CHANGED)
[2026-01-29 08:05:26]   [emp_id: 2226] ✓ Updated: 70.95 → 71.03 (CHANGED)
[2026-01-29 08:05:26]   [emp_id: 2238] ✓ Updated: 69.2 → 69.28 (CHANGED)
[2026-01-29 08:05:26]   [emp_id: 2285] ✓ Updated: 37.87 → 37.95 (CHANGED)
[2026-01-29 08:05:26]   [emp_id: 2287] ✓ Updated: 49.54 → 49.62 (CHANGED)
[2026-01-29 08:05:26]   [emp_id: 2288] ✓ Updated: 4.56 → 4.64 (CHANGED)
[2026-01-29 08:05:26]   [emp_id: 2316] ✓ Updated: 18.37 → 18.45 (CHANGED)
[2026-01-29 08:05:26]   [emp_id: 2337] ✓ Updated: 39.45 → 39.53 (CHANGED)
[2026-01-29 08:05:26]   [emp_id: 2352] ✓ Updated: 70.95 → 71.03 (CHANGED)
[2026-01-29 08:05:26]   [emp_id: 2358] ✓ Updated: 7.45 → 7.53 (CHANGED)
[2026-01-29 08:05:26]   [emp_id: 2361] ✓ Updated: 73.12 → 73.2 (CHANGED)
[2026-01-29 08:05:26]   [emp_id: 2363] ✓ Updated: 75.7 → 75.78 (CHANGED)
[2026-01-29 08:05:26]   [emp_id: 2364] ✓ Updated: 75.12 → 75.2 (CHANGED)
[2026-01-29 08:05:26]   [emp_id: 2367] ✓ Updated: 102.79 → 102.87 (CHANGED)
[2026-01-29 08:05:26]   [emp_id: 2368] ✓ Updated: 33.2 → 33.28 (CHANGED)
[2026-01-29 08:05:26]   [emp_id: 2372] ✓ Updated: 70.45 → 70.53 (CHANGED)
[2026-01-29 08:05:26]   [emp_id: 2376] ✓ Updated: 120.45 → 120.53 (CHANGED)
[2026-01-29 08:05:26]   [emp_id: 2423] ✓ Updated: 21.2 → 21.28 (CHANGED)
[2026-01-29 08:05:26]   [emp_id: 2519] ✓ Updated: 114.87 → 114.95 (CHANGED)
[2026-01-29 08:05:26]   [emp_id: 2522] ✓ Updated: 58.45 → 58.53 (CHANGED)
[2026-01-29 08:05:26]   [emp_id: 2530] ✓ Updated: 53.7 → 53.78 (CHANGED)
[2026-01-29 08:05:26]   [emp_id: 2539] ✓ Updated: 50.45 → 50.53 (CHANGED)
[2026-01-29 08:05:26]   [emp_id: 2541] ✓ Updated: 31.04 → 31.12 (CHANGED)
[2026-01-29 08:05:26]   [emp_id: 2550] ✓ Updated: 97.2 → 97.28 (CHANGED)
[2026-01-29 08:05:26]   [emp_id: 2553] ✓ Updated: 34.31 → 34.39 (CHANGED)
[2026-01-29 08:05:26]   [emp_id: 2554] ✓ Updated: 40.79 → 40.87 (CHANGED)
[2026-01-29 08:05:26]   [emp_id: 2565] ✓ Updated: 95.37 → 95.45 (CHANGED)
[2026-01-29 08:05:26]   [emp_id: 2572] ✓ Updated: 45.37 → 45.45 (CHANGED)
[2026-01-29 08:05:26]   [emp_id: 2637] ✓ Updated: 65.95 → 66.03 (CHANGED)
[2026-01-29 08:05:26]   [emp_id: 2642] ✓ Updated: 78.7 → 78.78 (CHANGED)
[2026-01-29 08:05:26]   [emp_id: 2645] ✓ Updated: 94.7 → 94.78 (CHANGED)
[2026-01-29 08:05:26]   [emp_id: 2648] ✓ Updated: 46.37 → 46.45 (CHANGED)
[2026-01-29 08:05:26]   [emp_id: 2654] ✓ Updated: 89.04 → 89.12 (CHANGED)
[2026-01-29 08:05:26]   [emp_id: 2688] ✓ Updated: 27.12 → 27.2 (CHANGED)
[2026-01-29 08:05:27]   [emp_id: 2690] ✓ Updated: 15.87 → 15.95 (CHANGED)
[2026-01-29 08:05:27]   [emp_id: 2709] ✓ Updated: 38.12 → 38.2 (CHANGED)
[2026-01-29 08:05:27]   [emp_id: 2745] ✓ Updated: 34.7 → 34.78 (CHANGED)
[2026-01-29 08:05:27]   [emp_id: 2843] ✓ Updated: 81.29 → 81.37 (CHANGED)
[2026-01-29 08:05:27]   [emp_id: 2854] ✓ Updated: 61.2 → 61.28 (CHANGED)
[2026-01-29 08:05:27]   [emp_id: 2869] ✓ Updated: 5.12 → 5.2 (CHANGED)
[2026-01-29 08:05:27]   [emp_id: 2876] ✓ Updated: 35.95 → 36.03 (CHANGED)
[2026-01-29 08:05:27]   [emp_id: 2924] ✓ Updated: 17.12 → 17.2 (CHANGED)
[2026-01-29 08:05:27]   [emp_id: 2953] ✓ Updated: 102.87 → 102.95 (CHANGED)
[2026-01-29 08:05:27]   [emp_id: 2961] ✓ Updated: 12.87 → 12.95 (CHANGED)
[2026-01-29 08:05:27]   [emp_id: 2975] ✓ Updated: 2.55 → 2.63 (CHANGED)
[2026-01-29 08:05:27]   [emp_id: 3013] ✓ Updated: 11.87 → 11.95 (CHANGED)
[2026-01-29 08:05:27]   [emp_id: 3014] ✓ Updated: 91.12 → 91.2 (CHANGED)
[2026-01-29 08:05:27]   [emp_id: 3015] ✓ Updated: 2.37 → 2.45 (CHANGED)
[2026-01-29 08:05:27]   [emp_id: 3018] ✓ Updated: 61.12 → 61.2 (CHANGED)
[2026-01-29 08:05:27]   [emp_id: 3025] ✓ Updated: 24.89 → 24.97 (CHANGED)
[2026-01-29 08:05:27]   [emp_id: 3037] ✓ Updated: 84.62 → 84.7 (CHANGED)
[2026-01-29 08:05:27]   [emp_id: 3047] ✓ Updated: 72.87 → 72.95 (CHANGED)
[2026-01-29 08:05:27]   [emp_id: 3061] ✓ Updated: 19.79 → 19.87 (CHANGED)
[2026-01-29 08:05:27]   [emp_id: 3062] ✓ Updated: 52.95 → 53.03 (CHANGED)
[2026-01-29 08:05:27]   [emp_id: 3074] ✓ Updated: 109.37 → 109.45 (CHANGED)
[2026-01-29 08:05:27]   [emp_id: 3089] ✓ Updated: 8.29 → 8.37 (CHANGED)
[2026-01-29 08:05:27]   [emp_id: 3090] ✓ Updated: 34.87 → 34.95 (CHANGED)
[2026-01-29 08:05:27]   [emp_id: 3091] ✓ Updated: 46.87 → 46.95 (CHANGED)
[2026-01-29 08:05:27]   [emp_id: 3092] ✓ Updated: 29.54 → 29.62 (CHANGED)
[2026-01-29 08:05:27]   [emp_id: 3105] ✓ Updated: 49.87 → 49.95 (CHANGED)
[2026-01-29 08:05:27]   [emp_id: 3134] ✓ Updated: 45.62 → 45.7 (CHANGED)
[2026-01-29 08:05:27]   [emp_id: 3140] ✓ Updated: 42.7 → 42.78 (CHANGED)
[2026-01-29 08:05:27]   [emp_id: 3144] ✓ Updated: 15.54 → 15.62 (CHANGED)
[2026-01-29 08:05:27]   [emp_id: 3156] ✓ Updated: 18.87 → 18.95 (CHANGED)
[2026-01-29 08:05:27]   [emp_id: 3162] ✓ Updated: 3.85 → 3.93 (CHANGED)
[2026-01-29 08:05:27]   [emp_id: 3163] ✓ Updated: 7.12 → 7.2 (CHANGED)
[2026-01-29 08:05:27]   [emp_id: 3198] ✓ Updated: 42.12 → 42.2 (CHANGED)
[2026-01-29 08:05:27]   [emp_id: 3205] ✓ Updated: 18.79 → 18.87 (CHANGED)
[2026-01-29 08:05:27]   [emp_id: 3209] ✓ Updated: 42.95 → 43.03 (CHANGED)
[2026-01-29 08:05:27]   [emp_id: 3223] ✓ Updated: 91.87 → 91.95 (CHANGED)
[2026-01-29 08:05:27]   [emp_id: 3224] ✓ Updated: 66.62 → 66.7 (CHANGED)
[2026-01-29 08:05:27]   [emp_id: 3230] ✓ Updated: 90.04 → 90.12 (CHANGED)
[2026-01-29 08:05:27]   [emp_id: 3231] ✓ Updated: 2.41 → 2.49 (CHANGED)
[2026-01-29 08:05:27]   [emp_id: 3233] ✓ Updated: 82.87 → 82.95 (CHANGED)
[2026-01-29 08:05:27]   [emp_id: 3249] ✓ Updated: 38.7 → 38.78 (CHANGED)
[2026-01-29 08:05:27]   [emp_id: 3250] ✓ Updated: 11.7 → 11.78 (CHANGED)
[2026-01-29 08:05:27]   [emp_id: 3252] ✓ Updated: 12.62 → 12.7 (CHANGED)
[2026-01-29 08:05:27]   [emp_id: 3254] ✓ Updated: 23.12 → 23.2 (CHANGED)
[2026-01-29 08:05:27]   [emp_id: 3255] ✓ Updated: 19.54 → 19.62 (CHANGED)
[2026-01-29 08:05:27]   [emp_id: 3256] ✓ Updated: 15.79 → 15.87 (CHANGED)
[2026-01-29 08:05:27]   [emp_id: 3263] ✓ Updated: 31.87 → 31.95 (CHANGED)
[2026-01-29 08:05:27]   [emp_id: 3265] ✓ Updated: 27.45 → 27.53 (CHANGED)
[2026-01-29 08:05:27]   [emp_id: 3280] ✓ Updated: 74.37 → 74.45 (CHANGED)
[2026-01-29 08:05:27]   [emp_id: 3286] ✓ Updated: 17.54 → 17.62 (CHANGED)
[2026-01-29 08:05:27]   [emp_id: 3294] ✓ Updated: 17.2 → 17.28 (CHANGED)
[2026-01-29 08:05:27]   [emp_id: 3321] ✓ Updated: 74.37 → 74.45 (CHANGED)
[2026-01-29 08:05:27]   [emp_id: 3325] ✓ Updated: 62.12 → 62.2 (CHANGED)
[2026-01-29 08:05:27]   [emp_id: 3329] ✓ Updated: 64.45 → 64.53 (CHANGED)
[2026-01-29 08:05:27]   [emp_id: 3330] ✓ Updated: 64.45 → 64.53 (CHANGED)
[2026-01-29 08:05:27]   [emp_id: 3332] ✓ Updated: 64.45 → 64.53 (CHANGED)
[2026-01-29 08:05:27]   [emp_id: 3370] ✓ Updated: 55.96 → 56.04 (CHANGED)
[2026-01-29 08:05:27]   [emp_id: 3384] ✓ Updated: 16.62 → 16.7 (CHANGED)
[2026-01-29 08:05:27]   [emp_id: 3386] ✓ Updated: 46.62 → 46.7 (CHANGED)
[2026-01-29 08:05:27]   [emp_id: 3431] ✓ Updated: 21.04 → 21.12 (CHANGED)
[2026-01-29 08:05:27]   [emp_id: 3497] ✓ Updated: 11.2 → 11.28 (CHANGED)
[2026-01-29 08:05:28]   [emp_id: 3532] ✓ Updated: 2.04 → 2.12 (CHANGED)
[2026-01-29 08:05:28]   [emp_id: 3602] ✓ Updated: 3.61 → 3.69 (CHANGED)
[2026-01-29 08:05:28]   [emp_id: 3618] ✓ Updated: 25.59 → 25.67 (CHANGED)
[2026-01-29 08:05:28]   [emp_id: 3622] ✓ Updated: 36.03 → 36.09 (CHANGED)
[2026-01-29 08:05:28]   [emp_id: 3627] ✓ Updated: 11.54 → 11.62 (CHANGED)
[2026-01-29 08:05:28]   [emp_id: 3665] ✓ Updated: 53.12 → 53.2 (CHANGED)
[2026-01-29 08:05:28]   [emp_id: 3705] ✓ Updated: 29.36 → 29.42 (CHANGED)
[2026-01-29 08:05:28]   [emp_id: 3724] ✓ Updated: 46.12 → 46.2 (CHANGED)
[2026-01-29 08:05:28]   [emp_id: 3726] ✓ Updated: 62.54 → 62.62 (CHANGED)
[2026-01-29 08:05:28]   [emp_id: 3727] ✓ Updated: 67.62 → 67.7 (CHANGED)
[2026-01-29 08:05:28]   [emp_id: 3728] ✓ Updated: 11.95 → 12.03 (CHANGED)
[2026-01-29 08:05:28]   [emp_id: 3767] ✓ Updated: 2.7 → 2.78 (CHANGED)
[2026-01-29 08:05:28]   [emp_id: 3768] ✓ Updated: 58.95 → 59.03 (CHANGED)
[2026-01-29 08:05:28]   [emp_id: 3787] ✓ Updated: 59.54 → 59.62 (CHANGED)
[2026-01-29 08:05:28]   [emp_id: 3790] ✓ Updated: 4.09 → 4.17 (CHANGED)
[2026-01-29 08:05:28]   [emp_id: 3795] ✓ Updated: 17.04 → 17.12 (CHANGED)
[2026-01-29 08:05:28]   [emp_id: 3798] ✓ Updated: 95.45 → 95.53 (CHANGED)
[2026-01-29 08:05:28]   [emp_id: 3801] ✓ Updated: 3.72 → 3.8 (CHANGED)
[2026-01-29 08:05:28]   [emp_id: 3802] ✓ Updated: 32.7 → 32.78 (CHANGED)
[2026-01-29 08:05:28]   [emp_id: 3803] ✓ Updated: 117.12 → 117.2 (CHANGED)
[2026-01-29 08:05:28]   [emp_id: 3810] ✓ Updated: 63.12 → 63.2 (CHANGED)
[2026-01-29 08:05:28]   [emp_id: 3812] ✓ Updated: 92.12 → 92.2 (CHANGED)
[2026-01-29 08:05:28]   [emp_id: 3815] ✓ Updated: 92.12 → 92.2 (CHANGED)
[2026-01-29 08:05:28]   [emp_id: 3836] ✓ Updated: 59.79 → 59.87 (CHANGED)
[2026-01-29 08:05:28]   [emp_id: 3855] ✓ Updated: 52.95 → 53.03 (CHANGED)
[2026-01-29 08:05:28]   [emp_id: 3857] ✓ Updated: 56.62 → 56.7 (CHANGED)
[2026-01-29 08:05:28]   [emp_id: 3862] ✓ Updated: 104.7 → 104.78 (CHANGED)
[2026-01-29 08:05:28]   [emp_id: 3866] ✓ Updated: 29.95 → 30.03 (CHANGED)
[2026-01-29 08:05:28]   [emp_id: 3876] ✓ Updated: 26.12 → 26.2 (CHANGED)
[2026-01-29 08:05:28]   [emp_id: 3877] ✓ Updated: 51.62 → 51.7 (CHANGED)
[2026-01-29 08:05:28]   [emp_id: 3897] ✓ Updated: 39.87 → 39.95 (CHANGED)
[2026-01-29 08:05:28]   [emp_id: 3899] ✓ Updated: 1.69 → 1.77 (CHANGED)
[2026-01-29 08:05:28]   [emp_id: 3928] ✓ Updated: 15.95 → 16.03 (CHANGED)
[2026-01-29 08:05:28]   [emp_id: 3929] ✓ Updated: 10.95 → 11.03 (CHANGED)
[2026-01-29 08:05:28]   [emp_id: 3935] ✓ Updated: 95.95 → 96.03 (CHANGED)
[2026-01-29 08:05:28]   [emp_id: 3952] ✓ Updated: 77.29 → 77.37 (CHANGED)
[2026-01-29 08:05:28]   [emp_id: 3987] ✓ Updated: 16.2 → 16.28 (CHANGED)
[2026-01-29 08:05:28]   [emp_id: 4059] ✓ Updated: 5.4 → 5.48 (CHANGED)
[2026-01-29 08:05:28]   [emp_id: 4119] ✓ Updated: 58.87 → 58.95 (CHANGED)
[2026-01-29 08:05:28]   [emp_id: 4120] ✓ Updated: 28.45 → 28.53 (CHANGED)
[2026-01-29 08:05:28]   [emp_id: 4124] ✓ Updated: 28.97 → 29.05 (CHANGED)
[2026-01-29 08:05:28]   [emp_id: 4133] ✓ Updated: 107.45 → 107.53 (CHANGED)
[2026-01-29 08:05:28]   [emp_id: 4134] ✓ Updated: 28.45 → 28.53 (CHANGED)
[2026-01-29 08:05:28]   [emp_id: 4136] ✓ Updated: 28.45 → 28.53 (CHANGED)
[2026-01-29 08:05:28]   [emp_id: 4150] ✓ Updated: 27.12 → 27.2 (CHANGED)
[2026-01-29 08:05:28]   [emp_id: 4157] ✓ Updated: 20.62 → 20.7 (CHANGED)
[2026-01-29 08:05:28]   [emp_id: 4172] ✓ Updated: 13.94 → 14 (CHANGED)
[2026-01-29 08:05:28]   [emp_id: 4195] ✓ Updated: 64.2 → 64.28 (CHANGED)
[2026-01-29 08:05:28]   [emp_id: 4215] ✓ Updated: 46.87 → 46.95 (CHANGED)
[2026-01-29 08:05:28]   [emp_id: 4220] ✓ Updated: 42.45 → 42.53 (CHANGED)
[2026-01-29 08:05:28]   [emp_id: 4273] ✓ Updated: 11.12 → 11.2 (CHANGED)
[2026-01-29 08:05:28]   [emp_id: 4283] ✓ Updated: 15.03 → 15.09 (CHANGED)
[2026-01-29 08:05:28]   [emp_id: 4288] ✓ Updated: 1.69 → 1.77 (CHANGED)
[2026-01-29 08:05:28]   [emp_id: 4315] ✓ Updated: 14.37 → 14.45 (CHANGED)
[2026-01-29 08:05:28]   [emp_id: 4328] ✓ Updated: 43.86 → 43.92 (CHANGED)
[2026-01-29 08:05:28]   [emp_id: 4329] ✓ Updated: 7.54 → 7.62 (CHANGED)
[2026-01-29 08:05:28]   [emp_id: 4338] ✓ Updated: 49.12 → 49.2 (CHANGED)
[2026-01-29 08:05:28]   [emp_id: 4340] ✓ Updated: 111.12 → 111.2 (CHANGED)
[2026-01-29 08:05:28]   [emp_id: 4365] ✓ Updated: 62.54 → 62.62 (CHANGED)
[2026-01-29 08:05:28]   [emp_id: 4366] ✓ Updated: 61.62 → 61.7 (CHANGED)
[2026-01-29 08:05:28]   [emp_id: 4403] ✓ Updated: 87.45 → 87.53 (CHANGED)
[2026-01-29 08:05:28]   [emp_id: 4438] ✓ Updated: 23.12 → 23.2 (CHANGED)
[2026-01-29 08:05:28]   [emp_id: 4465] ✓ Updated: 14.19 → 14.25 (CHANGED)
[2026-01-29 08:05:28]   [emp_id: 4473] ✓ Updated: 46.7 → 46.78 (CHANGED)
[2026-01-29 08:05:28]   [emp_id: 4474] ✓ Updated: 4.7 → 4.76 (CHANGED)
[2026-01-29 08:05:28]   [emp_id: 4493] ✓ Updated: 165.54 → 165.62 (CHANGED)
[2026-01-29 08:05:29]   [emp_id: 4526] ✓ Updated: 37.79 → 37.87 (CHANGED)
[2026-01-29 08:05:29]   [emp_id: 4528] ✓ Updated: 109.54 → 109.62 (CHANGED)
[2026-01-29 08:05:29]   [emp_id: 4528] ✓ Updated: 109.54 → 109.62 (CHANGED)
[2026-01-29 08:05:29]   [emp_id: 4532] ✓ Updated: 9.31 → 9.37 (CHANGED)
[2026-01-29 08:05:29]   [emp_id: 4533] ✓ Updated: 37.95 → 38.03 (CHANGED)
[2026-01-29 08:05:29]   [emp_id: 4565] ✓ Updated: 16.69 → 16.75 (CHANGED)
[2026-01-29 08:05:29]   [emp_id: 4567] ✓ Updated: 20.94 → 21 (CHANGED)
[2026-01-29 08:05:29]   [emp_id: 4572] ✓ Updated: 60.44 → 60.5 (CHANGED)
[2026-01-29 08:05:29]   [emp_id: 4631] ✓ Updated: 16.69 → 16.75 (CHANGED)
[2026-01-29 08:05:29]   [emp_id: 4655] ✓ Updated: 26.87 → 26.95 (CHANGED)
[2026-01-29 08:05:29]   [emp_id: 4709] ✓ Updated: 42.12 → 42.2 (CHANGED)
[2026-01-29 08:05:29]   [emp_id: 4717] ✓ Updated: 68.12 → 68.2 (CHANGED)
[2026-01-29 08:05:29]   [emp_id: 4736] ✓ Updated: 29.95 → 30.03 (CHANGED)
[2026-01-29 08:05:29]   [emp_id: 4756] ✓ Updated: 13.13 → 13.19 (CHANGED)
[2026-01-29 08:05:29]   [emp_id: 4768] ✓ Updated: 15.62 → 15.7 (CHANGED)
[2026-01-29 08:05:29]   [emp_id: 4780] ✓ Updated: 66.86 → 66.92 (CHANGED)
[2026-01-29 08:05:29]   [emp_id: 4820] ✓ Updated: 100.95 → 101.03 (CHANGED)
[2026-01-29 08:05:29]   [emp_id: 4824] ✓ Updated: 4.13 → 4.21 (CHANGED)
[2026-01-29 08:05:29]   [emp_id: 4825] ✓ Updated: 32.7 → 32.78 (CHANGED)
[2026-01-29 08:05:29]   [emp_id: 4837] ✓ Updated: 46.85 → 46.91 (CHANGED)
[2026-01-29 08:05:29]   [emp_id: 4840] ✓ Updated: 46.85 → 46.91 (CHANGED)
[2026-01-29 08:05:29]   [emp_id: 4842] ✓ Updated: 46.09 → 46.15 (CHANGED)
[2026-01-29 08:05:29]   [emp_id: 4843] ✓ Updated: 46.62 → 46.68 (CHANGED)
[2026-01-29 08:05:29]   [emp_id: 4853] ✓ Updated: 90.44 → 90.5 (CHANGED)
[2026-01-29 08:05:29]   [emp_id: 4856] ✓ Updated: 43.76 → 43.82 (CHANGED)
[2026-01-29 08:05:29]   [emp_id: 4857] ✓ Updated: 26.58 → 26.64 (CHANGED)
[2026-01-29 08:05:29]   [emp_id: 4858] ✓ Updated: 23.46 → 23.52 (CHANGED)
[2026-01-29 08:05:29]   [emp_id: 4859] ✓ Updated: 44.93 → 44.99 (CHANGED)
[2026-01-29 08:05:29]   [emp_id: 4860] ✓ Updated: 9.43 → 9.49 (CHANGED)
[2026-01-29 08:05:29]   [emp_id: 4861] ✓ Updated: 42.89 → 42.95 (CHANGED)
[2026-01-29 08:05:29]   [emp_id: 4869] ✓ Updated: 85.77 → 85.83 (CHANGED)
[2026-01-29 08:05:29]   [emp_id: 4894] ✓ Updated: 9.62 → 9.7 (CHANGED)
[2026-01-29 08:05:29]   [emp_id: 4897] ✓ Updated: 24.67 → 24.73 (CHANGED)
[2026-01-29 08:05:29]   [emp_id: 4899] ✓ Updated: 20.84 → 20.9 (CHANGED)
[2026-01-29 08:05:29]   [emp_id: 4902] ✓ Updated: 20.26 → 20.32 (CHANGED)
[2026-01-29 08:05:29]   [emp_id: 4903] ✓ Updated: 22.48 → 22.54 (CHANGED)
[2026-01-29 08:05:29]   [emp_id: 4905] ✓ Updated: 21.14 → 21.2 (CHANGED)
[2026-01-29 08:05:29]   [emp_id: 4907] ✓ Updated: 49.7 → 49.78 (CHANGED)
[2026-01-29 08:05:29]   [emp_id: 4917] ✓ Updated: 18.1 → 18.16 (CHANGED)
[2026-01-29 08:05:29]   [emp_id: 4918] ✓ Updated: 7.87 → 7.93 (CHANGED)
[2026-01-29 08:05:29]   [emp_id: 4919] ✓ Updated: 60.16 → 60.22 (CHANGED)
[2026-01-29 08:05:29]   [emp_id: 4920] ✓ Updated: 7.24 → 7.3 (CHANGED)
[2026-01-29 08:05:29]   [emp_id: 4921] ✓ Updated: 19.33 → 19.39 (CHANGED)
[2026-01-29 08:05:29]   [emp_id: 4927] ✓ Updated: 18.16 → 18.22 (CHANGED)
[2026-01-29 08:05:29]   [emp_id: 4929] ✓ Updated: 19.68 → 19.74 (CHANGED)
[2026-01-29 08:05:29]   [emp_id: 4930] ✓ Updated: 60.45 → 60.51 (CHANGED)
[2026-01-29 08:05:29]   [emp_id: 4932] ✓ Updated: 18.45 → 18.51 (CHANGED)
[2026-01-29 08:05:29]   [emp_id: 4933] ✓ Updated: 21.86 → 21.92 (CHANGED)
[2026-01-29 08:05:29]   [emp_id: 4949] ✓ Updated: 25.29 → 25.35 (CHANGED)
[2026-01-29 08:05:29]   [emp_id: 4956] ✓ Updated: 30.88 → 30.94 (CHANGED)
[2026-01-29 08:05:29]   [emp_id: 4957] ✓ Updated: 26.55 → 26.61 (CHANGED)
[2026-01-29 08:05:29]   [emp_id: 4962] ✓ Updated: 49.06 → 49.14 (CHANGED)
[2026-01-29 08:05:29]   [emp_id: 4969] ✓ Updated: 48.37 → 48.45 (CHANGED)
[2026-01-29 08:05:29]   [emp_id: 4976] ✓ Updated: 11.57 → 11.63 (CHANGED)
[2026-01-29 08:05:29]   [emp_id: 4984] ✓ Updated: 39.62 → 39.7 (CHANGED)
[2026-01-29 08:05:29]   [emp_id: 4995] ✓ Updated: 51.69 → 51.77 (CHANGED)
[2026-01-29 08:05:29]   [emp_id: 5004] ✓ Updated: 28.51 → 28.57 (CHANGED)
[2026-01-29 08:05:29]   [emp_id: 5006] ✓ Updated: 28.25 → 28.31 (CHANGED)
[2026-01-29 08:05:29]   [emp_id: 5011] ✓ Updated: 7.47 → 7.55 (CHANGED)
[2026-01-29 08:05:29]   [emp_id: 5013] ✓ Updated: 68.62 → 68.68 (CHANGED)
[2026-01-29 08:05:29]   [emp_id: 5018] ✓ Updated: 5.11 → 5.17 (CHANGED)
[2026-01-29 08:05:29]   [emp_id: 5021] ✓ Updated: 62.72 → 62.8 (CHANGED)
[2026-01-29 08:05:29]   [emp_id: 5024] ✓ Updated: 3.13 → 3.19 (CHANGED)
[2026-01-29 08:05:29]   [emp_id: 5030] ✓ Updated: 33.08 → 33.14 (CHANGED)
[2026-01-29 08:05:29]   [emp_id: 5033] ✓ Updated: 11.88 → 11.94 (CHANGED)
[2026-01-29 08:05:29]   [emp_id: 5043] ✓ Updated: 32.29 → 32.37 (CHANGED)
[2026-01-29 08:05:30]   [emp_id: 5045] ✓ Updated: 28.79 → 28.87 (CHANGED)
[2026-01-29 08:05:30]   [emp_id: 5046] ✓ Updated: 23.98 → 24.06 (CHANGED)
[2026-01-29 08:05:30]   [emp_id: 5049] ✓ Updated: 0.56 → 0.62 (CHANGED)
[2026-01-29 08:05:30]   [emp_id: 5052] ✓ Updated: 31.84 → 31.9 (CHANGED)
[2026-01-29 08:05:30]   [emp_id: 5055] ✓ Updated: 20.28 → 20.34 (CHANGED)
[2026-01-29 08:05:30]   [emp_id: 5058] ✓ Updated: 29.26 → 29.32 (CHANGED)
[2026-01-29 08:05:30]   [emp_id: 5062] ✓ Updated: 41.09 → 41.15 (CHANGED)
[2026-01-29 08:05:30]   [emp_id: 5064] ✓ Updated: 119.62 → 119.7 (CHANGED)
[2026-01-29 08:05:30]   [emp_id: 5065] ✓ Updated: 40.5 → 40.56 (CHANGED)
[2026-01-29 08:05:30]   [emp_id: 5071] ✓ Updated: 25.12 → 25.2 (CHANGED)
[2026-01-29 08:05:30]   [emp_id: 5073] ✓ Updated: 15.1 → 15.16 (CHANGED)
[2026-01-29 08:05:30]   [emp_id: 5079] ✓ Updated: 35.66 → 35.72 (CHANGED)
[2026-01-29 08:05:30]   [emp_id: 5080] ✓ Updated: 28.99 → 29.05 (CHANGED)
[2026-01-29 08:05:30]   [emp_id: 5081] ✓ Updated: 17.25 → 17.31 (CHANGED)
[2026-01-29 08:05:30]   [emp_id: 5087] ✓ Updated: 37.29 → 37.35 (CHANGED)
[2026-01-29 08:05:30]   [emp_id: 5091] ✓ Updated: 77.14 → 77.2 (CHANGED)
[2026-01-29 08:05:30]   [emp_id: 5093] ✓ Updated: 16.29 → 16.37 (CHANGED)
[2026-01-29 08:05:30]   [emp_id: 5095] ✓ Updated: 2.68 → 2.74 (CHANGED)
[2026-01-29 08:05:30]   [emp_id: 5101] ✓ Updated: 18.37 → 18.45 (CHANGED)
[2026-01-29 08:05:30]   [emp_id: 5107] ✓ Updated: 16.7 → 16.78 (CHANGED)
[2026-01-29 08:05:30]   [emp_id: 5109] ✓ Updated: 13.95 → 14.03 (CHANGED)
[2026-01-29 08:05:30]   [emp_id: 5119] ✓ Updated: 12.12 → 12.2 (CHANGED)
[2026-01-29 08:05:30]   [emp_id: 5122] ✓ Updated: 9.29 → 9.37 (CHANGED)
[2026-01-29 08:05:30]   [emp_id: 5126] ✓ Updated: 28.02 → 28.08 (CHANGED)
[2026-01-29 08:05:30]   [emp_id: 5127] ✓ Updated: 16.81 → 16.87 (CHANGED)
[2026-01-29 08:05:30]   [emp_id: 5128] ✓ Updated: 27.96 → 28.02 (CHANGED)
[2026-01-29 08:05:30]   [emp_id: 5138] ✓ Updated: 51.95 → 52.03 (CHANGED)
[2026-01-29 08:05:30]   [emp_id: 5138] ✓ Updated: 51.95 → 52.03 (CHANGED)
[2026-01-29 08:05:30]   [emp_id: 5141] ✓ Updated: 36.33 → 36.39 (CHANGED)
[2026-01-29 08:05:30]   [emp_id: 5142] ✓ Updated: 15.33 → 15.39 (CHANGED)
[2026-01-29 08:05:30]   [emp_id: 5146] ✓ Updated: 22.33 → 22.39 (CHANGED)
[2026-01-29 08:05:30]   [emp_id: 5147] ✓ Updated: 21.33 → 21.39 (CHANGED)
[2026-01-29 08:05:30]   [emp_id: 5148] ✓ Updated: 26.68 → 26.74 (CHANGED)
[2026-01-29 08:05:30]   [emp_id: 5149] ✓ Updated: 25.57 → 25.63 (CHANGED)
[2026-01-29 08:05:30]   [emp_id: 5150] ✓ Updated: 24.93 → 24.99 (CHANGED)
[2026-01-29 08:05:30]   [emp_id: 5151] ✓ Updated: 24.75 → 24.81 (CHANGED)
[2026-01-29 08:05:30]   [emp_id: 5152] ✓ Updated: 5.17 → 5.23 (CHANGED)
[2026-01-29 08:05:30]   [emp_id: 5157] ✓ Updated: 24.75 → 24.81 (CHANGED)
[2026-01-29 08:05:30]   [emp_id: 5160] ✓ Updated: 24.75 → 24.81 (CHANGED)
[2026-01-29 08:05:30]   [emp_id: 5163] ✓ Updated: 22.54 → 22.6 (CHANGED)
[2026-01-29 08:05:30]   [emp_id: 5165] ✓ Updated: 3.39 → 3.47 (CHANGED)
[2026-01-29 08:05:30]   [emp_id: 5167] ✓ Updated: 31.69 → 31.75 (CHANGED)
[2026-01-29 08:05:30]   [emp_id: 5168] ✓ Updated: 24.23 → 24.29 (CHANGED)
[2026-01-29 08:05:30]   [emp_id: 5173] ✓ Updated: 27.04 → 27.12 (CHANGED)
[2026-01-29 08:05:30]   [emp_id: 5174] ✓ Updated: 24.69 → 24.75 (CHANGED)
[2026-01-29 08:05:30]   [emp_id: 5181] ✓ Updated: 21.08 → 21.14 (CHANGED)
[2026-01-29 08:05:30]   [emp_id: 5186] ✓ Updated: 26.61 → 26.67 (CHANGED)
[2026-01-29 08:05:30]   [emp_id: 5187] ✓ Updated: 37.61 → 37.67 (CHANGED)
[2026-01-29 08:05:30]   [emp_id: 5204] ✓ Updated: 24.54 → 24.62 (CHANGED)
[2026-01-29 08:05:30]   [emp_id: 5205] ✓ Updated: 13.82 → 13.88 (CHANGED)
[2026-01-29 08:05:30]   [emp_id: 5209] ✓ Updated: 16.82 → 16.88 (CHANGED)
[2026-01-29 08:05:30]   [emp_id: 5213] ✓ Updated: 4.23 → 4.29 (CHANGED)
[2026-01-29 08:05:30]   [emp_id: 5214] ✓ Updated: 3.07 → 3.13 (CHANGED)
[2026-01-29 08:05:30]   [emp_id: 5215] ✓ Updated: 11.82 → 11.88 (CHANGED)
[2026-01-29 08:05:30]   [emp_id: 5217] ✓ Updated: 10.82 → 10.88 (CHANGED)
[2026-01-29 08:05:30]   [emp_id: 5219] ✓ Updated: 14.82 → 14.88 (CHANGED)
[2026-01-29 08:05:30]   [emp_id: 5221] ✓ Updated: 4.13 → 4.19 (CHANGED)
[2026-01-29 08:05:30]   [emp_id: 5224] ✓ Updated: 15.82 → 15.88 (CHANGED)
[2026-01-29 08:05:30]   [emp_id: 5225] ✓ Updated: 8.13 → 8.19 (CHANGED)
[2026-01-29 08:05:30]   [emp_id: 5228] ✓ Updated: 10.82 → 10.88 (CHANGED)
[2026-01-29 08:05:30]   [emp_id: 5229] ✓ Updated: 6.82 → 6.88 (CHANGED)
[2026-01-29 08:05:30]   [emp_id: 5230] ✓ Updated: 11.49 → 11.55 (CHANGED)
[2026-01-29 08:05:30]   [emp_id: 5231] ✓ Updated: 7.82 → 7.88 (CHANGED)
[2026-01-29 08:05:30]   [emp_id: 5232] ✓ Updated: 1.82 → 1.88 (CHANGED)
[2026-01-29 08:05:30]   [emp_id: 5233] ✓ Updated: 5.82 → 5.88 (CHANGED)
[2026-01-29 08:05:30]   [emp_id: 5234] ✓ Updated: 5.82 → 5.88 (CHANGED)
[2026-01-29 08:05:30]   [emp_id: 5235] ✓ Updated: 1.26 → 1.32 (CHANGED)
[2026-01-29 08:05:30]   [emp_id: 5237] ✓ Updated: 12.07 → 12.13 (CHANGED)
[2026-01-29 08:05:30]   [emp_id: 5239] ✓ Updated: 8.82 → 8.88 (CHANGED)
[2026-01-29 08:05:30]   [emp_id: 5241] ✓ Updated: 6.82 → 6.88 (CHANGED)
[2026-01-29 08:05:30]   [emp_id: 5242] ✓ Updated: 16.82 → 16.88 (CHANGED)
[2026-01-29 08:05:30]   [emp_id: 5243] ✓ Updated: 3.23 → 3.29 (CHANGED)
[2026-01-29 08:05:30]   [emp_id: 5244] ✓ Updated: 1.26 → 1.32 (CHANGED)
[2026-01-29 08:05:30]   [emp_id: 5246] ✓ Updated: 12.82 → 12.88 (CHANGED)
[2026-01-29 08:05:30]   [emp_id: 5253] ✓ Updated: 25.69 → 25.75 (CHANGED)
[2026-01-29 08:05:30]   [emp_id: 5254] ✓ Updated: 13.67 → 13.73 (CHANGED)
[2026-01-29 08:05:30]   [emp_id: 5257] ✓ Updated: 13.38 → 13.44 (CHANGED)
[2026-01-29 08:05:30]   [emp_id: 5259] ✓ Updated: 49.91 → 49.97 (CHANGED)
[2026-01-29 08:05:30]   [emp_id: 5261] ✓ Updated: 18.14 → 18.22 (CHANGED)
[2026-01-29 08:05:30]   [emp_id: 5264] ✓ Updated: 15.39 → 15.45 (CHANGED)
[2026-01-29 08:05:30]   [emp_id: 5266] ✓ Updated: 22.01 → 22.07 (CHANGED)
[2026-01-29 08:05:30]   [emp_id: 5268] ✓ Updated: 10.58 → 10.64 (CHANGED)
[2026-01-29 08:05:30]   [emp_id: 5271] ✓ Updated: 9.24 → 9.3 (CHANGED)
[2026-01-29 08:05:30]   [emp_id: 5272] ✓ Updated: 10.11 → 10.17 (CHANGED)
[2026-01-29 08:05:30]   [emp_id: 5273] ✓ Updated: 25.18 → 25.24 (CHANGED)
[2026-01-29 08:05:31]   [emp_id: 5275] ✓ Updated: 10.93 → 10.99 (CHANGED)
[2026-01-29 08:05:31]   [emp_id: 5276] ✓ Updated: 25.2 → 25.26 (CHANGED)
[2026-01-29 08:05:31]   [emp_id: 5278] ✓ Updated: 9.59 → 9.65 (CHANGED)
[2026-01-29 08:05:31]   [emp_id: 5280] ✓ Updated: 19.99 → 20.05 (CHANGED)
[2026-01-29 08:05:31]   [emp_id: 5282] ✓ Updated: 13.62 → 13.7 (CHANGED)
[2026-01-29 08:05:31]   [emp_id: 5285] ✓ Updated: 29.99 → 30.05 (CHANGED)
[2026-01-29 08:05:31]   [emp_id: 5286] ✓ Updated: 16.99 → 17.05 (CHANGED)
[2026-01-29 08:05:31]   [emp_id: 5287] ✓ Updated: 51.29 → 51.35 (CHANGED)
[2026-01-29 08:05:31]   [emp_id: 5288] ✓ Updated: 8.56 → 8.62 (CHANGED)
[2026-01-29 08:05:31]   [emp_id: 5289] ✓ Updated: 49.84 → 49.9 (CHANGED)
[2026-01-29 08:05:31]   [emp_id: 5290] ✓ Updated: 48.61 → 48.67 (CHANGED)
[2026-01-29 08:05:31]   [emp_id: 5291] ✓ Updated: 6.61 → 6.67 (CHANGED)
[2026-01-29 08:05:31]   [emp_id: 5292] ✓ Updated: 6.55 → 6.61 (CHANGED)
[2026-01-29 08:05:31]   [emp_id: 5293] ✓ Updated: 9.88 → 9.96 (CHANGED)
[2026-01-29 08:05:31]   [emp_id: 5294] ✓ Updated: 9.54 → 9.62 (CHANGED)
[2026-01-29 08:05:31]   [emp_id: 5295] ✓ Updated: 22.79 → 22.85 (CHANGED)
[2026-01-29 08:05:31]   [emp_id: 5296] ✓ Updated: 36.56 → 36.64 (CHANGED)
[2026-01-29 08:05:31]   [emp_id: 5297] ✓ Updated: 47.21 → 47.27 (CHANGED)
[2026-01-29 08:05:31]   [emp_id: 5298] ✓ Updated: 47.21 → 47.27 (CHANGED)
[2026-01-29 08:05:31]   [emp_id: 5299] ✓ Updated: 47.21 → 47.27 (CHANGED)
[2026-01-29 08:05:31]   [emp_id: 5300] ✓ Updated: 47.21 → 47.27 (CHANGED)
[2026-01-29 08:05:31]   [emp_id: 5301] ✓ Updated: 5.03 → 5.09 (CHANGED)
[2026-01-29 08:05:31]   [emp_id: 5303] ✓ Updated: 5.46 → 5.52 (CHANGED)
[2026-01-29 08:05:31]   [emp_id: 5304] ✓ Updated: 2.21 → 2.27 (CHANGED)
[2026-01-29 08:05:31]   [emp_id: 5305] ✓ Updated: 5.21 → 5.27 (CHANGED)
[2026-01-29 08:05:31]   [emp_id: 5306] ✓ Updated: 46.92 → 46.98 (CHANGED)
[2026-01-29 08:05:31]   [emp_id: 5307] ✓ Updated: 46.92 → 46.98 (CHANGED)
[2026-01-29 08:05:31]   [emp_id: 5312] ✓ Updated: 1.26 → 1.32 (CHANGED)
[2026-01-29 08:05:31]   [emp_id: 5318] ✓ Updated: 27.63 → 27.69 (CHANGED)
[2026-01-29 08:05:31]   [emp_id: 5325] ✓ Updated: 1.59 → 1.65 (CHANGED)
[2026-01-29 08:05:31]   [emp_id: 5327] ✓ Updated: 2.68 → 2.74 (CHANGED)
[2026-01-29 08:05:31]   [emp_id: 5337] ✓ Updated: 37.45 → 37.53 (CHANGED)
[2026-01-29 08:05:31]   [emp_id: 5339] ✓ Updated: 11.78 → 11.84 (CHANGED)
[2026-01-29 08:05:31]   [emp_id: 5343] ✓ Updated: 47.37 → 47.45 (CHANGED)
[2026-01-29 08:05:31]   [emp_id: 5343] ✓ Updated: 47.37 → 47.45 (CHANGED)
[2026-01-29 08:05:31]   [emp_id: 5345] ✓ Updated: 17.2 → 17.28 (CHANGED)
[2026-01-29 08:05:31]   [emp_id: 5346] ✓ Updated: 3.5 → 3.56 (CHANGED)
[2026-01-29 08:05:31]   [emp_id: 5351] ✓ Updated: 18.44 → 18.5 (CHANGED)
[2026-01-29 08:05:31]   [emp_id: 5352] ✓ Updated: 27.62 → 27.7 (CHANGED)
[2026-01-29 08:05:31]   [emp_id: 5370] ✓ Updated: 17.09 → 17.15 (CHANGED)
[2026-01-29 08:05:31]   [emp_id: 5371] ✓ Updated: 9.37 → 9.45 (CHANGED)
[2026-01-29 08:05:31]   [emp_id: 5376] ✓ Updated: 11.69 → 11.75 (CHANGED)
[2026-01-29 08:05:31]   [emp_id: 5378] ✓ Updated: 19.45 → 19.53 (CHANGED)
[2026-01-29 08:05:31]   [emp_id: 5380] ✓ Updated: 18.1 → 18.16 (CHANGED)
[2026-01-29 08:05:31]   [emp_id: 5381] ✓ Updated: 13.89 → 13.97 (CHANGED)
[2026-01-29 08:05:31]   [emp_id: 5383] ✓ Updated: 17.2 → 17.28 (CHANGED)
[2026-01-29 08:05:31]   [emp_id: 5388] ✓ Updated: 28.88 → 28.94 (CHANGED)
[2026-01-29 08:05:31]   [emp_id: 5396] ✓ Updated: 30.12 → 30.18 (CHANGED)
[2026-01-29 08:05:31]   [emp_id: 5397] ✓ Updated: 21.58 → 21.64 (CHANGED)
[2026-01-29 08:05:31]   [emp_id: 5401] ✓ Updated: 24.69 → 24.75 (CHANGED)
[2026-01-29 08:05:31]   [emp_id: 5402] ✓ Updated: 24.81 → 24.87 (CHANGED)
[2026-01-29 08:05:31]   [emp_id: 5406] ✓ Updated: 18.53 → 18.59 (CHANGED)
[2026-01-29 08:05:31]   [emp_id: 5407] ✓ Updated: 17.97 → 18.05 (CHANGED)
[2026-01-29 08:05:31]   [emp_id: 5409] ✓ Updated: 17.87 → 17.93 (CHANGED)
[2026-01-29 08:05:31]   [emp_id: 5413] ✓ Updated: 30.37 → 30.45 (CHANGED)
[2026-01-29 08:05:31]   [emp_id: 5414] ✓ Updated: 30.04 → 30.12 (CHANGED)
[2026-01-29 08:05:31]   [emp_id: 5415] ✓ Updated: 5.97 → 6.05 (CHANGED)
[2026-01-29 08:05:31]   [emp_id: 5418] ✓ Updated: 16.93 → 16.99 (CHANGED)
[2026-01-29 08:05:31]   [emp_id: 5422] ✓ Updated: 22.7 → 22.78 (CHANGED)
[2026-01-29 08:05:31]   [emp_id: 5423] ✓ Updated: 7.39 → 7.47 (CHANGED)
[2026-01-29 08:05:31]   [emp_id: 5425] ✓ Updated: 15.48 → 15.54 (CHANGED)
[2026-01-29 08:05:31]   [emp_id: 5426] ✓ Updated: 3.94 → 4.02 (CHANGED)
[2026-01-29 08:05:31]   [emp_id: 5426] ✓ Updated: 3.94 → 4.02 (CHANGED)
[2026-01-29 08:05:31]   [emp_id: 5427] ✓ Updated: 15.59 → 15.65 (CHANGED)
[2026-01-29 08:05:31]   [emp_id: 5428] ✓ Updated: 15.48 → 15.54 (CHANGED)
[2026-01-29 08:05:31]   [emp_id: 5430] ✓ Updated: 19.76 → 19.84 (CHANGED)
[2026-01-29 08:05:31]   [emp_id: 5431] ✓ Updated: 14.6 → 14.66 (CHANGED)
[2026-01-29 08:05:31]   [emp_id: 5433] ✓ Updated: 14.62 → 14.68 (CHANGED)
[2026-01-29 08:05:31]   [emp_id: 5434] ✓ Updated: 14.37 → 14.43 (CHANGED)
[2026-01-29 08:05:31]   [emp_id: 5435] ✓ Updated: 14.31 → 14.37 (CHANGED)
[2026-01-29 08:05:31]   [emp_id: 5436] ✓ Updated: 14.31 → 14.37 (CHANGED)
[2026-01-29 08:05:31]   [emp_id: 5438] ✓ Updated: 17.62 → 17.7 (CHANGED)
[2026-01-29 08:05:31]   [emp_id: 5439] ✓ Updated: 27.12 → 27.2 (CHANGED)
[2026-01-29 08:05:31]   [emp_id: 5442] ✓ Updated: 16.12 → 16.2 (CHANGED)
[2026-01-29 08:05:31]   [emp_id: 5445] ✓ Updated: 8.77 → 8.83 (CHANGED)
[2026-01-29 08:05:31]   [emp_id: 5446] ✓ Updated: 8.77 → 8.83 (CHANGED)
[2026-01-29 08:05:31]   [emp_id: 5447] ✓ Updated: 8.71 → 8.77 (CHANGED)
[2026-01-29 08:05:31]   [emp_id: 5448] ✓ Updated: 3.14 → 3.22 (CHANGED)
[2026-01-29 08:05:31]   [emp_id: 5449] ✓ Updated: 6.79 → 6.85 (CHANGED)
[2026-01-29 08:05:31]   [emp_id: 5450] ✓ Updated: 6.73 → 6.79 (CHANGED)
[2026-01-29 08:05:31]   [emp_id: 5451] ✓ Updated: 6.73 → 6.79 (CHANGED)
[2026-01-29 08:05:31]   [emp_id: 5453] ✓ Updated: 6.57 → 6.63 (CHANGED)
[2026-01-29 08:05:31]   [emp_id: 5454] ✓ Updated: 9.2 → 9.28 (CHANGED)
[2026-01-29 08:05:32]   [emp_id: 5455] ✓ Updated: 3.45 → 3.53 (CHANGED)
[2026-01-29 08:05:32]   [emp_id: 5456] ✓ Updated: 8.45 → 8.53 (CHANGED)
[2026-01-29 08:05:32]   [emp_id: 5457] ✓ Updated: 5.82 → 5.88 (CHANGED)
[2026-01-29 08:05:32]   [emp_id: 5460] ✓ Updated: 7.1 → 7.18 (CHANGED)
[2026-01-29 08:05:32]   [emp_id: 5463] ✓ Updated: 6.43 → 6.51 (CHANGED)
[2026-01-29 08:05:32]   [emp_id: 5464] ✓ Updated: 6.43 → 6.51 (CHANGED)
[2026-01-29 08:05:32]   [emp_id: 5466] ✓ Updated: 4.18 → 4.26 (CHANGED)
[2026-01-29 08:05:32]   [emp_id: 5467] ✓ Updated: 3.1 → 3.18 (CHANGED)
[2026-01-29 08:05:32]   [emp_id: 5468] ✓ Updated: 2.05 → 2.13 (CHANGED)
[2026-01-29 08:05:32]   [emp_id: 5469] ✓ Updated: 1.96 → 2.04 (CHANGED)
[2026-01-29 08:05:32] Report saved to: D:\xampp\htdocs\almutlak\system/cron_logs/last_vacation_update_report.json
[2026-01-29 08:05:38] ========== CRON: Vacation Balance Update Started ==========
