[2026-01-02 00:30:01] ========== CRON: Vacation Balance Update Started ==========
[2026-01-02 00:30:01] Database connection established
[2026-01-02 00:30:01] Found 427 active employees with balance records to update
[2026-01-02 00:30:01] (Only employees with status=1 will be processed)
[2026-01-02 00:30:01]   [emp_id: 1061] ✓ Updated: 0.24 → 0.32 (CHANGED)
[2026-01-02 00:30:01]   [emp_id: 1496] ✓ Updated: 16.37 → 16.45 (CHANGED)
[2026-01-02 00:30:01]   [emp_id: 1500] ✓ Updated: 4.05 → 4.13 (CHANGED)
[2026-01-02 00:30:01]   [emp_id: 1574] ✓ Updated: 33.28 → 33.36 (CHANGED)
[2026-01-02 00:30:01]   [emp_id: 1673] ✓ Updated: 44.78 → 44.86 (CHANGED)
[2026-01-02 00:30:01]   [emp_id: 1685] ✓ Updated: 14.7 → 14.78 (CHANGED)
[2026-01-02 00:30:01]   [emp_id: 1764] ✓ Updated: 69.37 → 69.45 (CHANGED)
[2026-01-02 00:30:01]   [emp_id: 1805] ✓ Updated: 63.7 → 63.78 (CHANGED)
[2026-01-02 00:30:01]   [emp_id: 1822] ✓ Updated: 68.45 → 68.53 (CHANGED)
[2026-01-02 00:30:01]   [emp_id: 1837] ✓ Updated: 24.62 → 24.7 (CHANGED)
[2026-01-02 00:30:01]   [emp_id: 1857] ✓ Updated: 19.95 → 20.03 (CHANGED)
[2026-01-02 00:30:01]   [emp_id: 1861] ✓ Updated: 70.78 → 70.86 (CHANGED)
[2026-01-02 00:30:01]   [emp_id: 1872] ✓ Updated: 9.62 → 9.7 (CHANGED)
[2026-01-02 00:30:01]   [emp_id: 1897] ✓ Updated: 4.95 → 5.03 (CHANGED)
[2026-01-02 00:30:01]   [emp_id: 1916] ✓ Updated: 11.25 → 11.33 (CHANGED)
[2026-01-02 00:30:01]   [emp_id: 1928] ✓ Updated: 64.2 → 64.28 (CHANGED)
[2026-01-02 00:30:01]   [emp_id: 1931] ✓ Updated: 84.12 → 84.2 (CHANGED)
[2026-01-02 00:30:01]   [emp_id: 1944] ✓ Updated: 42.28 → 42.36 (CHANGED)
[2026-01-02 00:30:01]   [emp_id: 1996] ✓ Updated: 70.78 → 70.86 (CHANGED)
[2026-01-02 00:30:01]   [emp_id: 1997] ✓ Updated: 35.95 → 36.03 (CHANGED)
[2026-01-02 00:30:01]   [emp_id: 1998] ✓ Updated: 27.39 → 27.47 (CHANGED)
[2026-01-02 00:30:01]   [emp_id: 1999] ✓ Updated: 28.39 → 28.47 (CHANGED)
[2026-01-02 00:30:02]   [emp_id: 2009] ✓ Updated: 34.7 → 34.78 (CHANGED)
[2026-01-02 00:30:02]   [emp_id: 2048] ✓ Updated: 24.53 → 24.61 (CHANGED)
[2026-01-02 00:30:02]   [emp_id: 2057] ✓ Updated: 65.37 → 65.45 (CHANGED)
[2026-01-02 00:30:02]   [emp_id: 2079] ✓ Updated: 47.7 → 47.78 (CHANGED)
[2026-01-02 00:30:02]   [emp_id: 2181] ✓ Updated: 36.7 → 36.78 (CHANGED)
[2026-01-02 00:30:02]   [emp_id: 2190] ✓ Updated: 6.03 → 6.11 (CHANGED)
[2026-01-02 00:30:02]   [emp_id: 2212] ✓ Updated: 24.03 → 24.11 (CHANGED)
[2026-01-02 00:30:02]   [emp_id: 2226] ✓ Updated: 68.78 → 68.86 (CHANGED)
[2026-01-02 00:30:02]   [emp_id: 2238] ✓ Updated: 67.03 → 67.11 (CHANGED)
[2026-01-02 00:30:02]   [emp_id: 2285] ✓ Updated: 35.7 → 35.78 (CHANGED)
[2026-01-02 00:30:02]   [emp_id: 2287] ✓ Updated: 47.37 → 47.45 (CHANGED)
[2026-01-02 00:30:02]   [emp_id: 2288] ✓ Updated: 2.39 → 2.47 (CHANGED)
[2026-01-02 00:30:02]   [emp_id: 2316] ✓ Updated: 16.2 → 16.28 (CHANGED)
[2026-01-02 00:30:02]   [emp_id: 2337] ✓ Updated: 37.28 → 37.36 (CHANGED)
[2026-01-02 00:30:02]   [emp_id: 2352] ✓ Updated: 68.78 → 68.86 (CHANGED)
[2026-01-02 00:30:02]   [emp_id: 2358] ✓ Updated: 5.28 → 5.36 (CHANGED)
[2026-01-02 00:30:02]   [emp_id: 2361] ✓ Updated: 70.95 → 71.03 (CHANGED)
[2026-01-02 00:30:02]   [emp_id: 2363] ✓ Updated: 73.53 → 73.61 (CHANGED)
[2026-01-02 00:30:02]   [emp_id: 2364] ✓ Updated: 72.95 → 73.03 (CHANGED)
[2026-01-02 00:30:02]   [emp_id: 2367] ✓ Updated: 100.62 → 100.7 (CHANGED)
[2026-01-02 00:30:02]   [emp_id: 2368] ✓ Updated: 31.03 → 31.11 (CHANGED)
[2026-01-02 00:30:02]   [emp_id: 2372] ✓ Updated: 68.28 → 68.36 (CHANGED)
[2026-01-02 00:30:02]   [emp_id: 2376] ✓ Updated: 118.28 → 118.36 (CHANGED)
[2026-01-02 00:30:02]   [emp_id: 2423] ✓ Updated: 19.03 → 19.11 (CHANGED)
[2026-01-02 00:30:02]   [emp_id: 2519] ✓ Updated: 172.7 → 172.78 (CHANGED)
[2026-01-02 00:30:02]   [emp_id: 2522] ✓ Updated: 56.28 → 56.36 (CHANGED)
[2026-01-02 00:30:02]   [emp_id: 2530] ✓ Updated: 51.53 → 51.61 (CHANGED)
[2026-01-02 00:30:02]   [emp_id: 2539] ✓ Updated: 48.28 → 48.36 (CHANGED)
[2026-01-02 00:30:02]   [emp_id: 2541] ✓ Updated: 28.87 → 28.95 (CHANGED)
[2026-01-02 00:30:02]   [emp_id: 2550] ✓ Updated: 95.03 → 95.11 (CHANGED)
[2026-01-02 00:30:02]   [emp_id: 2553] ✓ Updated: 32.14 → 32.22 (CHANGED)
[2026-01-02 00:30:02]   [emp_id: 2554] ✓ Updated: 38.62 → 38.7 (CHANGED)
[2026-01-02 00:30:02]   [emp_id: 2565] ✓ Updated: 93.2 → 93.28 (CHANGED)
[2026-01-02 00:30:02]   [emp_id: 2572] ✓ Updated: 43.2 → 43.28 (CHANGED)
[2026-01-02 00:30:02]   [emp_id: 2637] ✓ Updated: 63.78 → 63.86 (CHANGED)
[2026-01-02 00:30:02]   [emp_id: 2642] ✓ Updated: 76.53 → 76.61 (CHANGED)
[2026-01-02 00:30:02]   [emp_id: 2645] ✓ Updated: 92.53 → 92.61 (CHANGED)
[2026-01-02 00:30:02]   [emp_id: 2648] ✓ Updated: 44.2 → 44.28 (CHANGED)
[2026-01-02 00:30:02]   [emp_id: 2654] ✓ Updated: 86.87 → 86.95 (CHANGED)
[2026-01-02 00:30:02]   [emp_id: 2688] ✓ Updated: 24.95 → 25.03 (CHANGED)
[2026-01-02 00:30:02]   [emp_id: 2690] ✓ Updated: 13.7 → 13.78 (CHANGED)
[2026-01-02 00:30:02]   [emp_id: 2709] ✓ Updated: 35.95 → 36.03 (CHANGED)
[2026-01-02 00:30:02]   [emp_id: 2745] ✓ Updated: 32.53 → 32.61 (CHANGED)
[2026-01-02 00:30:02]   [emp_id: 2843] ✓ Updated: 79.12 → 79.2 (CHANGED)
[2026-01-02 00:30:02]   [emp_id: 2854] ✓ Updated: 59.03 → 59.11 (CHANGED)
[2026-01-02 00:30:02]   [emp_id: 2869] ✓ Updated: 63.95 → 64.03 (CHANGED)
[2026-01-02 00:30:02]   [emp_id: 2876] ✓ Updated: 33.78 → 33.86 (CHANGED)
[2026-01-02 00:30:02]   [emp_id: 2924] ✓ Updated: 14.95 → 15.03 (CHANGED)
[2026-01-02 00:30:02]   [emp_id: 2953] ✓ Updated: 100.7 → 100.78 (CHANGED)
[2026-01-02 00:30:02]   [emp_id: 2961] ✓ Updated: 10.7 → 10.78 (CHANGED)
[2026-01-02 00:30:02]   [emp_id: 2975] ✓ Updated: 0.38 → 0.46 (CHANGED)
[2026-01-02 00:30:02]   [emp_id: 3013] ✓ Updated: 9.7 → 9.78 (CHANGED)
[2026-01-02 00:30:02]   [emp_id: 3014] ✓ Updated: 88.95 → 89.03 (CHANGED)
[2026-01-02 00:30:02]   [emp_id: 3015] ✓ Updated: 40.2 → 40.28 (CHANGED)
[2026-01-02 00:30:02]   [emp_id: 3018] ✓ Updated: 58.95 → 59.03 (CHANGED)
[2026-01-02 00:30:02]   [emp_id: 3025] ✓ Updated: 22.72 → 22.8 (CHANGED)
[2026-01-02 00:30:02]   [emp_id: 3037] ✓ Updated: 82.45 → 82.53 (CHANGED)
[2026-01-02 00:30:02]   [emp_id: 3047] ✓ Updated: 70.7 → 70.78 (CHANGED)
[2026-01-02 00:30:02]   [emp_id: 3061] ✓ Updated: 17.62 → 17.7 (CHANGED)
[2026-01-02 00:30:02]   [emp_id: 3062] ✓ Updated: 50.78 → 50.86 (CHANGED)
[2026-01-02 00:30:02]   [emp_id: 3074] ✓ Updated: 107.2 → 107.28 (CHANGED)
[2026-01-02 00:30:02]   [emp_id: 3089] ✓ Updated: 6.12 → 6.2 (CHANGED)
[2026-01-02 00:30:02]   [emp_id: 3090] ✓ Updated: 32.7 → 32.78 (CHANGED)
[2026-01-02 00:30:02]   [emp_id: 3091] ✓ Updated: 44.7 → 44.78 (CHANGED)
[2026-01-02 00:30:02]   [emp_id: 3092] ✓ Updated: 27.37 → 27.45 (CHANGED)
[2026-01-02 00:30:02]   [emp_id: 3105] ✓ Updated: 47.7 → 47.78 (CHANGED)
[2026-01-02 00:30:02]   [emp_id: 3134] ✓ Updated: 43.45 → 43.53 (CHANGED)
[2026-01-02 00:30:02]   [emp_id: 3140] ✓ Updated: 40.53 → 40.61 (CHANGED)
[2026-01-02 00:30:02]   [emp_id: 3144] ✓ Updated: 13.37 → 13.45 (CHANGED)
[2026-01-02 00:30:02]   [emp_id: 3156] ✓ Updated: 16.7 → 16.78 (CHANGED)
[2026-01-02 00:30:02]   [emp_id: 3162] ✓ Updated: 1.68 → 1.76 (CHANGED)
[2026-01-02 00:30:02]   [emp_id: 3163] ✓ Updated: 4.95 → 5.03 (CHANGED)
[2026-01-02 00:30:02]   [emp_id: 3198] ✓ Updated: 39.95 → 40.03 (CHANGED)
[2026-01-02 00:30:02]   [emp_id: 3205] ✓ Updated: 16.62 → 16.7 (CHANGED)
[2026-01-02 00:30:02]   [emp_id: 3209] ✓ Updated: 40.78 → 40.86 (CHANGED)
[2026-01-02 00:30:02]   [emp_id: 3223] ✓ Updated: 89.7 → 89.78 (CHANGED)
[2026-01-02 00:30:02]   [emp_id: 3224] ✓ Updated: 64.45 → 64.53 (CHANGED)
[2026-01-02 00:30:02]   [emp_id: 3230] ✓ Updated: 87.87 → 87.95 (CHANGED)
[2026-01-02 00:30:02]   [emp_id: 3231] ✓ Updated: 0.24 → 0.32 (CHANGED)
[2026-01-02 00:30:02]   [emp_id: 3233] ✓ Updated: 80.7 → 80.78 (CHANGED)
[2026-01-02 00:30:02]   [emp_id: 3249] ✓ Updated: 36.53 → 36.61 (CHANGED)
[2026-01-02 00:30:02]   [emp_id: 3250] ✓ Updated: 9.53 → 9.61 (CHANGED)
[2026-01-02 00:30:02]   [emp_id: 3252] ✓ Updated: 10.45 → 10.53 (CHANGED)
[2026-01-02 00:30:02]   [emp_id: 3254] ✓ Updated: 20.95 → 21.03 (CHANGED)
[2026-01-02 00:30:02]   [emp_id: 3255] ✓ Updated: 17.37 → 17.45 (CHANGED)
[2026-01-02 00:30:02]   [emp_id: 3256] ✓ Updated: 13.62 → 13.7 (CHANGED)
[2026-01-02 00:30:02]   [emp_id: 3263] ✓ Updated: 29.7 → 29.78 (CHANGED)
[2026-01-02 00:30:02]   [emp_id: 3265] ✓ Updated: 25.28 → 25.36 (CHANGED)
[2026-01-02 00:30:02]   [emp_id: 3280] ✓ Updated: 72.2 → 72.28 (CHANGED)
[2026-01-02 00:30:02]   [emp_id: 3286] ✓ Updated: 15.37 → 15.45 (CHANGED)
[2026-01-02 00:30:02]   [emp_id: 3294] ✓ Updated: 15.03 → 15.11 (CHANGED)
[2026-01-02 00:30:02]   [emp_id: 3321] ✓ Updated: 72.2 → 72.28 (CHANGED)
[2026-01-02 00:30:02]   [emp_id: 3325] ✓ Updated: 59.95 → 60.03 (CHANGED)
[2026-01-02 00:30:02]   [emp_id: 3329] ✓ Updated: 62.28 → 62.36 (CHANGED)
[2026-01-02 00:30:02]   [emp_id: 3330] ✓ Updated: 62.28 → 62.36 (CHANGED)
[2026-01-02 00:30:02]   [emp_id: 3332] ✓ Updated: 62.28 → 62.36 (CHANGED)
[2026-01-02 00:30:02]   [emp_id: 3370] ✓ Updated: 53.95 → 54.03 (CHANGED)
[2026-01-02 00:30:02]   [emp_id: 3384] ✓ Updated: 14.45 → 14.53 (CHANGED)
[2026-01-02 00:30:02]   [emp_id: 3386] ✓ Updated: 44.45 → 44.53 (CHANGED)
[2026-01-02 00:30:02]   [emp_id: 3431] ✓ Updated: 18.87 → 18.95 (CHANGED)
[2026-01-02 00:30:02]   [emp_id: 3497] ✓ Updated: 9.03 → 9.11 (CHANGED)
[2026-01-02 00:30:02]   [emp_id: 3532] ✓ Updated: 45.87 → 45.95 (CHANGED)
[2026-01-02 00:30:02]   [emp_id: 3586] ✓ Updated: 9.95 → 10.03 (CHANGED)
[2026-01-02 00:30:02]   [emp_id: 3602] ✓ Updated: 1.44 → 1.52 (CHANGED)
[2026-01-02 00:30:02]   [emp_id: 3618] ✓ Updated: 23.42 → 23.5 (CHANGED)
[2026-01-02 00:30:02]   [emp_id: 3622] ✓ Updated: 34.41 → 34.47 (CHANGED)
[2026-01-02 00:30:02]   [emp_id: 3627] ✓ Updated: 9.37 → 9.45 (CHANGED)
[2026-01-02 00:30:02]   [emp_id: 3665] ✓ Updated: 50.95 → 51.03 (CHANGED)
[2026-01-02 00:30:02]   [emp_id: 3705] ✓ Updated: 27.74 → 27.8 (CHANGED)
[2026-01-02 00:30:02]   [emp_id: 3724] ✓ Updated: 43.95 → 44.03 (CHANGED)
[2026-01-02 00:30:02]   [emp_id: 3726] ✓ Updated: 60.37 → 60.45 (CHANGED)
[2026-01-02 00:30:02]   [emp_id: 3727] ✓ Updated: 65.45 → 65.53 (CHANGED)
[2026-01-02 00:30:02]   [emp_id: 3728] ✓ Updated: 9.78 → 9.86 (CHANGED)
[2026-01-02 00:30:02]   [emp_id: 3767] ✓ Updated: 60.53 → 60.61 (CHANGED)
[2026-01-02 00:30:02]   [emp_id: 3768] ✓ Updated: 56.78 → 56.86 (CHANGED)
[2026-01-02 00:30:02]   [emp_id: 3787] ✓ Updated: 57.37 → 57.45 (CHANGED)
[2026-01-02 00:30:02]   [emp_id: 3790] ✓ Updated: 1.92 → 2 (CHANGED)
[2026-01-02 00:30:02]   [emp_id: 3795] ✓ Updated: 14.87 → 14.95 (CHANGED)
[2026-01-02 00:30:02]   [emp_id: 3798] ✓ Updated: 93.28 → 93.36 (CHANGED)
[2026-01-02 00:30:02]   [emp_id: 3801] ✓ Updated: 1.55 → 1.63 (CHANGED)
[2026-01-02 00:30:02]   [emp_id: 3802] ✓ Updated: 30.53 → 30.61 (CHANGED)
[2026-01-02 00:30:03]   [emp_id: 3803] ✓ Updated: 114.95 → 115.03 (CHANGED)
[2026-01-02 00:30:03]   [emp_id: 3810] ✓ Updated: 60.95 → 61.03 (CHANGED)
[2026-01-02 00:30:03]   [emp_id: 3812] ✓ Updated: 89.95 → 90.03 (CHANGED)
[2026-01-02 00:30:03]   [emp_id: 3815] ✓ Updated: 89.95 → 90.03 (CHANGED)
[2026-01-02 00:30:03]   [emp_id: 3836] ✓ Updated: 57.62 → 57.7 (CHANGED)
[2026-01-02 00:30:03]   [emp_id: 3855] ✓ Updated: 50.78 → 50.86 (CHANGED)
[2026-01-02 00:30:03]   [emp_id: 3857] ✓ Updated: 54.45 → 54.53 (CHANGED)
[2026-01-02 00:30:03]   [emp_id: 3862] ✓ Updated: 102.53 → 102.61 (CHANGED)
[2026-01-02 00:30:03]   [emp_id: 3866] ✓ Updated: 27.78 → 27.86 (CHANGED)
[2026-01-02 00:30:03]   [emp_id: 3876] ✓ Updated: 35.95 → 36.03 (CHANGED)
[2026-01-02 00:30:03]   [emp_id: 3877] ✓ Updated: 49.45 → 49.53 (CHANGED)
[2026-01-02 00:30:03]   [emp_id: 3897] ✓ Updated: 37.7 → 37.78 (CHANGED)
[2026-01-02 00:30:03]   [emp_id: 3899] ✓ Updated: 20.97 → 21.05 (CHANGED)
[2026-01-02 00:30:03]   [emp_id: 3928] ✓ Updated: 13.78 → 13.86 (CHANGED)
[2026-01-02 00:30:03]   [emp_id: 3929] ✓ Updated: 8.78 → 8.86 (CHANGED)
[2026-01-02 00:30:03]   [emp_id: 3935] ✓ Updated: 93.78 → 93.86 (CHANGED)
[2026-01-02 00:30:03]   [emp_id: 3952] ✓ Updated: 76.12 → 76.2 (CHANGED)
[2026-01-02 00:30:03]   [emp_id: 3987] ✓ Updated: 14.03 → 14.11 (CHANGED)
[2026-01-02 00:30:03]   [emp_id: 4059] ✓ Updated: 3.23 → 3.31 (CHANGED)
[2026-01-02 00:30:03]   [emp_id: 4119] ✓ Updated: 56.7 → 56.78 (CHANGED)
[2026-01-02 00:30:03]   [emp_id: 4120] ✓ Updated: 26.28 → 26.36 (CHANGED)
[2026-01-02 00:30:03]   [emp_id: 4124] ✓ Updated: 26.8 → 26.88 (CHANGED)
[2026-01-02 00:30:03]   [emp_id: 4133] ✓ Updated: 105.28 → 105.36 (CHANGED)
[2026-01-02 00:30:03]   [emp_id: 4134] ✓ Updated: 26.28 → 26.36 (CHANGED)
[2026-01-02 00:30:03]   [emp_id: 4136] ✓ Updated: 26.28 → 26.36 (CHANGED)
[2026-01-02 00:30:03]   [emp_id: 4150] ✓ Updated: 24.95 → 25.03 (CHANGED)
[2026-01-02 00:30:03]   [emp_id: 4157] ✓ Updated: 18.45 → 18.53 (CHANGED)
[2026-01-02 00:30:03]   [emp_id: 4172] ✓ Updated: 12.32 → 12.38 (CHANGED)
[2026-01-02 00:30:03]   [emp_id: 4195] ✓ Updated: 62.03 → 62.11 (CHANGED)
[2026-01-02 00:30:03]   [emp_id: 4215] ✓ Updated: 44.7 → 44.78 (CHANGED)
[2026-01-02 00:30:03]   [emp_id: 4220] ✓ Updated: 40.28 → 40.36 (CHANGED)
[2026-01-02 00:30:03]   [emp_id: 4273] ✓ Updated: 8.95 → 9.03 (CHANGED)
[2026-01-02 00:30:03]   [emp_id: 4283] ✓ Updated: 13.41 → 13.47 (CHANGED)
[2026-01-02 00:30:03]   [emp_id: 4288] ✓ Updated: 1.2 → 1.28 (CHANGED)
[2026-01-02 00:30:03]   [emp_id: 4315] ✓ Updated: 12.2 → 12.28 (CHANGED)
[2026-01-02 00:30:03]   [emp_id: 4328] ✓ Updated: 42.24 → 42.3 (CHANGED)
[2026-01-02 00:30:03]   [emp_id: 4329] ✓ Updated: 5.37 → 5.45 (CHANGED)
[2026-01-02 00:30:03]   [emp_id: 4338] ✓ Updated: 46.95 → 47.03 (CHANGED)
[2026-01-02 00:30:03]   [emp_id: 4340] ✓ Updated: 125.95 → 126.03 (CHANGED)
[2026-01-02 00:30:03]   [emp_id: 4365] ✓ Updated: 60.37 → 60.45 (CHANGED)
[2026-01-02 00:30:03]   [emp_id: 4366] ✓ Updated: 59.45 → 59.53 (CHANGED)
[2026-01-02 00:30:03]   [emp_id: 4403] ✓ Updated: 85.28 → 85.36 (CHANGED)
[2026-01-02 00:30:03]   [emp_id: 4438] ✓ Updated: 20.95 → 21.03 (CHANGED)
[2026-01-02 00:30:03]   [emp_id: 4465] ✓ Updated: 12.57 → 12.63 (CHANGED)
[2026-01-02 00:30:03]   [emp_id: 4473] ✓ Updated: 44.53 → 44.61 (CHANGED)
[2026-01-02 00:30:03]   [emp_id: 4474] ✓ Updated: 3.08 → 3.14 (CHANGED)
[2026-01-02 00:30:03]   [emp_id: 4493] ✓ Updated: 163.37 → 163.45 (CHANGED)
[2026-01-02 00:30:03]   [emp_id: 4526] ✓ Updated: 35.62 → 35.7 (CHANGED)
[2026-01-02 00:30:03]   [emp_id: 4528] ✓ Updated: 107.37 → 107.45 (CHANGED)
[2026-01-02 00:30:03]   [emp_id: 4528] ✓ Updated: 107.37 → 107.45 (CHANGED)
[2026-01-02 00:30:03]   [emp_id: 4532] ✓ Updated: 7.69 → 7.75 (CHANGED)
[2026-01-02 00:30:03]   [emp_id: 4533] ✓ Updated: 35.78 → 35.86 (CHANGED)
[2026-01-02 00:30:03]   [emp_id: 4564] ✓ Updated: 25.32 → 25.38 (CHANGED)
[2026-01-02 00:30:03]   [emp_id: 4565] ✓ Updated: 15.07 → 15.13 (CHANGED)
[2026-01-02 00:30:03]   [emp_id: 4567] ✓ Updated: 19.32 → 19.38 (CHANGED)
[2026-01-02 00:30:03]   [emp_id: 4572] ✓ Updated: 58.82 → 58.88 (CHANGED)
[2026-01-02 00:30:03]   [emp_id: 4631] ✓ Updated: 15.07 → 15.13 (CHANGED)
[2026-01-02 00:30:03]   [emp_id: 4655] ✓ Updated: 24.7 → 24.78 (CHANGED)
[2026-01-02 00:30:03]   [emp_id: 4689] ✓ Updated: 2.47 → 2.55 (CHANGED)
[2026-01-02 00:30:03]   [emp_id: 4709] ✓ Updated: 39.95 → 40.03 (CHANGED)
[2026-01-02 00:30:03]   [emp_id: 4717] ✓ Updated: 65.95 → 66.03 (CHANGED)
[2026-01-02 00:30:03]   [emp_id: 4736] ✓ Updated: 27.78 → 27.86 (CHANGED)
[2026-01-02 00:30:03]   [emp_id: 4756] ✓ Updated: 11.51 → 11.57 (CHANGED)
[2026-01-02 00:30:03]   [emp_id: 4768] ✓ Updated: 12.45 → 12.53 (CHANGED)
[2026-01-02 00:30:03]   [emp_id: 4780] ✓ Updated: 65.24 → 65.3 (CHANGED)
[2026-01-02 00:30:03]   [emp_id: 4820] ✓ Updated: 98.78 → 98.86 (CHANGED)
[2026-01-02 00:30:03]   [emp_id: 4825] ✓ Updated: 30.53 → 30.61 (CHANGED)
[2026-01-02 00:30:03]   [emp_id: 4835] ✓ Updated: 47.99 → 48.05 (CHANGED)
[2026-01-02 00:30:03]   [emp_id: 4837] ✓ Updated: 45.23 → 45.29 (CHANGED)
[2026-01-02 00:30:03]   [emp_id: 4838] ✓ Updated: 44.25 → 44.31 (CHANGED)
[2026-01-02 00:30:03]   [emp_id: 4840] ✓ Updated: 45.23 → 45.29 (CHANGED)
[2026-01-02 00:30:03]   [emp_id: 4842] ✓ Updated: 44.47 → 44.53 (CHANGED)
[2026-01-02 00:30:03]   [emp_id: 4843] ✓ Updated: 45 → 45.06 (CHANGED)
[2026-01-02 00:30:03]   [emp_id: 4853] ✓ Updated: 88.82 → 88.88 (CHANGED)
[2026-01-02 00:30:03]   [emp_id: 4856] ✓ Updated: 42.14 → 42.2 (CHANGED)
[2026-01-02 00:30:03]   [emp_id: 4857] ✓ Updated: 24.96 → 25.02 (CHANGED)
[2026-01-02 00:30:03]   [emp_id: 4858] ✓ Updated: 21.84 → 21.9 (CHANGED)
[2026-01-02 00:30:03]   [emp_id: 4859] ✓ Updated: 43.31 → 43.37 (CHANGED)
[2026-01-02 00:30:03]   [emp_id: 4860] ✓ Updated: 7.81 → 7.87 (CHANGED)
[2026-01-02 00:30:03]   [emp_id: 4861] ✓ Updated: 41.27 → 41.33 (CHANGED)
[2026-01-02 00:30:03]   [emp_id: 4869] ✓ Updated: 84.15 → 84.21 (CHANGED)
[2026-01-02 00:30:03]   [emp_id: 4894] ✓ Updated: 7.45 → 7.53 (CHANGED)
[2026-01-02 00:30:03]   [emp_id: 4897] ✓ Updated: 23.05 → 23.11 (CHANGED)
[2026-01-02 00:30:03]   [emp_id: 4899] ✓ Updated: 19.22 → 19.28 (CHANGED)
[2026-01-02 00:30:03]   [emp_id: 4902] ✓ Updated: 18.64 → 18.7 (CHANGED)
[2026-01-02 00:30:03]   [emp_id: 4903] ✓ Updated: 20.86 → 20.92 (CHANGED)
[2026-01-02 00:30:03]   [emp_id: 4905] ✓ Updated: 19.52 → 19.58 (CHANGED)
[2026-01-02 00:30:03]   [emp_id: 4907] ✓ Updated: 47.53 → 47.61 (CHANGED)
[2026-01-02 00:30:03]   [emp_id: 4917] ✓ Updated: 16.48 → 16.54 (CHANGED)
[2026-01-02 00:30:03]   [emp_id: 4918] ✓ Updated: 6.25 → 6.31 (CHANGED)
[2026-01-02 00:30:03]   [emp_id: 4919] ✓ Updated: 58.54 → 58.6 (CHANGED)
[2026-01-02 00:30:03]   [emp_id: 4920] ✓ Updated: 5.62 → 5.68 (CHANGED)
[2026-01-02 00:30:03]   [emp_id: 4921] ✓ Updated: 17.71 → 17.77 (CHANGED)
[2026-01-02 00:30:03]   [emp_id: 4927] ✓ Updated: 16.54 → 16.6 (CHANGED)
[2026-01-02 00:30:03]   [emp_id: 4929] ✓ Updated: 18.06 → 18.12 (CHANGED)
[2026-01-02 00:30:03]   [emp_id: 4930] ✓ Updated: 58.83 → 58.89 (CHANGED)
[2026-01-02 00:30:03]   [emp_id: 4932] ✓ Updated: 16.83 → 16.89 (CHANGED)
[2026-01-02 00:30:03]   [emp_id: 4933] ✓ Updated: 20.24 → 20.3 (CHANGED)
[2026-01-02 00:30:03]   [emp_id: 4949] ✓ Updated: 35.67 → 35.73 (CHANGED)
[2026-01-02 00:30:03]   [emp_id: 4956] ✓ Updated: 29.26 → 29.32 (CHANGED)
[2026-01-02 00:30:03]   [emp_id: 4957] ✓ Updated: 29.93 → 29.99 (CHANGED)
[2026-01-02 00:30:03]   [emp_id: 4962] ✓ Updated: 46.89 → 46.97 (CHANGED)
[2026-01-02 00:30:03]   [emp_id: 4969] ✓ Updated: 46.2 → 46.28 (CHANGED)
[2026-01-02 00:30:03]   [emp_id: 4976] ✓ Updated: 9.95 → 10.01 (CHANGED)
[2026-01-02 00:30:03]   [emp_id: 4984] ✓ Updated: 37.45 → 37.53 (CHANGED)
[2026-01-02 00:30:03]   [emp_id: 4995] ✓ Updated: 49.52 → 49.6 (CHANGED)
[2026-01-02 00:30:03]   [emp_id: 5004] ✓ Updated: 26.89 → 26.95 (CHANGED)
[2026-01-02 00:30:03]   [emp_id: 5006] ✓ Updated: 26.63 → 26.69 (CHANGED)
[2026-01-02 00:30:03]   [emp_id: 5011] ✓ Updated: 5.3 → 5.38 (CHANGED)
[2026-01-02 00:30:03]   [emp_id: 5013] ✓ Updated: 67 → 67.06 (CHANGED)
[2026-01-02 00:30:03]   [emp_id: 5018] ✓ Updated: 3.49 → 3.55 (CHANGED)
[2026-01-02 00:30:03]   [emp_id: 5021] ✓ Updated: 60.55 → 60.63 (CHANGED)
[2026-01-02 00:30:03]   [emp_id: 5024] ✓ Updated: 1.51 → 1.57 (CHANGED)
[2026-01-02 00:30:03]   [emp_id: 5030] ✓ Updated: 31.46 → 31.52 (CHANGED)
[2026-01-02 00:30:03]   [emp_id: 5033] ✓ Updated: 22.26 → 22.32 (CHANGED)
[2026-01-02 00:30:03]   [emp_id: 5043] ✓ Updated: 30.12 → 30.2 (CHANGED)
[2026-01-02 00:30:03]   [emp_id: 5045] ✓ Updated: 26.62 → 26.7 (CHANGED)
[2026-01-02 00:30:03]   [emp_id: 5046] ✓ Updated: 21.81 → 21.89 (CHANGED)
[2026-01-02 00:30:03]   [emp_id: 5049] ✓ Updated: 38.94 → 39 (CHANGED)
[2026-01-02 00:30:03]   [emp_id: 5052] ✓ Updated: 30.22 → 30.28 (CHANGED)
[2026-01-02 00:30:03]   [emp_id: 5055] ✓ Updated: 18.66 → 18.72 (CHANGED)
[2026-01-02 00:30:03]   [emp_id: 5058] ✓ Updated: 27.64 → 27.7 (CHANGED)
[2026-01-02 00:30:03]   [emp_id: 5062] ✓ Updated: 39.47 → 39.53 (CHANGED)
[2026-01-02 00:30:03]   [emp_id: 5064] ✓ Updated: 117.45 → 117.53 (CHANGED)
[2026-01-02 00:30:03]   [emp_id: 5065] ✓ Updated: 38.88 → 38.94 (CHANGED)
[2026-01-02 00:30:03]   [emp_id: 5071] ✓ Updated: 22.95 → 23.03 (CHANGED)
[2026-01-02 00:30:03]   [emp_id: 5073] ✓ Updated: 13.48 → 13.54 (CHANGED)
[2026-01-02 00:30:03]   [emp_id: 5079] ✓ Updated: 34.04 → 34.1 (CHANGED)
[2026-01-02 00:30:03]   [emp_id: 5080] ✓ Updated: 28.37 → 28.43 (CHANGED)
[2026-01-02 00:30:03]   [emp_id: 5081] ✓ Updated: 15.63 → 15.69 (CHANGED)
[2026-01-02 00:30:03]   [emp_id: 5087] ✓ Updated: 35.67 → 35.73 (CHANGED)
[2026-01-02 00:30:03]   [emp_id: 5091] ✓ Updated: 75.52 → 75.58 (CHANGED)
[2026-01-02 00:30:03]   [emp_id: 5093] ✓ Updated: 14.12 → 14.2 (CHANGED)
[2026-01-02 00:30:03]   [emp_id: 5095] ✓ Updated: 1.06 → 1.12 (CHANGED)
[2026-01-02 00:30:03]   [emp_id: 5101] ✓ Updated: 16.2 → 16.28 (CHANGED)
[2026-01-02 00:30:03]   [emp_id: 5107] ✓ Updated: 14.53 → 14.61 (CHANGED)
[2026-01-02 00:30:03]   [emp_id: 5109] ✓ Updated: 11.78 → 11.86 (CHANGED)
[2026-01-02 00:30:03]   [emp_id: 5119] ✓ Updated: 9.95 → 10.03 (CHANGED)
[2026-01-02 00:30:04]   [emp_id: 5122] ✓ Updated: 7.12 → 7.2 (CHANGED)
[2026-01-02 00:30:04]   [emp_id: 5126] ✓ Updated: 26.4 → 26.46 (CHANGED)
[2026-01-02 00:30:04]   [emp_id: 5127] ✓ Updated: 23.19 → 23.25 (CHANGED)
[2026-01-02 00:30:04]   [emp_id: 5128] ✓ Updated: 26.34 → 26.4 (CHANGED)
[2026-01-02 00:30:04]   [emp_id: 5138] ✓ Updated: 65.78 → 65.86 (CHANGED)
[2026-01-02 00:30:04]   [emp_id: 5138] ✓ Updated: 65.78 → 65.86 (CHANGED)
[2026-01-02 00:30:04]   [emp_id: 5141] ✓ Updated: 34.71 → 34.77 (CHANGED)
[2026-01-02 00:30:04]   [emp_id: 5142] ✓ Updated: 13.71 → 13.77 (CHANGED)
[2026-01-02 00:30:04]   [emp_id: 5146] ✓ Updated: 20.71 → 20.77 (CHANGED)
[2026-01-02 00:30:04]   [emp_id: 5147] ✓ Updated: 19.71 → 19.77 (CHANGED)
[2026-01-02 00:30:04]   [emp_id: 5148] ✓ Updated: 25.06 → 25.12 (CHANGED)
[2026-01-02 00:30:04]   [emp_id: 5149] ✓ Updated: 23.95 → 24.01 (CHANGED)
[2026-01-02 00:30:04]   [emp_id: 5150] ✓ Updated: 23.31 → 23.37 (CHANGED)
[2026-01-02 00:30:04]   [emp_id: 5151] ✓ Updated: 23.13 → 23.19 (CHANGED)
[2026-01-02 00:30:04]   [emp_id: 5152] ✓ Updated: 3.55 → 3.61 (CHANGED)
[2026-01-02 00:30:04]   [emp_id: 5157] ✓ Updated: 23.13 → 23.19 (CHANGED)
[2026-01-02 00:30:04]   [emp_id: 5160] ✓ Updated: 23.13 → 23.19 (CHANGED)
[2026-01-02 00:30:04]   [emp_id: 5163] ✓ Updated: 20.92 → 20.98 (CHANGED)
[2026-01-02 00:30:04]   [emp_id: 5165] ✓ Updated: 1.22 → 1.3 (CHANGED)
[2026-01-02 00:30:04]   [emp_id: 5167] ✓ Updated: 30.07 → 30.13 (CHANGED)
[2026-01-02 00:30:04]   [emp_id: 5168] ✓ Updated: 22.61 → 22.67 (CHANGED)
[2026-01-02 00:30:04]   [emp_id: 5173] ✓ Updated: 24.87 → 24.95 (CHANGED)
[2026-01-02 00:30:04]   [emp_id: 5174] ✓ Updated: 23.07 → 23.13 (CHANGED)
[2026-01-02 00:30:04]   [emp_id: 5181] ✓ Updated: 19.46 → 19.52 (CHANGED)
[2026-01-02 00:30:04]   [emp_id: 5186] ✓ Updated: 24.99 → 25.05 (CHANGED)
[2026-01-02 00:30:04]   [emp_id: 5187] ✓ Updated: 35.99 → 36.05 (CHANGED)
[2026-01-02 00:30:04]   [emp_id: 5204] ✓ Updated: 22.37 → 22.45 (CHANGED)
[2026-01-02 00:30:04]   [emp_id: 5205] ✓ Updated: 12.2 → 12.26 (CHANGED)
[2026-01-02 00:30:04]   [emp_id: 5209] ✓ Updated: 15.2 → 15.26 (CHANGED)
[2026-01-02 00:30:04]   [emp_id: 5213] ✓ Updated: 1.61 → 1.67 (CHANGED)
[2026-01-02 00:30:04]   [emp_id: 5214] ✓ Updated: 3.45 → 3.51 (CHANGED)
[2026-01-02 00:30:04]   [emp_id: 5215] ✓ Updated: 10.2 → 10.26 (CHANGED)
[2026-01-02 00:30:04]   [emp_id: 5217] ✓ Updated: 9.2 → 9.26 (CHANGED)
[2026-01-02 00:30:04]   [emp_id: 5219] ✓ Updated: 13.2 → 13.26 (CHANGED)
[2026-01-02 00:30:04]   [emp_id: 5221] ✓ Updated: 4.57 → 4.63 (CHANGED)
[2026-01-02 00:30:04]   [emp_id: 5224] ✓ Updated: 14.2 → 14.26 (CHANGED)
[2026-01-02 00:30:04]   [emp_id: 5225] ✓ Updated: 6.51 → 6.57 (CHANGED)
[2026-01-02 00:30:04]   [emp_id: 5228] ✓ Updated: 9.2 → 9.26 (CHANGED)
[2026-01-02 00:30:04]   [emp_id: 5229] ✓ Updated: 5.2 → 5.26 (CHANGED)
[2026-01-02 00:30:04]   [emp_id: 5230] ✓ Updated: 11.87 → 11.93 (CHANGED)
[2026-01-02 00:30:04]   [emp_id: 5231] ✓ Updated: 6.2 → 6.26 (CHANGED)
[2026-01-02 00:30:04]   [emp_id: 5232] ✓ Updated: 11.2 → 11.26 (CHANGED)
[2026-01-02 00:30:04]   [emp_id: 5233] ✓ Updated: 4.2 → 4.26 (CHANGED)
[2026-01-02 00:30:04]   [emp_id: 5234] ✓ Updated: 4.2 → 4.26 (CHANGED)
[2026-01-02 00:30:04]   [emp_id: 5235] ✓ Updated: 4.87 → 4.93 (CHANGED)
[2026-01-02 00:30:04]   [emp_id: 5237] ✓ Updated: 10.45 → 10.51 (CHANGED)
[2026-01-02 00:30:04]   [emp_id: 5239] ✓ Updated: 7.2 → 7.26 (CHANGED)
[2026-01-02 00:30:04]   [emp_id: 5241] ✓ Updated: 5.2 → 5.26 (CHANGED)
[2026-01-02 00:30:04]   [emp_id: 5242] ✓ Updated: 15.2 → 15.26 (CHANGED)
[2026-01-02 00:30:04]   [emp_id: 5243] ✓ Updated: 1.61 → 1.67 (CHANGED)
[2026-01-02 00:30:04]   [emp_id: 5244] ✓ Updated: 3.51 → 3.57 (CHANGED)
[2026-01-02 00:30:04]   [emp_id: 5246] ✓ Updated: 11.2 → 11.26 (CHANGED)
[2026-01-02 00:30:04]   [emp_id: 5253] ✓ Updated: 24.07 → 24.13 (CHANGED)
[2026-01-02 00:30:04]   [emp_id: 5254] ✓ Updated: 12.05 → 12.11 (CHANGED)
[2026-01-02 00:30:04]   [emp_id: 5257] ✓ Updated: 11.76 → 11.82 (CHANGED)
[2026-01-02 00:30:04]   [emp_id: 5259] ✓ Updated: 48.29 → 48.35 (CHANGED)
[2026-01-02 00:30:04]   [emp_id: 5261] ✓ Updated: 15.97 → 16.05 (CHANGED)
[2026-01-02 00:30:04]   [emp_id: 5264] ✓ Updated: 25.77 → 25.83 (CHANGED)
[2026-01-02 00:30:04]   [emp_id: 5266] ✓ Updated: 20.39 → 20.45 (CHANGED)
[2026-01-02 00:30:04]   [emp_id: 5268] ✓ Updated: 8.96 → 9.02 (CHANGED)
[2026-01-02 00:30:04]   [emp_id: 5271] ✓ Updated: 7.62 → 7.68 (CHANGED)
[2026-01-02 00:30:04]   [emp_id: 5272] ✓ Updated: 8.49 → 8.55 (CHANGED)
[2026-01-02 00:30:04]   [emp_id: 5273] ✓ Updated: 23.56 → 23.62 (CHANGED)
[2026-01-02 00:30:04]   [emp_id: 5275] ✓ Updated: 9.31 → 9.37 (CHANGED)
[2026-01-02 00:30:04]   [emp_id: 5276] ✓ Updated: 23.58 → 23.64 (CHANGED)
[2026-01-02 00:30:04]   [emp_id: 5278] ✓ Updated: 7.97 → 8.03 (CHANGED)
[2026-01-02 00:30:04]   [emp_id: 5280] ✓ Updated: 18.37 → 18.43 (CHANGED)
[2026-01-02 00:30:04]   [emp_id: 5282] ✓ Updated: 11.45 → 11.53 (CHANGED)
[2026-01-02 00:30:04]   [emp_id: 5285] ✓ Updated: 28.37 → 28.43 (CHANGED)
[2026-01-02 00:30:04]   [emp_id: 5286] ✓ Updated: 15.37 → 15.43 (CHANGED)
[2026-01-02 00:30:04]   [emp_id: 5287] ✓ Updated: 49.67 → 49.73 (CHANGED)
[2026-01-02 00:30:04]   [emp_id: 5288] ✓ Updated: 6.94 → 7 (CHANGED)
[2026-01-02 00:30:04]   [emp_id: 5289] ✓ Updated: 48.22 → 48.28 (CHANGED)
[2026-01-02 00:30:04]   [emp_id: 5290] ✓ Updated: 46.99 → 47.05 (CHANGED)
[2026-01-02 00:30:04]   [emp_id: 5291] ✓ Updated: 4.99 → 5.05 (CHANGED)
[2026-01-02 00:30:04]   [emp_id: 5292] ✓ Updated: 4.93 → 4.99 (CHANGED)
[2026-01-02 00:30:04]   [emp_id: 5293] ✓ Updated: 37.62 → 37.7 (CHANGED)
[2026-01-02 00:30:04]   [emp_id: 5294] ✓ Updated: 7.37 → 7.45 (CHANGED)
[2026-01-02 00:30:04]   [emp_id: 5295] ✓ Updated: 21.17 → 21.23 (CHANGED)
[2026-01-02 00:30:04]   [emp_id: 5296] ✓ Updated: 34.39 → 34.47 (CHANGED)
[2026-01-02 00:30:04]   [emp_id: 5297] ✓ Updated: 45.59 → 45.65 (CHANGED)
[2026-01-02 00:30:04]   [emp_id: 5298] ✓ Updated: 45.59 → 45.65 (CHANGED)
[2026-01-02 00:30:04]   [emp_id: 5299] ✓ Updated: 45.59 → 45.65 (CHANGED)
[2026-01-02 00:30:04]   [emp_id: 5300] ✓ Updated: 45.59 → 45.65 (CHANGED)
[2026-01-02 00:30:04]   [emp_id: 5301] ✓ Updated: 3.41 → 3.47 (CHANGED)
[2026-01-02 00:30:04]   [emp_id: 5303] ✓ Updated: 3.84 → 3.9 (CHANGED)
[2026-01-02 00:30:04]   [emp_id: 5304] ✓ Updated: 45.59 → 45.65 (CHANGED)
[2026-01-02 00:30:04]   [emp_id: 5305] ✓ Updated: 3.59 → 3.65 (CHANGED)
[2026-01-02 00:30:04]   [emp_id: 5306] ✓ Updated: 45.3 → 45.36 (CHANGED)
[2026-01-02 00:30:04]   [emp_id: 5307] ✓ Updated: 45.3 → 45.36 (CHANGED)
[2026-01-02 00:30:04]   [emp_id: 5312] ✓ Updated: 1.28 → 1.34 (CHANGED)
[2026-01-02 00:30:04]   [emp_id: 5318] ✓ Updated: 26.01 → 26.07 (CHANGED)
[2026-01-02 00:30:04]   [emp_id: 5325] ✓ Updated: 21.97 → 22.03 (CHANGED)
[2026-01-02 00:30:04]   [emp_id: 5327] ✓ Updated: 1.06 → 1.12 (CHANGED)
[2026-01-02 00:30:04]   [emp_id: 5337] ✓ Updated: 35.28 → 35.36 (CHANGED)
[2026-01-02 00:30:04]   [emp_id: 5339] ✓ Updated: 10.16 → 10.22 (CHANGED)
[2026-01-02 00:30:04]   [emp_id: 5343] ✓ Updated: 45.2 → 45.28 (CHANGED)
[2026-01-02 00:30:04]   [emp_id: 5343] ✓ Updated: 45.2 → 45.28 (CHANGED)
[2026-01-02 00:30:04]   [emp_id: 5345] ✓ Updated: 15.03 → 15.11 (CHANGED)
[2026-01-02 00:30:04]   [emp_id: 5346] ✓ Updated: 1.88 → 1.94 (CHANGED)
[2026-01-02 00:30:04]   [emp_id: 5351] ✓ Updated: 16.82 → 16.88 (CHANGED)
[2026-01-02 00:30:04]   [emp_id: 5352] ✓ Updated: 25.45 → 25.53 (CHANGED)
[2026-01-02 00:30:04]   [emp_id: 5370] ✓ Updated: 15.47 → 15.53 (CHANGED)
[2026-01-02 00:30:04]   [emp_id: 5371] ✓ Updated: 1.36 → 1.44 (CHANGED)
[2026-01-02 00:30:04]   [emp_id: 5376] ✓ Updated: 10.07 → 10.13 (CHANGED)
[2026-01-02 00:30:04]   [emp_id: 5378] ✓ Updated: 17.28 → 17.36 (CHANGED)
[2026-01-02 00:30:04]   [emp_id: 5380] ✓ Updated: 16.48 → 16.54 (CHANGED)
[2026-01-02 00:30:04]   [emp_id: 5381] ✓ Updated: 11.72 → 11.8 (CHANGED)
[2026-01-02 00:30:04]   [emp_id: 5383] ✓ Updated: 16.03 → 16.11 (CHANGED)
[2026-01-02 00:30:04]   [emp_id: 5388] ✓ Updated: 27.26 → 27.32 (CHANGED)
[2026-01-02 00:30:04]   [emp_id: 5396] ✓ Updated: 28.5 → 28.56 (CHANGED)
[2026-01-02 00:30:04]   [emp_id: 5397] ✓ Updated: 19.96 → 20.02 (CHANGED)
[2026-01-02 00:30:04]   [emp_id: 5401] ✓ Updated: 23.07 → 23.13 (CHANGED)
[2026-01-02 00:30:04]   [emp_id: 5402] ✓ Updated: 23.19 → 23.25 (CHANGED)
[2026-01-02 00:30:04]   [emp_id: 5406] ✓ Updated: 21.91 → 21.97 (CHANGED)
[2026-01-02 00:30:04]   [emp_id: 5407] ✓ Updated: 15.8 → 15.88 (CHANGED)
[2026-01-02 00:30:04]   [emp_id: 5409] ✓ Updated: 16.25 → 16.31 (CHANGED)
[2026-01-02 00:30:04]   [emp_id: 5413] ✓ Updated: 28.2 → 28.28 (CHANGED)
[2026-01-02 00:30:04]   [emp_id: 5414] ✓ Updated: 27.87 → 27.95 (CHANGED)
[2026-01-02 00:30:04]   [emp_id: 5415] ✓ Updated: 3.8 → 3.88 (CHANGED)
[2026-01-02 00:30:04]   [emp_id: 5418] ✓ Updated: 15.31 → 15.37 (CHANGED)
[2026-01-02 00:30:04]   [emp_id: 5422] ✓ Updated: 20.53 → 20.61 (CHANGED)
[2026-01-02 00:30:04]   [emp_id: 5423] ✓ Updated: 5.22 → 5.3 (CHANGED)
[2026-01-02 00:30:04]   [emp_id: 5425] ✓ Updated: 13.86 → 13.92 (CHANGED)
[2026-01-02 00:30:04]   [emp_id: 5426] ✓ Updated: 3.77 → 2.85 (CHANGED)
[2026-01-02 00:30:04]   [emp_id: 5426] ✓ Updated: 2.77 → 2.85 (CHANGED)
[2026-01-02 00:30:04]   [emp_id: 5427] ✓ Updated: 13.97 → 14.03 (CHANGED)
[2026-01-02 00:30:05]   [emp_id: 5428] ✓ Updated: 13.86 → 13.92 (CHANGED)
[2026-01-02 00:30:05]   [emp_id: 5430] ✓ Updated: 17.53 → 17.61 (CHANGED)
[2026-01-02 00:30:05]   [emp_id: 5431] ✓ Updated: 12.98 → 13.04 (CHANGED)
[2026-01-02 00:30:05]   [emp_id: 5434] ✓ Updated: 12.75 → 12.81 (CHANGED)
[2026-01-02 00:30:05]   [emp_id: 5435] ✓ Updated: 12.69 → 12.75 (CHANGED)
[2026-01-02 00:30:05]   [emp_id: 5436] ✓ Updated: 12.69 → 12.75 (CHANGED)
[2026-01-02 00:30:05]   [emp_id: 5438] ✓ Updated: 15.45 → 15.53 (CHANGED)
[2026-01-02 00:30:05]   [emp_id: 5439] ✓ Updated: 24.95 → 25.03 (CHANGED)
[2026-01-02 00:30:05]   [emp_id: 5442] ✓ Updated: 13.95 → 14.03 (CHANGED)
[2026-01-02 00:30:05]   [emp_id: 5445] ✓ Updated: 7.15 → 7.21 (CHANGED)
[2026-01-02 00:30:05]   [emp_id: 5446] ✓ Updated: 7.15 → 7.21 (CHANGED)
[2026-01-02 00:30:05]   [emp_id: 5447] ✓ Updated: 7.09 → 7.15 (CHANGED)
[2026-01-02 00:30:05]   [emp_id: 5448] ✓ Updated: 6.97 → 7.05 (CHANGED)
[2026-01-02 00:30:05]   [emp_id: 5449] ✓ Updated: 5.17 → 5.23 (CHANGED)
[2026-01-02 00:30:05]   [emp_id: 5450] ✓ Updated: 5.11 → 5.17 (CHANGED)
[2026-01-02 00:30:05]   [emp_id: 5451] ✓ Updated: 5.11 → 5.17 (CHANGED)
[2026-01-02 00:30:05]   [emp_id: 5454] ✓ Updated: 7.03 → 7.11 (CHANGED)
[2026-01-02 00:30:05]   [emp_id: 5455] ✓ Updated: 5.28 → 5.36 (CHANGED)
[2026-01-02 00:30:05]   [emp_id: 5456] ✓ Updated: 6.28 → 6.36 (CHANGED)
[2026-01-02 00:30:05] Report saved to: /home/almutlak/public_html/hr/cron_logs/last_vacation_update_report.json
