[2025-12-13 00:30:01] ========== CRON: Vacation Balance Update Started ==========
[2025-12-13 00:30:01] Database connection established
[2025-12-13 00:30:01] Found 439 active employees with balance records to update
[2025-12-13 00:30:01] (Only employees with status=1 will be processed)
[2025-12-13 00:30:01]   [emp_id: 1061] ✓ Updated: 31.6 → 31.68 (CHANGED)
[2025-12-13 00:30:02]   [emp_id: 1496] ✓ Updated: 14.77 → 14.85 (CHANGED)
[2025-12-13 00:30:02]   [emp_id: 1500] ✓ Updated: 24.02 → 24.1 (CHANGED)
[2025-12-13 00:30:02]   [emp_id: 1574] ✓ Updated: 31.68 → 31.76 (CHANGED)
[2025-12-13 00:30:02]   [emp_id: 1673] ✓ Updated: 43.18 → 43.26 (CHANGED)
[2025-12-13 00:30:02]   [emp_id: 1685] ✓ Updated: 13.1 → 13.18 (CHANGED)
[2025-12-13 00:30:02]   [emp_id: 1764] ✓ Updated: 67.77 → 67.85 (CHANGED)
[2025-12-13 00:30:02]   [emp_id: 1805] ✓ Updated: 62.1 → 62.18 (CHANGED)
[2025-12-13 00:30:02]   [emp_id: 1822] ✓ Updated: 66.85 → 66.93 (CHANGED)
[2025-12-13 00:30:02]   [emp_id: 1837] ✓ Updated: 23.02 → 23.1 (CHANGED)
[2025-12-13 00:30:02]   [emp_id: 1857] ✓ Updated: 18.35 → 18.43 (CHANGED)
[2025-12-13 00:30:02]   [emp_id: 1861] ✓ Updated: 69.18 → 69.26 (CHANGED)
[2025-12-13 00:30:02]   [emp_id: 1872] ✓ Updated: 8.02 → 8.1 (CHANGED)
[2025-12-13 00:30:02]   [emp_id: 1897] ✓ Updated: 30.35 → 30.43 (CHANGED)
[2025-12-13 00:30:02]   [emp_id: 1916] ✓ Updated: 9.65 → 9.73 (CHANGED)
[2025-12-13 00:30:02]   [emp_id: 1928] ✓ Updated: 62.6 → 62.68 (CHANGED)
[2025-12-13 00:30:02]   [emp_id: 1931] ✓ Updated: 82.52 → 82.6 (CHANGED)
[2025-12-13 00:30:02]   [emp_id: 1944] ✓ Updated: 40.68 → 40.76 (CHANGED)
[2025-12-13 00:30:02]   [emp_id: 1996] ✓ Updated: 69.18 → 69.26 (CHANGED)
[2025-12-13 00:30:02]   [emp_id: 1997] ✓ Updated: 34.35 → 34.43 (CHANGED)
[2025-12-13 00:30:02]   [emp_id: 1998] ✓ Updated: 85.68 → 85.76 (CHANGED)
[2025-12-13 00:30:02]   [emp_id: 1999] ✓ Updated: 86.68 → 86.76 (CHANGED)
[2025-12-13 00:30:02]   [emp_id: 2009] ✓ Updated: 33.1 → 33.18 (CHANGED)
[2025-12-13 00:30:02]   [emp_id: 2048] ✓ Updated: 22.93 → 23.01 (CHANGED)
[2025-12-13 00:30:02]   [emp_id: 2057] ✓ Updated: 63.77 → 63.85 (CHANGED)
[2025-12-13 00:30:02]   [emp_id: 2079] ✓ Updated: 46.1 → 46.18 (CHANGED)
[2025-12-13 00:30:02]   [emp_id: 2181] ✓ Updated: 35.1 → 35.18 (CHANGED)
[2025-12-13 00:30:02]   [emp_id: 2190] ✓ Updated: 4.43 → 4.51 (CHANGED)
[2025-12-13 00:30:02]   [emp_id: 2212] ✓ Updated: 22.43 → 22.51 (CHANGED)
[2025-12-13 00:30:02]   [emp_id: 2226] ✓ Updated: 67.18 → 67.26 (CHANGED)
[2025-12-13 00:30:02]   [emp_id: 2238] ✓ Updated: 65.43 → 65.51 (CHANGED)
[2025-12-13 00:30:02]   [emp_id: 2285] ✓ Updated: 34.1 → 34.18 (CHANGED)
[2025-12-13 00:30:02]   [emp_id: 2287] ✓ Updated: 45.77 → 45.85 (CHANGED)
[2025-12-13 00:30:02]   [emp_id: 2288] ✓ Updated: 60.68 → 60.76 (CHANGED)
[2025-12-13 00:30:02]   [emp_id: 2290] ✓ Updated: 77.6 → 77.68 (CHANGED)
[2025-12-13 00:30:02]   [emp_id: 2316] ✓ Updated: 14.6 → 14.68 (CHANGED)
[2025-12-13 00:30:02]   [emp_id: 2337] ✓ Updated: 35.68 → 35.76 (CHANGED)
[2025-12-13 00:30:02]   [emp_id: 2352] ✓ Updated: 67.18 → 67.26 (CHANGED)
[2025-12-13 00:30:02]   [emp_id: 2358] ✓ Updated: 3.68 → 3.76 (CHANGED)
[2025-12-13 00:30:02]   [emp_id: 2361] ✓ Updated: 69.35 → 69.43 (CHANGED)
[2025-12-13 00:30:02]   [emp_id: 2363] ✓ Updated: 71.93 → 72.01 (CHANGED)
[2025-12-13 00:30:02]   [emp_id: 2364] ✓ Updated: 71.35 → 71.43 (CHANGED)
[2025-12-13 00:30:02]   [emp_id: 2367] ✓ Updated: 99.02 → 99.1 (CHANGED)
[2025-12-13 00:30:02]   [emp_id: 2368] ✓ Updated: 29.43 → 29.51 (CHANGED)
[2025-12-13 00:30:02]   [emp_id: 2372] ✓ Updated: 66.68 → 66.76 (CHANGED)
[2025-12-13 00:30:02]   [emp_id: 2376] ✓ Updated: 116.68 → 116.76 (CHANGED)
[2025-12-13 00:30:02]   [emp_id: 2423] ✓ Updated: 17.43 → 17.51 (CHANGED)
[2025-12-13 00:30:02]   [emp_id: 2519] ✓ Updated: 171.1 → 171.18 (CHANGED)
[2025-12-13 00:30:02]   [emp_id: 2522] ✓ Updated: 54.68 → 54.76 (CHANGED)
[2025-12-13 00:30:02]   [emp_id: 2530] ✓ Updated: 49.93 → 50.01 (CHANGED)
[2025-12-13 00:30:02]   [emp_id: 2539] ✓ Updated: 46.68 → 46.76 (CHANGED)
[2025-12-13 00:30:02]   [emp_id: 2541] ✓ Updated: 27.27 → 27.35 (CHANGED)
[2025-12-13 00:30:02]   [emp_id: 2550] ✓ Updated: 93.43 → 93.51 (CHANGED)
[2025-12-13 00:30:02]   [emp_id: 2553] ✓ Updated: 60.43 → 60.51 (CHANGED)
[2025-12-13 00:30:02]   [emp_id: 2554] ✓ Updated: 37.02 → 37.1 (CHANGED)
[2025-12-13 00:30:02]   [emp_id: 2565] ✓ Updated: 91.6 → 91.68 (CHANGED)
[2025-12-13 00:30:02]   [emp_id: 2572] ✓ Updated: 41.6 → 41.68 (CHANGED)
[2025-12-13 00:30:02]   [emp_id: 2637] ✓ Updated: 62.18 → 62.26 (CHANGED)
[2025-12-13 00:30:02]   [emp_id: 2642] ✓ Updated: 74.93 → 75.01 (CHANGED)
[2025-12-13 00:30:02]   [emp_id: 2645] ✓ Updated: 90.93 → 91.01 (CHANGED)
[2025-12-13 00:30:02]   [emp_id: 2648] ✓ Updated: 42.6 → 42.68 (CHANGED)
[2025-12-13 00:30:02]   [emp_id: 2654] ✓ Updated: 85.27 → 85.35 (CHANGED)
[2025-12-13 00:30:02]   [emp_id: 2688] ✓ Updated: 23.35 → 23.43 (CHANGED)
[2025-12-13 00:30:02]   [emp_id: 2690] ✓ Updated: 12.1 → 12.18 (CHANGED)
[2025-12-13 00:30:02]   [emp_id: 2709] ✓ Updated: 34.35 → 34.43 (CHANGED)
[2025-12-13 00:30:02]   [emp_id: 2745] ✓ Updated: 30.93 → 31.01 (CHANGED)
[2025-12-13 00:30:02]   [emp_id: 2843] ✓ Updated: 77.52 → 77.6 (CHANGED)
[2025-12-13 00:30:02]   [emp_id: 2854] ✓ Updated: 57.43 → 57.51 (CHANGED)
[2025-12-13 00:30:02]   [emp_id: 2869] ✓ Updated: 62.35 → 62.43 (CHANGED)
[2025-12-13 00:30:02]   [emp_id: 2876] ✓ Updated: 32.18 → 32.26 (CHANGED)
[2025-12-13 00:30:02]   [emp_id: 2924] ✓ Updated: 13.35 → 13.43 (CHANGED)
[2025-12-13 00:30:02]   [emp_id: 2953] ✓ Updated: 99.1 → 99.18 (CHANGED)
[2025-12-13 00:30:02]   [emp_id: 2961] ✓ Updated: 9.1 → 9.18 (CHANGED)
[2025-12-13 00:30:02]   [emp_id: 2975] ✓ Updated: 11.1 → 11.18 (CHANGED)
[2025-12-13 00:30:02]   [emp_id: 3013] ✓ Updated: 8.1 → 8.18 (CHANGED)
[2025-12-13 00:30:02]   [emp_id: 3014] ✓ Updated: 87.35 → 87.43 (CHANGED)
[2025-12-13 00:30:02]   [emp_id: 3015] ✓ Updated: 38.6 → 38.68 (CHANGED)
[2025-12-13 00:30:02]   [emp_id: 3018] ✓ Updated: 57.35 → 57.43 (CHANGED)
[2025-12-13 00:30:02]   [emp_id: 3025] ✓ Updated: 81.02 → 81.1 (CHANGED)
[2025-12-13 00:30:02]   [emp_id: 3037] ✓ Updated: 80.85 → 80.93 (CHANGED)
[2025-12-13 00:30:02]   [emp_id: 3047] ✓ Updated: 69.1 → 69.18 (CHANGED)
[2025-12-13 00:30:02]   [emp_id: 3061] ✓ Updated: 16.02 → 16.1 (CHANGED)
[2025-12-13 00:30:02]   [emp_id: 3062] ✓ Updated: 49.18 → 49.26 (CHANGED)
[2025-12-13 00:30:02]   [emp_id: 3074] ✓ Updated: 105.6 → 105.68 (CHANGED)
[2025-12-13 00:30:02]   [emp_id: 3089] ✓ Updated: 4.52 → 4.6 (CHANGED)
[2025-12-13 00:30:02]   [emp_id: 3090] ✓ Updated: 31.1 → 31.18 (CHANGED)
[2025-12-13 00:30:02]   [emp_id: 3091] ✓ Updated: 43.1 → 43.18 (CHANGED)
[2025-12-13 00:30:02]   [emp_id: 3092] ✓ Updated: 25.77 → 25.85 (CHANGED)
[2025-12-13 00:30:02]   [emp_id: 3105] ✓ Updated: 46.1 → 46.18 (CHANGED)
[2025-12-13 00:30:02]   [emp_id: 3134] ✓ Updated: 41.85 → 41.93 (CHANGED)
[2025-12-13 00:30:02]   [emp_id: 3140] ✓ Updated: 38.93 → 39.01 (CHANGED)
[2025-12-13 00:30:02]   [emp_id: 3144] ✓ Updated: 11.77 → 11.85 (CHANGED)
[2025-12-13 00:30:02]   [emp_id: 3156] ✓ Updated: 15.1 → 15.18 (CHANGED)
[2025-12-13 00:30:02]   [emp_id: 3162] ✓ Updated: 0.08 → 0.16 (CHANGED)
[2025-12-13 00:30:02]   [emp_id: 3163] ✓ Updated: 3.35 → 3.43 (CHANGED)
[2025-12-13 00:30:02]   [emp_id: 3198] ✓ Updated: 38.35 → 38.43 (CHANGED)
[2025-12-13 00:30:02]   [emp_id: 3205] ✓ Updated: 15.02 → 15.1 (CHANGED)
[2025-12-13 00:30:02]   [emp_id: 3209] ✓ Updated: 39.18 → 39.26 (CHANGED)
[2025-12-13 00:30:02]   [emp_id: 3223] ✓ Updated: 88.1 → 88.18 (CHANGED)
[2025-12-13 00:30:02]   [emp_id: 3224] ✓ Updated: 62.85 → 62.93 (CHANGED)
[2025-12-13 00:30:02]   [emp_id: 3230] ✓ Updated: 86.27 → 86.35 (CHANGED)
[2025-12-13 00:30:02]   [emp_id: 3231] ✓ Updated: 87.52 → 87.6 (CHANGED)
[2025-12-13 00:30:02]   [emp_id: 3233] ✓ Updated: 79.1 → 79.18 (CHANGED)
[2025-12-13 00:30:02]   [emp_id: 3249] ✓ Updated: 34.93 → 35.01 (CHANGED)
[2025-12-13 00:30:02]   [emp_id: 3250] ✓ Updated: 7.93 → 8.01 (CHANGED)
[2025-12-13 00:30:02]   [emp_id: 3252] ✓ Updated: 8.85 → 8.93 (CHANGED)
[2025-12-13 00:30:02]   [emp_id: 3254] ✓ Updated: 19.35 → 19.43 (CHANGED)
[2025-12-13 00:30:02]   [emp_id: 3255] ✓ Updated: 15.77 → 15.85 (CHANGED)
[2025-12-13 00:30:02]   [emp_id: 3256] ✓ Updated: 12.02 → 12.1 (CHANGED)
[2025-12-13 00:30:02]   [emp_id: 3263] ✓ Updated: 28.1 → 28.18 (CHANGED)
[2025-12-13 00:30:02]   [emp_id: 3265] ✓ Updated: 23.68 → 23.76 (CHANGED)
[2025-12-13 00:30:02]   [emp_id: 3280] ✓ Updated: 70.6 → 70.68 (CHANGED)
[2025-12-13 00:30:02]   [emp_id: 3286] ✓ Updated: 13.77 → 13.85 (CHANGED)
[2025-12-13 00:30:02]   [emp_id: 3294] ✓ Updated: 13.43 → 13.51 (CHANGED)
[2025-12-13 00:30:02]   [emp_id: 3321] ✓ Updated: 70.6 → 70.68 (CHANGED)
[2025-12-13 00:30:02]   [emp_id: 3325] ✓ Updated: 58.35 → 58.43 (CHANGED)
[2025-12-13 00:30:02]   [emp_id: 3329] ✓ Updated: 60.68 → 60.76 (CHANGED)
[2025-12-13 00:30:02]   [emp_id: 3330] ✓ Updated: 60.68 → 60.76 (CHANGED)
[2025-12-13 00:30:02]   [emp_id: 3332] ✓ Updated: 60.68 → 60.76 (CHANGED)
[2025-12-13 00:30:02]   [emp_id: 3370] ✓ Updated: 52.35 → 52.43 (CHANGED)
[2025-12-13 00:30:02]   [emp_id: 3384] ✓ Updated: 12.85 → 12.93 (CHANGED)
[2025-12-13 00:30:02]   [emp_id: 3386] ✓ Updated: 42.85 → 42.93 (CHANGED)
[2025-12-13 00:30:02]   [emp_id: 3431] ✓ Updated: 18.27 → 18.35 (CHANGED)
[2025-12-13 00:30:02]   [emp_id: 3497] ✓ Updated: 7.43 → 7.51 (CHANGED)
[2025-12-13 00:30:02]   [emp_id: 3532] ✓ Updated: 44.27 → 44.35 (CHANGED)
[2025-12-13 00:30:02]   [emp_id: 3586] ✓ Updated: 8.35 → 8.43 (CHANGED)
[2025-12-13 00:30:02]   [emp_id: 3602] ✓ Updated: 51.35 → 51.43 (CHANGED)
[2025-12-13 00:30:02]   [emp_id: 3618] ✓ Updated: 21.82 → 21.9 (CHANGED)
[2025-12-13 00:30:02]   [emp_id: 3622] ✓ Updated: 33.4 → 33.45 (CHANGED)
[2025-12-13 00:30:02]   [emp_id: 3627] ✓ Updated: 7.77 → 7.85 (CHANGED)
[2025-12-13 00:30:02]   [emp_id: 3665] ✓ Updated: 49.35 → 49.43 (CHANGED)
[2025-12-13 00:30:02]   [emp_id: 3705] ✓ Updated: 26.73 → 26.78 (CHANGED)
[2025-12-13 00:30:02]   [emp_id: 3724] ✓ Updated: 42.35 → 42.43 (CHANGED)
[2025-12-13 00:30:02]   [emp_id: 3726] ✓ Updated: 58.77 → 58.85 (CHANGED)
[2025-12-13 00:30:02]   [emp_id: 3727] ✓ Updated: 63.85 → 63.93 (CHANGED)
[2025-12-13 00:30:02]   [emp_id: 3728] ✓ Updated: 8.18 → 8.26 (CHANGED)
[2025-12-13 00:30:02]   [emp_id: 3742] ✓ Updated: 31.35 → 31.43 (CHANGED)
[2025-12-13 00:30:02]   [emp_id: 3767] ✓ Updated: 58.93 → 59.01 (CHANGED)
[2025-12-13 00:30:02]   [emp_id: 3768] ✓ Updated: 55.18 → 55.26 (CHANGED)
[2025-12-13 00:30:02]   [emp_id: 3787] ✓ Updated: 55.77 → 55.85 (CHANGED)
[2025-12-13 00:30:02]   [emp_id: 3790] ✓ Updated: 0.32 → 0.4 (CHANGED)
[2025-12-13 00:30:03]   [emp_id: 3795] ✓ Updated: 13.27 → 13.35 (CHANGED)
[2025-12-13 00:30:03]   [emp_id: 3798] ✓ Updated: 91.68 → 91.76 (CHANGED)
[2025-12-13 00:30:03]   [emp_id: 3801] ✓ Updated: 29.85 → 29.93 (CHANGED)
[2025-12-13 00:30:03]   [emp_id: 3802] ✓ Updated: 28.93 → 29.01 (CHANGED)
[2025-12-13 00:30:03]   [emp_id: 3803] ✓ Updated: 113.35 → 113.43 (CHANGED)
[2025-12-13 00:30:03]   [emp_id: 3810] ✓ Updated: 59.35 → 59.43 (CHANGED)
[2025-12-13 00:30:03]   [emp_id: 3812] ✓ Updated: 88.35 → 88.43 (CHANGED)
[2025-12-13 00:30:03]   [emp_id: 3815] ✓ Updated: 88.35 → 88.43 (CHANGED)
[2025-12-13 00:30:03]   [emp_id: 3836] ✓ Updated: 56.02 → 56.1 (CHANGED)
[2025-12-13 00:30:03]   [emp_id: 3855] ✓ Updated: 49.18 → 49.26 (CHANGED)
[2025-12-13 00:30:03]   [emp_id: 3857] ✓ Updated: 52.85 → 52.93 (CHANGED)
[2025-12-13 00:30:03]   [emp_id: 3862] ✓ Updated: 100.93 → 101.01 (CHANGED)
[2025-12-13 00:30:03]   [emp_id: 3866] ✓ Updated: 26.18 → 26.26 (CHANGED)
[2025-12-13 00:30:03]   [emp_id: 3876] ✓ Updated: 46.35 → 46.43 (CHANGED)
[2025-12-13 00:30:03]   [emp_id: 3877] ✓ Updated: 47.85 → 47.93 (CHANGED)
[2025-12-13 00:30:03]   [emp_id: 3897] ✓ Updated: 36.1 → 36.18 (CHANGED)
[2025-12-13 00:30:03]   [emp_id: 3899] ✓ Updated: 51.27 → 51.35 (CHANGED)
[2025-12-13 00:30:03]   [emp_id: 3928] ✓ Updated: 12.18 → 12.26 (CHANGED)
[2025-12-13 00:30:03]   [emp_id: 3929] ✓ Updated: 7.18 → 7.26 (CHANGED)
[2025-12-13 00:30:03]   [emp_id: 3935] ✓ Updated: 92.18 → 92.26 (CHANGED)
[2025-12-13 00:30:03]   [emp_id: 3952] ✓ Updated: 74.52 → 74.6 (CHANGED)
[2025-12-13 00:30:03]   [emp_id: 3987] ✓ Updated: 12.43 → 12.51 (CHANGED)
[2025-12-13 00:30:03]   [emp_id: 4059] ✓ Updated: 1.63 → 1.71 (CHANGED)
[2025-12-13 00:30:03]   [emp_id: 4119] ✓ Updated: 55.1 → 55.18 (CHANGED)
[2025-12-13 00:30:03]   [emp_id: 4120] ✓ Updated: 24.68 → 24.76 (CHANGED)
[2025-12-13 00:30:03]   [emp_id: 4124] ✓ Updated: 55.1 → 55.18 (CHANGED)
[2025-12-13 00:30:03]   [emp_id: 4133] ✓ Updated: 103.68 → 103.76 (CHANGED)
[2025-12-13 00:30:03]   [emp_id: 4134] ✓ Updated: 24.68 → 24.76 (CHANGED)
[2025-12-13 00:30:03]   [emp_id: 4136] ✓ Updated: 24.68 → 24.76 (CHANGED)
[2025-12-13 00:30:03]   [emp_id: 4150] ✓ Updated: 23.35 → 23.43 (CHANGED)
[2025-12-13 00:30:03]   [emp_id: 4157] ✓ Updated: 16.85 → 16.93 (CHANGED)
[2025-12-13 00:30:03]   [emp_id: 4172] ✓ Updated: 11.31 → 11.36 (CHANGED)
[2025-12-13 00:30:03]   [emp_id: 4195] ✓ Updated: 60.43 → 60.51 (CHANGED)
[2025-12-13 00:30:03]   [emp_id: 4215] ✓ Updated: 43.1 → 43.18 (CHANGED)
[2025-12-13 00:30:03]   [emp_id: 4220] ✓ Updated: 38.68 → 38.76 (CHANGED)
[2025-12-13 00:30:03]   [emp_id: 4273] ✓ Updated: 7.35 → 7.43 (CHANGED)
[2025-12-13 00:30:03]   [emp_id: 4283] ✓ Updated: 12.4 → 12.45 (CHANGED)
[2025-12-13 00:30:03]   [emp_id: 4288] ✓ Updated: 42.18 → 42.26 (CHANGED)
[2025-12-13 00:30:03]   [emp_id: 4315] ✓ Updated: 13.6 → 13.68 (CHANGED)
[2025-12-13 00:30:03]   [emp_id: 4328] ✓ Updated: 41.23 → 41.28 (CHANGED)
[2025-12-13 00:30:03]   [emp_id: 4329] ✓ Updated: 3.77 → 3.85 (CHANGED)
[2025-12-13 00:30:03]   [emp_id: 4338] ✓ Updated: 45.35 → 45.43 (CHANGED)
[2025-12-13 00:30:03]   [emp_id: 4340] ✓ Updated: 124.35 → 124.43 (CHANGED)
[2025-12-13 00:30:03]   [emp_id: 4365] ✓ Updated: 58.77 → 58.85 (CHANGED)
[2025-12-13 00:30:03]   [emp_id: 4366] ✓ Updated: 57.85 → 57.93 (CHANGED)
[2025-12-13 00:30:03]   [emp_id: 4403] ✓ Updated: 83.68 → 83.76 (CHANGED)
[2025-12-13 00:30:03]   [emp_id: 4438] ✓ Updated: 19.35 → 19.43 (CHANGED)
[2025-12-13 00:30:03]   [emp_id: 4465] ✓ Updated: 11.56 → 11.61 (CHANGED)
[2025-12-13 00:30:03]   [emp_id: 4473] ✓ Updated: 42.93 → 43.01 (CHANGED)
[2025-12-13 00:30:03]   [emp_id: 4474] ✓ Updated: 58.31 → 58.36 (CHANGED)
[2025-12-13 00:30:03]   [emp_id: 4493] ✓ Updated: 161.77 → 161.85 (CHANGED)
[2025-12-13 00:30:03]   [emp_id: 4526] ✓ Updated: 34.02 → 34.1 (CHANGED)
[2025-12-13 00:30:03]   [emp_id: 4528] ✓ Updated: 105.77 → 105.85 (CHANGED)
[2025-12-13 00:30:03]   [emp_id: 4528] ✓ Updated: 105.77 → 105.85 (CHANGED)
[2025-12-13 00:30:03]   [emp_id: 4532] ✓ Updated: 69.06 → 69.11 (CHANGED)
[2025-12-13 00:30:03]   [emp_id: 4533] ✓ Updated: 34.18 → 34.26 (CHANGED)
[2025-12-13 00:30:03]   [emp_id: 4564] ✓ Updated: 24.31 → 24.36 (CHANGED)
[2025-12-13 00:30:03]   [emp_id: 4565] ✓ Updated: 14.06 → 14.11 (CHANGED)
[2025-12-13 00:30:03]   [emp_id: 4567] ✓ Updated: 18.31 → 18.36 (CHANGED)
[2025-12-13 00:30:03]   [emp_id: 4572] ✓ Updated: 57.81 → 57.86 (CHANGED)
[2025-12-13 00:30:03]   [emp_id: 4631] ✓ Updated: 14.06 → 14.11 (CHANGED)
[2025-12-13 00:30:03]   [emp_id: 4655] ✓ Updated: 23.1 → 23.18 (CHANGED)
[2025-12-13 00:30:03]   [emp_id: 4689] ✓ Updated: 20.77 → 20.85 (CHANGED)
[2025-12-13 00:30:03]   [emp_id: 4709] ✓ Updated: 38.35 → 38.43 (CHANGED)
[2025-12-13 00:30:03]   [emp_id: 4717] ✓ Updated: 64.35 → 64.43 (CHANGED)
[2025-12-13 00:30:03]   [emp_id: 4736] ✓ Updated: 26.18 → 26.26 (CHANGED)
[2025-12-13 00:30:03]   [emp_id: 4756] ✓ Updated: 59.95 → 60 (CHANGED)
[2025-12-13 00:30:03]   [emp_id: 4768] ✓ Updated: 10.85 → 10.93 (CHANGED)
[2025-12-13 00:30:03]   [emp_id: 4780] ✓ Updated: 64.23 → 64.28 (CHANGED)
[2025-12-13 00:30:03]   [emp_id: 4820] ✓ Updated: 97.18 → 97.26 (CHANGED)
[2025-12-13 00:30:03]   [emp_id: 4825] ✓ Updated: 28.93 → 29.01 (CHANGED)
[2025-12-13 00:30:03]   [emp_id: 4835] ✓ Updated: 46.98 → 47.03 (CHANGED)
[2025-12-13 00:30:03]   [emp_id: 4837] ✓ Updated: 44.22 → 44.27 (CHANGED)
[2025-12-13 00:30:03]   [emp_id: 4838] ✓ Updated: 43.24 → 43.29 (CHANGED)
[2025-12-13 00:30:03]   [emp_id: 4840] ✓ Updated: 44.22 → 44.27 (CHANGED)
[2025-12-13 00:30:03]   [emp_id: 4842] ✓ Updated: 43.46 → 43.51 (CHANGED)
[2025-12-13 00:30:03]   [emp_id: 4843] ✓ Updated: 43.99 → 44.04 (CHANGED)
[2025-12-13 00:30:03]   [emp_id: 4853] ✓ Updated: 87.81 → 87.86 (CHANGED)
[2025-12-13 00:30:03]   [emp_id: 4856] ✓ Updated: 41.13 → 41.18 (CHANGED)
[2025-12-13 00:30:03]   [emp_id: 4857] ✓ Updated: 23.95 → 24 (CHANGED)
[2025-12-13 00:30:03]   [emp_id: 4858] ✓ Updated: 20.83 → 20.88 (CHANGED)
[2025-12-13 00:30:03]   [emp_id: 4859] ✓ Updated: 42.3 → 42.35 (CHANGED)
[2025-12-13 00:30:03]   [emp_id: 4860] ✓ Updated: 6.8 → 6.85 (CHANGED)
[2025-12-13 00:30:03]   [emp_id: 4861] ✓ Updated: 40.26 → 40.31 (CHANGED)
[2025-12-13 00:30:03]   [emp_id: 4869] ✓ Updated: 83.14 → 83.19 (CHANGED)
[2025-12-13 00:30:03]   [emp_id: 4894] ✓ Updated: 5.85 → 5.93 (CHANGED)
[2025-12-13 00:30:03]   [emp_id: 4897] ✓ Updated: 22.04 → 22.09 (CHANGED)
[2025-12-13 00:30:03]   [emp_id: 4899] ✓ Updated: 18.21 → 18.26 (CHANGED)
[2025-12-13 00:30:03]   [emp_id: 4902] ✓ Updated: 17.63 → 17.68 (CHANGED)
[2025-12-13 00:30:03]   [emp_id: 4903] ✓ Updated: 19.85 → 19.9 (CHANGED)
[2025-12-13 00:30:03]   [emp_id: 4905] ✓ Updated: 18.51 → 18.56 (CHANGED)
[2025-12-13 00:30:03]   [emp_id: 4907] ✓ Updated: 45.93 → 46.01 (CHANGED)
[2025-12-13 00:30:03]   [emp_id: 4917] ✓ Updated: 15.47 → 15.52 (CHANGED)
[2025-12-13 00:30:03]   [emp_id: 4918] ✓ Updated: 5.24 → 5.29 (CHANGED)
[2025-12-13 00:30:03]   [emp_id: 4919] ✓ Updated: 57.53 → 57.58 (CHANGED)
[2025-12-13 00:30:03]   [emp_id: 4920] ✓ Updated: 57.36 → 57.41 (CHANGED)
[2025-12-13 00:30:03]   [emp_id: 4921] ✓ Updated: 16.7 → 16.75 (CHANGED)
[2025-12-13 00:30:03]   [emp_id: 4927] ✓ Updated: 15.53 → 15.58 (CHANGED)
[2025-12-13 00:30:03]   [emp_id: 4929] ✓ Updated: 17.05 → 17.1 (CHANGED)
[2025-12-13 00:30:03]   [emp_id: 4930] ✓ Updated: 57.82 → 57.87 (CHANGED)
[2025-12-13 00:30:03]   [emp_id: 4932] ✓ Updated: 15.82 → 15.87 (CHANGED)
[2025-12-13 00:30:03]   [emp_id: 4933] ✓ Updated: 19.23 → 19.28 (CHANGED)
[2025-12-13 00:30:03]   [emp_id: 4949] ✓ Updated: 34.66 → 34.71 (CHANGED)
[2025-12-13 00:30:03]   [emp_id: 4956] ✓ Updated: 28.25 → 28.3 (CHANGED)
[2025-12-13 00:30:03]   [emp_id: 4957] ✓ Updated: 28.92 → 28.97 (CHANGED)
[2025-12-13 00:30:03]   [emp_id: 4962] ✓ Updated: 52.18 → 52.26 (CHANGED)
[2025-12-13 00:30:03]   [emp_id: 4969] ✓ Updated: 44.6 → 44.68 (CHANGED)
[2025-12-13 00:30:03]   [emp_id: 4976] ✓ Updated: 8.94 → 8.99 (CHANGED)
[2025-12-13 00:30:03]   [emp_id: 4984] ✓ Updated: 35.85 → 35.93 (CHANGED)
[2025-12-13 00:30:03]   [emp_id: 4995] ✓ Updated: 47.92 → 48 (CHANGED)
[2025-12-13 00:30:03]   [emp_id: 5004] ✓ Updated: 44.62 → 44.67 (CHANGED)
[2025-12-13 00:30:03]   [emp_id: 5006] ✓ Updated: 25.62 → 25.67 (CHANGED)
[2025-12-13 00:30:03]   [emp_id: 5011] ✓ Updated: 11.52 → 11.6 (CHANGED)
[2025-12-13 00:30:03]   [emp_id: 5013] ✓ Updated: 65.99 → 66.04 (CHANGED)
[2025-12-13 00:30:03]   [emp_id: 5018] ✓ Updated: 20.23 → 20.28 (CHANGED)
[2025-12-13 00:30:03]   [emp_id: 5021] ✓ Updated: 63.03 → 63.11 (CHANGED)
[2025-12-13 00:30:03]   [emp_id: 5021] ✓ Updated: 63.03 → 63.11 (CHANGED)
[2025-12-13 00:30:03]   [emp_id: 5024] ✓ Updated: 0.5 → 0.55 (CHANGED)
[2025-12-13 00:30:03]   [emp_id: 5030] ✓ Updated: 30.45 → 30.5 (CHANGED)
[2025-12-13 00:30:03]   [emp_id: 5033] ✓ Updated: 21.25 → 21.3 (CHANGED)
[2025-12-13 00:30:03]   [emp_id: 5043] ✓ Updated: 28.52 → 28.6 (CHANGED)
[2025-12-13 00:30:03]   [emp_id: 5045] ✓ Updated: 25.02 → 25.1 (CHANGED)
[2025-12-13 00:30:03]   [emp_id: 5046] ✓ Updated: 20.21 → 20.29 (CHANGED)
[2025-12-13 00:30:03]   [emp_id: 5049] ✓ Updated: 37.93 → 37.98 (CHANGED)
[2025-12-13 00:30:03]   [emp_id: 5052] ✓ Updated: 29.21 → 29.26 (CHANGED)
[2025-12-13 00:30:03]   [emp_id: 5055] ✓ Updated: 36.4 → 36.45 (CHANGED)
[2025-12-13 00:30:03]   [emp_id: 5058] ✓ Updated: 26.63 → 26.68 (CHANGED)
[2025-12-13 00:30:03]   [emp_id: 5062] ✓ Updated: 38.46 → 38.51 (CHANGED)
[2025-12-13 00:30:03]   [emp_id: 5064] ✓ Updated: 115.85 → 115.93 (CHANGED)
[2025-12-13 00:30:03]   [emp_id: 5065] ✓ Updated: 37.87 → 37.92 (CHANGED)
[2025-12-13 00:30:03]   [emp_id: 5071] ✓ Updated: 21.35 → 21.43 (CHANGED)
[2025-12-13 00:30:03]   [emp_id: 5073] ✓ Updated: 12.47 → 12.52 (CHANGED)
[2025-12-13 00:30:03]   [emp_id: 5079] ✓ Updated: 33.03 → 33.08 (CHANGED)
[2025-12-13 00:30:03]   [emp_id: 5080] ✓ Updated: 30.36 → 30.41 (CHANGED)
[2025-12-13 00:30:03]   [emp_id: 5081] ✓ Updated: 35.36 → 35.41 (CHANGED)
[2025-12-13 00:30:03]   [emp_id: 5087] ✓ Updated: 34.66 → 34.71 (CHANGED)
[2025-12-13 00:30:03]   [emp_id: 5091] ✓ Updated: 74.51 → 74.56 (CHANGED)
[2025-12-13 00:30:03]   [emp_id: 5093] ✓ Updated: 12.52 → 12.6 (CHANGED)
[2025-12-13 00:30:03]   [emp_id: 5095] ✓ Updated: 0.05 → 0.1 (CHANGED)
[2025-12-13 00:30:03]   [emp_id: 5101] ✓ Updated: 14.6 → 14.68 (CHANGED)
[2025-12-13 00:30:03]   [emp_id: 5107] ✓ Updated: 12.93 → 13.01 (CHANGED)
[2025-12-13 00:30:03]   [emp_id: 5109] ✓ Updated: 10.18 → 10.26 (CHANGED)
[2025-12-13 00:30:03]   [emp_id: 5119] ✓ Updated: 8.35 → 8.43 (CHANGED)
[2025-12-13 00:30:03]   [emp_id: 5122] ✓ Updated: 5.52 → 5.6 (CHANGED)
[2025-12-13 00:30:03]   [emp_id: 5126] ✓ Updated: 25.39 → 25.44 (CHANGED)
[2025-12-13 00:30:03]   [emp_id: 5127] ✓ Updated: 22.18 → 22.23 (CHANGED)
[2025-12-13 00:30:03]   [emp_id: 5128] ✓ Updated: 25.33 → 25.38 (CHANGED)
[2025-12-13 00:30:03]   [emp_id: 5138] ✓ Updated: 64.18 → 64.26 (CHANGED)
[2025-12-13 00:30:03]   [emp_id: 5138] ✓ Updated: 64.18 → 64.26 (CHANGED)
[2025-12-13 00:30:03]   [emp_id: 5141] ✓ Updated: 33.7 → 33.75 (CHANGED)
[2025-12-13 00:30:03]   [emp_id: 5142] ✓ Updated: 12.7 → 12.75 (CHANGED)
[2025-12-13 00:30:03]   [emp_id: 5146] ✓ Updated: 19.7 → 19.75 (CHANGED)
[2025-12-13 00:30:03]   [emp_id: 5147] ✓ Updated: 18.7 → 18.75 (CHANGED)
[2025-12-13 00:30:03]   [emp_id: 5148] ✓ Updated: 24.05 → 24.1 (CHANGED)
[2025-12-13 00:30:03]   [emp_id: 5149] ✓ Updated: 22.94 → 22.99 (CHANGED)
[2025-12-13 00:30:03]   [emp_id: 5150] ✓ Updated: 22.3 → 22.35 (CHANGED)
[2025-12-13 00:30:03]   [emp_id: 5151] ✓ Updated: 22.12 → 22.17 (CHANGED)
[2025-12-13 00:30:03]   [emp_id: 5152] ✓ Updated: 2.54 → 2.59 (CHANGED)
[2025-12-13 00:30:04]   [emp_id: 5157] ✓ Updated: 22.12 → 22.17 (CHANGED)
[2025-12-13 00:30:04]   [emp_id: 5160] ✓ Updated: 22.12 → 22.17 (CHANGED)
[2025-12-13 00:30:04]   [emp_id: 5163] ✓ Updated: 19.91 → 19.96 (CHANGED)
[2025-12-13 00:30:04]   [emp_id: 5165] ✓ Updated: 28.52 → 28.6 (CHANGED)
[2025-12-13 00:30:04]   [emp_id: 5167] ✓ Updated: 29.06 → 29.11 (CHANGED)
[2025-12-13 00:30:04]   [emp_id: 5168] ✓ Updated: 21.6 → 21.65 (CHANGED)
[2025-12-13 00:30:04]   [emp_id: 5173] ✓ Updated: 23.27 → 23.35 (CHANGED)
[2025-12-13 00:30:04]   [emp_id: 5174] ✓ Updated: 22.06 → 22.11 (CHANGED)
[2025-12-13 00:30:04]   [emp_id: 5181] ✓ Updated: 18.45 → 18.5 (CHANGED)
[2025-12-13 00:30:04]   [emp_id: 5186] ✓ Updated: 23.98 → 24.03 (CHANGED)
[2025-12-13 00:30:04]   [emp_id: 5187] ✓ Updated: 34.98 → 35.03 (CHANGED)
[2025-12-13 00:30:04]   [emp_id: 5204] ✓ Updated: 20.77 → 20.85 (CHANGED)
[2025-12-13 00:30:04]   [emp_id: 5205] ✓ Updated: 11.19 → 11.24 (CHANGED)
[2025-12-13 00:30:04]   [emp_id: 5209] ✓ Updated: 14.19 → 14.24 (CHANGED)
[2025-12-13 00:30:04]   [emp_id: 5213] ✓ Updated: 0.6 → 0.65 (CHANGED)
[2025-12-13 00:30:04]   [emp_id: 5214] ✓ Updated: 14.19 → 14.24 (CHANGED)
[2025-12-13 00:30:04]   [emp_id: 5215] ✓ Updated: 9.19 → 9.24 (CHANGED)
[2025-12-13 00:30:04]   [emp_id: 5217] ✓ Updated: 8.19 → 8.24 (CHANGED)
[2025-12-13 00:30:04]   [emp_id: 5219] ✓ Updated: 12.19 → 12.24 (CHANGED)
[2025-12-13 00:30:04]   [emp_id: 5221] ✓ Updated: 3.56 → 3.61 (CHANGED)
[2025-12-13 00:30:04]   [emp_id: 5224] ✓ Updated: 13.19 → 13.24 (CHANGED)
[2025-12-13 00:30:04]   [emp_id: 5225] ✓ Updated: 7.86 → 7.91 (CHANGED)
[2025-12-13 00:30:04]   [emp_id: 5228] ✓ Updated: 8.19 → 8.24 (CHANGED)
[2025-12-13 00:30:04]   [emp_id: 5229] ✓ Updated: 4.19 → 4.24 (CHANGED)
[2025-12-13 00:30:04]   [emp_id: 5230] ✓ Updated: 14.19 → 14.24 (CHANGED)
[2025-12-13 00:30:04]   [emp_id: 5231] ✓ Updated: 5.19 → 5.24 (CHANGED)
[2025-12-13 00:30:04]   [emp_id: 5232] ✓ Updated: 10.19 → 10.24 (CHANGED)
[2025-12-13 00:30:04]   [emp_id: 5233] ✓ Updated: 3.19 → 3.24 (CHANGED)
[2025-12-13 00:30:04]   [emp_id: 5234] ✓ Updated: 3.19 → 3.24 (CHANGED)
[2025-12-13 00:30:04]   [emp_id: 5235] ✓ Updated: 14.19 → 14.24 (CHANGED)
[2025-12-13 00:30:04]   [emp_id: 5237] ✓ Updated: 14.19 → 14.24 (CHANGED)
[2025-12-13 00:30:04]   [emp_id: 5238] ✓ Updated: 6.81 → 6.86 (CHANGED)
[2025-12-13 00:30:04]   [emp_id: 5239] ✓ Updated: 6.19 → 6.24 (CHANGED)
[2025-12-13 00:30:04]   [emp_id: 5241] ✓ Updated: 4.19 → 4.24 (CHANGED)
[2025-12-13 00:30:04]   [emp_id: 5242] ✓ Updated: 14.19 → 14.24 (CHANGED)
[2025-12-13 00:30:04]   [emp_id: 5243] ✓ Updated: 0.6 → 0.65 (CHANGED)
[2025-12-13 00:30:04]   [emp_id: 5244] ✓ Updated: 3.46 → 3.51 (CHANGED)
[2025-12-13 00:30:04]   [emp_id: 5246] ✓ Updated: 10.19 → 10.24 (CHANGED)
[2025-12-13 00:30:04]   [emp_id: 5253] ✓ Updated: 28.81 → 28.86 (CHANGED)
[2025-12-13 00:30:04]   [emp_id: 5254] ✓ Updated: 11.04 → 11.09 (CHANGED)
[2025-12-13 00:30:04]   [emp_id: 5257] ✓ Updated: 10.75 → 10.8 (CHANGED)
[2025-12-13 00:30:04]   [emp_id: 5259] ✓ Updated: 47.28 → 47.33 (CHANGED)
[2025-12-13 00:30:04]   [emp_id: 5261] ✓ Updated: 48.27 → 48.35 (CHANGED)
[2025-12-13 00:30:04]   [emp_id: 5264] ✓ Updated: 24.76 → 24.81 (CHANGED)
[2025-12-13 00:30:04]   [emp_id: 5266] ✓ Updated: 24.71 → 24.76 (CHANGED)
[2025-12-13 00:30:04]   [emp_id: 5268] ✓ Updated: 7.95 → 8 (CHANGED)
[2025-12-13 00:30:04]   [emp_id: 5271] ✓ Updated: 6.61 → 6.66 (CHANGED)
[2025-12-13 00:30:04]   [emp_id: 5272] ✓ Updated: 7.48 → 7.53 (CHANGED)
[2025-12-13 00:30:04]   [emp_id: 5273] ✓ Updated: 25.27 → 25.32 (CHANGED)
[2025-12-13 00:30:04]   [emp_id: 5275] ✓ Updated: 8.3 → 8.35 (CHANGED)
[2025-12-13 00:30:04]   [emp_id: 5276] ✓ Updated: 22.57 → 22.62 (CHANGED)
[2025-12-13 00:30:04]   [emp_id: 5278] ✓ Updated: 6.96 → 7.01 (CHANGED)
[2025-12-13 00:30:04]   [emp_id: 5280] ✓ Updated: 17.36 → 17.41 (CHANGED)
[2025-12-13 00:30:04]   [emp_id: 5282] ✓ Updated: 9.85 → 9.93 (CHANGED)
[2025-12-13 00:30:04]   [emp_id: 5285] ✓ Updated: 27.36 → 27.41 (CHANGED)
[2025-12-13 00:30:04]   [emp_id: 5286] ✓ Updated: 14.36 → 14.41 (CHANGED)
[2025-12-13 00:30:04]   [emp_id: 5287] ✓ Updated: 48.66 → 48.71 (CHANGED)
[2025-12-13 00:30:04]   [emp_id: 5288] ✓ Updated: 37.67 → 37.72 (CHANGED)
[2025-12-13 00:30:04]   [emp_id: 5289] ✓ Updated: 47.21 → 47.26 (CHANGED)
[2025-12-13 00:30:04]   [emp_id: 5290] ✓ Updated: 45.98 → 46.03 (CHANGED)
[2025-12-13 00:30:04]   [emp_id: 5291] ✓ Updated: 3.98 → 4.03 (CHANGED)
[2025-12-13 00:30:04]   [emp_id: 5292] ✓ Updated: 3.92 → 3.97 (CHANGED)
[2025-12-13 00:30:04]   [emp_id: 5293] ✓ Updated: 36.02 → 36.1 (CHANGED)
[2025-12-13 00:30:04]   [emp_id: 5294] ✓ Updated: 5.77 → 5.85 (CHANGED)
[2025-12-13 00:30:04]   [emp_id: 5295] ✓ Updated: 20.16 → 20.21 (CHANGED)
[2025-12-13 00:30:04]   [emp_id: 5296] ✓ Updated: 29.65 → 29.73 (CHANGED)
[2025-12-13 00:30:04]   [emp_id: 5297] ✓ Updated: 44.58 → 44.63 (CHANGED)
[2025-12-13 00:30:04]   [emp_id: 5298] ✓ Updated: 44.58 → 44.63 (CHANGED)
[2025-12-13 00:30:04]   [emp_id: 5299] ✓ Updated: 44.58 → 44.63 (CHANGED)
[2025-12-13 00:30:04]   [emp_id: 5300] ✓ Updated: 44.58 → 44.63 (CHANGED)
[2025-12-13 00:30:04]   [emp_id: 5301] ✓ Updated: 2.4 → 2.45 (CHANGED)
[2025-12-13 00:30:04]   [emp_id: 5303] ✓ Updated: 44.58 → 44.63 (CHANGED)
[2025-12-13 00:30:04]   [emp_id: 5304] ✓ Updated: 44.58 → 44.63 (CHANGED)
[2025-12-13 00:30:04]   [emp_id: 5305] ✓ Updated: 2.58 → 2.63 (CHANGED)
[2025-12-13 00:30:04]   [emp_id: 5306] ✓ Updated: 44.29 → 44.34 (CHANGED)
[2025-12-13 00:30:04]   [emp_id: 5307] ✓ Updated: 44.29 → 44.34 (CHANGED)
[2025-12-13 00:30:04]   [emp_id: 5312] ✓ Updated: 0.05 → 0.1 (CHANGED)
[2025-12-13 00:30:04]   [emp_id: 5318] ✓ Updated: 25 → 25.05 (CHANGED)
[2025-12-13 00:30:04]   [emp_id: 5325] ✓ Updated: 20.96 → 21.01 (CHANGED)
[2025-12-13 00:30:04]   [emp_id: 5326] ✓ Updated: 41.78 → 41.83 (CHANGED)
[2025-12-13 00:30:04]   [emp_id: 5327] ✓ Updated: 0.05 → 0.1 (CHANGED)
[2025-12-13 00:30:04]   [emp_id: 5331] ✓ Updated: 20.37 → 20.42 (CHANGED)
[2025-12-13 00:30:04]   [emp_id: 5337] ✓ Updated: 33.68 → 33.76 (CHANGED)
[2025-12-13 00:30:04]   [emp_id: 5339] ✓ Updated: 9.15 → 9.2 (CHANGED)
[2025-12-13 00:30:04]   [emp_id: 5343] ✓ Updated: 43.6 → 43.68 (CHANGED)
[2025-12-13 00:30:04]   [emp_id: 5343] ✓ Updated: 43.6 → 43.68 (CHANGED)
[2025-12-13 00:30:04]   [emp_id: 5345] ✓ Updated: 13.43 → 13.51 (CHANGED)
[2025-12-13 00:30:04]   [emp_id: 5346] ✓ Updated: 37.87 → 37.92 (CHANGED)
[2025-12-13 00:30:04]   [emp_id: 5351] ✓ Updated: 16.81 → 16.86 (CHANGED)
[2025-12-13 00:30:04]   [emp_id: 5352] ✓ Updated: 23.85 → 23.93 (CHANGED)
[2025-12-13 00:30:04]   [emp_id: 5370] ✓ Updated: 14.46 → 14.51 (CHANGED)
[2025-12-13 00:30:04]   [emp_id: 5371] ✓ Updated: 0.16 → 0.24 (CHANGED)
[2025-12-13 00:30:04]   [emp_id: 5376] ✓ Updated: 9.06 → 9.11 (CHANGED)
[2025-12-13 00:30:04]   [emp_id: 5378] ✓ Updated: 21.6 → 21.68 (CHANGED)
[2025-12-13 00:30:04]   [emp_id: 5380] ✓ Updated: 15.47 → 15.52 (CHANGED)
[2025-12-13 00:30:04]   [emp_id: 5381] ✓ Updated: 16.02 → 16.1 (CHANGED)
[2025-12-13 00:30:04]   [emp_id: 5383] ✓ Updated: 14.43 → 14.51 (CHANGED)
[2025-12-13 00:30:04]   [emp_id: 5388] ✓ Updated: 26.25 → 26.3 (CHANGED)
[2025-12-13 00:30:04]   [emp_id: 5392] ✓ Updated: 12.35 → 12.43 (CHANGED)
[2025-12-13 00:30:04]   [emp_id: 5396] ✓ Updated: 27.49 → 27.54 (CHANGED)
[2025-12-13 00:30:04]   [emp_id: 5397] ✓ Updated: 23.7 → 23.75 (CHANGED)
[2025-12-13 00:30:04]   [emp_id: 5401] ✓ Updated: 22.06 → 22.11 (CHANGED)
[2025-12-13 00:30:04]   [emp_id: 5402] ✓ Updated: 22.18 → 22.23 (CHANGED)
[2025-12-13 00:30:04]   [emp_id: 5406] ✓ Updated: 20.9 → 20.95 (CHANGED)
[2025-12-13 00:30:04]   [emp_id: 5407] ✓ Updated: 23.1 → 23.18 (CHANGED)
[2025-12-13 00:30:04]   [emp_id: 5408] ✓ Updated: 20.85 → 20.93 (CHANGED)
[2025-12-13 00:30:04]   [emp_id: 5409] ✓ Updated: 15.24 → 15.29 (CHANGED)
[2025-12-13 00:30:04]   [emp_id: 5413] ✓ Updated: 26.6 → 26.68 (CHANGED)
[2025-12-13 00:30:04]   [emp_id: 5414] ✓ Updated: 26.27 → 26.35 (CHANGED)
[2025-12-13 00:30:04]   [emp_id: 5415] ✓ Updated: 17.1 → 17.18 (CHANGED)
[2025-12-13 00:30:04]   [emp_id: 5418] ✓ Updated: 12.02 → 12.07 (CHANGED)
[2025-12-13 00:30:04]   [emp_id: 5422] ✓ Updated: 18.93 → 19.01 (CHANGED)
[2025-12-13 00:30:04]   [emp_id: 5423] ✓ Updated: 15.52 → 15.6 (CHANGED)
[2025-12-13 00:30:04]   [emp_id: 5423] ✓ Updated: 15.52 → 15.6 (CHANGED)
[2025-12-13 00:30:04]   [emp_id: 5423] ✓ Updated: 15.52 → 15.6 (CHANGED)
[2025-12-13 00:30:04]   [emp_id: 5424] ✓ Updated: 12.85 → 12.9 (CHANGED)
[2025-12-13 00:30:04]   [emp_id: 5425] ✓ Updated: 12.85 → 12.9 (CHANGED)
[2025-12-13 00:30:04]   [emp_id: 5426] ✓ Updated: 4.69 → 4.77 (CHANGED)
[2025-12-13 00:30:04]   [emp_id: 5426] ✓ Updated: 4.69 → 4.77 (CHANGED)
[2025-12-13 00:30:04]   [emp_id: 5427] ✓ Updated: 12.96 → 13.01 (CHANGED)
[2025-12-13 00:30:04]   [emp_id: 5428] ✓ Updated: 12.85 → 12.9 (CHANGED)
[2025-12-13 00:30:04]   [emp_id: 5430] ✓ Updated: 15.93 → 16.01 (CHANGED)
[2025-12-13 00:30:04]   [emp_id: 5431] ✓ Updated: 11.97 → 12.02 (CHANGED)
[2025-12-13 00:30:04]   [emp_id: 5434] ✓ Updated: 11.74 → 11.79 (CHANGED)
[2025-12-13 00:30:04]   [emp_id: 5435] ✓ Updated: 11.68 → 11.73 (CHANGED)
[2025-12-13 00:30:04]   [emp_id: 5436] ✓ Updated: 11.68 → 11.73 (CHANGED)
[2025-12-13 00:30:04]   [emp_id: 5438] ✓ Updated: 13.85 → 13.93 (CHANGED)
[2025-12-13 00:30:04]   [emp_id: 5439] ✓ Updated: 23.35 → 23.43 (CHANGED)
[2025-12-13 00:30:04]   [emp_id: 5442] ✓ Updated: 12.35 → 12.43 (CHANGED)
[2025-12-13 00:30:04]   [emp_id: 5443] ✓ Updated: 7.36 → 7.41 (CHANGED)
[2025-12-13 00:30:04]   [emp_id: 5445] ✓ Updated: 6.14 → 6.19 (CHANGED)
[2025-12-13 00:30:04]   [emp_id: 5446] ✓ Updated: 6.14 → 6.19 (CHANGED)
[2025-12-13 00:30:04]   [emp_id: 5447] ✓ Updated: 6.08 → 6.13 (CHANGED)
[2025-12-13 00:30:04]   [emp_id: 5448] ✓ Updated: 3.88 → 3.96 (CHANGED)
[2025-12-13 00:30:04]   [emp_id: 5449] ✓ Updated: 4.16 → 4.21 (CHANGED)
[2025-12-13 00:30:04]   [emp_id: 5450] ✓ Updated: 4.1 → 4.15 (CHANGED)
[2025-12-13 00:30:04]   [emp_id: 5451] ✓ Updated: 4.1 → 4.15 (CHANGED)
[2025-12-13 00:30:04]   [emp_id: 5454] ✓ Updated: 5.43 → 5.51 (CHANGED)
[2025-12-13 00:30:04]   [emp_id: 5455] ✓ Updated: 3.68 → 3.76 (CHANGED)
[2025-12-13 00:30:04]   [emp_id: 5456] ✓ Updated: 4.68 → 4.76 (CHANGED)
[2025-12-13 00:30:04] 
[2025-12-13 00:30:04] ========== SUMMARY ==========
[2025-12-13 00:30:04] Total employees processed: 439
[2025-12-13 00:30:04] Records updated: 439
[2025-12-13 00:30:04] Balances changed: 439
[2025-12-13 00:30:04] Errors: 0
[2025-12-13 00:30:04] ========== CRON: Vacation Balance Update Completed ==========
[2025-12-13 00:30:04] 
