[2025-12-28 00:30:01] ========== CRON: Vacation Balance Update Started ==========
[2025-12-28 00:30:01] Database connection established
[2025-12-28 00:30:01] Found 430 active employees with balance records to update
[2025-12-28 00:30:01] (Only employees with status=1 will be processed)
[2025-12-28 00:30:01]   [emp_id: 1061] ✓ Updated: 32.8 → 32.88 (CHANGED)
[2025-12-28 00:30:01]   [emp_id: 1496] ✓ Updated: 15.97 → 16.05 (CHANGED)
[2025-12-28 00:30:01]   [emp_id: 1500] ✓ Updated: 3.65 → 3.73 (CHANGED)
[2025-12-28 00:30:01]   [emp_id: 1574] ✓ Updated: 32.88 → 32.96 (CHANGED)
[2025-12-28 00:30:01]   [emp_id: 1673] ✓ Updated: 44.38 → 44.46 (CHANGED)
[2025-12-28 00:30:01]   [emp_id: 1685] ✓ Updated: 14.3 → 14.38 (CHANGED)
[2025-12-28 00:30:01]   [emp_id: 1764] ✓ Updated: 68.97 → 69.05 (CHANGED)
[2025-12-28 00:30:01]   [emp_id: 1805] ✓ Updated: 63.3 → 63.38 (CHANGED)
[2025-12-28 00:30:01]   [emp_id: 1822] ✓ Updated: 68.05 → 68.13 (CHANGED)
[2025-12-28 00:30:01]   [emp_id: 1837] ✓ Updated: 24.22 → 24.3 (CHANGED)
[2025-12-28 00:30:01]   [emp_id: 1857] ✓ Updated: 19.55 → 19.63 (CHANGED)
[2025-12-28 00:30:01]   [emp_id: 1861] ✓ Updated: 70.38 → 70.46 (CHANGED)
[2025-12-28 00:30:01]   [emp_id: 1872] ✓ Updated: 9.22 → 9.3 (CHANGED)
[2025-12-28 00:30:01]   [emp_id: 1897] ✓ Updated: 4.55 → 4.63 (CHANGED)
[2025-12-28 00:30:01]   [emp_id: 1916] ✓ Updated: 10.85 → 10.93 (CHANGED)
[2025-12-28 00:30:01]   [emp_id: 1928] ✓ Updated: 63.8 → 63.88 (CHANGED)
[2025-12-28 00:30:01]   [emp_id: 1931] ✓ Updated: 83.72 → 83.8 (CHANGED)
[2025-12-28 00:30:01]   [emp_id: 1944] ✓ Updated: 41.88 → 41.96 (CHANGED)
[2025-12-28 00:30:01]   [emp_id: 1996] ✓ Updated: 70.38 → 70.46 (CHANGED)
[2025-12-28 00:30:01]   [emp_id: 1997] ✓ Updated: 35.55 → 35.63 (CHANGED)
[2025-12-28 00:30:01]   [emp_id: 1998] ✓ Updated: 26.99 → 27.07 (CHANGED)
[2025-12-28 00:30:01]   [emp_id: 1999] ✓ Updated: 27.99 → 28.07 (CHANGED)
[2025-12-28 00:30:01]   [emp_id: 2009] ✓ Updated: 34.3 → 34.38 (CHANGED)
[2025-12-28 00:30:01]   [emp_id: 2048] ✓ Updated: 24.13 → 24.21 (CHANGED)
[2025-12-28 00:30:01]   [emp_id: 2057] ✓ Updated: 64.97 → 65.05 (CHANGED)
[2025-12-28 00:30:01]   [emp_id: 2079] ✓ Updated: 47.3 → 47.38 (CHANGED)
[2025-12-28 00:30:01]   [emp_id: 2181] ✓ Updated: 36.3 → 36.38 (CHANGED)
[2025-12-28 00:30:01]   [emp_id: 2190] ✓ Updated: 5.63 → 5.71 (CHANGED)
[2025-12-28 00:30:01]   [emp_id: 2212] ✓ Updated: 23.63 → 23.71 (CHANGED)
[2025-12-28 00:30:01]   [emp_id: 2226] ✓ Updated: 68.38 → 68.46 (CHANGED)
[2025-12-28 00:30:01]   [emp_id: 2238] ✓ Updated: 66.63 → 66.71 (CHANGED)
[2025-12-28 00:30:01]   [emp_id: 2285] ✓ Updated: 35.3 → 35.38 (CHANGED)
[2025-12-28 00:30:01]   [emp_id: 2287] ✓ Updated: 46.97 → 47.05 (CHANGED)
[2025-12-28 00:30:01]   [emp_id: 2288] ✓ Updated: 1.99 → 2.07 (CHANGED)
[2025-12-28 00:30:01]   [emp_id: 2316] ✓ Updated: 15.8 → 15.88 (CHANGED)
[2025-12-28 00:30:01]   [emp_id: 2337] ✓ Updated: 36.88 → 36.96 (CHANGED)
[2025-12-28 00:30:01]   [emp_id: 2352] ✓ Updated: 68.38 → 68.46 (CHANGED)
[2025-12-28 00:30:02]   [emp_id: 2358] ✓ Updated: 4.88 → 4.96 (CHANGED)
[2025-12-28 00:30:02]   [emp_id: 2361] ✓ Updated: 70.55 → 70.63 (CHANGED)
[2025-12-28 00:30:02]   [emp_id: 2363] ✓ Updated: 73.13 → 73.21 (CHANGED)
[2025-12-28 00:30:02]   [emp_id: 2364] ✓ Updated: 72.55 → 72.63 (CHANGED)
[2025-12-28 00:30:02]   [emp_id: 2367] ✓ Updated: 100.22 → 100.3 (CHANGED)
[2025-12-28 00:30:02]   [emp_id: 2368] ✓ Updated: 30.63 → 30.71 (CHANGED)
[2025-12-28 00:30:02]   [emp_id: 2372] ✓ Updated: 67.88 → 67.96 (CHANGED)
[2025-12-28 00:30:02]   [emp_id: 2376] ✓ Updated: 117.88 → 117.96 (CHANGED)
[2025-12-28 00:30:02]   [emp_id: 2423] ✓ Updated: 18.63 → 18.71 (CHANGED)
[2025-12-28 00:30:02]   [emp_id: 2519] ✓ Updated: 172.3 → 172.38 (CHANGED)
[2025-12-28 00:30:02]   [emp_id: 2522] ✓ Updated: 55.88 → 55.96 (CHANGED)
[2025-12-28 00:30:02]   [emp_id: 2530] ✓ Updated: 51.13 → 51.21 (CHANGED)
[2025-12-28 00:30:02]   [emp_id: 2539] ✓ Updated: 47.88 → 47.96 (CHANGED)
[2025-12-28 00:30:02]   [emp_id: 2541] ✓ Updated: 28.47 → 28.55 (CHANGED)
[2025-12-28 00:30:02]   [emp_id: 2550] ✓ Updated: 94.63 → 94.71 (CHANGED)
[2025-12-28 00:30:02]   [emp_id: 2553] ✓ Updated: 31.74 → 31.82 (CHANGED)
[2025-12-28 00:30:02]   [emp_id: 2554] ✓ Updated: 38.22 → 38.3 (CHANGED)
[2025-12-28 00:30:02]   [emp_id: 2565] ✓ Updated: 92.8 → 92.88 (CHANGED)
[2025-12-28 00:30:02]   [emp_id: 2572] ✓ Updated: 42.8 → 42.88 (CHANGED)
[2025-12-28 00:30:02]   [emp_id: 2637] ✓ Updated: 63.38 → 63.46 (CHANGED)
[2025-12-28 00:30:02]   [emp_id: 2642] ✓ Updated: 76.13 → 76.21 (CHANGED)
[2025-12-28 00:30:02]   [emp_id: 2645] ✓ Updated: 92.13 → 92.21 (CHANGED)
[2025-12-28 00:30:02]   [emp_id: 2648] ✓ Updated: 43.8 → 43.88 (CHANGED)
[2025-12-28 00:30:02]   [emp_id: 2654] ✓ Updated: 86.47 → 86.55 (CHANGED)
[2025-12-28 00:30:02]   [emp_id: 2688] ✓ Updated: 24.55 → 24.63 (CHANGED)
[2025-12-28 00:30:02]   [emp_id: 2690] ✓ Updated: 13.3 → 13.38 (CHANGED)
[2025-12-28 00:30:02]   [emp_id: 2709] ✓ Updated: 35.55 → 35.63 (CHANGED)
[2025-12-28 00:30:02]   [emp_id: 2745] ✓ Updated: 32.13 → 32.21 (CHANGED)
[2025-12-28 00:30:02]   [emp_id: 2843] ✓ Updated: 78.72 → 78.8 (CHANGED)
[2025-12-28 00:30:02]   [emp_id: 2854] ✓ Updated: 58.63 → 58.71 (CHANGED)
[2025-12-28 00:30:02]   [emp_id: 2869] ✓ Updated: 63.55 → 63.63 (CHANGED)
[2025-12-28 00:30:02]   [emp_id: 2876] ✓ Updated: 33.38 → 33.46 (CHANGED)
[2025-12-28 00:30:02]   [emp_id: 2924] ✓ Updated: 14.55 → 14.63 (CHANGED)
[2025-12-28 00:30:02]   [emp_id: 2953] ✓ Updated: 100.3 → 100.38 (CHANGED)
[2025-12-28 00:30:02]   [emp_id: 2961] ✓ Updated: 10.3 → 10.38 (CHANGED)
[2025-12-28 00:30:02]   [emp_id: 2975] ✓ Updated: 3.4 → 3.48 (CHANGED)
[2025-12-28 00:30:02]   [emp_id: 3013] ✓ Updated: 9.3 → 9.38 (CHANGED)
[2025-12-28 00:30:02]   [emp_id: 3014] ✓ Updated: 88.55 → 88.63 (CHANGED)
[2025-12-28 00:30:02]   [emp_id: 3015] ✓ Updated: 39.8 → 39.88 (CHANGED)
[2025-12-28 00:30:02]   [emp_id: 3018] ✓ Updated: 58.55 → 58.63 (CHANGED)
[2025-12-28 00:30:02]   [emp_id: 3025] ✓ Updated: 22.32 → 22.4 (CHANGED)
[2025-12-28 00:30:02]   [emp_id: 3037] ✓ Updated: 82.05 → 82.13 (CHANGED)
[2025-12-28 00:30:02]   [emp_id: 3047] ✓ Updated: 70.3 → 70.38 (CHANGED)
[2025-12-28 00:30:02]   [emp_id: 3061] ✓ Updated: 17.22 → 17.3 (CHANGED)
[2025-12-28 00:30:02]   [emp_id: 3062] ✓ Updated: 50.38 → 50.46 (CHANGED)
[2025-12-28 00:30:02]   [emp_id: 3074] ✓ Updated: 106.8 → 106.88 (CHANGED)
[2025-12-28 00:30:02]   [emp_id: 3089] ✓ Updated: 5.72 → 5.8 (CHANGED)
[2025-12-28 00:30:02]   [emp_id: 3090] ✓ Updated: 32.3 → 32.38 (CHANGED)
[2025-12-28 00:30:02]   [emp_id: 3091] ✓ Updated: 44.3 → 44.38 (CHANGED)
[2025-12-28 00:30:02]   [emp_id: 3092] ✓ Updated: 26.97 → 27.05 (CHANGED)
[2025-12-28 00:30:02]   [emp_id: 3105] ✓ Updated: 47.3 → 47.38 (CHANGED)
[2025-12-28 00:30:02]   [emp_id: 3134] ✓ Updated: 43.05 → 43.13 (CHANGED)
[2025-12-28 00:30:02]   [emp_id: 3140] ✓ Updated: 40.13 → 40.21 (CHANGED)
[2025-12-28 00:30:02]   [emp_id: 3144] ✓ Updated: 12.97 → 13.05 (CHANGED)
[2025-12-28 00:30:02]   [emp_id: 3156] ✓ Updated: 16.3 → 16.38 (CHANGED)
[2025-12-28 00:30:02]   [emp_id: 3162] ✓ Updated: 1.28 → 1.36 (CHANGED)
[2025-12-28 00:30:02]   [emp_id: 3163] ✓ Updated: 4.55 → 4.63 (CHANGED)
[2025-12-28 00:30:02]   [emp_id: 3198] ✓ Updated: 39.55 → 39.63 (CHANGED)
[2025-12-28 00:30:02]   [emp_id: 3205] ✓ Updated: 16.22 → 16.3 (CHANGED)
[2025-12-28 00:30:02]   [emp_id: 3209] ✓ Updated: 40.38 → 40.46 (CHANGED)
[2025-12-28 00:30:02]   [emp_id: 3223] ✓ Updated: 89.3 → 89.38 (CHANGED)
[2025-12-28 00:30:02]   [emp_id: 3224] ✓ Updated: 64.05 → 64.13 (CHANGED)
[2025-12-28 00:30:02]   [emp_id: 3230] ✓ Updated: 87.47 → 87.55 (CHANGED)
[2025-12-28 00:30:02]   [emp_id: 3231] ✓ Updated: 21.72 → 21.8 (CHANGED)
[2025-12-28 00:30:02]   [emp_id: 3233] ✓ Updated: 80.3 → 80.38 (CHANGED)
[2025-12-28 00:30:02]   [emp_id: 3249] ✓ Updated: 36.13 → 36.21 (CHANGED)
[2025-12-28 00:30:02]   [emp_id: 3250] ✓ Updated: 9.13 → 9.21 (CHANGED)
[2025-12-28 00:30:02]   [emp_id: 3252] ✓ Updated: 10.05 → 10.13 (CHANGED)
[2025-12-28 00:30:02]   [emp_id: 3254] ✓ Updated: 20.55 → 20.63 (CHANGED)
[2025-12-28 00:30:02]   [emp_id: 3255] ✓ Updated: 16.97 → 17.05 (CHANGED)
[2025-12-28 00:30:02]   [emp_id: 3256] ✓ Updated: 13.22 → 13.3 (CHANGED)
[2025-12-28 00:30:02]   [emp_id: 3263] ✓ Updated: 29.3 → 29.38 (CHANGED)
[2025-12-28 00:30:02]   [emp_id: 3265] ✓ Updated: 24.88 → 24.96 (CHANGED)
[2025-12-28 00:30:02]   [emp_id: 3280] ✓ Updated: 71.8 → 71.88 (CHANGED)
[2025-12-28 00:30:02]   [emp_id: 3286] ✓ Updated: 14.97 → 15.05 (CHANGED)
[2025-12-28 00:30:02]   [emp_id: 3294] ✓ Updated: 14.63 → 14.71 (CHANGED)
[2025-12-28 00:30:02]   [emp_id: 3321] ✓ Updated: 71.8 → 71.88 (CHANGED)
[2025-12-28 00:30:02]   [emp_id: 3325] ✓ Updated: 59.55 → 59.63 (CHANGED)
[2025-12-28 00:30:02]   [emp_id: 3329] ✓ Updated: 61.88 → 61.96 (CHANGED)
[2025-12-28 00:30:02]   [emp_id: 3330] ✓ Updated: 61.88 → 61.96 (CHANGED)
[2025-12-28 00:30:02]   [emp_id: 3332] ✓ Updated: 61.88 → 61.96 (CHANGED)
[2025-12-28 00:30:02]   [emp_id: 3370] ✓ Updated: 53.55 → 53.63 (CHANGED)
[2025-12-28 00:30:02]   [emp_id: 3384] ✓ Updated: 14.05 → 14.13 (CHANGED)
[2025-12-28 00:30:02]   [emp_id: 3386] ✓ Updated: 44.05 → 44.13 (CHANGED)
[2025-12-28 00:30:02]   [emp_id: 3431] ✓ Updated: 18.47 → 18.55 (CHANGED)
[2025-12-28 00:30:02]   [emp_id: 3497] ✓ Updated: 8.63 → 8.71 (CHANGED)
[2025-12-28 00:30:02]   [emp_id: 3532] ✓ Updated: 45.47 → 45.55 (CHANGED)
[2025-12-28 00:30:02]   [emp_id: 3586] ✓ Updated: 9.55 → 9.63 (CHANGED)
[2025-12-28 00:30:02]   [emp_id: 3602] ✓ Updated: 1.04 → 1.12 (CHANGED)
[2025-12-28 00:30:02]   [emp_id: 3618] ✓ Updated: 23.02 → 23.1 (CHANGED)
[2025-12-28 00:30:02]   [emp_id: 3622] ✓ Updated: 34.15 → 34.2 (CHANGED)
[2025-12-28 00:30:02]   [emp_id: 3627] ✓ Updated: 8.97 → 9.05 (CHANGED)
[2025-12-28 00:30:02]   [emp_id: 3665] ✓ Updated: 50.55 → 50.63 (CHANGED)
[2025-12-28 00:30:02]   [emp_id: 3705] ✓ Updated: 27.48 → 27.53 (CHANGED)
[2025-12-28 00:30:02]   [emp_id: 3724] ✓ Updated: 43.55 → 43.63 (CHANGED)
[2025-12-28 00:30:02]   [emp_id: 3726] ✓ Updated: 59.97 → 60.05 (CHANGED)
[2025-12-28 00:30:02]   [emp_id: 3727] ✓ Updated: 65.05 → 65.13 (CHANGED)
[2025-12-28 00:30:02]   [emp_id: 3728] ✓ Updated: 9.38 → 9.46 (CHANGED)
[2025-12-28 00:30:02]   [emp_id: 3742] ✓ Updated: 32.55 → 32.63 (CHANGED)
[2025-12-28 00:30:02]   [emp_id: 3767] ✓ Updated: 60.13 → 60.21 (CHANGED)
[2025-12-28 00:30:02]   [emp_id: 3768] ✓ Updated: 56.38 → 56.46 (CHANGED)
[2025-12-28 00:30:02]   [emp_id: 3787] ✓ Updated: 56.97 → 57.05 (CHANGED)
[2025-12-28 00:30:02]   [emp_id: 3790] ✓ Updated: 1.52 → 1.6 (CHANGED)
[2025-12-28 00:30:02]   [emp_id: 3795] ✓ Updated: 14.47 → 14.55 (CHANGED)
[2025-12-28 00:30:02]   [emp_id: 3798] ✓ Updated: 92.88 → 92.96 (CHANGED)
[2025-12-28 00:30:02]   [emp_id: 3801] ✓ Updated: 1.15 → 1.23 (CHANGED)
[2025-12-28 00:30:02]   [emp_id: 3802] ✓ Updated: 30.13 → 30.21 (CHANGED)
[2025-12-28 00:30:02]   [emp_id: 3803] ✓ Updated: 114.55 → 114.63 (CHANGED)
[2025-12-28 00:30:02]   [emp_id: 3810] ✓ Updated: 60.55 → 60.63 (CHANGED)
[2025-12-28 00:30:02]   [emp_id: 3812] ✓ Updated: 89.55 → 89.63 (CHANGED)
[2025-12-28 00:30:02]   [emp_id: 3815] ✓ Updated: 89.55 → 89.63 (CHANGED)
[2025-12-28 00:30:02]   [emp_id: 3836] ✓ Updated: 57.22 → 57.3 (CHANGED)
[2025-12-28 00:30:02]   [emp_id: 3855] ✓ Updated: 50.38 → 50.46 (CHANGED)
[2025-12-28 00:30:02]   [emp_id: 3857] ✓ Updated: 54.05 → 54.13 (CHANGED)
[2025-12-28 00:30:02]   [emp_id: 3862] ✓ Updated: 102.13 → 102.21 (CHANGED)
[2025-12-28 00:30:02]   [emp_id: 3866] ✓ Updated: 27.38 → 27.46 (CHANGED)
[2025-12-28 00:30:02]   [emp_id: 3876] ✓ Updated: 47.55 → 47.63 (CHANGED)
[2025-12-28 00:30:02]   [emp_id: 3877] ✓ Updated: 49.05 → 49.13 (CHANGED)
[2025-12-28 00:30:02]   [emp_id: 3897] ✓ Updated: 37.3 → 37.38 (CHANGED)
[2025-12-28 00:30:02]   [emp_id: 3899] ✓ Updated: 0.48 → 0.56 (CHANGED)
[2025-12-28 00:30:02]   [emp_id: 3928] ✓ Updated: 13.38 → 13.46 (CHANGED)
[2025-12-28 00:30:02]   [emp_id: 3929] ✓ Updated: 8.38 → 8.46 (CHANGED)
[2025-12-28 00:30:02]   [emp_id: 3935] ✓ Updated: 93.38 → 93.46 (CHANGED)
[2025-12-28 00:30:02]   [emp_id: 3952] ✓ Updated: 75.72 → 75.8 (CHANGED)
[2025-12-28 00:30:02]   [emp_id: 3987] ✓ Updated: 13.63 → 13.71 (CHANGED)
[2025-12-28 00:30:02]   [emp_id: 4059] ✓ Updated: 2.83 → 2.91 (CHANGED)
[2025-12-28 00:30:02]   [emp_id: 4119] ✓ Updated: 56.3 → 56.38 (CHANGED)
[2025-12-28 00:30:02]   [emp_id: 4120] ✓ Updated: 25.88 → 25.96 (CHANGED)
[2025-12-28 00:30:02]   [emp_id: 4124] ✓ Updated: 26.4 → 26.48 (CHANGED)
[2025-12-28 00:30:02]   [emp_id: 4133] ✓ Updated: 104.88 → 104.96 (CHANGED)
[2025-12-28 00:30:02]   [emp_id: 4134] ✓ Updated: 25.88 → 25.96 (CHANGED)
[2025-12-28 00:30:02]   [emp_id: 4136] ✓ Updated: 25.88 → 25.96 (CHANGED)
[2025-12-28 00:30:02]   [emp_id: 4150] ✓ Updated: 24.55 → 24.63 (CHANGED)
[2025-12-28 00:30:02]   [emp_id: 4157] ✓ Updated: 18.05 → 18.13 (CHANGED)
[2025-12-28 00:30:02]   [emp_id: 4172] ✓ Updated: 12.06 → 12.11 (CHANGED)
[2025-12-28 00:30:02]   [emp_id: 4195] ✓ Updated: 61.63 → 61.71 (CHANGED)
[2025-12-28 00:30:02]   [emp_id: 4215] ✓ Updated: 44.3 → 44.38 (CHANGED)
[2025-12-28 00:30:03]   [emp_id: 4220] ✓ Updated: 39.88 → 39.96 (CHANGED)
[2025-12-28 00:30:03]   [emp_id: 4273] ✓ Updated: 8.55 → 8.63 (CHANGED)
[2025-12-28 00:30:03]   [emp_id: 4283] ✓ Updated: 13.15 → 13.2 (CHANGED)
[2025-12-28 00:30:03]   [emp_id: 4288] ✓ Updated: 0.8 → 0.88 (CHANGED)
[2025-12-28 00:30:03]   [emp_id: 4315] ✓ Updated: 14.8 → 14.88 (CHANGED)
[2025-12-28 00:30:03]   [emp_id: 4328] ✓ Updated: 41.98 → 42.03 (CHANGED)
[2025-12-28 00:30:03]   [emp_id: 4329] ✓ Updated: 4.97 → 5.05 (CHANGED)
[2025-12-28 00:30:03]   [emp_id: 4338] ✓ Updated: 46.55 → 46.63 (CHANGED)
[2025-12-28 00:30:03]   [emp_id: 4340] ✓ Updated: 125.55 → 125.63 (CHANGED)
[2025-12-28 00:30:03]   [emp_id: 4365] ✓ Updated: 59.97 → 60.05 (CHANGED)
[2025-12-28 00:30:03]   [emp_id: 4366] ✓ Updated: 59.05 → 59.13 (CHANGED)
[2025-12-28 00:30:03]   [emp_id: 4403] ✓ Updated: 84.88 → 84.96 (CHANGED)
[2025-12-28 00:30:03]   [emp_id: 4438] ✓ Updated: 20.55 → 20.63 (CHANGED)
[2025-12-28 00:30:03]   [emp_id: 4465] ✓ Updated: 12.31 → 12.36 (CHANGED)
[2025-12-28 00:30:03]   [emp_id: 4473] ✓ Updated: 44.13 → 44.21 (CHANGED)
[2025-12-28 00:30:03]   [emp_id: 4474] ✓ Updated: 59.06 → 59.11 (CHANGED)
[2025-12-28 00:30:03]   [emp_id: 4493] ✓ Updated: 162.97 → 163.05 (CHANGED)
[2025-12-28 00:30:03]   [emp_id: 4526] ✓ Updated: 35.22 → 35.3 (CHANGED)
[2025-12-28 00:30:03]   [emp_id: 4528] ✓ Updated: 106.97 → 107.05 (CHANGED)
[2025-12-28 00:30:03]   [emp_id: 4528] ✓ Updated: 106.97 → 107.05 (CHANGED)
[2025-12-28 00:30:03]   [emp_id: 4532] ✓ Updated: 7.43 → 7.48 (CHANGED)
[2025-12-28 00:30:03]   [emp_id: 4533] ✓ Updated: 35.38 → 35.46 (CHANGED)
[2025-12-28 00:30:03]   [emp_id: 4564] ✓ Updated: 25.06 → 25.11 (CHANGED)
[2025-12-28 00:30:03]   [emp_id: 4565] ✓ Updated: 14.81 → 14.86 (CHANGED)
[2025-12-28 00:30:03]   [emp_id: 4567] ✓ Updated: 19.06 → 19.11 (CHANGED)
[2025-12-28 00:30:03]   [emp_id: 4572] ✓ Updated: 58.56 → 58.61 (CHANGED)
[2025-12-28 00:30:03]   [emp_id: 4631] ✓ Updated: 14.81 → 14.86 (CHANGED)
[2025-12-28 00:30:03]   [emp_id: 4655] ✓ Updated: 24.3 → 24.38 (CHANGED)
[2025-12-28 00:30:03]   [emp_id: 4689] ✓ Updated: 2.07 → 2.15 (CHANGED)
[2025-12-28 00:30:03]   [emp_id: 4709] ✓ Updated: 39.55 → 39.63 (CHANGED)
[2025-12-28 00:30:03]   [emp_id: 4717] ✓ Updated: 65.55 → 65.63 (CHANGED)
[2025-12-28 00:30:03]   [emp_id: 4736] ✓ Updated: 27.38 → 27.46 (CHANGED)
[2025-12-28 00:30:03]   [emp_id: 4756] ✓ Updated: 11.25 → 11.3 (CHANGED)
[2025-12-28 00:30:03]   [emp_id: 4768] ✓ Updated: 12.05 → 12.13 (CHANGED)
[2025-12-28 00:30:03]   [emp_id: 4780] ✓ Updated: 64.98 → 65.03 (CHANGED)
[2025-12-28 00:30:03]   [emp_id: 4820] ✓ Updated: 98.38 → 98.46 (CHANGED)
[2025-12-28 00:30:03]   [emp_id: 4825] ✓ Updated: 30.13 → 30.21 (CHANGED)
[2025-12-28 00:30:03]   [emp_id: 4835] ✓ Updated: 47.73 → 47.78 (CHANGED)
[2025-12-28 00:30:03]   [emp_id: 4837] ✓ Updated: 44.97 → 45.02 (CHANGED)
[2025-12-28 00:30:03]   [emp_id: 4838] ✓ Updated: 43.99 → 44.04 (CHANGED)
[2025-12-28 00:30:03]   [emp_id: 4840] ✓ Updated: 44.97 → 45.02 (CHANGED)
[2025-12-28 00:30:03]   [emp_id: 4842] ✓ Updated: 44.21 → 44.26 (CHANGED)
[2025-12-28 00:30:03]   [emp_id: 4843] ✓ Updated: 44.74 → 44.79 (CHANGED)
[2025-12-28 00:30:03]   [emp_id: 4853] ✓ Updated: 88.56 → 88.61 (CHANGED)
[2025-12-28 00:30:03]   [emp_id: 4856] ✓ Updated: 41.88 → 41.93 (CHANGED)
[2025-12-28 00:30:03]   [emp_id: 4857] ✓ Updated: 24.7 → 24.75 (CHANGED)
[2025-12-28 00:30:03]   [emp_id: 4858] ✓ Updated: 21.58 → 21.63 (CHANGED)
[2025-12-28 00:30:03]   [emp_id: 4859] ✓ Updated: 43.05 → 43.1 (CHANGED)
[2025-12-28 00:30:03]   [emp_id: 4860] ✓ Updated: 7.55 → 7.6 (CHANGED)
[2025-12-28 00:30:03]   [emp_id: 4861] ✓ Updated: 41.01 → 41.06 (CHANGED)
[2025-12-28 00:30:03]   [emp_id: 4869] ✓ Updated: 83.89 → 83.94 (CHANGED)
[2025-12-28 00:30:03]   [emp_id: 4894] ✓ Updated: 7.05 → 7.13 (CHANGED)
[2025-12-28 00:30:03]   [emp_id: 4897] ✓ Updated: 22.79 → 22.84 (CHANGED)
[2025-12-28 00:30:03]   [emp_id: 4899] ✓ Updated: 18.96 → 19.01 (CHANGED)
[2025-12-28 00:30:03]   [emp_id: 4902] ✓ Updated: 18.38 → 18.43 (CHANGED)
[2025-12-28 00:30:03]   [emp_id: 4903] ✓ Updated: 20.6 → 20.65 (CHANGED)
[2025-12-28 00:30:03]   [emp_id: 4905] ✓ Updated: 19.26 → 19.31 (CHANGED)
[2025-12-28 00:30:03]   [emp_id: 4907] ✓ Updated: 47.13 → 47.21 (CHANGED)
[2025-12-28 00:30:03]   [emp_id: 4917] ✓ Updated: 16.22 → 16.27 (CHANGED)
[2025-12-28 00:30:03]   [emp_id: 4918] ✓ Updated: 5.99 → 6.04 (CHANGED)
[2025-12-28 00:30:03]   [emp_id: 4919] ✓ Updated: 58.28 → 58.33 (CHANGED)
[2025-12-28 00:30:03]   [emp_id: 4920] ✓ Updated: 5.36 → 5.41 (CHANGED)
[2025-12-28 00:30:03]   [emp_id: 4921] ✓ Updated: 17.45 → 17.5 (CHANGED)
[2025-12-28 00:30:03]   [emp_id: 4927] ✓ Updated: 16.28 → 16.33 (CHANGED)
[2025-12-28 00:30:03]   [emp_id: 4929] ✓ Updated: 17.8 → 17.85 (CHANGED)
[2025-12-28 00:30:03]   [emp_id: 4930] ✓ Updated: 58.57 → 58.62 (CHANGED)
[2025-12-28 00:30:03]   [emp_id: 4932] ✓ Updated: 16.57 → 16.62 (CHANGED)
[2025-12-28 00:30:03]   [emp_id: 4933] ✓ Updated: 19.98 → 20.03 (CHANGED)
[2025-12-28 00:30:03]   [emp_id: 4949] ✓ Updated: 35.41 → 35.46 (CHANGED)
[2025-12-28 00:30:03]   [emp_id: 4956] ✓ Updated: 29 → 29.05 (CHANGED)
[2025-12-28 00:30:03]   [emp_id: 4957] ✓ Updated: 29.67 → 29.72 (CHANGED)
[2025-12-28 00:30:03]   [emp_id: 4962] ✓ Updated: 46.49 → 46.57 (CHANGED)
[2025-12-28 00:30:03]   [emp_id: 4969] ✓ Updated: 45.8 → 45.88 (CHANGED)
[2025-12-28 00:30:03]   [emp_id: 4976] ✓ Updated: 9.69 → 9.74 (CHANGED)
[2025-12-28 00:30:03]   [emp_id: 4984] ✓ Updated: 37.05 → 37.13 (CHANGED)
[2025-12-28 00:30:03]   [emp_id: 4995] ✓ Updated: 49.12 → 49.2 (CHANGED)
[2025-12-28 00:30:03]   [emp_id: 5004] ✓ Updated: 26.63 → 26.68 (CHANGED)
[2025-12-28 00:30:03]   [emp_id: 5006] ✓ Updated: 26.37 → 26.42 (CHANGED)
[2025-12-28 00:30:03]   [emp_id: 5011] ✓ Updated: 12.72 → 12.8 (CHANGED)
[2025-12-28 00:30:03]   [emp_id: 5013] ✓ Updated: 66.74 → 66.79 (CHANGED)
[2025-12-28 00:30:03]   [emp_id: 5018] ✓ Updated: 3.23 → 3.28 (CHANGED)
[2025-12-28 00:30:03]   [emp_id: 5021] ✓ Updated: 60.15 → 60.23 (CHANGED)
[2025-12-28 00:30:03]   [emp_id: 5024] ✓ Updated: 1.25 → 1.3 (CHANGED)
[2025-12-28 00:30:03]   [emp_id: 5030] ✓ Updated: 31.2 → 31.25 (CHANGED)
[2025-12-28 00:30:03]   [emp_id: 5033] ✓ Updated: 22 → 22.05 (CHANGED)
[2025-12-28 00:30:03]   [emp_id: 5043] ✓ Updated: 29.72 → 29.8 (CHANGED)
[2025-12-28 00:30:03]   [emp_id: 5045] ✓ Updated: 26.22 → 26.3 (CHANGED)
[2025-12-28 00:30:03]   [emp_id: 5046] ✓ Updated: 21.41 → 21.49 (CHANGED)
[2025-12-28 00:30:03]   [emp_id: 5049] ✓ Updated: 38.68 → 38.73 (CHANGED)
[2025-12-28 00:30:03]   [emp_id: 5052] ✓ Updated: 29.96 → 30.01 (CHANGED)
[2025-12-28 00:30:03]   [emp_id: 5055] ✓ Updated: 18.4 → 18.45 (CHANGED)
[2025-12-28 00:30:03]   [emp_id: 5058] ✓ Updated: 27.38 → 27.43 (CHANGED)
[2025-12-28 00:30:03]   [emp_id: 5062] ✓ Updated: 39.21 → 39.26 (CHANGED)
[2025-12-28 00:30:03]   [emp_id: 5064] ✓ Updated: 117.05 → 117.13 (CHANGED)
[2025-12-28 00:30:03]   [emp_id: 5065] ✓ Updated: 38.62 → 38.67 (CHANGED)
[2025-12-28 00:30:03]   [emp_id: 5071] ✓ Updated: 22.55 → 22.63 (CHANGED)
[2025-12-28 00:30:03]   [emp_id: 5073] ✓ Updated: 13.22 → 13.27 (CHANGED)
[2025-12-28 00:30:03]   [emp_id: 5079] ✓ Updated: 33.78 → 33.83 (CHANGED)
[2025-12-28 00:30:03]   [emp_id: 5080] ✓ Updated: 29.11 → 29.16 (CHANGED)
[2025-12-28 00:30:03]   [emp_id: 5081] ✓ Updated: 15.37 → 15.42 (CHANGED)
[2025-12-28 00:30:03]   [emp_id: 5087] ✓ Updated: 35.41 → 35.46 (CHANGED)
[2025-12-28 00:30:03]   [emp_id: 5091] ✓ Updated: 75.26 → 75.31 (CHANGED)
[2025-12-28 00:30:03]   [emp_id: 5093] ✓ Updated: 13.72 → 13.8 (CHANGED)
[2025-12-28 00:30:03]   [emp_id: 5095] ✓ Updated: 0.8 → 0.85 (CHANGED)
[2025-12-28 00:30:03]   [emp_id: 5101] ✓ Updated: 15.8 → 15.88 (CHANGED)
[2025-12-28 00:30:03]   [emp_id: 5107] ✓ Updated: 14.13 → 14.21 (CHANGED)
[2025-12-28 00:30:03]   [emp_id: 5109] ✓ Updated: 11.38 → 11.46 (CHANGED)
[2025-12-28 00:30:03]   [emp_id: 5119] ✓ Updated: 9.55 → 9.63 (CHANGED)
[2025-12-28 00:30:03]   [emp_id: 5122] ✓ Updated: 6.72 → 6.8 (CHANGED)
[2025-12-28 00:30:03]   [emp_id: 5126] ✓ Updated: 26.14 → 26.19 (CHANGED)
[2025-12-28 00:30:03]   [emp_id: 5127] ✓ Updated: 22.93 → 22.98 (CHANGED)
[2025-12-28 00:30:03]   [emp_id: 5128] ✓ Updated: 26.08 → 26.13 (CHANGED)
[2025-12-28 00:30:03]   [emp_id: 5138] ✓ Updated: 65.38 → 65.46 (CHANGED)
[2025-12-28 00:30:03]   [emp_id: 5138] ✓ Updated: 65.38 → 65.46 (CHANGED)
[2025-12-28 00:30:03]   [emp_id: 5141] ✓ Updated: 34.45 → 34.5 (CHANGED)
[2025-12-28 00:30:03]   [emp_id: 5142] ✓ Updated: 13.45 → 13.5 (CHANGED)
[2025-12-28 00:30:03]   [emp_id: 5146] ✓ Updated: 20.45 → 20.5 (CHANGED)
[2025-12-28 00:30:03]   [emp_id: 5147] ✓ Updated: 19.45 → 19.5 (CHANGED)
[2025-12-28 00:30:03]   [emp_id: 5148] ✓ Updated: 24.8 → 24.85 (CHANGED)
[2025-12-28 00:30:03]   [emp_id: 5149] ✓ Updated: 23.69 → 23.74 (CHANGED)
[2025-12-28 00:30:03]   [emp_id: 5150] ✓ Updated: 23.05 → 23.1 (CHANGED)
[2025-12-28 00:30:03]   [emp_id: 5151] ✓ Updated: 22.87 → 22.92 (CHANGED)
[2025-12-28 00:30:03]   [emp_id: 5152] ✓ Updated: 3.29 → 3.34 (CHANGED)
[2025-12-28 00:30:03]   [emp_id: 5157] ✓ Updated: 22.87 → 22.92 (CHANGED)
[2025-12-28 00:30:03]   [emp_id: 5160] ✓ Updated: 22.87 → 22.92 (CHANGED)
[2025-12-28 00:30:03]   [emp_id: 5163] ✓ Updated: 20.66 → 20.71 (CHANGED)
[2025-12-28 00:30:03]   [emp_id: 5165] ✓ Updated: 0.82 → 0.9 (CHANGED)
[2025-12-28 00:30:03]   [emp_id: 5167] ✓ Updated: 29.81 → 29.86 (CHANGED)
[2025-12-28 00:30:03]   [emp_id: 5168] ✓ Updated: 22.35 → 22.4 (CHANGED)
[2025-12-28 00:30:03]   [emp_id: 5173] ✓ Updated: 24.47 → 24.55 (CHANGED)
[2025-12-28 00:30:04]   [emp_id: 5174] ✓ Updated: 22.81 → 22.86 (CHANGED)
[2025-12-28 00:30:04]   [emp_id: 5181] ✓ Updated: 19.2 → 19.25 (CHANGED)
[2025-12-28 00:30:04]   [emp_id: 5186] ✓ Updated: 24.73 → 24.78 (CHANGED)
[2025-12-28 00:30:04]   [emp_id: 5187] ✓ Updated: 35.73 → 35.78 (CHANGED)
[2025-12-28 00:30:04]   [emp_id: 5204] ✓ Updated: 21.97 → 22.05 (CHANGED)
[2025-12-28 00:30:04]   [emp_id: 5205] ✓ Updated: 11.94 → 11.99 (CHANGED)
[2025-12-28 00:30:04]   [emp_id: 5209] ✓ Updated: 14.94 → 14.99 (CHANGED)
[2025-12-28 00:30:04]   [emp_id: 5213] ✓ Updated: 1.35 → 1.4 (CHANGED)
[2025-12-28 00:30:04]   [emp_id: 5214] ✓ Updated: 3.19 → 3.24 (CHANGED)
[2025-12-28 00:30:04]   [emp_id: 5215] ✓ Updated: 9.94 → 9.99 (CHANGED)
[2025-12-28 00:30:04]   [emp_id: 5217] ✓ Updated: 8.94 → 8.99 (CHANGED)
[2025-12-28 00:30:04]   [emp_id: 5219] ✓ Updated: 12.94 → 12.99 (CHANGED)
[2025-12-28 00:30:04]   [emp_id: 5221] ✓ Updated: 4.31 → 4.36 (CHANGED)
[2025-12-28 00:30:04]   [emp_id: 5224] ✓ Updated: 13.94 → 13.99 (CHANGED)
[2025-12-28 00:30:04]   [emp_id: 5225] ✓ Updated: 8.61 → 8.66 (CHANGED)
[2025-12-28 00:30:04]   [emp_id: 5228] ✓ Updated: 8.94 → 8.99 (CHANGED)
[2025-12-28 00:30:04]   [emp_id: 5229] ✓ Updated: 4.94 → 4.99 (CHANGED)
[2025-12-28 00:30:04]   [emp_id: 5230] ✓ Updated: 11.61 → 11.66 (CHANGED)
[2025-12-28 00:30:04]   [emp_id: 5231] ✓ Updated: 5.94 → 5.99 (CHANGED)
[2025-12-28 00:30:04]   [emp_id: 5232] ✓ Updated: 10.94 → 10.99 (CHANGED)
[2025-12-28 00:30:04]   [emp_id: 5233] ✓ Updated: 3.94 → 3.99 (CHANGED)
[2025-12-28 00:30:04]   [emp_id: 5234] ✓ Updated: 3.94 → 3.99 (CHANGED)
[2025-12-28 00:30:04]   [emp_id: 5235] ✓ Updated: 4.61 → 4.66 (CHANGED)
[2025-12-28 00:30:04]   [emp_id: 5237] ✓ Updated: 10.19 → 10.24 (CHANGED)
[2025-12-28 00:30:04]   [emp_id: 5239] ✓ Updated: 6.94 → 6.99 (CHANGED)
[2025-12-28 00:30:04]   [emp_id: 5241] ✓ Updated: 4.94 → 4.99 (CHANGED)
[2025-12-28 00:30:04]   [emp_id: 5242] ✓ Updated: 14.94 → 14.99 (CHANGED)
[2025-12-28 00:30:04]   [emp_id: 5243] ✓ Updated: 1.35 → 1.4 (CHANGED)
[2025-12-28 00:30:04]   [emp_id: 5244] ✓ Updated: 0.65 → 0.7 (CHANGED)
[2025-12-28 00:30:04]   [emp_id: 5246] ✓ Updated: 10.94 → 10.99 (CHANGED)
[2025-12-28 00:30:04]   [emp_id: 5253] ✓ Updated: 23.81 → 23.86 (CHANGED)
[2025-12-28 00:30:04]   [emp_id: 5254] ✓ Updated: 11.79 → 11.84 (CHANGED)
[2025-12-28 00:30:04]   [emp_id: 5257] ✓ Updated: 11.5 → 11.55 (CHANGED)
[2025-12-28 00:30:04]   [emp_id: 5259] ✓ Updated: 48.03 → 48.08 (CHANGED)
[2025-12-28 00:30:04]   [emp_id: 5261] ✓ Updated: 15.57 → 15.65 (CHANGED)
[2025-12-28 00:30:04]   [emp_id: 5264] ✓ Updated: 25.51 → 25.56 (CHANGED)
[2025-12-28 00:30:04]   [emp_id: 5266] ✓ Updated: 20.13 → 20.18 (CHANGED)
[2025-12-28 00:30:04]   [emp_id: 5268] ✓ Updated: 8.7 → 8.75 (CHANGED)
[2025-12-28 00:30:04]   [emp_id: 5271] ✓ Updated: 7.36 → 7.41 (CHANGED)
[2025-12-28 00:30:04]   [emp_id: 5272] ✓ Updated: 8.23 → 8.28 (CHANGED)
[2025-12-28 00:30:04]   [emp_id: 5273] ✓ Updated: 23.3 → 23.35 (CHANGED)
[2025-12-28 00:30:04]   [emp_id: 5275] ✓ Updated: 9.05 → 9.1 (CHANGED)
[2025-12-28 00:30:04]   [emp_id: 5276] ✓ Updated: 23.32 → 23.37 (CHANGED)
[2025-12-28 00:30:04]   [emp_id: 5278] ✓ Updated: 7.71 → 7.76 (CHANGED)
[2025-12-28 00:30:04]   [emp_id: 5280] ✓ Updated: 18.11 → 18.16 (CHANGED)
[2025-12-28 00:30:04]   [emp_id: 5282] ✓ Updated: 11.05 → 11.13 (CHANGED)
[2025-12-28 00:30:04]   [emp_id: 5285] ✓ Updated: 28.11 → 28.16 (CHANGED)
[2025-12-28 00:30:04]   [emp_id: 5286] ✓ Updated: 15.11 → 15.16 (CHANGED)
[2025-12-28 00:30:04]   [emp_id: 5287] ✓ Updated: 49.41 → 49.46 (CHANGED)
[2025-12-28 00:30:04]   [emp_id: 5288] ✓ Updated: 6.68 → 6.73 (CHANGED)
[2025-12-28 00:30:04]   [emp_id: 5289] ✓ Updated: 47.96 → 48.01 (CHANGED)
[2025-12-28 00:30:04]   [emp_id: 5290] ✓ Updated: 46.73 → 46.78 (CHANGED)
[2025-12-28 00:30:04]   [emp_id: 5291] ✓ Updated: 4.73 → 4.78 (CHANGED)
[2025-12-28 00:30:04]   [emp_id: 5292] ✓ Updated: 4.67 → 4.72 (CHANGED)
[2025-12-28 00:30:04]   [emp_id: 5293] ✓ Updated: 37.22 → 37.3 (CHANGED)
[2025-12-28 00:30:04]   [emp_id: 5294] ✓ Updated: 6.97 → 7.05 (CHANGED)
[2025-12-28 00:30:04]   [emp_id: 5295] ✓ Updated: 20.91 → 20.96 (CHANGED)
[2025-12-28 00:30:04]   [emp_id: 5296] ✓ Updated: 33.99 → 34.07 (CHANGED)
[2025-12-28 00:30:04]   [emp_id: 5297] ✓ Updated: 45.33 → 45.38 (CHANGED)
[2025-12-28 00:30:04]   [emp_id: 5298] ✓ Updated: 45.33 → 45.38 (CHANGED)
[2025-12-28 00:30:04]   [emp_id: 5299] ✓ Updated: 45.33 → 45.38 (CHANGED)
[2025-12-28 00:30:04]   [emp_id: 5300] ✓ Updated: 45.33 → 45.38 (CHANGED)
[2025-12-28 00:30:04]   [emp_id: 5301] ✓ Updated: 3.15 → 3.2 (CHANGED)
[2025-12-28 00:30:04]   [emp_id: 5303] ✓ Updated: 3.58 → 3.63 (CHANGED)
[2025-12-28 00:30:04]   [emp_id: 5304] ✓ Updated: 45.33 → 45.38 (CHANGED)
[2025-12-28 00:30:04]   [emp_id: 5305] ✓ Updated: 3.33 → 3.38 (CHANGED)
[2025-12-28 00:30:04]   [emp_id: 5306] ✓ Updated: 45.04 → 45.09 (CHANGED)
[2025-12-28 00:30:04]   [emp_id: 5307] ✓ Updated: 45.04 → 45.09 (CHANGED)
[2025-12-28 00:30:04]   [emp_id: 5312] ✓ Updated: 0.65 → 0.7 (CHANGED)
[2025-12-28 00:30:04]   [emp_id: 5318] ✓ Updated: 25.75 → 25.8 (CHANGED)
[2025-12-28 00:30:04]   [emp_id: 5325] ✓ Updated: 21.71 → 21.76 (CHANGED)
[2025-12-28 00:30:04]   [emp_id: 5327] ✓ Updated: 0.8 → 0.85 (CHANGED)
[2025-12-28 00:30:04]   [emp_id: 5337] ✓ Updated: 34.88 → 34.96 (CHANGED)
[2025-12-28 00:30:04]   [emp_id: 5339] ✓ Updated: 9.9 → 9.95 (CHANGED)
[2025-12-28 00:30:04]   [emp_id: 5343] ✓ Updated: 44.8 → 44.88 (CHANGED)
[2025-12-28 00:30:04]   [emp_id: 5343] ✓ Updated: 44.8 → 44.88 (CHANGED)
[2025-12-28 00:30:04]   [emp_id: 5345] ✓ Updated: 14.63 → 14.71 (CHANGED)
[2025-12-28 00:30:04]   [emp_id: 5346] ✓ Updated: 1.62 → 1.67 (CHANGED)
[2025-12-28 00:30:04]   [emp_id: 5351] ✓ Updated: 16.56 → 16.61 (CHANGED)
[2025-12-28 00:30:04]   [emp_id: 5352] ✓ Updated: 25.05 → 25.13 (CHANGED)
[2025-12-28 00:30:04]   [emp_id: 5370] ✓ Updated: 15.21 → 15.26 (CHANGED)
[2025-12-28 00:30:04]   [emp_id: 5371] ✓ Updated: 0.96 → 1.04 (CHANGED)
[2025-12-28 00:30:04]   [emp_id: 5376] ✓ Updated: 9.81 → 9.86 (CHANGED)
[2025-12-28 00:30:04]   [emp_id: 5378] ✓ Updated: 16.88 → 16.96 (CHANGED)
[2025-12-28 00:30:04]   [emp_id: 5380] ✓ Updated: 16.22 → 16.27 (CHANGED)
[2025-12-28 00:30:04]   [emp_id: 5381] ✓ Updated: 11.32 → 11.4 (CHANGED)
[2025-12-28 00:30:04]   [emp_id: 5383] ✓ Updated: 15.63 → 15.71 (CHANGED)
[2025-12-28 00:30:04]   [emp_id: 5388] ✓ Updated: 27 → 27.05 (CHANGED)
[2025-12-28 00:30:04]   [emp_id: 5396] ✓ Updated: 28.24 → 28.29 (CHANGED)
[2025-12-28 00:30:04]   [emp_id: 5397] ✓ Updated: 19.7 → 19.75 (CHANGED)
[2025-12-28 00:30:04]   [emp_id: 5401] ✓ Updated: 22.81 → 22.86 (CHANGED)
[2025-12-28 00:30:04]   [emp_id: 5402] ✓ Updated: 22.93 → 22.98 (CHANGED)
[2025-12-28 00:30:04]   [emp_id: 5406] ✓ Updated: 21.65 → 21.7 (CHANGED)
[2025-12-28 00:30:04]   [emp_id: 5407] ✓ Updated: 15.4 → 15.48 (CHANGED)
[2025-12-28 00:30:04]   [emp_id: 5409] ✓ Updated: 15.99 → 16.04 (CHANGED)
[2025-12-28 00:30:04]   [emp_id: 5413] ✓ Updated: 27.8 → 27.88 (CHANGED)
[2025-12-28 00:30:04]   [emp_id: 5414] ✓ Updated: 27.47 → 27.55 (CHANGED)
[2025-12-28 00:30:04]   [emp_id: 5415] ✓ Updated: 3.4 → 3.48 (CHANGED)
[2025-12-28 00:30:04]   [emp_id: 5418] ✓ Updated: 15.05 → 15.1 (CHANGED)
[2025-12-28 00:30:04]   [emp_id: 5422] ✓ Updated: 20.13 → 20.21 (CHANGED)
[2025-12-28 00:30:04]   [emp_id: 5423] ✓ Updated: 4.82 → 4.9 (CHANGED)
[2025-12-28 00:30:04]   [emp_id: 5424] ✓ Updated: 13.6 → 13.65 (CHANGED)
[2025-12-28 00:30:04]   [emp_id: 5425] ✓ Updated: 13.6 → 13.65 (CHANGED)
[2025-12-28 00:30:04]   [emp_id: 5426] ✓ Updated: 3.37 → 3.45 (CHANGED)
[2025-12-28 00:30:04]   [emp_id: 5426] ✓ Updated: 3.37 → 3.45 (CHANGED)
[2025-12-28 00:30:04]   [emp_id: 5427] ✓ Updated: 13.71 → 13.76 (CHANGED)
[2025-12-28 00:30:04]   [emp_id: 5428] ✓ Updated: 13.6 → 13.65 (CHANGED)
[2025-12-28 00:30:04]   [emp_id: 5430] ✓ Updated: 17.13 → 17.21 (CHANGED)
[2025-12-28 00:30:04]   [emp_id: 5431] ✓ Updated: 12.72 → 12.77 (CHANGED)
[2025-12-28 00:30:04]   [emp_id: 5434] ✓ Updated: 12.49 → 12.54 (CHANGED)
[2025-12-28 00:30:04]   [emp_id: 5435] ✓ Updated: 12.43 → 12.48 (CHANGED)
[2025-12-28 00:30:04]   [emp_id: 5436] ✓ Updated: 12.43 → 12.48 (CHANGED)
[2025-12-28 00:30:04]   [emp_id: 5438] ✓ Updated: 15.05 → 15.13 (CHANGED)
[2025-12-28 00:30:04]   [emp_id: 5439] ✓ Updated: 24.55 → 24.63 (CHANGED)
[2025-12-28 00:30:04]   [emp_id: 5442] ✓ Updated: 13.55 → 13.63 (CHANGED)
[2025-12-28 00:30:04]   [emp_id: 5443] ✓ Updated: 8.11 → 8.16 (CHANGED)
[2025-12-28 00:30:04]   [emp_id: 5445] ✓ Updated: 6.89 → 6.94 (CHANGED)
[2025-12-28 00:30:04]   [emp_id: 5446] ✓ Updated: 6.89 → 6.94 (CHANGED)
[2025-12-28 00:30:04]   [emp_id: 5447] ✓ Updated: 6.83 → 6.88 (CHANGED)
[2025-12-28 00:30:04]   [emp_id: 5448] ✓ Updated: 6.57 → 6.65 (CHANGED)
[2025-12-28 00:30:04]   [emp_id: 5449] ✓ Updated: 4.91 → 4.96 (CHANGED)
[2025-12-28 00:30:04]   [emp_id: 5450] ✓ Updated: 4.85 → 4.9 (CHANGED)
[2025-12-28 00:30:04]   [emp_id: 5451] ✓ Updated: 4.85 → 4.9 (CHANGED)
[2025-12-28 00:30:04]   [emp_id: 5454] ✓ Updated: 6.63 → 6.71 (CHANGED)
[2025-12-28 00:30:04]   [emp_id: 5455] ✓ Updated: 4.88 → 4.96 (CHANGED)
[2025-12-28 00:30:04]   [emp_id: 5456] ✓ Updated: 5.88 → 5.96 (CHANGED)
[2025-12-28 00:30:04] Report saved to: /home/almutlak/public_html/hr/cron_logs/last_vacation_update_report.json
