[2026-01-06 00:30:02] ========== CRON: Vacation Balance Update Started ==========
[2026-01-06 00:30:02] Database connection established
[2026-01-06 00:30:02] Found 435 active employees with balance records to update
[2026-01-06 00:30:02] (Only employees with status=1 will be processed)
[2026-01-06 00:30:02]   [emp_id: 1061] ✓ Updated: 0.56 → 0.64 (CHANGED)
[2026-01-06 00:30:02]   [emp_id: 1496] ✓ Updated: 16.69 → 16.77 (CHANGED)
[2026-01-06 00:30:02]   [emp_id: 1500] ✓ Updated: 4.37 → 4.45 (CHANGED)
[2026-01-06 00:30:02]   [emp_id: 1574] ✓ Updated: 33.6 → 33.68 (CHANGED)
[2026-01-06 00:30:02]   [emp_id: 1673] ✓ Updated: 45.1 → 45.18 (CHANGED)
[2026-01-06 00:30:02]   [emp_id: 1685] ✓ Updated: 15.02 → 15.1 (CHANGED)
[2026-01-06 00:30:02]   [emp_id: 1764] ✓ Updated: 69.69 → 69.77 (CHANGED)
[2026-01-06 00:30:02]   [emp_id: 1805] ✓ Updated: 64.02 → 64.1 (CHANGED)
[2026-01-06 00:30:02]   [emp_id: 1822] ✓ Updated: 68.77 → 68.85 (CHANGED)
[2026-01-06 00:30:02]   [emp_id: 1837] ✓ Updated: 24.94 → 25.02 (CHANGED)
[2026-01-06 00:30:02]   [emp_id: 1857] ✓ Updated: 20.27 → 20.35 (CHANGED)
[2026-01-06 00:30:02]   [emp_id: 1861] ✓ Updated: 71.1 → 71.18 (CHANGED)
[2026-01-06 00:30:02]   [emp_id: 1872] ✓ Updated: 9.94 → 10.02 (CHANGED)
[2026-01-06 00:30:02]   [emp_id: 1897] ✓ Updated: 5.27 → 5.35 (CHANGED)
[2026-01-06 00:30:02]   [emp_id: 1916] ✓ Updated: 11.57 → 11.65 (CHANGED)
[2026-01-06 00:30:02]   [emp_id: 1928] ✓ Updated: 64.52 → 64.6 (CHANGED)
[2026-01-06 00:30:02]   [emp_id: 1931] ✓ Updated: 84.44 → 84.52 (CHANGED)
[2026-01-06 00:30:02]   [emp_id: 1944] ✓ Updated: 42.6 → 42.68 (CHANGED)
[2026-01-06 00:30:02]   [emp_id: 1996] ✓ Updated: 71.1 → 71.18 (CHANGED)
[2026-01-06 00:30:02]   [emp_id: 1997] ✓ Updated: 36.27 → 36.35 (CHANGED)
[2026-01-06 00:30:02]   [emp_id: 1998] ✓ Updated: 27.71 → 27.79 (CHANGED)
[2026-01-06 00:30:02]   [emp_id: 1999] ✓ Updated: 28.71 → 28.79 (CHANGED)
[2026-01-06 00:30:02]   [emp_id: 2009] ✓ Updated: 35.02 → 35.1 (CHANGED)
[2026-01-06 00:30:02]   [emp_id: 2048] ✓ Updated: 24.85 → 24.93 (CHANGED)
[2026-01-06 00:30:02]   [emp_id: 2057] ✓ Updated: 65.69 → 65.77 (CHANGED)
[2026-01-06 00:30:02]   [emp_id: 2079] ✓ Updated: 48.02 → 48.1 (CHANGED)
[2026-01-06 00:30:02]   [emp_id: 2181] ✓ Updated: 37.02 → 37.1 (CHANGED)
[2026-01-06 00:30:02]   [emp_id: 2190] ✓ Updated: 6.35 → 6.43 (CHANGED)
[2026-01-06 00:30:02]   [emp_id: 2212] ✓ Updated: 24.35 → 24.43 (CHANGED)
[2026-01-06 00:30:02]   [emp_id: 2226] ✓ Updated: 69.1 → 69.18 (CHANGED)
[2026-01-06 00:30:02]   [emp_id: 2238] ✓ Updated: 67.35 → 67.43 (CHANGED)
[2026-01-06 00:30:02]   [emp_id: 2285] ✓ Updated: 36.02 → 36.1 (CHANGED)
[2026-01-06 00:30:02]   [emp_id: 2287] ✓ Updated: 47.69 → 47.77 (CHANGED)
[2026-01-06 00:30:02]   [emp_id: 2288] ✓ Updated: 2.71 → 2.79 (CHANGED)
[2026-01-06 00:30:02]   [emp_id: 2316] ✓ Updated: 16.52 → 16.6 (CHANGED)
[2026-01-06 00:30:02]   [emp_id: 2337] ✓ Updated: 37.6 → 37.68 (CHANGED)
[2026-01-06 00:30:03]   [emp_id: 2352] ✓ Updated: 69.1 → 69.18 (CHANGED)
[2026-01-06 00:30:03]   [emp_id: 2358] ✓ Updated: 5.6 → 5.68 (CHANGED)
[2026-01-06 00:30:03]   [emp_id: 2361] ✓ Updated: 71.27 → 71.35 (CHANGED)
[2026-01-06 00:30:03]   [emp_id: 2363] ✓ Updated: 73.85 → 73.93 (CHANGED)
[2026-01-06 00:30:03]   [emp_id: 2364] ✓ Updated: 73.27 → 73.35 (CHANGED)
[2026-01-06 00:30:03]   [emp_id: 2367] ✓ Updated: 100.94 → 101.02 (CHANGED)
[2026-01-06 00:30:03]   [emp_id: 2368] ✓ Updated: 31.35 → 31.43 (CHANGED)
[2026-01-06 00:30:03]   [emp_id: 2372] ✓ Updated: 68.6 → 68.68 (CHANGED)
[2026-01-06 00:30:03]   [emp_id: 2376] ✓ Updated: 118.6 → 118.68 (CHANGED)
[2026-01-06 00:30:03]   [emp_id: 2423] ✓ Updated: 19.35 → 19.43 (CHANGED)
[2026-01-06 00:30:03]   [emp_id: 2519] ✓ Updated: 113.02 → 113.1 (CHANGED)
[2026-01-06 00:30:03]   [emp_id: 2522] ✓ Updated: 56.6 → 56.68 (CHANGED)
[2026-01-06 00:30:03]   [emp_id: 2530] ✓ Updated: 51.85 → 51.93 (CHANGED)
[2026-01-06 00:30:03]   [emp_id: 2539] ✓ Updated: 48.6 → 48.68 (CHANGED)
[2026-01-06 00:30:03]   [emp_id: 2541] ✓ Updated: 29.19 → 29.27 (CHANGED)
[2026-01-06 00:30:03]   [emp_id: 2550] ✓ Updated: 95.35 → 95.43 (CHANGED)
[2026-01-06 00:30:03]   [emp_id: 2553] ✓ Updated: 32.46 → 32.54 (CHANGED)
[2026-01-06 00:30:03]   [emp_id: 2554] ✓ Updated: 38.94 → 39.02 (CHANGED)
[2026-01-06 00:30:03]   [emp_id: 2565] ✓ Updated: 93.52 → 93.6 (CHANGED)
[2026-01-06 00:30:03]   [emp_id: 2572] ✓ Updated: 43.52 → 43.6 (CHANGED)
[2026-01-06 00:30:03]   [emp_id: 2637] ✓ Updated: 64.1 → 64.18 (CHANGED)
[2026-01-06 00:30:03]   [emp_id: 2642] ✓ Updated: 76.85 → 76.93 (CHANGED)
[2026-01-06 00:30:03]   [emp_id: 2645] ✓ Updated: 92.85 → 92.93 (CHANGED)
[2026-01-06 00:30:03]   [emp_id: 2648] ✓ Updated: 44.52 → 44.6 (CHANGED)
[2026-01-06 00:30:03]   [emp_id: 2654] ✓ Updated: 87.19 → 87.27 (CHANGED)
[2026-01-06 00:30:03]   [emp_id: 2688] ✓ Updated: 25.27 → 25.35 (CHANGED)
[2026-01-06 00:30:03]   [emp_id: 2690] ✓ Updated: 14.02 → 14.1 (CHANGED)
[2026-01-06 00:30:03]   [emp_id: 2709] ✓ Updated: 36.27 → 36.35 (CHANGED)
[2026-01-06 00:30:03]   [emp_id: 2745] ✓ Updated: 32.85 → 32.93 (CHANGED)
[2026-01-06 00:30:03]   [emp_id: 2843] ✓ Updated: 79.44 → 79.52 (CHANGED)
[2026-01-06 00:30:03]   [emp_id: 2854] ✓ Updated: 59.35 → 59.43 (CHANGED)
[2026-01-06 00:30:03]   [emp_id: 2869] ✓ Updated: 3.27 → 3.35 (CHANGED)
[2026-01-06 00:30:03]   [emp_id: 2876] ✓ Updated: 34.1 → 34.18 (CHANGED)
[2026-01-06 00:30:03]   [emp_id: 2924] ✓ Updated: 15.27 → 15.35 (CHANGED)
[2026-01-06 00:30:03]   [emp_id: 2953] ✓ Updated: 101.02 → 101.1 (CHANGED)
[2026-01-06 00:30:03]   [emp_id: 2961] ✓ Updated: 11.02 → 11.1 (CHANGED)
[2026-01-06 00:30:03]   [emp_id: 2975] ✓ Updated: 0.7 → 0.78 (CHANGED)
[2026-01-06 00:30:03]   [emp_id: 3013] ✓ Updated: 10.02 → 10.1 (CHANGED)
[2026-01-06 00:30:03]   [emp_id: 3014] ✓ Updated: 89.27 → 89.35 (CHANGED)
[2026-01-06 00:30:03]   [emp_id: 3015] ✓ Updated: 0.52 → 0.6 (CHANGED)
[2026-01-06 00:30:03]   [emp_id: 3018] ✓ Updated: 59.27 → 59.35 (CHANGED)
[2026-01-06 00:30:03]   [emp_id: 3025] ✓ Updated: 23.04 → 23.12 (CHANGED)
[2026-01-06 00:30:03]   [emp_id: 3037] ✓ Updated: 82.77 → 82.85 (CHANGED)
[2026-01-06 00:30:03]   [emp_id: 3047] ✓ Updated: 71.02 → 71.1 (CHANGED)
[2026-01-06 00:30:03]   [emp_id: 3061] ✓ Updated: 17.94 → 18.02 (CHANGED)
[2026-01-06 00:30:03]   [emp_id: 3062] ✓ Updated: 51.1 → 51.18 (CHANGED)
[2026-01-06 00:30:03]   [emp_id: 3074] ✓ Updated: 107.52 → 107.6 (CHANGED)
[2026-01-06 00:30:03]   [emp_id: 3089] ✓ Updated: 6.44 → 6.52 (CHANGED)
[2026-01-06 00:30:03]   [emp_id: 3090] ✓ Updated: 33.02 → 33.1 (CHANGED)
[2026-01-06 00:30:03]   [emp_id: 3091] ✓ Updated: 45.02 → 45.1 (CHANGED)
[2026-01-06 00:30:03]   [emp_id: 3092] ✓ Updated: 27.69 → 27.77 (CHANGED)
[2026-01-06 00:30:03]   [emp_id: 3105] ✓ Updated: 48.02 → 48.1 (CHANGED)
[2026-01-06 00:30:03]   [emp_id: 3134] ✓ Updated: 43.77 → 43.85 (CHANGED)
[2026-01-06 00:30:03]   [emp_id: 3140] ✓ Updated: 40.85 → 40.93 (CHANGED)
[2026-01-06 00:30:03]   [emp_id: 3144] ✓ Updated: 13.69 → 13.77 (CHANGED)
[2026-01-06 00:30:03]   [emp_id: 3156] ✓ Updated: 17.02 → 17.1 (CHANGED)
[2026-01-06 00:30:03]   [emp_id: 3162] ✓ Updated: 2 → 2.08 (CHANGED)
[2026-01-06 00:30:03]   [emp_id: 3163] ✓ Updated: 5.27 → 5.35 (CHANGED)
[2026-01-06 00:30:03]   [emp_id: 3198] ✓ Updated: 40.27 → 40.35 (CHANGED)
[2026-01-06 00:30:03]   [emp_id: 3205] ✓ Updated: 16.94 → 17.02 (CHANGED)
[2026-01-06 00:30:03]   [emp_id: 3209] ✓ Updated: 41.1 → 41.18 (CHANGED)
[2026-01-06 00:30:03]   [emp_id: 3223] ✓ Updated: 90.02 → 90.1 (CHANGED)
[2026-01-06 00:30:03]   [emp_id: 3224] ✓ Updated: 64.77 → 64.85 (CHANGED)
[2026-01-06 00:30:03]   [emp_id: 3230] ✓ Updated: 88.19 → 88.27 (CHANGED)
[2026-01-06 00:30:03]   [emp_id: 3231] ✓ Updated: 0.56 → 0.64 (CHANGED)
[2026-01-06 00:30:03]   [emp_id: 3233] ✓ Updated: 81.02 → 81.1 (CHANGED)
[2026-01-06 00:30:03]   [emp_id: 3249] ✓ Updated: 36.85 → 36.93 (CHANGED)
[2026-01-06 00:30:03]   [emp_id: 3250] ✓ Updated: 9.85 → 9.93 (CHANGED)
[2026-01-06 00:30:03]   [emp_id: 3252] ✓ Updated: 10.77 → 10.85 (CHANGED)
[2026-01-06 00:30:03]   [emp_id: 3254] ✓ Updated: 21.27 → 21.35 (CHANGED)
[2026-01-06 00:30:03]   [emp_id: 3255] ✓ Updated: 17.69 → 17.77 (CHANGED)
[2026-01-06 00:30:03]   [emp_id: 3256] ✓ Updated: 13.94 → 14.02 (CHANGED)
[2026-01-06 00:30:03]   [emp_id: 3263] ✓ Updated: 30.02 → 30.1 (CHANGED)
[2026-01-06 00:30:03]   [emp_id: 3265] ✓ Updated: 25.6 → 25.68 (CHANGED)
[2026-01-06 00:30:03]   [emp_id: 3280] ✓ Updated: 72.52 → 72.6 (CHANGED)
[2026-01-06 00:30:03]   [emp_id: 3286] ✓ Updated: 15.69 → 15.77 (CHANGED)
[2026-01-06 00:30:03]   [emp_id: 3294] ✓ Updated: 15.35 → 15.43 (CHANGED)
[2026-01-06 00:30:03]   [emp_id: 3321] ✓ Updated: 72.52 → 72.6 (CHANGED)
[2026-01-06 00:30:03]   [emp_id: 3325] ✓ Updated: 60.27 → 60.35 (CHANGED)
[2026-01-06 00:30:03]   [emp_id: 3329] ✓ Updated: 62.6 → 62.68 (CHANGED)
[2026-01-06 00:30:03]   [emp_id: 3330] ✓ Updated: 62.6 → 62.68 (CHANGED)
[2026-01-06 00:30:03]   [emp_id: 3332] ✓ Updated: 62.6 → 62.68 (CHANGED)
[2026-01-06 00:30:03]   [emp_id: 3370] ✓ Updated: 54.27 → 54.35 (CHANGED)
[2026-01-06 00:30:03]   [emp_id: 3384] ✓ Updated: 14.77 → 14.85 (CHANGED)
[2026-01-06 00:30:03]   [emp_id: 3386] ✓ Updated: 44.77 → 44.85 (CHANGED)
[2026-01-06 00:30:03]   [emp_id: 3431] ✓ Updated: 19.19 → 19.27 (CHANGED)
[2026-01-06 00:30:03]   [emp_id: 3497] ✓ Updated: 9.35 → 9.43 (CHANGED)
[2026-01-06 00:30:03]   [emp_id: 3532] ✓ Updated: 46.19 → 46.27 (CHANGED)
[2026-01-06 00:30:03]   [emp_id: 3586] ✓ Updated: 10.27 → 10.35 (CHANGED)
[2026-01-06 00:30:03]   [emp_id: 3602] ✓ Updated: 1.76 → 1.84 (CHANGED)
[2026-01-06 00:30:03]   [emp_id: 3618] ✓ Updated: 23.74 → 23.82 (CHANGED)
[2026-01-06 00:30:03]   [emp_id: 3622] ✓ Updated: 34.65 → 34.71 (CHANGED)
[2026-01-06 00:30:03]   [emp_id: 3627] ✓ Updated: 9.69 → 9.77 (CHANGED)
[2026-01-06 00:30:03]   [emp_id: 3665] ✓ Updated: 51.27 → 51.35 (CHANGED)
[2026-01-06 00:30:03]   [emp_id: 3705] ✓ Updated: 27.98 → 28.04 (CHANGED)
[2026-01-06 00:30:03]   [emp_id: 3724] ✓ Updated: 44.27 → 44.35 (CHANGED)
[2026-01-06 00:30:03]   [emp_id: 3726] ✓ Updated: 60.69 → 60.77 (CHANGED)
[2026-01-06 00:30:03]   [emp_id: 3727] ✓ Updated: 65.77 → 65.85 (CHANGED)
[2026-01-06 00:30:03]   [emp_id: 3728] ✓ Updated: 10.1 → 10.18 (CHANGED)
[2026-01-06 00:30:03]   [emp_id: 3767] ✓ Updated: 0.85 → 0.93 (CHANGED)
[2026-01-06 00:30:03]   [emp_id: 3768] ✓ Updated: 57.1 → 57.18 (CHANGED)
[2026-01-06 00:30:03]   [emp_id: 3787] ✓ Updated: 57.69 → 57.77 (CHANGED)
[2026-01-06 00:30:03]   [emp_id: 3790] ✓ Updated: 2.24 → 2.32 (CHANGED)
[2026-01-06 00:30:03]   [emp_id: 3795] ✓ Updated: 15.19 → 15.27 (CHANGED)
[2026-01-06 00:30:03]   [emp_id: 3798] ✓ Updated: 93.6 → 93.68 (CHANGED)
[2026-01-06 00:30:03]   [emp_id: 3801] ✓ Updated: 1.87 → 1.95 (CHANGED)
[2026-01-06 00:30:03]   [emp_id: 3802] ✓ Updated: 30.85 → 30.93 (CHANGED)
[2026-01-06 00:30:03]   [emp_id: 3803] ✓ Updated: 115.27 → 115.35 (CHANGED)
[2026-01-06 00:30:03]   [emp_id: 3810] ✓ Updated: 121.27 → 121.35 (CHANGED)
[2026-01-06 00:30:03]   [emp_id: 3812] ✓ Updated: 90.27 → 90.35 (CHANGED)
[2026-01-06 00:30:03]   [emp_id: 3815] ✓ Updated: 90.27 → 90.35 (CHANGED)
[2026-01-06 00:30:03]   [emp_id: 3836] ✓ Updated: 57.94 → 58.02 (CHANGED)
[2026-01-06 00:30:03]   [emp_id: 3855] ✓ Updated: 51.1 → 51.18 (CHANGED)
[2026-01-06 00:30:03]   [emp_id: 3857] ✓ Updated: 54.77 → 54.85 (CHANGED)
[2026-01-06 00:30:03]   [emp_id: 3862] ✓ Updated: 102.85 → 102.93 (CHANGED)
[2026-01-06 00:30:03]   [emp_id: 3866] ✓ Updated: 28.1 → 28.18 (CHANGED)
[2026-01-06 00:30:03]   [emp_id: 3876] ✓ Updated: 36.27 → 36.35 (CHANGED)
[2026-01-06 00:30:03]   [emp_id: 3877] ✓ Updated: 49.77 → 49.85 (CHANGED)
[2026-01-06 00:30:03]   [emp_id: 3897] ✓ Updated: 38.02 → 38.1 (CHANGED)
[2026-01-06 00:30:03]   [emp_id: 3899] ✓ Updated: 21.29 → 21.37 (CHANGED)
[2026-01-06 00:30:03]   [emp_id: 3928] ✓ Updated: 14.1 → 14.18 (CHANGED)
[2026-01-06 00:30:03]   [emp_id: 3929] ✓ Updated: 9.1 → 9.18 (CHANGED)
[2026-01-06 00:30:03]   [emp_id: 3935] ✓ Updated: 94.1 → 94.18 (CHANGED)
[2026-01-06 00:30:03]   [emp_id: 3952] ✓ Updated: 75.44 → 75.52 (CHANGED)
[2026-01-06 00:30:03]   [emp_id: 3987] ✓ Updated: 14.35 → 14.43 (CHANGED)
[2026-01-06 00:30:03]   [emp_id: 4059] ✓ Updated: 3.55 → 3.63 (CHANGED)
[2026-01-06 00:30:03]   [emp_id: 4119] ✓ Updated: 57.02 → 57.1 (CHANGED)
[2026-01-06 00:30:04]   [emp_id: 4120] ✓ Updated: 26.6 → 26.68 (CHANGED)
[2026-01-06 00:30:04]   [emp_id: 4124] ✓ Updated: 27.12 → 27.2 (CHANGED)
[2026-01-06 00:30:04]   [emp_id: 4133] ✓ Updated: 105.6 → 105.68 (CHANGED)
[2026-01-06 00:30:04]   [emp_id: 4134] ✓ Updated: 26.6 → 26.68 (CHANGED)
[2026-01-06 00:30:04]   [emp_id: 4136] ✓ Updated: 26.6 → 26.68 (CHANGED)
[2026-01-06 00:30:04]   [emp_id: 4150] ✓ Updated: 25.27 → 25.35 (CHANGED)
[2026-01-06 00:30:04]   [emp_id: 4157] ✓ Updated: 18.77 → 18.85 (CHANGED)
[2026-01-06 00:30:04]   [emp_id: 4172] ✓ Updated: 12.56 → 12.62 (CHANGED)
[2026-01-06 00:30:04]   [emp_id: 4195] ✓ Updated: 62.35 → 62.43 (CHANGED)
[2026-01-06 00:30:04]   [emp_id: 4215] ✓ Updated: 45.02 → 45.1 (CHANGED)
[2026-01-06 00:30:04]   [emp_id: 4220] ✓ Updated: 40.6 → 40.68 (CHANGED)
[2026-01-06 00:30:04]   [emp_id: 4273] ✓ Updated: 9.27 → 9.35 (CHANGED)
[2026-01-06 00:30:04]   [emp_id: 4283] ✓ Updated: 13.65 → 13.71 (CHANGED)
[2026-01-06 00:30:04]   [emp_id: 4288] ✓ Updated: 1.52 → 1.6 (CHANGED)
[2026-01-06 00:30:04]   [emp_id: 4315] ✓ Updated: 12.52 → 12.6 (CHANGED)
[2026-01-06 00:30:04]   [emp_id: 4328] ✓ Updated: 42.48 → 42.54 (CHANGED)
[2026-01-06 00:30:04]   [emp_id: 4329] ✓ Updated: 5.69 → 5.77 (CHANGED)
[2026-01-06 00:30:04]   [emp_id: 4338] ✓ Updated: 47.27 → 47.35 (CHANGED)
[2026-01-06 00:30:04]   [emp_id: 4340] ✓ Updated: 126.27 → 126.35 (CHANGED)
[2026-01-06 00:30:04]   [emp_id: 4365] ✓ Updated: 60.69 → 60.77 (CHANGED)
[2026-01-06 00:30:04]   [emp_id: 4366] ✓ Updated: 59.77 → 59.85 (CHANGED)
[2026-01-06 00:30:04]   [emp_id: 4403] ✓ Updated: 85.6 → 85.68 (CHANGED)
[2026-01-06 00:30:04]   [emp_id: 4438] ✓ Updated: 21.27 → 21.35 (CHANGED)
[2026-01-06 00:30:04]   [emp_id: 4465] ✓ Updated: 12.81 → 12.87 (CHANGED)
[2026-01-06 00:30:04]   [emp_id: 4473] ✓ Updated: 44.85 → 44.93 (CHANGED)
[2026-01-06 00:30:04]   [emp_id: 4474] ✓ Updated: 3.32 → 3.38 (CHANGED)
[2026-01-06 00:30:04]   [emp_id: 4493] ✓ Updated: 163.69 → 163.77 (CHANGED)
[2026-01-06 00:30:04]   [emp_id: 4526] ✓ Updated: 35.94 → 36.02 (CHANGED)
[2026-01-06 00:30:04]   [emp_id: 4528] ✓ Updated: 107.69 → 107.77 (CHANGED)
[2026-01-06 00:30:04]   [emp_id: 4528] ✓ Updated: 107.69 → 107.77 (CHANGED)
[2026-01-06 00:30:04]   [emp_id: 4532] ✓ Updated: 7.93 → 7.99 (CHANGED)
[2026-01-06 00:30:04]   [emp_id: 4533] ✓ Updated: 36.1 → 36.18 (CHANGED)
[2026-01-06 00:30:04]   [emp_id: 4564] ✓ Updated: 25.56 → 25.62 (CHANGED)
[2026-01-06 00:30:04]   [emp_id: 4565] ✓ Updated: 15.31 → 15.37 (CHANGED)
[2026-01-06 00:30:04]   [emp_id: 4567] ✓ Updated: 19.56 → 19.62 (CHANGED)
[2026-01-06 00:30:04]   [emp_id: 4572] ✓ Updated: 59.06 → 59.12 (CHANGED)
[2026-01-06 00:30:04]   [emp_id: 4631] ✓ Updated: 15.31 → 15.37 (CHANGED)
[2026-01-06 00:30:04]   [emp_id: 4655] ✓ Updated: 25.02 → 25.1 (CHANGED)
[2026-01-06 00:30:04]   [emp_id: 4689] ✓ Updated: 2.79 → 2.87 (CHANGED)
[2026-01-06 00:30:04]   [emp_id: 4709] ✓ Updated: 40.27 → 40.35 (CHANGED)
[2026-01-06 00:30:04]   [emp_id: 4717] ✓ Updated: 66.27 → 66.35 (CHANGED)
[2026-01-06 00:30:04]   [emp_id: 4736] ✓ Updated: 28.1 → 28.18 (CHANGED)
[2026-01-06 00:30:04]   [emp_id: 4756] ✓ Updated: 11.75 → 11.81 (CHANGED)
[2026-01-06 00:30:04]   [emp_id: 4768] ✓ Updated: 12.77 → 12.85 (CHANGED)
[2026-01-06 00:30:04]   [emp_id: 4780] ✓ Updated: 65.48 → 65.54 (CHANGED)
[2026-01-06 00:30:04]   [emp_id: 4820] ✓ Updated: 99.1 → 99.18 (CHANGED)
[2026-01-06 00:30:04]   [emp_id: 4825] ✓ Updated: 30.85 → 30.93 (CHANGED)
[2026-01-06 00:30:04]   [emp_id: 4835] ✓ Updated: 48.23 → 48.29 (CHANGED)
[2026-01-06 00:30:04]   [emp_id: 4837] ✓ Updated: 45.47 → 45.53 (CHANGED)
[2026-01-06 00:30:04]   [emp_id: 4838] ✓ Updated: 44.49 → 44.55 (CHANGED)
[2026-01-06 00:30:04]   [emp_id: 4840] ✓ Updated: 45.47 → 45.53 (CHANGED)
[2026-01-06 00:30:04]   [emp_id: 4842] ✓ Updated: 44.71 → 44.77 (CHANGED)
[2026-01-06 00:30:04]   [emp_id: 4843] ✓ Updated: 45.24 → 45.3 (CHANGED)
[2026-01-06 00:30:04]   [emp_id: 4853] ✓ Updated: 89.06 → 89.12 (CHANGED)
[2026-01-06 00:30:04]   [emp_id: 4856] ✓ Updated: 42.38 → 42.44 (CHANGED)
[2026-01-06 00:30:04]   [emp_id: 4857] ✓ Updated: 25.2 → 25.26 (CHANGED)
[2026-01-06 00:30:04]   [emp_id: 4858] ✓ Updated: 22.08 → 22.14 (CHANGED)
[2026-01-06 00:30:04]   [emp_id: 4859] ✓ Updated: 43.55 → 43.61 (CHANGED)
[2026-01-06 00:30:04]   [emp_id: 4860] ✓ Updated: 8.05 → 8.11 (CHANGED)
[2026-01-06 00:30:04]   [emp_id: 4861] ✓ Updated: 41.51 → 41.57 (CHANGED)
[2026-01-06 00:30:04]   [emp_id: 4869] ✓ Updated: 84.39 → 84.45 (CHANGED)
[2026-01-06 00:30:04]   [emp_id: 4894] ✓ Updated: 7.77 → 7.85 (CHANGED)
[2026-01-06 00:30:04]   [emp_id: 4897] ✓ Updated: 23.29 → 23.35 (CHANGED)
[2026-01-06 00:30:04]   [emp_id: 4899] ✓ Updated: 19.46 → 19.52 (CHANGED)
[2026-01-06 00:30:04]   [emp_id: 4902] ✓ Updated: 18.88 → 18.94 (CHANGED)
[2026-01-06 00:30:04]   [emp_id: 4903] ✓ Updated: 21.1 → 21.16 (CHANGED)
[2026-01-06 00:30:04]   [emp_id: 4905] ✓ Updated: 19.76 → 19.82 (CHANGED)
[2026-01-06 00:30:04]   [emp_id: 4907] ✓ Updated: 47.85 → 47.93 (CHANGED)
[2026-01-06 00:30:04]   [emp_id: 4917] ✓ Updated: 16.72 → 16.78 (CHANGED)
[2026-01-06 00:30:04]   [emp_id: 4918] ✓ Updated: 6.49 → 6.55 (CHANGED)
[2026-01-06 00:30:04]   [emp_id: 4919] ✓ Updated: 58.78 → 58.84 (CHANGED)
[2026-01-06 00:30:04]   [emp_id: 4920] ✓ Updated: 5.86 → 5.92 (CHANGED)
[2026-01-06 00:30:04]   [emp_id: 4921] ✓ Updated: 17.95 → 18.01 (CHANGED)
[2026-01-06 00:30:04]   [emp_id: 4927] ✓ Updated: 16.78 → 16.84 (CHANGED)
[2026-01-06 00:30:04]   [emp_id: 4929] ✓ Updated: 18.3 → 18.36 (CHANGED)
[2026-01-06 00:30:04]   [emp_id: 4930] ✓ Updated: 59.07 → 59.13 (CHANGED)
[2026-01-06 00:30:04]   [emp_id: 4932] ✓ Updated: 17.07 → 17.13 (CHANGED)
[2026-01-06 00:30:04]   [emp_id: 4933] ✓ Updated: 20.48 → 20.54 (CHANGED)
[2026-01-06 00:30:04]   [emp_id: 4949] ✓ Updated: 23.91 → 23.97 (CHANGED)
[2026-01-06 00:30:04]   [emp_id: 4956] ✓ Updated: 29.5 → 29.56 (CHANGED)
[2026-01-06 00:30:04]   [emp_id: 4957] ✓ Updated: 25.17 → 25.23 (CHANGED)
[2026-01-06 00:30:04]   [emp_id: 4962] ✓ Updated: 47.21 → 47.29 (CHANGED)
[2026-01-06 00:30:04]   [emp_id: 4969] ✓ Updated: 46.52 → 46.6 (CHANGED)
[2026-01-06 00:30:04]   [emp_id: 4976] ✓ Updated: 10.19 → 10.25 (CHANGED)
[2026-01-06 00:30:04]   [emp_id: 4984] ✓ Updated: 37.77 → 37.85 (CHANGED)
[2026-01-06 00:30:04]   [emp_id: 4995] ✓ Updated: 49.84 → 49.92 (CHANGED)
[2026-01-06 00:30:04]   [emp_id: 5004] ✓ Updated: 27.13 → 27.19 (CHANGED)
[2026-01-06 00:30:04]   [emp_id: 5006] ✓ Updated: 26.87 → 26.93 (CHANGED)
[2026-01-06 00:30:04]   [emp_id: 5011] ✓ Updated: 5.62 → 5.7 (CHANGED)
[2026-01-06 00:30:04]   [emp_id: 5013] ✓ Updated: 67.24 → 67.3 (CHANGED)
[2026-01-06 00:30:04]   [emp_id: 5018] ✓ Updated: 3.73 → 3.79 (CHANGED)
[2026-01-06 00:30:04]   [emp_id: 5021] ✓ Updated: 60.87 → 60.95 (CHANGED)
[2026-01-06 00:30:04]   [emp_id: 5024] ✓ Updated: 1.75 → 1.81 (CHANGED)
[2026-01-06 00:30:04]   [emp_id: 5030] ✓ Updated: 31.7 → 31.76 (CHANGED)
[2026-01-06 00:30:04]   [emp_id: 5033] ✓ Updated: 10.5 → 10.56 (CHANGED)
[2026-01-06 00:30:04]   [emp_id: 5043] ✓ Updated: 30.44 → 30.52 (CHANGED)
[2026-01-06 00:30:04]   [emp_id: 5045] ✓ Updated: 26.94 → 27.02 (CHANGED)
[2026-01-06 00:30:04]   [emp_id: 5046] ✓ Updated: 22.13 → 22.21 (CHANGED)
[2026-01-06 00:30:04]   [emp_id: 5049] ✓ Updated: 39.18 → 39.24 (CHANGED)
[2026-01-06 00:30:04]   [emp_id: 5052] ✓ Updated: 30.46 → 30.52 (CHANGED)
[2026-01-06 00:30:04]   [emp_id: 5055] ✓ Updated: 18.9 → 18.96 (CHANGED)
[2026-01-06 00:30:04]   [emp_id: 5058] ✓ Updated: 27.88 → 27.94 (CHANGED)
[2026-01-06 00:30:04]   [emp_id: 5062] ✓ Updated: 39.71 → 39.77 (CHANGED)
[2026-01-06 00:30:04]   [emp_id: 5064] ✓ Updated: 117.77 → 117.85 (CHANGED)
[2026-01-06 00:30:04]   [emp_id: 5065] ✓ Updated: 39.12 → 39.18 (CHANGED)
[2026-01-06 00:30:04]   [emp_id: 5071] ✓ Updated: 23.27 → 23.35 (CHANGED)
[2026-01-06 00:30:04]   [emp_id: 5073] ✓ Updated: 13.72 → 13.78 (CHANGED)
[2026-01-06 00:30:04]   [emp_id: 5079] ✓ Updated: 34.28 → 34.34 (CHANGED)
[2026-01-06 00:30:04]   [emp_id: 5080] ✓ Updated: 28.61 → 28.67 (CHANGED)
[2026-01-06 00:30:04]   [emp_id: 5081] ✓ Updated: 15.87 → 15.93 (CHANGED)
[2026-01-06 00:30:04]   [emp_id: 5087] ✓ Updated: 35.91 → 35.97 (CHANGED)
[2026-01-06 00:30:04]   [emp_id: 5091] ✓ Updated: 75.76 → 75.82 (CHANGED)
[2026-01-06 00:30:05]   [emp_id: 5093] ✓ Updated: 14.44 → 14.52 (CHANGED)
[2026-01-06 00:30:05]   [emp_id: 5095] ✓ Updated: 1.3 → 1.36 (CHANGED)
[2026-01-06 00:30:05]   [emp_id: 5101] ✓ Updated: 16.52 → 16.6 (CHANGED)
[2026-01-06 00:30:05]   [emp_id: 5107] ✓ Updated: 14.85 → 14.93 (CHANGED)
[2026-01-06 00:30:05]   [emp_id: 5109] ✓ Updated: 12.1 → 12.18 (CHANGED)
[2026-01-06 00:30:05]   [emp_id: 5119] ✓ Updated: 10.27 → 10.35 (CHANGED)
[2026-01-06 00:30:05]   [emp_id: 5122] ✓ Updated: 7.44 → 7.52 (CHANGED)
[2026-01-06 00:30:05]   [emp_id: 5126] ✓ Updated: 26.64 → 26.7 (CHANGED)
[2026-01-06 00:30:05]   [emp_id: 5127] ✓ Updated: 23.43 → 23.49 (CHANGED)
[2026-01-06 00:30:05]   [emp_id: 5128] ✓ Updated: 26.58 → 26.64 (CHANGED)
[2026-01-06 00:30:05]   [emp_id: 5138] ✓ Updated: 50.1 → 50.18 (CHANGED)
[2026-01-06 00:30:05]   [emp_id: 5138] ✓ Updated: 50.1 → 50.18 (CHANGED)
[2026-01-06 00:30:05]   [emp_id: 5141] ✓ Updated: 34.95 → 35.01 (CHANGED)
[2026-01-06 00:30:05]   [emp_id: 5142] ✓ Updated: 13.95 → 14.01 (CHANGED)
[2026-01-06 00:30:05]   [emp_id: 5146] ✓ Updated: 20.95 → 21.01 (CHANGED)
[2026-01-06 00:30:05]   [emp_id: 5147] ✓ Updated: 19.95 → 20.01 (CHANGED)
[2026-01-06 00:30:05]   [emp_id: 5148] ✓ Updated: 25.3 → 25.36 (CHANGED)
[2026-01-06 00:30:05]   [emp_id: 5149] ✓ Updated: 24.19 → 24.25 (CHANGED)
[2026-01-06 00:30:05]   [emp_id: 5150] ✓ Updated: 23.55 → 23.61 (CHANGED)
[2026-01-06 00:30:05]   [emp_id: 5151] ✓ Updated: 23.37 → 23.43 (CHANGED)
[2026-01-06 00:30:05]   [emp_id: 5152] ✓ Updated: 3.79 → 3.85 (CHANGED)
[2026-01-06 00:30:05]   [emp_id: 5157] ✓ Updated: 23.37 → 23.43 (CHANGED)
[2026-01-06 00:30:05]   [emp_id: 5160] ✓ Updated: 23.37 → 23.43 (CHANGED)
[2026-01-06 00:30:05]   [emp_id: 5163] ✓ Updated: 21.16 → 21.22 (CHANGED)
[2026-01-06 00:30:05]   [emp_id: 5165] ✓ Updated: 1.54 → 1.62 (CHANGED)
[2026-01-06 00:30:05]   [emp_id: 5167] ✓ Updated: 30.31 → 30.37 (CHANGED)
[2026-01-06 00:30:05]   [emp_id: 5168] ✓ Updated: 22.85 → 22.91 (CHANGED)
[2026-01-06 00:30:05]   [emp_id: 5173] ✓ Updated: 25.19 → 25.27 (CHANGED)
[2026-01-06 00:30:05]   [emp_id: 5174] ✓ Updated: 23.31 → 23.37 (CHANGED)
[2026-01-06 00:30:05]   [emp_id: 5181] ✓ Updated: 19.7 → 19.76 (CHANGED)
[2026-01-06 00:30:05]   [emp_id: 5186] ✓ Updated: 25.23 → 25.29 (CHANGED)
[2026-01-06 00:30:05]   [emp_id: 5187] ✓ Updated: 36.23 → 36.29 (CHANGED)
[2026-01-06 00:30:05]   [emp_id: 5204] ✓ Updated: 22.69 → 22.77 (CHANGED)
[2026-01-06 00:30:05]   [emp_id: 5205] ✓ Updated: 12.44 → 12.5 (CHANGED)
[2026-01-06 00:30:05]   [emp_id: 5209] ✓ Updated: 15.44 → 15.5 (CHANGED)
[2026-01-06 00:30:05]   [emp_id: 5213] ✓ Updated: 1.85 → 1.91 (CHANGED)
[2026-01-06 00:30:05]   [emp_id: 5214] ✓ Updated: 1.69 → 1.75 (CHANGED)
[2026-01-06 00:30:05]   [emp_id: 5215] ✓ Updated: 10.44 → 10.5 (CHANGED)
[2026-01-06 00:30:05]   [emp_id: 5217] ✓ Updated: 9.44 → 9.5 (CHANGED)
[2026-01-06 00:30:05]   [emp_id: 5219] ✓ Updated: 13.44 → 13.5 (CHANGED)
[2026-01-06 00:30:05]   [emp_id: 5221] ✓ Updated: 0.06 → 0.12 (CHANGED)
[2026-01-06 00:30:05]   [emp_id: 5224] ✓ Updated: 14.44 → 14.5 (CHANGED)
[2026-01-06 00:30:05]   [emp_id: 5225] ✓ Updated: 6.75 → 6.81 (CHANGED)
[2026-01-06 00:30:05]   [emp_id: 5228] ✓ Updated: 9.44 → 9.5 (CHANGED)
[2026-01-06 00:30:05]   [emp_id: 5229] ✓ Updated: 5.44 → 5.5 (CHANGED)
[2026-01-06 00:30:05]   [emp_id: 5230] ✓ Updated: 14.11 → 14.17 (CHANGED)
[2026-01-06 00:30:05]   [emp_id: 5231] ✓ Updated: 6.44 → 6.5 (CHANGED)
[2026-01-06 00:30:05]   [emp_id: 5232] ✓ Updated: 0.44 → 0.5 (CHANGED)
[2026-01-06 00:30:05]   [emp_id: 5233] ✓ Updated: 4.44 → 4.5 (CHANGED)
[2026-01-06 00:30:05]   [emp_id: 5234] ✓ Updated: 4.44 → 4.5 (CHANGED)
[2026-01-06 00:30:05]   [emp_id: 5235] ✓ Updated: 0.06 → 0.12 (CHANGED)
[2026-01-06 00:30:05]   [emp_id: 5237] ✓ Updated: 10.69 → 10.75 (CHANGED)
[2026-01-06 00:30:05]   [emp_id: 5239] ✓ Updated: 7.44 → 7.5 (CHANGED)
[2026-01-06 00:30:05]   [emp_id: 5241] ✓ Updated: 5.44 → 5.5 (CHANGED)
[2026-01-06 00:30:05]   [emp_id: 5242] ✓ Updated: 15.44 → 15.5 (CHANGED)
[2026-01-06 00:30:05]   [emp_id: 5243] ✓ Updated: 1.85 → 1.91 (CHANGED)
[2026-01-06 00:30:05]   [emp_id: 5244] ✓ Updated: 0 → 0.06 (CHANGED)
[2026-01-06 00:30:05]   [emp_id: 5246] ✓ Updated: 11.44 → 11.5 (CHANGED)
[2026-01-06 00:30:05]   [emp_id: 5253] ✓ Updated: 24.31 → 24.37 (CHANGED)
[2026-01-06 00:30:05]   [emp_id: 5254] ✓ Updated: 12.29 → 12.35 (CHANGED)
[2026-01-06 00:30:05]   [emp_id: 5257] ✓ Updated: 12 → 12.06 (CHANGED)
[2026-01-06 00:30:05]   [emp_id: 5259] ✓ Updated: 48.53 → 48.59 (CHANGED)
[2026-01-06 00:30:05]   [emp_id: 5261] ✓ Updated: 16.29 → 16.37 (CHANGED)
[2026-01-06 00:30:05]   [emp_id: 5264] ✓ Updated: 14.01 → 14.07 (CHANGED)
[2026-01-06 00:30:05]   [emp_id: 5266] ✓ Updated: 20.63 → 20.69 (CHANGED)
[2026-01-06 00:30:05]   [emp_id: 5268] ✓ Updated: 9.2 → 9.26 (CHANGED)
[2026-01-06 00:30:05]   [emp_id: 5271] ✓ Updated: 7.86 → 7.92 (CHANGED)
[2026-01-06 00:30:05]   [emp_id: 5272] ✓ Updated: 8.73 → 8.79 (CHANGED)
[2026-01-06 00:30:05]   [emp_id: 5273] ✓ Updated: 23.8 → 23.86 (CHANGED)
[2026-01-06 00:30:05]   [emp_id: 5275] ✓ Updated: 9.55 → 9.61 (CHANGED)
[2026-01-06 00:30:05]   [emp_id: 5276] ✓ Updated: 23.82 → 23.88 (CHANGED)
[2026-01-06 00:30:05]   [emp_id: 5278] ✓ Updated: 8.21 → 8.27 (CHANGED)
[2026-01-06 00:30:05]   [emp_id: 5280] ✓ Updated: 18.61 → 18.67 (CHANGED)
[2026-01-06 00:30:05]   [emp_id: 5282] ✓ Updated: 11.77 → 11.85 (CHANGED)
[2026-01-06 00:30:05]   [emp_id: 5285] ✓ Updated: 28.61 → 28.67 (CHANGED)
[2026-01-06 00:30:05]   [emp_id: 5286] ✓ Updated: 15.61 → 15.67 (CHANGED)
[2026-01-06 00:30:05]   [emp_id: 5287] ✓ Updated: 49.91 → 49.97 (CHANGED)
[2026-01-06 00:30:05]   [emp_id: 5288] ✓ Updated: 7.18 → 7.24 (CHANGED)
[2026-01-06 00:30:05]   [emp_id: 5289] ✓ Updated: 48.46 → 48.52 (CHANGED)
[2026-01-06 00:30:05]   [emp_id: 5290] ✓ Updated: 47.23 → 47.29 (CHANGED)
[2026-01-06 00:30:05]   [emp_id: 5291] ✓ Updated: 5.23 → 5.29 (CHANGED)
[2026-01-06 00:30:05]   [emp_id: 5292] ✓ Updated: 5.17 → 5.23 (CHANGED)
[2026-01-06 00:30:05]   [emp_id: 5293] ✓ Updated: 37.94 → 38.02 (CHANGED)
[2026-01-06 00:30:05]   [emp_id: 5294] ✓ Updated: 7.69 → 7.77 (CHANGED)
[2026-01-06 00:30:05]   [emp_id: 5295] ✓ Updated: 21.41 → 21.47 (CHANGED)
[2026-01-06 00:30:05]   [emp_id: 5296] ✓ Updated: 34.71 → 34.79 (CHANGED)
[2026-01-06 00:30:05]   [emp_id: 5297] ✓ Updated: 45.83 → 45.89 (CHANGED)
[2026-01-06 00:30:05]   [emp_id: 5298] ✓ Updated: 45.83 → 45.89 (CHANGED)
[2026-01-06 00:30:05]   [emp_id: 5299] ✓ Updated: 45.83 → 45.89 (CHANGED)
[2026-01-06 00:30:05]   [emp_id: 5300] ✓ Updated: 45.83 → 45.89 (CHANGED)
[2026-01-06 00:30:05]   [emp_id: 5301] ✓ Updated: 3.65 → 3.71 (CHANGED)
[2026-01-06 00:30:05]   [emp_id: 5303] ✓ Updated: 4.08 → 4.14 (CHANGED)
[2026-01-06 00:30:05]   [emp_id: 5304] ✓ Updated: 45.83 → 45.89 (CHANGED)
[2026-01-06 00:30:05]   [emp_id: 5305] ✓ Updated: 3.83 → 3.89 (CHANGED)
[2026-01-06 00:30:05]   [emp_id: 5306] ✓ Updated: 45.54 → 45.6 (CHANGED)
[2026-01-06 00:30:05]   [emp_id: 5307] ✓ Updated: 45.54 → 45.6 (CHANGED)
[2026-01-06 00:30:05]   [emp_id: 5312] ✓ Updated: 1.52 → 1.58 (CHANGED)
[2026-01-06 00:30:05]   [emp_id: 5318] ✓ Updated: 26.25 → 26.31 (CHANGED)
[2026-01-06 00:30:05]   [emp_id: 5325] ✓ Updated: 22.21 → 22.27 (CHANGED)
[2026-01-06 00:30:05]   [emp_id: 5327] ✓ Updated: 1.3 → 1.36 (CHANGED)
[2026-01-06 00:30:05]   [emp_id: 5337] ✓ Updated: 35.6 → 35.68 (CHANGED)
[2026-01-06 00:30:05]   [emp_id: 5339] ✓ Updated: 10.4 → 10.46 (CHANGED)
[2026-01-06 00:30:05]   [emp_id: 5343] ✓ Updated: 45.52 → 45.6 (CHANGED)
[2026-01-06 00:30:05]   [emp_id: 5343] ✓ Updated: 45.52 → 45.6 (CHANGED)
[2026-01-06 00:30:05]   [emp_id: 5345] ✓ Updated: 15.35 → 15.43 (CHANGED)
[2026-01-06 00:30:05]   [emp_id: 5346] ✓ Updated: 2.12 → 2.18 (CHANGED)
[2026-01-06 00:30:05]   [emp_id: 5351] ✓ Updated: 17.06 → 17.12 (CHANGED)
[2026-01-06 00:30:05]   [emp_id: 5352] ✓ Updated: 25.77 → 25.85 (CHANGED)
[2026-01-06 00:30:05]   [emp_id: 5370] ✓ Updated: 15.71 → 15.77 (CHANGED)
[2026-01-06 00:30:05]   [emp_id: 5371] ✓ Updated: 1.68 → 1.76 (CHANGED)
[2026-01-06 00:30:05]   [emp_id: 5376] ✓ Updated: 10.31 → 10.37 (CHANGED)
[2026-01-06 00:30:05]   [emp_id: 5378] ✓ Updated: 17.6 → 17.68 (CHANGED)
[2026-01-06 00:30:06]   [emp_id: 5380] ✓ Updated: 16.72 → 16.78 (CHANGED)
[2026-01-06 00:30:06]   [emp_id: 5381] ✓ Updated: 12.04 → 12.12 (CHANGED)
[2026-01-06 00:30:06]   [emp_id: 5383] ✓ Updated: 16.35 → 16.43 (CHANGED)
[2026-01-06 00:30:06]   [emp_id: 5388] ✓ Updated: 27.5 → 27.56 (CHANGED)
[2026-01-06 00:30:06]   [emp_id: 5396] ✓ Updated: 28.74 → 28.8 (CHANGED)
[2026-01-06 00:30:06]   [emp_id: 5397] ✓ Updated: 20.2 → 20.26 (CHANGED)
[2026-01-06 00:30:06]   [emp_id: 5401] ✓ Updated: 23.31 → 23.37 (CHANGED)
[2026-01-06 00:30:06]   [emp_id: 5402] ✓ Updated: 23.43 → 23.49 (CHANGED)
[2026-01-06 00:30:06]   [emp_id: 5406] ✓ Updated: 17.15 → 17.21 (CHANGED)
[2026-01-06 00:30:06]   [emp_id: 5407] ✓ Updated: 16.12 → 16.2 (CHANGED)
[2026-01-06 00:30:06]   [emp_id: 5409] ✓ Updated: 16.49 → 16.55 (CHANGED)
[2026-01-06 00:30:06]   [emp_id: 5413] ✓ Updated: 28.52 → 28.6 (CHANGED)
[2026-01-06 00:30:06]   [emp_id: 5414] ✓ Updated: 28.19 → 28.27 (CHANGED)
[2026-01-06 00:30:06]   [emp_id: 5415] ✓ Updated: 4.12 → 4.2 (CHANGED)
[2026-01-06 00:30:06]   [emp_id: 5418] ✓ Updated: 15.55 → 15.61 (CHANGED)
[2026-01-06 00:30:06]   [emp_id: 5422] ✓ Updated: 20.85 → 20.93 (CHANGED)
[2026-01-06 00:30:06]   [emp_id: 5423] ✓ Updated: 5.54 → 5.62 (CHANGED)
[2026-01-06 00:30:06]   [emp_id: 5425] ✓ Updated: 14.1 → 14.16 (CHANGED)
[2026-01-06 00:30:06]   [emp_id: 5426] ✓ Updated: 3.09 → 3.17 (CHANGED)
[2026-01-06 00:30:06]   [emp_id: 5426] ✓ Updated: 3.09 → 3.17 (CHANGED)
[2026-01-06 00:30:06]   [emp_id: 5427] ✓ Updated: 14.21 → 14.27 (CHANGED)
[2026-01-06 00:30:06]   [emp_id: 5428] ✓ Updated: 14.1 → 14.16 (CHANGED)
[2026-01-06 00:30:06]   [emp_id: 5430] ✓ Updated: 17.91 → 17.99 (CHANGED)
[2026-01-06 00:30:06]   [emp_id: 5431] ✓ Updated: 13.22 → 13.28 (CHANGED)
[2026-01-06 00:30:06]   [emp_id: 5433] ✓ Updated: 13.24 → 13.3 (CHANGED)
[2026-01-06 00:30:06]   [emp_id: 5434] ✓ Updated: 12.99 → 13.05 (CHANGED)
[2026-01-06 00:30:06]   [emp_id: 5435] ✓ Updated: 12.93 → 12.99 (CHANGED)
[2026-01-06 00:30:06]   [emp_id: 5436] ✓ Updated: 12.93 → 12.99 (CHANGED)
[2026-01-06 00:30:06]   [emp_id: 5438] ✓ Updated: 15.77 → 15.85 (CHANGED)
[2026-01-06 00:30:06]   [emp_id: 5439] ✓ Updated: 25.27 → 25.35 (CHANGED)
[2026-01-06 00:30:06]   [emp_id: 5442] ✓ Updated: 14.27 → 14.35 (CHANGED)
[2026-01-06 00:30:06]   [emp_id: 5445] ✓ Updated: 7.39 → 7.45 (CHANGED)
[2026-01-06 00:30:06]   [emp_id: 5446] ✓ Updated: 7.39 → 7.45 (CHANGED)
[2026-01-06 00:30:06]   [emp_id: 5447] ✓ Updated: 7.33 → 7.39 (CHANGED)
[2026-01-06 00:30:06]   [emp_id: 5448] ✓ Updated: 3.29 → 3.37 (CHANGED)
[2026-01-06 00:30:06]   [emp_id: 5449] ✓ Updated: 5.41 → 5.47 (CHANGED)
[2026-01-06 00:30:06]   [emp_id: 5450] ✓ Updated: 5.35 → 5.41 (CHANGED)
[2026-01-06 00:30:06]   [emp_id: 5451] ✓ Updated: 5.35 → 5.41 (CHANGED)
[2026-01-06 00:30:06]   [emp_id: 5453] ✓ Updated: 5.19 → 5.25 (CHANGED)
[2026-01-06 00:30:06]   [emp_id: 5454] ✓ Updated: 7.35 → 7.43 (CHANGED)
[2026-01-06 00:30:06]   [emp_id: 5455] ✓ Updated: 2.6 → 2.68 (CHANGED)
[2026-01-06 00:30:06]   [emp_id: 5456] ✓ Updated: 6.6 → 6.68 (CHANGED)
[2026-01-06 00:30:06]   [emp_id: 5457] ✓ Updated: 4.44 → 4.5 (CHANGED)
[2026-01-06 00:30:06]   [emp_id: 5460] ✓ Updated: 5.25 → 5.33 (CHANGED)
[2026-01-06 00:30:06]   [emp_id: 5463] ✓ Updated: 4.58 → 4.66 (CHANGED)
[2026-01-06 00:30:06]   [emp_id: 5464] ✓ Updated: 4.58 → 4.66 (CHANGED)
[2026-01-06 00:30:06]   [emp_id: 5466] ✓ Updated: 2.33 → 2.41 (CHANGED)
[2026-01-06 00:30:06]   [emp_id: 5467] ✓ Updated: 1.25 → 1.33 (CHANGED)
[2026-01-06 00:30:06] Report saved to: /home/almutlak/public_html/hr/cron_logs/last_vacation_update_report.json
[2026-01-06 08:33:22] ========== CRON: Vacation Balance Update Started ==========
