[2026-01-26 08:59:00] ========== CRON: Vacation Balance Update Started ==========
[2026-01-26 08:59:01] Database connection established
[2026-01-26 08:59:01] Found 433 active employees with balance records to update
[2026-01-26 08:59:01] (Only employees with status=1 will be processed)
[2026-01-26 08:59:01]   [emp_id: 1061] ✓ Updated: 1.45 → 1.53 (CHANGED)
[2026-01-26 08:59:01]   [emp_id: 1496] ✓ Updated: 18.3 → 18.38 (CHANGED)
[2026-01-26 08:59:01]   [emp_id: 1500] ✓ Updated: 5.98 → 6.06 (CHANGED)
[2026-01-26 08:59:01]   [emp_id: 1574] ✓ Updated: 35.21 → 35.29 (CHANGED)
[2026-01-26 08:59:01]   [emp_id: 1673] ✓ Updated: 46.71 → 46.79 (CHANGED)
[2026-01-26 08:59:01]   [emp_id: 1685] ✓ Updated: 16.63 → 16.71 (CHANGED)
[2026-01-26 08:59:01]   [emp_id: 1764] ✓ Updated: 71.3 → 71.38 (CHANGED)
[2026-01-26 08:59:01]   [emp_id: 1805] ✓ Updated: 65.63 → 65.71 (CHANGED)
[2026-01-26 08:59:01]   [emp_id: 1822] ✓ Updated: 70.38 → 70.46 (CHANGED)
[2026-01-26 08:59:01]   [emp_id: 1837] ✓ Updated: 26.55 → 26.63 (CHANGED)
[2026-01-26 08:59:01]   [emp_id: 1857] ✓ Updated: 21.88 → 21.96 (CHANGED)
[2026-01-26 08:59:01]   [emp_id: 1861] ✓ Updated: 72.71 → 72.79 (CHANGED)
[2026-01-26 08:59:01]   [emp_id: 1872] ✓ Updated: 11.55 → 11.63 (CHANGED)
[2026-01-26 08:59:01]   [emp_id: 1897] ✓ Updated: 6.88 → 6.96 (CHANGED)
[2026-01-26 08:59:01]   [emp_id: 1916] ✓ Updated: 13.18 → 13.26 (CHANGED)
[2026-01-26 08:59:01]   [emp_id: 1928] ✓ Updated: 66.13 → 66.21 (CHANGED)
[2026-01-26 08:59:01]   [emp_id: 1931] ✓ Updated: 86.05 → 86.13 (CHANGED)
[2026-01-26 08:59:01]   [emp_id: 1944] ✓ Updated: 44.21 → 44.29 (CHANGED)
[2026-01-26 08:59:01]   [emp_id: 1996] ✓ Updated: 72.71 → 72.79 (CHANGED)
[2026-01-26 08:59:01]   [emp_id: 1997] ✓ Updated: 37.88 → 37.96 (CHANGED)
[2026-01-26 08:59:01]   [emp_id: 1998] ✓ Updated: 29.32 → 29.4 (CHANGED)
[2026-01-26 08:59:01]   [emp_id: 1999] ✓ Updated: 30.32 → 30.4 (CHANGED)
[2026-01-26 08:59:01]   [emp_id: 2009] ✓ Updated: 36.63 → 36.71 (CHANGED)
[2026-01-26 08:59:01]   [emp_id: 2048] ✓ Updated: 26.46 → 26.54 (CHANGED)
[2026-01-26 08:59:01]   [emp_id: 2057] ✓ Updated: 67.3 → 67.38 (CHANGED)
[2026-01-26 08:59:01]   [emp_id: 2079] ✓ Updated: 49.63 → 49.71 (CHANGED)
[2026-01-26 08:59:01]   [emp_id: 2181] ✓ Updated: 38.63 → 38.71 (CHANGED)
[2026-01-26 08:59:01]   [emp_id: 2190] ✓ Updated: 7.96 → 8.04 (CHANGED)
[2026-01-26 08:59:01]   [emp_id: 2212] ✓ Updated: 25.96 → 26.04 (CHANGED)
[2026-01-26 08:59:01]   [emp_id: 2226] ✓ Updated: 70.71 → 70.79 (CHANGED)
[2026-01-26 08:59:01]   [emp_id: 2238] ✓ Updated: 68.96 → 69.04 (CHANGED)
[2026-01-26 08:59:01]   [emp_id: 2285] ✓ Updated: 37.63 → 37.71 (CHANGED)
[2026-01-26 08:59:01]   [emp_id: 2287] ✓ Updated: 49.3 → 49.38 (CHANGED)
[2026-01-26 08:59:01]   [emp_id: 2288] ✓ Updated: 4.32 → 4.4 (CHANGED)
[2026-01-26 08:59:02]   [emp_id: 2316] ✓ Updated: 18.13 → 18.21 (CHANGED)
[2026-01-26 08:59:02]   [emp_id: 2337] ✓ Updated: 39.21 → 39.29 (CHANGED)
[2026-01-26 08:59:02]   [emp_id: 2352] ✓ Updated: 70.71 → 70.79 (CHANGED)
[2026-01-26 08:59:02]   [emp_id: 2358] ✓ Updated: 7.21 → 7.29 (CHANGED)
[2026-01-26 08:59:02]   [emp_id: 2361] ✓ Updated: 72.88 → 72.96 (CHANGED)
[2026-01-26 08:59:02]   [emp_id: 2363] ✓ Updated: 75.46 → 75.54 (CHANGED)
[2026-01-26 08:59:02]   [emp_id: 2364] ✓ Updated: 74.88 → 74.96 (CHANGED)
[2026-01-26 08:59:02]   [emp_id: 2367] ✓ Updated: 102.55 → 102.63 (CHANGED)
[2026-01-26 08:59:02]   [emp_id: 2368] ✓ Updated: 32.96 → 33.04 (CHANGED)
[2026-01-26 08:59:02]   [emp_id: 2372] ✓ Updated: 70.21 → 70.29 (CHANGED)
[2026-01-26 08:59:02]   [emp_id: 2376] ✓ Updated: 120.21 → 120.29 (CHANGED)
[2026-01-26 08:59:02]   [emp_id: 2423] ✓ Updated: 20.96 → 21.04 (CHANGED)
[2026-01-26 08:59:02]   [emp_id: 2519] ✓ Updated: 114.63 → 114.71 (CHANGED)
[2026-01-26 08:59:02]   [emp_id: 2522] ✓ Updated: 58.21 → 58.29 (CHANGED)
[2026-01-26 08:59:02]   [emp_id: 2530] ✓ Updated: 53.46 → 53.54 (CHANGED)
[2026-01-26 08:59:02]   [emp_id: 2539] ✓ Updated: 50.21 → 50.29 (CHANGED)
[2026-01-26 08:59:02]   [emp_id: 2541] ✓ Updated: 30.8 → 30.88 (CHANGED)
[2026-01-26 08:59:02]   [emp_id: 2550] ✓ Updated: 96.96 → 97.04 (CHANGED)
[2026-01-26 08:59:02]   [emp_id: 2553] ✓ Updated: 34.07 → 34.15 (CHANGED)
[2026-01-26 08:59:02]   [emp_id: 2554] ✓ Updated: 40.55 → 40.63 (CHANGED)
[2026-01-26 08:59:02]   [emp_id: 2565] ✓ Updated: 95.13 → 95.21 (CHANGED)
[2026-01-26 08:59:02]   [emp_id: 2572] ✓ Updated: 45.13 → 45.21 (CHANGED)
[2026-01-26 08:59:02]   [emp_id: 2637] ✓ Updated: 65.71 → 65.79 (CHANGED)
[2026-01-26 08:59:02]   [emp_id: 2642] ✓ Updated: 78.46 → 78.54 (CHANGED)
[2026-01-26 08:59:02]   [emp_id: 2645] ✓ Updated: 94.46 → 94.54 (CHANGED)
[2026-01-26 08:59:02]   [emp_id: 2648] ✓ Updated: 46.13 → 46.21 (CHANGED)
[2026-01-26 08:59:02]   [emp_id: 2654] ✓ Updated: 88.8 → 88.88 (CHANGED)
[2026-01-26 08:59:02]   [emp_id: 2688] ✓ Updated: 26.88 → 26.96 (CHANGED)
[2026-01-26 08:59:02]   [emp_id: 2690] ✓ Updated: 15.63 → 15.71 (CHANGED)
[2026-01-26 08:59:02]   [emp_id: 2709] ✓ Updated: 37.88 → 37.96 (CHANGED)
[2026-01-26 08:59:02]   [emp_id: 2745] ✓ Updated: 34.46 → 34.54 (CHANGED)
[2026-01-26 08:59:02]   [emp_id: 2843] ✓ Updated: 81.05 → 81.13 (CHANGED)
[2026-01-26 08:59:02]   [emp_id: 2854] ✓ Updated: 60.96 → 61.04 (CHANGED)
[2026-01-26 08:59:02]   [emp_id: 2869] ✓ Updated: 4.88 → 4.96 (CHANGED)
[2026-01-26 08:59:02]   [emp_id: 2876] ✓ Updated: 35.71 → 35.79 (CHANGED)
[2026-01-26 08:59:02]   [emp_id: 2924] ✓ Updated: 16.88 → 16.96 (CHANGED)
[2026-01-26 08:59:02]   [emp_id: 2953] ✓ Updated: 102.63 → 102.71 (CHANGED)
[2026-01-26 08:59:02]   [emp_id: 2961] ✓ Updated: 12.63 → 12.71 (CHANGED)
[2026-01-26 08:59:02]   [emp_id: 2975] ✓ Updated: 2.31 → 2.39 (CHANGED)
[2026-01-26 08:59:02]   [emp_id: 3013] ✓ Updated: 11.63 → 11.71 (CHANGED)
[2026-01-26 08:59:02]   [emp_id: 3014] ✓ Updated: 90.88 → 90.96 (CHANGED)
[2026-01-26 08:59:02]   [emp_id: 3015] ✓ Updated: 2.13 → 2.21 (CHANGED)
[2026-01-26 08:59:02]   [emp_id: 3018] ✓ Updated: 60.88 → 60.96 (CHANGED)
[2026-01-26 08:59:02]   [emp_id: 3025] ✓ Updated: 24.65 → 24.73 (CHANGED)
[2026-01-26 08:59:02]   [emp_id: 3037] ✓ Updated: 84.38 → 84.46 (CHANGED)
[2026-01-26 08:59:02]   [emp_id: 3047] ✓ Updated: 72.63 → 72.71 (CHANGED)
[2026-01-26 08:59:02]   [emp_id: 3061] ✓ Updated: 19.55 → 19.63 (CHANGED)
[2026-01-26 08:59:02]   [emp_id: 3062] ✓ Updated: 52.71 → 52.79 (CHANGED)
[2026-01-26 08:59:02]   [emp_id: 3074] ✓ Updated: 109.13 → 109.21 (CHANGED)
[2026-01-26 08:59:02]   [emp_id: 3089] ✓ Updated: 8.05 → 8.13 (CHANGED)
[2026-01-26 08:59:02]   [emp_id: 3090] ✓ Updated: 34.63 → 34.71 (CHANGED)
[2026-01-26 08:59:02]   [emp_id: 3091] ✓ Updated: 46.63 → 46.71 (CHANGED)
[2026-01-26 08:59:02]   [emp_id: 3092] ✓ Updated: 29.3 → 29.38 (CHANGED)
[2026-01-26 08:59:02]   [emp_id: 3105] ✓ Updated: 49.63 → 49.71 (CHANGED)
[2026-01-26 08:59:02]   [emp_id: 3134] ✓ Updated: 45.38 → 45.46 (CHANGED)
[2026-01-26 08:59:02]   [emp_id: 3140] ✓ Updated: 42.46 → 42.54 (CHANGED)
[2026-01-26 08:59:02]   [emp_id: 3144] ✓ Updated: 15.3 → 15.38 (CHANGED)
[2026-01-26 08:59:02]   [emp_id: 3156] ✓ Updated: 18.63 → 18.71 (CHANGED)
[2026-01-26 08:59:03]   [emp_id: 3162] ✓ Updated: 3.61 → 3.69 (CHANGED)
[2026-01-26 08:59:03]   [emp_id: 3163] ✓ Updated: 6.88 → 6.96 (CHANGED)
[2026-01-26 08:59:03]   [emp_id: 3198] ✓ Updated: 41.88 → 41.96 (CHANGED)
[2026-01-26 08:59:03]   [emp_id: 3205] ✓ Updated: 18.55 → 18.63 (CHANGED)
[2026-01-26 08:59:03]   [emp_id: 3209] ✓ Updated: 42.71 → 42.79 (CHANGED)
[2026-01-26 08:59:03]   [emp_id: 3223] ✓ Updated: 91.63 → 91.71 (CHANGED)
[2026-01-26 08:59:03]   [emp_id: 3224] ✓ Updated: 66.38 → 66.46 (CHANGED)
[2026-01-26 08:59:03]   [emp_id: 3230] ✓ Updated: 89.8 → 89.88 (CHANGED)
[2026-01-26 08:59:03]   [emp_id: 3231] ✓ Updated: 2.17 → 2.25 (CHANGED)
[2026-01-26 08:59:03]   [emp_id: 3233] ✓ Updated: 82.63 → 82.71 (CHANGED)
[2026-01-26 08:59:03]   [emp_id: 3249] ✓ Updated: 38.46 → 38.54 (CHANGED)
[2026-01-26 08:59:03]   [emp_id: 3250] ✓ Updated: 11.46 → 11.54 (CHANGED)
[2026-01-26 08:59:03]   [emp_id: 3252] ✓ Updated: 12.38 → 12.46 (CHANGED)
[2026-01-26 08:59:03]   [emp_id: 3254] ✓ Updated: 22.88 → 22.96 (CHANGED)
[2026-01-26 08:59:03]   [emp_id: 3255] ✓ Updated: 19.3 → 19.38 (CHANGED)
[2026-01-26 08:59:03]   [emp_id: 3256] ✓ Updated: 15.55 → 15.63 (CHANGED)
[2026-01-26 08:59:03]   [emp_id: 3263] ✓ Updated: 31.63 → 31.71 (CHANGED)
[2026-01-26 08:59:03]   [emp_id: 3265] ✓ Updated: 27.21 → 27.29 (CHANGED)
[2026-01-26 08:59:03]   [emp_id: 3280] ✓ Updated: 74.13 → 74.21 (CHANGED)
[2026-01-26 08:59:03]   [emp_id: 3286] ✓ Updated: 17.3 → 17.38 (CHANGED)
[2026-01-26 08:59:03]   [emp_id: 3294] ✓ Updated: 16.96 → 17.04 (CHANGED)
[2026-01-26 08:59:03]   [emp_id: 3321] ✓ Updated: 74.13 → 74.21 (CHANGED)
[2026-01-26 08:59:03]   [emp_id: 3325] ✓ Updated: 61.88 → 61.96 (CHANGED)
[2026-01-26 08:59:03]   [emp_id: 3329] ✓ Updated: 64.21 → 64.29 (CHANGED)
[2026-01-26 08:59:03]   [emp_id: 3330] ✓ Updated: 64.21 → 64.29 (CHANGED)
[2026-01-26 08:59:03]   [emp_id: 3332] ✓ Updated: 64.21 → 64.29 (CHANGED)
[2026-01-26 08:59:03]   [emp_id: 3370] ✓ Updated: 55.72 → 55.8 (CHANGED)
[2026-01-26 08:59:03]   [emp_id: 3384] ✓ Updated: 16.38 → 16.46 (CHANGED)
[2026-01-26 08:59:03]   [emp_id: 3386] ✓ Updated: 46.38 → 46.46 (CHANGED)
[2026-01-26 08:59:03]   [emp_id: 3431] ✓ Updated: 20.8 → 20.88 (CHANGED)
[2026-01-26 08:59:03]   [emp_id: 3497] ✓ Updated: 10.96 → 11.04 (CHANGED)
[2026-01-26 08:59:03]   [emp_id: 3532] ✓ Updated: 1.8 → 1.88 (CHANGED)
[2026-01-26 08:59:03]   [emp_id: 3602] ✓ Updated: 3.37 → 3.45 (CHANGED)
[2026-01-26 08:59:03]   [emp_id: 3618] ✓ Updated: 25.35 → 25.43 (CHANGED)
[2026-01-26 08:59:03]   [emp_id: 3622] ✓ Updated: 35.85 → 35.91 (CHANGED)
[2026-01-26 08:59:03]   [emp_id: 3627] ✓ Updated: 11.3 → 11.38 (CHANGED)
[2026-01-26 08:59:03]   [emp_id: 3665] ✓ Updated: 52.88 → 52.96 (CHANGED)
[2026-01-26 08:59:03]   [emp_id: 3705] ✓ Updated: 29.18 → 29.24 (CHANGED)
[2026-01-26 08:59:03]   [emp_id: 3724] ✓ Updated: 45.88 → 45.96 (CHANGED)
[2026-01-26 08:59:03]   [emp_id: 3726] ✓ Updated: 62.3 → 62.38 (CHANGED)
[2026-01-26 08:59:03]   [emp_id: 3727] ✓ Updated: 67.38 → 67.46 (CHANGED)
[2026-01-26 08:59:03]   [emp_id: 3728] ✓ Updated: 11.71 → 11.79 (CHANGED)
[2026-01-26 08:59:03]   [emp_id: 3767] ✓ Updated: 2.46 → 2.54 (CHANGED)
[2026-01-26 08:59:03]   [emp_id: 3768] ✓ Updated: 58.71 → 58.79 (CHANGED)
[2026-01-26 08:59:03]   [emp_id: 3787] ✓ Updated: 59.3 → 59.38 (CHANGED)
[2026-01-26 08:59:03]   [emp_id: 3790] ✓ Updated: 3.85 → 3.93 (CHANGED)
[2026-01-26 08:59:03]   [emp_id: 3795] ✓ Updated: 16.8 → 16.88 (CHANGED)
[2026-01-26 08:59:03]   [emp_id: 3798] ✓ Updated: 95.21 → 95.29 (CHANGED)
[2026-01-26 08:59:03]   [emp_id: 3801] ✓ Updated: 3.48 → 3.56 (CHANGED)
[2026-01-26 08:59:03]   [emp_id: 3802] ✓ Updated: 32.46 → 32.54 (CHANGED)
[2026-01-26 08:59:03]   [emp_id: 3803] ✓ Updated: 116.88 → 116.96 (CHANGED)
[2026-01-26 08:59:03]   [emp_id: 3810] ✓ Updated: 62.88 → 62.96 (CHANGED)
[2026-01-26 08:59:03]   [emp_id: 3812] ✓ Updated: 91.88 → 91.96 (CHANGED)
[2026-01-26 08:59:03]   [emp_id: 3815] ✓ Updated: 91.88 → 91.96 (CHANGED)
[2026-01-26 08:59:03]   [emp_id: 3836] ✓ Updated: 59.55 → 59.63 (CHANGED)
[2026-01-26 08:59:03]   [emp_id: 3855] ✓ Updated: 52.71 → 52.79 (CHANGED)
[2026-01-26 08:59:03]   [emp_id: 3857] ✓ Updated: 56.38 → 56.46 (CHANGED)
[2026-01-26 08:59:03]   [emp_id: 3862] ✓ Updated: 104.46 → 104.54 (CHANGED)
[2026-01-26 08:59:03]   [emp_id: 3866] ✓ Updated: 29.71 → 29.79 (CHANGED)
[2026-01-26 08:59:03]   [emp_id: 3876] ✓ Updated: 25.88 → 25.96 (CHANGED)
[2026-01-26 08:59:03]   [emp_id: 3877] ✓ Updated: 51.38 → 51.46 (CHANGED)
[2026-01-26 08:59:03]   [emp_id: 3897] ✓ Updated: 39.63 → 39.71 (CHANGED)
[2026-01-26 08:59:04]   [emp_id: 3899] ✓ Updated: 1.45 → 1.53 (CHANGED)
[2026-01-26 08:59:04]   [emp_id: 3928] ✓ Updated: 15.71 → 15.79 (CHANGED)
[2026-01-26 08:59:04]   [emp_id: 3929] ✓ Updated: 10.71 → 10.79 (CHANGED)
[2026-01-26 08:59:04]   [emp_id: 3935] ✓ Updated: 95.71 → 95.79 (CHANGED)
[2026-01-26 08:59:04]   [emp_id: 3952] ✓ Updated: 77.05 → 77.13 (CHANGED)
[2026-01-26 08:59:04]   [emp_id: 3987] ✓ Updated: 15.96 → 16.04 (CHANGED)
[2026-01-26 08:59:04]   [emp_id: 4059] ✓ Updated: 5.16 → 5.24 (CHANGED)
[2026-01-26 08:59:04]   [emp_id: 4119] ✓ Updated: 58.63 → 58.71 (CHANGED)
[2026-01-26 08:59:04]   [emp_id: 4120] ✓ Updated: 28.21 → 28.29 (CHANGED)
[2026-01-26 08:59:04]   [emp_id: 4124] ✓ Updated: 28.73 → 28.81 (CHANGED)
[2026-01-26 08:59:04]   [emp_id: 4133] ✓ Updated: 107.21 → 107.29 (CHANGED)
[2026-01-26 08:59:04]   [emp_id: 4134] ✓ Updated: 28.21 → 28.29 (CHANGED)
[2026-01-26 08:59:04]   [emp_id: 4136] ✓ Updated: 28.21 → 28.29 (CHANGED)
[2026-01-26 08:59:04]   [emp_id: 4150] ✓ Updated: 26.88 → 26.96 (CHANGED)
[2026-01-26 08:59:04]   [emp_id: 4157] ✓ Updated: 20.38 → 20.46 (CHANGED)
[2026-01-26 08:59:04]   [emp_id: 4172] ✓ Updated: 13.76 → 13.82 (CHANGED)
[2026-01-26 08:59:04]   [emp_id: 4195] ✓ Updated: 63.96 → 64.04 (CHANGED)
[2026-01-26 08:59:04]   [emp_id: 4215] ✓ Updated: 46.63 → 46.71 (CHANGED)
[2026-01-26 08:59:04]   [emp_id: 4220] ✓ Updated: 42.21 → 42.29 (CHANGED)
[2026-01-26 08:59:04]   [emp_id: 4273] ✓ Updated: 10.88 → 10.96 (CHANGED)
[2026-01-26 08:59:04]   [emp_id: 4283] ✓ Updated: 14.85 → 14.91 (CHANGED)
[2026-01-26 08:59:04]   [emp_id: 4288] ✓ Updated: 1.45 → 1.53 (CHANGED)
[2026-01-26 08:59:04]   [emp_id: 4315] ✓ Updated: 14.13 → 14.21 (CHANGED)
[2026-01-26 08:59:04]   [emp_id: 4328] ✓ Updated: 43.68 → 43.74 (CHANGED)
[2026-01-26 08:59:04]   [emp_id: 4329] ✓ Updated: 7.3 → 7.38 (CHANGED)
[2026-01-26 08:59:04]   [emp_id: 4338] ✓ Updated: 48.88 → 48.96 (CHANGED)
[2026-01-26 08:59:04]   [emp_id: 4340] ✓ Updated: 110.88 → 110.96 (CHANGED)
[2026-01-26 08:59:04]   [emp_id: 4365] ✓ Updated: 62.3 → 62.38 (CHANGED)
[2026-01-26 08:59:04]   [emp_id: 4366] ✓ Updated: 61.38 → 61.46 (CHANGED)
[2026-01-26 08:59:04]   [emp_id: 4403] ✓ Updated: 87.21 → 87.29 (CHANGED)
[2026-01-26 08:59:04]   [emp_id: 4438] ✓ Updated: 22.88 → 22.96 (CHANGED)
[2026-01-26 08:59:04]   [emp_id: 4465] ✓ Updated: 14.01 → 14.07 (CHANGED)
[2026-01-26 08:59:04]   [emp_id: 4473] ✓ Updated: 46.46 → 46.54 (CHANGED)
[2026-01-26 08:59:04]   [emp_id: 4474] ✓ Updated: 4.52 → 4.58 (CHANGED)
[2026-01-26 08:59:04]   [emp_id: 4493] ✓ Updated: 165.3 → 165.38 (CHANGED)
[2026-01-26 08:59:04]   [emp_id: 4526] ✓ Updated: 37.55 → 37.63 (CHANGED)
[2026-01-26 08:59:04]   [emp_id: 4528] ✓ Updated: 109.3 → 109.38 (CHANGED)
[2026-01-26 08:59:04]   [emp_id: 4528] ✓ Updated: 109.3 → 109.38 (CHANGED)
[2026-01-26 08:59:04]   [emp_id: 4532] ✓ Updated: 9.13 → 9.19 (CHANGED)
[2026-01-26 08:59:04]   [emp_id: 4533] ✓ Updated: 37.71 → 37.79 (CHANGED)
[2026-01-26 08:59:04]   [emp_id: 4565] ✓ Updated: 16.51 → 16.57 (CHANGED)
[2026-01-26 08:59:04]   [emp_id: 4567] ✓ Updated: 20.76 → 20.82 (CHANGED)
[2026-01-26 08:59:04]   [emp_id: 4572] ✓ Updated: 60.26 → 60.32 (CHANGED)
[2026-01-26 08:59:04]   [emp_id: 4631] ✓ Updated: 16.51 → 16.57 (CHANGED)
[2026-01-26 08:59:04]   [emp_id: 4655] ✓ Updated: 26.63 → 26.71 (CHANGED)
[2026-01-26 08:59:04]   [emp_id: 4709] ✓ Updated: 41.88 → 41.96 (CHANGED)
[2026-01-26 08:59:04]   [emp_id: 4717] ✓ Updated: 67.88 → 67.96 (CHANGED)
[2026-01-26 08:59:04]   [emp_id: 4736] ✓ Updated: 29.71 → 29.79 (CHANGED)
[2026-01-26 08:59:04]   [emp_id: 4756] ✓ Updated: 12.95 → 13.01 (CHANGED)
[2026-01-26 08:59:04]   [emp_id: 4768] ✓ Updated: 15.38 → 15.46 (CHANGED)
[2026-01-26 08:59:04]   [emp_id: 4780] ✓ Updated: 66.68 → 66.74 (CHANGED)
[2026-01-26 08:59:04]   [emp_id: 4820] ✓ Updated: 100.71 → 100.79 (CHANGED)
[2026-01-26 08:59:04]   [emp_id: 4824] ✓ Updated: 3.89 → 3.97 (CHANGED)
[2026-01-26 08:59:04]   [emp_id: 4825] ✓ Updated: 32.46 → 32.54 (CHANGED)
[2026-01-26 08:59:04]   [emp_id: 4837] ✓ Updated: 46.67 → 46.73 (CHANGED)
[2026-01-26 08:59:04]   [emp_id: 4840] ✓ Updated: 46.67 → 46.73 (CHANGED)
[2026-01-26 08:59:04]   [emp_id: 4842] ✓ Updated: 45.91 → 45.97 (CHANGED)
[2026-01-26 08:59:05]   [emp_id: 4843] ✓ Updated: 46.44 → 46.5 (CHANGED)
[2026-01-26 08:59:05]   [emp_id: 4853] ✓ Updated: 90.26 → 90.32 (CHANGED)
[2026-01-26 08:59:05]   [emp_id: 4856] ✓ Updated: 43.58 → 43.64 (CHANGED)
[2026-01-26 08:59:05]   [emp_id: 4857] ✓ Updated: 26.4 → 26.46 (CHANGED)
[2026-01-26 08:59:05]   [emp_id: 4858] ✓ Updated: 23.28 → 23.34 (CHANGED)
[2026-01-26 08:59:05]   [emp_id: 4859] ✓ Updated: 44.75 → 44.81 (CHANGED)
[2026-01-26 08:59:05]   [emp_id: 4860] ✓ Updated: 9.25 → 9.31 (CHANGED)
[2026-01-26 08:59:05]   [emp_id: 4861] ✓ Updated: 42.71 → 42.77 (CHANGED)
[2026-01-26 08:59:05]   [emp_id: 4869] ✓ Updated: 85.59 → 85.65 (CHANGED)
[2026-01-26 08:59:05]   [emp_id: 4894] ✓ Updated: 9.38 → 9.46 (CHANGED)
[2026-01-26 08:59:05]   [emp_id: 4897] ✓ Updated: 24.49 → 24.55 (CHANGED)
[2026-01-26 08:59:05]   [emp_id: 4899] ✓ Updated: 20.66 → 20.72 (CHANGED)
[2026-01-26 08:59:05]   [emp_id: 4902] ✓ Updated: 20.08 → 20.14 (CHANGED)
[2026-01-26 08:59:05]   [emp_id: 4903] ✓ Updated: 22.3 → 22.36 (CHANGED)
[2026-01-26 08:59:05]   [emp_id: 4905] ✓ Updated: 20.96 → 21.02 (CHANGED)
[2026-01-26 08:59:05]   [emp_id: 4907] ✓ Updated: 49.46 → 49.54 (CHANGED)
[2026-01-26 08:59:05]   [emp_id: 4917] ✓ Updated: 17.92 → 17.98 (CHANGED)
[2026-01-26 08:59:05]   [emp_id: 4918] ✓ Updated: 7.69 → 7.75 (CHANGED)
[2026-01-26 08:59:05]   [emp_id: 4919] ✓ Updated: 59.98 → 60.04 (CHANGED)
[2026-01-26 08:59:05]   [emp_id: 4920] ✓ Updated: 7.06 → 7.12 (CHANGED)
[2026-01-26 08:59:05]   [emp_id: 4921] ✓ Updated: 19.15 → 19.21 (CHANGED)
[2026-01-26 08:59:05]   [emp_id: 4927] ✓ Updated: 17.98 → 18.04 (CHANGED)
[2026-01-26 08:59:05]   [emp_id: 4929] ✓ Updated: 19.5 → 19.56 (CHANGED)
[2026-01-26 08:59:05]   [emp_id: 4930] ✓ Updated: 60.27 → 60.33 (CHANGED)
[2026-01-26 08:59:05]   [emp_id: 4932] ✓ Updated: 18.27 → 18.33 (CHANGED)
[2026-01-26 08:59:05]   [emp_id: 4933] ✓ Updated: 21.68 → 21.74 (CHANGED)
[2026-01-26 08:59:05]   [emp_id: 4949] ✓ Updated: 25.11 → 25.17 (CHANGED)
[2026-01-26 08:59:05]   [emp_id: 4956] ✓ Updated: 30.7 → 30.76 (CHANGED)
[2026-01-26 08:59:05]   [emp_id: 4957] ✓ Updated: 26.37 → 26.43 (CHANGED)
[2026-01-26 08:59:05]   [emp_id: 4962] ✓ Updated: 48.82 → 48.9 (CHANGED)
[2026-01-26 08:59:05]   [emp_id: 4969] ✓ Updated: 48.13 → 48.21 (CHANGED)
[2026-01-26 08:59:05]   [emp_id: 4976] ✓ Updated: 11.39 → 11.45 (CHANGED)
[2026-01-26 08:59:05]   [emp_id: 4984] ✓ Updated: 39.38 → 39.46 (CHANGED)
[2026-01-26 08:59:05]   [emp_id: 4995] ✓ Updated: 51.45 → 51.53 (CHANGED)
[2026-01-26 08:59:05]   [emp_id: 5004] ✓ Updated: 28.33 → 28.39 (CHANGED)
[2026-01-26 08:59:05]   [emp_id: 5006] ✓ Updated: 28.07 → 28.13 (CHANGED)
[2026-01-26 08:59:05]   [emp_id: 5011] ✓ Updated: 7.23 → 7.31 (CHANGED)
[2026-01-26 08:59:05]   [emp_id: 5013] ✓ Updated: 68.44 → 68.5 (CHANGED)
[2026-01-26 08:59:05]   [emp_id: 5018] ✓ Updated: 4.93 → 4.99 (CHANGED)
[2026-01-26 08:59:05]   [emp_id: 5021] ✓ Updated: 62.48 → 62.56 (CHANGED)
[2026-01-26 08:59:05]   [emp_id: 5024] ✓ Updated: 2.95 → 3.01 (CHANGED)
[2026-01-26 08:59:05]   [emp_id: 5030] ✓ Updated: 32.9 → 32.96 (CHANGED)
[2026-01-26 08:59:05]   [emp_id: 5033] ✓ Updated: 11.7 → 11.76 (CHANGED)
[2026-01-26 08:59:05]   [emp_id: 5043] ✓ Updated: 32.05 → 32.13 (CHANGED)
[2026-01-26 08:59:05]   [emp_id: 5045] ✓ Updated: 28.55 → 28.63 (CHANGED)
[2026-01-26 08:59:05]   [emp_id: 5046] ✓ Updated: 23.74 → 23.82 (CHANGED)
[2026-01-26 08:59:05]   [emp_id: 5049] ✓ Updated: 0.38 → 0.44 (CHANGED)
[2026-01-26 08:59:05]   [emp_id: 5052] ✓ Updated: 31.66 → 31.72 (CHANGED)
[2026-01-26 08:59:05]   [emp_id: 5055] ✓ Updated: 20.1 → 20.16 (CHANGED)
[2026-01-26 08:59:05]   [emp_id: 5058] ✓ Updated: 29.08 → 29.14 (CHANGED)
[2026-01-26 08:59:05]   [emp_id: 5062] ✓ Updated: 40.91 → 40.97 (CHANGED)
[2026-01-26 08:59:05]   [emp_id: 5064] ✓ Updated: 119.38 → 119.46 (CHANGED)
[2026-01-26 08:59:05]   [emp_id: 5065] ✓ Updated: 40.32 → 40.38 (CHANGED)
[2026-01-26 08:59:05]   [emp_id: 5071] ✓ Updated: 24.88 → 24.96 (CHANGED)
[2026-01-26 08:59:05]   [emp_id: 5073] ✓ Updated: 14.92 → 14.98 (CHANGED)
[2026-01-26 08:59:05]   [emp_id: 5079] ✓ Updated: 35.48 → 35.54 (CHANGED)
[2026-01-26 08:59:05]   [emp_id: 5080] ✓ Updated: 28.81 → 28.87 (CHANGED)
[2026-01-26 08:59:06]   [emp_id: 5081] ✓ Updated: 17.07 → 17.13 (CHANGED)
[2026-01-26 08:59:06]   [emp_id: 5087] ✓ Updated: 37.11 → 37.17 (CHANGED)
[2026-01-26 08:59:06]   [emp_id: 5091] ✓ Updated: 76.96 → 77.02 (CHANGED)
[2026-01-26 08:59:06]   [emp_id: 5093] ✓ Updated: 16.05 → 16.13 (CHANGED)
[2026-01-26 08:59:06]   [emp_id: 5095] ✓ Updated: 2.5 → 2.56 (CHANGED)
[2026-01-26 08:59:06]   [emp_id: 5101] ✓ Updated: 18.13 → 18.21 (CHANGED)
[2026-01-26 08:59:06]   [emp_id: 5107] ✓ Updated: 16.46 → 16.54 (CHANGED)
[2026-01-26 08:59:06]   [emp_id: 5109] ✓ Updated: 13.71 → 13.79 (CHANGED)
[2026-01-26 08:59:06]   [emp_id: 5119] ✓ Updated: 11.88 → 11.96 (CHANGED)
[2026-01-26 08:59:06]   [emp_id: 5122] ✓ Updated: 9.05 → 9.13 (CHANGED)
[2026-01-26 08:59:06]   [emp_id: 5126] ✓ Updated: 27.84 → 27.9 (CHANGED)
[2026-01-26 08:59:06]   [emp_id: 5127] ✓ Updated: 24.63 → 24.69 (CHANGED)
[2026-01-26 08:59:06]   [emp_id: 5128] ✓ Updated: 27.78 → 27.84 (CHANGED)
[2026-01-26 08:59:06]   [emp_id: 5138] ✓ Updated: 51.71 → 51.79 (CHANGED)
[2026-01-26 08:59:06]   [emp_id: 5138] ✓ Updated: 51.71 → 51.79 (CHANGED)
[2026-01-26 08:59:06]   [emp_id: 5141] ✓ Updated: 36.15 → 36.21 (CHANGED)
[2026-01-26 08:59:06]   [emp_id: 5142] ✓ Updated: 15.15 → 15.21 (CHANGED)
[2026-01-26 08:59:06]   [emp_id: 5146] ✓ Updated: 22.15 → 22.21 (CHANGED)
[2026-01-26 08:59:06]   [emp_id: 5147] ✓ Updated: 21.15 → 21.21 (CHANGED)
[2026-01-26 08:59:06]   [emp_id: 5148] ✓ Updated: 26.5 → 26.56 (CHANGED)
[2026-01-26 08:59:06]   [emp_id: 5149] ✓ Updated: 25.39 → 25.45 (CHANGED)
[2026-01-26 08:59:06]   [emp_id: 5150] ✓ Updated: 24.75 → 24.81 (CHANGED)
[2026-01-26 08:59:06]   [emp_id: 5151] ✓ Updated: 24.57 → 24.63 (CHANGED)
[2026-01-26 08:59:06]   [emp_id: 5152] ✓ Updated: 4.99 → 5.05 (CHANGED)
[2026-01-26 08:59:06]   [emp_id: 5157] ✓ Updated: 24.57 → 24.63 (CHANGED)
[2026-01-26 08:59:06]   [emp_id: 5160] ✓ Updated: 24.57 → 24.63 (CHANGED)
[2026-01-26 08:59:06]   [emp_id: 5163] ✓ Updated: 22.36 → 22.42 (CHANGED)
[2026-01-26 08:59:06]   [emp_id: 5165] ✓ Updated: 3.15 → 3.23 (CHANGED)
[2026-01-26 08:59:06]   [emp_id: 5167] ✓ Updated: 31.51 → 31.57 (CHANGED)
[2026-01-26 08:59:06]   [emp_id: 5168] ✓ Updated: 24.05 → 24.11 (CHANGED)
[2026-01-26 08:59:06]   [emp_id: 5173] ✓ Updated: 26.8 → 26.88 (CHANGED)
[2026-01-26 08:59:06]   [emp_id: 5174] ✓ Updated: 24.51 → 24.57 (CHANGED)
[2026-01-26 08:59:06]   [emp_id: 5181] ✓ Updated: 20.9 → 20.96 (CHANGED)
[2026-01-26 08:59:06]   [emp_id: 5186] ✓ Updated: 26.43 → 26.49 (CHANGED)
[2026-01-26 08:59:06]   [emp_id: 5187] ✓ Updated: 37.43 → 37.49 (CHANGED)
[2026-01-26 08:59:06]   [emp_id: 5204] ✓ Updated: 24.3 → 24.38 (CHANGED)
[2026-01-26 08:59:06]   [emp_id: 5205] ✓ Updated: 13.64 → 13.7 (CHANGED)
[2026-01-26 08:59:06]   [emp_id: 5209] ✓ Updated: 16.64 → 16.7 (CHANGED)
[2026-01-26 08:59:06]   [emp_id: 5213] ✓ Updated: 4.05 → 4.11 (CHANGED)
[2026-01-26 08:59:06]   [emp_id: 5214] ✓ Updated: 2.89 → 2.95 (CHANGED)
[2026-01-26 08:59:06]   [emp_id: 5215] ✓ Updated: 11.64 → 11.7 (CHANGED)
[2026-01-26 08:59:06]   [emp_id: 5217] ✓ Updated: 10.64 → 10.7 (CHANGED)
[2026-01-26 08:59:06]   [emp_id: 5219] ✓ Updated: 14.64 → 14.7 (CHANGED)
[2026-01-26 08:59:06]   [emp_id: 5221] ✓ Updated: 3.95 → 4.01 (CHANGED)
[2026-01-26 08:59:06]   [emp_id: 5224] ✓ Updated: 15.64 → 15.7 (CHANGED)
[2026-01-26 08:59:06]   [emp_id: 5225] ✓ Updated: 7.95 → 8.01 (CHANGED)
[2026-01-26 08:59:06]   [emp_id: 5228] ✓ Updated: 10.64 → 10.7 (CHANGED)
[2026-01-26 08:59:06]   [emp_id: 5229] ✓ Updated: 6.64 → 6.7 (CHANGED)
[2026-01-26 08:59:06]   [emp_id: 5230] ✓ Updated: 11.31 → 11.37 (CHANGED)
[2026-01-26 08:59:06]   [emp_id: 5231] ✓ Updated: 7.64 → 7.7 (CHANGED)
[2026-01-26 08:59:06]   [emp_id: 5232] ✓ Updated: 1.64 → 1.7 (CHANGED)
[2026-01-26 08:59:06]   [emp_id: 5233] ✓ Updated: 5.64 → 5.7 (CHANGED)
[2026-01-26 08:59:06]   [emp_id: 5234] ✓ Updated: 5.64 → 5.7 (CHANGED)
[2026-01-26 08:59:06]   [emp_id: 5235] ✓ Updated: 1.08 → 1.14 (CHANGED)
[2026-01-26 08:59:06]   [emp_id: 5237] ✓ Updated: 11.89 → 11.95 (CHANGED)
[2026-01-26 08:59:06]   [emp_id: 5239] ✓ Updated: 8.64 → 8.7 (CHANGED)
[2026-01-26 08:59:06]   [emp_id: 5241] ✓ Updated: 6.64 → 6.7 (CHANGED)
[2026-01-26 08:59:06]   [emp_id: 5242] ✓ Updated: 16.64 → 16.7 (CHANGED)
[2026-01-26 08:59:07]   [emp_id: 5243] ✓ Updated: 3.05 → 3.11 (CHANGED)
[2026-01-26 08:59:07]   [emp_id: 5244] ✓ Updated: 1.08 → 1.14 (CHANGED)
[2026-01-26 08:59:07]   [emp_id: 5246] ✓ Updated: 12.64 → 12.7 (CHANGED)
[2026-01-26 08:59:07]   [emp_id: 5253] ✓ Updated: 25.51 → 25.57 (CHANGED)
[2026-01-26 08:59:07]   [emp_id: 5254] ✓ Updated: 13.49 → 13.55 (CHANGED)
[2026-01-26 08:59:07]   [emp_id: 5257] ✓ Updated: 13.2 → 13.26 (CHANGED)
[2026-01-26 08:59:07]   [emp_id: 5259] ✓ Updated: 49.73 → 49.79 (CHANGED)
[2026-01-26 08:59:07]   [emp_id: 5261] ✓ Updated: 17.9 → 17.98 (CHANGED)
[2026-01-26 08:59:07]   [emp_id: 5264] ✓ Updated: 15.21 → 15.27 (CHANGED)
[2026-01-26 08:59:07]   [emp_id: 5266] ✓ Updated: 21.83 → 21.89 (CHANGED)
[2026-01-26 08:59:07]   [emp_id: 5268] ✓ Updated: 10.4 → 10.46 (CHANGED)
[2026-01-26 08:59:07]   [emp_id: 5271] ✓ Updated: 9.06 → 9.12 (CHANGED)
[2026-01-26 08:59:07]   [emp_id: 5272] ✓ Updated: 9.93 → 9.99 (CHANGED)
[2026-01-26 08:59:07]   [emp_id: 5273] ✓ Updated: 25 → 25.06 (CHANGED)
[2026-01-26 08:59:07]   [emp_id: 5275] ✓ Updated: 10.75 → 10.81 (CHANGED)
[2026-01-26 08:59:07]   [emp_id: 5276] ✓ Updated: 25.02 → 25.08 (CHANGED)
[2026-01-26 08:59:07]   [emp_id: 5278] ✓ Updated: 9.41 → 9.47 (CHANGED)
[2026-01-26 08:59:07]   [emp_id: 5280] ✓ Updated: 19.81 → 19.87 (CHANGED)
[2026-01-26 08:59:07]   [emp_id: 5282] ✓ Updated: 13.38 → 13.46 (CHANGED)
[2026-01-26 08:59:07]   [emp_id: 5285] ✓ Updated: 29.81 → 29.87 (CHANGED)
[2026-01-26 08:59:07]   [emp_id: 5286] ✓ Updated: 16.81 → 16.87 (CHANGED)
[2026-01-26 08:59:07]   [emp_id: 5287] ✓ Updated: 51.11 → 51.17 (CHANGED)
[2026-01-26 08:59:07]   [emp_id: 5288] ✓ Updated: 8.38 → 8.44 (CHANGED)
[2026-01-26 08:59:07]   [emp_id: 5289] ✓ Updated: 49.66 → 49.72 (CHANGED)
[2026-01-26 08:59:07]   [emp_id: 5290] ✓ Updated: 48.43 → 48.49 (CHANGED)
[2026-01-26 08:59:07]   [emp_id: 5291] ✓ Updated: 6.43 → 6.49 (CHANGED)
[2026-01-26 08:59:07]   [emp_id: 5292] ✓ Updated: 6.37 → 6.43 (CHANGED)
[2026-01-26 08:59:07]   [emp_id: 5293] ✓ Updated: 9.64 → 9.72 (CHANGED)
[2026-01-26 08:59:07]   [emp_id: 5294] ✓ Updated: 9.3 → 9.38 (CHANGED)
[2026-01-26 08:59:07]   [emp_id: 5295] ✓ Updated: 22.61 → 22.67 (CHANGED)
[2026-01-26 08:59:07]   [emp_id: 5296] ✓ Updated: 36.32 → 36.4 (CHANGED)
[2026-01-26 08:59:07]   [emp_id: 5297] ✓ Updated: 47.03 → 47.09 (CHANGED)
[2026-01-26 08:59:07]   [emp_id: 5298] ✓ Updated: 47.03 → 47.09 (CHANGED)
[2026-01-26 08:59:07]   [emp_id: 5299] ✓ Updated: 47.03 → 47.09 (CHANGED)
[2026-01-26 08:59:07]   [emp_id: 5300] ✓ Updated: 47.03 → 47.09 (CHANGED)
[2026-01-26 08:59:07]   [emp_id: 5301] ✓ Updated: 4.85 → 4.91 (CHANGED)
[2026-01-26 08:59:07]   [emp_id: 5303] ✓ Updated: 5.28 → 5.34 (CHANGED)
[2026-01-26 08:59:07]   [emp_id: 5304] ✓ Updated: 2.03 → 2.09 (CHANGED)
[2026-01-26 08:59:07]   [emp_id: 5305] ✓ Updated: 5.03 → 5.09 (CHANGED)
[2026-01-26 08:59:07]   [emp_id: 5306] ✓ Updated: 46.74 → 46.8 (CHANGED)
[2026-01-26 08:59:07]   [emp_id: 5307] ✓ Updated: 46.74 → 46.8 (CHANGED)
[2026-01-26 08:59:07]   [emp_id: 5312] ✓ Updated: 1.08 → 1.14 (CHANGED)
[2026-01-26 08:59:07]   [emp_id: 5318] ✓ Updated: 27.45 → 27.51 (CHANGED)
[2026-01-26 08:59:07]   [emp_id: 5325] ✓ Updated: 1.41 → 1.47 (CHANGED)
[2026-01-26 08:59:07]   [emp_id: 5327] ✓ Updated: 2.5 → 2.56 (CHANGED)
[2026-01-26 08:59:07]   [emp_id: 5337] ✓ Updated: 37.21 → 37.29 (CHANGED)
[2026-01-26 08:59:07]   [emp_id: 5339] ✓ Updated: 11.6 → 11.66 (CHANGED)
[2026-01-26 08:59:07]   [emp_id: 5343] ✓ Updated: 47.13 → 47.21 (CHANGED)
[2026-01-26 08:59:07]   [emp_id: 5343] ✓ Updated: 47.13 → 47.21 (CHANGED)
[2026-01-26 08:59:08]   [emp_id: 5345] ✓ Updated: 16.96 → 17.04 (CHANGED)
[2026-01-26 08:59:08]   [emp_id: 5346] ✓ Updated: 3.32 → 3.38 (CHANGED)
[2026-01-26 08:59:08]   [emp_id: 5351] ✓ Updated: 18.26 → 18.32 (CHANGED)
[2026-01-26 08:59:08]   [emp_id: 5352] ✓ Updated: 27.38 → 27.46 (CHANGED)
[2026-01-26 08:59:08]   [emp_id: 5370] ✓ Updated: 16.91 → 16.97 (CHANGED)
[2026-01-26 08:59:08]   [emp_id: 5371] ✓ Updated: 9.13 → 9.21 (CHANGED)
[2026-01-26 08:59:08]   [emp_id: 5376] ✓ Updated: 11.51 → 11.57 (CHANGED)
[2026-01-26 08:59:08]   [emp_id: 5378] ✓ Updated: 19.21 → 19.29 (CHANGED)
[2026-01-26 08:59:08]   [emp_id: 5380] ✓ Updated: 17.92 → 17.98 (CHANGED)
[2026-01-26 08:59:08]   [emp_id: 5381] ✓ Updated: 13.65 → 13.73 (CHANGED)
[2026-01-26 08:59:08]   [emp_id: 5383] ✓ Updated: 16.96 → 17.04 (CHANGED)
[2026-01-26 08:59:08]   [emp_id: 5388] ✓ Updated: 28.7 → 28.76 (CHANGED)
[2026-01-26 08:59:08]   [emp_id: 5396] ✓ Updated: 29.94 → 30 (CHANGED)
[2026-01-26 08:59:08]   [emp_id: 5397] ✓ Updated: 21.4 → 21.46 (CHANGED)
[2026-01-26 08:59:08]   [emp_id: 5401] ✓ Updated: 24.51 → 24.57 (CHANGED)
[2026-01-26 08:59:08]   [emp_id: 5402] ✓ Updated: 24.63 → 24.69 (CHANGED)
[2026-01-26 08:59:08]   [emp_id: 5406] ✓ Updated: 18.35 → 18.41 (CHANGED)
[2026-01-26 08:59:08]   [emp_id: 5407] ✓ Updated: 17.73 → 17.81 (CHANGED)
[2026-01-26 08:59:08]   [emp_id: 5409] ✓ Updated: 17.69 → 17.75 (CHANGED)
[2026-01-26 08:59:08]   [emp_id: 5413] ✓ Updated: 30.13 → 30.21 (CHANGED)
[2026-01-26 08:59:08]   [emp_id: 5414] ✓ Updated: 29.8 → 29.88 (CHANGED)
[2026-01-26 08:59:08]   [emp_id: 5415] ✓ Updated: 5.73 → 5.81 (CHANGED)
[2026-01-26 08:59:08]   [emp_id: 5418] ✓ Updated: 16.75 → 16.81 (CHANGED)
[2026-01-26 08:59:08]   [emp_id: 5422] ✓ Updated: 22.46 → 22.54 (CHANGED)
[2026-01-26 08:59:08]   [emp_id: 5423] ✓ Updated: 7.15 → 7.23 (CHANGED)
[2026-01-26 08:59:08]   [emp_id: 5425] ✓ Updated: 15.3 → 15.36 (CHANGED)
[2026-01-26 08:59:08]   [emp_id: 5426] ✓ Updated: 3.7 → 3.78 (CHANGED)
[2026-01-26 08:59:08]   [emp_id: 5426] ✓ Updated: 3.7 → 3.78 (CHANGED)
[2026-01-26 08:59:08]   [emp_id: 5427] ✓ Updated: 15.41 → 15.47 (CHANGED)
[2026-01-26 08:59:08]   [emp_id: 5428] ✓ Updated: 15.3 → 15.36 (CHANGED)
[2026-01-26 08:59:08]   [emp_id: 5430] ✓ Updated: 19.52 → 19.6 (CHANGED)
[2026-01-26 08:59:08]   [emp_id: 5431] ✓ Updated: 14.42 → 14.48 (CHANGED)
[2026-01-26 08:59:08]   [emp_id: 5433] ✓ Updated: 14.44 → 14.5 (CHANGED)
[2026-01-26 08:59:08]   [emp_id: 5434] ✓ Updated: 14.19 → 14.25 (CHANGED)
[2026-01-26 08:59:08]   [emp_id: 5435] ✓ Updated: 14.13 → 14.19 (CHANGED)
[2026-01-26 08:59:08]   [emp_id: 5436] ✓ Updated: 14.13 → 14.19 (CHANGED)
[2026-01-26 08:59:08]   [emp_id: 5438] ✓ Updated: 17.38 → 17.46 (CHANGED)
[2026-01-26 08:59:08]   [emp_id: 5439] ✓ Updated: 26.88 → 26.96 (CHANGED)
[2026-01-26 08:59:08]   [emp_id: 5442] ✓ Updated: 15.88 → 15.96 (CHANGED)
[2026-01-26 08:59:08]   [emp_id: 5445] ✓ Updated: 8.59 → 8.65 (CHANGED)
[2026-01-26 08:59:08]   [emp_id: 5446] ✓ Updated: 8.59 → 8.65 (CHANGED)
[2026-01-26 08:59:08]   [emp_id: 5447] ✓ Updated: 8.53 → 8.59 (CHANGED)
[2026-01-26 08:59:08]   [emp_id: 5448] ✓ Updated: 2.9 → 2.98 (CHANGED)
[2026-01-26 08:59:08]   [emp_id: 5449] ✓ Updated: 6.61 → 6.67 (CHANGED)
[2026-01-26 08:59:08]   [emp_id: 5450] ✓ Updated: 6.55 → 6.61 (CHANGED)
[2026-01-26 08:59:08]   [emp_id: 5451] ✓ Updated: 6.55 → 6.61 (CHANGED)
[2026-01-26 08:59:08]   [emp_id: 5453] ✓ Updated: 6.39 → 6.45 (CHANGED)
[2026-01-26 08:59:08]   [emp_id: 5454] ✓ Updated: 8.96 → 9.04 (CHANGED)
[2026-01-26 08:59:08]   [emp_id: 5455] ✓ Updated: 3.21 → 3.29 (CHANGED)
[2026-01-26 08:59:08]   [emp_id: 5456] ✓ Updated: 8.21 → 8.29 (CHANGED)
[2026-01-26 08:59:08]   [emp_id: 5457] ✓ Updated: 5.64 → 5.7 (CHANGED)
[2026-01-26 08:59:08]   [emp_id: 5460] ✓ Updated: 6.86 → 6.94 (CHANGED)
[2026-01-26 08:59:08]   [emp_id: 5463] ✓ Updated: 6.19 → 6.27 (CHANGED)
[2026-01-26 08:59:09]   [emp_id: 5464] ✓ Updated: 6.19 → 6.27 (CHANGED)
[2026-01-26 08:59:09]   [emp_id: 5466] ✓ Updated: 3.94 → 4.02 (CHANGED)
[2026-01-26 08:59:09]   [emp_id: 5467] ✓ Updated: 2.86 → 2.94 (CHANGED)
[2026-01-26 08:59:09]   [emp_id: 5468] ✓ Updated: 1.81 → 1.89 (CHANGED)
[2026-01-26 08:59:09]   [emp_id: 5469] ✓ Updated: 1.72 → 1.8 (CHANGED)
[2026-01-26 08:59:09] Report saved to: D:\xampp\htdocs\almutlak\system/cron_logs/last_vacation_update_report.json
[2026-01-26 08:59:22] ========== CRON: Vacation Balance Update Started ==========
