[2025-12-12 00:30:02] ========== CRON: Vacation Balance Update Started ==========
[2025-12-12 00:30:02] Database connection established
[2025-12-12 00:30:02] Found 439 active employees with balance records to update
[2025-12-12 00:30:02] (Only employees with status=1 will be processed)
[2025-12-12 00:30:02]   [emp_id: 1061] ✓ Updated: 31.52 → 31.6 (CHANGED)
[2025-12-12 00:30:02]   [emp_id: 1496] ✓ Updated: 14.69 → 14.77 (CHANGED)
[2025-12-12 00:30:02]   [emp_id: 1500] ✓ Updated: 23.94 → 24.02 (CHANGED)
[2025-12-12 00:30:02]   [emp_id: 1574] ✓ Updated: 31.6 → 31.68 (CHANGED)
[2025-12-12 00:30:02]   [emp_id: 1673] ✓ Updated: 43.1 → 43.18 (CHANGED)
[2025-12-12 00:30:02]   [emp_id: 1685] ✓ Updated: 13.02 → 13.1 (CHANGED)
[2025-12-12 00:30:02]   [emp_id: 1764] ✓ Updated: 67.69 → 67.77 (CHANGED)
[2025-12-12 00:30:02]   [emp_id: 1805] ✓ Updated: 62.02 → 62.1 (CHANGED)
[2025-12-12 00:30:02]   [emp_id: 1822] ✓ Updated: 66.77 → 66.85 (CHANGED)
[2025-12-12 00:30:02]   [emp_id: 1837] ✓ Updated: 22.94 → 23.02 (CHANGED)
[2025-12-12 00:30:02]   [emp_id: 1857] ✓ Updated: 18.27 → 18.35 (CHANGED)
[2025-12-12 00:30:02]   [emp_id: 1861] ✓ Updated: 69.1 → 69.18 (CHANGED)
[2025-12-12 00:30:02]   [emp_id: 1872] ✓ Updated: 7.94 → 8.02 (CHANGED)
[2025-12-12 00:30:02]   [emp_id: 1897] ✓ Updated: 30.27 → 30.35 (CHANGED)
[2025-12-12 00:30:02]   [emp_id: 1916] ✓ Updated: 9.57 → 9.65 (CHANGED)
[2025-12-12 00:30:02]   [emp_id: 1928] ✓ Updated: 62.52 → 62.6 (CHANGED)
[2025-12-12 00:30:02]   [emp_id: 1931] ✓ Updated: 82.44 → 82.52 (CHANGED)
[2025-12-12 00:30:02]   [emp_id: 1944] ✓ Updated: 40.6 → 40.68 (CHANGED)
[2025-12-12 00:30:02]   [emp_id: 1996] ✓ Updated: 69.1 → 69.18 (CHANGED)
[2025-12-12 00:30:02]   [emp_id: 1997] ✓ Updated: 34.27 → 34.35 (CHANGED)
[2025-12-12 00:30:02]   [emp_id: 1998] ✓ Updated: 85.6 → 85.68 (CHANGED)
[2025-12-12 00:30:02]   [emp_id: 1999] ✓ Updated: 86.6 → 86.68 (CHANGED)
[2025-12-12 00:30:02]   [emp_id: 2009] ✓ Updated: 33.02 → 33.1 (CHANGED)
[2025-12-12 00:30:02]   [emp_id: 2048] ✓ Updated: 22.85 → 22.93 (CHANGED)
[2025-12-12 00:30:02]   [emp_id: 2057] ✓ Updated: 63.69 → 63.77 (CHANGED)
[2025-12-12 00:30:02]   [emp_id: 2079] ✓ Updated: 46.02 → 46.1 (CHANGED)
[2025-12-12 00:30:02]   [emp_id: 2181] ✓ Updated: 35.02 → 35.1 (CHANGED)
[2025-12-12 00:30:02]   [emp_id: 2190] ✓ Updated: 4.35 → 4.43 (CHANGED)
[2025-12-12 00:30:02]   [emp_id: 2212] ✓ Updated: 22.35 → 22.43 (CHANGED)
[2025-12-12 00:30:02]   [emp_id: 2226] ✓ Updated: 67.1 → 67.18 (CHANGED)
[2025-12-12 00:30:02]   [emp_id: 2238] ✓ Updated: 65.35 → 65.43 (CHANGED)
[2025-12-12 00:30:02]   [emp_id: 2285] ✓ Updated: 34.02 → 34.1 (CHANGED)
[2025-12-12 00:30:02]   [emp_id: 2287] ✓ Updated: 45.69 → 45.77 (CHANGED)
[2025-12-12 00:30:02]   [emp_id: 2288] ✓ Updated: 60.6 → 60.68 (CHANGED)
[2025-12-12 00:30:02]   [emp_id: 2290] ✓ Updated: 77.52 → 77.6 (CHANGED)
[2025-12-12 00:30:02]   [emp_id: 2316] ✓ Updated: 14.52 → 14.6 (CHANGED)
[2025-12-12 00:30:02]   [emp_id: 2337] ✓ Updated: 35.6 → 35.68 (CHANGED)
[2025-12-12 00:30:02]   [emp_id: 2352] ✓ Updated: 67.1 → 67.18 (CHANGED)
[2025-12-12 00:30:02]   [emp_id: 2358] ✓ Updated: 3.6 → 3.68 (CHANGED)
[2025-12-12 00:30:02]   [emp_id: 2361] ✓ Updated: 69.27 → 69.35 (CHANGED)
[2025-12-12 00:30:02]   [emp_id: 2363] ✓ Updated: 71.85 → 71.93 (CHANGED)
[2025-12-12 00:30:02]   [emp_id: 2364] ✓ Updated: 71.27 → 71.35 (CHANGED)
[2025-12-12 00:30:02]   [emp_id: 2367] ✓ Updated: 98.94 → 99.02 (CHANGED)
[2025-12-12 00:30:02]   [emp_id: 2368] ✓ Updated: 29.35 → 29.43 (CHANGED)
[2025-12-12 00:30:02]   [emp_id: 2372] ✓ Updated: 66.6 → 66.68 (CHANGED)
[2025-12-12 00:30:02]   [emp_id: 2376] ✓ Updated: 116.6 → 116.68 (CHANGED)
[2025-12-12 00:30:02]   [emp_id: 2423] ✓ Updated: 17.35 → 17.43 (CHANGED)
[2025-12-12 00:30:02]   [emp_id: 2519] ✓ Updated: 171.02 → 171.1 (CHANGED)
[2025-12-12 00:30:02]   [emp_id: 2522] ✓ Updated: 54.6 → 54.68 (CHANGED)
[2025-12-12 00:30:02]   [emp_id: 2530] ✓ Updated: 49.85 → 49.93 (CHANGED)
[2025-12-12 00:30:02]   [emp_id: 2539] ✓ Updated: 46.6 → 46.68 (CHANGED)
[2025-12-12 00:30:02]   [emp_id: 2541] ✓ Updated: 27.19 → 27.27 (CHANGED)
[2025-12-12 00:30:02]   [emp_id: 2550] ✓ Updated: 93.35 → 93.43 (CHANGED)
[2025-12-12 00:30:02]   [emp_id: 2553] ✓ Updated: 60.35 → 60.43 (CHANGED)
[2025-12-12 00:30:02]   [emp_id: 2554] ✓ Updated: 36.94 → 37.02 (CHANGED)
[2025-12-12 00:30:02]   [emp_id: 2565] ✓ Updated: 91.52 → 91.6 (CHANGED)
[2025-12-12 00:30:02]   [emp_id: 2572] ✓ Updated: 41.52 → 41.6 (CHANGED)
[2025-12-12 00:30:02]   [emp_id: 2637] ✓ Updated: 62.1 → 62.18 (CHANGED)
[2025-12-12 00:30:02]   [emp_id: 2642] ✓ Updated: 74.85 → 74.93 (CHANGED)
[2025-12-12 00:30:02]   [emp_id: 2645] ✓ Updated: 90.85 → 90.93 (CHANGED)
[2025-12-12 00:30:02]   [emp_id: 2648] ✓ Updated: 42.52 → 42.6 (CHANGED)
[2025-12-12 00:30:02]   [emp_id: 2654] ✓ Updated: 85.19 → 85.27 (CHANGED)
[2025-12-12 00:30:02]   [emp_id: 2688] ✓ Updated: 23.27 → 23.35 (CHANGED)
[2025-12-12 00:30:02]   [emp_id: 2690] ✓ Updated: 12.02 → 12.1 (CHANGED)
[2025-12-12 00:30:02]   [emp_id: 2709] ✓ Updated: 34.27 → 34.35 (CHANGED)
[2025-12-12 00:30:02]   [emp_id: 2745] ✓ Updated: 30.85 → 30.93 (CHANGED)
[2025-12-12 00:30:02]   [emp_id: 2843] ✓ Updated: 77.44 → 77.52 (CHANGED)
[2025-12-12 00:30:02]   [emp_id: 2854] ✓ Updated: 57.35 → 57.43 (CHANGED)
[2025-12-12 00:30:02]   [emp_id: 2869] ✓ Updated: 62.27 → 62.35 (CHANGED)
[2025-12-12 00:30:02]   [emp_id: 2876] ✓ Updated: 32.1 → 32.18 (CHANGED)
[2025-12-12 00:30:02]   [emp_id: 2924] ✓ Updated: 13.27 → 13.35 (CHANGED)
[2025-12-12 00:30:02]   [emp_id: 2953] ✓ Updated: 99.02 → 99.1 (CHANGED)
[2025-12-12 00:30:03]   [emp_id: 2961] ✓ Updated: 9.02 → 9.1 (CHANGED)
[2025-12-12 00:30:03]   [emp_id: 2975] ✓ Updated: 11.02 → 11.1 (CHANGED)
[2025-12-12 00:30:03]   [emp_id: 3013] ✓ Updated: 8.02 → 8.1 (CHANGED)
[2025-12-12 00:30:03]   [emp_id: 3014] ✓ Updated: 87.27 → 87.35 (CHANGED)
[2025-12-12 00:30:03]   [emp_id: 3015] ✓ Updated: 38.52 → 38.6 (CHANGED)
[2025-12-12 00:30:03]   [emp_id: 3018] ✓ Updated: 57.27 → 57.35 (CHANGED)
[2025-12-12 00:30:03]   [emp_id: 3025] ✓ Updated: 80.94 → 81.02 (CHANGED)
[2025-12-12 00:30:03]   [emp_id: 3037] ✓ Updated: 80.77 → 80.85 (CHANGED)
[2025-12-12 00:30:03]   [emp_id: 3047] ✓ Updated: 69.02 → 69.1 (CHANGED)
[2025-12-12 00:30:03]   [emp_id: 3061] ✓ Updated: 15.94 → 16.02 (CHANGED)
[2025-12-12 00:30:03]   [emp_id: 3062] ✓ Updated: 49.1 → 49.18 (CHANGED)
[2025-12-12 00:30:03]   [emp_id: 3074] ✓ Updated: 105.52 → 105.6 (CHANGED)
[2025-12-12 00:30:03]   [emp_id: 3089] ✓ Updated: 4.44 → 4.52 (CHANGED)
[2025-12-12 00:30:03]   [emp_id: 3090] ✓ Updated: 31.02 → 31.1 (CHANGED)
[2025-12-12 00:30:03]   [emp_id: 3091] ✓ Updated: 43.02 → 43.1 (CHANGED)
[2025-12-12 00:30:03]   [emp_id: 3092] ✓ Updated: 25.69 → 25.77 (CHANGED)
[2025-12-12 00:30:03]   [emp_id: 3105] ✓ Updated: 46.02 → 46.1 (CHANGED)
[2025-12-12 00:30:03]   [emp_id: 3134] ✓ Updated: 41.77 → 41.85 (CHANGED)
[2025-12-12 00:30:03]   [emp_id: 3140] ✓ Updated: 38.85 → 38.93 (CHANGED)
[2025-12-12 00:30:03]   [emp_id: 3144] ✓ Updated: 11.69 → 11.77 (CHANGED)
[2025-12-12 00:30:03]   [emp_id: 3156] ✓ Updated: 15.02 → 15.1 (CHANGED)
[2025-12-12 00:30:03]   [emp_id: 3162] ✓ Updated: 0 → 0.08 (CHANGED)
[2025-12-12 00:30:03]   [emp_id: 3163] ✓ Updated: 3.27 → 3.35 (CHANGED)
[2025-12-12 00:30:03]   [emp_id: 3198] ✓ Updated: 38.27 → 38.35 (CHANGED)
[2025-12-12 00:30:03]   [emp_id: 3205] ✓ Updated: 14.94 → 15.02 (CHANGED)
[2025-12-12 00:30:03]   [emp_id: 3209] ✓ Updated: 39.1 → 39.18 (CHANGED)
[2025-12-12 00:30:03]   [emp_id: 3223] ✓ Updated: 88.02 → 88.1 (CHANGED)
[2025-12-12 00:30:03]   [emp_id: 3224] ✓ Updated: 62.77 → 62.85 (CHANGED)
[2025-12-12 00:30:03]   [emp_id: 3230] ✓ Updated: 86.19 → 86.27 (CHANGED)
[2025-12-12 00:30:03]   [emp_id: 3231] ✓ Updated: 87.44 → 87.52 (CHANGED)
[2025-12-12 00:30:03]   [emp_id: 3233] ✓ Updated: 79.02 → 79.1 (CHANGED)
[2025-12-12 00:30:03]   [emp_id: 3249] ✓ Updated: 34.85 → 34.93 (CHANGED)
[2025-12-12 00:30:03]   [emp_id: 3250] ✓ Updated: 7.85 → 7.93 (CHANGED)
[2025-12-12 00:30:03]   [emp_id: 3252] ✓ Updated: 8.77 → 8.85 (CHANGED)
[2025-12-12 00:30:03]   [emp_id: 3254] ✓ Updated: 19.27 → 19.35 (CHANGED)
[2025-12-12 00:30:03]   [emp_id: 3255] ✓ Updated: 15.69 → 15.77 (CHANGED)
[2025-12-12 00:30:03]   [emp_id: 3256] ✓ Updated: 11.94 → 12.02 (CHANGED)
[2025-12-12 00:30:03]   [emp_id: 3263] ✓ Updated: 28.02 → 28.1 (CHANGED)
[2025-12-12 00:30:03]   [emp_id: 3265] ✓ Updated: 23.6 → 23.68 (CHANGED)
[2025-12-12 00:30:03]   [emp_id: 3280] ✓ Updated: 70.52 → 70.6 (CHANGED)
[2025-12-12 00:30:03]   [emp_id: 3286] ✓ Updated: 13.69 → 13.77 (CHANGED)
[2025-12-12 00:30:03]   [emp_id: 3294] ✓ Updated: 13.35 → 13.43 (CHANGED)
[2025-12-12 00:30:03]   [emp_id: 3321] ✓ Updated: 70.52 → 70.6 (CHANGED)
[2025-12-12 00:30:03]   [emp_id: 3325] ✓ Updated: 58.27 → 58.35 (CHANGED)
[2025-12-12 00:30:03]   [emp_id: 3329] ✓ Updated: 60.6 → 60.68 (CHANGED)
[2025-12-12 00:30:03]   [emp_id: 3330] ✓ Updated: 60.6 → 60.68 (CHANGED)
[2025-12-12 00:30:03]   [emp_id: 3332] ✓ Updated: 60.6 → 60.68 (CHANGED)
[2025-12-12 00:30:03]   [emp_id: 3370] ✓ Updated: 52.27 → 52.35 (CHANGED)
[2025-12-12 00:30:03]   [emp_id: 3384] ✓ Updated: 12.77 → 12.85 (CHANGED)
[2025-12-12 00:30:03]   [emp_id: 3386] ✓ Updated: 42.77 → 42.85 (CHANGED)
[2025-12-12 00:30:03]   [emp_id: 3431] ✓ Updated: 18.19 → 18.27 (CHANGED)
[2025-12-12 00:30:03]   [emp_id: 3497] ✓ Updated: 7.35 → 7.43 (CHANGED)
[2025-12-12 00:30:03]   [emp_id: 3532] ✓ Updated: 44.19 → 44.27 (CHANGED)
[2025-12-12 00:30:03]   [emp_id: 3586] ✓ Updated: 8.27 → 8.35 (CHANGED)
[2025-12-12 00:30:03]   [emp_id: 3602] ✓ Updated: 51.27 → 51.35 (CHANGED)
[2025-12-12 00:30:03]   [emp_id: 3618] ✓ Updated: 21.74 → 21.82 (CHANGED)
[2025-12-12 00:30:03]   [emp_id: 3622] ✓ Updated: 33.35 → 33.4 (CHANGED)
[2025-12-12 00:30:03]   [emp_id: 3627] ✓ Updated: 7.69 → 7.77 (CHANGED)
[2025-12-12 00:30:03]   [emp_id: 3665] ✓ Updated: 49.27 → 49.35 (CHANGED)
[2025-12-12 00:30:03]   [emp_id: 3705] ✓ Updated: 26.68 → 26.73 (CHANGED)
[2025-12-12 00:30:03]   [emp_id: 3724] ✓ Updated: 42.27 → 42.35 (CHANGED)
[2025-12-12 00:30:03]   [emp_id: 3726] ✓ Updated: 58.69 → 58.77 (CHANGED)
[2025-12-12 00:30:03]   [emp_id: 3727] ✓ Updated: 63.77 → 63.85 (CHANGED)
[2025-12-12 00:30:03]   [emp_id: 3728] ✓ Updated: 8.1 → 8.18 (CHANGED)
[2025-12-12 00:30:03]   [emp_id: 3742] ✓ Updated: 31.27 → 31.35 (CHANGED)
[2025-12-12 00:30:03]   [emp_id: 3767] ✓ Updated: 58.85 → 58.93 (CHANGED)
[2025-12-12 00:30:03]   [emp_id: 3768] ✓ Updated: 55.1 → 55.18 (CHANGED)
[2025-12-12 00:30:03]   [emp_id: 3787] ✓ Updated: 55.69 → 55.77 (CHANGED)
[2025-12-12 00:30:03]   [emp_id: 3790] ✓ Updated: 0.24 → 0.32 (CHANGED)
[2025-12-12 00:30:03]   [emp_id: 3795] ✓ Updated: 13.19 → 13.27 (CHANGED)
[2025-12-12 00:30:03]   [emp_id: 3798] ✓ Updated: 91.6 → 91.68 (CHANGED)
[2025-12-12 00:30:03]   [emp_id: 3801] ✓ Updated: 29.77 → 29.85 (CHANGED)
[2025-12-12 00:30:03]   [emp_id: 3802] ✓ Updated: 28.85 → 28.93 (CHANGED)
[2025-12-12 00:30:03]   [emp_id: 3803] ✓ Updated: 113.27 → 113.35 (CHANGED)
[2025-12-12 00:30:03]   [emp_id: 3810] ✓ Updated: 59.27 → 59.35 (CHANGED)
[2025-12-12 00:30:03]   [emp_id: 3812] ✓ Updated: 88.27 → 88.35 (CHANGED)
[2025-12-12 00:30:03]   [emp_id: 3815] ✓ Updated: 88.27 → 88.35 (CHANGED)
[2025-12-12 00:30:03]   [emp_id: 3836] ✓ Updated: 55.94 → 56.02 (CHANGED)
[2025-12-12 00:30:03]   [emp_id: 3855] ✓ Updated: 49.1 → 49.18 (CHANGED)
[2025-12-12 00:30:03]   [emp_id: 3857] ✓ Updated: 52.77 → 52.85 (CHANGED)
[2025-12-12 00:30:03]   [emp_id: 3862] ✓ Updated: 100.85 → 100.93 (CHANGED)
[2025-12-12 00:30:03]   [emp_id: 3866] ✓ Updated: 26.1 → 26.18 (CHANGED)
[2025-12-12 00:30:03]   [emp_id: 3876] ✓ Updated: 46.27 → 46.35 (CHANGED)
[2025-12-12 00:30:03]   [emp_id: 3877] ✓ Updated: 47.77 → 47.85 (CHANGED)
[2025-12-12 00:30:03]   [emp_id: 3897] ✓ Updated: 36.02 → 36.1 (CHANGED)
[2025-12-12 00:30:03]   [emp_id: 3899] ✓ Updated: 51.19 → 51.27 (CHANGED)
[2025-12-12 00:30:03]   [emp_id: 3928] ✓ Updated: 12.1 → 12.18 (CHANGED)
[2025-12-12 00:30:03]   [emp_id: 3929] ✓ Updated: 7.1 → 7.18 (CHANGED)
[2025-12-12 00:30:03]   [emp_id: 3935] ✓ Updated: 92.1 → 92.18 (CHANGED)
[2025-12-12 00:30:03]   [emp_id: 3952] ✓ Updated: 74.44 → 74.52 (CHANGED)
[2025-12-12 00:30:03]   [emp_id: 3987] ✓ Updated: 12.35 → 12.43 (CHANGED)
[2025-12-12 00:30:03]   [emp_id: 4059] ✓ Updated: 1.55 → 1.63 (CHANGED)
[2025-12-12 00:30:03]   [emp_id: 4119] ✓ Updated: 55.02 → 55.1 (CHANGED)
[2025-12-12 00:30:03]   [emp_id: 4120] ✓ Updated: 24.6 → 24.68 (CHANGED)
[2025-12-12 00:30:03]   [emp_id: 4124] ✓ Updated: 55.02 → 55.1 (CHANGED)
[2025-12-12 00:30:03]   [emp_id: 4133] ✓ Updated: 103.6 → 103.68 (CHANGED)
[2025-12-12 00:30:03]   [emp_id: 4134] ✓ Updated: 24.6 → 24.68 (CHANGED)
[2025-12-12 00:30:03]   [emp_id: 4136] ✓ Updated: 24.6 → 24.68 (CHANGED)
[2025-12-12 00:30:03]   [emp_id: 4150] ✓ Updated: 23.27 → 23.35 (CHANGED)
[2025-12-12 00:30:03]   [emp_id: 4157] ✓ Updated: 16.77 → 16.85 (CHANGED)
[2025-12-12 00:30:03]   [emp_id: 4172] ✓ Updated: 11.26 → 11.31 (CHANGED)
[2025-12-12 00:30:03]   [emp_id: 4195] ✓ Updated: 60.35 → 60.43 (CHANGED)
[2025-12-12 00:30:03]   [emp_id: 4215] ✓ Updated: 43.02 → 43.1 (CHANGED)
[2025-12-12 00:30:03]   [emp_id: 4220] ✓ Updated: 38.6 → 38.68 (CHANGED)
[2025-12-12 00:30:03]   [emp_id: 4273] ✓ Updated: 7.27 → 7.35 (CHANGED)
[2025-12-12 00:30:03]   [emp_id: 4283] ✓ Updated: 12.35 → 12.4 (CHANGED)
[2025-12-12 00:30:03]   [emp_id: 4288] ✓ Updated: 42.1 → 42.18 (CHANGED)
[2025-12-12 00:30:03]   [emp_id: 4315] ✓ Updated: 13.52 → 13.6 (CHANGED)
[2025-12-12 00:30:03]   [emp_id: 4328] ✓ Updated: 41.18 → 41.23 (CHANGED)
[2025-12-12 00:30:03]   [emp_id: 4329] ✓ Updated: 3.69 → 3.77 (CHANGED)
[2025-12-12 00:30:03]   [emp_id: 4338] ✓ Updated: 45.27 → 45.35 (CHANGED)
[2025-12-12 00:30:03]   [emp_id: 4340] ✓ Updated: 124.27 → 124.35 (CHANGED)
[2025-12-12 00:30:03]   [emp_id: 4365] ✓ Updated: 58.69 → 58.77 (CHANGED)
[2025-12-12 00:30:03]   [emp_id: 4366] ✓ Updated: 57.77 → 57.85 (CHANGED)
[2025-12-12 00:30:03]   [emp_id: 4403] ✓ Updated: 83.6 → 83.68 (CHANGED)
[2025-12-12 00:30:03]   [emp_id: 4438] ✓ Updated: 19.27 → 19.35 (CHANGED)
[2025-12-12 00:30:03]   [emp_id: 4465] ✓ Updated: 11.51 → 11.56 (CHANGED)
[2025-12-12 00:30:03]   [emp_id: 4473] ✓ Updated: 42.85 → 42.93 (CHANGED)
[2025-12-12 00:30:03]   [emp_id: 4474] ✓ Updated: 58.26 → 58.31 (CHANGED)
[2025-12-12 00:30:03]   [emp_id: 4493] ✓ Updated: 161.69 → 161.77 (CHANGED)
[2025-12-12 00:30:03]   [emp_id: 4526] ✓ Updated: 33.94 → 34.02 (CHANGED)
[2025-12-12 00:30:03]   [emp_id: 4528] ✓ Updated: 105.69 → 105.77 (CHANGED)
[2025-12-12 00:30:03]   [emp_id: 4528] ✓ Updated: 105.69 → 105.77 (CHANGED)
[2025-12-12 00:30:03]   [emp_id: 4532] ✓ Updated: 69.01 → 69.06 (CHANGED)
[2025-12-12 00:30:03]   [emp_id: 4533] ✓ Updated: 34.1 → 34.18 (CHANGED)
[2025-12-12 00:30:03]   [emp_id: 4564] ✓ Updated: 24.26 → 24.31 (CHANGED)
[2025-12-12 00:30:03]   [emp_id: 4565] ✓ Updated: 14.01 → 14.06 (CHANGED)
[2025-12-12 00:30:03]   [emp_id: 4567] ✓ Updated: 18.26 → 18.31 (CHANGED)
[2025-12-12 00:30:03]   [emp_id: 4572] ✓ Updated: 57.76 → 57.81 (CHANGED)
[2025-12-12 00:30:03]   [emp_id: 4631] ✓ Updated: 14.01 → 14.06 (CHANGED)
[2025-12-12 00:30:03]   [emp_id: 4655] ✓ Updated: 23.02 → 23.1 (CHANGED)
[2025-12-12 00:30:03]   [emp_id: 4689] ✓ Updated: 20.69 → 20.77 (CHANGED)
[2025-12-12 00:30:03]   [emp_id: 4709] ✓ Updated: 38.27 → 38.35 (CHANGED)
[2025-12-12 00:30:03]   [emp_id: 4717] ✓ Updated: 64.27 → 64.35 (CHANGED)
[2025-12-12 00:30:03]   [emp_id: 4736] ✓ Updated: 26.1 → 26.18 (CHANGED)
[2025-12-12 00:30:03]   [emp_id: 4756] ✓ Updated: 59.9 → 59.95 (CHANGED)
[2025-12-12 00:30:03]   [emp_id: 4768] ✓ Updated: 10.77 → 10.85 (CHANGED)
[2025-12-12 00:30:03]   [emp_id: 4780] ✓ Updated: 64.18 → 64.23 (CHANGED)
[2025-12-12 00:30:03]   [emp_id: 4820] ✓ Updated: 97.1 → 97.18 (CHANGED)
[2025-12-12 00:30:03]   [emp_id: 4825] ✓ Updated: 28.85 → 28.93 (CHANGED)
[2025-12-12 00:30:03]   [emp_id: 4835] ✓ Updated: 46.93 → 46.98 (CHANGED)
[2025-12-12 00:30:03]   [emp_id: 4837] ✓ Updated: 44.17 → 44.22 (CHANGED)
[2025-12-12 00:30:03]   [emp_id: 4838] ✓ Updated: 43.19 → 43.24 (CHANGED)
[2025-12-12 00:30:03]   [emp_id: 4840] ✓ Updated: 44.17 → 44.22 (CHANGED)
[2025-12-12 00:30:03]   [emp_id: 4842] ✓ Updated: 43.41 → 43.46 (CHANGED)
[2025-12-12 00:30:03]   [emp_id: 4843] ✓ Updated: 43.94 → 43.99 (CHANGED)
[2025-12-12 00:30:03]   [emp_id: 4853] ✓ Updated: 87.76 → 87.81 (CHANGED)
[2025-12-12 00:30:03]   [emp_id: 4856] ✓ Updated: 41.08 → 41.13 (CHANGED)
[2025-12-12 00:30:03]   [emp_id: 4857] ✓ Updated: 23.9 → 23.95 (CHANGED)
[2025-12-12 00:30:03]   [emp_id: 4858] ✓ Updated: 20.78 → 20.83 (CHANGED)
[2025-12-12 00:30:03]   [emp_id: 4859] ✓ Updated: 42.25 → 42.3 (CHANGED)
[2025-12-12 00:30:03]   [emp_id: 4860] ✓ Updated: 6.75 → 6.8 (CHANGED)
[2025-12-12 00:30:03]   [emp_id: 4861] ✓ Updated: 40.21 → 40.26 (CHANGED)
[2025-12-12 00:30:03]   [emp_id: 4869] ✓ Updated: 83.09 → 83.14 (CHANGED)
[2025-12-12 00:30:03]   [emp_id: 4894] ✓ Updated: 5.77 → 5.85 (CHANGED)
[2025-12-12 00:30:03]   [emp_id: 4897] ✓ Updated: 21.99 → 22.04 (CHANGED)
[2025-12-12 00:30:03]   [emp_id: 4899] ✓ Updated: 18.16 → 18.21 (CHANGED)
[2025-12-12 00:30:03]   [emp_id: 4902] ✓ Updated: 17.58 → 17.63 (CHANGED)
[2025-12-12 00:30:03]   [emp_id: 4903] ✓ Updated: 19.8 → 19.85 (CHANGED)
[2025-12-12 00:30:03]   [emp_id: 4905] ✓ Updated: 18.46 → 18.51 (CHANGED)
[2025-12-12 00:30:03]   [emp_id: 4907] ✓ Updated: 45.85 → 45.93 (CHANGED)
[2025-12-12 00:30:03]   [emp_id: 4917] ✓ Updated: 15.42 → 15.47 (CHANGED)
[2025-12-12 00:30:03]   [emp_id: 4918] ✓ Updated: 5.19 → 5.24 (CHANGED)
[2025-12-12 00:30:04]   [emp_id: 4919] ✓ Updated: 57.48 → 57.53 (CHANGED)
[2025-12-12 00:30:04]   [emp_id: 4920] ✓ Updated: 57.31 → 57.36 (CHANGED)
[2025-12-12 00:30:04]   [emp_id: 4921] ✓ Updated: 16.65 → 16.7 (CHANGED)
[2025-12-12 00:30:04]   [emp_id: 4927] ✓ Updated: 15.48 → 15.53 (CHANGED)
[2025-12-12 00:30:04]   [emp_id: 4929] ✓ Updated: 17 → 17.05 (CHANGED)
[2025-12-12 00:30:04]   [emp_id: 4930] ✓ Updated: 57.77 → 57.82 (CHANGED)
[2025-12-12 00:30:04]   [emp_id: 4932] ✓ Updated: 15.77 → 15.82 (CHANGED)
[2025-12-12 00:30:04]   [emp_id: 4933] ✓ Updated: 19.18 → 19.23 (CHANGED)
[2025-12-12 00:30:04]   [emp_id: 4949] ✓ Updated: 34.61 → 34.66 (CHANGED)
[2025-12-12 00:30:04]   [emp_id: 4956] ✓ Updated: 28.2 → 28.25 (CHANGED)
[2025-12-12 00:30:04]   [emp_id: 4957] ✓ Updated: 28.87 → 28.92 (CHANGED)
[2025-12-12 00:30:04]   [emp_id: 4962] ✓ Updated: 52.1 → 52.18 (CHANGED)
[2025-12-12 00:30:04]   [emp_id: 4969] ✓ Updated: 44.52 → 44.6 (CHANGED)
[2025-12-12 00:30:04]   [emp_id: 4976] ✓ Updated: 8.89 → 8.94 (CHANGED)
[2025-12-12 00:30:04]   [emp_id: 4984] ✓ Updated: 35.77 → 35.85 (CHANGED)
[2025-12-12 00:30:04]   [emp_id: 4995] ✓ Updated: 47.84 → 47.92 (CHANGED)
[2025-12-12 00:30:04]   [emp_id: 5004] ✓ Updated: 44.57 → 44.62 (CHANGED)
[2025-12-12 00:30:04]   [emp_id: 5006] ✓ Updated: 25.57 → 25.62 (CHANGED)
[2025-12-12 00:30:04]   [emp_id: 5011] ✓ Updated: 11.44 → 11.52 (CHANGED)
[2025-12-12 00:30:04]   [emp_id: 5013] ✓ Updated: 65.94 → 65.99 (CHANGED)
[2025-12-12 00:30:04]   [emp_id: 5018] ✓ Updated: 20.18 → 20.23 (CHANGED)
[2025-12-12 00:30:04]   [emp_id: 5021] ✓ Updated: 62.95 → 63.03 (CHANGED)
[2025-12-12 00:30:04]   [emp_id: 5021] ✓ Updated: 62.95 → 63.03 (CHANGED)
[2025-12-12 00:30:04]   [emp_id: 5024] ✓ Updated: 0.45 → 0.5 (CHANGED)
[2025-12-12 00:30:04]   [emp_id: 5030] ✓ Updated: 30.4 → 30.45 (CHANGED)
[2025-12-12 00:30:04]   [emp_id: 5033] ✓ Updated: 21.2 → 21.25 (CHANGED)
[2025-12-12 00:30:04]   [emp_id: 5043] ✓ Updated: 28.44 → 28.52 (CHANGED)
[2025-12-12 00:30:04]   [emp_id: 5045] ✓ Updated: 24.94 → 25.02 (CHANGED)
[2025-12-12 00:30:04]   [emp_id: 5046] ✓ Updated: 20.13 → 20.21 (CHANGED)
[2025-12-12 00:30:04]   [emp_id: 5049] ✓ Updated: 37.88 → 37.93 (CHANGED)
[2025-12-12 00:30:04]   [emp_id: 5052] ✓ Updated: 29.16 → 29.21 (CHANGED)
[2025-12-12 00:30:04]   [emp_id: 5055] ✓ Updated: 36.35 → 36.4 (CHANGED)
[2025-12-12 00:30:04]   [emp_id: 5058] ✓ Updated: 26.58 → 26.63 (CHANGED)
[2025-12-12 00:30:04]   [emp_id: 5062] ✓ Updated: 38.41 → 38.46 (CHANGED)
[2025-12-12 00:30:04]   [emp_id: 5064] ✓ Updated: 115.77 → 115.85 (CHANGED)
[2025-12-12 00:30:04]   [emp_id: 5065] ✓ Updated: 37.82 → 37.87 (CHANGED)
[2025-12-12 00:30:04]   [emp_id: 5071] ✓ Updated: 21.27 → 21.35 (CHANGED)
[2025-12-12 00:30:04]   [emp_id: 5073] ✓ Updated: 12.42 → 12.47 (CHANGED)
[2025-12-12 00:30:04]   [emp_id: 5079] ✓ Updated: 32.98 → 33.03 (CHANGED)
[2025-12-12 00:30:04]   [emp_id: 5080] ✓ Updated: 30.31 → 30.36 (CHANGED)
[2025-12-12 00:30:04]   [emp_id: 5081] ✓ Updated: 35.31 → 35.36 (CHANGED)
[2025-12-12 00:30:04]   [emp_id: 5087] ✓ Updated: 34.61 → 34.66 (CHANGED)
[2025-12-12 00:30:04]   [emp_id: 5091] ✓ Updated: 74.46 → 74.51 (CHANGED)
[2025-12-12 00:30:04]   [emp_id: 5093] ✓ Updated: 12.44 → 12.52 (CHANGED)
[2025-12-12 00:30:04]   [emp_id: 5095] ✓ Updated: 0 → 0.05 (CHANGED)
[2025-12-12 00:30:04]   [emp_id: 5101] ✓ Updated: 14.52 → 14.6 (CHANGED)
[2025-12-12 00:30:04]   [emp_id: 5107] ✓ Updated: 12.85 → 12.93 (CHANGED)
[2025-12-12 00:30:04]   [emp_id: 5109] ✓ Updated: 10.1 → 10.18 (CHANGED)
[2025-12-12 00:30:04]   [emp_id: 5119] ✓ Updated: 8.27 → 8.35 (CHANGED)
[2025-12-12 00:30:04]   [emp_id: 5122] ✓ Updated: 5.44 → 5.52 (CHANGED)
[2025-12-12 00:30:04]   [emp_id: 5126] ✓ Updated: 25.34 → 25.39 (CHANGED)
[2025-12-12 00:30:04]   [emp_id: 5127] ✓ Updated: 22.13 → 22.18 (CHANGED)
[2025-12-12 00:30:04]   [emp_id: 5128] ✓ Updated: 25.28 → 25.33 (CHANGED)
[2025-12-12 00:30:04]   [emp_id: 5138] ✓ Updated: 64.1 → 64.18 (CHANGED)
[2025-12-12 00:30:04]   [emp_id: 5138] ✓ Updated: 64.1 → 64.18 (CHANGED)
[2025-12-12 00:30:04]   [emp_id: 5141] ✓ Updated: 33.65 → 33.7 (CHANGED)
[2025-12-12 00:30:04]   [emp_id: 5142] ✓ Updated: 12.65 → 12.7 (CHANGED)
[2025-12-12 00:30:04]   [emp_id: 5146] ✓ Updated: 19.65 → 19.7 (CHANGED)
[2025-12-12 00:30:04]   [emp_id: 5147] ✓ Updated: 18.65 → 18.7 (CHANGED)
[2025-12-12 00:30:04]   [emp_id: 5148] ✓ Updated: 24 → 24.05 (CHANGED)
[2025-12-12 00:30:04]   [emp_id: 5149] ✓ Updated: 22.89 → 22.94 (CHANGED)
[2025-12-12 00:30:04]   [emp_id: 5150] ✓ Updated: 22.25 → 22.3 (CHANGED)
[2025-12-12 00:30:04]   [emp_id: 5151] ✓ Updated: 22.07 → 22.12 (CHANGED)
[2025-12-12 00:30:04]   [emp_id: 5152] ✓ Updated: 2.49 → 2.54 (CHANGED)
[2025-12-12 00:30:04]   [emp_id: 5157] ✓ Updated: 22.07 → 22.12 (CHANGED)
[2025-12-12 00:30:04]   [emp_id: 5160] ✓ Updated: 22.07 → 22.12 (CHANGED)
[2025-12-12 00:30:04]   [emp_id: 5163] ✓ Updated: 19.86 → 19.91 (CHANGED)
[2025-12-12 00:30:04]   [emp_id: 5165] ✓ Updated: 28.44 → 28.52 (CHANGED)
[2025-12-12 00:30:04]   [emp_id: 5167] ✓ Updated: 29.01 → 29.06 (CHANGED)
[2025-12-12 00:30:04]   [emp_id: 5168] ✓ Updated: 21.55 → 21.6 (CHANGED)
[2025-12-12 00:30:04]   [emp_id: 5173] ✓ Updated: 23.19 → 23.27 (CHANGED)
[2025-12-12 00:30:04]   [emp_id: 5174] ✓ Updated: 22.01 → 22.06 (CHANGED)
[2025-12-12 00:30:04]   [emp_id: 5181] ✓ Updated: 18.4 → 18.45 (CHANGED)
[2025-12-12 00:30:04]   [emp_id: 5186] ✓ Updated: 23.93 → 23.98 (CHANGED)
[2025-12-12 00:30:04]   [emp_id: 5187] ✓ Updated: 34.93 → 34.98 (CHANGED)
[2025-12-12 00:30:04]   [emp_id: 5204] ✓ Updated: 20.69 → 20.77 (CHANGED)
[2025-12-12 00:30:04]   [emp_id: 5205] ✓ Updated: 11.14 → 11.19 (CHANGED)
[2025-12-12 00:30:04]   [emp_id: 5209] ✓ Updated: 14.14 → 14.19 (CHANGED)
[2025-12-12 00:30:04]   [emp_id: 5213] ✓ Updated: 0.55 → 0.6 (CHANGED)
[2025-12-12 00:30:04]   [emp_id: 5214] ✓ Updated: 14.14 → 14.19 (CHANGED)
[2025-12-12 00:30:04]   [emp_id: 5215] ✓ Updated: 9.14 → 9.19 (CHANGED)
[2025-12-12 00:30:04]   [emp_id: 5217] ✓ Updated: 8.14 → 8.19 (CHANGED)
[2025-12-12 00:30:04]   [emp_id: 5219] ✓ Updated: 12.14 → 12.19 (CHANGED)
[2025-12-12 00:30:04]   [emp_id: 5221] ✓ Updated: 3.51 → 3.56 (CHANGED)
[2025-12-12 00:30:04]   [emp_id: 5224] ✓ Updated: 13.14 → 13.19 (CHANGED)
[2025-12-12 00:30:04]   [emp_id: 5225] ✓ Updated: 7.81 → 7.86 (CHANGED)
[2025-12-12 00:30:04]   [emp_id: 5228] ✓ Updated: 8.14 → 8.19 (CHANGED)
[2025-12-12 00:30:04]   [emp_id: 5229] ✓ Updated: 4.14 → 4.19 (CHANGED)
[2025-12-12 00:30:04]   [emp_id: 5230] ✓ Updated: 14.14 → 14.19 (CHANGED)
[2025-12-12 00:30:04]   [emp_id: 5231] ✓ Updated: 5.14 → 5.19 (CHANGED)
[2025-12-12 00:30:04]   [emp_id: 5232] ✓ Updated: 10.14 → 10.19 (CHANGED)
[2025-12-12 00:30:04]   [emp_id: 5233] ✓ Updated: 3.14 → 3.19 (CHANGED)
[2025-12-12 00:30:04]   [emp_id: 5234] ✓ Updated: 3.14 → 3.19 (CHANGED)
[2025-12-12 00:30:04]   [emp_id: 5235] ✓ Updated: 14.14 → 14.19 (CHANGED)
[2025-12-12 00:30:04]   [emp_id: 5237] ✓ Updated: 14.14 → 14.19 (CHANGED)
[2025-12-12 00:30:04]   [emp_id: 5238] ✓ Updated: 6.76 → 6.81 (CHANGED)
[2025-12-12 00:30:04]   [emp_id: 5239] ✓ Updated: 6.14 → 6.19 (CHANGED)
[2025-12-12 00:30:04]   [emp_id: 5241] ✓ Updated: 4.14 → 4.19 (CHANGED)
[2025-12-12 00:30:04]   [emp_id: 5242] ✓ Updated: 14.14 → 14.19 (CHANGED)
[2025-12-12 00:30:04]   [emp_id: 5243] ✓ Updated: 0.55 → 0.6 (CHANGED)
[2025-12-12 00:30:04]   [emp_id: 5244] ✓ Updated: 3.41 → 3.46 (CHANGED)
[2025-12-12 00:30:04]   [emp_id: 5246] ✓ Updated: 10.14 → 10.19 (CHANGED)
[2025-12-12 00:30:04]   [emp_id: 5253] ✓ Updated: 28.76 → 28.81 (CHANGED)
[2025-12-12 00:30:04]   [emp_id: 5254] ✓ Updated: 10.99 → 11.04 (CHANGED)
[2025-12-12 00:30:04]   [emp_id: 5257] ✓ Updated: 10.7 → 10.75 (CHANGED)
[2025-12-12 00:30:04]   [emp_id: 5259] ✓ Updated: 47.23 → 47.28 (CHANGED)
[2025-12-12 00:30:04]   [emp_id: 5261] ✓ Updated: 48.19 → 48.27 (CHANGED)
[2025-12-12 00:30:04]   [emp_id: 5264] ✓ Updated: 24.71 → 24.76 (CHANGED)
[2025-12-12 00:30:04]   [emp_id: 5266] ✓ Updated: 24.66 → 24.71 (CHANGED)
[2025-12-12 00:30:04]   [emp_id: 5268] ✓ Updated: 7.9 → 7.95 (CHANGED)
[2025-12-12 00:30:04]   [emp_id: 5271] ✓ Updated: 6.56 → 6.61 (CHANGED)
[2025-12-12 00:30:04]   [emp_id: 5272] ✓ Updated: 7.43 → 7.48 (CHANGED)
[2025-12-12 00:30:04]   [emp_id: 5273] ✓ Updated: 25.22 → 25.27 (CHANGED)
[2025-12-12 00:30:04]   [emp_id: 5275] ✓ Updated: 8.25 → 8.3 (CHANGED)
[2025-12-12 00:30:04]   [emp_id: 5276] ✓ Updated: 22.52 → 22.57 (CHANGED)
[2025-12-12 00:30:04]   [emp_id: 5278] ✓ Updated: 6.91 → 6.96 (CHANGED)
[2025-12-12 00:30:04]   [emp_id: 5280] ✓ Updated: 17.31 → 17.36 (CHANGED)
[2025-12-12 00:30:04]   [emp_id: 5282] ✓ Updated: 9.77 → 9.85 (CHANGED)
[2025-12-12 00:30:04]   [emp_id: 5285] ✓ Updated: 27.31 → 27.36 (CHANGED)
[2025-12-12 00:30:04]   [emp_id: 5286] ✓ Updated: 14.31 → 14.36 (CHANGED)
[2025-12-12 00:30:04]   [emp_id: 5287] ✓ Updated: 48.61 → 48.66 (CHANGED)
[2025-12-12 00:30:04]   [emp_id: 5288] ✓ Updated: 37.62 → 37.67 (CHANGED)
[2025-12-12 00:30:04]   [emp_id: 5289] ✓ Updated: 47.16 → 47.21 (CHANGED)
[2025-12-12 00:30:04]   [emp_id: 5290] ✓ Updated: 45.93 → 45.98 (CHANGED)
[2025-12-12 00:30:04]   [emp_id: 5291] ✓ Updated: 3.93 → 3.98 (CHANGED)
[2025-12-12 00:30:04]   [emp_id: 5292] ✓ Updated: 3.87 → 3.92 (CHANGED)
[2025-12-12 00:30:04]   [emp_id: 5293] ✓ Updated: 35.94 → 36.02 (CHANGED)
[2025-12-12 00:30:04]   [emp_id: 5294] ✓ Updated: 5.69 → 5.77 (CHANGED)
[2025-12-12 00:30:04]   [emp_id: 5295] ✓ Updated: 20.11 → 20.16 (CHANGED)
[2025-12-12 00:30:04]   [emp_id: 5296] ✓ Updated: 29.57 → 29.65 (CHANGED)
[2025-12-12 00:30:04]   [emp_id: 5297] ✓ Updated: 44.53 → 44.58 (CHANGED)
[2025-12-12 00:30:04]   [emp_id: 5298] ✓ Updated: 44.53 → 44.58 (CHANGED)
[2025-12-12 00:30:04]   [emp_id: 5299] ✓ Updated: 44.53 → 44.58 (CHANGED)
[2025-12-12 00:30:04]   [emp_id: 5300] ✓ Updated: 44.53 → 44.58 (CHANGED)
[2025-12-12 00:30:04]   [emp_id: 5301] ✓ Updated: 2.35 → 2.4 (CHANGED)
[2025-12-12 00:30:04]   [emp_id: 5303] ✓ Updated: 44.53 → 44.58 (CHANGED)
[2025-12-12 00:30:04]   [emp_id: 5304] ✓ Updated: 44.53 → 44.58 (CHANGED)
[2025-12-12 00:30:04]   [emp_id: 5305] ✓ Updated: 2.53 → 2.58 (CHANGED)
[2025-12-12 00:30:04]   [emp_id: 5306] ✓ Updated: 44.24 → 44.29 (CHANGED)
[2025-12-12 00:30:04]   [emp_id: 5307] ✓ Updated: 44.24 → 44.29 (CHANGED)
[2025-12-12 00:30:04]   [emp_id: 5312] ✓ Updated: 0 → 0.05 (CHANGED)
[2025-12-12 00:30:04]   [emp_id: 5318] ✓ Updated: 24.95 → 25 (CHANGED)
[2025-12-12 00:30:04]   [emp_id: 5325] ✓ Updated: 20.91 → 20.96 (CHANGED)
[2025-12-12 00:30:04]   [emp_id: 5326] ✓ Updated: 41.73 → 41.78 (CHANGED)
[2025-12-12 00:30:04]   [emp_id: 5327] ✓ Updated: 0 → 0.05 (CHANGED)
[2025-12-12 00:30:04]   [emp_id: 5331] ✓ Updated: 20.32 → 20.37 (CHANGED)
[2025-12-12 00:30:04]   [emp_id: 5337] ✓ Updated: 33.6 → 33.68 (CHANGED)
[2025-12-12 00:30:04]   [emp_id: 5339] ✓ Updated: 9.1 → 9.15 (CHANGED)
[2025-12-12 00:30:04]   [emp_id: 5343] ✓ Updated: 43.52 → 43.6 (CHANGED)
[2025-12-12 00:30:04]   [emp_id: 5343] ✓ Updated: 43.52 → 43.6 (CHANGED)
[2025-12-12 00:30:04]   [emp_id: 5345] ✓ Updated: 13.35 → 13.43 (CHANGED)
[2025-12-12 00:30:04]   [emp_id: 5346] ✓ Updated: 37.82 → 37.87 (CHANGED)
[2025-12-12 00:30:04]   [emp_id: 5351] ✓ Updated: 16.76 → 16.81 (CHANGED)
[2025-12-12 00:30:04]   [emp_id: 5352] ✓ Updated: 23.77 → 23.85 (CHANGED)
[2025-12-12 00:30:04]   [emp_id: 5370] ✓ Updated: 14.41 → 14.46 (CHANGED)
[2025-12-12 00:30:04]   [emp_id: 5371] ✓ Updated: 0.08 → 0.16 (CHANGED)
[2025-12-12 00:30:04]   [emp_id: 5376] ✓ Updated: 9.01 → 9.06 (CHANGED)
[2025-12-12 00:30:04]   [emp_id: 5378] ✓ Updated: 21.52 → 21.6 (CHANGED)
[2025-12-12 00:30:04]   [emp_id: 5380] ✓ Updated: 15.42 → 15.47 (CHANGED)
[2025-12-12 00:30:04]   [emp_id: 5381] ✓ Updated: 15.94 → 16.02 (CHANGED)
[2025-12-12 00:30:04]   [emp_id: 5383] ✓ Updated: 14.35 → 14.43 (CHANGED)
[2025-12-12 00:30:04]   [emp_id: 5388] ✓ Updated: 26.2 → 26.25 (CHANGED)
[2025-12-12 00:30:04]   [emp_id: 5392] ✓ Updated: 12.27 → 12.35 (CHANGED)
[2025-12-12 00:30:04]   [emp_id: 5396] ✓ Updated: 27.44 → 27.49 (CHANGED)
[2025-12-12 00:30:04]   [emp_id: 5397] ✓ Updated: 23.65 → 23.7 (CHANGED)
[2025-12-12 00:30:05]   [emp_id: 5401] ✓ Updated: 22.01 → 22.06 (CHANGED)
[2025-12-12 00:30:05]   [emp_id: 5402] ✓ Updated: 22.13 → 22.18 (CHANGED)
[2025-12-12 00:30:05]   [emp_id: 5406] ✓ Updated: 20.85 → 20.9 (CHANGED)
[2025-12-12 00:30:05]   [emp_id: 5407] ✓ Updated: 23.02 → 23.1 (CHANGED)
[2025-12-12 00:30:05]   [emp_id: 5408] ✓ Updated: 20.77 → 20.85 (CHANGED)
[2025-12-12 00:30:05]   [emp_id: 5409] ✓ Updated: 15.19 → 15.24 (CHANGED)
[2025-12-12 00:30:05]   [emp_id: 5413] ✓ Updated: 26.52 → 26.6 (CHANGED)
[2025-12-12 00:30:05]   [emp_id: 5414] ✓ Updated: 26.19 → 26.27 (CHANGED)
[2025-12-12 00:30:05]   [emp_id: 5415] ✓ Updated: 17.02 → 17.1 (CHANGED)
[2025-12-12 00:30:05]   [emp_id: 5418] ✓ Updated: 11.97 → 12.02 (CHANGED)
[2025-12-12 00:30:05]   [emp_id: 5422] ✓ Updated: 18.85 → 18.93 (CHANGED)
[2025-12-12 00:30:05]   [emp_id: 5423] ✓ Updated: 15.44 → 15.52 (CHANGED)
[2025-12-12 00:30:05]   [emp_id: 5423] ✓ Updated: 15.44 → 15.52 (CHANGED)
[2025-12-12 00:30:05]   [emp_id: 5423] ✓ Updated: 15.44 → 15.52 (CHANGED)
[2025-12-12 00:30:05]   [emp_id: 5424] ✓ Updated: 12.8 → 12.85 (CHANGED)
[2025-12-12 00:30:05]   [emp_id: 5425] ✓ Updated: 12.8 → 12.85 (CHANGED)
[2025-12-12 00:30:05]   [emp_id: 5426] ✓ Updated: 4.61 → 4.69 (CHANGED)
[2025-12-12 00:30:05]   [emp_id: 5426] ✓ Updated: 4.61 → 4.69 (CHANGED)
[2025-12-12 00:30:05]   [emp_id: 5427] ✓ Updated: 12.91 → 12.96 (CHANGED)
[2025-12-12 00:30:05]   [emp_id: 5428] ✓ Updated: 12.8 → 12.85 (CHANGED)
[2025-12-12 00:30:05]   [emp_id: 5430] ✓ Updated: 15.85 → 15.93 (CHANGED)
[2025-12-12 00:30:05]   [emp_id: 5431] ✓ Updated: 11.92 → 11.97 (CHANGED)
[2025-12-12 00:30:05]   [emp_id: 5434] ✓ Updated: 11.69 → 11.74 (CHANGED)
[2025-12-12 00:30:05]   [emp_id: 5435] ✓ Updated: 11.63 → 11.68 (CHANGED)
[2025-12-12 00:30:05]   [emp_id: 5436] ✓ Updated: 11.63 → 11.68 (CHANGED)
[2025-12-12 00:30:05]   [emp_id: 5438] ✓ Updated: 13.77 → 13.85 (CHANGED)
[2025-12-12 00:30:05]   [emp_id: 5439] ✓ Updated: 23.27 → 23.35 (CHANGED)
[2025-12-12 00:30:05]   [emp_id: 5442] ✓ Updated: 12.27 → 12.35 (CHANGED)
[2025-12-12 00:30:05]   [emp_id: 5443] ✓ Updated: 7.31 → 7.36 (CHANGED)
[2025-12-12 00:30:05]   [emp_id: 5445] ✓ Updated: 6.09 → 6.14 (CHANGED)
[2025-12-12 00:30:05]   [emp_id: 5446] ✓ Updated: 6.09 → 6.14 (CHANGED)
[2025-12-12 00:30:05]   [emp_id: 5447] ✓ Updated: 6.03 → 6.08 (CHANGED)
[2025-12-12 00:30:05]   [emp_id: 5448] ✓ Updated: 3.8 → 3.88 (CHANGED)
[2025-12-12 00:30:05]   [emp_id: 5449] ✓ Updated: 4.11 → 4.16 (CHANGED)
[2025-12-12 00:30:05]   [emp_id: 5450] ✓ Updated: 4.05 → 4.1 (CHANGED)
[2025-12-12 00:30:05]   [emp_id: 5451] ✓ Updated: 4.05 → 4.1 (CHANGED)
[2025-12-12 00:30:05]   [emp_id: 5454] ✓ Updated: 5.35 → 5.43 (CHANGED)
[2025-12-12 00:30:05]   [emp_id: 5455] ✓ Updated: 3.6 → 3.68 (CHANGED)
[2025-12-12 00:30:05]   [emp_id: 5456] ✓ Updated: 4.6 → 4.68 (CHANGED)
[2025-12-12 00:30:05] 
[2025-12-12 00:30:05] ========== SUMMARY ==========
[2025-12-12 00:30:05] Total employees processed: 439
[2025-12-12 00:30:05] Records updated: 439
[2025-12-12 00:30:05] Balances changed: 439
[2025-12-12 00:30:05] Errors: 0
[2025-12-12 00:30:05] ========== CRON: Vacation Balance Update Completed ==========
[2025-12-12 00:30:05] 
