[2026-01-07 16:13:37] [INFO] === SESSION CHECK START ===
[2026-01-07 16:13:37] [INFO] Page: /view_employee.php
[2026-01-07 16:13:37] [INFO] remember_me cookie exists: YES
[2026-01-07 16:13:37] [INFO] last_activity in session: 1767791014
[2026-01-07 16:13:37] [INFO] current time: 1767791617
[2026-01-07 16:13:37] [INFO] TIMEOUT DETECTED! Elapsed time: 603 seconds
[2026-01-07 16:13:37] [INFO] Timeout duration: 15 seconds
[2026-01-07 16:13:37] [INFO] Is AJAX request: NO
[2026-01-07 16:13:37] [INFO] SESSION TIMEOUT - Cookie set: timeout_return_url=./view_employee.php?emp_id=5430 (secure=true, samesite=Lax)
[2026-01-07 16:13:42] [INFO] === SESSION CHECK START ===
[2026-01-07 16:13:42] [INFO] Page: /dashboard.php
[2026-01-07 16:13:42] [INFO] remember_me cookie exists: YES
[2026-01-07 16:13:42] [INFO] last_activity in session: NOT SET
[2026-01-07 16:13:42] [INFO] current time: 1767791622
[2026-01-07 16:13:42] [INFO] No timeout: last_activity=NOT SET, elapsed=N/A
[2026-01-07 16:13:42] [INFO] Updated last_activity to: 1767791622
[2026-01-07 16:13:54] [INFO] === SESSION CHECK START ===
[2026-01-07 16:13:54] [INFO] Page: /view_employee.php
[2026-01-07 16:13:54] [INFO] remember_me cookie exists: YES
[2026-01-07 16:13:54] [INFO] last_activity in session: 1767791622
[2026-01-07 16:13:54] [INFO] current time: 1767791634
[2026-01-07 16:13:54] [INFO] No timeout: last_activity=1767791622, elapsed=12
[2026-01-07 16:13:54] [INFO] Updated last_activity to: 1767791634
[2026-01-07 16:13:55] [INFO] === SESSION CHECK START ===
[2026-01-07 16:13:55] [INFO] Page: /includes/ajaxFile/ajaxEmployee.php
[2026-01-07 16:13:55] [INFO] remember_me cookie exists: YES
[2026-01-07 16:13:55] [INFO] last_activity in session: 1767791634
[2026-01-07 16:13:55] [INFO] current time: 1767791635
[2026-01-07 16:13:55] [INFO] No timeout: last_activity=1767791634, elapsed=1
[2026-01-07 16:13:55] [INFO] Updated last_activity to: 1767791635
[2026-01-07 16:15:59] [INFO] === SESSION CHECK START ===
[2026-01-07 16:15:59] [INFO] Page: /dashboard.php
[2026-01-07 16:15:59] [INFO] remember_me cookie exists: YES
[2026-01-07 16:15:59] [INFO] last_activity in session: 1767791635
[2026-01-07 16:15:59] [INFO] current time: 1767791759
[2026-01-07 16:15:59] [INFO] TIMEOUT DETECTED! Elapsed time: 124 seconds
[2026-01-07 16:15:59] [INFO] Timeout duration: 15 seconds
[2026-01-07 16:15:59] [INFO] Is AJAX request: NO
[2026-01-07 16:15:59] [INFO] SESSION TIMEOUT - Cookie set: timeout_return_url=./dashboard.php (secure=true, samesite=None)
[2026-01-07 16:16:02] [INFO] === SESSION CHECK START ===
[2026-01-07 16:16:02] [INFO] Page: /dashboard.php
[2026-01-07 16:16:02] [INFO] remember_me cookie exists: YES
[2026-01-07 16:16:02] [INFO] last_activity in session: NOT SET
[2026-01-07 16:16:02] [INFO] current time: 1767791762
[2026-01-07 16:16:02] [INFO] No timeout: last_activity=NOT SET, elapsed=N/A
[2026-01-07 16:16:02] [INFO] Updated last_activity to: 1767791762
[2026-01-07 16:16:05] [INFO] === SESSION CHECK START ===
[2026-01-07 16:16:05] [INFO] Page: /app_seetings.php
[2026-01-07 16:16:05] [INFO] remember_me cookie exists: YES
[2026-01-07 16:16:05] [INFO] last_activity in session: 1767791762
[2026-01-07 16:16:05] [INFO] current time: 1767791765
[2026-01-07 16:16:05] [INFO] No timeout: last_activity=1767791762, elapsed=3
[2026-01-07 16:16:05] [INFO] Updated last_activity to: 1767791765
[2026-01-07 16:16:16] [INFO] === SESSION CHECK START ===
[2026-01-07 16:16:16] [INFO] Page: /app_seetings.php
[2026-01-07 16:16:16] [INFO] remember_me cookie exists: YES
[2026-01-07 16:16:16] [INFO] last_activity in session: 1767791765
[2026-01-07 16:16:16] [INFO] current time: 1767791776
[2026-01-07 16:16:16] [INFO] No timeout: last_activity=1767791765, elapsed=11
[2026-01-07 16:16:16] [INFO] Updated last_activity to: 1767791776
[2026-01-07 16:16:20] [INFO] === SESSION CHECK START ===
[2026-01-07 16:16:20] [INFO] Page: /all_applied_vac.php
[2026-01-07 16:16:20] [INFO] remember_me cookie exists: YES
[2026-01-07 16:16:20] [INFO] last_activity in session: 1767791776
[2026-01-07 16:16:20] [INFO] current time: 1767791780
[2026-01-07 16:16:20] [INFO] No timeout: last_activity=1767791776, elapsed=4
[2026-01-07 16:16:20] [INFO] Updated last_activity to: 1767791780
[2026-01-07 16:16:57] [INFO] === SESSION CHECK START ===
[2026-01-07 16:16:57] [INFO] Page: /all_applied_vac.php
[2026-01-07 16:16:57] [INFO] remember_me cookie exists: YES
[2026-01-07 16:16:57] [INFO] last_activity in session: 1767791037
[2026-01-07 16:16:57] [INFO] current time: 1767791817
[2026-01-07 16:16:57] [INFO] TIMEOUT DETECTED! Elapsed time: 780 seconds
[2026-01-07 16:16:57] [INFO] Timeout duration: 15 seconds
[2026-01-07 16:16:57] [INFO] Is AJAX request: NO
[2026-01-07 16:16:57] [INFO] SESSION TIMEOUT - Cookie set: timeout_return_url=./all_applied_vac.php?status=all&limit=9&search=&page=1 (secure=true, samesite=None)
[2026-01-07 16:17:02] [INFO] === SESSION CHECK START ===
[2026-01-07 16:17:02] [INFO] Page: /dashboard.php
[2026-01-07 16:17:02] [INFO] remember_me cookie exists: YES
[2026-01-07 16:17:02] [INFO] last_activity in session: NOT SET
[2026-01-07 16:17:02] [INFO] current time: 1767791822
[2026-01-07 16:17:02] [INFO] No timeout: last_activity=NOT SET, elapsed=N/A
[2026-01-07 16:17:02] [INFO] Updated last_activity to: 1767791822
[2026-01-07 16:20:47] [INFO] === SESSION CHECK START ===
[2026-01-07 16:20:47] [INFO] Page: /all_applied_vac.php
[2026-01-07 16:20:47] [INFO] remember_me cookie exists: YES
[2026-01-07 16:20:47] [INFO] last_activity in session: 1767791780
[2026-01-07 16:20:47] [INFO] current time: 1767792047
[2026-01-07 16:20:47] [INFO] TIMEOUT DETECTED! Elapsed time: 267 seconds
[2026-01-07 16:20:47] [INFO] Timeout duration: 15 seconds
[2026-01-07 16:20:47] [INFO] Is AJAX request: NO
[2026-01-07 16:20:47] [INFO] SESSION TIMEOUT - Redirecting to login with return_url=./all_applied_vac.php?status=all&limit=9&search=&page=1
[2026-01-07 16:20:47] [INFO] === SESSION CHECK START ===
[2026-01-07 16:20:47] [INFO] Page: /dashboard.php
[2026-01-07 16:20:47] [INFO] remember_me cookie exists: YES
[2026-01-07 16:20:47] [INFO] last_activity in session: NOT SET
[2026-01-07 16:20:47] [INFO] current time: 1767792047
[2026-01-07 16:20:47] [INFO] No timeout: last_activity=NOT SET, elapsed=N/A
[2026-01-07 16:20:47] [INFO] Updated last_activity to: 1767792047
[2026-01-07 16:20:48] [INFO] === SESSION CHECK START ===
[2026-01-07 16:20:48] [INFO] Page: /view_employee.php
[2026-01-07 16:20:48] [INFO] remember_me cookie exists: YES
[2026-01-07 16:20:48] [INFO] last_activity in session: 1767792047
[2026-01-07 16:20:48] [INFO] current time: 1767792048
[2026-01-07 16:20:48] [INFO] No timeout: last_activity=1767792047, elapsed=1
[2026-01-07 16:20:48] [INFO] Updated last_activity to: 1767792048
[2026-01-07 16:20:49] [INFO] === SESSION CHECK START ===
[2026-01-07 16:20:49] [INFO] Page: /includes/ajaxFile/ajaxEmployee.php
[2026-01-07 16:20:49] [INFO] remember_me cookie exists: YES
[2026-01-07 16:20:49] [INFO] last_activity in session: 1767792048
[2026-01-07 16:20:49] [INFO] current time: 1767792049
[2026-01-07 16:20:49] [INFO] No timeout: last_activity=1767792048, elapsed=1
[2026-01-07 16:20:49] [INFO] Updated last_activity to: 1767792049
[2026-01-07 16:21:33] [INFO] === SESSION CHECK START ===
[2026-01-07 16:21:33] [INFO] Page: /view_employee.php
[2026-01-07 16:21:33] [INFO] remember_me cookie exists: YES
[2026-01-07 16:21:33] [INFO] last_activity in session: 1767792049
[2026-01-07 16:21:33] [INFO] current time: 1767792093
[2026-01-07 16:21:33] [INFO] TIMEOUT DETECTED! Elapsed time: 44 seconds
[2026-01-07 16:21:33] [INFO] Timeout duration: 15 seconds
[2026-01-07 16:21:33] [INFO] Is AJAX request: NO
[2026-01-07 16:21:33] [INFO] SESSION TIMEOUT - Redirecting to login with return_url=./view_employee.php?emp_id=5430
[2026-01-07 16:21:33] [INFO] === SESSION CHECK START ===
[2026-01-07 16:21:33] [INFO] Page: /dashboard.php
[2026-01-07 16:21:33] [INFO] remember_me cookie exists: YES
[2026-01-07 16:21:33] [INFO] last_activity in session: NOT SET
[2026-01-07 16:21:33] [INFO] current time: 1767792093
[2026-01-07 16:21:33] [INFO] No timeout: last_activity=NOT SET, elapsed=N/A
[2026-01-07 16:21:33] [INFO] Updated last_activity to: 1767792093
[2026-01-07 16:21:35] [INFO] === SESSION CHECK START ===
[2026-01-07 16:21:35] [INFO] Page: /dashboard.php
[2026-01-07 16:21:35] [INFO] remember_me cookie exists: YES
[2026-01-07 16:21:35] [INFO] last_activity in session: 1767792093
[2026-01-07 16:21:35] [INFO] current time: 1767792095
[2026-01-07 16:21:35] [INFO] No timeout: last_activity=1767792093, elapsed=2
[2026-01-07 16:21:35] [INFO] Updated last_activity to: 1767792095
[2026-01-07 16:21:38] [INFO] === SESSION CHECK START ===
[2026-01-07 16:21:38] [INFO] Page: /view_employee.php
[2026-01-07 16:21:38] [INFO] remember_me cookie exists: YES
[2026-01-07 16:21:38] [INFO] last_activity in session: 1767792095
[2026-01-07 16:21:38] [INFO] current time: 1767792098
[2026-01-07 16:21:38] [INFO] No timeout: last_activity=1767792095, elapsed=3
[2026-01-07 16:21:38] [INFO] Updated last_activity to: 1767792098
[2026-01-07 16:21:39] [INFO] === SESSION CHECK START ===
[2026-01-07 16:21:39] [INFO] Page: /includes/ajaxFile/ajaxEmployee.php
[2026-01-07 16:21:39] [INFO] remember_me cookie exists: YES
[2026-01-07 16:21:39] [INFO] last_activity in session: 1767792098
[2026-01-07 16:21:39] [INFO] current time: 1767792099
[2026-01-07 16:21:39] [INFO] No timeout: last_activity=1767792098, elapsed=1
[2026-01-07 16:21:39] [INFO] Updated last_activity to: 1767792099
[2026-01-07 16:26:17] [INFO] === SESSION CHECK START ===
[2026-01-07 16:26:17] [INFO] Page: /view_employee.php
[2026-01-07 16:26:17] [INFO] remember_me cookie exists: YES
[2026-01-07 16:26:17] [INFO] last_activity in session: 1767792099
[2026-01-07 16:26:17] [INFO] current time: 1767792377
[2026-01-07 16:26:17] [INFO] TIMEOUT DETECTED! Elapsed time: 278 seconds
[2026-01-07 16:26:17] [INFO] Timeout duration: 15 seconds
[2026-01-07 16:26:17] [INFO] Is AJAX request: NO
[2026-01-07 16:26:17] [INFO] SESSION TIMEOUT - Showing SweetAlert2 modal with localStorage redirect
[2026-01-07 16:33:51] [INFO] === SESSION CHECK START ===
[2026-01-07 16:33:51] [INFO] Page: /dashboard.php
[2026-01-07 16:33:51] [INFO] remember_me cookie exists: YES
[2026-01-07 16:33:51] [INFO] last_activity in session: NOT SET
[2026-01-07 16:33:51] [INFO] current time: 1767792831
[2026-01-07 16:33:51] [INFO] No timeout: last_activity=NOT SET, elapsed=N/A
[2026-01-07 16:33:51] [INFO] Updated last_activity to: 1767792831
[2026-01-07 16:33:52] [INFO] === SESSION CHECK START ===
[2026-01-07 16:33:52] [INFO] Page: /dashboard.php
[2026-01-07 16:33:52] [INFO] remember_me cookie exists: YES
[2026-01-07 16:33:52] [INFO] last_activity in session: 1767792831
[2026-01-07 16:33:52] [INFO] current time: 1767792832
[2026-01-07 16:33:52] [INFO] No timeout: last_activity=1767792831, elapsed=1
[2026-01-07 16:33:52] [INFO] Updated last_activity to: 1767792832
[2026-01-07 16:36:40] [INFO] === SESSION CHECK START ===
[2026-01-07 16:36:40] [INFO] Page: /dashboard.php
[2026-01-07 16:36:40] [INFO] remember_me cookie exists: YES
[2026-01-07 16:36:40] [INFO] last_activity in session: NOT SET
[2026-01-07 16:36:40] [INFO] current time: 1767793000
[2026-01-07 16:36:40] [INFO] No timeout: last_activity=NOT SET, elapsed=N/A
[2026-01-07 16:36:40] [INFO] Updated last_activity to: 1767793000
[2026-01-07 16:36:42] [INFO] === SESSION CHECK START ===
[2026-01-07 16:36:42] [INFO] Page: /dashboard.php
[2026-01-07 16:36:42] [INFO] remember_me cookie exists: YES
[2026-01-07 16:36:42] [INFO] last_activity in session: 1767793000
[2026-01-07 16:36:42] [INFO] current time: 1767793002
[2026-01-07 16:36:42] [INFO] No timeout: last_activity=1767793000, elapsed=2
[2026-01-07 16:36:42] [INFO] Updated last_activity to: 1767793002
[2026-01-07 16:36:48] [INFO] === SESSION CHECK START ===
[2026-01-07 16:36:48] [INFO] Page: /view_employee.php
[2026-01-07 16:36:48] [INFO] remember_me cookie exists: YES
[2026-01-07 16:36:48] [INFO] last_activity in session: 1767793002
[2026-01-07 16:36:48] [INFO] current time: 1767793008
[2026-01-07 16:36:48] [INFO] No timeout: last_activity=1767793002, elapsed=6
[2026-01-07 16:36:48] [INFO] Updated last_activity to: 1767793008
[2026-01-07 16:36:50] [INFO] === SESSION CHECK START ===
[2026-01-07 16:36:50] [INFO] Page: /includes/ajaxFile/ajaxEmployee.php
[2026-01-07 16:36:50] [INFO] remember_me cookie exists: YES
[2026-01-07 16:36:50] [INFO] last_activity in session: 1767793008
[2026-01-07 16:36:50] [INFO] current time: 1767793010
[2026-01-07 16:36:50] [INFO] No timeout: last_activity=1767793008, elapsed=2
[2026-01-07 16:36:50] [INFO] Updated last_activity to: 1767793010
[2026-01-07 16:38:15] [INFO] === SESSION CHECK START ===
[2026-01-07 16:38:15] [INFO] Page: /view_employee.php
[2026-01-07 16:38:15] [INFO] remember_me cookie exists: YES
[2026-01-07 16:38:15] [INFO] last_activity in session: 1767793010
[2026-01-07 16:38:15] [INFO] current time: 1767793095
[2026-01-07 16:38:15] [INFO] TIMEOUT DETECTED! Elapsed time: 85 seconds
[2026-01-07 16:38:15] [INFO] Timeout duration: 15 seconds
[2026-01-07 16:38:15] [INFO] Is AJAX request: NO
[2026-01-07 16:38:15] [INFO] SESSION TIMEOUT - Using localStorage for return URL: ./view_employee.php?emp_id=5430
[2026-01-07 16:38:22] [INFO] === SESSION CHECK START ===
[2026-01-07 16:38:22] [INFO] Page: /dashboard.php
[2026-01-07 16:38:22] [INFO] remember_me cookie exists: YES
[2026-01-07 16:38:22] [INFO] last_activity in session: NOT SET
[2026-01-07 16:38:22] [INFO] current time: 1767793102
[2026-01-07 16:38:22] [INFO] No timeout: last_activity=NOT SET, elapsed=N/A
[2026-01-07 16:38:22] [INFO] Updated last_activity to: 1767793102
[2026-01-07 16:38:24] [INFO] === SESSION CHECK START ===
[2026-01-07 16:38:24] [INFO] Page: /dashboard.php
[2026-01-07 16:38:24] [INFO] remember_me cookie exists: YES
[2026-01-07 16:38:24] [INFO] last_activity in session: 1767793102
[2026-01-07 16:38:24] [INFO] current time: 1767793104
[2026-01-07 16:38:24] [INFO] No timeout: last_activity=1767793102, elapsed=2
[2026-01-07 16:38:24] [INFO] Updated last_activity to: 1767793104
